2026-08-10 23:51:43.885 - INFO: [1mQLever server v0.5.50-82-g65f84b43, compiled on Mon Aug 10 19:10:29 CEST 2026 using git hash 65f84b4[22m
2026-08-10 23:51:43.885 - INFO: Cleanup of previous index directories after each rebuild enabled (--rebuild-keep-previous-index-dirs original-and-most-recent)
2026-08-10 23:51:43.887 - INFO: The git hash used to build this index was "65f84b4"
2026-08-10 23:51:43.887 - INFO: Reading vocabulary from file /local/data-ssd/stoetzem/dblp/dblp.vocabulary.words ...
2026-08-10 23:51:43.901 - INFO: Done, number of words: 446,944,668
2026-08-10 23:51:43.901 - INFO: Number of words in internal vocabulary (these are also part of the external vocabulary): 446,955
2026-08-10 23:51:43.908 - INFO: Registered PSO permutation: #relations = 6, #blocks = 8,187, #triples = 255,805,025
2026-08-10 23:51:43.932 - INFO: Registered PSO permutation: #relations = 96, #blocks = 51,023, #triples = 1,593,245,022
2026-08-10 23:51:43.935 - INFO: Registered POS permutation: #relations = 6, #blocks = 8,187, #triples = 255,805,025
2026-08-10 23:51:43.959 - INFO: Registered POS permutation: #relations = 96, #blocks = 51,023, #triples = 1,593,245,022
2026-08-10 23:51:43.979 - INFO: Registered OPS permutation: #relations = 345,357,897, #blocks = 42,492, #triples = 1,593,245,022
2026-08-10 23:51:43.999 - INFO: Registered OSP permutation: #relations = 345,357,897, #blocks = 42,492, #triples = 1,593,245,022
2026-08-10 23:51:44.012 - INFO: Registered SPO permutation: #relations = 255,804,614, #blocks = 33,993, #triples = 1,593,245,022
2026-08-10 23:51:44.023 - INFO: Registered SOP permutation: #relations = 255,804,614, #blocks = 33,993, #triples = 1,593,245,022
2026-08-10 23:51:44.023 - INFO: Reading patterns from file /local/data-ssd/stoetzem/dblp/dblp.index.patterns ...
2026-08-10 23:51:44.024 - INFO: Sorting random result tables to estimate the sorting performance of this machine ...
2026-08-10 23:51:51.972 - INFO: Initializing server ...
2026-08-10 23:51:51.972 - INFO: No access token required for restricted API calls
2026-08-10 23:51:51.972 - INFO: The server is ready, listening for requests on port 7026 ...
2026-08-10 23:51:52.155 - INFO: 
2026-08-10 23:51:52.155 - INFO: Request received via POST, content type "application/x-www-form-urlencoded"
2026-08-10 23:51:52.158 - INFO: Processing the following SPARQL query:
# Tier H — size-sweep
# Goal: isolate export cost from query-planning cost. Raise the year bound
# across runs, for example 1970, 1990, 2010, and 2023.
PREFIX dblp: <https://dblp.org/rdf/schema#>

CONSTRUCT { ?s ?p ?o }
WHERE {
  ?s a dblp:Publication ;
     dblp:yearOfPublication ?year ;
     ?p ?o .
  FILTER(?year <= "1970"^^<http://www.w3.org/2001/XMLSchema#gYear>)
}

2026-08-10 23:51:52.158 - INFO: Requested media types of the result are: "text/turtle"
2026-08-10 23:51:52.158 - INFO: CONSTRUCT_REQUEST_STAGE_ENTER name=planning elapsed_us=2,790
2026-08-10 23:51:52.174 - INFO: Query planning done in 18 ms
2026-08-10 23:51:52.174 - INFO: CONSTRUCT_REQUEST_STAGE_ENTER name=response_stream elapsed_us=19,028
2026-08-10 23:51:52.200 - INFO: Result has unknown size (not computed yet)
2026-08-10 23:51:52.200 - INFO: CONSTRUCT_EXPORT_DEDUPLICATOR_CONSTRUCTION_BEGIN mode=none
2026-08-10 23:51:52.200 - INFO: CONSTRUCT_EXPORT_DEDUPLICATOR_CONSTRUCTION_END mode=none enabled=false
2026-08-10 23:51:55.759 - INFO: CONSTRUCT_EXPORT_STAGE_SUMMARY construct_stream_us=3,558,675 setup_us=7 batch_evaluation_us=3,323,021 instantiation_deduplication_us=24,531 batches=482 input_rows=490,650 candidate_triples=490,650 emitted_triples=490,650
2026-08-10 23:51:55.767 - INFO: CONSTRUCT_REQUEST_STAGE_SUMMARY planning_begin_us=2,790 planning_end_us=19,027 planning_us=16,237 response_stream_begin_us=19,028 response_stream_end_us=3,612,311 response_stream_us=3,593,283 root_execution_us=143,116 non_root_stream_us=3,450,167 server_request_us=3,612,311
2026-08-10 23:51:55.767 - INFO: Done processing query and sending result, total time was 3,612 ms
2026-08-10 23:51:55.786 - INFO: 
2026-08-10 23:51:55.786 - INFO: Request received via GET, no content type specified
2026-08-10 23:51:55.786 - INFO: Processing command "cache-stats": get cache statistics
