[2026-10-07T22:01:29Z] PR #264 wikidata turtle_export queries=H-vocab-label-large scenarios=cold,warm reps=3 mode=two binaries layout=ural
[2026-10-07T22:01:29Z] base:    /local/data-ssd/stoetzem/thesis/experiments/runs/internal-rank-best-en-p12/bin/qlever-server-base (d20a4c74ab76e844364eea53a8ac144ea54729c0) args='' form=''
[2026-10-07T22:01:29Z] variant: /local/data-ssd/stoetzem/thesis/experiments/runs/internal-rank-best-en-p12/bin/qlever-server-variant (6770bbf2c7e4a06793c31eff504b9526ac530c96) args='--set-runtime-parameter vocabulary-internal-rank-lookup=true --set-runtime-parameter vocabulary-internal-rank-prefetch-distance=8 --set-runtime-parameter vocabulary-internal-rank-hugepages=false' form=''
[2026-10-07T22:01:29Z] variant2: /local/data-ssd/stoetzem/thesis/experiments/runs/internal-rank-best-en-p12/bin/qlever-server-variant (6770bbf2c7e4a06793c31eff504b9526ac530c96) args='--set-runtime-parameter vocabulary-internal-rank-lookup=true --set-runtime-parameter vocabulary-internal-rank-prefetch-distance=0 --set-runtime-parameter vocabulary-internal-rank-hugepages=false' label='rank-6770bbf2'
Caches dropped successfully (synced, then wrote 1
 to /proc/sys/vm/drop_caches).
fatal: not a git repository (or any parent up to mount point /local)
Stopping at filesystem boundary (GIT_DISCOVERY_ACROSS_FILESYSTEM not set).
fatal: not a git repository (or any parent up to mount point /local)
Stopping at filesystem boundary (GIT_DISCOVERY_ACROSS_FILESYSTEM not set).
fatal: not a git repository (or any parent up to mount point /local)
Stopping at filesystem boundary (GIT_DISCOVERY_ACROSS_FILESYSTEM not set).
fatal: not a git repository (or any parent up to mount point /local)
Stopping at filesystem boundary (GIT_DISCOVERY_ACROSS_FILESYSTEM not set).
fatal: not a git repository (or any parent up to mount point /local)
Stopping at filesystem boundary (GIT_DISCOVERY_ACROSS_FILESYSTEM not set).
rep 1/1: complete export=s e2e=38.471320215s 1302749672 bytes syscr=9912 pread64=9836 io_uring_enter=0 read_bytes=515395584 cpu_s=41.500000
[2026-10-07T22:03:25Z] pr264-H-vocab-label-large-cold-base-r1 done
[2026-10-07T22:04:25Z] !!!!!!!! load gate: load1=16.32 still >= 3 after 60s; running anyway !!!!!!!!
Caches dropped successfully (synced, then wrote 1
 to /proc/sys/vm/drop_caches).
fatal: not a git repository (or any parent up to mount point /local)
Stopping at filesystem boundary (GIT_DISCOVERY_ACROSS_FILESYSTEM not set).
fatal: not a git repository (or any parent up to mount point /local)
Stopping at filesystem boundary (GIT_DISCOVERY_ACROSS_FILESYSTEM not set).
fatal: not a git repository (or any parent up to mount point /local)
Stopping at filesystem boundary (GIT_DISCOVERY_ACROSS_FILESYSTEM not set).
fatal: not a git repository (or any parent up to mount point /local)
Stopping at filesystem boundary (GIT_DISCOVERY_ACROSS_FILESYSTEM not set).
fatal: not a git repository (or any parent up to mount point /local)
Stopping at filesystem boundary (GIT_DISCOVERY_ACROSS_FILESYSTEM not set).
rep 1/1: complete export=s e2e=22.236481520s 1302749672 bytes syscr=9884 pread64=9836 io_uring_enter=0 read_bytes=515399680 cpu_s=25.340000
[2026-10-07T22:05:34Z] pr264-H-vocab-label-large-cold-variant-r1 done
[2026-10-07T22:06:34Z] !!!!!!!! load gate: load1=16.74 still >= 3 after 60s; running anyway !!!!!!!!
Caches dropped successfully (synced, then wrote 1
 to /proc/sys/vm/drop_caches).
fatal: not a git repository (or any parent up to mount point /local)
Stopping at filesystem boundary (GIT_DISCOVERY_ACROSS_FILESYSTEM not set).
fatal: not a git repository (or any parent up to mount point /local)
Stopping at filesystem boundary (GIT_DISCOVERY_ACROSS_FILESYSTEM not set).
fatal: not a git repository (or any parent up to mount point /local)
Stopping at filesystem boundary (GIT_DISCOVERY_ACROSS_FILESYSTEM not set).
fatal: not a git repository (or any parent up to mount point /local)
Stopping at filesystem boundary (GIT_DISCOVERY_ACROSS_FILESYSTEM not set).
fatal: not a git repository (or any parent up to mount point /local)
Stopping at filesystem boundary (GIT_DISCOVERY_ACROSS_FILESYSTEM not set).
rep 1/1: complete export=s e2e=24.998999483s 1302749672 bytes syscr=9888 pread64=9836 io_uring_enter=0 read_bytes=515399680 cpu_s=28.130000
[2026-10-07T22:07:48Z] pr264-H-vocab-label-large-cold-variant2-r1 done
[2026-10-07T22:08:48Z] !!!!!!!! load gate: load1=16.51 still >= 3 after 60s; running anyway !!!!!!!!
Caches dropped successfully (synced, then wrote 1
 to /proc/sys/vm/drop_caches).
fatal: not a git repository (or any parent up to mount point /local)
Stopping at filesystem boundary (GIT_DISCOVERY_ACROSS_FILESYSTEM not set).
fatal: not a git repository (or any parent up to mount point /local)
Stopping at filesystem boundary (GIT_DISCOVERY_ACROSS_FILESYSTEM not set).
fatal: not a git repository (or any parent up to mount point /local)
Stopping at filesystem boundary (GIT_DISCOVERY_ACROSS_FILESYSTEM not set).
fatal: not a git repository (or any parent up to mount point /local)
Stopping at filesystem boundary (GIT_DISCOVERY_ACROSS_FILESYSTEM not set).
fatal: not a git repository (or any parent up to mount point /local)
Stopping at filesystem boundary (GIT_DISCOVERY_ACROSS_FILESYSTEM not set).
rep 1/1: complete export=s e2e=24.534847373s 1302749672 bytes syscr=9884 pread64=9836 io_uring_enter=0 read_bytes=515399680 cpu_s=27.610000
[2026-10-07T22:10:03Z] pr264-H-vocab-label-large-cold-variant2-r2 done
[2026-10-07T22:11:03Z] !!!!!!!! load gate: load1=17.46 still >= 3 after 60s; running anyway !!!!!!!!
Caches dropped successfully (synced, then wrote 1
 to /proc/sys/vm/drop_caches).
fatal: not a git repository (or any parent up to mount point /local)
Stopping at filesystem boundary (GIT_DISCOVERY_ACROSS_FILESYSTEM not set).
fatal: not a git repository (or any parent up to mount point /local)
Stopping at filesystem boundary (GIT_DISCOVERY_ACROSS_FILESYSTEM not set).
fatal: not a git repository (or any parent up to mount point /local)
Stopping at filesystem boundary (GIT_DISCOVERY_ACROSS_FILESYSTEM not set).
fatal: not a git repository (or any parent up to mount point /local)
Stopping at filesystem boundary (GIT_DISCOVERY_ACROSS_FILESYSTEM not set).
fatal: not a git repository (or any parent up to mount point /local)
Stopping at filesystem boundary (GIT_DISCOVERY_ACROSS_FILESYSTEM not set).
rep 1/1: complete export=s e2e=20.655604795s 1302749672 bytes syscr=9880 pread64=9836 io_uring_enter=0 read_bytes=515399680 cpu_s=23.800000
[2026-10-07T22:12:12Z] pr264-H-vocab-label-large-cold-variant-r2 done
[2026-10-07T22:13:12Z] !!!!!!!! load gate: load1=17.58 still >= 3 after 60s; running anyway !!!!!!!!
Caches dropped successfully (synced, then wrote 1
 to /proc/sys/vm/drop_caches).
fatal: not a git repository (or any parent up to mount point /local)
Stopping at filesystem boundary (GIT_DISCOVERY_ACROSS_FILESYSTEM not set).
fatal: not a git repository (or any parent up to mount point /local)
Stopping at filesystem boundary (GIT_DISCOVERY_ACROSS_FILESYSTEM not set).
fatal: not a git repository (or any parent up to mount point /local)
Stopping at filesystem boundary (GIT_DISCOVERY_ACROSS_FILESYSTEM not set).
fatal: not a git repository (or any parent up to mount point /local)
Stopping at filesystem boundary (GIT_DISCOVERY_ACROSS_FILESYSTEM not set).
fatal: not a git repository (or any parent up to mount point /local)
Stopping at filesystem boundary (GIT_DISCOVERY_ACROSS_FILESYSTEM not set).
rep 1/1: complete export=s e2e=38.660042914s 1302749672 bytes syscr=9916 pread64=9836 io_uring_enter=0 read_bytes=515395584 cpu_s=41.770000
[2026-10-07T22:14:36Z] pr264-H-vocab-label-large-cold-base-r2 done
[2026-10-07T22:15:36Z] !!!!!!!! load gate: load1=17.53 still >= 3 after 60s; running anyway !!!!!!!!
Caches dropped successfully (synced, then wrote 1
 to /proc/sys/vm/drop_caches).
fatal: not a git repository (or any parent up to mount point /local)
Stopping at filesystem boundary (GIT_DISCOVERY_ACROSS_FILESYSTEM not set).
fatal: not a git repository (or any parent up to mount point /local)
Stopping at filesystem boundary (GIT_DISCOVERY_ACROSS_FILESYSTEM not set).
fatal: not a git repository (or any parent up to mount point /local)
Stopping at filesystem boundary (GIT_DISCOVERY_ACROSS_FILESYSTEM not set).
fatal: not a git repository (or any parent up to mount point /local)
Stopping at filesystem boundary (GIT_DISCOVERY_ACROSS_FILESYSTEM not set).
fatal: not a git repository (or any parent up to mount point /local)
Stopping at filesystem boundary (GIT_DISCOVERY_ACROSS_FILESYSTEM not set).
rep 1/1: complete export=s e2e=38.930811452s 1302749672 bytes syscr=9916 pread64=9836 io_uring_enter=0 read_bytes=515395584 cpu_s=42.110000
[2026-10-07T22:17:00Z] pr264-H-vocab-label-large-cold-base-r3 done
[2026-10-07T22:18:00Z] !!!!!!!! load gate: load1=17.59 still >= 3 after 60s; running anyway !!!!!!!!
Caches dropped successfully (synced, then wrote 1
 to /proc/sys/vm/drop_caches).
fatal: not a git repository (or any parent up to mount point /local)
Stopping at filesystem boundary (GIT_DISCOVERY_ACROSS_FILESYSTEM not set).
fatal: not a git repository (or any parent up to mount point /local)
Stopping at filesystem boundary (GIT_DISCOVERY_ACROSS_FILESYSTEM not set).
fatal: not a git repository (or any parent up to mount point /local)
Stopping at filesystem boundary (GIT_DISCOVERY_ACROSS_FILESYSTEM not set).
fatal: not a git repository (or any parent up to mount point /local)
Stopping at filesystem boundary (GIT_DISCOVERY_ACROSS_FILESYSTEM not set).
fatal: not a git repository (or any parent up to mount point /local)
Stopping at filesystem boundary (GIT_DISCOVERY_ACROSS_FILESYSTEM not set).
rep 1/1: complete export=s e2e=21.534864836s 1302749672 bytes syscr=9880 pread64=9836 io_uring_enter=0 read_bytes=515399680 cpu_s=24.580000
[2026-10-07T22:19:09Z] pr264-H-vocab-label-large-cold-variant-r3 done
[2026-10-07T22:20:09Z] !!!!!!!! load gate: load1=17.90 still >= 3 after 60s; running anyway !!!!!!!!
Caches dropped successfully (synced, then wrote 1
 to /proc/sys/vm/drop_caches).
fatal: not a git repository (or any parent up to mount point /local)
Stopping at filesystem boundary (GIT_DISCOVERY_ACROSS_FILESYSTEM not set).
fatal: not a git repository (or any parent up to mount point /local)
Stopping at filesystem boundary (GIT_DISCOVERY_ACROSS_FILESYSTEM not set).
fatal: not a git repository (or any parent up to mount point /local)
Stopping at filesystem boundary (GIT_DISCOVERY_ACROSS_FILESYSTEM not set).
fatal: not a git repository (or any parent up to mount point /local)
Stopping at filesystem boundary (GIT_DISCOVERY_ACROSS_FILESYSTEM not set).
fatal: not a git repository (or any parent up to mount point /local)
Stopping at filesystem boundary (GIT_DISCOVERY_ACROSS_FILESYSTEM not set).
rep 1/1: complete export=s e2e=24.588413023s 1302749672 bytes syscr=9888 pread64=9836 io_uring_enter=0 read_bytes=515399680 cpu_s=27.620000
[2026-10-07T22:21:23Z] pr264-H-vocab-label-large-cold-variant2-r3 done
[2026-10-07T22:22:23Z] !!!!!!!! load gate: load1=17.55 still >= 3 after 60s; running anyway !!!!!!!!
fatal: not a git repository (or any parent up to mount point /local)
Stopping at filesystem boundary (GIT_DISCOVERY_ACROSS_FILESYSTEM not set).
fatal: not a git repository (or any parent up to mount point /local)
Stopping at filesystem boundary (GIT_DISCOVERY_ACROSS_FILESYSTEM not set).
fatal: not a git repository (or any parent up to mount point /local)
Stopping at filesystem boundary (GIT_DISCOVERY_ACROSS_FILESYSTEM not set).
fatal: not a git repository (or any parent up to mount point /local)
Stopping at filesystem boundary (GIT_DISCOVERY_ACROSS_FILESYSTEM not set).
fatal: not a git repository (or any parent up to mount point /local)
Stopping at filesystem boundary (GIT_DISCOVERY_ACROSS_FILESYSTEM not set).
rep 1/1: complete export=s e2e=39.305919420s 1302749672 bytes syscr=9916 pread64=9836 io_uring_enter=0 read_bytes=0 cpu_s=42.380000
[2026-10-07T22:24:26Z] pr264-H-vocab-label-large-warm-base-r1 done
[2026-10-07T22:25:26Z] !!!!!!!! load gate: load1=16.27 still >= 3 after 60s; running anyway !!!!!!!!
fatal: not a git repository (or any parent up to mount point /local)
Stopping at filesystem boundary (GIT_DISCOVERY_ACROSS_FILESYSTEM not set).
fatal: not a git repository (or any parent up to mount point /local)
Stopping at filesystem boundary (GIT_DISCOVERY_ACROSS_FILESYSTEM not set).
fatal: not a git repository (or any parent up to mount point /local)
Stopping at filesystem boundary (GIT_DISCOVERY_ACROSS_FILESYSTEM not set).
fatal: not a git repository (or any parent up to mount point /local)
Stopping at filesystem boundary (GIT_DISCOVERY_ACROSS_FILESYSTEM not set).
fatal: not a git repository (or any parent up to mount point /local)
Stopping at filesystem boundary (GIT_DISCOVERY_ACROSS_FILESYSTEM not set).
rep 1/1: complete export=s e2e=16.517184033s 1302749672 bytes syscr=9872 pread64=9836 io_uring_enter=0 read_bytes=0 cpu_s=19.630000
[2026-10-07T22:26:42Z] pr264-H-vocab-label-large-warm-variant-r1 done
[2026-10-07T22:27:42Z] !!!!!!!! load gate: load1=9.14 still >= 3 after 60s; running anyway !!!!!!!!
fatal: not a git repository (or any parent up to mount point /local)
Stopping at filesystem boundary (GIT_DISCOVERY_ACROSS_FILESYSTEM not set).
fatal: not a git repository (or any parent up to mount point /local)
Stopping at filesystem boundary (GIT_DISCOVERY_ACROSS_FILESYSTEM not set).
fatal: not a git repository (or any parent up to mount point /local)
Stopping at filesystem boundary (GIT_DISCOVERY_ACROSS_FILESYSTEM not set).
fatal: not a git repository (or any parent up to mount point /local)
Stopping at filesystem boundary (GIT_DISCOVERY_ACROSS_FILESYSTEM not set).
fatal: not a git repository (or any parent up to mount point /local)
Stopping at filesystem boundary (GIT_DISCOVERY_ACROSS_FILESYSTEM not set).
rep 1/1: complete export=s e2e=17.654899592s 1302749672 bytes syscr=9872 pread64=9836 io_uring_enter=0 read_bytes=0 cpu_s=20.670000
[2026-10-07T22:28:58Z] pr264-H-vocab-label-large-warm-variant2-r1 done
[2026-10-07T22:29:58Z] !!!!!!!! load gate: load1=6.86 still >= 3 after 60s; running anyway !!!!!!!!
fatal: not a git repository (or any parent up to mount point /local)
Stopping at filesystem boundary (GIT_DISCOVERY_ACROSS_FILESYSTEM not set).
fatal: not a git repository (or any parent up to mount point /local)
Stopping at filesystem boundary (GIT_DISCOVERY_ACROSS_FILESYSTEM not set).
fatal: not a git repository (or any parent up to mount point /local)
Stopping at filesystem boundary (GIT_DISCOVERY_ACROSS_FILESYSTEM not set).
fatal: not a git repository (or any parent up to mount point /local)
Stopping at filesystem boundary (GIT_DISCOVERY_ACROSS_FILESYSTEM not set).
fatal: not a git repository (or any parent up to mount point /local)
Stopping at filesystem boundary (GIT_DISCOVERY_ACROSS_FILESYSTEM not set).
rep 1/1: complete export=s e2e=16.069332709s 1302749672 bytes syscr=9868 pread64=9836 io_uring_enter=0 read_bytes=0 cpu_s=18.860000
[2026-10-07T22:31:09Z] pr264-H-vocab-label-large-warm-variant2-r2 done
[2026-10-07T22:32:09Z] !!!!!!!! load gate: load1=4.02 still >= 3 after 60s; running anyway !!!!!!!!
fatal: not a git repository (or any parent up to mount point /local)
Stopping at filesystem boundary (GIT_DISCOVERY_ACROSS_FILESYSTEM not set).
fatal: not a git repository (or any parent up to mount point /local)
Stopping at filesystem boundary (GIT_DISCOVERY_ACROSS_FILESYSTEM not set).
fatal: not a git repository (or any parent up to mount point /local)
Stopping at filesystem boundary (GIT_DISCOVERY_ACROSS_FILESYSTEM not set).
fatal: not a git repository (or any parent up to mount point /local)
Stopping at filesystem boundary (GIT_DISCOVERY_ACROSS_FILESYSTEM not set).
fatal: not a git repository (or any parent up to mount point /local)
Stopping at filesystem boundary (GIT_DISCOVERY_ACROSS_FILESYSTEM not set).
rep 1/1: complete export=s e2e=13.645710409s 1302749672 bytes syscr=9864 pread64=9836 io_uring_enter=0 read_bytes=0 cpu_s=16.510000
[2026-10-07T22:33:15Z] pr264-H-vocab-label-large-warm-variant-r2 done
fatal: not a git repository (or any parent up to mount point /local)
Stopping at filesystem boundary (GIT_DISCOVERY_ACROSS_FILESYSTEM not set).
fatal: not a git repository (or any parent up to mount point /local)
Stopping at filesystem boundary (GIT_DISCOVERY_ACROSS_FILESYSTEM not set).
fatal: not a git repository (or any parent up to mount point /local)
Stopping at filesystem boundary (GIT_DISCOVERY_ACROSS_FILESYSTEM not set).
fatal: not a git repository (or any parent up to mount point /local)
Stopping at filesystem boundary (GIT_DISCOVERY_ACROSS_FILESYSTEM not set).
fatal: not a git repository (or any parent up to mount point /local)
Stopping at filesystem boundary (GIT_DISCOVERY_ACROSS_FILESYSTEM not set).
rep 1/1: complete export=s e2e=38.460551716s 1302749672 bytes syscr=9916 pread64=9836 io_uring_enter=0 read_bytes=0 cpu_s=41.590000
[2026-10-07T22:35:42Z] pr264-H-vocab-label-large-warm-base-r2 done
[2026-10-07T22:36:42Z] !!!!!!!! load gate: load1=15.47 still >= 3 after 60s; running anyway !!!!!!!!
fatal: not a git repository (or any parent up to mount point /local)
Stopping at filesystem boundary (GIT_DISCOVERY_ACROSS_FILESYSTEM not set).
fatal: not a git repository (or any parent up to mount point /local)
Stopping at filesystem boundary (GIT_DISCOVERY_ACROSS_FILESYSTEM not set).
fatal: not a git repository (or any parent up to mount point /local)
Stopping at filesystem boundary (GIT_DISCOVERY_ACROSS_FILESYSTEM not set).
fatal: not a git repository (or any parent up to mount point /local)
Stopping at filesystem boundary (GIT_DISCOVERY_ACROSS_FILESYSTEM not set).
fatal: not a git repository (or any parent up to mount point /local)
Stopping at filesystem boundary (GIT_DISCOVERY_ACROSS_FILESYSTEM not set).
rep 1/1: complete export=s e2e=38.679106606s 1302749672 bytes syscr=9912 pread64=9836 io_uring_enter=0 read_bytes=0 cpu_s=41.810000
[2026-10-07T22:38:45Z] pr264-H-vocab-label-large-warm-base-r3 done
[2026-10-07T22:39:45Z] !!!!!!!! load gate: load1=16.48 still >= 3 after 60s; running anyway !!!!!!!!
fatal: not a git repository (or any parent up to mount point /local)
Stopping at filesystem boundary (GIT_DISCOVERY_ACROSS_FILESYSTEM not set).
fatal: not a git repository (or any parent up to mount point /local)
Stopping at filesystem boundary (GIT_DISCOVERY_ACROSS_FILESYSTEM not set).
fatal: not a git repository (or any parent up to mount point /local)
Stopping at filesystem boundary (GIT_DISCOVERY_ACROSS_FILESYSTEM not set).
fatal: not a git repository (or any parent up to mount point /local)
Stopping at filesystem boundary (GIT_DISCOVERY_ACROSS_FILESYSTEM not set).
fatal: not a git repository (or any parent up to mount point /local)
Stopping at filesystem boundary (GIT_DISCOVERY_ACROSS_FILESYSTEM not set).
rep 1/1: complete export=s e2e=17.795492737s 1302749672 bytes syscr=9872 pread64=9836 io_uring_enter=0 read_bytes=0 cpu_s=20.910000
[2026-10-07T22:41:06Z] pr264-H-vocab-label-large-warm-variant-r3 done
[2026-10-07T22:42:06Z] !!!!!!!! load gate: load1=7.15 still >= 3 after 60s; running anyway !!!!!!!!
fatal: not a git repository (or any parent up to mount point /local)
Stopping at filesystem boundary (GIT_DISCOVERY_ACROSS_FILESYSTEM not set).
fatal: not a git repository (or any parent up to mount point /local)
Stopping at filesystem boundary (GIT_DISCOVERY_ACROSS_FILESYSTEM not set).
fatal: not a git repository (or any parent up to mount point /local)
Stopping at filesystem boundary (GIT_DISCOVERY_ACROSS_FILESYSTEM not set).
fatal: not a git repository (or any parent up to mount point /local)
Stopping at filesystem boundary (GIT_DISCOVERY_ACROSS_FILESYSTEM not set).
fatal: not a git repository (or any parent up to mount point /local)
Stopping at filesystem boundary (GIT_DISCOVERY_ACROSS_FILESYSTEM not set).
rep 1/1: complete export=s e2e=16.796097537s 1302749672 bytes syscr=9868 pread64=9836 io_uring_enter=0 read_bytes=0 cpu_s=19.990000
[2026-10-07T22:43:13Z] pr264-H-vocab-label-large-warm-variant2-r3 done
fatal: not a git repository (or any parent up to mount point /local)
Stopping at filesystem boundary (GIT_DISCOVERY_ACROSS_FILESYSTEM not set).
fatal: not a git repository (or any parent up to mount point /local)
Stopping at filesystem boundary (GIT_DISCOVERY_ACROSS_FILESYSTEM not set).
fatal: not a git repository (or any parent up to mount point /local)
Stopping at filesystem boundary (GIT_DISCOVERY_ACROSS_FILESYSTEM not set).
fatal: not a git repository (or any parent up to mount point /local)
Stopping at filesystem boundary (GIT_DISCOVERY_ACROSS_FILESYSTEM not set).
fatal: not a git repository (or any parent up to mount point /local)
Stopping at filesystem boundary (GIT_DISCOVERY_ACROSS_FILESYSTEM not set).
rep 1/1: complete export=s e2e=26.011616055s 1302749672 bytes syscr=9892 pread64=9836 io_uring_enter=0 read_bytes=0 cpu_s=28.970000
fatal: not a git repository (or any parent up to mount point /local)
Stopping at filesystem boundary (GIT_DISCOVERY_ACROSS_FILESYSTEM not set).
fatal: not a git repository (or any parent up to mount point /local)
Stopping at filesystem boundary (GIT_DISCOVERY_ACROSS_FILESYSTEM not set).
fatal: not a git repository (or any parent up to mount point /local)
Stopping at filesystem boundary (GIT_DISCOVERY_ACROSS_FILESYSTEM not set).
fatal: not a git repository (or any parent up to mount point /local)
Stopping at filesystem boundary (GIT_DISCOVERY_ACROSS_FILESYSTEM not set).
fatal: not a git repository (or any parent up to mount point /local)
Stopping at filesystem boundary (GIT_DISCOVERY_ACROSS_FILESYSTEM not set).
rep 1/1: complete export=s e2e=12.269870356s 1302749672 bytes syscr=9864 pread64=9836 io_uring_enter=0 read_bytes=0 cpu_s=15.090000
# Three-arm run: one base run, two comparisons

## base vs variant (pf8-6770bbf2)
## PR #264 A/B on wikidata (turtle_export)

- Base: `d20a4c74ab76e844364eea53a8ac144ea54729c0` stack12-22-d20a4c74; server args: `(none)`
- Variant: `6770bbf2c7e4a06793c31eff504b9526ac530c96` pf8-6770bbf2; server args: `--set-runtime-parameter vocabulary-internal-rank-lookup=true --set-runtime-parameter vocabulary-internal-rank-prefetch-distance=8 --set-runtime-parameter vocabulary-internal-rank-hugepages=false`
- Binaries: two binaries; host `ural` (ural layout)
- Server query threads (`--num-simultaneous-queries`): 1
- Reps: 3 per arm, query and scenario; arms interleaved per rep, order alternating (odd reps base first, even reps variant first); cold reps run after `clear-caches`.
- Noise rule: within noise when |delta| < 1% or the min..max ranges overlap.

### Timing (elapsed_s, end to end)

| query | scenario | arm | n | median | min | max | delta vs base | verdict | correctness |
|---|---|---|---|---|---|---|---|---|---|
| H-vocab-label-large | cold | stack12-22-d20a4c74 | 3 | 38.6600 | 38.4713 | 38.9308 |  |  |  |
| H-vocab-label-large | cold | pf8-6770bbf2 | 3 | 21.5349 | 20.6556 | 22.2365 | -44.30% | variant faster | identical bytes |
| H-vocab-label-large | warm | stack12-22-d20a4c74 | 3 | 38.6791 | 38.4606 | 39.3059 |  |  |  |
| H-vocab-label-large | warm | pf8-6770bbf2 | 3 | 16.5172 | 13.6457 | 17.7955 | -57.30% | variant faster | identical bytes |

### Verdict

- H-vocab-label-large cold: variant faster (-44.30%); correctness: identical bytes
- H-vocab-label-large warm: variant faster (-57.30%); correctness: identical bytes

### Gates

- `gate-postflight-cold.log`: == POSTFLIGHT: PASS ==
- `gate-postflight-warm.log`: == POSTFLIGHT: PASS ==
- `gate-preflight-base.log`: == PREFLIGHT: PASS ==
- `gate-preflight-variant.log`: == PREFLIGHT: PASS ==
- `gate-verify-base.log`: VERDICT: PASS — binary is trustworthy for benchmarking
- `gate-verify-variant.log`: VERDICT: PASS — binary is trustworthy for benchmarking

### Problems

None: every rep complete, non-empty and correct.

Artifacts: `results.csv` (all reps), `<scenario>/<query>/<arm>/raw/` (harness output per rep), `correctness.tsv`, `build-env.txt`, `env-before.txt`, `env-after.txt`, `gate-*.log`, `driver.log`.

## base vs variant2 (rank-6770bbf2)
## PR #264 A/B on wikidata (turtle_export)

- Base: `d20a4c74ab76e844364eea53a8ac144ea54729c0` stack12-22-d20a4c74; server args: `(none)`
- Variant: `6770bbf2c7e4a06793c31eff504b9526ac530c96` rank-6770bbf2; server args: `--set-runtime-parameter vocabulary-internal-rank-lookup=true --set-runtime-parameter vocabulary-internal-rank-prefetch-distance=0 --set-runtime-parameter vocabulary-internal-rank-hugepages=false`
- Binaries: two binaries; host `ural` (ural layout)
- Server query threads (`--num-simultaneous-queries`): 1
- Reps: 3 per arm, query and scenario; arms interleaved per rep, order alternating (odd reps base first, even reps variant first); cold reps run after `clear-caches`.
- Noise rule: within noise when |delta| < 1% or the min..max ranges overlap.

### Timing (elapsed_s, end to end)

| query | scenario | arm | n | median | min | max | delta vs base | verdict | correctness |
|---|---|---|---|---|---|---|---|---|---|
| H-vocab-label-large | cold | stack12-22-d20a4c74 | 3 | 38.6600 | 38.4713 | 38.9308 |  |  |  |
| H-vocab-label-large | cold | rank-6770bbf2 | 3 | 24.5884 | 24.5348 | 24.9990 | -36.40% | variant faster | identical bytes |
| H-vocab-label-large | warm | stack12-22-d20a4c74 | 3 | 38.6791 | 38.4606 | 39.3059 |  |  |  |
| H-vocab-label-large | warm | rank-6770bbf2 | 3 | 16.7961 | 16.0693 | 17.6549 | -56.58% | variant faster | identical bytes |

### Verdict

- H-vocab-label-large cold: variant faster (-36.40%); correctness: identical bytes
- H-vocab-label-large warm: variant faster (-56.58%); correctness: identical bytes

### Gates

- `gate-postflight-cold.log`: == POSTFLIGHT: PASS ==
- `gate-postflight-warm.log`: == POSTFLIGHT: PASS ==
- `gate-preflight-base.log`: == PREFLIGHT: PASS ==
- `gate-preflight-variant.log`: == PREFLIGHT: PASS ==
- `gate-verify-base.log`: VERDICT: PASS — binary is trustworthy for benchmarking
- `gate-verify-variant.log`: VERDICT: PASS — binary is trustworthy for benchmarking

### Problems

None: every rep complete, non-empty and correct.

Artifacts: `results.csv` (all reps), `<scenario>/<query>/<arm>/raw/` (harness output per rep), `correctness.tsv`, `build-env.txt`, `env-before.txt`, `env-after.txt`, `gate-*.log`, `driver.log`.
[2026-10-07T22:45:55Z] finished rc=0 run=/local/data-ssd/stoetzem/thesis/experiments/runs/internal-rank-best-en-p12
