2026-10-07 11:09:55.240 - INFO: [1mQLever server CIKM-2803-g52ca007a3, compiled on Tue Oct  6 12:06:43 UTC 2026 using git hash 52ca007[22m
2026-10-07 11:09:55.240 - INFO: Runtime parameter set from the command line: construct-export-row-batch-size=16384
2026-10-07 11:09:55.240 - INFO: Runtime parameter set from the command line: vocabulary-iouring-ring-size=1024
2026-10-07 11:09:55.240 - INFO: Cleanup of previous index directories after each rebuild enabled (--rebuild-keep-previous-index-dirs original-and-most-recent)
2026-10-07 11:09:55.242 - INFO: The git hash used to build this index was "65f84b4"
2026-10-07 11:09:55.242 - INFO: Reading vocabulary from file /local/data-ssd/stoetzem/wikidata/wikidata.vocabulary.words ...
2026-10-07 11:10:11.644 - INFO: Done, number of words: 1,580,300,680
2026-10-07 11:10:11.645 - INFO: Number of words in internal vocabulary (these are also part of the external vocabulary): 777,658,536
2026-10-07 11:10:11.746 - INFO: Registered PSO permutation: #relations = 10,100, #blocks = 225,155, #triples = 6,983,973,847
2026-10-07 11:10:11.873 - INFO: Registered PSO permutation: #relations = 13,566, #blocks = 264,339, #triples = 8,220,417,022
2026-10-07 11:10:11.963 - INFO: Registered POS permutation: #relations = 10,100, #blocks = 225,155, #triples = 6,983,973,847
2026-10-07 11:10:12.091 - INFO: Registered POS permutation: #relations = 13,566, #blocks = 264,339, #triples = 8,220,417,022
2026-10-07 11:10:12.195 - INFO: Registered OPS permutation: #relations = 1,683,253,489, #blocks = 222,728, #triples = 8,220,417,022
2026-10-07 11:10:12.299 - INFO: Registered OSP permutation: #relations = 1,683,253,489, #blocks = 222,728, #triples = 8,220,417,022
2026-10-07 11:10:12.372 - INFO: Registered SPO permutation: #relations = 252,534,289, #blocks = 175,741, #triples = 8,220,417,022
2026-10-07 11:10:12.445 - INFO: Registered SOP permutation: #relations = 252,534,289, #blocks = 175,741, #triples = 8,220,417,022
2026-10-07 11:10:12.446 - INFO: Reading patterns from file /local/data-ssd/stoetzem/wikidata/wikidata.index.patterns ...
2026-10-07 11:10:14.305 - WARN: The geo points of this index use the encoding "lat-major", which is deprecated and will not be supported for much longer; with this encoding, a spatial prefilter on points can only restrict the latitude; please build the index with the default encoding "z-order" (just omit the option `--geo-point-encoding` of `qlever-index`)
2026-10-07 11:10:14.305 - INFO: Sorting random result tables to estimate the sorting performance of this machine ...
2026-10-07 11:10:24.802 - INFO: Initializing server ...
2026-10-07 11:10:24.802 - INFO: No access token required for restricted API calls
2026-10-07 11:10:24.803 - INFO: The server is ready, listening for requests on port 7015 ...
2026-10-07 11:10:25.098 - INFO: 
2026-10-07 11:10:25.098 - INFO: Request received via POST, content type "application/x-www-form-urlencoded"
2026-10-07 11:10:25.102 - INFO: Processing the following SPARQL query:
# Tier H-vocab — German labels, large
# Physical: P+O bound scan of wdt:P31 wd:Q5 (class postings), then
# S+P bound SPO scan of rdfs:label. LANG(?label) maps label IDs to
# strings. CONSTRUCT writes entity IRI + label.
# Targets: large sequential class scan with EXTERNAL vocabulary words.
# German is not in languages-internal (only "en"), so QLever's
# shouldLiteralBeExternalized places every de literal in the external
# tier (src/index/vocabulary/Vocabulary.cpp). Same shape as
# H-vocab-label-large.rq, but every lookup is a guaranteed external
# miss on cold caches.
PREFIX wd: <http://www.wikidata.org/entity/>
PREFIX wdt: <http://www.wikidata.org/prop/direct/>
PREFIX rdfs: <http://www.w3.org/2000/01/rdf-schema#>

CONSTRUCT { ?entity rdfs:label ?label }
WHERE {
  ?entity wdt:P31 wd:Q5 .
  ?entity rdfs:label ?label .
  FILTER(LANG(?label) = "de")
}

2026-10-07 11:10:25.102 - INFO: Requested media types of the result are: "text/turtle"
2026-10-07 11:10:25.125 - INFO: Query planning done in 27 ms
2026-10-07 11:10:25.126 - INFO: Result has unknown size (not computed yet)
2026-10-07 11:10:54.143 - INFO: Done processing query and sending result, total time was 29,044 ms
2026-10-07 11:10:54.165 - INFO: 
2026-10-07 11:10:54.165 - INFO: Request received via GET, no content type specified
2026-10-07 11:10:54.165 - INFO: Processing command "cache-stats": get cache statistics
2026-10-07 11:10:54.190 - INFO: 
2026-10-07 11:10:54.190 - INFO: Request received via GET, no content type specified
2026-10-07 11:10:54.190 - INFO: Processing command "clear-cache": clear the cache (unpinned elements only)
2026-10-07 11:10:54.218 - INFO: 
2026-10-07 11:10:54.218 - INFO: Request received via GET, no content type specified
2026-10-07 11:10:54.218 - INFO: Processing command "cache-stats": get cache statistics
2026-10-07 11:10:54.246 - INFO: 
2026-10-07 11:10:54.246 - INFO: Request received via POST, content type "application/x-www-form-urlencoded"
2026-10-07 11:10:54.246 - INFO: Processing the following SPARQL query:
# Tier H-vocab — German labels, large
# Physical: P+O bound scan of wdt:P31 wd:Q5 (class postings), then
# S+P bound SPO scan of rdfs:label. LANG(?label) maps label IDs to
# strings. CONSTRUCT writes entity IRI + label.
# Targets: large sequential class scan with EXTERNAL vocabulary words.
# German is not in languages-internal (only "en"), so QLever's
# shouldLiteralBeExternalized places every de literal in the external
# tier (src/index/vocabulary/Vocabulary.cpp). Same shape as
# H-vocab-label-large.rq, but every lookup is a guaranteed external
# miss on cold caches.
PREFIX wd: <http://www.wikidata.org/entity/>
PREFIX wdt: <http://www.wikidata.org/prop/direct/>
PREFIX rdfs: <http://www.w3.org/2000/01/rdf-schema#>

CONSTRUCT { ?entity rdfs:label ?label }
WHERE {
  ?entity wdt:P31 wd:Q5 .
  ?entity rdfs:label ?label .
  FILTER(LANG(?label) = "de")
}

2026-10-07 11:10:54.246 - INFO: Requested media types of the result are: "text/turtle"
2026-10-07 11:10:54.247 - INFO: Query planning done in 0 ms
2026-10-07 11:10:54.247 - INFO: Result has unknown size (not computed yet)
2026-10-07 11:11:14.080 - INFO: Done processing query and sending result, total time was 19,834 ms
2026-10-07 11:11:14.109 - INFO: 
2026-10-07 11:11:14.109 - INFO: Request received via GET, no content type specified
2026-10-07 11:11:14.109 - INFO: Processing command "cache-stats": get cache statistics
