[2026-10-07T15:53:50Z] PR #3476 wikidata turtle_export queries=H-vocab-label-large-de A-scatter-disambig-label-de scenarios=cold,warm reps=3 mode=two binaries layout=ural
[2026-10-07T15:53:50Z] base:    /local/data-ssd/stoetzem/thesis/experiments/runs/wave-reap-final-p10-wikidata/timing/bin/qlever-server-base (4dd60f853612dacc4405c713638b1726c6382877) args='' form=''
[2026-10-07T15:53:50Z] variant: /local/data-ssd/stoetzem/thesis/experiments/runs/wave-reap-final-p10-wikidata/timing/bin/qlever-server-variant (77a41c663a28ebfd6453fba1e23902fd94630ff8) args='' form=''
[2026-10-07T15:53:50Z] !!!!!!!! load gate: load1=17.25 still >= 3 after 0s; running anyway !!!!!!!!
Caches dropped successfully (synced, then wrote 1
 to /proc/sys/vm/drop_caches).
fatal: not a git repository (or any parent up to mount point /local)
Stopping at filesystem boundary (GIT_DISCOVERY_ACROSS_FILESYSTEM not set).
fatal: not a git repository (or any parent up to mount point /local)
Stopping at filesystem boundary (GIT_DISCOVERY_ACROSS_FILESYSTEM not set).
fatal: not a git repository (or any parent up to mount point /local)
Stopping at filesystem boundary (GIT_DISCOVERY_ACROSS_FILESYSTEM not set).
fatal: not a git repository (or any parent up to mount point /local)
Stopping at filesystem boundary (GIT_DISCOVERY_ACROSS_FILESYSTEM not set).
fatal: not a git repository (or any parent up to mount point /local)
Stopping at filesystem boundary (GIT_DISCOVERY_ACROSS_FILESYSTEM not set).
rep 1/1: complete export=s e2e=33.902115655s 504927346 bytes syscr=8881602 pread64=2633 io_uring_enter=168298 read_bytes=9446985728 cpu_s=34.490000
[2026-10-07T15:55:06Z] pr3476-H-vocab-label-large-de-cold-base-r1 done
[2026-10-07T15:55:06Z] !!!!!!!! load gate: load1=19.38 still >= 3 after 0s; running anyway !!!!!!!!
Caches dropped successfully (synced, then wrote 1
 to /proc/sys/vm/drop_caches).
fatal: not a git repository (or any parent up to mount point /local)
Stopping at filesystem boundary (GIT_DISCOVERY_ACROSS_FILESYSTEM not set).
fatal: not a git repository (or any parent up to mount point /local)
Stopping at filesystem boundary (GIT_DISCOVERY_ACROSS_FILESYSTEM not set).
fatal: not a git repository (or any parent up to mount point /local)
Stopping at filesystem boundary (GIT_DISCOVERY_ACROSS_FILESYSTEM not set).
fatal: not a git repository (or any parent up to mount point /local)
Stopping at filesystem boundary (GIT_DISCOVERY_ACROSS_FILESYSTEM not set).
fatal: not a git repository (or any parent up to mount point /local)
Stopping at filesystem boundary (GIT_DISCOVERY_ACROSS_FILESYSTEM not set).
rep 1/1: complete export=s e2e=33.813811841s 504927346 bytes syscr=8881602 pread64=2633 io_uring_enter=30275 read_bytes=9443688448 cpu_s=34.450000
[2026-10-07T15:56:23Z] pr3476-H-vocab-label-large-de-cold-variant-r1 done
[2026-10-07T15:56:23Z] !!!!!!!! load gate: load1=19.54 still >= 3 after 0s; running anyway !!!!!!!!
Caches dropped successfully (synced, then wrote 1
 to /proc/sys/vm/drop_caches).
fatal: not a git repository (or any parent up to mount point /local)
Stopping at filesystem boundary (GIT_DISCOVERY_ACROSS_FILESYSTEM not set).
fatal: not a git repository (or any parent up to mount point /local)
Stopping at filesystem boundary (GIT_DISCOVERY_ACROSS_FILESYSTEM not set).
fatal: not a git repository (or any parent up to mount point /local)
Stopping at filesystem boundary (GIT_DISCOVERY_ACROSS_FILESYSTEM not set).
fatal: not a git repository (or any parent up to mount point /local)
Stopping at filesystem boundary (GIT_DISCOVERY_ACROSS_FILESYSTEM not set).
fatal: not a git repository (or any parent up to mount point /local)
Stopping at filesystem boundary (GIT_DISCOVERY_ACROSS_FILESYSTEM not set).
rep 1/1: complete export=s e2e=33.790895869s 504927346 bytes syscr=8881602 pread64=2633 io_uring_enter=30222 read_bytes=9443688448 cpu_s=34.540000
[2026-10-07T15:57:40Z] pr3476-H-vocab-label-large-de-cold-variant-r2 done
[2026-10-07T15:57:40Z] !!!!!!!! load gate: load1=18.94 still >= 3 after 0s; running anyway !!!!!!!!
Caches dropped successfully (synced, then wrote 1
 to /proc/sys/vm/drop_caches).
fatal: not a git repository (or any parent up to mount point /local)
Stopping at filesystem boundary (GIT_DISCOVERY_ACROSS_FILESYSTEM not set).
fatal: not a git repository (or any parent up to mount point /local)
Stopping at filesystem boundary (GIT_DISCOVERY_ACROSS_FILESYSTEM not set).
fatal: not a git repository (or any parent up to mount point /local)
Stopping at filesystem boundary (GIT_DISCOVERY_ACROSS_FILESYSTEM not set).
fatal: not a git repository (or any parent up to mount point /local)
Stopping at filesystem boundary (GIT_DISCOVERY_ACROSS_FILESYSTEM not set).
fatal: not a git repository (or any parent up to mount point /local)
Stopping at filesystem boundary (GIT_DISCOVERY_ACROSS_FILESYSTEM not set).
rep 1/1: complete export=s e2e=34.080372884s 504927346 bytes syscr=8881602 pread64=2633 io_uring_enter=167997 read_bytes=9443688448 cpu_s=34.780000
[2026-10-07T15:58:56Z] pr3476-H-vocab-label-large-de-cold-base-r2 done
[2026-10-07T15:58:56Z] !!!!!!!! load gate: load1=19.44 still >= 3 after 0s; running anyway !!!!!!!!
Caches dropped successfully (synced, then wrote 1
 to /proc/sys/vm/drop_caches).
fatal: not a git repository (or any parent up to mount point /local)
Stopping at filesystem boundary (GIT_DISCOVERY_ACROSS_FILESYSTEM not set).
fatal: not a git repository (or any parent up to mount point /local)
Stopping at filesystem boundary (GIT_DISCOVERY_ACROSS_FILESYSTEM not set).
fatal: not a git repository (or any parent up to mount point /local)
Stopping at filesystem boundary (GIT_DISCOVERY_ACROSS_FILESYSTEM not set).
fatal: not a git repository (or any parent up to mount point /local)
Stopping at filesystem boundary (GIT_DISCOVERY_ACROSS_FILESYSTEM not set).
fatal: not a git repository (or any parent up to mount point /local)
Stopping at filesystem boundary (GIT_DISCOVERY_ACROSS_FILESYSTEM not set).
rep 1/1: complete export=s e2e=34.147335160s 504927346 bytes syscr=8881602 pread64=2633 io_uring_enter=167837 read_bytes=9443688448 cpu_s=34.820000
[2026-10-07T16:00:13Z] pr3476-H-vocab-label-large-de-cold-base-r3 done
[2026-10-07T16:00:13Z] !!!!!!!! load gate: load1=19.71 still >= 3 after 0s; running anyway !!!!!!!!
Caches dropped successfully (synced, then wrote 1
 to /proc/sys/vm/drop_caches).
fatal: not a git repository (or any parent up to mount point /local)
Stopping at filesystem boundary (GIT_DISCOVERY_ACROSS_FILESYSTEM not set).
fatal: not a git repository (or any parent up to mount point /local)
Stopping at filesystem boundary (GIT_DISCOVERY_ACROSS_FILESYSTEM not set).
fatal: not a git repository (or any parent up to mount point /local)
Stopping at filesystem boundary (GIT_DISCOVERY_ACROSS_FILESYSTEM not set).
fatal: not a git repository (or any parent up to mount point /local)
Stopping at filesystem boundary (GIT_DISCOVERY_ACROSS_FILESYSTEM not set).
fatal: not a git repository (or any parent up to mount point /local)
Stopping at filesystem boundary (GIT_DISCOVERY_ACROSS_FILESYSTEM not set).
rep 1/1: complete export=s e2e=34.285688047s 504927346 bytes syscr=8881602 pread64=2633 io_uring_enter=30086 read_bytes=9445036032 cpu_s=34.960000
[2026-10-07T16:01:30Z] pr3476-H-vocab-label-large-de-cold-variant-r3 done
[2026-10-07T16:01:30Z] !!!!!!!! load gate: load1=19.95 still >= 3 after 0s; running anyway !!!!!!!!
fatal: not a git repository (or any parent up to mount point /local)
Stopping at filesystem boundary (GIT_DISCOVERY_ACROSS_FILESYSTEM not set).
fatal: not a git repository (or any parent up to mount point /local)
Stopping at filesystem boundary (GIT_DISCOVERY_ACROSS_FILESYSTEM not set).
fatal: not a git repository (or any parent up to mount point /local)
Stopping at filesystem boundary (GIT_DISCOVERY_ACROSS_FILESYSTEM not set).
fatal: not a git repository (or any parent up to mount point /local)
Stopping at filesystem boundary (GIT_DISCOVERY_ACROSS_FILESYSTEM not set).
fatal: not a git repository (or any parent up to mount point /local)
Stopping at filesystem boundary (GIT_DISCOVERY_ACROSS_FILESYSTEM not set).
rep 1/1: complete export=s e2e=23.425072694s 504927346 bytes syscr=8881582 pread64=2633 io_uring_enter=0 read_bytes=0 cpu_s=24.280000
[2026-10-07T16:03:08Z] pr3476-H-vocab-label-large-de-warm-base-r1 done
[2026-10-07T16:03:08Z] !!!!!!!! load gate: load1=18.18 still >= 3 after 0s; running anyway !!!!!!!!
fatal: not a git repository (or any parent up to mount point /local)
Stopping at filesystem boundary (GIT_DISCOVERY_ACROSS_FILESYSTEM not set).
fatal: not a git repository (or any parent up to mount point /local)
Stopping at filesystem boundary (GIT_DISCOVERY_ACROSS_FILESYSTEM not set).
fatal: not a git repository (or any parent up to mount point /local)
Stopping at filesystem boundary (GIT_DISCOVERY_ACROSS_FILESYSTEM not set).
fatal: not a git repository (or any parent up to mount point /local)
Stopping at filesystem boundary (GIT_DISCOVERY_ACROSS_FILESYSTEM not set).
fatal: not a git repository (or any parent up to mount point /local)
Stopping at filesystem boundary (GIT_DISCOVERY_ACROSS_FILESYSTEM not set).
rep 1/1: complete export=s e2e=21.191043859s 504927346 bytes syscr=8881578 pread64=2633 io_uring_enter=0 read_bytes=0 cpu_s=22.060000
[2026-10-07T16:04:41Z] pr3476-H-vocab-label-large-de-warm-variant-r1 done
[2026-10-07T16:04:41Z] !!!!!!!! load gate: load1=11.86 still >= 3 after 0s; running anyway !!!!!!!!
fatal: not a git repository (or any parent up to mount point /local)
Stopping at filesystem boundary (GIT_DISCOVERY_ACROSS_FILESYSTEM not set).
fatal: not a git repository (or any parent up to mount point /local)
Stopping at filesystem boundary (GIT_DISCOVERY_ACROSS_FILESYSTEM not set).
fatal: not a git repository (or any parent up to mount point /local)
Stopping at filesystem boundary (GIT_DISCOVERY_ACROSS_FILESYSTEM not set).
fatal: not a git repository (or any parent up to mount point /local)
Stopping at filesystem boundary (GIT_DISCOVERY_ACROSS_FILESYSTEM not set).
fatal: not a git repository (or any parent up to mount point /local)
Stopping at filesystem boundary (GIT_DISCOVERY_ACROSS_FILESYSTEM not set).
rep 1/1: complete export=s e2e=20.511500548s 504927346 bytes syscr=8881574 pread64=2633 io_uring_enter=0 read_bytes=0 cpu_s=21.400000
[2026-10-07T16:06:09Z] pr3476-H-vocab-label-large-de-warm-variant-r2 done
[2026-10-07T16:06:09Z] !!!!!!!! load gate: load1=9.43 still >= 3 after 0s; running anyway !!!!!!!!
fatal: not a git repository (or any parent up to mount point /local)
Stopping at filesystem boundary (GIT_DISCOVERY_ACROSS_FILESYSTEM not set).
fatal: not a git repository (or any parent up to mount point /local)
Stopping at filesystem boundary (GIT_DISCOVERY_ACROSS_FILESYSTEM not set).
fatal: not a git repository (or any parent up to mount point /local)
Stopping at filesystem boundary (GIT_DISCOVERY_ACROSS_FILESYSTEM not set).
fatal: not a git repository (or any parent up to mount point /local)
Stopping at filesystem boundary (GIT_DISCOVERY_ACROSS_FILESYSTEM not set).
fatal: not a git repository (or any parent up to mount point /local)
Stopping at filesystem boundary (GIT_DISCOVERY_ACROSS_FILESYSTEM not set).
rep 1/1: complete export=s e2e=19.549918850s 504927346 bytes syscr=8881574 pread64=2633 io_uring_enter=0 read_bytes=0 cpu_s=20.400000
[2026-10-07T16:07:32Z] pr3476-H-vocab-label-large-de-warm-base-r2 done
[2026-10-07T16:07:32Z] !!!!!!!! load gate: load1=6.77 still >= 3 after 0s; running anyway !!!!!!!!
fatal: not a git repository (or any parent up to mount point /local)
Stopping at filesystem boundary (GIT_DISCOVERY_ACROSS_FILESYSTEM not set).
fatal: not a git repository (or any parent up to mount point /local)
Stopping at filesystem boundary (GIT_DISCOVERY_ACROSS_FILESYSTEM not set).
fatal: not a git repository (or any parent up to mount point /local)
Stopping at filesystem boundary (GIT_DISCOVERY_ACROSS_FILESYSTEM not set).
fatal: not a git repository (or any parent up to mount point /local)
Stopping at filesystem boundary (GIT_DISCOVERY_ACROSS_FILESYSTEM not set).
fatal: not a git repository (or any parent up to mount point /local)
Stopping at filesystem boundary (GIT_DISCOVERY_ACROSS_FILESYSTEM not set).
rep 1/1: complete export=s e2e=16.755128316s 504927346 bytes syscr=8881566 pread64=2633 io_uring_enter=0 read_bytes=0 cpu_s=17.590000
[2026-10-07T16:08:49Z] pr3476-H-vocab-label-large-de-warm-base-r3 done
[2026-10-07T16:08:49Z] !!!!!!!! load gate: load1=4.55 still >= 3 after 0s; running anyway !!!!!!!!
fatal: not a git repository (or any parent up to mount point /local)
Stopping at filesystem boundary (GIT_DISCOVERY_ACROSS_FILESYSTEM not set).
fatal: not a git repository (or any parent up to mount point /local)
Stopping at filesystem boundary (GIT_DISCOVERY_ACROSS_FILESYSTEM not set).
fatal: not a git repository (or any parent up to mount point /local)
Stopping at filesystem boundary (GIT_DISCOVERY_ACROSS_FILESYSTEM not set).
fatal: not a git repository (or any parent up to mount point /local)
Stopping at filesystem boundary (GIT_DISCOVERY_ACROSS_FILESYSTEM not set).
fatal: not a git repository (or any parent up to mount point /local)
Stopping at filesystem boundary (GIT_DISCOVERY_ACROSS_FILESYSTEM not set).
rep 1/1: complete export=s e2e=23.574414960s 504927346 bytes syscr=8881582 pread64=2633 io_uring_enter=0 read_bytes=0 cpu_s=24.350000
[2026-10-07T16:10:17Z] pr3476-H-vocab-label-large-de-warm-variant-r3 done
[2026-10-07T16:10:17Z] !!!!!!!! load gate: load1=12.63 still >= 3 after 0s; running anyway !!!!!!!!
Caches dropped successfully (synced, then wrote 1
 to /proc/sys/vm/drop_caches).
fatal: not a git repository (or any parent up to mount point /local)
Stopping at filesystem boundary (GIT_DISCOVERY_ACROSS_FILESYSTEM not set).
fatal: not a git repository (or any parent up to mount point /local)
Stopping at filesystem boundary (GIT_DISCOVERY_ACROSS_FILESYSTEM not set).
fatal: not a git repository (or any parent up to mount point /local)
Stopping at filesystem boundary (GIT_DISCOVERY_ACROSS_FILESYSTEM not set).
fatal: not a git repository (or any parent up to mount point /local)
Stopping at filesystem boundary (GIT_DISCOVERY_ACROSS_FILESYSTEM not set).
fatal: not a git repository (or any parent up to mount point /local)
Stopping at filesystem boundary (GIT_DISCOVERY_ACROSS_FILESYSTEM not set).
rep 1/1: complete export=s e2e=14.132804153s 74413425 bytes syscr=1401205 pread64=1859 io_uring_enter=490461 read_bytes=6826057728 cpu_s=14.460000
[2026-10-07T16:11:12Z] pr3476-A-scatter-disambig-label-de-cold-base-r1 done
[2026-10-07T16:11:12Z] !!!!!!!! load gate: load1=15.20 still >= 3 after 0s; running anyway !!!!!!!!
Caches dropped successfully (synced, then wrote 1
 to /proc/sys/vm/drop_caches).
fatal: not a git repository (or any parent up to mount point /local)
Stopping at filesystem boundary (GIT_DISCOVERY_ACROSS_FILESYSTEM not set).
fatal: not a git repository (or any parent up to mount point /local)
Stopping at filesystem boundary (GIT_DISCOVERY_ACROSS_FILESYSTEM not set).
fatal: not a git repository (or any parent up to mount point /local)
Stopping at filesystem boundary (GIT_DISCOVERY_ACROSS_FILESYSTEM not set).
fatal: not a git repository (or any parent up to mount point /local)
Stopping at filesystem boundary (GIT_DISCOVERY_ACROSS_FILESYSTEM not set).
fatal: not a git repository (or any parent up to mount point /local)
Stopping at filesystem boundary (GIT_DISCOVERY_ACROSS_FILESYSTEM not set).
rep 1/1: complete export=s e2e=13.738801395s 74413425 bytes syscr=1401201 pread64=1859 io_uring_enter=11817 read_bytes=6826045440 cpu_s=14.080000
[2026-10-07T16:12:06Z] pr3476-A-scatter-disambig-label-de-cold-variant-r1 done
[2026-10-07T16:12:06Z] !!!!!!!! load gate: load1=17.18 still >= 3 after 0s; running anyway !!!!!!!!
Caches dropped successfully (synced, then wrote 1
 to /proc/sys/vm/drop_caches).
fatal: not a git repository (or any parent up to mount point /local)
Stopping at filesystem boundary (GIT_DISCOVERY_ACROSS_FILESYSTEM not set).
fatal: not a git repository (or any parent up to mount point /local)
Stopping at filesystem boundary (GIT_DISCOVERY_ACROSS_FILESYSTEM not set).
fatal: not a git repository (or any parent up to mount point /local)
Stopping at filesystem boundary (GIT_DISCOVERY_ACROSS_FILESYSTEM not set).
fatal: not a git repository (or any parent up to mount point /local)
Stopping at filesystem boundary (GIT_DISCOVERY_ACROSS_FILESYSTEM not set).
fatal: not a git repository (or any parent up to mount point /local)
Stopping at filesystem boundary (GIT_DISCOVERY_ACROSS_FILESYSTEM not set).
rep 1/1: complete export=s e2e=13.688784456s 74413425 bytes syscr=1401201 pread64=1859 io_uring_enter=11813 read_bytes=6828933120 cpu_s=14.060000
[2026-10-07T16:13:00Z] pr3476-A-scatter-disambig-label-de-cold-variant-r2 done
[2026-10-07T16:13:00Z] !!!!!!!! load gate: load1=16.88 still >= 3 after 0s; running anyway !!!!!!!!
Caches dropped successfully (synced, then wrote 1
 to /proc/sys/vm/drop_caches).
fatal: not a git repository (or any parent up to mount point /local)
Stopping at filesystem boundary (GIT_DISCOVERY_ACROSS_FILESYSTEM not set).
fatal: not a git repository (or any parent up to mount point /local)
Stopping at filesystem boundary (GIT_DISCOVERY_ACROSS_FILESYSTEM not set).
fatal: not a git repository (or any parent up to mount point /local)
Stopping at filesystem boundary (GIT_DISCOVERY_ACROSS_FILESYSTEM not set).
fatal: not a git repository (or any parent up to mount point /local)
Stopping at filesystem boundary (GIT_DISCOVERY_ACROSS_FILESYSTEM not set).
fatal: not a git repository (or any parent up to mount point /local)
Stopping at filesystem boundary (GIT_DISCOVERY_ACROSS_FILESYSTEM not set).
rep 1/1: complete export=s e2e=13.931695895s 74413425 bytes syscr=1401205 pread64=1859 io_uring_enter=490599 read_bytes=6826049536 cpu_s=14.290000
[2026-10-07T16:13:54Z] pr3476-A-scatter-disambig-label-de-cold-base-r2 done
[2026-10-07T16:13:54Z] !!!!!!!! load gate: load1=17.90 still >= 3 after 0s; running anyway !!!!!!!!
Caches dropped successfully (synced, then wrote 1
 to /proc/sys/vm/drop_caches).
fatal: not a git repository (or any parent up to mount point /local)
Stopping at filesystem boundary (GIT_DISCOVERY_ACROSS_FILESYSTEM not set).
fatal: not a git repository (or any parent up to mount point /local)
Stopping at filesystem boundary (GIT_DISCOVERY_ACROSS_FILESYSTEM not set).
fatal: not a git repository (or any parent up to mount point /local)
Stopping at filesystem boundary (GIT_DISCOVERY_ACROSS_FILESYSTEM not set).
fatal: not a git repository (or any parent up to mount point /local)
Stopping at filesystem boundary (GIT_DISCOVERY_ACROSS_FILESYSTEM not set).
fatal: not a git repository (or any parent up to mount point /local)
Stopping at filesystem boundary (GIT_DISCOVERY_ACROSS_FILESYSTEM not set).
rep 1/1: complete export=s e2e=13.904183284s 74413425 bytes syscr=1401205 pread64=1859 io_uring_enter=490884 read_bytes=6828933120 cpu_s=14.240000
[2026-10-07T16:14:49Z] pr3476-A-scatter-disambig-label-de-cold-base-r3 done
[2026-10-07T16:14:49Z] !!!!!!!! load gate: load1=18.14 still >= 3 after 0s; running anyway !!!!!!!!
Caches dropped successfully (synced, then wrote 1
 to /proc/sys/vm/drop_caches).
fatal: not a git repository (or any parent up to mount point /local)
Stopping at filesystem boundary (GIT_DISCOVERY_ACROSS_FILESYSTEM not set).
fatal: not a git repository (or any parent up to mount point /local)
Stopping at filesystem boundary (GIT_DISCOVERY_ACROSS_FILESYSTEM not set).
fatal: not a git repository (or any parent up to mount point /local)
Stopping at filesystem boundary (GIT_DISCOVERY_ACROSS_FILESYSTEM not set).
fatal: not a git repository (or any parent up to mount point /local)
Stopping at filesystem boundary (GIT_DISCOVERY_ACROSS_FILESYSTEM not set).
fatal: not a git repository (or any parent up to mount point /local)
Stopping at filesystem boundary (GIT_DISCOVERY_ACROSS_FILESYSTEM not set).
rep 1/1: complete export=s e2e=13.575738158s 74413425 bytes syscr=1401205 pread64=1859 io_uring_enter=11832 read_bytes=6826045440 cpu_s=13.920000
[2026-10-07T16:15:43Z] pr3476-A-scatter-disambig-label-de-cold-variant-r3 done
[2026-10-07T16:15:43Z] !!!!!!!! load gate: load1=18.61 still >= 3 after 0s; running anyway !!!!!!!!
fatal: not a git repository (or any parent up to mount point /local)
Stopping at filesystem boundary (GIT_DISCOVERY_ACROSS_FILESYSTEM not set).
fatal: not a git repository (or any parent up to mount point /local)
Stopping at filesystem boundary (GIT_DISCOVERY_ACROSS_FILESYSTEM not set).
fatal: not a git repository (or any parent up to mount point /local)
Stopping at filesystem boundary (GIT_DISCOVERY_ACROSS_FILESYSTEM not set).
fatal: not a git repository (or any parent up to mount point /local)
Stopping at filesystem boundary (GIT_DISCOVERY_ACROSS_FILESYSTEM not set).
fatal: not a git repository (or any parent up to mount point /local)
Stopping at filesystem boundary (GIT_DISCOVERY_ACROSS_FILESYSTEM not set).
rep 1/1: complete export=s e2e=3.218937133s 74413425 bytes syscr=5604732 pread64=7436 io_uring_enter=0 read_bytes=0 cpu_s=14.480000
[2026-10-07T16:16:44Z] pr3476-A-scatter-disambig-label-de-warm-base-r1 done
[2026-10-07T16:16:44Z] !!!!!!!! load gate: load1=12.63 still >= 3 after 0s; running anyway !!!!!!!!
fatal: not a git repository (or any parent up to mount point /local)
Stopping at filesystem boundary (GIT_DISCOVERY_ACROSS_FILESYSTEM not set).
fatal: not a git repository (or any parent up to mount point /local)
Stopping at filesystem boundary (GIT_DISCOVERY_ACROSS_FILESYSTEM not set).
fatal: not a git repository (or any parent up to mount point /local)
Stopping at filesystem boundary (GIT_DISCOVERY_ACROSS_FILESYSTEM not set).
fatal: not a git repository (or any parent up to mount point /local)
Stopping at filesystem boundary (GIT_DISCOVERY_ACROSS_FILESYSTEM not set).
fatal: not a git repository (or any parent up to mount point /local)
Stopping at filesystem boundary (GIT_DISCOVERY_ACROSS_FILESYSTEM not set).
rep 1/1: complete export=s e2e=2.879236803s 74413425 bytes syscr=5604732 pread64=7436 io_uring_enter=0 read_bytes=0 cpu_s=13.010000
[2026-10-07T16:17:39Z] pr3476-A-scatter-disambig-label-de-warm-variant-r1 done
[2026-10-07T16:17:39Z] !!!!!!!! load gate: load1=7.17 still >= 3 after 0s; running anyway !!!!!!!!
fatal: not a git repository (or any parent up to mount point /local)
Stopping at filesystem boundary (GIT_DISCOVERY_ACROSS_FILESYSTEM not set).
fatal: not a git repository (or any parent up to mount point /local)
Stopping at filesystem boundary (GIT_DISCOVERY_ACROSS_FILESYSTEM not set).
fatal: not a git repository (or any parent up to mount point /local)
Stopping at filesystem boundary (GIT_DISCOVERY_ACROSS_FILESYSTEM not set).
fatal: not a git repository (or any parent up to mount point /local)
Stopping at filesystem boundary (GIT_DISCOVERY_ACROSS_FILESYSTEM not set).
fatal: not a git repository (or any parent up to mount point /local)
Stopping at filesystem boundary (GIT_DISCOVERY_ACROSS_FILESYSTEM not set).
rep 1/1: complete export=s e2e=2.839515762s 74413425 bytes syscr=5604732 pread64=7436 io_uring_enter=0 read_bytes=0 cpu_s=12.780000
[2026-10-07T16:18:30Z] pr3476-A-scatter-disambig-label-de-warm-variant-r2 done
[2026-10-07T16:18:30Z] !!!!!!!! load gate: load1=4.71 still >= 3 after 0s; running anyway !!!!!!!!
fatal: not a git repository (or any parent up to mount point /local)
Stopping at filesystem boundary (GIT_DISCOVERY_ACROSS_FILESYSTEM not set).
fatal: not a git repository (or any parent up to mount point /local)
Stopping at filesystem boundary (GIT_DISCOVERY_ACROSS_FILESYSTEM not set).
fatal: not a git repository (or any parent up to mount point /local)
Stopping at filesystem boundary (GIT_DISCOVERY_ACROSS_FILESYSTEM not set).
fatal: not a git repository (or any parent up to mount point /local)
Stopping at filesystem boundary (GIT_DISCOVERY_ACROSS_FILESYSTEM not set).
fatal: not a git repository (or any parent up to mount point /local)
Stopping at filesystem boundary (GIT_DISCOVERY_ACROSS_FILESYSTEM not set).
rep 1/1: complete export=s e2e=3.285534981s 74413425 bytes syscr=5604736 pread64=7436 io_uring_enter=0 read_bytes=0 cpu_s=14.700000
[2026-10-07T16:19:31Z] pr3476-A-scatter-disambig-label-de-warm-base-r2 done
[2026-10-07T16:19:31Z] !!!!!!!! load gate: load1=6.81 still >= 3 after 0s; running anyway !!!!!!!!
fatal: not a git repository (or any parent up to mount point /local)
Stopping at filesystem boundary (GIT_DISCOVERY_ACROSS_FILESYSTEM not set).
fatal: not a git repository (or any parent up to mount point /local)
Stopping at filesystem boundary (GIT_DISCOVERY_ACROSS_FILESYSTEM not set).
fatal: not a git repository (or any parent up to mount point /local)
Stopping at filesystem boundary (GIT_DISCOVERY_ACROSS_FILESYSTEM not set).
fatal: not a git repository (or any parent up to mount point /local)
Stopping at filesystem boundary (GIT_DISCOVERY_ACROSS_FILESYSTEM not set).
fatal: not a git repository (or any parent up to mount point /local)
Stopping at filesystem boundary (GIT_DISCOVERY_ACROSS_FILESYSTEM not set).
rep 1/1: complete export=s e2e=3.023449955s 74413425 bytes syscr=5604736 pread64=7436 io_uring_enter=0 read_bytes=0 cpu_s=13.640000
[2026-10-07T16:20:26Z] pr3476-A-scatter-disambig-label-de-warm-base-r3 done
[2026-10-07T16:20:26Z] !!!!!!!! load gate: load1=4.67 still >= 3 after 0s; running anyway !!!!!!!!
fatal: not a git repository (or any parent up to mount point /local)
Stopping at filesystem boundary (GIT_DISCOVERY_ACROSS_FILESYSTEM not set).
fatal: not a git repository (or any parent up to mount point /local)
Stopping at filesystem boundary (GIT_DISCOVERY_ACROSS_FILESYSTEM not set).
fatal: not a git repository (or any parent up to mount point /local)
Stopping at filesystem boundary (GIT_DISCOVERY_ACROSS_FILESYSTEM not set).
fatal: not a git repository (or any parent up to mount point /local)
Stopping at filesystem boundary (GIT_DISCOVERY_ACROSS_FILESYSTEM not set).
fatal: not a git repository (or any parent up to mount point /local)
Stopping at filesystem boundary (GIT_DISCOVERY_ACROSS_FILESYSTEM not set).
rep 1/1: complete export=s e2e=2.868813618s 74413425 bytes syscr=5604732 pread64=7436 io_uring_enter=0 read_bytes=0 cpu_s=12.980000
[2026-10-07T16:21:17Z] pr3476-A-scatter-disambig-label-de-warm-variant-r3 done
# PR #3476 A/B on wikidata (turtle_export)

- Base: `4dd60f853612dacc4405c713638b1726c6382877` part10-4dd60f85; server args: `(none)`
- Variant: `77a41c663a28ebfd6453fba1e23902fd94630ff8` part10-wave-77a41c66; server args: `(none)`
- Binaries: two binaries; host `ural` (ural layout)
- Server query threads (`--num-simultaneous-queries`): 1
- Reps: 3 per arm, query and scenario; arms interleaved per rep, order alternating (odd reps base first, even reps variant first); cold reps run after `clear-caches`.
- Noise rule: within noise when |delta| < 1% or the min..max ranges overlap.

## Timing (elapsed_s, end to end)

| query | scenario | arm | n | median | min | max | delta vs base | verdict | correctness |
|---|---|---|---|---|---|---|---|---|---|
| H-vocab-label-large-de | cold | part10-4dd60f85 | 3 | 34.0804 | 33.9021 | 34.1473 |  |  |  |
| H-vocab-label-large-de | cold | part10-wave-77a41c66 | 3 | 33.8138 | 33.7909 | 34.2857 | -0.78% | within noise | identical bytes |
| H-vocab-label-large-de | warm | part10-4dd60f85 | 3 | 19.5499 | 16.7551 | 23.4251 |  |  |  |
| H-vocab-label-large-de | warm | part10-wave-77a41c66 | 3 | 21.1910 | 20.5115 | 23.5744 | +8.39% | within noise | identical bytes |
| A-scatter-disambig-label-de | cold | part10-4dd60f85 | 3 | 13.9317 | 13.9042 | 14.1328 |  |  |  |
| A-scatter-disambig-label-de | cold | part10-wave-77a41c66 | 3 | 13.6888 | 13.5757 | 13.7388 | -1.74% | variant faster | identical bytes |
| A-scatter-disambig-label-de | warm | part10-4dd60f85 | 3 | 3.2189 | 3.0234 | 3.2855 |  |  |  |
| A-scatter-disambig-label-de | warm | part10-wave-77a41c66 | 3 | 2.8688 | 2.8395 | 2.8792 | -10.88% | variant faster | identical bytes |

## Verdict

- H-vocab-label-large-de cold: within noise (-0.78%); correctness: identical bytes
- H-vocab-label-large-de warm: within noise (+8.39%); correctness: identical bytes
- A-scatter-disambig-label-de cold: variant faster (-1.74%); correctness: identical bytes
- A-scatter-disambig-label-de warm: variant faster (-10.88%); correctness: identical bytes

## Gates

- `gate-postflight-cold.log`: == POSTFLIGHT: PASS ==
- `gate-postflight-warm.log`: == POSTFLIGHT: PASS ==
- `gate-preflight-base.log`: == PREFLIGHT: PASS ==
- `gate-preflight-variant.log`: == PREFLIGHT: PASS ==
- `gate-verify-base.log`: VERDICT: PASS — binary is trustworthy for benchmarking
- `gate-verify-variant.log`: VERDICT: PASS — binary is trustworthy for benchmarking

## Problems

None: every rep complete, non-empty and correct.

Artifacts: `results.csv` (all reps), `<scenario>/<query>/<arm>/raw/` (harness output per rep), `correctness.tsv`, `build-env.txt`, `env-before.txt`, `env-after.txt`, `gate-*.log`, `driver.log`.
[2026-10-07T16:21:51Z] finished rc=0 run=/local/data-ssd/stoetzem/thesis/experiments/runs/wave-reap-final-p10-wikidata/timing
