[2026-09-16T15:26:51Z] port 7015 free; starting
[2026-09-16T15:27:12Z] run H-size cold rep 1
preflight: qlever-server binary version does not match source commit: source cc7cc74f2, binary /local/data-ssd/stoetzem/wt/master/build/qlever-server v0.6.0-89-g090c76f64
preflight: CPU governors not performance: {'cpu0': 'powersave', 'cpu1': 'powersave', 'cpu10': 'powersave', 'cpu11': 'powersave', 'cpu12': 'powersave', 'cpu13': 'powersave', 'cpu14': 'powersave', 'cpu15': 'powersave', 'cpu2': 'powersave', 'cpu3': 'powersave', 'cpu4': 'powersave', 'cpu5': 'powersave', 'cpu6': 'powersave', 'cpu7': 'powersave', 'cpu8': 'powersave', 'cpu9': 'powersave'}
[2026-09-16T15:27:13Z] done H-size cold rep 1 (harness rc=2)
[2026-09-16T15:27:15Z] run H-size cold rep 2
preflight: qlever-server binary version does not match source commit: source cc7cc74f2, binary /local/data-ssd/stoetzem/wt/master/build/qlever-server v0.6.0-89-g090c76f64
preflight: CPU governors not performance: {'cpu0': 'powersave', 'cpu1': 'powersave', 'cpu10': 'powersave', 'cpu11': 'powersave', 'cpu12': 'powersave', 'cpu13': 'powersave', 'cpu14': 'powersave', 'cpu15': 'powersave', 'cpu2': 'powersave', 'cpu3': 'powersave', 'cpu4': 'powersave', 'cpu5': 'powersave', 'cpu6': 'powersave', 'cpu7': 'powersave', 'cpu8': 'powersave', 'cpu9': 'powersave'}
[2026-09-16T15:27:15Z] done H-size cold rep 2 (harness rc=2)
[2026-09-16T15:27:18Z] run H-size cold rep 3
preflight: qlever-server binary version does not match source commit: source cc7cc74f2, binary /local/data-ssd/stoetzem/wt/master/build/qlever-server v0.6.0-89-g090c76f64
preflight: CPU governors not performance: {'cpu0': 'powersave', 'cpu1': 'powersave', 'cpu10': 'powersave', 'cpu11': 'powersave', 'cpu12': 'powersave', 'cpu13': 'powersave', 'cpu14': 'powersave', 'cpu15': 'powersave', 'cpu2': 'powersave', 'cpu3': 'powersave', 'cpu4': 'powersave', 'cpu5': 'powersave', 'cpu6': 'powersave', 'cpu7': 'powersave', 'cpu8': 'powersave', 'cpu9': 'powersave'}
[2026-09-16T15:27:18Z] done H-size cold rep 3 (harness rc=2)
[2026-09-16T15:27:21Z] run H-size cold rep 4
preflight: qlever-server binary version does not match source commit: source cc7cc74f2, binary /local/data-ssd/stoetzem/wt/master/build/qlever-server v0.6.0-89-g090c76f64
preflight: CPU governors not performance: {'cpu0': 'powersave', 'cpu1': 'powersave', 'cpu10': 'powersave', 'cpu11': 'powersave', 'cpu12': 'powersave', 'cpu13': 'powersave', 'cpu14': 'powersave', 'cpu15': 'powersave', 'cpu2': 'powersave', 'cpu3': 'powersave', 'cpu4': 'powersave', 'cpu5': 'powersave', 'cpu6': 'powersave', 'cpu7': 'powersave', 'cpu8': 'powersave', 'cpu9': 'powersave'}
[2026-09-16T15:27:21Z] done H-size cold rep 4 (harness rc=2)
[2026-09-16T15:27:23Z] run H-size cold rep 5
preflight: qlever-server binary version does not match source commit: source cc7cc74f2, binary /local/data-ssd/stoetzem/wt/master/build/qlever-server v0.6.0-89-g090c76f64
preflight: CPU governors not performance: {'cpu0': 'powersave', 'cpu1': 'powersave', 'cpu10': 'powersave', 'cpu11': 'powersave', 'cpu12': 'powersave', 'cpu13': 'powersave', 'cpu14': 'powersave', 'cpu15': 'powersave', 'cpu2': 'powersave', 'cpu3': 'powersave', 'cpu4': 'powersave', 'cpu5': 'powersave', 'cpu6': 'powersave', 'cpu7': 'powersave', 'cpu8': 'powersave', 'cpu9': 'powersave'}
preflight: 1-minute load average 0.54 >= 0.5
[2026-09-16T15:27:24Z] done H-size cold rep 5 (harness rc=2)
[2026-09-16T15:27:25Z] run H-size warm rep 1
preflight: qlever-server binary version does not match source commit: source cc7cc74f2, binary /local/data-ssd/stoetzem/wt/master/build/qlever-server v0.6.0-89-g090c76f64
preflight: CPU governors not performance: {'cpu0': 'powersave', 'cpu1': 'powersave', 'cpu10': 'powersave', 'cpu11': 'powersave', 'cpu12': 'powersave', 'cpu13': 'powersave', 'cpu14': 'powersave', 'cpu15': 'powersave', 'cpu2': 'powersave', 'cpu3': 'powersave', 'cpu4': 'powersave', 'cpu5': 'powersave', 'cpu6': 'powersave', 'cpu7': 'powersave', 'cpu8': 'powersave', 'cpu9': 'powersave'}
preflight: 1-minute load average 0.54 >= 0.5
[2026-09-16T15:27:25Z] done H-size warm rep 1 (harness rc=2)
[2026-09-16T15:27:26Z] run H-size warm rep 2
preflight: qlever-server binary version does not match source commit: source cc7cc74f2, binary /local/data-ssd/stoetzem/wt/master/build/qlever-server v0.6.0-89-g090c76f64
preflight: CPU governors not performance: {'cpu0': 'powersave', 'cpu1': 'powersave', 'cpu10': 'powersave', 'cpu11': 'powersave', 'cpu12': 'powersave', 'cpu13': 'powersave', 'cpu14': 'powersave', 'cpu15': 'powersave', 'cpu2': 'powersave', 'cpu3': 'powersave', 'cpu4': 'powersave', 'cpu5': 'powersave', 'cpu6': 'powersave', 'cpu7': 'powersave', 'cpu8': 'powersave', 'cpu9': 'powersave'}
preflight: 1-minute load average 0.54 >= 0.5
[2026-09-16T15:27:26Z] done H-size warm rep 2 (harness rc=2)
[2026-09-16T15:27:27Z] run H-size warm rep 3
preflight: qlever-server binary version does not match source commit: source cc7cc74f2, binary /local/data-ssd/stoetzem/wt/master/build/qlever-server v0.6.0-89-g090c76f64
preflight: CPU governors not performance: {'cpu0': 'powersave', 'cpu1': 'powersave', 'cpu10': 'powersave', 'cpu11': 'powersave', 'cpu12': 'powersave', 'cpu13': 'powersave', 'cpu14': 'powersave', 'cpu15': 'powersave', 'cpu2': 'powersave', 'cpu3': 'powersave', 'cpu4': 'powersave', 'cpu5': 'powersave', 'cpu6': 'powersave', 'cpu7': 'powersave', 'cpu8': 'powersave', 'cpu9': 'powersave'}
preflight: 1-minute load average 0.54 >= 0.5
[2026-09-16T15:27:27Z] done H-size warm rep 3 (harness rc=2)
[2026-09-16T15:27:28Z] run H-size warm rep 4
preflight: qlever-server binary version does not match source commit: source cc7cc74f2, binary /local/data-ssd/stoetzem/wt/master/build/qlever-server v0.6.0-89-g090c76f64
preflight: CPU governors not performance: {'cpu0': 'powersave', 'cpu1': 'powersave', 'cpu10': 'powersave', 'cpu11': 'powersave', 'cpu12': 'powersave', 'cpu13': 'powersave', 'cpu14': 'powersave', 'cpu15': 'powersave', 'cpu2': 'powersave', 'cpu3': 'powersave', 'cpu4': 'powersave', 'cpu5': 'powersave', 'cpu6': 'powersave', 'cpu7': 'powersave', 'cpu8': 'powersave', 'cpu9': 'powersave'}
[2026-09-16T15:27:28Z] done H-size warm rep 4 (harness rc=2)
[2026-09-16T15:27:29Z] run H-size warm rep 5
preflight: qlever-server binary version does not match source commit: source cc7cc74f2, binary /local/data-ssd/stoetzem/wt/master/build/qlever-server v0.6.0-89-g090c76f64
preflight: CPU governors not performance: {'cpu0': 'powersave', 'cpu1': 'powersave', 'cpu10': 'powersave', 'cpu11': 'powersave', 'cpu12': 'powersave', 'cpu13': 'powersave', 'cpu14': 'powersave', 'cpu15': 'powersave', 'cpu2': 'powersave', 'cpu3': 'powersave', 'cpu4': 'powersave', 'cpu5': 'powersave', 'cpu6': 'powersave', 'cpu7': 'powersave', 'cpu8': 'powersave', 'cpu9': 'powersave'}
[2026-09-16T15:27:29Z] done H-size warm rep 5 (harness rc=2)
[2026-09-16T15:27:32Z] run H-dedup cold rep 1
preflight: qlever-server binary version does not match source commit: source cc7cc74f2, binary /local/data-ssd/stoetzem/wt/master/build/qlever-server v0.6.0-89-g090c76f64
preflight: CPU governors not performance: {'cpu0': 'powersave', 'cpu1': 'powersave', 'cpu10': 'powersave', 'cpu11': 'powersave', 'cpu12': 'powersave', 'cpu13': 'powersave', 'cpu14': 'powersave', 'cpu15': 'powersave', 'cpu2': 'powersave', 'cpu3': 'powersave', 'cpu4': 'powersave', 'cpu5': 'powersave', 'cpu6': 'powersave', 'cpu7': 'powersave', 'cpu8': 'powersave', 'cpu9': 'powersave'}
[2026-09-16T15:27:32Z] done H-dedup cold rep 1 (harness rc=2)
[2026-09-16T15:27:34Z] run H-dedup cold rep 2
preflight: qlever-server binary version does not match source commit: source cc7cc74f2, binary /local/data-ssd/stoetzem/wt/master/build/qlever-server v0.6.0-89-g090c76f64
preflight: CPU governors not performance: {'cpu0': 'powersave', 'cpu1': 'powersave', 'cpu10': 'powersave', 'cpu11': 'powersave', 'cpu12': 'powersave', 'cpu13': 'powersave', 'cpu14': 'powersave', 'cpu15': 'powersave', 'cpu2': 'powersave', 'cpu3': 'powersave', 'cpu4': 'powersave', 'cpu5': 'powersave', 'cpu6': 'powersave', 'cpu7': 'powersave', 'cpu8': 'powersave', 'cpu9': 'powersave'}
[2026-09-16T15:27:35Z] done H-dedup cold rep 2 (harness rc=2)
[2026-09-16T15:27:37Z] run H-dedup cold rep 3
preflight: qlever-server binary version does not match source commit: source cc7cc74f2, binary /local/data-ssd/stoetzem/wt/master/build/qlever-server v0.6.0-89-g090c76f64
preflight: CPU governors not performance: {'cpu0': 'powersave', 'cpu1': 'powersave', 'cpu10': 'powersave', 'cpu11': 'powersave', 'cpu12': 'powersave', 'cpu13': 'powersave', 'cpu14': 'powersave', 'cpu15': 'powersave', 'cpu2': 'powersave', 'cpu3': 'powersave', 'cpu4': 'powersave', 'cpu5': 'powersave', 'cpu6': 'powersave', 'cpu7': 'powersave', 'cpu8': 'powersave', 'cpu9': 'powersave'}
[2026-09-16T15:27:37Z] done H-dedup cold rep 3 (harness rc=2)
[2026-09-16T15:27:40Z] run H-dedup cold rep 4
preflight: qlever-server binary version does not match source commit: source cc7cc74f2, binary /local/data-ssd/stoetzem/wt/master/build/qlever-server v0.6.0-89-g090c76f64
preflight: CPU governors not performance: {'cpu0': 'powersave', 'cpu1': 'powersave', 'cpu10': 'powersave', 'cpu11': 'powersave', 'cpu12': 'powersave', 'cpu13': 'powersave', 'cpu14': 'powersave', 'cpu15': 'powersave', 'cpu2': 'powersave', 'cpu3': 'powersave', 'cpu4': 'powersave', 'cpu5': 'powersave', 'cpu6': 'powersave', 'cpu7': 'powersave', 'cpu8': 'powersave', 'cpu9': 'powersave'}
[2026-09-16T15:27:40Z] done H-dedup cold rep 4 (harness rc=2)
[2026-09-16T15:27:42Z] run H-dedup cold rep 5
preflight: qlever-server binary version does not match source commit: source cc7cc74f2, binary /local/data-ssd/stoetzem/wt/master/build/qlever-server v0.6.0-89-g090c76f64
preflight: CPU governors not performance: {'cpu0': 'powersave', 'cpu1': 'powersave', 'cpu10': 'powersave', 'cpu11': 'powersave', 'cpu12': 'powersave', 'cpu13': 'powersave', 'cpu14': 'powersave', 'cpu15': 'powersave', 'cpu2': 'powersave', 'cpu3': 'powersave', 'cpu4': 'powersave', 'cpu5': 'powersave', 'cpu6': 'powersave', 'cpu7': 'powersave', 'cpu8': 'powersave', 'cpu9': 'powersave'}
[2026-09-16T15:27:43Z] done H-dedup cold rep 5 (harness rc=2)
[2026-09-16T15:27:44Z] run H-dedup warm rep 1
preflight: qlever-server binary version does not match source commit: source cc7cc74f2, binary /local/data-ssd/stoetzem/wt/master/build/qlever-server v0.6.0-89-g090c76f64
preflight: CPU governors not performance: {'cpu0': 'powersave', 'cpu1': 'powersave', 'cpu10': 'powersave', 'cpu11': 'powersave', 'cpu12': 'powersave', 'cpu13': 'powersave', 'cpu14': 'powersave', 'cpu15': 'powersave', 'cpu2': 'powersave', 'cpu3': 'powersave', 'cpu4': 'powersave', 'cpu5': 'powersave', 'cpu6': 'powersave', 'cpu7': 'powersave', 'cpu8': 'powersave', 'cpu9': 'powersave'}
[2026-09-16T15:27:44Z] done H-dedup warm rep 1 (harness rc=2)
[2026-09-16T15:27:45Z] run H-dedup warm rep 2
preflight: qlever-server binary version does not match source commit: source cc7cc74f2, binary /local/data-ssd/stoetzem/wt/master/build/qlever-server v0.6.0-89-g090c76f64
preflight: CPU governors not performance: {'cpu0': 'powersave', 'cpu1': 'powersave', 'cpu10': 'powersave', 'cpu11': 'powersave', 'cpu12': 'powersave', 'cpu13': 'powersave', 'cpu14': 'powersave', 'cpu15': 'powersave', 'cpu2': 'powersave', 'cpu3': 'powersave', 'cpu4': 'powersave', 'cpu5': 'powersave', 'cpu6': 'powersave', 'cpu7': 'powersave', 'cpu8': 'powersave', 'cpu9': 'powersave'}
[2026-09-16T15:27:45Z] done H-dedup warm rep 2 (harness rc=2)
[2026-09-16T15:27:46Z] run H-dedup warm rep 3
preflight: qlever-server binary version does not match source commit: source cc7cc74f2, binary /local/data-ssd/stoetzem/wt/master/build/qlever-server v0.6.0-89-g090c76f64
preflight: CPU governors not performance: {'cpu0': 'powersave', 'cpu1': 'powersave', 'cpu10': 'powersave', 'cpu11': 'powersave', 'cpu12': 'powersave', 'cpu13': 'powersave', 'cpu14': 'powersave', 'cpu15': 'powersave', 'cpu2': 'powersave', 'cpu3': 'powersave', 'cpu4': 'powersave', 'cpu5': 'powersave', 'cpu6': 'powersave', 'cpu7': 'powersave', 'cpu8': 'powersave', 'cpu9': 'powersave'}
[2026-09-16T15:27:46Z] done H-dedup warm rep 3 (harness rc=2)
[2026-09-16T15:27:47Z] run H-dedup warm rep 4
preflight: qlever-server binary version does not match source commit: source cc7cc74f2, binary /local/data-ssd/stoetzem/wt/master/build/qlever-server v0.6.0-89-g090c76f64
preflight: CPU governors not performance: {'cpu0': 'powersave', 'cpu1': 'powersave', 'cpu10': 'powersave', 'cpu11': 'powersave', 'cpu12': 'powersave', 'cpu13': 'powersave', 'cpu14': 'powersave', 'cpu15': 'powersave', 'cpu2': 'powersave', 'cpu3': 'powersave', 'cpu4': 'powersave', 'cpu5': 'powersave', 'cpu6': 'powersave', 'cpu7': 'powersave', 'cpu8': 'powersave', 'cpu9': 'powersave'}
[2026-09-16T15:27:47Z] done H-dedup warm rep 4 (harness rc=2)
[2026-09-16T15:27:48Z] run H-dedup warm rep 5
preflight: qlever-server binary version does not match source commit: source cc7cc74f2, binary /local/data-ssd/stoetzem/wt/master/build/qlever-server v0.6.0-89-g090c76f64
preflight: CPU governors not performance: {'cpu0': 'powersave', 'cpu1': 'powersave', 'cpu10': 'powersave', 'cpu11': 'powersave', 'cpu12': 'powersave', 'cpu13': 'powersave', 'cpu14': 'powersave', 'cpu15': 'powersave', 'cpu2': 'powersave', 'cpu3': 'powersave', 'cpu4': 'powersave', 'cpu5': 'powersave', 'cpu6': 'powersave', 'cpu7': 'powersave', 'cpu8': 'powersave', 'cpu9': 'powersave'}
[2026-09-16T15:27:48Z] done H-dedup warm rep 5 (harness rc=2)
[2026-09-16T15:27:51Z] run H-vocab-label-large cold rep 1
preflight: qlever-server binary version does not match source commit: source cc7cc74f2, binary /local/data-ssd/stoetzem/wt/master/build/qlever-server v0.6.0-89-g090c76f64
preflight: CPU governors not performance: {'cpu0': 'powersave', 'cpu1': 'powersave', 'cpu10': 'powersave', 'cpu11': 'powersave', 'cpu12': 'powersave', 'cpu13': 'powersave', 'cpu14': 'powersave', 'cpu15': 'powersave', 'cpu2': 'powersave', 'cpu3': 'powersave', 'cpu4': 'powersave', 'cpu5': 'powersave', 'cpu6': 'powersave', 'cpu7': 'powersave', 'cpu8': 'powersave', 'cpu9': 'powersave'}
[2026-09-16T15:27:51Z] done H-vocab-label-large cold rep 1 (harness rc=2)
[2026-09-16T15:27:54Z] run H-vocab-label-large cold rep 2
preflight: qlever-server binary version does not match source commit: source cc7cc74f2, binary /local/data-ssd/stoetzem/wt/master/build/qlever-server v0.6.0-89-g090c76f64
preflight: CPU governors not performance: {'cpu0': 'powersave', 'cpu1': 'powersave', 'cpu10': 'powersave', 'cpu11': 'powersave', 'cpu12': 'powersave', 'cpu13': 'powersave', 'cpu14': 'powersave', 'cpu15': 'powersave', 'cpu2': 'powersave', 'cpu3': 'powersave', 'cpu4': 'powersave', 'cpu5': 'powersave', 'cpu6': 'powersave', 'cpu7': 'powersave', 'cpu8': 'powersave', 'cpu9': 'powersave'}
[2026-09-16T15:27:54Z] done H-vocab-label-large cold rep 2 (harness rc=2)
[2026-09-16T15:27:56Z] run H-vocab-label-large cold rep 3
preflight: qlever-server binary version does not match source commit: source cc7cc74f2, binary /local/data-ssd/stoetzem/wt/master/build/qlever-server v0.6.0-89-g090c76f64
preflight: CPU governors not performance: {'cpu0': 'powersave', 'cpu1': 'powersave', 'cpu10': 'powersave', 'cpu11': 'powersave', 'cpu12': 'powersave', 'cpu13': 'powersave', 'cpu14': 'powersave', 'cpu15': 'powersave', 'cpu2': 'powersave', 'cpu3': 'powersave', 'cpu4': 'powersave', 'cpu5': 'powersave', 'cpu6': 'powersave', 'cpu7': 'powersave', 'cpu8': 'powersave', 'cpu9': 'powersave'}
[2026-09-16T15:27:56Z] done H-vocab-label-large cold rep 3 (harness rc=2)
[2026-09-16T15:27:59Z] run H-vocab-label-large cold rep 4
preflight: qlever-server binary version does not match source commit: source cc7cc74f2, binary /local/data-ssd/stoetzem/wt/master/build/qlever-server v0.6.0-89-g090c76f64
preflight: CPU governors not performance: {'cpu0': 'powersave', 'cpu1': 'powersave', 'cpu10': 'powersave', 'cpu11': 'powersave', 'cpu12': 'powersave', 'cpu13': 'powersave', 'cpu14': 'powersave', 'cpu15': 'powersave', 'cpu2': 'powersave', 'cpu3': 'powersave', 'cpu4': 'powersave', 'cpu5': 'powersave', 'cpu6': 'powersave', 'cpu7': 'powersave', 'cpu8': 'powersave', 'cpu9': 'powersave'}
[2026-09-16T15:27:59Z] done H-vocab-label-large cold rep 4 (harness rc=2)
[2026-09-16T15:28:02Z] run H-vocab-label-large cold rep 5
preflight: qlever-server binary version does not match source commit: source cc7cc74f2, binary /local/data-ssd/stoetzem/wt/master/build/qlever-server v0.6.0-89-g090c76f64
preflight: CPU governors not performance: {'cpu0': 'powersave', 'cpu1': 'powersave', 'cpu10': 'powersave', 'cpu11': 'powersave', 'cpu12': 'powersave', 'cpu13': 'powersave', 'cpu14': 'powersave', 'cpu15': 'powersave', 'cpu2': 'powersave', 'cpu3': 'powersave', 'cpu4': 'powersave', 'cpu5': 'powersave', 'cpu6': 'powersave', 'cpu7': 'powersave', 'cpu8': 'powersave', 'cpu9': 'powersave'}
[2026-09-16T15:28:02Z] done H-vocab-label-large cold rep 5 (harness rc=2)
[2026-09-16T15:28:03Z] run H-vocab-label-large warm rep 1
preflight: qlever-server binary version does not match source commit: source cc7cc74f2, binary /local/data-ssd/stoetzem/wt/master/build/qlever-server v0.6.0-89-g090c76f64
preflight: CPU governors not performance: {'cpu0': 'powersave', 'cpu1': 'powersave', 'cpu10': 'powersave', 'cpu11': 'powersave', 'cpu12': 'powersave', 'cpu13': 'powersave', 'cpu14': 'powersave', 'cpu15': 'powersave', 'cpu2': 'powersave', 'cpu3': 'powersave', 'cpu4': 'powersave', 'cpu5': 'powersave', 'cpu6': 'powersave', 'cpu7': 'powersave', 'cpu8': 'powersave', 'cpu9': 'powersave'}
[2026-09-16T15:28:03Z] done H-vocab-label-large warm rep 1 (harness rc=2)
[2026-09-16T15:28:04Z] run H-vocab-label-large warm rep 2
preflight: qlever-server binary version does not match source commit: source cc7cc74f2, binary /local/data-ssd/stoetzem/wt/master/build/qlever-server v0.6.0-89-g090c76f64
preflight: CPU governors not performance: {'cpu0': 'powersave', 'cpu1': 'powersave', 'cpu10': 'powersave', 'cpu11': 'powersave', 'cpu12': 'powersave', 'cpu13': 'powersave', 'cpu14': 'powersave', 'cpu15': 'powersave', 'cpu2': 'powersave', 'cpu3': 'powersave', 'cpu4': 'powersave', 'cpu5': 'powersave', 'cpu6': 'powersave', 'cpu7': 'powersave', 'cpu8': 'powersave', 'cpu9': 'powersave'}
[2026-09-16T15:28:04Z] done H-vocab-label-large warm rep 2 (harness rc=2)
[2026-09-16T15:28:05Z] run H-vocab-label-large warm rep 3
preflight: qlever-server binary version does not match source commit: source cc7cc74f2, binary /local/data-ssd/stoetzem/wt/master/build/qlever-server v0.6.0-89-g090c76f64
preflight: CPU governors not performance: {'cpu0': 'powersave', 'cpu1': 'powersave', 'cpu10': 'powersave', 'cpu11': 'powersave', 'cpu12': 'powersave', 'cpu13': 'powersave', 'cpu14': 'powersave', 'cpu15': 'powersave', 'cpu2': 'powersave', 'cpu3': 'powersave', 'cpu4': 'powersave', 'cpu5': 'powersave', 'cpu6': 'powersave', 'cpu7': 'powersave', 'cpu8': 'powersave', 'cpu9': 'powersave'}
[2026-09-16T15:28:05Z] done H-vocab-label-large warm rep 3 (harness rc=2)
[2026-09-16T15:28:06Z] run H-vocab-label-large warm rep 4
preflight: qlever-server binary version does not match source commit: source cc7cc74f2, binary /local/data-ssd/stoetzem/wt/master/build/qlever-server v0.6.0-89-g090c76f64
preflight: CPU governors not performance: {'cpu0': 'powersave', 'cpu1': 'powersave', 'cpu10': 'powersave', 'cpu11': 'powersave', 'cpu12': 'powersave', 'cpu13': 'powersave', 'cpu14': 'powersave', 'cpu15': 'powersave', 'cpu2': 'powersave', 'cpu3': 'powersave', 'cpu4': 'powersave', 'cpu5': 'powersave', 'cpu6': 'powersave', 'cpu7': 'powersave', 'cpu8': 'powersave', 'cpu9': 'powersave'}
[2026-09-16T15:28:06Z] done H-vocab-label-large warm rep 4 (harness rc=2)
[2026-09-16T15:28:07Z] run H-vocab-label-large warm rep 5
preflight: qlever-server binary version does not match source commit: source cc7cc74f2, binary /local/data-ssd/stoetzem/wt/master/build/qlever-server v0.6.0-89-g090c76f64
preflight: CPU governors not performance: {'cpu0': 'powersave', 'cpu1': 'powersave', 'cpu10': 'powersave', 'cpu11': 'powersave', 'cpu12': 'powersave', 'cpu13': 'powersave', 'cpu14': 'powersave', 'cpu15': 'powersave', 'cpu2': 'powersave', 'cpu3': 'powersave', 'cpu4': 'powersave', 'cpu5': 'powersave', 'cpu6': 'powersave', 'cpu7': 'powersave', 'cpu8': 'powersave', 'cpu9': 'powersave'}
[2026-09-16T15:28:08Z] done H-vocab-label-large warm rep 5 (harness rc=2)
[2026-09-16T15:28:09Z] ALL DONE
