2026-10-07 19:17:08.156 - INFO: [1mQLever server CIKM-2801-g4dd60f853, compiled on Tue Oct  6 07:51:44 UTC 2026 using git hash 4dd60f8[22m
2026-10-07 19:17:08.156 - INFO: Cleanup of previous index directories after each rebuild enabled (--rebuild-keep-previous-index-dirs original-and-most-recent)
2026-10-07 19:17:08.158 - INFO: The git hash used to build this index was "65f84b4"
2026-10-07 19:17:08.158 - INFO: Reading vocabulary from file /local/data-ssd/stoetzem/wikidata/wikidata.vocabulary.words ...
2026-10-07 19:17:21.908 - INFO: Done, number of words: 1,580,300,680
2026-10-07 19:17:21.908 - INFO: Number of words in internal vocabulary (these are also part of the external vocabulary): 777,658,536
2026-10-07 19:17:22.005 - INFO: Registered PSO permutation: #relations = 10,100, #blocks = 225,155, #triples = 6,983,973,847
2026-10-07 19:17:22.127 - INFO: Registered PSO permutation: #relations = 13,566, #blocks = 264,339, #triples = 8,220,417,022
2026-10-07 19:17:22.216 - INFO: Registered POS permutation: #relations = 10,100, #blocks = 225,155, #triples = 6,983,973,847
2026-10-07 19:17:22.331 - INFO: Registered POS permutation: #relations = 13,566, #blocks = 264,339, #triples = 8,220,417,022
2026-10-07 19:17:22.436 - INFO: Registered OPS permutation: #relations = 1,683,253,489, #blocks = 222,728, #triples = 8,220,417,022
2026-10-07 19:17:22.537 - INFO: Registered OSP permutation: #relations = 1,683,253,489, #blocks = 222,728, #triples = 8,220,417,022
2026-10-07 19:17:22.605 - INFO: Registered SPO permutation: #relations = 252,534,289, #blocks = 175,741, #triples = 8,220,417,022
2026-10-07 19:17:22.677 - INFO: Registered SOP permutation: #relations = 252,534,289, #blocks = 175,741, #triples = 8,220,417,022
2026-10-07 19:17:22.677 - INFO: Reading patterns from file /local/data-ssd/stoetzem/wikidata/wikidata.index.patterns ...
2026-10-07 19:17:24.213 - WARN: The geo points of this index use the encoding "lat-major", which is deprecated and will not be supported for much longer; with this encoding, a spatial prefilter on points can only restrict the latitude; please build the index with the default encoding "z-order" (just omit the option `--geo-point-encoding` of `qlever-index`)
2026-10-07 19:17:24.213 - INFO: Sorting random result tables to estimate the sorting performance of this machine ...
2026-10-07 19:17:34.823 - INFO: Initializing server ...
2026-10-07 19:17:34.824 - INFO: No access token required for restricted API calls
2026-10-07 19:17:34.824 - INFO: The server is ready, listening for requests on port 7015 ...
2026-10-07 19:17:35.025 - INFO: 
2026-10-07 19:17:35.025 - INFO: Request received via POST, content type "application/x-www-form-urlencoded"
2026-10-07 19:17:35.031 - INFO: Processing the following SPARQL query:
# Tier H-vocab — German labels, large
# Physical: P+O bound scan of wdt:P31 wd:Q5 (class postings), then
# S+P bound SPO scan of rdfs:label. LANG(?label) maps label IDs to
# strings. CONSTRUCT writes entity IRI + label.
# Targets: large sequential class scan with EXTERNAL vocabulary words.
# German is not in languages-internal (only "en"), so QLever's
# shouldLiteralBeExternalized places every de literal in the external
# tier (src/index/vocabulary/Vocabulary.cpp). Same shape as
# H-vocab-label-large.rq, but every lookup is a guaranteed external
# miss on cold caches.
PREFIX wd: <http://www.wikidata.org/entity/>
PREFIX wdt: <http://www.wikidata.org/prop/direct/>
PREFIX rdfs: <http://www.w3.org/2000/01/rdf-schema#>

CONSTRUCT { ?entity rdfs:label ?label }
WHERE {
  ?entity wdt:P31 wd:Q5 .
  ?entity rdfs:label ?label .
  FILTER(LANG(?label) = "de")
}

2026-10-07 19:17:35.031 - INFO: Requested media types of the result are: "text/turtle"
2026-10-07 19:17:35.033 - INFO: Query planning done in 7 ms
2026-10-07 19:17:35.035 - INFO: Result has unknown size (not computed yet)
2026-10-07 19:22:38.873 - INFO: Done processing query and sending result, total time was 303,846 ms
2026-10-07 19:22:38.903 - INFO: 
2026-10-07 19:22:38.903 - INFO: Request received via POST, content type "application/x-www-form-urlencoded"
2026-10-07 19:22:38.903 - INFO: Processing the following SPARQL query:
# Tier H-vocab — German labels, large
# Physical: P+O bound scan of wdt:P31 wd:Q5 (class postings), then
# S+P bound SPO scan of rdfs:label. LANG(?label) maps label IDs to
# strings. CONSTRUCT writes entity IRI + label.
# Targets: large sequential class scan with EXTERNAL vocabulary words.
# German is not in languages-internal (only "en"), so QLever's
# shouldLiteralBeExternalized places every de literal in the external
# tier (src/index/vocabulary/Vocabulary.cpp). Same shape as
# H-vocab-label-large.rq, but every lookup is a guaranteed external
# miss on cold caches.
PREFIX wd: <http://www.wikidata.org/entity/>
PREFIX wdt: <http://www.wikidata.org/prop/direct/>
PREFIX rdfs: <http://www.w3.org/2000/01/rdf-schema#>

CONSTRUCT { ?entity rdfs:label ?label }
WHERE {
  ?entity wdt:P31 wd:Q5 .
  ?entity rdfs:label ?label .
  FILTER(LANG(?label) = "de")
}

2026-10-07 19:22:38.903 - INFO: Requested media types of the result are: "text/turtle"
2026-10-07 19:22:38.905 - INFO: Query planning done in 2 ms
2026-10-07 19:22:38.905 - INFO: Result has unknown size (not computed yet)
2026-10-07 19:29:15.483 - INFO: Done processing query and sending result, total time was 396,579 ms
