2026-09-28 23:03:43.583 - INFO: [1mQLever server CIKM-2691-g476247bc2, compiled on Mon Sep 28 18:22:56 UTC 2026 using git hash 476247b[22m
2026-09-28 23:03:43.583 - INFO: Runtime parameter set from the command line: vocabulary-iouring-page-cache-fast-path=true
2026-09-28 23:03:43.583 - INFO: Runtime parameter set from the command line: vocabulary-bench-fadvise-random=false
2026-09-28 23:03:43.583 - INFO: Cleanup of previous index directories after each rebuild enabled (--rebuild-keep-previous-index-dirs original-and-most-recent)
2026-09-28 23:03:43.584 - INFO: The git hash used to build this index was "65f84b4"
2026-09-28 23:03:43.584 - INFO: Reading vocabulary from file /local/data-ssd/stoetzem/qlever-indices/dblp/dblp.vocabulary.words ...
2026-09-28 23:03:43.596 - INFO: Done, number of words: 446,944,668
2026-09-28 23:03:43.596 - INFO: Number of words in internal vocabulary (these are also part of the external vocabulary): 446,955
2026-09-28 23:03:43.603 - INFO: Registered PSO permutation: #relations = 6, #blocks = 8,187, #triples = 255,805,025
2026-09-28 23:03:43.629 - INFO: Registered PSO permutation: #relations = 96, #blocks = 51,023, #triples = 1,593,245,022
2026-09-28 23:03:43.631 - INFO: Registered POS permutation: #relations = 6, #blocks = 8,187, #triples = 255,805,025
2026-09-28 23:03:43.648 - INFO: Registered POS permutation: #relations = 96, #blocks = 51,023, #triples = 1,593,245,022
2026-09-28 23:03:43.662 - INFO: Registered OPS permutation: #relations = 345,357,897, #blocks = 42,492, #triples = 1,593,245,022
2026-09-28 23:03:43.677 - INFO: Registered OSP permutation: #relations = 345,357,897, #blocks = 42,492, #triples = 1,593,245,022
2026-09-28 23:03:43.686 - INFO: Registered SPO permutation: #relations = 255,804,614, #blocks = 33,993, #triples = 1,593,245,022
2026-09-28 23:03:43.693 - INFO: Registered SOP permutation: #relations = 255,804,614, #blocks = 33,993, #triples = 1,593,245,022
2026-09-28 23:03:43.693 - INFO: Reading patterns from file /local/data-ssd/stoetzem/qlever-indices/dblp/dblp.index.patterns ...
2026-09-28 23:03:43.693 - INFO: Sorting random result tables to estimate the sorting performance of this machine ...
2026-09-28 23:03:51.630 - INFO: Initializing server ...
2026-09-28 23:03:51.630 - INFO: No access token required for restricted API calls
2026-09-28 23:03:51.631 - INFO: The server is ready, listening for requests on port 7015 ...
2026-09-28 23:03:51.956 - INFO: 
2026-09-28 23:03:51.956 - INFO: Request received via POST, content type "application/x-www-form-urlencoded"
2026-09-28 23:03:51.960 - INFO: Processing the following SPARQL query:
# Tier H-vocab — title literals, large
# Goal: external-vocabulary lookup pressure with larger bounded output.
PREFIX dblp: <https://dblp.org/rdf/schema#>

CONSTRUCT { ?paper dblp:title ?title }
WHERE {
  ?paper dblp:title ?title .
}
LIMIT 100000

2026-09-28 23:03:51.960 - INFO: Requested media types of the result are: "text/turtle"
2026-09-28 23:03:51.960 - INFO: Query planning done in 4 ms
2026-09-28 23:03:51.961 - INFO: Result has unknown size (not computed yet)
FASTPATH_STATS calls=96 offsetPairs=96714 offsetPairHits=95690 offsetPairsRing=0 offsetRuns=45876 offsetRunHits=45876 words=95690 wordHits=95690 wordsRing=0 wordBytes=2360558 wordHitBytes=2360558 preadvCalls=91866 preadvFull=91866 preadvEagain=0 preadvPartial=0 fadviseCalls=0
2026-09-28 23:03:52.362 - INFO: Done processing query and sending result, total time was 405 ms
FASTPATH_STATS calls=200 offsetPairs=199106 offsetPairHits=199106 offsetPairsRing=0 offsetRuns=97674 offsetRunHits=97674 words=199106 wordHits=199106 wordsRing=0 wordBytes=5130591 wordHitBytes=5130591 preadvCalls=194665 preadvFull=194665 preadvEagain=0 preadvPartial=0 fadviseCalls=0
2026-09-28 23:03:52.429 - INFO: 
2026-09-28 23:03:52.429 - INFO: Request received via POST, content type "application/x-www-form-urlencoded"
2026-09-28 23:03:52.429 - INFO: Processing the following SPARQL query:
# Tier H-vocab — title literals, large
# Goal: external-vocabulary lookup pressure with larger bounded output.
PREFIX dblp: <https://dblp.org/rdf/schema#>

CONSTRUCT { ?paper dblp:title ?title }
WHERE {
  ?paper dblp:title ?title .
}
LIMIT 100000

2026-09-28 23:03:52.429 - INFO: Requested media types of the result are: "text/turtle"
2026-09-28 23:03:52.429 - INFO: Query planning done in 0 ms
2026-09-28 23:03:52.429 - INFO: Result has unknown size (not computed yet)
FASTPATH_STATS calls=270 offsetPairs=269280 offsetPairHits=268267 offsetPairsRing=0 offsetRuns=130646 offsetRunHits=130646 words=268267 wordHits=268267 wordsRing=0 wordBytes=6793912 wordHitBytes=6793912 preadvCalls=260530 preadvFull=260530 preadvEagain=0 preadvPartial=0 fadviseCalls=0
FASTPATH_STATS calls=394 offsetPairs=393908 offsetPairHits=393908 offsetPairsRing=0 offsetRuns=193199 offsetRunHits=193199 words=393908 wordHits=393908 wordsRing=0 wordBytes=10137719 wordHitBytes=10137719 preadvCalls=385035 preadvFull=385035 preadvEagain=0 preadvPartial=0 fadviseCalls=0
2026-09-28 23:03:52.796 - INFO: Done processing query and sending result, total time was 367 ms
