[2026-10-07T20:14:05Z] PR #120 wikidata csv_export queries=H-vocab-label-large-select scenarios=cold,warm reps=3 mode=two binaries layout=ural
[2026-10-07T20:14:05Z] base:    /local/data-ssd/stoetzem/thesis/experiments/runs/v2-fewer-copies-ab-j1-wolga/bin/qlever-server-base (87f57674) args='' form='fast-export=1'
[2026-10-07T20:14:05Z] variant: /local/data-ssd/stoetzem/thesis/experiments/runs/v2-fewer-copies-ab-j1-wolga/bin/qlever-server-variant (719615ab) args='' form='fast-export=1'
[2026-10-07T20:15:05Z] !!!!!!!! load gate: load1=4.60 still >= 3 after 60s; running anyway !!!!!!!!
Caches dropped successfully (synced, then wrote 1
 to /proc/sys/vm/drop_caches).
fatal: not a git repository (or any parent up to mount point /local)
Stopping at filesystem boundary (GIT_DISCOVERY_ACROSS_FILESYSTEM not set).
fatal: not a git repository (or any parent up to mount point /local)
Stopping at filesystem boundary (GIT_DISCOVERY_ACROSS_FILESYSTEM not set).
fatal: not a git repository (or any parent up to mount point /local)
Stopping at filesystem boundary (GIT_DISCOVERY_ACROSS_FILESYSTEM not set).
fatal: not a git repository (or any parent up to mount point /local)
Stopping at filesystem boundary (GIT_DISCOVERY_ACROSS_FILESYSTEM not set).
fatal: not a git repository (or any parent up to mount point /local)
Stopping at filesystem boundary (GIT_DISCOVERY_ACROSS_FILESYSTEM not set).
rep 1/1: complete export=s e2e=10.189274206s 674222797 bytes syscr=9835 pread64=9812 io_uring_enter=0 read_bytes=505782272 cpu_s=23.280000
[2026-10-07T20:16:00Z] pr120-H-vocab-label-large-select-cold-base-r1 done
[2026-10-07T20:17:00Z] !!!!!!!! load gate: load1=6.48 still >= 3 after 60s; running anyway !!!!!!!!
Caches dropped successfully (synced, then wrote 1
 to /proc/sys/vm/drop_caches).
fatal: not a git repository (or any parent up to mount point /local)
Stopping at filesystem boundary (GIT_DISCOVERY_ACROSS_FILESYSTEM not set).
fatal: not a git repository (or any parent up to mount point /local)
Stopping at filesystem boundary (GIT_DISCOVERY_ACROSS_FILESYSTEM not set).
fatal: not a git repository (or any parent up to mount point /local)
Stopping at filesystem boundary (GIT_DISCOVERY_ACROSS_FILESYSTEM not set).
fatal: not a git repository (or any parent up to mount point /local)
Stopping at filesystem boundary (GIT_DISCOVERY_ACROSS_FILESYSTEM not set).
fatal: not a git repository (or any parent up to mount point /local)
Stopping at filesystem boundary (GIT_DISCOVERY_ACROSS_FILESYSTEM not set).
rep 1/1: complete export=s e2e=10.296348434s 674222797 bytes syscr=9836 pread64=9812 io_uring_enter=0 read_bytes=505782272 cpu_s=22.860000
[2026-10-07T20:17:56Z] pr120-H-vocab-label-large-select-cold-variant-r1 done
[2026-10-07T20:18:56Z] !!!!!!!! load gate: load1=4.38 still >= 3 after 60s; running anyway !!!!!!!!
Caches dropped successfully (synced, then wrote 1
 to /proc/sys/vm/drop_caches).
fatal: not a git repository (or any parent up to mount point /local)
Stopping at filesystem boundary (GIT_DISCOVERY_ACROSS_FILESYSTEM not set).
fatal: not a git repository (or any parent up to mount point /local)
Stopping at filesystem boundary (GIT_DISCOVERY_ACROSS_FILESYSTEM not set).
fatal: not a git repository (or any parent up to mount point /local)
Stopping at filesystem boundary (GIT_DISCOVERY_ACROSS_FILESYSTEM not set).
fatal: not a git repository (or any parent up to mount point /local)
Stopping at filesystem boundary (GIT_DISCOVERY_ACROSS_FILESYSTEM not set).
fatal: not a git repository (or any parent up to mount point /local)
Stopping at filesystem boundary (GIT_DISCOVERY_ACROSS_FILESYSTEM not set).
rep 1/1: complete export=s e2e=9.950943562s 674222797 bytes syscr=9834 pread64=9812 io_uring_enter=0 read_bytes=505782272 cpu_s=22.370000
[2026-10-07T20:19:50Z] pr120-H-vocab-label-large-select-cold-variant-r2 done
[2026-10-07T20:20:50Z] !!!!!!!! load gate: load1=10.63 still >= 3 after 60s; running anyway !!!!!!!!
Caches dropped successfully (synced, then wrote 1
 to /proc/sys/vm/drop_caches).
fatal: not a git repository (or any parent up to mount point /local)
Stopping at filesystem boundary (GIT_DISCOVERY_ACROSS_FILESYSTEM not set).
fatal: not a git repository (or any parent up to mount point /local)
Stopping at filesystem boundary (GIT_DISCOVERY_ACROSS_FILESYSTEM not set).
fatal: not a git repository (or any parent up to mount point /local)
Stopping at filesystem boundary (GIT_DISCOVERY_ACROSS_FILESYSTEM not set).
fatal: not a git repository (or any parent up to mount point /local)
Stopping at filesystem boundary (GIT_DISCOVERY_ACROSS_FILESYSTEM not set).
fatal: not a git repository (or any parent up to mount point /local)
Stopping at filesystem boundary (GIT_DISCOVERY_ACROSS_FILESYSTEM not set).
rep 1/1: complete export=s e2e=17.405432572s 674222797 bytes syscr=9839 pread64=9812 io_uring_enter=0 read_bytes=517160960 cpu_s=36.850000
[2026-10-07T20:22:05Z] pr120-H-vocab-label-large-select-cold-base-r2 done
[2026-10-07T20:23:05Z] !!!!!!!! load gate: load1=14.62 still >= 3 after 60s; running anyway !!!!!!!!
Caches dropped successfully (synced, then wrote 1
 to /proc/sys/vm/drop_caches).
fatal: not a git repository (or any parent up to mount point /local)
Stopping at filesystem boundary (GIT_DISCOVERY_ACROSS_FILESYSTEM not set).
fatal: not a git repository (or any parent up to mount point /local)
Stopping at filesystem boundary (GIT_DISCOVERY_ACROSS_FILESYSTEM not set).
fatal: not a git repository (or any parent up to mount point /local)
Stopping at filesystem boundary (GIT_DISCOVERY_ACROSS_FILESYSTEM not set).
fatal: not a git repository (or any parent up to mount point /local)
Stopping at filesystem boundary (GIT_DISCOVERY_ACROSS_FILESYSTEM not set).
fatal: not a git repository (or any parent up to mount point /local)
Stopping at filesystem boundary (GIT_DISCOVERY_ACROSS_FILESYSTEM not set).
rep 1/1: complete export=s e2e=16.273590096s 674222797 bytes syscr=9838 pread64=9812 io_uring_enter=0 read_bytes=518848512 cpu_s=35.080000
[2026-10-07T20:24:17Z] pr120-H-vocab-label-large-select-cold-base-r3 done
[2026-10-07T20:25:17Z] !!!!!!!! load gate: load1=14.97 still >= 3 after 60s; running anyway !!!!!!!!
Caches dropped successfully (synced, then wrote 1
 to /proc/sys/vm/drop_caches).
fatal: not a git repository (or any parent up to mount point /local)
Stopping at filesystem boundary (GIT_DISCOVERY_ACROSS_FILESYSTEM not set).
fatal: not a git repository (or any parent up to mount point /local)
Stopping at filesystem boundary (GIT_DISCOVERY_ACROSS_FILESYSTEM not set).
fatal: not a git repository (or any parent up to mount point /local)
Stopping at filesystem boundary (GIT_DISCOVERY_ACROSS_FILESYSTEM not set).
fatal: not a git repository (or any parent up to mount point /local)
Stopping at filesystem boundary (GIT_DISCOVERY_ACROSS_FILESYSTEM not set).
fatal: not a git repository (or any parent up to mount point /local)
Stopping at filesystem boundary (GIT_DISCOVERY_ACROSS_FILESYSTEM not set).
rep 1/1: complete export=s e2e=17.241810298s 674222797 bytes syscr=9839 pread64=9812 io_uring_enter=0 read_bytes=518574080 cpu_s=36.650000
[2026-10-07T20:26:30Z] pr120-H-vocab-label-large-select-cold-variant-r3 done
[2026-10-07T20:27:30Z] !!!!!!!! load gate: load1=14.97 still >= 3 after 60s; running anyway !!!!!!!!
fatal: not a git repository (or any parent up to mount point /local)
Stopping at filesystem boundary (GIT_DISCOVERY_ACROSS_FILESYSTEM not set).
fatal: not a git repository (or any parent up to mount point /local)
Stopping at filesystem boundary (GIT_DISCOVERY_ACROSS_FILESYSTEM not set).
fatal: not a git repository (or any parent up to mount point /local)
Stopping at filesystem boundary (GIT_DISCOVERY_ACROSS_FILESYSTEM not set).
fatal: not a git repository (or any parent up to mount point /local)
Stopping at filesystem boundary (GIT_DISCOVERY_ACROSS_FILESYSTEM not set).
fatal: not a git repository (or any parent up to mount point /local)
Stopping at filesystem boundary (GIT_DISCOVERY_ACROSS_FILESYSTEM not set).
rep 1/1: complete export=s e2e=16.639484370s 674222797 bytes syscr=9838 pread64=9812 io_uring_enter=0 read_bytes=4096 cpu_s=35.580000
[2026-10-07T20:28:57Z] pr120-H-vocab-label-large-select-warm-base-r1 done
[2026-10-07T20:29:57Z] !!!!!!!! load gate: load1=14.54 still >= 3 after 60s; running anyway !!!!!!!!
fatal: not a git repository (or any parent up to mount point /local)
Stopping at filesystem boundary (GIT_DISCOVERY_ACROSS_FILESYSTEM not set).
fatal: not a git repository (or any parent up to mount point /local)
Stopping at filesystem boundary (GIT_DISCOVERY_ACROSS_FILESYSTEM not set).
fatal: not a git repository (or any parent up to mount point /local)
Stopping at filesystem boundary (GIT_DISCOVERY_ACROSS_FILESYSTEM not set).
fatal: not a git repository (or any parent up to mount point /local)
Stopping at filesystem boundary (GIT_DISCOVERY_ACROSS_FILESYSTEM not set).
fatal: not a git repository (or any parent up to mount point /local)
Stopping at filesystem boundary (GIT_DISCOVERY_ACROSS_FILESYSTEM not set).
rep 1/1: complete export=s e2e=16.114384632s 674222797 bytes syscr=9838 pread64=9812 io_uring_enter=0 read_bytes=4096 cpu_s=34.260000
[2026-10-07T20:31:25Z] pr120-H-vocab-label-large-select-warm-variant-r1 done
[2026-10-07T20:32:25Z] !!!!!!!! load gate: load1=14.85 still >= 3 after 60s; running anyway !!!!!!!!
fatal: not a git repository (or any parent up to mount point /local)
Stopping at filesystem boundary (GIT_DISCOVERY_ACROSS_FILESYSTEM not set).
fatal: not a git repository (or any parent up to mount point /local)
Stopping at filesystem boundary (GIT_DISCOVERY_ACROSS_FILESYSTEM not set).
fatal: not a git repository (or any parent up to mount point /local)
Stopping at filesystem boundary (GIT_DISCOVERY_ACROSS_FILESYSTEM not set).
fatal: not a git repository (or any parent up to mount point /local)
Stopping at filesystem boundary (GIT_DISCOVERY_ACROSS_FILESYSTEM not set).
fatal: not a git repository (or any parent up to mount point /local)
Stopping at filesystem boundary (GIT_DISCOVERY_ACROSS_FILESYSTEM not set).
rep 1/1: complete export=s e2e=16.655023892s 674222797 bytes syscr=9839 pread64=9812 io_uring_enter=0 read_bytes=4096 cpu_s=35.180000
[2026-10-07T20:33:52Z] pr120-H-vocab-label-large-select-warm-variant-r2 done
[2026-10-07T20:34:52Z] !!!!!!!! load gate: load1=14.91 still >= 3 after 60s; running anyway !!!!!!!!
fatal: not a git repository (or any parent up to mount point /local)
Stopping at filesystem boundary (GIT_DISCOVERY_ACROSS_FILESYSTEM not set).
fatal: not a git repository (or any parent up to mount point /local)
Stopping at filesystem boundary (GIT_DISCOVERY_ACROSS_FILESYSTEM not set).
fatal: not a git repository (or any parent up to mount point /local)
Stopping at filesystem boundary (GIT_DISCOVERY_ACROSS_FILESYSTEM not set).
fatal: not a git repository (or any parent up to mount point /local)
Stopping at filesystem boundary (GIT_DISCOVERY_ACROSS_FILESYSTEM not set).
fatal: not a git repository (or any parent up to mount point /local)
Stopping at filesystem boundary (GIT_DISCOVERY_ACROSS_FILESYSTEM not set).
rep 1/1: complete export=s e2e=17.253434637s 674222797 bytes syscr=9839 pread64=9812 io_uring_enter=0 read_bytes=0 cpu_s=36.850000
[2026-10-07T20:36:20Z] pr120-H-vocab-label-large-select-warm-base-r2 done
[2026-10-07T20:37:20Z] !!!!!!!! load gate: load1=14.57 still >= 3 after 60s; running anyway !!!!!!!!
fatal: not a git repository (or any parent up to mount point /local)
Stopping at filesystem boundary (GIT_DISCOVERY_ACROSS_FILESYSTEM not set).
fatal: not a git repository (or any parent up to mount point /local)
Stopping at filesystem boundary (GIT_DISCOVERY_ACROSS_FILESYSTEM not set).
fatal: not a git repository (or any parent up to mount point /local)
Stopping at filesystem boundary (GIT_DISCOVERY_ACROSS_FILESYSTEM not set).
fatal: not a git repository (or any parent up to mount point /local)
Stopping at filesystem boundary (GIT_DISCOVERY_ACROSS_FILESYSTEM not set).
fatal: not a git repository (or any parent up to mount point /local)
Stopping at filesystem boundary (GIT_DISCOVERY_ACROSS_FILESYSTEM not set).
rep 1/1: complete export=s e2e=16.577461144s 674222797 bytes syscr=9838 pread64=9812 io_uring_enter=0 read_bytes=0 cpu_s=35.460000
[2026-10-07T20:38:47Z] pr120-H-vocab-label-large-select-warm-base-r3 done
[2026-10-07T20:39:47Z] !!!!!!!! load gate: load1=14.31 still >= 3 after 60s; running anyway !!!!!!!!
fatal: not a git repository (or any parent up to mount point /local)
Stopping at filesystem boundary (GIT_DISCOVERY_ACROSS_FILESYSTEM not set).
fatal: not a git repository (or any parent up to mount point /local)
Stopping at filesystem boundary (GIT_DISCOVERY_ACROSS_FILESYSTEM not set).
fatal: not a git repository (or any parent up to mount point /local)
Stopping at filesystem boundary (GIT_DISCOVERY_ACROSS_FILESYSTEM not set).
fatal: not a git repository (or any parent up to mount point /local)
Stopping at filesystem boundary (GIT_DISCOVERY_ACROSS_FILESYSTEM not set).
fatal: not a git repository (or any parent up to mount point /local)
Stopping at filesystem boundary (GIT_DISCOVERY_ACROSS_FILESYSTEM not set).
rep 1/1: complete export=s e2e=16.766042830s 674222797 bytes syscr=9838 pread64=9812 io_uring_enter=0 read_bytes=4096 cpu_s=35.970000
[2026-10-07T20:41:15Z] pr120-H-vocab-label-large-select-warm-variant-r3 done
# PR #120 A/B on wikidata (csv_export)

- Base: `87f57674` v2-87f57674; server args: `(none)`
- Variant: `719615ab` v2-fewer-copies-719615ab; server args: `(none)`
- Binaries: two binaries; host `wolga` (ural layout)
- Request form fields: base `fast-export=1`; variant `fast-export=1`
- Server query threads (`--num-simultaneous-queries`): 1
- Reps: 3 per arm, query and scenario; arms interleaved per rep, order alternating (odd reps base first, even reps variant first); cold reps run after `clear-caches`.
- Noise rule: within noise when |delta| < 1% or the min..max ranges overlap.

## Timing (elapsed_s, end to end)

| query | scenario | arm | n | median | min | max | delta vs base | verdict | correctness |
|---|---|---|---|---|---|---|---|---|---|
| H-vocab-label-large-select | cold | v2-87f57674 | 3 | 16.2736 | 10.1893 | 17.4054 |  |  |  |
| H-vocab-label-large-select | cold | v2-fewer-copies-719615ab | 3 | 10.2963 | 9.9509 | 17.2418 | -36.73% | within noise | equal as multiset (order differs) |
| H-vocab-label-large-select | warm | v2-87f57674 | 3 | 16.6395 | 16.5775 | 17.2534 |  |  |  |
| H-vocab-label-large-select | warm | v2-fewer-copies-719615ab | 3 | 16.6550 | 16.1144 | 16.7660 | +0.09% | within noise | equal as multiset (order differs) |

## Verdict

- H-vocab-label-large-select cold: within noise (-36.73%); correctness: equal as multiset (order differs)
- H-vocab-label-large-select warm: within noise (+0.09%); correctness: equal as multiset (order differs)

## Gates

- `gate-postflight-cold.log`: == POSTFLIGHT: PASS ==
- `gate-postflight-warm.log`: == POSTFLIGHT: PASS ==
- `gate-preflight-base.log`: == PREFLIGHT: PASS ==
- `gate-preflight-variant.log`: == PREFLIGHT: PASS ==
- `gate-verify-base.log`: VERDICT: PASS — binary is trustworthy for benchmarking
- `gate-verify-variant.log`: VERDICT: PASS — binary is trustworthy for benchmarking

## Problems

None: every rep complete, non-empty and correct.

Artifacts: `results.csv` (all reps), `<scenario>/<query>/<arm>/raw/` (harness output per rep), `correctness.tsv`, `build-env.txt`, `env-before.txt`, `env-after.txt`, `gate-*.log`, `driver.log`.
[2026-10-07T20:42:06Z] finished rc=0 run=/local/data-ssd/stoetzem/thesis/experiments/runs/v2-fewer-copies-ab-j1-wolga
