2026-10-07 23:26:39.510 - INFO: [1mQLever server CIKM-2802-g77a41c663, compiled on Tue Oct  6 12:40:58 UTC 2026 using git hash 77a41c6[22m
2026-10-07 23:26:39.510 - INFO: Cleanup of previous index directories after each rebuild enabled (--rebuild-keep-previous-index-dirs original-and-most-recent)
2026-10-07 23:26:39.512 - INFO: The git hash used to build this index was "65f84b4"
2026-10-07 23:26:39.513 - INFO: Reading vocabulary from file /local/data-ssd/stoetzem/qlever-indices/wikidata-3159/wikidata.vocabulary.words ...
2026-10-07 23:27:01.546 - INFO: Done, number of words: 1,580,300,680
2026-10-07 23:27:01.546 - INFO: Number of words in internal vocabulary (these are also part of the external vocabulary): 777,658,536
2026-10-07 23:27:01.656 - INFO: Registered PSO permutation: #relations = 10,100, #blocks = 225,155, #triples = 6,983,973,847
2026-10-07 23:27:01.794 - INFO: Registered PSO permutation: #relations = 13,566, #blocks = 264,339, #triples = 8,220,417,022
2026-10-07 23:27:01.888 - INFO: Registered POS permutation: #relations = 10,100, #blocks = 225,155, #triples = 6,983,973,847
2026-10-07 23:27:02.023 - INFO: Registered POS permutation: #relations = 13,566, #blocks = 264,339, #triples = 8,220,417,022
2026-10-07 23:27:02.136 - INFO: Registered OPS permutation: #relations = 1,683,253,489, #blocks = 222,728, #triples = 8,220,417,022
2026-10-07 23:27:02.248 - INFO: Registered OSP permutation: #relations = 1,683,253,489, #blocks = 222,728, #triples = 8,220,417,022
2026-10-07 23:27:02.327 - INFO: Registered SPO permutation: #relations = 252,534,289, #blocks = 175,741, #triples = 8,220,417,022
2026-10-07 23:27:02.404 - INFO: Registered SOP permutation: #relations = 252,534,289, #blocks = 175,741, #triples = 8,220,417,022
2026-10-07 23:27:02.404 - INFO: Reading patterns from file /local/data-ssd/stoetzem/qlever-indices/wikidata-3159/wikidata.index.patterns ...
2026-10-07 23:27:04.661 - WARN: The geo points of this index use the encoding "lat-major", which is deprecated and will not be supported for much longer; with this encoding, a spatial prefilter on points can only restrict the latitude; please build the index with the default encoding "z-order" (just omit the option `--geo-point-encoding` of `qlever-index`)
2026-10-07 23:27:04.661 - INFO: Sorting random result tables to estimate the sorting performance of this machine ...
2026-10-07 23:27:16.765 - INFO: Initializing server ...
2026-10-07 23:27:16.765 - INFO: No access token required for restricted API calls
2026-10-07 23:27:16.765 - INFO: The server is ready, listening for requests on port 7015 ...
2026-10-07 23:27:16.905 - INFO: 
2026-10-07 23:27:16.906 - INFO: Request received via POST, content type "application/x-www-form-urlencoded"
2026-10-07 23:27:16.911 - INFO: Processing the following SPARQL query:
# Scattered-read candidate (io-screen 2026-10-06): German labels of all Wikimedia disambiguation pages (Q4167410).
# No VALUES: one P+O bound class scan (wdt:P31 wd:Q4167410), then the German
# label scan. German literals are in the external (on-disk) vocabulary.
# A sparse class spreads its label IDs over the sorted vocabulary, so few
# reads share a page. Public endpoint count (2026-10): ~0.70M German labels.
PREFIX wd: <http://www.wikidata.org/entity/>
PREFIX wdt: <http://www.wikidata.org/prop/direct/>
PREFIX rdfs: <http://www.w3.org/2000/01/rdf-schema#>
PREFIX schema: <http://schema.org/>
PREFIX skos: <http://www.w3.org/2004/02/skos/core#>

CONSTRUCT { ?entity rdfs:label ?label }
WHERE {
  ?entity wdt:P31 wd:Q4167410 .
  ?entity rdfs:label ?label .
  FILTER(LANG(?label) = "de")
}

2026-10-07 23:27:16.911 - INFO: Requested media types of the result are: "text/turtle"
2026-10-07 23:27:16.912 - INFO: Query planning done in 6 ms
2026-10-07 23:27:16.913 - INFO: Result has unknown size (not computed yet)
2026-10-07 23:27:26.950 - INFO: Done processing query and sending result, total time was 10,044 ms
2026-10-07 23:27:26.992 - INFO: 
2026-10-07 23:27:26.992 - INFO: Request received via GET, no content type specified
2026-10-07 23:27:26.992 - INFO: Processing command "cache-stats": get cache statistics
2026-10-07 23:27:27.034 - INFO: 
2026-10-07 23:27:27.034 - INFO: Request received via GET, no content type specified
2026-10-07 23:27:27.034 - INFO: Processing command "clear-cache": clear the cache (unpinned elements only)
2026-10-07 23:27:27.076 - INFO: 
2026-10-07 23:27:27.076 - INFO: Request received via GET, no content type specified
2026-10-07 23:27:27.076 - INFO: Processing command "cache-stats": get cache statistics
2026-10-07 23:27:27.119 - INFO: 
2026-10-07 23:27:27.119 - INFO: Request received via POST, content type "application/x-www-form-urlencoded"
2026-10-07 23:27:27.119 - INFO: Processing the following SPARQL query:
# Scattered-read candidate (io-screen 2026-10-06): German labels of all Wikimedia disambiguation pages (Q4167410).
# No VALUES: one P+O bound class scan (wdt:P31 wd:Q4167410), then the German
# label scan. German literals are in the external (on-disk) vocabulary.
# A sparse class spreads its label IDs over the sorted vocabulary, so few
# reads share a page. Public endpoint count (2026-10): ~0.70M German labels.
PREFIX wd: <http://www.wikidata.org/entity/>
PREFIX wdt: <http://www.wikidata.org/prop/direct/>
PREFIX rdfs: <http://www.w3.org/2000/01/rdf-schema#>
PREFIX schema: <http://schema.org/>
PREFIX skos: <http://www.w3.org/2004/02/skos/core#>

CONSTRUCT { ?entity rdfs:label ?label }
WHERE {
  ?entity wdt:P31 wd:Q4167410 .
  ?entity rdfs:label ?label .
  FILTER(LANG(?label) = "de")
}

2026-10-07 23:27:27.119 - INFO: Requested media types of the result are: "text/turtle"
2026-10-07 23:27:27.120 - INFO: Query planning done in 0 ms
2026-10-07 23:27:27.120 - INFO: Result has unknown size (not computed yet)
2026-10-07 23:27:31.653 - INFO: Done processing query and sending result, total time was 4,534 ms
2026-10-07 23:27:31.699 - INFO: 
2026-10-07 23:27:31.699 - INFO: Request received via GET, no content type specified
2026-10-07 23:27:31.699 - INFO: Processing command "clear-cache": clear the cache (unpinned elements only)
2026-10-07 23:27:31.741 - INFO: 
2026-10-07 23:27:31.741 - INFO: Request received via POST, content type "application/x-www-form-urlencoded"
2026-10-07 23:27:31.741 - INFO: Processing the following SPARQL query:
# Scattered-read candidate (io-screen 2026-10-06): German labels of all Wikimedia disambiguation pages (Q4167410).
# No VALUES: one P+O bound class scan (wdt:P31 wd:Q4167410), then the German
# label scan. German literals are in the external (on-disk) vocabulary.
# A sparse class spreads its label IDs over the sorted vocabulary, so few
# reads share a page. Public endpoint count (2026-10): ~0.70M German labels.
PREFIX wd: <http://www.wikidata.org/entity/>
PREFIX wdt: <http://www.wikidata.org/prop/direct/>
PREFIX rdfs: <http://www.w3.org/2000/01/rdf-schema#>
PREFIX schema: <http://schema.org/>
PREFIX skos: <http://www.w3.org/2004/02/skos/core#>

CONSTRUCT { ?entity rdfs:label ?label }
WHERE {
  ?entity wdt:P31 wd:Q4167410 .
  ?entity rdfs:label ?label .
  FILTER(LANG(?label) = "de")
}

2026-10-07 23:27:31.742 - INFO: Requested media types of the result are: "text/turtle"
2026-10-07 23:27:31.742 - INFO: Query planning done in 0 ms
2026-10-07 23:27:31.742 - INFO: Result has unknown size (not computed yet)
2026-10-07 23:27:36.015 - INFO: Done processing query and sending result, total time was 4,274 ms
2026-10-07 23:27:36.058 - INFO: 
2026-10-07 23:27:36.058 - INFO: Request received via GET, no content type specified
2026-10-07 23:27:36.058 - INFO: Processing command "clear-cache": clear the cache (unpinned elements only)
2026-10-07 23:27:36.101 - INFO: 
2026-10-07 23:27:36.101 - INFO: Request received via POST, content type "application/x-www-form-urlencoded"
2026-10-07 23:27:36.102 - INFO: Processing the following SPARQL query:
# Scattered-read candidate (io-screen 2026-10-06): German labels of all Wikimedia disambiguation pages (Q4167410).
# No VALUES: one P+O bound class scan (wdt:P31 wd:Q4167410), then the German
# label scan. German literals are in the external (on-disk) vocabulary.
# A sparse class spreads its label IDs over the sorted vocabulary, so few
# reads share a page. Public endpoint count (2026-10): ~0.70M German labels.
PREFIX wd: <http://www.wikidata.org/entity/>
PREFIX wdt: <http://www.wikidata.org/prop/direct/>
PREFIX rdfs: <http://www.w3.org/2000/01/rdf-schema#>
PREFIX schema: <http://schema.org/>
PREFIX skos: <http://www.w3.org/2004/02/skos/core#>

CONSTRUCT { ?entity rdfs:label ?label }
WHERE {
  ?entity wdt:P31 wd:Q4167410 .
  ?entity rdfs:label ?label .
  FILTER(LANG(?label) = "de")
}

2026-10-07 23:27:36.102 - INFO: Requested media types of the result are: "text/turtle"
2026-10-07 23:27:36.102 - INFO: Query planning done in 0 ms
2026-10-07 23:27:36.102 - INFO: Result has unknown size (not computed yet)
2026-10-07 23:27:40.353 - INFO: Done processing query and sending result, total time was 4,251 ms
2026-10-07 23:27:40.396 - INFO: 
2026-10-07 23:27:40.396 - INFO: Request received via GET, no content type specified
2026-10-07 23:27:40.397 - INFO: Processing command "cache-stats": get cache statistics
