2026-07-30 22:33:44.577 - INFO: [1mQLever server v0.5.50-58-gbdd1a6b9, compiled on Thu Jul 30 22:03:57 CEST 2026 using git hash bdd1a6b[22m
2026-07-30 22:33:44.578 - INFO: The git hash used to build this index was "8c99fe"
2026-07-30 22:33:44.578 - INFO: Reading vocabulary from file /home/userNoPriv/code/qlever/qlever-indices/dblp/dblp.vocabulary.words ...
2026-07-30 22:33:44.594 - INFO: Done, number of words: 409,446,926
2026-07-30 22:33:44.595 - INFO: Number of words in internal vocabulary (these are also part of the external vocabulary): 409,457
2026-07-30 22:33:44.606 - INFO: Registered PSO permutation: #relations = 6, #blocks = 7,515, #triples = 234,800,838
2026-07-30 22:33:44.629 - INFO: Registered PSO permutation: #relations = 96, #blocks = 46,913, #triples = 1,464,719,701
2026-07-30 22:33:44.633 - INFO: Registered POS permutation: #relations = 6, #blocks = 7,515, #triples = 234,800,838
2026-07-30 22:33:44.658 - INFO: Registered POS permutation: #relations = 96, #blocks = 46,913, #triples = 1,464,719,701
2026-07-30 22:33:44.681 - INFO: Registered OPS permutation: #relations = 318,850,904, #blocks = 39,014, #triples = 1,464,719,701
2026-07-30 22:33:44.702 - INFO: Registered OSP permutation: #relations = 318,850,904, #blocks = 39,014, #triples = 1,464,719,701
2026-07-30 22:33:44.716 - INFO: Registered SPO permutation: #relations = 234,800,427, #blocks = 31,251, #triples = 1,464,719,701
2026-07-30 22:33:44.728 - INFO: Registered SOP permutation: #relations = 234,800,427, #blocks = 31,251, #triples = 1,464,719,701
2026-07-30 22:33:44.728 - INFO: Reading patterns from file /home/userNoPriv/code/qlever/qlever-indices/dblp/dblp.index.patterns ...
2026-07-30 22:33:44.729 - INFO: Sorting random result tables to estimate the sorting performance of this machine ...
2026-07-30 22:33:53.270 - INFO: Initializing server ...
2026-07-30 22:33:53.270 - INFO: No access token required for restricted API calls
2026-07-30 22:33:53.270 - INFO: The server is ready, listening for requests on port 7015 ...
2026-07-30 22:33:53.370 - INFO: 
2026-07-30 22:33:53.370 - INFO: Request received via GET, no content type specified
2026-07-30 22:33:53.370 - INFO: Processing command "cache-stats": get cache statistics
2026-07-30 22:33:53.379 - INFO: 
2026-07-30 22:33:53.379 - INFO: Request received via POST, content type "application/x-www-form-urlencoded"
2026-07-30 22:33:53.382 - INFO: Processing the following SPARQL query:
# Tier D3 — DISCOVER (mid-scale, export share visible)
# A venue subgraph gives a controllable, mid-scale publication workload.
PREFIX dblp: <https://dblp.org/rdf/schema#>

CONSTRUCT { ?paper ?p ?o }
WHERE {
  ?paper a dblp:Publication ;
         dblp:publishedInStream <https://dblp.org/streams/conf/stoc> ;
         ?p ?o .
}
LIMIT 100000

2026-07-30 22:33:53.382 - INFO: Requested media types of the result are: "text/turtle"
2026-07-30 22:33:53.386 - INFO: Query planning done in 6 ms
2026-07-30 22:33:53.391 - INFO: Result has unknown size (not computed yet)
2026-07-30 22:33:55.655 - INFO: Done processing query and sending result, total time was 2,275 ms
2026-07-30 22:33:55.662 - INFO: 
2026-07-30 22:33:55.662 - INFO: Request received via GET, no content type specified
2026-07-30 22:33:55.662 - INFO: Processing command "cache-stats": get cache statistics
2026-07-30 22:33:56.005 - INFO: 
2026-07-30 22:33:56.005 - INFO: Request received via POST, content type "application/x-www-form-urlencoded"
2026-07-30 22:33:56.007 - INFO: Processing the following SPARQL query:
# Tier D3 — DISCOVER (mid-scale, export share visible)
# A venue subgraph gives a controllable, mid-scale publication workload.
PREFIX dblp: <https://dblp.org/rdf/schema#>

CONSTRUCT { ?paper ?p ?o }
WHERE {
  ?paper a dblp:Publication ;
         dblp:publishedInStream <https://dblp.org/streams/conf/stoc> ;
         ?p ?o .
}
LIMIT 100000

2026-07-30 22:33:56.007 - INFO: Requested media types of the result are: "text/turtle"
2026-07-30 22:33:56.008 - INFO: Query planning done in 2 ms
2026-07-30 22:33:56.011 - INFO: Result has unknown size (not computed yet)
2026-07-30 22:33:56.113 - INFO: Done processing query and sending result, total time was 107 ms
2026-07-30 22:33:56.121 - INFO: 
2026-07-30 22:33:56.121 - INFO: Request received via GET, no content type specified
2026-07-30 22:33:56.121 - INFO: Processing command "cache-stats": get cache statistics
