=== [wq] bench /home/stoetzem/incoming/wikidata-routing-ab-newindex.sh /local/data-ssd/stoetzem/binaries/qlever-server-bench_ch7-integration /local/data-ssd/stoetzem/binaries/qlever-server-bench_values-gallop wikidata-gallop-ab-era2 bench/values-gallop bench-ch7-integration-84b943e4e5-io_uring uring-vs-uring ##QBRANCH=bench/values-gallop on Ural ===
Qlever branch verified: bench/values-gallop @ 4560a1b10d
HEAD is now at 4560a1b10 Merge fibers+routing integration base into gallop stage
QLEVER OK: /local/data-ssd/stoetzem/wt/bench/values-gallop @ 4560a1b10d (= origin/bench/values-gallop)
BENCH REF: bench/values-gallop @ 4560a1b10d9bd8eefe327d32f9bb646586b37037
[2026-09-22T14:19:32Z] binary gates ok (both arms link liburing)
[2026-09-22T14:19:32Z] preflight ok
base_commit=7bd97790e9ee6d5b2f6305fd8fd1c8000b63710b
baseline_binary=/local/data-ssd/stoetzem/binaries/qlever-server-bench_ch7-integration
baseline_version=/local/data-ssd/stoetzem/binaries/qlever-server-bench_ch7-integration v0.6.0-135-g84b943e4e
variant_branch=bench/values-gallop
variant_binary=/local/data-ssd/stoetzem/binaries/qlever-server-bench_values-gallop
variant_version=/local/data-ssd/stoetzem/binaries/qlever-server-bench_values-gallop v0.6.0-163-g4560a1b10
index=/local/data-ssd/stoetzem/wikidata/index-for-upgrade-new-format/wikidata
uname=7.0.0-28-generic
date=2026-09-22T14:19:32Z
[2026-09-22T14:19:34Z] === arm baseline (/local/data-ssd/stoetzem/binaries/qlever-server-bench_ch7-integration)
[2026-09-22T14:19:57Z] server ready pid 1707127 (baseline)
[2026-09-22T14:19:57Z] warmup baseline large-de (discarded)
200	16.120161	504927346	sha256=dcd2b1bc77fce98409640e9a234aa92688de7ba54eeff9c0556752e814f8c5e1	rbytes=0
/local/data-ssd/stoetzem/thesis/experiments/runs/wikidata-gallop-ab-era2/baseline-large-de-warm code=200 wall=16.120161s sha=dcd2b1bc77fce98409640e9a234aa92688de7ba54eeff9c0556752e814f8c5e1 cpu_proc=16.81s cpu_iowait=238.39s cpu_total=256.06s wall=16.0s n=33
200	23.831931	504927346	sha256=dcd2b1bc77fce98409640e9a234aa92688de7ba54eeff9c0556752e814f8c5e1	rbytes=9433690112
/local/data-ssd/stoetzem/thesis/experiments/runs/wikidata-gallop-ab-era2/baseline-large-de-cold1 code=200 wall=23.831931s sha=dcd2b1bc77fce98409640e9a234aa92688de7ba54eeff9c0556752e814f8c5e1 cpu_proc=23.75s cpu_iowait=351.17s cpu_total=375.86s wall=23.5s n=48
200	23.262355	504927346	sha256=dcd2b1bc77fce98409640e9a234aa92688de7ba54eeff9c0556752e814f8c5e1	rbytes=9436147712
/local/data-ssd/stoetzem/thesis/experiments/runs/wikidata-gallop-ab-era2/baseline-large-de-cold2 code=200 wall=23.262355s sha=dcd2b1bc77fce98409640e9a234aa92688de7ba54eeff9c0556752e814f8c5e1 cpu_proc=23.28s cpu_iowait=343.55s cpu_total=367.84s wall=23.0s n=47
[2026-09-22T14:21:40Z] warmup baseline scatter200k-de (discarded)
200	5.086055	19297737	sha256=497dacfdffcc71ac2acc3f748140e9d6b27586f7d7b743ccdb98289101fb4ad9	rbytes=0
/local/data-ssd/stoetzem/thesis/experiments/runs/wikidata-gallop-ab-era2/baseline-scatter200k-de-warm code=200 wall=5.086055s sha=497dacfdffcc71ac2acc3f748140e9d6b27586f7d7b743ccdb98289101fb4ad9 cpu_proc=4.24s cpu_iowait=75.63s cpu_total=79.99s wall=5.0s n=11
200	10.923764	19297737	sha256=497dacfdffcc71ac2acc3f748140e9d6b27586f7d7b743ccdb98289101fb4ad9	rbytes=2992041984
/local/data-ssd/stoetzem/thesis/experiments/runs/wikidata-gallop-ab-era2/baseline-scatter200k-de-cold1 code=200 wall=10.923764s sha=497dacfdffcc71ac2acc3f748140e9d6b27586f7d7b743ccdb98289101fb4ad9 cpu_proc=6.76s cpu_iowait=158.12s cpu_total=167.72s wall=10.5s n=22
200	10.882770	19297737	sha256=497dacfdffcc71ac2acc3f748140e9d6b27586f7d7b743ccdb98289101fb4ad9	rbytes=2992013312
/local/data-ssd/stoetzem/thesis/experiments/runs/wikidata-gallop-ab-era2/baseline-scatter200k-de-cold2 code=200 wall=10.882770s sha=497dacfdffcc71ac2acc3f748140e9d6b27586f7d7b743ccdb98289101fb4ad9 cpu_proc=6.71s cpu_iowait=158.16s cpu_total=167.76s wall=10.5s n=22
[2026-09-22T14:22:33Z] server stopped (baseline)
[2026-09-22T14:22:43Z] === arm initial-ring (/local/data-ssd/stoetzem/binaries/qlever-server-bench_values-gallop)
[2026-09-22T14:23:06Z] server ready pid 1707970 (initial-ring)
[2026-09-22T14:23:06Z] warmup initial-ring large-de (discarded)
200	16.057526	504927346	sha256=dcd2b1bc77fce98409640e9a234aa92688de7ba54eeff9c0556752e814f8c5e1	rbytes=0
/local/data-ssd/stoetzem/thesis/experiments/runs/wikidata-gallop-ab-era2/initial-ring-large-de-warm code=200 wall=16.057526s sha=dcd2b1bc77fce98409640e9a234aa92688de7ba54eeff9c0556752e814f8c5e1 cpu_proc=16.77s cpu_iowait=238.61s cpu_total=256.08s wall=16.0s n=33
200	24.023220	504927346	sha256=dcd2b1bc77fce98409640e9a234aa92688de7ba54eeff9c0556752e814f8c5e1	rbytes=9435959296
/local/data-ssd/stoetzem/thesis/experiments/runs/wikidata-gallop-ab-era2/initial-ring-large-de-cold1 code=200 wall=24.023220s sha=dcd2b1bc77fce98409640e9a234aa92688de7ba54eeff9c0556752e814f8c5e1 cpu_proc=24.27s cpu_iowait=358.56s cpu_total=383.87s wall=24.0s n=49
200	23.826617	504927346	sha256=dcd2b1bc77fce98409640e9a234aa92688de7ba54eeff9c0556752e814f8c5e1	rbytes=9435344896
/local/data-ssd/stoetzem/thesis/experiments/runs/wikidata-gallop-ab-era2/initial-ring-large-de-cold2 code=200 wall=23.826617s sha=dcd2b1bc77fce98409640e9a234aa92688de7ba54eeff9c0556752e814f8c5e1 cpu_proc=23.78s cpu_iowait=351.13s cpu_total=375.83s wall=23.5s n=48
[2026-09-22T14:24:50Z] warmup initial-ring scatter200k-de (discarded)
200	5.008536	19297737	sha256=497dacfdffcc71ac2acc3f748140e9d6b27586f7d7b743ccdb98289101fb4ad9	rbytes=0
/local/data-ssd/stoetzem/thesis/experiments/runs/wikidata-gallop-ab-era2/initial-ring-scatter200k-de-warm code=200 wall=5.008536s sha=497dacfdffcc71ac2acc3f748140e9d6b27586f7d7b743ccdb98289101fb4ad9 cpu_proc=4.24s cpu_iowait=75.65s cpu_total=80.03s wall=5.0s n=11
200	10.863452	19297737	sha256=497dacfdffcc71ac2acc3f748140e9d6b27586f7d7b743ccdb98289101fb4ad9	rbytes=2992041984
/local/data-ssd/stoetzem/thesis/experiments/runs/wikidata-gallop-ab-era2/initial-ring-scatter200k-de-cold1 code=200 wall=10.863452s sha=497dacfdffcc71ac2acc3f748140e9d6b27586f7d7b743ccdb98289101fb4ad9 cpu_proc=6.73s cpu_iowait=158.06s cpu_total=167.69s wall=10.5s n=22
200	10.811864	19297737	sha256=497dacfdffcc71ac2acc3f748140e9d6b27586f7d7b743ccdb98289101fb4ad9	rbytes=2992013312
/local/data-ssd/stoetzem/thesis/experiments/runs/wikidata-gallop-ab-era2/initial-ring-scatter200k-de-cold2 code=200 wall=10.811864s sha=497dacfdffcc71ac2acc3f748140e9d6b27586f7d7b743ccdb98289101fb4ad9 cpu_proc=6.72s cpu_iowait=158.15s cpu_total=167.72s wall=10.5s n=22
[2026-09-22T14:25:43Z] server stopped (initial-ring)
# Initial-ring A/B on German-label exports (Wikidata truthy)

Baseline: bench-ch7-integration-84b943e4e5-io_uring. Variant: bench/values-gallop.
Method: per arm 1 warm + 2 cold reps per workload with sampler.

## large-de-warm baseline vs initial-ring
baseline:     200	16.120161	504927346	sha256=dcd2b1bc77fce98409640e9a234aa92688de7ba54eeff9c0556752e814f8c5e1	rbytes=0
initial-ring: 200	16.057526	504927346	sha256=dcd2b1bc77fce98409640e9a234aa92688de7ba54eeff9c0556752e814f8c5e1	rbytes=0

## large-de-cold1 baseline vs initial-ring
baseline:     200	23.831931	504927346	sha256=dcd2b1bc77fce98409640e9a234aa92688de7ba54eeff9c0556752e814f8c5e1	rbytes=9433690112
initial-ring: 200	24.023220	504927346	sha256=dcd2b1bc77fce98409640e9a234aa92688de7ba54eeff9c0556752e814f8c5e1	rbytes=9435959296

## large-de-cold2 baseline vs initial-ring
baseline:     200	23.262355	504927346	sha256=dcd2b1bc77fce98409640e9a234aa92688de7ba54eeff9c0556752e814f8c5e1	rbytes=9436147712
initial-ring: 200	23.826617	504927346	sha256=dcd2b1bc77fce98409640e9a234aa92688de7ba54eeff9c0556752e814f8c5e1	rbytes=9435344896

## scatter200k-de-warm baseline vs initial-ring
baseline:     200	5.086055	19297737	sha256=497dacfdffcc71ac2acc3f748140e9d6b27586f7d7b743ccdb98289101fb4ad9	rbytes=0
initial-ring: 200	5.008536	19297737	sha256=497dacfdffcc71ac2acc3f748140e9d6b27586f7d7b743ccdb98289101fb4ad9	rbytes=0

## scatter200k-de-cold1 baseline vs initial-ring
baseline:     200	10.923764	19297737	sha256=497dacfdffcc71ac2acc3f748140e9d6b27586f7d7b743ccdb98289101fb4ad9	rbytes=2992041984
initial-ring: 200	10.863452	19297737	sha256=497dacfdffcc71ac2acc3f748140e9d6b27586f7d7b743ccdb98289101fb4ad9	rbytes=2992041984

## scatter200k-de-cold2 baseline vs initial-ring
baseline:     200	10.882770	19297737	sha256=497dacfdffcc71ac2acc3f748140e9d6b27586f7d7b743ccdb98289101fb4ad9	rbytes=2992013312
initial-ring: 200	10.811864	19297737	sha256=497dacfdffcc71ac2acc3f748140e9d6b27586f7d7b743ccdb98289101fb4ad9	rbytes=2992013312

[2026-09-22T14:25:43Z] A/B complete
WQ_DONE seq=4399 type=bench exit=0
