[2026-10-07T11:34:04Z] setup done; loadavg=19.87 14.19 9.64 24/1690 3090195
[2026-10-07T11:34:04Z] A t1 cfg=1: fresh server (threads=1 pin=none)
Caches dropped successfully (synced, then wrote 1
 to /proc/sys/vm/drop_caches).
A 1 t1 cold#1 orig fast=1 curl wall=17.541463 ttfb=0.017546 bytes=674222797 srvcpu=36.10 sysbusy=15.73
Caches dropped successfully (synced, then wrote 1
 to /proc/sys/vm/drop_caches).
A 1 t1 cold#2 orig fast=1 curl wall=16.339514 ttfb=0.003082 bytes=674222797 srvcpu=34.46 sysbusy=14.15
A 1 t1 warmup#0 orig fast=1 curl wall=13.725965 ttfb=0.001346 bytes=674222797 srvcpu=30.04 sysbusy=12.04
A 1 t1 warm#1 orig fast=1 curl wall=17.337783 ttfb=0.001768 bytes=674222797 srvcpu=35.93 sysbusy=15.69
A 1 t1 warm#2 orig fast=1 curl wall=16.399101 ttfb=0.001851 bytes=674222797 srvcpu=34.21 sysbusy=15.47
[2026-10-07T11:36:02Z] A t1 cfg=2: fresh server (threads=2 pin=none)
Caches dropped successfully (synced, then wrote 1
 to /proc/sys/vm/drop_caches).
A 2 t1 cold#1 orig fast=1 curl wall=11.331424 ttfb=0.017206 bytes=674222797 srvcpu=35.32 sysbusy=15.85
Caches dropped successfully (synced, then wrote 1
 to /proc/sys/vm/drop_caches).
A 2 t1 cold#2 orig fast=1 curl wall=10.907696 ttfb=0.003194 bytes=674222797 srvcpu=33.36 sysbusy=15.92
A 2 t1 warmup#0 orig fast=1 curl wall=11.303803 ttfb=0.001938 bytes=674222797 srvcpu=35.30 sysbusy=15.96
A 2 t1 warm#1 orig fast=1 curl wall=10.767469 ttfb=0.001758 bytes=674222797 srvcpu=33.40 sysbusy=15.96
A 2 t1 warm#2 orig fast=1 curl wall=10.797125 ttfb=0.001493 bytes=674222797 srvcpu=33.83 sysbusy=15.51
[2026-10-07T11:37:34Z] A t1 cfg=4: fresh server (threads=4 pin=none)
Caches dropped successfully (synced, then wrote 1
 to /proc/sys/vm/drop_caches).
A 4 t1 cold#1 orig fast=1 curl wall=7.942297 ttfb=0.017440 bytes=674222797 srvcpu=34.57 sysbusy=15.78
Caches dropped successfully (synced, then wrote 1
 to /proc/sys/vm/drop_caches).
A 4 t1 cold#2 orig fast=1 curl wall=7.824729 ttfb=0.004255 bytes=674222797 srvcpu=34.73 sysbusy=15.95
A 4 t1 warmup#0 orig fast=1 curl wall=10.058793 ttfb=0.002418 bytes=674222797 srvcpu=35.11 sysbusy=15.97
A 4 t1 warm#1 orig fast=1 curl wall=7.711641 ttfb=0.003634 bytes=674222797 srvcpu=34.42 sysbusy=15.96
A 4 t1 warm#2 orig fast=1 curl wall=8.711504 ttfb=0.002406 bytes=674222797 srvcpu=34.68 sysbusy=15.96
[2026-10-07T11:38:54Z] A t1 cfg=8: fresh server (threads=8 pin=none)
Caches dropped successfully (synced, then wrote 1
 to /proc/sys/vm/drop_caches).
A 8 t1 cold#1 orig fast=1 curl wall=9.696480 ttfb=0.018760 bytes=674222797 srvcpu=35.21 sysbusy=15.71
Caches dropped successfully (synced, then wrote 1
 to /proc/sys/vm/drop_caches).
A 8 t1 cold#2 orig fast=1 curl wall=9.867701 ttfb=0.005223 bytes=674222797 srvcpu=35.48 sysbusy=15.92
A 8 t1 warmup#0 orig fast=1 curl wall=7.166112 ttfb=0.001862 bytes=674222797 srvcpu=34.41 sysbusy=15.92
A 8 t1 warm#1 orig fast=1 curl wall=9.072536 ttfb=0.001843 bytes=674222797 srvcpu=35.18 sysbusy=15.93
A 8 t1 warm#2 orig fast=1 curl wall=8.271313 ttfb=0.002335 bytes=674222797 srvcpu=34.76 sysbusy=15.82
A 8 t1 warm#1 orig fast=0 curl wall=34.075416 ttfb=0.153884 bytes=674222797 srvcpu=36.81 sysbusy=12.68
[2026-10-07T11:40:51Z] A t1 cfg=8pin: fresh server (threads=8 pin=0-7)
Caches dropped successfully (synced, then wrote 1
 to /proc/sys/vm/drop_caches).
A 8pin t1 cold#1 orig fast=1 curl wall=7.603985 ttfb=0.018089 bytes=674222797 srvcpu=34.93 sysbusy=15.82
Caches dropped successfully (synced, then wrote 1
 to /proc/sys/vm/drop_caches).
A 8pin t1 cold#2 orig fast=1 curl wall=7.275413 ttfb=0.003686 bytes=674222797 srvcpu=34.99 sysbusy=15.88
A 8pin t1 warmup#0 orig fast=1 curl wall=6.489572 ttfb=0.002668 bytes=674222797 srvcpu=34.53 sysbusy=15.94
A 8pin t1 warm#1 orig fast=1 curl wall=5.912571 ttfb=0.003665 bytes=674222797 srvcpu=33.96 sysbusy=15.90
A 8pin t1 warm#2 orig fast=1 curl wall=6.342023 ttfb=0.001762 bytes=674222797 srvcpu=34.59 sysbusy=15.93
[2026-10-07T11:42:04Z] A t2 cfg=2: fresh server (threads=2 pin=none)
Caches dropped successfully (synced, then wrote 1
 to /proc/sys/vm/drop_caches).
A 2 t2 cold#1 orig fast=1 curl wall=11.583619 ttfb=0.016799 bytes=674222797 srvcpu=35.49 sysbusy=15.87
Caches dropped successfully (synced, then wrote 1
 to /proc/sys/vm/drop_caches).
A 2 t2 cold#2 orig fast=1 curl wall=11.307036 ttfb=0.003504 bytes=674222797 srvcpu=35.62 sysbusy=15.93
A 2 t2 warmup#0 orig fast=1 curl wall=11.335112 ttfb=0.001941 bytes=674222797 srvcpu=35.31 sysbusy=15.88
A 2 t2 warm#1 orig fast=1 curl wall=11.369996 ttfb=0.001734 bytes=674222797 srvcpu=35.28 sysbusy=15.91
A 2 t2 warm#2 orig fast=1 curl wall=10.753551 ttfb=0.002009 bytes=674222797 srvcpu=34.09 sysbusy=15.20
[2026-10-07T11:43:38Z] A t2 cfg=4: fresh server (threads=4 pin=none)
Caches dropped successfully (synced, then wrote 1
 to /proc/sys/vm/drop_caches).
A 4 t2 cold#1 orig fast=1 curl wall=8.591509 ttfb=0.017019 bytes=674222797 srvcpu=35.43 sysbusy=15.85
Caches dropped successfully (synced, then wrote 1
 to /proc/sys/vm/drop_caches).
A 4 t2 cold#2 orig fast=1 curl wall=8.807125 ttfb=0.003244 bytes=674222797 srvcpu=35.36 sysbusy=15.94
A 4 t2 warmup#0 orig fast=1 curl wall=9.477745 ttfb=0.001630 bytes=674222797 srvcpu=35.43 sysbusy=15.85
A 4 t2 warm#1 orig fast=1 curl wall=7.163250 ttfb=0.001403 bytes=674222797 srvcpu=34.64 sysbusy=15.89
A 4 t2 warm#2 orig fast=1 curl wall=9.061715 ttfb=0.002763 bytes=674222797 srvcpu=34.84 sysbusy=15.94
[2026-10-07T11:44:59Z] A t2 cfg=8: fresh server (threads=8 pin=none)
Caches dropped successfully (synced, then wrote 1
 to /proc/sys/vm/drop_caches).
A 8 t2 cold#1 orig fast=1 curl wall=13.568952 ttfb=0.018024 bytes=674222797 srvcpu=35.26 sysbusy=15.96
Caches dropped successfully (synced, then wrote 1
 to /proc/sys/vm/drop_caches).
A 8 t2 cold#2 orig fast=1 curl wall=11.724661 ttfb=0.003791 bytes=674222797 srvcpu=35.34 sysbusy=15.95
A 8 t2 warmup#0 orig fast=1 curl wall=13.236642 ttfb=0.007988 bytes=674222797 srvcpu=35.42 sysbusy=15.96
A 8 t2 warm#1 orig fast=1 curl wall=11.902360 ttfb=0.003131 bytes=674222797 srvcpu=35.26 sysbusy=15.98
A 8 t2 warm#2 orig fast=1 curl wall=9.196809 ttfb=0.002050 bytes=674222797 srvcpu=34.50 sysbusy=15.94
A 8 t2 warm#1 orig fast=0 curl wall=32.238195 ttfb=0.154080 bytes=674222797 srvcpu=34.85 sysbusy=12.29
[2026-10-07T11:47:13Z] A t2 cfg=8pin: fresh server (threads=8 pin=0-7)
Caches dropped successfully (synced, then wrote 1
 to /proc/sys/vm/drop_caches).
A 8pin t2 cold#1 orig fast=1 curl wall=9.189492 ttfb=0.017013 bytes=674222797 srvcpu=35.26 sysbusy=15.90
Caches dropped successfully (synced, then wrote 1
 to /proc/sys/vm/drop_caches).
A 8pin t2 cold#2 orig fast=1 curl wall=6.681956 ttfb=0.003922 bytes=674222797 srvcpu=34.62 sysbusy=15.86
A 8pin t2 warmup#0 orig fast=1 curl wall=6.699133 ttfb=0.001504 bytes=674222797 srvcpu=34.04 sysbusy=15.87
A 8pin t2 warm#1 orig fast=1 curl wall=6.894356 ttfb=0.001591 bytes=674222797 srvcpu=33.31 sysbusy=15.80
A 8pin t2 warm#2 orig fast=1 curl wall=6.136946 ttfb=0.001423 bytes=674222797 srvcpu=33.41 sysbusy=15.91
[2026-10-07T11:48:30Z] A t2 cfg=1: fresh server (threads=1 pin=none)
Caches dropped successfully (synced, then wrote 1
 to /proc/sys/vm/drop_caches).
A 1 t2 cold#1 orig fast=1 curl wall=17.469068 ttfb=0.020601 bytes=674222797 srvcpu=36.99 sysbusy=15.27
Caches dropped successfully (synced, then wrote 1
 to /proc/sys/vm/drop_caches).
A 1 t2 cold#2 orig fast=1 curl wall=16.994977 ttfb=0.002943 bytes=674222797 srvcpu=36.13 sysbusy=15.29
A 1 t2 warmup#0 orig fast=1 curl wall=17.466310 ttfb=0.001695 bytes=674222797 srvcpu=37.03 sysbusy=15.16
A 1 t2 warm#1 orig fast=1 curl wall=16.709190 ttfb=0.001420 bytes=674222797 srvcpu=35.68 sysbusy=15.24
A 1 t2 warm#2 orig fast=1 curl wall=16.590621 ttfb=0.001849 bytes=674222797 srvcpu=35.22 sysbusy=15.34
[2026-10-07T11:50:33Z] A t3 cfg=4: fresh server (threads=4 pin=none)
Caches dropped successfully (synced, then wrote 1
 to /proc/sys/vm/drop_caches).
A 4 t3 cold#1 orig fast=1 curl wall=10.800561 ttfb=0.018806 bytes=674222797 srvcpu=36.15 sysbusy=15.90
Caches dropped successfully (synced, then wrote 1
 to /proc/sys/vm/drop_caches).
A 4 t3 cold#2 orig fast=1 curl wall=8.379611 ttfb=0.003672 bytes=674222797 srvcpu=35.37 sysbusy=15.94
A 4 t3 warmup#0 orig fast=1 curl wall=7.519111 ttfb=0.001806 bytes=674222797 srvcpu=34.90 sysbusy=15.92
A 4 t3 warm#1 orig fast=1 curl wall=6.856579 ttfb=0.006543 bytes=674222797 srvcpu=34.55 sysbusy=15.38
A 4 t3 warm#2 orig fast=1 curl wall=6.405298 ttfb=0.001430 bytes=674222797 srvcpu=33.52 sysbusy=14.92
[2026-10-07T11:51:53Z] A t3 cfg=8: fresh server (threads=8 pin=none)
Caches dropped successfully (synced, then wrote 1
 to /proc/sys/vm/drop_caches).
A 8 t3 cold#1 orig fast=1 curl wall=10.303615 ttfb=0.017705 bytes=674222797 srvcpu=36.16 sysbusy=15.88
Caches dropped successfully (synced, then wrote 1
 to /proc/sys/vm/drop_caches).
A 8 t3 cold#2 orig fast=1 curl wall=9.526983 ttfb=0.002797 bytes=674222797 srvcpu=35.13 sysbusy=15.93
A 8 t3 warmup#0 orig fast=1 curl wall=10.057343 ttfb=0.001820 bytes=674222797 srvcpu=35.41 sysbusy=15.91
A 8 t3 warm#1 orig fast=1 curl wall=7.978779 ttfb=0.001965 bytes=674222797 srvcpu=35.31 sysbusy=15.94
A 8 t3 warm#2 orig fast=1 curl wall=7.800230 ttfb=0.004567 bytes=674222797 srvcpu=35.55 sysbusy=15.90
A 8 t3 warm#1 orig fast=0 curl wall=36.728422 ttfb=0.143948 bytes=674222797 srvcpu=39.38 sysbusy=13.49
[2026-10-07T11:53:55Z] A t3 cfg=8pin: fresh server (threads=8 pin=0-7)
Caches dropped successfully (synced, then wrote 1
 to /proc/sys/vm/drop_caches).
A 8pin t3 cold#1 orig fast=1 curl wall=7.647625 ttfb=0.018149 bytes=674222797 srvcpu=35.05 sysbusy=15.64
Caches dropped successfully (synced, then wrote 1
 to /proc/sys/vm/drop_caches).
A 8pin t3 cold#2 orig fast=1 curl wall=7.980461 ttfb=0.003124 bytes=674222797 srvcpu=35.40 sysbusy=15.95
A 8pin t3 warmup#0 orig fast=1 curl wall=6.125607 ttfb=0.002151 bytes=674222797 srvcpu=34.45 sysbusy=15.96
A 8pin t3 warm#1 orig fast=1 curl wall=5.929597 ttfb=0.001692 bytes=674222797 srvcpu=34.12 sysbusy=15.94
A 8pin t3 warm#2 orig fast=1 curl wall=5.469064 ttfb=0.003915 bytes=674222797 srvcpu=34.62 sysbusy=15.90
[2026-10-07T11:55:08Z] A t3 cfg=1: fresh server (threads=1 pin=none)
Caches dropped successfully (synced, then wrote 1
 to /proc/sys/vm/drop_caches).
A 1 t3 cold#1 orig fast=1 curl wall=14.685489 ttfb=0.017143 bytes=674222797 srvcpu=32.14 sysbusy=12.55
Caches dropped successfully (synced, then wrote 1
 to /proc/sys/vm/drop_caches).
A 1 t3 cold#2 orig fast=1 curl wall=14.489454 ttfb=0.002267 bytes=674222797 srvcpu=31.60 sysbusy=12.56
A 1 t3 warmup#0 orig fast=1 curl wall=14.409600 ttfb=0.001443 bytes=674222797 srvcpu=31.47 sysbusy=12.53
A 1 t3 warm#1 orig fast=1 curl wall=14.032415 ttfb=0.001489 bytes=674222797 srvcpu=30.68 sysbusy=11.69
A 1 t3 warm#2 orig fast=1 curl wall=14.028674 ttfb=0.001329 bytes=674222797 srvcpu=30.66 sysbusy=11.59
[2026-10-07T11:56:56Z] A t3 cfg=2: fresh server (threads=2 pin=none)
Caches dropped successfully (synced, then wrote 1
 to /proc/sys/vm/drop_caches).
A 2 t3 cold#1 orig fast=1 curl wall=9.785476 ttfb=0.017031 bytes=674222797 srvcpu=31.96 sysbusy=12.58
Caches dropped successfully (synced, then wrote 1
 to /proc/sys/vm/drop_caches).
A 2 t3 cold#2 orig fast=1 curl wall=9.213144 ttfb=0.002393 bytes=674222797 srvcpu=30.29 sysbusy=11.82
A 2 t3 warmup#0 orig fast=1 curl wall=8.939776 ttfb=0.001477 bytes=674222797 srvcpu=29.35 sysbusy=11.63
A 2 t3 warm#1 orig fast=1 curl wall=9.136433 ttfb=0.001330 bytes=674222797 srvcpu=29.94 sysbusy=11.58
A 2 t3 warm#2 orig fast=1 curl wall=8.758105 ttfb=0.001484 bytes=674222797 srvcpu=28.89 sysbusy=10.74
[2026-10-07T11:58:18Z] phase A done
[2026-10-07T11:58:18Z] B j1: fresh diag server
Caches dropped successfully (synced, then wrote 1
 to /proc/sys/vm/drop_caches).
B 1 t1 cold#1 diag fast=1 curl wall=13.211479 ttfb=0.013816 bytes=674222797 srvcpu=29.15 sysbusy=10.81
B 1 t1 warmup#0 diag fast=1 curl wall=13.277299 ttfb=0.001346 bytes=674222797 srvcpu=29.13 sysbusy=10.55
B 1 t1 warm#1 diag fast=1 curl wall=13.693048 ttfb=0.001690 bytes=674222797 srvcpu=30.06 sysbusy=10.76
B 1 t1 warm#1 diag fast=1 curl wall=13.547587 ttfb=0.001590 bytes=674222797 srvcpu=29.73 sysbusy=10.57
[2026-10-07T11:59:55Z] B j2: fresh diag server
Caches dropped successfully (synced, then wrote 1
 to /proc/sys/vm/drop_caches).
B 2 t1 cold#1 diag fast=1 curl wall=8.309350 ttfb=0.014940 bytes=674222797 srvcpu=27.59 sysbusy=10.02
B 2 t1 warmup#0 diag fast=1 curl wall=8.395771 ttfb=0.001426 bytes=674222797 srvcpu=27.65 sysbusy=9.58
B 2 t1 warm#1 diag fast=1 curl wall=8.208864 ttfb=0.001326 bytes=674222797 srvcpu=27.37 sysbusy=9.82
[2026-10-07T12:00:57Z] B j4: fresh diag server
Caches dropped successfully (synced, then wrote 1
 to /proc/sys/vm/drop_caches).
B 4 t1 cold#1 diag fast=1 curl wall=5.157436 ttfb=0.014579 bytes=674222797 srvcpu=28.22 sysbusy=11.00
B 4 t1 warmup#0 diag fast=1 curl wall=5.079034 ttfb=0.002429 bytes=674222797 srvcpu=27.81 sysbusy=10.73
B 4 t1 warm#1 diag fast=1 curl wall=5.140733 ttfb=0.001490 bytes=674222797 srvcpu=28.30 sysbusy=11.04
[2026-10-07T12:01:49Z] B j8: fresh diag server
Caches dropped successfully (synced, then wrote 1
 to /proc/sys/vm/drop_caches).
B 8 t1 cold#1 diag fast=1 curl wall=3.512325 ttfb=0.014574 bytes=674222797 srvcpu=32.83 sysbusy=14.77
B 8 t1 warmup#0 diag fast=1 curl wall=3.426688 ttfb=0.002906 bytes=674222797 srvcpu=32.90 sysbusy=14.76
B 8 t1 warm#1 diag fast=1 curl wall=3.396749 ttfb=0.001635 bytes=674222797 srvcpu=32.20 sysbusy=14.91
B 8 t1 warm#1 diag fast=1 curl wall=3.465613 ttfb=0.001468 bytes=674222797 srvcpu=32.74 sysbusy=14.88
B 8 t1 warm#1 diag fast=1 curl wall=3.480793 ttfb=0.001710 bytes=674222797 srvcpu=32.83 sysbusy=14.88
Caches dropped successfully (synced, then wrote 1
 to /proc/sys/vm/drop_caches).
B 8 t1 cold#1 diag fast=1 curl wall=3.519939 ttfb=0.002289 bytes=674222797 srvcpu=33.07 sysbusy=14.89
[2026-10-07T12:03:02Z] phase B done
[2026-10-07T12:03:02Z] C: client/socket check, 8 threads warm
C 8 t0 warmup#0 orig fast=1 curl wall=7.482410 ttfb=0.011505 bytes=674222797 srvcpu=33.23 sysbusy=15.94
C 8 t1 warm#1 orig fast=1 curl wall=8.746326 ttfb=0.002125 bytes=674222797 srvcpu=34.78 sysbusy=15.88
C 8 t1 warm#2 orig fast=1 curl wall=4.191687 ttfb=0.002182 bytes=674222797 srvcpu=33.12 sysbusy=15.83
C 8 t1 warm#1 orig fast=1 py wall=8.4089 ttfb=2.3365 bytes=674222797 srvcpu=37.80 sysbusy=11.18
C 8 t1 warm#2 orig fast=1 py wall=8.0071 ttfb=2.2087 bytes=674222797 srvcpu=37.94 sysbusy=9.91
C 8 t1 warm#1 orig fast=1 curlpin wall=2.975258 ttfb=0.001180 bytes=674222797 srvcpu=29.29 sysbusy=12.35
C 8 t1 warm#2 orig fast=1 curlpin wall=2.890988 ttfb=0.001118 bytes=674222797 srvcpu=28.37 sysbusy=11.63
C 8 t2 warm#1 orig fast=1 py wall=6.8018 ttfb=1.3280 bytes=674222797 srvcpu=32.07 sysbusy=6.29
C 8 t2 warm#2 orig fast=1 py wall=7.1015 ttfb=1.6182 bytes=674222797 srvcpu=32.69 sysbusy=6.14
C 8 t2 warm#1 orig fast=1 curlpin wall=2.916836 ttfb=0.001239 bytes=674222797 srvcpu=29.01 sysbusy=11.34
C 8 t2 warm#2 orig fast=1 curlpin wall=2.858105 ttfb=0.001291 bytes=674222797 srvcpu=28.15 sysbusy=11.24
C 8 t2 warm#1 orig fast=1 curl wall=2.804912 ttfb=0.001373 bytes=674222797 srvcpu=27.53 sysbusy=11.31
C 8 t2 warm#2 orig fast=1 curl wall=2.829520 ttfb=0.001159 bytes=674222797 srvcpu=27.85 sysbusy=11.30
C 8 t3 warm#1 orig fast=1 curlpin wall=2.855171 ttfb=0.001215 bytes=674222797 srvcpu=28.05 sysbusy=11.30
C 8 t3 warm#2 orig fast=1 curlpin wall=2.822364 ttfb=0.001272 bytes=674222797 srvcpu=27.72 sysbusy=11.16
C 8 t3 warm#1 orig fast=1 curl wall=2.845877 ttfb=0.001174 bytes=674222797 srvcpu=28.22 sysbusy=11.29
C 8 t3 warm#2 orig fast=1 curl wall=2.802903 ttfb=0.001145 bytes=674222797 srvcpu=27.58 sysbusy=11.28
C 8 t3 warm#1 orig fast=1 py wall=6.9364 ttfb=1.4460 bytes=674222797 srvcpu=32.06 sysbusy=6.17
C 8 t3 warm#2 orig fast=1 py wall=6.9569 ttfb=1.5500 bytes=674222797 srvcpu=32.64 sysbusy=6.24
[2026-10-07T12:05:06Z] phase C done
[2026-10-07T12:05:06Z] ALL DONE
