2026-10-07 13:50:34.871 - INFO: [1mQLever server v0.6.0-583-g87f576742, compiled on Sat Sep 26 12:11:57 AM CEST 2026 using git hash 87f5767[22m
2026-10-07 13:50:34.871 - INFO: Cleanup of previous index directories after each rebuild enabled (--rebuild-keep-previous-index-dirs original-and-most-recent)
2026-10-07 13:50:34.872 - INFO: The git hash used to build this index was "65f84b4"
2026-10-07 13:50:34.872 - INFO: Reading vocabulary from file /local/data-ssd/stoetzem/wikidata/wikidata.vocabulary.words ...
2026-10-07 13:50:51.715 - INFO: Done, number of words: 1,580,300,680
2026-10-07 13:50:51.715 - INFO: Number of words in internal vocabulary (these are also part of the external vocabulary): 777,658,536
2026-10-07 13:50:51.822 - INFO: Registered PSO permutation: #relations = 10,100, #blocks = 225,155, #triples = 6,983,973,847
2026-10-07 13:50:51.955 - INFO: Registered PSO permutation: #relations = 13,566, #blocks = 264,339, #triples = 8,220,417,022
2026-10-07 13:50:52.052 - INFO: Registered POS permutation: #relations = 10,100, #blocks = 225,155, #triples = 6,983,973,847
2026-10-07 13:50:52.181 - INFO: Registered POS permutation: #relations = 13,566, #blocks = 264,339, #triples = 8,220,417,022
2026-10-07 13:50:52.290 - INFO: Registered OPS permutation: #relations = 1,683,253,489, #blocks = 222,728, #triples = 8,220,417,022
2026-10-07 13:50:52.397 - INFO: Registered OSP permutation: #relations = 1,683,253,489, #blocks = 222,728, #triples = 8,220,417,022
2026-10-07 13:50:52.477 - INFO: Registered SPO permutation: #relations = 252,534,289, #blocks = 175,741, #triples = 8,220,417,022
2026-10-07 13:50:52.550 - INFO: Registered SOP permutation: #relations = 252,534,289, #blocks = 175,741, #triples = 8,220,417,022
2026-10-07 13:50:52.550 - INFO: Reading patterns from file /local/data-ssd/stoetzem/wikidata/wikidata.index.patterns ...
2026-10-07 13:50:54.479 - INFO: Sorting random result tables to estimate the sorting performance of this machine ...
2026-10-07 13:51:05.197 - INFO: Initializing server ...
2026-10-07 13:51:05.197 - INFO: ExportEngineV2 serialize posts onto queryThreadPool_ (4 threads); no extra V2 pool. Helpers stop admitting when another query is registered.
2026-10-07 13:51:05.197 - INFO: No access token required for restricted API calls
2026-10-07 13:51:05.197 - INFO: The server is ready, listening for requests on port 7041 ...
2026-10-07 13:51:07.784 - INFO: 
2026-10-07 13:51:07.784 - INFO: Request received via POST, content type "application/x-www-form-urlencoded"
2026-10-07 13:51:07.796 - INFO: Processing the following SPARQL query:
# Tier H-vocab — English labels, large (SELECT companion)
# Same WHERE clause as H-vocab-label-large.rq, but SELECT ?entity ?label
# instead of CONSTRUCT. Used by run 124 (export term-lookup perf profile)
# to attribute SELECT export CPU between vocabulary lookup and formatting.
PREFIX wd: <http://www.wikidata.org/entity/>
PREFIX wdt: <http://www.wikidata.org/prop/direct/>
PREFIX rdfs: <http://www.w3.org/2000/01/rdf-schema#>

SELECT ?entity ?label
WHERE {
  ?entity wdt:P31 wd:Q5 .
  ?entity rdfs:label ?label .
  FILTER(LANG(?label) = "en")
}

2026-10-07 13:51:07.797 - INFO: Requested media types of the result are: "text/csv"
2026-10-07 13:51:07.800 - INFO: Query planning done in 15 ms
2026-10-07 13:51:07.800 - INFO: ExportEngine: FastStreamingV2 [Reason: Fast-Path V2 selected (eligible export query with explicit or default opt-in)]
2026-10-07 13:51:07.800 - INFO: Using ExportEngineV2 for text/csv export
2026-10-07 13:51:07.800 - INFO: Result has unknown size (not computed yet)
2026-10-07 13:51:07.800 - INFO: ExportEngineV2 streaming lazy result blocks to morsels on queryThreadPool_ (no extra V2 threads)
2026-10-07 13:51:18.582 - INFO: Done processing query and sending result, total time was 10,797 ms
2026-10-07 13:51:20.879 - INFO: 
2026-10-07 13:51:20.879 - INFO: Request received via POST, content type "application/x-www-form-urlencoded"
2026-10-07 13:51:20.880 - INFO: Processing the following SPARQL query:
# Tier H-vocab — English labels, large (SELECT companion)
# Same WHERE clause as H-vocab-label-large.rq, but SELECT ?entity ?label
# instead of CONSTRUCT. Used by run 124 (export term-lookup perf profile)
# to attribute SELECT export CPU between vocabulary lookup and formatting.
PREFIX wd: <http://www.wikidata.org/entity/>
PREFIX wdt: <http://www.wikidata.org/prop/direct/>
PREFIX rdfs: <http://www.w3.org/2000/01/rdf-schema#>

SELECT ?entity ?label
WHERE {
  ?entity wdt:P31 wd:Q5 .
  ?entity rdfs:label ?label .
  FILTER(LANG(?label) = "en")
}

2026-10-07 13:51:20.880 - INFO: Requested media types of the result are: "text/csv"
2026-10-07 13:51:20.881 - INFO: Query planning done in 1 ms
2026-10-07 13:51:20.881 - INFO: ExportEngine: FastStreamingV2 [Reason: Fast-Path V2 selected (eligible export query with explicit or default opt-in)]
2026-10-07 13:51:20.881 - INFO: Using ExportEngineV2 for text/csv export
2026-10-07 13:51:20.881 - INFO: Result has unknown size (not computed yet)
2026-10-07 13:51:20.882 - INFO: ExportEngineV2 streaming lazy result blocks to morsels on queryThreadPool_ (no extra V2 threads)
2026-10-07 13:51:29.259 - INFO: Done processing query and sending result, total time was 8,379 ms
2026-10-07 13:51:29.327 - INFO: 
2026-10-07 13:51:29.327 - INFO: Request received via POST, content type "application/x-www-form-urlencoded"
2026-10-07 13:51:29.327 - INFO: Processing the following SPARQL query:
# Tier H-vocab — English labels, large (SELECT companion)
# Same WHERE clause as H-vocab-label-large.rq, but SELECT ?entity ?label
# instead of CONSTRUCT. Used by run 124 (export term-lookup perf profile)
# to attribute SELECT export CPU between vocabulary lookup and formatting.
PREFIX wd: <http://www.wikidata.org/entity/>
PREFIX wdt: <http://www.wikidata.org/prop/direct/>
PREFIX rdfs: <http://www.w3.org/2000/01/rdf-schema#>

SELECT ?entity ?label
WHERE {
  ?entity wdt:P31 wd:Q5 .
  ?entity rdfs:label ?label .
  FILTER(LANG(?label) = "en")
}

2026-10-07 13:51:29.327 - INFO: Requested media types of the result are: "text/csv"
2026-10-07 13:51:29.328 - INFO: Query planning done in 1 ms
2026-10-07 13:51:29.328 - INFO: ExportEngine: FastStreamingV2 [Reason: Fast-Path V2 selected (eligible export query with explicit or default opt-in)]
2026-10-07 13:51:29.328 - INFO: Using ExportEngineV2 for text/csv export
2026-10-07 13:51:29.328 - INFO: Result has unknown size (not computed yet)
2026-10-07 13:51:29.328 - INFO: ExportEngineV2 streaming lazy result blocks to morsels on queryThreadPool_ (no extra V2 threads)
2026-10-07 13:51:36.848 - INFO: Done processing query and sending result, total time was 7,521 ms
2026-10-07 13:51:36.900 - INFO: 
2026-10-07 13:51:36.900 - INFO: Request received via POST, content type "application/x-www-form-urlencoded"
2026-10-07 13:51:36.901 - INFO: Processing the following SPARQL query:
# Tier H-vocab — English labels, large (SELECT companion)
# Same WHERE clause as H-vocab-label-large.rq, but SELECT ?entity ?label
# instead of CONSTRUCT. Used by run 124 (export term-lookup perf profile)
# to attribute SELECT export CPU between vocabulary lookup and formatting.
PREFIX wd: <http://www.wikidata.org/entity/>
PREFIX wdt: <http://www.wikidata.org/prop/direct/>
PREFIX rdfs: <http://www.w3.org/2000/01/rdf-schema#>

SELECT ?entity ?label
WHERE {
  ?entity wdt:P31 wd:Q5 .
  ?entity rdfs:label ?label .
  FILTER(LANG(?label) = "en")
}

2026-10-07 13:51:36.901 - INFO: Requested media types of the result are: "text/csv"
2026-10-07 13:51:36.902 - INFO: Query planning done in 1 ms
2026-10-07 13:51:36.906 - INFO: ExportEngine: FastStreamingV2 [Reason: Fast-Path V2 selected (eligible export query with explicit or default opt-in)]
2026-10-07 13:51:36.906 - INFO: Using ExportEngineV2 for text/csv export
2026-10-07 13:51:36.907 - INFO: Result has unknown size (not computed yet)
2026-10-07 13:51:36.907 - INFO: ExportEngineV2 streaming lazy result blocks to morsels on queryThreadPool_ (no extra V2 threads)
2026-10-07 13:51:43.758 - INFO: Done processing query and sending result, total time was 6,857 ms
2026-10-07 13:51:43.815 - INFO: 
2026-10-07 13:51:43.815 - INFO: Request received via POST, content type "application/x-www-form-urlencoded"
2026-10-07 13:51:43.815 - INFO: Processing the following SPARQL query:
# Tier H-vocab — English labels, large (SELECT companion)
# Same WHERE clause as H-vocab-label-large.rq, but SELECT ?entity ?label
# instead of CONSTRUCT. Used by run 124 (export term-lookup perf profile)
# to attribute SELECT export CPU between vocabulary lookup and formatting.
PREFIX wd: <http://www.wikidata.org/entity/>
PREFIX wdt: <http://www.wikidata.org/prop/direct/>
PREFIX rdfs: <http://www.w3.org/2000/01/rdf-schema#>

SELECT ?entity ?label
WHERE {
  ?entity wdt:P31 wd:Q5 .
  ?entity rdfs:label ?label .
  FILTER(LANG(?label) = "en")
}

2026-10-07 13:51:43.815 - INFO: Requested media types of the result are: "text/csv"
2026-10-07 13:51:43.816 - INFO: Query planning done in 0 ms
2026-10-07 13:51:43.816 - INFO: ExportEngine: FastStreamingV2 [Reason: Fast-Path V2 selected (eligible export query with explicit or default opt-in)]
2026-10-07 13:51:43.816 - INFO: Using ExportEngineV2 for text/csv export
2026-10-07 13:51:43.816 - INFO: Result has unknown size (not computed yet)
2026-10-07 13:51:43.816 - INFO: ExportEngineV2 streaming lazy result blocks to morsels on queryThreadPool_ (no extra V2 threads)
2026-10-07 13:51:50.222 - INFO: Done processing query and sending result, total time was 6,407 ms
