2026-09-28 23:05:23.879 - INFO: [1mQLever server CIKM-2691-g476247bc2, compiled on Mon Sep 28 18:22:56 UTC 2026 using git hash 476247b[22m
2026-09-28 23:05:23.879 - INFO: Runtime parameter set from the command line: vocabulary-iouring-page-cache-fast-path=true
2026-09-28 23:05:23.879 - INFO: Runtime parameter set from the command line: vocabulary-bench-fadvise-random=true
2026-09-28 23:05:23.879 - INFO: Cleanup of previous index directories after each rebuild enabled (--rebuild-keep-previous-index-dirs original-and-most-recent)
2026-09-28 23:05:23.880 - INFO: The git hash used to build this index was "65f84b4"
2026-09-28 23:05:23.880 - INFO: Reading vocabulary from file /local/data-ssd/stoetzem/qlever-indices/dblp/dblp.vocabulary.words ...
2026-09-28 23:05:23.890 - INFO: Done, number of words: 446,944,668
2026-09-28 23:05:23.890 - INFO: Number of words in internal vocabulary (these are also part of the external vocabulary): 446,955
2026-09-28 23:05:23.897 - INFO: Registered PSO permutation: #relations = 6, #blocks = 8,187, #triples = 255,805,025
2026-09-28 23:05:23.929 - INFO: Registered PSO permutation: #relations = 96, #blocks = 51,023, #triples = 1,593,245,022
2026-09-28 23:05:23.933 - INFO: Registered POS permutation: #relations = 6, #blocks = 8,187, #triples = 255,805,025
2026-09-28 23:05:23.952 - INFO: Registered POS permutation: #relations = 96, #blocks = 51,023, #triples = 1,593,245,022
2026-09-28 23:05:23.967 - INFO: Registered OPS permutation: #relations = 345,357,897, #blocks = 42,492, #triples = 1,593,245,022
2026-09-28 23:05:23.981 - INFO: Registered OSP permutation: #relations = 345,357,897, #blocks = 42,492, #triples = 1,593,245,022
2026-09-28 23:05:23.990 - INFO: Registered SPO permutation: #relations = 255,804,614, #blocks = 33,993, #triples = 1,593,245,022
2026-09-28 23:05:23.997 - INFO: Registered SOP permutation: #relations = 255,804,614, #blocks = 33,993, #triples = 1,593,245,022
2026-09-28 23:05:23.998 - INFO: Reading patterns from file /local/data-ssd/stoetzem/qlever-indices/dblp/dblp.index.patterns ...
2026-09-28 23:05:23.998 - INFO: Sorting random result tables to estimate the sorting performance of this machine ...
2026-09-28 23:05:31.919 - INFO: Initializing server ...
2026-09-28 23:05:31.919 - INFO: No access token required for restricted API calls
2026-09-28 23:05:31.919 - INFO: The server is ready, listening for requests on port 7015 ...
2026-09-28 23:05:32.225 - INFO: 
2026-09-28 23:05:32.225 - INFO: Request received via POST, content type "application/x-www-form-urlencoded"
2026-09-28 23:05:32.230 - INFO: Processing the following SPARQL query:
# Tier H — size-sweep
# Goal: isolate export cost from query-planning cost. Raise the year bound
# across runs, for example 1970, 1990, 2010, and 2023.
PREFIX dblp: <https://dblp.org/rdf/schema#>

CONSTRUCT { ?s ?p ?o }
WHERE {
  ?s a dblp:Publication ;
     dblp:yearOfPublication ?year ;
     ?p ?o .
  FILTER(?year <= "1970"^^<http://www.w3.org/2001/XMLSchema#gYear>)
}

2026-09-28 23:05:32.230 - INFO: Requested media types of the result are: "text/turtle"
2026-09-28 23:05:32.232 - INFO: Query planning done in 6 ms
2026-09-28 23:05:32.267 - INFO: Result has unknown size (not computed yet)
FASTPATH_STATS calls=294 offsetPairs=42127 offsetPairHits=42127 offsetPairsRing=0 offsetRuns=37398 offsetRunHits=37398 words=42127 wordHits=41859 wordsRing=0 wordBytes=710847 wordHitBytes=706731 preadvCalls=73326 preadvFull=73326 preadvEagain=0 preadvPartial=0 fadviseCalls=294
FASTPATH_STATS calls=633 offsetPairs=90264 offsetPairHits=90264 offsetPairsRing=0 offsetRuns=80261 offsetRunHits=80261 words=90264 wordHits=90264 wordsRing=0 wordBytes=1514665 wordHitBytes=1514665 preadvCalls=157412 preadvFull=157412 preadvEagain=0 preadvPartial=0 fadviseCalls=633
FASTPATH_STATS calls=934 offsetPairs=134598 offsetPairHits=134598 offsetPairsRing=0 offsetRuns=119266 offsetRunHits=119266 words=134598 wordHits=134346 wordsRing=0 wordBytes=2266851 wordHitBytes=2262043 preadvCalls=233972 preadvFull=233972 preadvEagain=0 preadvPartial=0 fadviseCalls=934
2026-09-28 23:05:32.953 - INFO: Done processing query and sending result, total time was 727 ms
2026-09-28 23:05:33.013 - INFO: 
2026-09-28 23:05:33.013 - INFO: Request received via POST, content type "application/x-www-form-urlencoded"
2026-09-28 23:05:33.014 - INFO: Processing the following SPARQL query:
# Tier H — size-sweep
# Goal: isolate export cost from query-planning cost. Raise the year bound
# across runs, for example 1970, 1990, 2010, and 2023.
PREFIX dblp: <https://dblp.org/rdf/schema#>

CONSTRUCT { ?s ?p ?o }
WHERE {
  ?s a dblp:Publication ;
     dblp:yearOfPublication ?year ;
     ?p ?o .
  FILTER(?year <= "1970"^^<http://www.w3.org/2001/XMLSchema#gYear>)
}

2026-09-28 23:05:33.014 - INFO: Requested media types of the result are: "text/turtle"
2026-09-28 23:05:33.015 - INFO: Query planning done in 1 ms
2026-09-28 23:05:33.044 - INFO: Result has unknown size (not computed yet)
FASTPATH_STATS calls=1012 offsetPairs=146000 offsetPairHits=146000 offsetPairsRing=0 offsetRuns=129402 offsetRunHits=129402 words=146000 wordHits=146000 wordsRing=0 wordBytes=2490367 wordHitBytes=2490367 preadvCalls=253974 preadvFull=253974 preadvEagain=0 preadvPartial=0 fadviseCalls=1012
FASTPATH_STATS calls=1280 offsetPairs=184433 offsetPairHits=184182 offsetPairsRing=0 offsetRuns=163250 offsetRunHits=163250 words=184182 wordHits=184182 wordsRing=0 wordBytes=3132433 wordHitBytes=3132433 preadvCalls=320561 preadvFull=320560 preadvEagain=0 preadvPartial=0 fadviseCalls=1280
FASTPATH_STATS calls=1617 offsetPairs=232281 offsetPairHits=232281 offsetPairsRing=0 offsetRuns=206085 offsetRunHits=206085 words=232281 wordHits=232281 wordsRing=0 wordBytes=3935876 wordHitBytes=3935876 preadvCalls=404338 preadvFull=404338 preadvEagain=0 preadvPartial=0 fadviseCalls=1617
FASTPATH_STATS calls=1890 offsetPairs=272556 offsetPairHits=272556 offsetPairsRing=0 offsetRuns=241425 offsetRunHits=241425 words=272556 wordHits=272556 wordsRing=0 wordBytes=4615777 wordHitBytes=4615777 preadvCalls=473757 preadvFull=473757 preadvEagain=0 preadvPartial=0 fadviseCalls=1890
2026-09-28 23:05:33.768 - INFO: Done processing query and sending result, total time was 754 ms
