2026-08-10 23:54:41.943 - INFO: [1mQLever server v0.5.50-82-g65f84b43, compiled on Mon Aug 10 19:10:29 CEST 2026 using git hash 65f84b4[22m
2026-08-10 23:54:41.943 - INFO: Cleanup of previous index directories after each rebuild enabled (--rebuild-keep-previous-index-dirs original-and-most-recent)
2026-08-10 23:54:41.944 - INFO: The git hash used to build this index was "65f84b4"
2026-08-10 23:54:41.944 - INFO: Reading vocabulary from file /local/data-ssd/stoetzem/dblp/dblp.vocabulary.words ...
2026-08-10 23:54:41.958 - INFO: Done, number of words: 446,944,668
2026-08-10 23:54:41.958 - INFO: Number of words in internal vocabulary (these are also part of the external vocabulary): 446,955
2026-08-10 23:54:41.965 - INFO: Registered PSO permutation: #relations = 6, #blocks = 8,187, #triples = 255,805,025
2026-08-10 23:54:41.989 - INFO: Registered PSO permutation: #relations = 96, #blocks = 51,023, #triples = 1,593,245,022
2026-08-10 23:54:41.993 - INFO: Registered POS permutation: #relations = 6, #blocks = 8,187, #triples = 255,805,025
2026-08-10 23:54:42.017 - INFO: Registered POS permutation: #relations = 96, #blocks = 51,023, #triples = 1,593,245,022
2026-08-10 23:54:42.036 - INFO: Registered OPS permutation: #relations = 345,357,897, #blocks = 42,492, #triples = 1,593,245,022
2026-08-10 23:54:42.056 - INFO: Registered OSP permutation: #relations = 345,357,897, #blocks = 42,492, #triples = 1,593,245,022
2026-08-10 23:54:42.069 - INFO: Registered SPO permutation: #relations = 255,804,614, #blocks = 33,993, #triples = 1,593,245,022
2026-08-10 23:54:42.080 - INFO: Registered SOP permutation: #relations = 255,804,614, #blocks = 33,993, #triples = 1,593,245,022
2026-08-10 23:54:42.080 - INFO: Reading patterns from file /local/data-ssd/stoetzem/dblp/dblp.index.patterns ...
2026-08-10 23:54:42.081 - INFO: Sorting random result tables to estimate the sorting performance of this machine ...
2026-08-10 23:54:50.019 - INFO: Initializing server ...
2026-08-10 23:54:50.019 - INFO: No access token required for restricted API calls
2026-08-10 23:54:50.019 - INFO: The server is ready, listening for requests on port 7026 ...
2026-08-10 23:54:50.214 - INFO: 
2026-08-10 23:54:50.214 - INFO: Request received via POST, content type "application/x-www-form-urlencoded"
2026-08-10 23:54:50.217 - INFO: Processing the following SPARQL query:
# Tier H — dedup-heavy
# Goal: exercise CONSTRUCT result deduplication. A paper with multiple
# signatures produces repeated (?paper ?p ?o) rows through this join.
PREFIX dblp: <https://dblp.org/rdf/schema#>

CONSTRUCT { ?paper ?p ?o }
WHERE {
  ?paper a dblp:Publication ;
         dblp:publishedInStream <https://dblp.org/streams/conf/stoc> ;
         dblp:hasSignature ?sig .
  ?sig dblp:signatureCreator ?creator .
  ?paper ?p ?o .
}

2026-08-10 23:54:50.217 - INFO: Requested media types of the result are: "text/turtle"
2026-08-10 23:54:50.217 - INFO: CONSTRUCT_REQUEST_STAGE_ENTER name=planning elapsed_us=2,929
2026-08-10 23:54:50.234 - INFO: Query planning done in 19 ms
2026-08-10 23:54:50.234 - INFO: CONSTRUCT_REQUEST_STAGE_ENTER name=response_stream elapsed_us=20,024
2026-08-10 23:54:50.253 - INFO: Result has unknown size (not computed yet)
2026-08-10 23:54:50.253 - INFO: CONSTRUCT_EXPORT_DEDUPLICATOR_CONSTRUCTION_BEGIN mode=none
2026-08-10 23:54:50.253 - INFO: CONSTRUCT_EXPORT_DEDUPLICATOR_CONSTRUCTION_END mode=none enabled=false
2026-08-10 23:54:51.967 - INFO: CONSTRUCT_EXPORT_STAGE_SUMMARY construct_stream_us=1,714,654 setup_us=8 batch_evaluation_us=1,600,451 instantiation_deduplication_us=19,302 batches=383 input_rows=390,854 candidate_triples=390,854 emitted_triples=390,854
2026-08-10 23:54:51.977 - INFO: CONSTRUCT_REQUEST_STAGE_SUMMARY planning_begin_us=2,929 planning_end_us=20,023 planning_us=17,094 response_stream_begin_us=20,024 response_stream_end_us=1,762,794 response_stream_us=1,742,770 root_execution_us=38,650 non_root_stream_us=1,704,120 server_request_us=1,762,794
2026-08-10 23:54:51.977 - INFO: Done processing query and sending result, total time was 1,762 ms
2026-08-10 23:54:51.996 - INFO: 
2026-08-10 23:54:51.996 - INFO: Request received via GET, no content type specified
2026-08-10 23:54:51.996 - INFO: Processing command "cache-stats": get cache statistics
