2026-07-30 22:37:24.815 - INFO: [1mQLever server v0.5.50-58-gbdd1a6b9, compiled on Thu Jul 30 22:03:57 CEST 2026 using git hash bdd1a6b[22m
2026-07-30 22:37:24.816 - INFO: The git hash used to build this index was "8c99fe"
2026-07-30 22:37:24.816 - INFO: Reading vocabulary from file /home/userNoPriv/code/qlever/qlever-indices/dblp/dblp.vocabulary.words ...
2026-07-30 22:37:24.834 - INFO: Done, number of words: 409,446,926
2026-07-30 22:37:24.834 - INFO: Number of words in internal vocabulary (these are also part of the external vocabulary): 409,457
2026-07-30 22:37:24.845 - INFO: Registered PSO permutation: #relations = 6, #blocks = 7,515, #triples = 234,800,838
2026-07-30 22:37:24.869 - INFO: Registered PSO permutation: #relations = 96, #blocks = 46,913, #triples = 1,464,719,701
2026-07-30 22:37:24.872 - INFO: Registered POS permutation: #relations = 6, #blocks = 7,515, #triples = 234,800,838
2026-07-30 22:37:24.895 - INFO: Registered POS permutation: #relations = 96, #blocks = 46,913, #triples = 1,464,719,701
2026-07-30 22:37:24.915 - INFO: Registered OPS permutation: #relations = 318,850,904, #blocks = 39,014, #triples = 1,464,719,701
2026-07-30 22:37:24.935 - INFO: Registered OSP permutation: #relations = 318,850,904, #blocks = 39,014, #triples = 1,464,719,701
2026-07-30 22:37:24.948 - INFO: Registered SPO permutation: #relations = 234,800,427, #blocks = 31,251, #triples = 1,464,719,701
2026-07-30 22:37:24.960 - INFO: Registered SOP permutation: #relations = 234,800,427, #blocks = 31,251, #triples = 1,464,719,701
2026-07-30 22:37:24.960 - INFO: Reading patterns from file /home/userNoPriv/code/qlever/qlever-indices/dblp/dblp.index.patterns ...
2026-07-30 22:37:24.961 - INFO: Sorting random result tables to estimate the sorting performance of this machine ...
2026-07-30 22:37:33.593 - INFO: Initializing server ...
2026-07-30 22:37:33.593 - INFO: No access token required for restricted API calls
2026-07-30 22:37:33.593 - INFO: The server is ready, listening for requests on port 7015 ...
2026-07-30 22:37:33.608 - INFO: 
2026-07-30 22:37:33.609 - INFO: Request received via GET, no content type specified
2026-07-30 22:37:33.609 - INFO: Processing command "cache-stats": get cache statistics
2026-07-30 22:37:33.617 - INFO: 
2026-07-30 22:37:33.617 - INFO: Request received via POST, content type "application/x-www-form-urlencoded"
2026-07-30 22:37:33.619 - INFO: Processing the following SPARQL query:
# Tier H — vocab-heavy
# Goal: stress random external-vocabulary lookup with unrelated publications.
PREFIX dblp: <https://dblp.org/rdf/schema#>

CONSTRUCT { ?s ?p ?o }
WHERE {
  VALUES ?s {
    <https://dblp.org/rec/journals/cacm/Knuth74>
    <https://dblp.org/rec/conf/stoc/Karp72>
    <https://dblp.org/rec/journals/cacm/Dijkstra68>
    <https://dblp.org/rec/conf/focs/Cook71>
    <https://dblp.org/rec/journals/cacm/Hoare69>
    <https://dblp.org/rec/conf/stoc/Rabin76>
    <https://dblp.org/rec/journals/tocs/Lamport78>
    <https://dblp.org/rec/conf/podc/FischerLP85>
    <https://dblp.org/rec/journals/jacm/ValiantV76>
    <https://dblp.org/rec/conf/stoc/GareyJ76>
  }
  ?s ?p ?o .
}

2026-07-30 22:37:33.619 - INFO: Requested media types of the result are: "text/turtle"
2026-07-30 22:37:33.619 - INFO: Query planning done in 2 ms
2026-07-30 22:37:33.637 - INFO: Number of tuples in VALUES clause: 10
2026-07-30 22:37:33.637 - INFO: Number of entries in local vocabulary per column: 7
2026-07-30 22:37:33.637 - INFO: Result has unknown size (not computed yet)
2026-07-30 22:37:33.711 - INFO: Done processing query and sending result, total time was 94 ms
2026-07-30 22:37:33.718 - INFO: 
2026-07-30 22:37:33.718 - INFO: Request received via GET, no content type specified
2026-07-30 22:37:33.718 - INFO: Processing command "cache-stats": get cache statistics
2026-07-30 22:37:34.057 - INFO: 
2026-07-30 22:37:34.057 - INFO: Request received via POST, content type "application/x-www-form-urlencoded"
2026-07-30 22:37:34.058 - INFO: Processing the following SPARQL query:
# Tier H — vocab-heavy
# Goal: stress random external-vocabulary lookup with unrelated publications.
PREFIX dblp: <https://dblp.org/rdf/schema#>

CONSTRUCT { ?s ?p ?o }
WHERE {
  VALUES ?s {
    <https://dblp.org/rec/journals/cacm/Knuth74>
    <https://dblp.org/rec/conf/stoc/Karp72>
    <https://dblp.org/rec/journals/cacm/Dijkstra68>
    <https://dblp.org/rec/conf/focs/Cook71>
    <https://dblp.org/rec/journals/cacm/Hoare69>
    <https://dblp.org/rec/conf/stoc/Rabin76>
    <https://dblp.org/rec/journals/tocs/Lamport78>
    <https://dblp.org/rec/conf/podc/FischerLP85>
    <https://dblp.org/rec/journals/jacm/ValiantV76>
    <https://dblp.org/rec/conf/stoc/GareyJ76>
  }
  ?s ?p ?o .
}

2026-07-30 22:37:34.058 - INFO: Requested media types of the result are: "text/turtle"
2026-07-30 22:37:34.058 - INFO: Query planning done in 0 ms
2026-07-30 22:37:34.058 - INFO: Number of tuples in VALUES clause: 10
2026-07-30 22:37:34.058 - INFO: Number of entries in local vocabulary per column: 7
2026-07-30 22:37:34.058 - INFO: Result has unknown size (not computed yet)
2026-07-30 22:37:34.067 - INFO: Done processing query and sending result, total time was 9 ms
2026-07-30 22:37:34.075 - INFO: 
2026-07-30 22:37:34.075 - INFO: Request received via GET, no content type specified
2026-07-30 22:37:34.075 - INFO: Processing command "cache-stats": get cache statistics
