2026-07-30 22:51:34.023 - INFO: [1mQLever server v0.5.50-58-gbdd1a6b9, compiled on Thu Jul 30 22:03:57 CEST 2026 using git hash bdd1a6b[22m
2026-07-30 22:51:34.024 - INFO: The git hash used to build this index was "8c99fe"
2026-07-30 22:51:34.024 - INFO: Reading vocabulary from file /home/userNoPriv/code/qlever/qlever-indices/dblp/dblp.vocabulary.words ...
2026-07-30 22:51:34.039 - INFO: Done, number of words: 409,446,926
2026-07-30 22:51:34.039 - INFO: Number of words in internal vocabulary (these are also part of the external vocabulary): 409,457
2026-07-30 22:51:34.049 - INFO: Registered PSO permutation: #relations = 6, #blocks = 7,515, #triples = 234,800,838
2026-07-30 22:51:34.076 - INFO: Registered PSO permutation: #relations = 96, #blocks = 46,913, #triples = 1,464,719,701
2026-07-30 22:51:34.081 - INFO: Registered POS permutation: #relations = 6, #blocks = 7,515, #triples = 234,800,838
2026-07-30 22:51:34.105 - INFO: Registered POS permutation: #relations = 96, #blocks = 46,913, #triples = 1,464,719,701
2026-07-30 22:51:34.127 - INFO: Registered OPS permutation: #relations = 318,850,904, #blocks = 39,014, #triples = 1,464,719,701
2026-07-30 22:51:34.148 - INFO: Registered OSP permutation: #relations = 318,850,904, #blocks = 39,014, #triples = 1,464,719,701
2026-07-30 22:51:34.161 - INFO: Registered SPO permutation: #relations = 234,800,427, #blocks = 31,251, #triples = 1,464,719,701
2026-07-30 22:51:34.173 - INFO: Registered SOP permutation: #relations = 234,800,427, #blocks = 31,251, #triples = 1,464,719,701
2026-07-30 22:51:34.173 - INFO: Reading patterns from file /home/userNoPriv/code/qlever/qlever-indices/dblp/dblp.index.patterns ...
2026-07-30 22:51:34.178 - INFO: Sorting random result tables to estimate the sorting performance of this machine ...
2026-07-30 22:51:43.230 - INFO: Initializing server ...
2026-07-30 22:51:43.230 - INFO: No access token required for restricted API calls
2026-07-30 22:51:43.230 - INFO: The server is ready, listening for requests on port 7015 ...
2026-07-30 22:51:43.363 - INFO: 
2026-07-30 22:51:43.363 - INFO: Request received via GET, no content type specified
2026-07-30 22:51:43.363 - INFO: Processing command "cache-stats": get cache statistics
2026-07-30 22:51:43.372 - INFO: 
2026-07-30 22:51:43.372 - INFO: Request received via POST, content type "application/x-www-form-urlencoded"
2026-07-30 22:51:43.374 - INFO: Processing the following SPARQL query:
# Tier D2 — DISCOVER (medium duplication, realistic)
# Signature joins create moderate duplicate density without a synthetic
# multiplier; use a bounded result while tuning the concrete stream.
PREFIX dblp: <https://dblp.org/rdf/schema#>

CONSTRUCT { ?paper ?p ?o }
WHERE {
  ?paper a dblp:Publication ;
         dblp:publishedInStream <https://dblp.org/streams/conf/stoc> ;
         dblp:hasSignature ?sig .
  ?sig dblp:signatureCreator ?creator .
  ?paper ?p ?o .
}
LIMIT 100000

2026-07-30 22:51:43.374 - INFO: Requested media types of the result are: "text/turtle"
2026-07-30 22:51:43.384 - INFO: Query planning done in 12 ms
2026-07-30 22:51:43.416 - INFO: Result has unknown size (not computed yet)
2026-07-30 22:51:46.814 - INFO: Done processing query and sending result, total time was 3,442 ms
2026-07-30 22:51:46.821 - INFO: 
2026-07-30 22:51:46.821 - INFO: Request received via GET, no content type specified
2026-07-30 22:51:46.821 - INFO: Processing command "cache-stats": get cache statistics
2026-07-30 22:51:47.169 - INFO: 
2026-07-30 22:51:47.169 - INFO: Request received via POST, content type "application/x-www-form-urlencoded"
2026-07-30 22:51:47.169 - INFO: Processing the following SPARQL query:
# Tier D2 — DISCOVER (medium duplication, realistic)
# Signature joins create moderate duplicate density without a synthetic
# multiplier; use a bounded result while tuning the concrete stream.
PREFIX dblp: <https://dblp.org/rdf/schema#>

CONSTRUCT { ?paper ?p ?o }
WHERE {
  ?paper a dblp:Publication ;
         dblp:publishedInStream <https://dblp.org/streams/conf/stoc> ;
         dblp:hasSignature ?sig .
  ?sig dblp:signatureCreator ?creator .
  ?paper ?p ?o .
}
LIMIT 100000

2026-07-30 22:51:47.170 - INFO: Requested media types of the result are: "text/turtle"
2026-07-30 22:51:47.171 - INFO: Query planning done in 1 ms
2026-07-30 22:51:47.182 - INFO: Result has unknown size (not computed yet)
2026-07-30 22:51:47.256 - INFO: Done processing query and sending result, total time was 86 ms
2026-07-30 22:51:47.304 - INFO: 
2026-07-30 22:51:47.304 - INFO: Request received via GET, no content type specified
2026-07-30 22:51:47.304 - INFO: Processing command "cache-stats": get cache statistics
