2026-10-07 19:00:35.719 - INFO: [1mQLever server CIKM-2802-g77a41c663, compiled on Tue Oct  6 12:40:58 UTC 2026 using git hash 77a41c6[22m
2026-10-07 19:00:35.719 - INFO: Cleanup of previous index directories after each rebuild enabled (--rebuild-keep-previous-index-dirs original-and-most-recent)
2026-10-07 19:00:35.720 - INFO: The git hash used to build this index was "65f84b4"
2026-10-07 19:00:35.720 - INFO: Reading vocabulary from file /local/data-ssd/stoetzem/wikidata/wikidata.vocabulary.words ...
2026-10-07 19:00:47.172 - INFO: Done, number of words: 1,580,300,680
2026-10-07 19:00:47.172 - INFO: Number of words in internal vocabulary (these are also part of the external vocabulary): 777,658,536
2026-10-07 19:00:47.247 - INFO: Registered PSO permutation: #relations = 10,100, #blocks = 225,155, #triples = 6,983,973,847
2026-10-07 19:00:47.341 - INFO: Registered PSO permutation: #relations = 13,566, #blocks = 264,339, #triples = 8,220,417,022
2026-10-07 19:00:47.410 - INFO: Registered POS permutation: #relations = 10,100, #blocks = 225,155, #triples = 6,983,973,847
2026-10-07 19:00:47.503 - INFO: Registered POS permutation: #relations = 13,566, #blocks = 264,339, #triples = 8,220,417,022
2026-10-07 19:00:47.584 - INFO: Registered OPS permutation: #relations = 1,683,253,489, #blocks = 222,728, #triples = 8,220,417,022
2026-10-07 19:00:47.664 - INFO: Registered OSP permutation: #relations = 1,683,253,489, #blocks = 222,728, #triples = 8,220,417,022
2026-10-07 19:00:47.718 - INFO: Registered SPO permutation: #relations = 252,534,289, #blocks = 175,741, #triples = 8,220,417,022
2026-10-07 19:00:47.771 - INFO: Registered SOP permutation: #relations = 252,534,289, #blocks = 175,741, #triples = 8,220,417,022
2026-10-07 19:00:47.771 - INFO: Reading patterns from file /local/data-ssd/stoetzem/wikidata/wikidata.index.patterns ...
2026-10-07 19:00:48.970 - WARN: The geo points of this index use the encoding "lat-major", which is deprecated and will not be supported for much longer; with this encoding, a spatial prefilter on points can only restrict the latitude; please build the index with the default encoding "z-order" (just omit the option `--geo-point-encoding` of `qlever-index`)
2026-10-07 19:00:48.970 - INFO: Sorting random result tables to estimate the sorting performance of this machine ...
2026-10-07 19:00:57.056 - INFO: Initializing server ...
2026-10-07 19:00:57.056 - INFO: No access token required for restricted API calls
2026-10-07 19:00:57.056 - INFO: The server is ready, listening for requests on port 7015 ...
2026-10-07 19:00:57.292 - INFO: 
2026-10-07 19:00:57.293 - INFO: Request received via POST, content type "application/x-www-form-urlencoded"
2026-10-07 19:00:57.296 - INFO: Processing the following SPARQL query:
# Scattered-read candidate (io-screen 2026-10-06): German labels of all Wikimedia disambiguation pages (Q4167410).
# No VALUES: one P+O bound class scan (wdt:P31 wd:Q4167410), then the German
# label scan. German literals are in the external (on-disk) vocabulary.
# A sparse class spreads its label IDs over the sorted vocabulary, so few
# reads share a page. Public endpoint count (2026-10): ~0.70M German labels.
PREFIX wd: <http://www.wikidata.org/entity/>
PREFIX wdt: <http://www.wikidata.org/prop/direct/>
PREFIX rdfs: <http://www.w3.org/2000/01/rdf-schema#>
PREFIX schema: <http://schema.org/>
PREFIX skos: <http://www.w3.org/2004/02/skos/core#>

CONSTRUCT { ?entity rdfs:label ?label }
WHERE {
  ?entity wdt:P31 wd:Q4167410 .
  ?entity rdfs:label ?label .
  FILTER(LANG(?label) = "de")
}

2026-10-07 19:00:57.296 - INFO: Requested media types of the result are: "text/turtle"
2026-10-07 19:00:57.297 - INFO: Query planning done in 4 ms
2026-10-07 19:00:57.297 - INFO: Result has unknown size (not computed yet)
2026-10-07 19:01:26.869 - INFO: Done processing query and sending result, total time was 29,576 ms
2026-10-07 19:01:26.891 - INFO: 
2026-10-07 19:01:26.891 - INFO: Request received via POST, content type "application/x-www-form-urlencoded"
2026-10-07 19:01:26.892 - INFO: Processing the following SPARQL query:
# Scattered-read candidate (io-screen 2026-10-06): German labels of all Wikimedia disambiguation pages (Q4167410).
# No VALUES: one P+O bound class scan (wdt:P31 wd:Q4167410), then the German
# label scan. German literals are in the external (on-disk) vocabulary.
# A sparse class spreads its label IDs over the sorted vocabulary, so few
# reads share a page. Public endpoint count (2026-10): ~0.70M German labels.
PREFIX wd: <http://www.wikidata.org/entity/>
PREFIX wdt: <http://www.wikidata.org/prop/direct/>
PREFIX rdfs: <http://www.w3.org/2000/01/rdf-schema#>
PREFIX schema: <http://schema.org/>
PREFIX skos: <http://www.w3.org/2004/02/skos/core#>

CONSTRUCT { ?entity rdfs:label ?label }
WHERE {
  ?entity wdt:P31 wd:Q4167410 .
  ?entity rdfs:label ?label .
  FILTER(LANG(?label) = "de")
}

2026-10-07 19:01:26.892 - INFO: Requested media types of the result are: "text/turtle"
2026-10-07 19:01:26.893 - INFO: Query planning done in 1 ms
2026-10-07 19:01:26.893 - INFO: Result has unknown size (not computed yet)
2026-10-07 19:02:10.955 - INFO: Done processing query and sending result, total time was 44,063 ms
