2026-10-06 11:58:39.402 - INFO: [1mQLever server v0.6.0-310-gf8cca285e, compiled on Tue Sep 29 06:38:23 UTC 2026 using git hash f8cca28[22m
2026-10-06 11:58:39.402 - INFO: Cleanup of previous index directories after each rebuild enabled (--rebuild-keep-previous-index-dirs original-and-most-recent)
2026-10-06 11:58:39.403 - INFO: The git hash used to build this index was "65f84b4"
2026-10-06 11:58:39.403 - INFO: Reading vocabulary from file /local/data-ssd/stoetzem/wikidata/wikidata.vocabulary.words ...
2026-10-06 11:58:55.349 - INFO: Done, number of words: 1,580,300,680
2026-10-06 11:58:55.349 - INFO: Number of words in internal vocabulary (these are also part of the external vocabulary): 777,658,536
2026-10-06 11:58:55.445 - INFO: Registered PSO permutation: #relations = 10,100, #blocks = 225,155, #triples = 6,983,973,847
2026-10-06 11:58:55.573 - INFO: Registered PSO permutation: #relations = 13,566, #blocks = 264,339, #triples = 8,220,417,022
2026-10-06 11:58:55.670 - INFO: Registered POS permutation: #relations = 10,100, #blocks = 225,155, #triples = 6,983,973,847
2026-10-06 11:58:55.791 - INFO: Registered POS permutation: #relations = 13,566, #blocks = 264,339, #triples = 8,220,417,022
2026-10-06 11:58:55.898 - INFO: Registered OPS permutation: #relations = 1,683,253,489, #blocks = 222,728, #triples = 8,220,417,022
2026-10-06 11:58:56.004 - INFO: Registered OSP permutation: #relations = 1,683,253,489, #blocks = 222,728, #triples = 8,220,417,022
2026-10-06 11:58:56.079 - INFO: Registered SPO permutation: #relations = 252,534,289, #blocks = 175,741, #triples = 8,220,417,022
2026-10-06 11:58:56.152 - INFO: Registered SOP permutation: #relations = 252,534,289, #blocks = 175,741, #triples = 8,220,417,022
2026-10-06 11:58:56.152 - INFO: Reading patterns from file /local/data-ssd/stoetzem/wikidata/wikidata.index.patterns ...
2026-10-06 11:58:57.914 - INFO: Sorting random result tables to estimate the sorting performance of this machine ...
2026-10-06 11:59:08.641 - INFO: Initializing server ...
2026-10-06 11:59:08.641 - INFO: No access token required for restricted API calls
2026-10-06 11:59:08.641 - INFO: The server is ready, listening for requests on port 7015 ...
2026-10-06 11:59:08.753 - INFO: 
2026-10-06 11:59:08.753 - INFO: Request received via POST, content type "application/x-www-form-urlencoded"
2026-10-06 11:59:08.757 - INFO: Processing the following SPARQL query:
# Tier H-vocab — English labels, large
# Physical: P+O bound scan of wdt:P31 wd:Q5 (class postings), then
# S+P bound SPO scan of rdfs:label. LANG(?label) maps label IDs to
# strings. CONSTRUCT writes entity IRI + label.
# Targets: large sequential class scan, label vocabulary, 1.3 GiB Turtle
# serialize. Same query as wikidata-construct-humans-label-en.
PREFIX wd: <http://www.wikidata.org/entity/>
PREFIX wdt: <http://www.wikidata.org/prop/direct/>
PREFIX rdfs: <http://www.w3.org/2000/01/rdf-schema#>

CONSTRUCT { ?entity rdfs:label ?label }
WHERE {
  ?entity wdt:P31 wd:Q5 .
  ?entity rdfs:label ?label .
  FILTER(LANG(?label) = "en")
}

2026-10-06 11:59:08.757 - INFO: Requested media types of the result are: "text/turtle"
2026-10-06 11:59:08.761 - INFO: Query planning done in 8 ms
2026-10-06 11:59:08.761 - INFO: Result has unknown size (not computed yet)
2026-10-06 11:59:46.351 - INFO: Done processing query and sending result, total time was 37,597 ms
2026-10-06 11:59:46.380 - INFO: 
2026-10-06 11:59:46.380 - INFO: Request received via GET, no content type specified
2026-10-06 11:59:46.380 - INFO: Processing command "cache-stats": get cache statistics
2026-10-06 11:59:46.410 - INFO: 
2026-10-06 11:59:46.410 - INFO: Request received via GET, no content type specified
2026-10-06 11:59:46.410 - INFO: Processing command "clear-cache": clear the cache (unpinned elements only)
2026-10-06 11:59:46.436 - INFO: 
2026-10-06 11:59:46.436 - INFO: Request received via GET, no content type specified
2026-10-06 11:59:46.436 - INFO: Processing command "cache-stats": get cache statistics
2026-10-06 11:59:46.462 - INFO: 
2026-10-06 11:59:46.462 - INFO: Request received via POST, content type "application/x-www-form-urlencoded"
2026-10-06 11:59:46.462 - INFO: Processing the following SPARQL query:
# Tier H-vocab — English labels, large
# Physical: P+O bound scan of wdt:P31 wd:Q5 (class postings), then
# S+P bound SPO scan of rdfs:label. LANG(?label) maps label IDs to
# strings. CONSTRUCT writes entity IRI + label.
# Targets: large sequential class scan, label vocabulary, 1.3 GiB Turtle
# serialize. Same query as wikidata-construct-humans-label-en.
PREFIX wd: <http://www.wikidata.org/entity/>
PREFIX wdt: <http://www.wikidata.org/prop/direct/>
PREFIX rdfs: <http://www.w3.org/2000/01/rdf-schema#>

CONSTRUCT { ?entity rdfs:label ?label }
WHERE {
  ?entity wdt:P31 wd:Q5 .
  ?entity rdfs:label ?label .
  FILTER(LANG(?label) = "en")
}

2026-10-06 11:59:46.462 - INFO: Requested media types of the result are: "text/turtle"
2026-10-06 11:59:46.463 - INFO: Query planning done in 0 ms
2026-10-06 11:59:46.463 - INFO: Result has unknown size (not computed yet)
2026-10-06 12:00:24.529 - INFO: Done processing query and sending result, total time was 38,067 ms
2026-10-06 12:00:24.560 - INFO: 
2026-10-06 12:00:24.560 - INFO: Request received via GET, no content type specified
2026-10-06 12:00:24.560 - INFO: Processing command "cache-stats": get cache statistics
