[2026-10-07T00:18:34Z] env: governor=powersave loadavg=18.51 18.89 16.58 18/1454 2532062 
[2026-10-07T00:18:35Z] arm p12 bin=/local/data-ssd/stoetzem/bin-cache/fc954b6300d518ce25131169731e45f9d4f867a2/qlever-server rp= version=/local/data-ssd/stoetzem/bin-cache/fc954b6300d518ce25131169731e45f9d4f867a2/qlever-server CIKM-2866-gfc954b630
[2026-10-07T00:18:35Z] p12 H-vocab-label-large-de rec: drop caches + fresh server
Caches dropped successfully (synced, then wrote 1
 to /proc/sys/vm/drop_caches).
[2026-10-07T00:19:46Z] p12 H-vocab-label-large-de cold-rec wall=34.197 ttfb=0.133846 bytes=504927346 sha=dcd2b1bc77fce98409640e9a234aa92688de7ba54eeff9c0556752e814f8c5e1 
[2026-10-07T00:19:46Z] p12 H-vocab-label-large-de warm-up
[2026-10-07T00:20:36Z] p12 H-vocab-label-large-de warm-rec wall=23.335 ttfb=0.059621 bytes=504927346 sha=dcd2b1bc77fce98409640e9a234aa92688de7ba54eeff9c0556752e814f8c5e1 
[2026-10-07T00:20:39Z] p12 H-vocab-label-large-de stat: drop caches + fresh server
Caches dropped successfully (synced, then wrote 1
 to /proc/sys/vm/drop_caches).
[2026-10-07T00:21:47Z] p12 H-vocab-label-large-de cold-stat wall=31.316 ttfb=0.122721 bytes=504927346 sha=dcd2b1bc77fce98409640e9a234aa92688de7ba54eeff9c0556752e814f8c5e1 
[2026-10-07T00:21:47Z] p12 H-vocab-label-large-de warm-up
[2026-10-07T00:22:33Z] p12 H-vocab-label-large-de warm-stat wall=21.180 ttfb=0.095703 bytes=504927346 sha=dcd2b1bc77fce98409640e9a234aa92688de7ba54eeff9c0556752e814f8c5e1 
[2026-10-07T00:22:36Z] p12 H-vocab-label-large rec: drop caches + fresh server
Caches dropped successfully (synced, then wrote 1
 to /proc/sys/vm/drop_caches).
[2026-10-07T00:23:45Z] p12 H-vocab-label-large cold-rec wall=34.393 ttfb=0.053287 bytes=1302749672 sha=8a6fb1884b67c924f1140e4301bc66ba9f3f1a5a6277504f12268fc5701c768d 
[2026-10-07T00:23:45Z] p12 H-vocab-label-large warm-up
[2026-10-07T00:24:55Z] p12 H-vocab-label-large warm-rec wall=33.388 ttfb=0.027901 bytes=1302749672 sha=8a6fb1884b67c924f1140e4301bc66ba9f3f1a5a6277504f12268fc5701c768d 
[2026-10-07T00:24:58Z] p12 H-vocab-label-large stat: drop caches + fresh server
Caches dropped successfully (synced, then wrote 1
 to /proc/sys/vm/drop_caches).
[2026-10-07T00:26:02Z] p12 H-vocab-label-large cold-stat wall=31.555 ttfb=0.046583 bytes=1302749672 sha=8a6fb1884b67c924f1140e4301bc66ba9f3f1a5a6277504f12268fc5701c768d 
[2026-10-07T00:26:02Z] p12 H-vocab-label-large warm-up
[2026-10-07T00:26:58Z] p12 H-vocab-label-large warm-stat wall=24.583 ttfb=0.038144 bytes=1302749672 sha=8a6fb1884b67c924f1140e4301bc66ba9f3f1a5a6277504f12268fc5701c768d 
[2026-10-07T00:27:00Z] post-processing
[2026-10-07T00:27:00Z] no tid in /local/data-ssd/stoetzem/thesis/experiments/runs/export-cpu-profile-p12/p12/H-vocab-label-large/cold-rec
[2026-10-07T00:27:00Z] no tid in /local/data-ssd/stoetzem/thesis/experiments/runs/export-cpu-profile-p12/p12/H-vocab-label-large-de/cold-rec
[2026-10-07T00:27:00Z] no tid in /local/data-ssd/stoetzem/thesis/experiments/runs/export-cpu-profile-p12/p12/H-vocab-label-large-de/warm-rec
[2026-10-07T00:27:00Z] no tid in /local/data-ssd/stoetzem/thesis/experiments/runs/export-cpu-profile-p12/p12/H-vocab-label-large/warm-rec
[2026-10-07T00:27:00Z] ALL DONE
