2026-09-28 23:05:44.999 - INFO: [1mQLever server CIKM-2691-g476247bc2, compiled on Mon Sep 28 18:22:56 UTC 2026 using git hash 476247b[22m
2026-09-28 23:05:44.999 - INFO: Runtime parameter set from the command line: vocabulary-iouring-page-cache-fast-path=true
2026-09-28 23:05:44.999 - INFO: Runtime parameter set from the command line: vocabulary-bench-fadvise-random=false
2026-09-28 23:05:44.999 - INFO: Cleanup of previous index directories after each rebuild enabled (--rebuild-keep-previous-index-dirs original-and-most-recent)
2026-09-28 23:05:45.007 - INFO: The git hash used to build this index was "65f84b4"
2026-09-28 23:05:45.007 - INFO: Reading vocabulary from file /local/data-ssd/stoetzem/qlever-indices/dblp/dblp.vocabulary.words ...
2026-09-28 23:05:45.023 - INFO: Done, number of words: 446,944,668
2026-09-28 23:05:45.023 - INFO: Number of words in internal vocabulary (these are also part of the external vocabulary): 446,955
2026-09-28 23:05:45.031 - INFO: Registered PSO permutation: #relations = 6, #blocks = 8,187, #triples = 255,805,025
2026-09-28 23:05:45.053 - INFO: Registered PSO permutation: #relations = 96, #blocks = 51,023, #triples = 1,593,245,022
2026-09-28 23:05:45.056 - INFO: Registered POS permutation: #relations = 6, #blocks = 8,187, #triples = 255,805,025
2026-09-28 23:05:45.078 - INFO: Registered POS permutation: #relations = 96, #blocks = 51,023, #triples = 1,593,245,022
2026-09-28 23:05:45.095 - INFO: Registered OPS permutation: #relations = 345,357,897, #blocks = 42,492, #triples = 1,593,245,022
2026-09-28 23:05:45.113 - INFO: Registered OSP permutation: #relations = 345,357,897, #blocks = 42,492, #triples = 1,593,245,022
2026-09-28 23:05:45.125 - INFO: Registered SPO permutation: #relations = 255,804,614, #blocks = 33,993, #triples = 1,593,245,022
2026-09-28 23:05:45.135 - INFO: Registered SOP permutation: #relations = 255,804,614, #blocks = 33,993, #triples = 1,593,245,022
2026-09-28 23:05:45.135 - INFO: Reading patterns from file /local/data-ssd/stoetzem/qlever-indices/dblp/dblp.index.patterns ...
2026-09-28 23:05:45.135 - INFO: Sorting random result tables to estimate the sorting performance of this machine ...
2026-09-28 23:05:53.086 - INFO: Initializing server ...
2026-09-28 23:05:53.086 - INFO: No access token required for restricted API calls
2026-09-28 23:05:53.086 - INFO: The server is ready, listening for requests on port 7015 ...
2026-09-28 23:05:53.358 - INFO: 
2026-09-28 23:05:53.358 - INFO: Request received via POST, content type "application/x-www-form-urlencoded"
2026-09-28 23:05:53.362 - INFO: Processing the following SPARQL query:
# Tier H — size-sweep
# Goal: isolate export cost from query-planning cost. Raise the year bound
# across runs, for example 1970, 1990, 2010, and 2023.
PREFIX dblp: <https://dblp.org/rdf/schema#>

CONSTRUCT { ?s ?p ?o }
WHERE {
  ?s a dblp:Publication ;
     dblp:yearOfPublication ?year ;
     ?p ?o .
  FILTER(?year <= "1970"^^<http://www.w3.org/2001/XMLSchema#gYear>)
}

2026-09-28 23:05:53.362 - INFO: Requested media types of the result are: "text/turtle"
2026-09-28 23:05:53.379 - INFO: Query planning done in 20 ms
2026-09-28 23:05:53.418 - INFO: Result has unknown size (not computed yet)
FASTPATH_STATS calls=187 offsetPairs=27057 offsetPairHits=19434 offsetPairsRing=7347 offsetRuns=23913 offsetRunHits=16999 words=26781 wordHits=18188 wordsRing=8593 wordBytes=448806 wordHitBytes=200587 preadvCalls=47005 preadvFull=32181 preadvEagain=14802 preadvPartial=22 fadviseCalls=0
FASTPATH_STATS calls=365 offsetPairs=52063 offsetPairHits=40585 offsetPairsRing=11478 offsetRuns=46097 offsetRunHits=35536 words=52063 wordHits=37740 wordsRing=14323 wordBytes=864940 wordHitBytes=451332 preadvCalls=90483 preadvFull=67055 preadvEagain=23391 preadvPartial=37 fadviseCalls=0
FASTPATH_STATS calls=580 offsetPairs=82746 offsetPairHits=68389 offsetPairsRing=14357 offsetRuns=73475 offsetRunHits=60448 words=82746 wordHits=63119 wordsRing=19367 wordBytes=1380885 wordHitBytes=789620 preadvCalls=144118 preadvFull=113837 preadvEagain=30224 preadvPartial=57 fadviseCalls=0
FASTPATH_STATS calls=786 offsetPairs=112647 offsetPairHits=95153 offsetPairsRing=17236 offsetRuns=99188 offsetRunHits=83845 words=112389 wordHits=87700 wordsRing=24689 wordBytes=1888039 wordHitBytes=1142788 preadvCalls=194557 preadvFull=157651 preadvEagain=36828 preadvPartial=78 fadviseCalls=0
FASTPATH_STATS calls=984 offsetPairs=142017 offsetPairHits=123120 offsetPairsRing=18897 offsetRuns=125824 offsetRunHits=109053 words=142017 wordHits=113428 wordsRing=28589 wordBytes=2421211 wordHitBytes=1532433 preadvCalls=246926 preadvFull=205094 preadvEagain=41732 preadvPartial=100 fadviseCalls=0
2026-09-28 23:05:54.484 - INFO: Done processing query and sending result, total time was 1,126 ms
