2026-09-28 20:22:42.702 - INFO: [1mQLever server v0.6.0-215-g3aaff2de5, compiled on Mon Sep 28 11:41:41 AM CEST 2026 using git hash 3aaff2d[22m
2026-09-28 20:22:42.703 - INFO: Cleanup of previous index directories after each rebuild enabled (--rebuild-keep-previous-index-dirs original-and-most-recent)
2026-09-28 20:22:42.705 - INFO: The git hash used to build this index was "65f84b4"
2026-09-28 20:22:42.705 - INFO: Reading vocabulary from file /local/data-ssd/stoetzem/wikidata/wikidata.vocabulary.words ...
2026-09-28 20:22:55.641 - INFO: Done, number of words: 1,580,300,680
2026-09-28 20:22:55.641 - INFO: Number of words in internal vocabulary (these are also part of the external vocabulary): 777,658,536
2026-09-28 20:22:55.717 - INFO: Registered PSO permutation: #relations = 10,100, #blocks = 225,155, #triples = 6,983,973,847
2026-09-28 20:22:55.813 - INFO: Registered PSO permutation: #relations = 13,566, #blocks = 264,339, #triples = 8,220,417,022
2026-09-28 20:22:55.884 - INFO: Registered POS permutation: #relations = 10,100, #blocks = 225,155, #triples = 6,983,973,847
2026-09-28 20:22:55.979 - INFO: Registered POS permutation: #relations = 13,566, #blocks = 264,339, #triples = 8,220,417,022
2026-09-28 20:22:56.059 - INFO: Registered OPS permutation: #relations = 1,683,253,489, #blocks = 222,728, #triples = 8,220,417,022
2026-09-28 20:22:56.140 - INFO: Registered OSP permutation: #relations = 1,683,253,489, #blocks = 222,728, #triples = 8,220,417,022
2026-09-28 20:22:56.195 - INFO: Registered SPO permutation: #relations = 252,534,289, #blocks = 175,741, #triples = 8,220,417,022
2026-09-28 20:22:56.249 - INFO: Registered SOP permutation: #relations = 252,534,289, #blocks = 175,741, #triples = 8,220,417,022
2026-09-28 20:22:56.249 - INFO: Reading patterns from file /local/data-ssd/stoetzem/wikidata/wikidata.index.patterns ...
2026-09-28 20:22:57.609 - INFO: Sorting random result tables to estimate the sorting performance of this machine ...
2026-09-28 20:23:05.450 - INFO: Initializing server ...
2026-09-28 20:23:05.450 - INFO: No access token required for restricted API calls
2026-09-28 20:23:05.450 - INFO: The server is ready, listening for requests on port 7015 ...
2026-09-28 20:23:05.513 - INFO: 
2026-09-28 20:23:05.513 - INFO: Request received via POST, content type "application/x-www-form-urlencoded"
2026-09-28 20:23:05.516 - INFO: Processing the following SPARQL query:
# Tier H-vocab — German labels, large
# Physical: P+O bound scan of wdt:P31 wd:Q5 (class postings), then
# S+P bound SPO scan of rdfs:label. LANG(?label) maps label IDs to
# strings. CONSTRUCT writes entity IRI + label.
# Targets: large sequential class scan with EXTERNAL vocabulary words.
# German is not in languages-internal (only "en"), so QLever's
# shouldLiteralBeExternalized places every de literal in the external
# tier (src/index/vocabulary/Vocabulary.cpp). Same shape as
# H-vocab-label-large.rq, but every lookup is a guaranteed external
# miss on cold caches.
PREFIX wd: <http://www.wikidata.org/entity/>
PREFIX wdt: <http://www.wikidata.org/prop/direct/>
PREFIX rdfs: <http://www.w3.org/2000/01/rdf-schema#>

CONSTRUCT { ?entity rdfs:label ?label }
WHERE {
  ?entity wdt:P31 wd:Q5 .
  ?entity rdfs:label ?label .
  FILTER(LANG(?label) = "de")
}

2026-09-28 20:23:05.516 - INFO: Requested media types of the result are: "text/turtle"
2026-09-28 20:23:05.539 - INFO: Query planning done in 25 ms
2026-09-28 20:23:05.539 - INFO: Result has unknown size (not computed yet)
2026-09-28 20:23:32.597 - INFO: Done processing query and sending result, total time was 27,084 ms
2026-09-28 20:23:32.597 - INFO: io_uring submissions of this query: 0 reads with IOSQE_FIXED_FILE, 8,883,546 reads with a plain descriptor, 0 fixed-file table updates
2026-09-28 20:23:32.615 - INFO: 
2026-09-28 20:23:32.615 - INFO: Request received via GET, no content type specified
2026-09-28 20:23:32.615 - INFO: Processing command "cache-stats": get cache statistics
2026-09-28 20:23:32.632 - INFO: 
2026-09-28 20:23:32.632 - INFO: Request received via GET, no content type specified
2026-09-28 20:23:32.632 - INFO: Processing command "clear-cache": clear the cache (unpinned elements only)
2026-09-28 20:23:32.648 - INFO: 
2026-09-28 20:23:32.648 - INFO: Request received via GET, no content type specified
2026-09-28 20:23:32.648 - INFO: Processing command "cache-stats": get cache statistics
2026-09-28 20:23:32.665 - INFO: 
2026-09-28 20:23:32.665 - INFO: Request received via POST, content type "application/x-www-form-urlencoded"
2026-09-28 20:23:32.666 - INFO: Processing the following SPARQL query:
# Tier H-vocab — German labels, large
# Physical: P+O bound scan of wdt:P31 wd:Q5 (class postings), then
# S+P bound SPO scan of rdfs:label. LANG(?label) maps label IDs to
# strings. CONSTRUCT writes entity IRI + label.
# Targets: large sequential class scan with EXTERNAL vocabulary words.
# German is not in languages-internal (only "en"), so QLever's
# shouldLiteralBeExternalized places every de literal in the external
# tier (src/index/vocabulary/Vocabulary.cpp). Same shape as
# H-vocab-label-large.rq, but every lookup is a guaranteed external
# miss on cold caches.
PREFIX wd: <http://www.wikidata.org/entity/>
PREFIX wdt: <http://www.wikidata.org/prop/direct/>
PREFIX rdfs: <http://www.w3.org/2000/01/rdf-schema#>

CONSTRUCT { ?entity rdfs:label ?label }
WHERE {
  ?entity wdt:P31 wd:Q5 .
  ?entity rdfs:label ?label .
  FILTER(LANG(?label) = "de")
}

2026-09-28 20:23:32.666 - INFO: Requested media types of the result are: "text/turtle"
2026-09-28 20:23:32.666 - INFO: Query planning done in 0 ms
2026-09-28 20:23:32.666 - INFO: Result has unknown size (not computed yet)
2026-09-28 20:23:51.578 - INFO: Done processing query and sending result, total time was 18,912 ms
2026-09-28 20:23:51.578 - INFO: io_uring submissions of this query: 0 reads with IOSQE_FIXED_FILE, 8,883,546 reads with a plain descriptor, 0 fixed-file table updates
2026-09-28 20:23:51.599 - INFO: 
2026-09-28 20:23:51.599 - INFO: Request received via GET, no content type specified
2026-09-28 20:23:51.599 - INFO: Processing command "cache-stats": get cache statistics
