2026-10-08 02:41:36.029 - INFO: [1mQLever server CIKM-3095-g60efca19a, compiled on Wed Oct  7 21:02:12 UTC 2026 using git hash 60efca1[22m
2026-10-08 02:41:36.029 - INFO: Cleanup of previous index directories after each rebuild enabled (--rebuild-keep-previous-index-dirs original-and-most-recent)
2026-10-08 02:41:36.030 - INFO: The git hash used to build this index was "65f84b4"
2026-10-08 02:41:36.030 - INFO: Reading vocabulary from file /local/data-ssd/stoetzem/wikidata/wikidata.vocabulary.words ...
2026-10-08 02:41:52.439 - INFO: Done, number of words: 1,580,300,680
2026-10-08 02:41:52.439 - INFO: Number of words in internal vocabulary (these are also part of the external vocabulary): 777,658,536
2026-10-08 02:41:52.543 - INFO: Registered PSO permutation: #relations = 10,100, #blocks = 225,155, #triples = 6,983,973,847
2026-10-08 02:41:52.667 - INFO: Registered PSO permutation: #relations = 13,566, #blocks = 264,339, #triples = 8,220,417,022
2026-10-08 02:41:52.761 - INFO: Registered POS permutation: #relations = 10,100, #blocks = 225,155, #triples = 6,983,973,847
2026-10-08 02:41:52.886 - INFO: Registered POS permutation: #relations = 13,566, #blocks = 264,339, #triples = 8,220,417,022
2026-10-08 02:41:52.991 - INFO: Registered OPS permutation: #relations = 1,683,253,489, #blocks = 222,728, #triples = 8,220,417,022
2026-10-08 02:41:53.094 - INFO: Registered OSP permutation: #relations = 1,683,253,489, #blocks = 222,728, #triples = 8,220,417,022
2026-10-08 02:41:53.168 - INFO: Registered SPO permutation: #relations = 252,534,289, #blocks = 175,741, #triples = 8,220,417,022
2026-10-08 02:41:53.239 - INFO: Registered SOP permutation: #relations = 252,534,289, #blocks = 175,741, #triples = 8,220,417,022
2026-10-08 02:41:53.239 - INFO: Reading patterns from file /local/data-ssd/stoetzem/wikidata/wikidata.index.patterns ...
2026-10-08 02:41:55.014 - INFO: Sorting random result tables to estimate the sorting performance of this machine ...
2026-10-08 02:42:05.488 - INFO: Initializing server ...
2026-10-08 02:42:05.488 - INFO: ExportEngineV2 serialize posts onto queryThreadPool_ (8 threads); no extra V2 pool. Helpers stop admitting when another query is registered.
2026-10-08 02:42:05.488 - INFO: No access token required for restricted API calls
2026-10-08 02:42:05.488 - INFO: The server is ready, listening for requests on port 7015 ...
2026-10-08 02:42:05.631 - INFO: 
2026-10-08 02:42:05.631 - INFO: Request received via POST, content type "application/x-www-form-urlencoded"
2026-10-08 02:42:05.635 - INFO: Processing the following SPARQL query:
# Tier H-vocab — English labels, large
# Physical: P+O bound scan of wdt:P31 wd:Q5 (class postings), then
# S+P bound SPO scan of rdfs:label. LANG(?label) maps label IDs to
# strings. CONSTRUCT writes entity IRI + label.
# Targets: large sequential class scan, label vocabulary, 1.3 GiB Turtle
# serialize. Same query as wikidata-construct-humans-label-en.
PREFIX wd: <http://www.wikidata.org/entity/>
PREFIX wdt: <http://www.wikidata.org/prop/direct/>
PREFIX rdfs: <http://www.w3.org/2000/01/rdf-schema#>

CONSTRUCT { ?entity rdfs:label ?label }
WHERE {
  ?entity wdt:P31 wd:Q5 .
  ?entity rdfs:label ?label .
  FILTER(LANG(?label) = "en")
}

2026-10-08 02:42:05.635 - INFO: Requested media types of the result are: "text/turtle"
2026-10-08 02:42:05.639 - INFO: Query planning done in 7 ms
2026-10-08 02:42:05.639 - INFO: ExportEngine: LegacyV1 [Reason: Legacy V1 selected (explicitly requested via query parameter or header override)]
2026-10-08 02:42:05.639 - INFO: Result has unknown size (not computed yet)
2026-10-08 02:42:46.548 - INFO: Done processing query and sending result, total time was 40,916 ms
2026-10-08 02:42:46.574 - INFO: 
2026-10-08 02:42:46.574 - INFO: Request received via GET, no content type specified
2026-10-08 02:42:46.574 - INFO: Processing command "cache-stats": get cache statistics
2026-10-08 02:42:46.598 - INFO: 
2026-10-08 02:42:46.598 - INFO: Request received via GET, no content type specified
2026-10-08 02:42:46.598 - INFO: Processing command "clear-cache": clear the cache (unpinned elements only)
2026-10-08 02:42:46.624 - INFO: 
2026-10-08 02:42:46.624 - INFO: Request received via GET, no content type specified
2026-10-08 02:42:46.624 - INFO: Processing command "cache-stats": get cache statistics
2026-10-08 02:42:46.648 - INFO: 
2026-10-08 02:42:46.648 - INFO: Request received via POST, content type "application/x-www-form-urlencoded"
2026-10-08 02:42:46.649 - INFO: Processing the following SPARQL query:
# Tier H-vocab — English labels, large
# Physical: P+O bound scan of wdt:P31 wd:Q5 (class postings), then
# S+P bound SPO scan of rdfs:label. LANG(?label) maps label IDs to
# strings. CONSTRUCT writes entity IRI + label.
# Targets: large sequential class scan, label vocabulary, 1.3 GiB Turtle
# serialize. Same query as wikidata-construct-humans-label-en.
PREFIX wd: <http://www.wikidata.org/entity/>
PREFIX wdt: <http://www.wikidata.org/prop/direct/>
PREFIX rdfs: <http://www.w3.org/2000/01/rdf-schema#>

CONSTRUCT { ?entity rdfs:label ?label }
WHERE {
  ?entity wdt:P31 wd:Q5 .
  ?entity rdfs:label ?label .
  FILTER(LANG(?label) = "en")
}

2026-10-08 02:42:46.649 - INFO: Requested media types of the result are: "text/turtle"
2026-10-08 02:42:46.649 - INFO: Query planning done in 0 ms
2026-10-08 02:42:46.649 - INFO: ExportEngine: LegacyV1 [Reason: Legacy V1 selected (explicitly requested via query parameter or header override)]
2026-10-08 02:42:46.649 - INFO: Result has unknown size (not computed yet)
2026-10-08 02:43:27.703 - INFO: Done processing query and sending result, total time was 41,055 ms
2026-10-08 02:43:27.735 - INFO: 
2026-10-08 02:43:27.735 - INFO: Request received via GET, no content type specified
2026-10-08 02:43:27.735 - INFO: Processing command "cache-stats": get cache statistics
