2026-09-28 23:04:12.544 - INFO: [1mQLever server CIKM-2691-g476247bc2, compiled on Mon Sep 28 18:22:56 UTC 2026 using git hash 476247b[22m
2026-09-28 23:04:12.544 - INFO: Runtime parameter set from the command line: vocabulary-iouring-page-cache-fast-path=false
2026-09-28 23:04:12.544 - INFO: Runtime parameter set from the command line: vocabulary-bench-fadvise-random=true
2026-09-28 23:04:12.544 - INFO: Cleanup of previous index directories after each rebuild enabled (--rebuild-keep-previous-index-dirs original-and-most-recent)
2026-09-28 23:04:12.545 - INFO: The git hash used to build this index was "65f84b4"
2026-09-28 23:04:12.545 - INFO: Reading vocabulary from file /local/data-ssd/stoetzem/qlever-indices/dblp/dblp.vocabulary.words ...
2026-09-28 23:04:12.556 - INFO: Done, number of words: 446,944,668
2026-09-28 23:04:12.556 - INFO: Number of words in internal vocabulary (these are also part of the external vocabulary): 446,955
2026-09-28 23:04:12.563 - INFO: Registered PSO permutation: #relations = 6, #blocks = 8,187, #triples = 255,805,025
2026-09-28 23:04:12.582 - INFO: Registered PSO permutation: #relations = 96, #blocks = 51,023, #triples = 1,593,245,022
2026-09-28 23:04:12.584 - INFO: Registered POS permutation: #relations = 6, #blocks = 8,187, #triples = 255,805,025
2026-09-28 23:04:12.601 - INFO: Registered POS permutation: #relations = 96, #blocks = 51,023, #triples = 1,593,245,022
2026-09-28 23:04:12.616 - INFO: Registered OPS permutation: #relations = 345,357,897, #blocks = 42,492, #triples = 1,593,245,022
2026-09-28 23:04:12.630 - INFO: Registered OSP permutation: #relations = 345,357,897, #blocks = 42,492, #triples = 1,593,245,022
2026-09-28 23:04:12.640 - INFO: Registered SPO permutation: #relations = 255,804,614, #blocks = 33,993, #triples = 1,593,245,022
2026-09-28 23:04:12.647 - INFO: Registered SOP permutation: #relations = 255,804,614, #blocks = 33,993, #triples = 1,593,245,022
2026-09-28 23:04:12.647 - INFO: Reading patterns from file /local/data-ssd/stoetzem/qlever-indices/dblp/dblp.index.patterns ...
2026-09-28 23:04:12.647 - INFO: Sorting random result tables to estimate the sorting performance of this machine ...
2026-09-28 23:04:20.560 - INFO: Initializing server ...
2026-09-28 23:04:20.560 - INFO: No access token required for restricted API calls
2026-09-28 23:04:20.560 - INFO: The server is ready, listening for requests on port 7015 ...
2026-09-28 23:04:20.887 - INFO: 
2026-09-28 23:04:20.887 - INFO: Request received via POST, content type "application/x-www-form-urlencoded"
2026-09-28 23:04:20.891 - INFO: Processing the following SPARQL query:
# Tier H-vocab — title literals, large
# Goal: external-vocabulary lookup pressure with larger bounded output.
PREFIX dblp: <https://dblp.org/rdf/schema#>

CONSTRUCT { ?paper dblp:title ?title }
WHERE {
  ?paper dblp:title ?title .
}
LIMIT 100000

2026-09-28 23:04:20.891 - INFO: Requested media types of the result are: "text/turtle"
2026-09-28 23:04:20.891 - INFO: Query planning done in 4 ms
2026-09-28 23:04:20.892 - INFO: Result has unknown size (not computed yet)
FASTPATH_STATS calls=34 offsetPairs=34555 offsetPairHits=0 offsetPairsRing=34555 offsetRuns=0 offsetRunHits=0 words=34555 wordHits=0 wordsRing=34555 wordBytes=763462 wordHitBytes=0 preadvCalls=0 preadvFull=0 preadvEagain=0 preadvPartial=0 fadviseCalls=34
FASTPATH_STATS calls=72 offsetPairs=72210 offsetPairHits=0 offsetPairsRing=72210 offsetRuns=0 offsetRunHits=0 words=71197 wordHits=0 wordsRing=71197 wordBytes=1715794 wordHitBytes=0 preadvCalls=0 preadvFull=0 preadvEagain=0 preadvPartial=0 fadviseCalls=72
FASTPATH_STATS calls=108 offsetPairs=108981 offsetPairHits=0 offsetPairsRing=108981 offsetRuns=0 offsetRunHits=0 words=108981 wordHits=0 wordsRing=108981 wordBytes=2733355 wordHitBytes=0 preadvCalls=0 preadvFull=0 preadvEagain=0 preadvPartial=0 fadviseCalls=108
FASTPATH_STATS calls=144 offsetPairs=144784 offsetPairHits=0 offsetPairsRing=144784 offsetRuns=0 offsetRunHits=0 words=144784 wordHits=0 wordsRing=144784 wordBytes=3648822 wordHitBytes=0 preadvCalls=0 preadvFull=0 preadvEagain=0 preadvPartial=0 fadviseCalls=144
FASTPATH_STATS calls=181 offsetPairs=182491 offsetPairHits=0 offsetPairsRing=182491 offsetRuns=0 offsetRunHits=0 words=181468 wordHits=0 wordsRing=181468 wordBytes=4637580 wordHitBytes=0 preadvCalls=0 preadvFull=0 preadvEagain=0 preadvPartial=0 fadviseCalls=181
2026-09-28 23:04:22.020 - INFO: Done processing query and sending result, total time was 1,133 ms
2026-09-28 23:04:22.077 - INFO: 
2026-09-28 23:04:22.077 - INFO: Request received via POST, content type "application/x-www-form-urlencoded"
2026-09-28 23:04:22.077 - INFO: Processing the following SPARQL query:
# Tier H-vocab — title literals, large
# Goal: external-vocabulary lookup pressure with larger bounded output.
PREFIX dblp: <https://dblp.org/rdf/schema#>

CONSTRUCT { ?paper dblp:title ?title }
WHERE {
  ?paper dblp:title ?title .
}
LIMIT 100000

2026-09-28 23:04:22.077 - INFO: Requested media types of the result are: "text/turtle"
2026-09-28 23:04:22.077 - INFO: Query planning done in 0 ms
2026-09-28 23:04:22.078 - INFO: Result has unknown size (not computed yet)
FASTPATH_STATS calls=204 offsetPairs=203113 offsetPairHits=0 offsetPairsRing=203113 offsetRuns=0 offsetRunHits=0 words=202155 wordHits=0 wordsRing=202155 wordBytes=5191139 wordHitBytes=0 preadvCalls=0 preadvFull=0 preadvEagain=0 preadvPartial=0 fadviseCalls=204
FASTPATH_STATS calls=243 offsetPairs=242832 offsetPairHits=0 offsetPairsRing=242832 offsetRuns=0 offsetRunHits=0 words=241810 wordHits=0 wordsRing=241810 wordBytes=6167732 wordHitBytes=0 preadvCalls=0 preadvFull=0 preadvEagain=0 preadvPartial=0 fadviseCalls=243
FASTPATH_STATS calls=280 offsetPairs=279489 offsetPairHits=0 offsetPairsRing=279489 offsetRuns=0 offsetRunHits=0 words=279489 wordHits=0 wordsRing=279489 wordBytes=7075947 wordHitBytes=0 preadvCalls=0 preadvFull=0 preadvEagain=0 preadvPartial=0 fadviseCalls=280
FASTPATH_STATS calls=316 offsetPairs=316261 offsetPairHits=0 offsetPairsRing=316261 offsetRuns=0 offsetRunHits=0 words=316261 wordHits=0 wordsRing=316261 wordBytes=8069949 wordHitBytes=0 preadvCalls=0 preadvFull=0 preadvEagain=0 preadvPartial=0 fadviseCalls=316
FASTPATH_STATS calls=353 offsetPairs=353091 offsetPairHits=0 offsetPairsRing=353091 offsetRuns=0 offsetRunHits=0 words=353091 wordHits=0 wordsRing=353091 wordBytes=9004236 wordHitBytes=0 preadvCalls=0 preadvFull=0 preadvEagain=0 preadvPartial=0 fadviseCalls=353
FASTPATH_STATS calls=390 offsetPairs=389815 offsetPairHits=0 offsetPairsRing=389815 offsetRuns=0 offsetRunHits=0 words=389815 wordHits=0 wordsRing=389815 wordBytes=10019147 wordHitBytes=0 preadvCalls=0 preadvFull=0 preadvEagain=0 preadvPartial=0 fadviseCalls=390
2026-09-28 23:04:23.170 - INFO: Done processing query and sending result, total time was 1,092 ms
