2026-09-28 23:43:05.779 - INFO: [1mQLever server v0.6.0-201-g6b71e1e55, compiled on Mon Sep 28 19:27:17 UTC 2026 using git hash 6b71e1e[22m
2026-09-28 23:43:05.779 - INFO: Cleanup of previous index directories after each rebuild enabled (--rebuild-keep-previous-index-dirs original-and-most-recent)
2026-09-28 23:43:05.780 - INFO: The git hash used to build this index was "65f84b4"
2026-09-28 23:43:05.780 - INFO: Reading vocabulary from file /local/data-ssd/stoetzem/qlever-indices/dblp/dblp.vocabulary.words ...
2026-09-28 23:43:05.788 - INFO: Done, number of words: 446,944,668
2026-09-28 23:43:05.788 - INFO: Number of words in internal vocabulary (these are also part of the external vocabulary): 446,955
2026-09-28 23:43:05.793 - INFO: Registered PSO permutation: #relations = 6, #blocks = 8,187, #triples = 255,805,025
2026-09-28 23:43:05.813 - INFO: Registered PSO permutation: #relations = 96, #blocks = 51,023, #triples = 1,593,245,022
2026-09-28 23:43:05.816 - INFO: Registered POS permutation: #relations = 6, #blocks = 8,187, #triples = 255,805,025
2026-09-28 23:43:05.836 - INFO: Registered POS permutation: #relations = 96, #blocks = 51,023, #triples = 1,593,245,022
2026-09-28 23:43:05.853 - INFO: Registered OPS permutation: #relations = 345,357,897, #blocks = 42,492, #triples = 1,593,245,022
2026-09-28 23:43:05.870 - INFO: Registered OSP permutation: #relations = 345,357,897, #blocks = 42,492, #triples = 1,593,245,022
2026-09-28 23:43:05.881 - INFO: Registered SPO permutation: #relations = 255,804,614, #blocks = 33,993, #triples = 1,593,245,022
2026-09-28 23:43:05.890 - INFO: Registered SOP permutation: #relations = 255,804,614, #blocks = 33,993, #triples = 1,593,245,022
2026-09-28 23:43:05.890 - INFO: Reading patterns from file /local/data-ssd/stoetzem/qlever-indices/dblp/dblp.index.patterns ...
2026-09-28 23:43:05.890 - INFO: Sorting random result tables to estimate the sorting performance of this machine ...
2026-09-28 23:43:15.540 - INFO: Initializing server ...
2026-09-28 23:43:15.540 - INFO: No access token required for restricted API calls
2026-09-28 23:43:15.540 - INFO: The server is ready, listening for requests on port 7015 ...
2026-09-28 23:43:15.606 - INFO: 
2026-09-28 23:43:15.606 - INFO: Request received via POST, content type "application/x-www-form-urlencoded"
2026-09-28 23:43:15.610 - INFO: Processing the following SPARQL query:
# Tier H — size-sweep
# Goal: isolate export cost from query-planning cost. Raise the year bound
# across runs, for example 1970, 1990, 2010, and 2023.
PREFIX dblp: <https://dblp.org/rdf/schema#>

CONSTRUCT { ?s ?p ?o }
WHERE {
  ?s a dblp:Publication ;
     dblp:yearOfPublication ?year ;
     ?p ?o .
  FILTER(?year <= "1970"^^<http://www.w3.org/2001/XMLSchema#gYear>)
}

2026-09-28 23:43:15.610 - INFO: Requested media types of the result are: "text/turtle"
2026-09-28 23:43:15.612 - INFO: Query planning done in 5 ms
2026-09-28 23:43:15.638 - INFO: Result has unknown size (not computed yet)
2026-09-28 23:43:16.878 - INFO: Done processing query and sending result, total time was 1,271 ms
2026-09-28 23:43:16.913 - INFO: 
2026-09-28 23:43:16.913 - INFO: Request received via POST, content type "application/x-www-form-urlencoded"
2026-09-28 23:43:16.913 - INFO: Processing the following SPARQL query:
# Tier H — size-sweep
# Goal: isolate export cost from query-planning cost. Raise the year bound
# across runs, for example 1970, 1990, 2010, and 2023.
PREFIX dblp: <https://dblp.org/rdf/schema#>

CONSTRUCT { ?s ?p ?o }
WHERE {
  ?s a dblp:Publication ;
     dblp:yearOfPublication ?year ;
     ?p ?o .
  FILTER(?year <= "1970"^^<http://www.w3.org/2001/XMLSchema#gYear>)
}

2026-09-28 23:43:16.913 - INFO: Requested media types of the result are: "text/turtle"
2026-09-28 23:43:16.915 - INFO: Query planning done in 1 ms
2026-09-28 23:43:16.940 - INFO: Result has unknown size (not computed yet)
2026-09-28 23:43:18.101 - INFO: Done processing query and sending result, total time was 1,188 ms
