variant commit 3c9b75e971c3c73fc89ad04d38ab7b7a016a4017 (upstream-stack/07d, #3528), base commit 4f42bf82e23e4eef25a15c8ec6665b67b28574bd (bench/p9-base-07c on upstream-stack/07c @ 87557be42, #3527), flavor u24
binary /local/data-ssd/stoetzem/bin-cache/3c9b75e971c3c73fc89ad04d38ab7b7a016a4017/PolymorphicVocabLookupBatchMicroBenchmark sha256 b1b984c373f423b23bf04b7cd99e05770f2cac0214df322a4560c5176d9ae53a
binary /local/data-ssd/stoetzem/bin-cache/4f42bf82e23e4eef25a15c8ec6665b67b28574bd/PolymorphicVocabLookupBatchMicroBenchmark sha256 2b010cf48bd35dddd6e87b78054274430b8318aaa0758a260ece06c38bf32ac1
calibration micro-uncompressed: 500 reps, fastest arm 0.067978 s -> 88264 reps
trial 0 done 22:26:40 load 2.12 2.13 2.25
trial 1 done 22:28:04 load 2.03 2.09 2.22
trial 2 done 22:29:27 load 2.08 2.08 2.20
trial 3 done 22:30:51 load 2.07 2.09 2.19
tag | binary | mode | measurement | n | median s | min..max s | median ns/word | min..max ns/word | vs per-word (same binary, mode) | verdict
micro-uncompressed | base | iouring | batched lookupBatch | 3 | 11.18 | 11.07..11.18 | 61.8 | 61.2..61.8 | -15.6 % | faster
micro-uncompressed | base | iouring | concrete lookupBatch (no dispatch) | 3 | 11.12 | 10.99..11.13 | 61.5 | 60.8..61.6 | -16.0 % | faster
micro-uncompressed | base | iouring | sequential operator[] | 3 | 13.24 | 13.19..13.50 | 73.2 | 72.9..74.7 | +0.0 % | parity
micro-uncompressed | variant | iouring | batched lookupBatch | 3 | 11.07 | 10.96..11.17 | 61.2 | 60.6..61.8 | -18.1 % | faster
micro-uncompressed | variant | iouring | batched lookupBatch with builder | 3 | 12.51 | 12.46..12.54 | 69.2 | 68.9..69.4 | -7.3 % | faster
micro-uncompressed | variant | iouring | concrete lookupBatch (no dispatch) | 3 | 10.98 | 10.96..11.01 | 60.7 | 60.6..60.9 | -18.7 % | faster
micro-uncompressed | variant | iouring | sequential operator[] | 3 | 13.50 | 13.08..13.58 | 74.7 | 72.4..75.1 | +0.0 % | parity

#3528 (variant) vs #3527 (base), same arm and mode:
micro-uncompressed | iouring | batched lookupBatch | base 11.18 (11.07..11.18) s | variant 11.07 (10.96..11.17) s | -1.0 % | parity
micro-uncompressed | iouring | concrete lookupBatch (no dispatch) | base 11.12 (10.99..11.13) s | variant 10.98 (10.96..11.01) s | -1.3 % | parity
micro-uncompressed | iouring | sequential operator[] | base 13.24 (13.19..13.50) s | variant 13.50 (13.08..13.58) s | +2.0 % | parity

BENCH_EXIT=0
