2026-10-06 07:08:42.467 - INFO: [1mQLever server CIKM-2685-ge6f1e855f, compiled on Mon Oct  5 18:10:31 UTC 2026 using git hash e6f1e85[22m
2026-10-06 07:08:42.467 - INFO: Cleanup of previous index directories after each rebuild enabled (--rebuild-keep-previous-index-dirs original-and-most-recent)
2026-10-06 07:08:42.469 - INFO: The git hash used to build this index was "65f84b4"
2026-10-06 07:08:42.469 - INFO: Reading vocabulary from file /local/data-ssd/stoetzem/wikidata/wikidata.vocabulary.words ...
2026-10-06 07:08:55.812 - INFO: Done, number of words: 1,580,300,680
2026-10-06 07:08:55.812 - INFO: Number of words in internal vocabulary (these are also part of the external vocabulary): 777,658,536
2026-10-06 07:08:55.889 - INFO: Registered PSO permutation: #relations = 10,100, #blocks = 225,155, #triples = 6,983,973,847
2026-10-06 07:08:55.987 - INFO: Registered PSO permutation: #relations = 13,566, #blocks = 264,339, #triples = 8,220,417,022
2026-10-06 07:08:56.059 - INFO: Registered POS permutation: #relations = 10,100, #blocks = 225,155, #triples = 6,983,973,847
2026-10-06 07:08:56.155 - INFO: Registered POS permutation: #relations = 13,566, #blocks = 264,339, #triples = 8,220,417,022
2026-10-06 07:08:56.240 - INFO: Registered OPS permutation: #relations = 1,683,253,489, #blocks = 222,728, #triples = 8,220,417,022
2026-10-06 07:08:56.324 - INFO: Registered OSP permutation: #relations = 1,683,253,489, #blocks = 222,728, #triples = 8,220,417,022
2026-10-06 07:08:56.381 - INFO: Registered SPO permutation: #relations = 252,534,289, #blocks = 175,741, #triples = 8,220,417,022
2026-10-06 07:08:56.437 - INFO: Registered SOP permutation: #relations = 252,534,289, #blocks = 175,741, #triples = 8,220,417,022
2026-10-06 07:08:56.437 - INFO: Reading patterns from file /local/data-ssd/stoetzem/wikidata/wikidata.index.patterns ...
2026-10-06 07:08:57.843 - INFO: Sorting random result tables to estimate the sorting performance of this machine ...
2026-10-06 07:09:05.832 - INFO: Initializing server ...
2026-10-06 07:09:05.832 - INFO: No access token required for restricted API calls
2026-10-06 07:09:05.832 - INFO: The server is ready, listening for requests on port 7015 ...
2026-10-06 07:09:06.025 - INFO: 
2026-10-06 07:09:06.025 - INFO: Request received via POST, content type "application/x-www-form-urlencoded"
2026-10-06 07:09:06.028 - INFO: Processing the following SPARQL query:
# Tier H-vocab — German labels, large
# Physical: P+O bound scan of wdt:P31 wd:Q5 (class postings), then
# S+P bound SPO scan of rdfs:label. LANG(?label) maps label IDs to
# strings. CONSTRUCT writes entity IRI + label.
# Targets: large sequential class scan with EXTERNAL vocabulary words.
# German is not in languages-internal (only "en"), so QLever's
# shouldLiteralBeExternalized places every de literal in the external
# tier (src/index/vocabulary/Vocabulary.cpp). Same shape as
# H-vocab-label-large.rq, but every lookup is a guaranteed external
# miss on cold caches.
PREFIX wd: <http://www.wikidata.org/entity/>
PREFIX wdt: <http://www.wikidata.org/prop/direct/>
PREFIX rdfs: <http://www.w3.org/2000/01/rdf-schema#>

CONSTRUCT { ?entity rdfs:label ?label }
WHERE {
  ?entity wdt:P31 wd:Q5 .
  ?entity rdfs:label ?label .
  FILTER(LANG(?label) = "de")
}

2026-10-06 07:09:06.028 - INFO: Requested media types of the result are: "text/turtle"
2026-10-06 07:09:06.051 - INFO: Query planning done in 25 ms
2026-10-06 07:09:06.051 - INFO: Result has unknown size (not computed yet)
2026-10-06 07:09:30.613 - INFO: VOCAB_IO_STATS offsetLookups=4,441,773 offsetMissed=250,068 wordLookups=4,441,773 wordMissed=335,838 ringSqes=585,906 ringSubmits=168,254 preadv2Calls=8,878,901
2026-10-06 07:09:30.613 - INFO: Done processing query and sending result, total time was 24,587 ms
2026-10-06 07:09:30.631 - INFO: 
2026-10-06 07:09:30.631 - INFO: Request received via GET, no content type specified
2026-10-06 07:09:30.631 - INFO: Processing command "cache-stats": get cache statistics
2026-10-06 07:09:30.649 - INFO: 
2026-10-06 07:09:30.649 - INFO: Request received via GET, no content type specified
2026-10-06 07:09:30.649 - INFO: Processing command "clear-cache": clear the cache (unpinned elements only)
2026-10-06 07:09:30.667 - INFO: 
2026-10-06 07:09:30.667 - INFO: Request received via GET, no content type specified
2026-10-06 07:09:30.667 - INFO: Processing command "cache-stats": get cache statistics
2026-10-06 07:09:30.685 - INFO: 
2026-10-06 07:09:30.685 - INFO: Request received via POST, content type "application/x-www-form-urlencoded"
2026-10-06 07:09:30.685 - INFO: Processing the following SPARQL query:
# Tier H-vocab — German labels, large
# Physical: P+O bound scan of wdt:P31 wd:Q5 (class postings), then
# S+P bound SPO scan of rdfs:label. LANG(?label) maps label IDs to
# strings. CONSTRUCT writes entity IRI + label.
# Targets: large sequential class scan with EXTERNAL vocabulary words.
# German is not in languages-internal (only "en"), so QLever's
# shouldLiteralBeExternalized places every de literal in the external
# tier (src/index/vocabulary/Vocabulary.cpp). Same shape as
# H-vocab-label-large.rq, but every lookup is a guaranteed external
# miss on cold caches.
PREFIX wd: <http://www.wikidata.org/entity/>
PREFIX wdt: <http://www.wikidata.org/prop/direct/>
PREFIX rdfs: <http://www.w3.org/2000/01/rdf-schema#>

CONSTRUCT { ?entity rdfs:label ?label }
WHERE {
  ?entity wdt:P31 wd:Q5 .
  ?entity rdfs:label ?label .
  FILTER(LANG(?label) = "de")
}

2026-10-06 07:09:30.685 - INFO: Requested media types of the result are: "text/turtle"
2026-10-06 07:09:30.685 - INFO: Query planning done in 0 ms
2026-10-06 07:09:30.686 - INFO: Result has unknown size (not computed yet)
2026-10-06 07:09:47.634 - INFO: VOCAB_IO_STATS offsetLookups=4,441,773 offsetMissed=0 wordLookups=4,441,773 wordMissed=0 ringSqes=0 ringSubmits=0 preadv2Calls=8,878,901
2026-10-06 07:09:47.634 - INFO: Done processing query and sending result, total time was 16,949 ms
2026-10-06 07:09:47.657 - INFO: 
2026-10-06 07:09:47.657 - INFO: Request received via GET, no content type specified
2026-10-06 07:09:47.657 - INFO: Processing command "cache-stats": get cache statistics
