2026-09-28 23:53:09.509 - INFO: [1mQLever server v0.6.0-345-gdbaff3f86, compiled on Mon Sep 28 19:27:58 UTC 2026 using git hash dbaff3f[22m
2026-09-28 23:53:09.509 - INFO: Cleanup of previous index directories after each rebuild enabled (--rebuild-keep-previous-index-dirs original-and-most-recent)
2026-09-28 23:53:09.510 - INFO: The git hash used to build this index was "65f84b4"
2026-09-28 23:53:09.510 - INFO: Reading vocabulary from file /local/data-ssd/stoetzem/qlever-indices/dblp/dblp.vocabulary.words ...
2026-09-28 23:53:09.530 - INFO: Done, number of words: 446,944,668
2026-09-28 23:53:09.530 - INFO: Number of words in internal vocabulary (these are also part of the external vocabulary): 446,955
2026-09-28 23:53:09.537 - INFO: Registered PSO permutation: #relations = 6, #blocks = 8,187, #triples = 255,805,025
2026-09-28 23:53:09.575 - INFO: Registered PSO permutation: #relations = 96, #blocks = 51,023, #triples = 1,593,245,022
2026-09-28 23:53:09.581 - INFO: Registered POS permutation: #relations = 6, #blocks = 8,187, #triples = 255,805,025
2026-09-28 23:53:09.629 - INFO: Registered POS permutation: #relations = 96, #blocks = 51,023, #triples = 1,593,245,022
2026-09-28 23:53:09.664 - INFO: Registered OPS permutation: #relations = 345,357,897, #blocks = 42,492, #triples = 1,593,245,022
2026-09-28 23:53:09.703 - INFO: Registered OSP permutation: #relations = 345,357,897, #blocks = 42,492, #triples = 1,593,245,022
2026-09-28 23:53:09.730 - INFO: Registered SPO permutation: #relations = 255,804,614, #blocks = 33,993, #triples = 1,593,245,022
2026-09-28 23:53:09.751 - INFO: Registered SOP permutation: #relations = 255,804,614, #blocks = 33,993, #triples = 1,593,245,022
2026-09-28 23:53:09.751 - INFO: Reading patterns from file /local/data-ssd/stoetzem/qlever-indices/dblp/dblp.index.patterns ...
2026-09-28 23:53:09.752 - INFO: Sorting random result tables to estimate the sorting performance of this machine ...
2026-09-28 23:53:18.102 - INFO: Initializing server ...
2026-09-28 23:53:18.102 - INFO: No access token required for restricted API calls
2026-09-28 23:53:18.102 - INFO: The server is ready, listening for requests on port 7015 ...
2026-09-28 23:53:18.336 - INFO: 
2026-09-28 23:53:18.337 - INFO: Request received via POST, content type "application/x-www-form-urlencoded"
2026-09-28 23:53:18.340 - INFO: Processing the following SPARQL query:
# Tier H — size-sweep
# Goal: isolate export cost from query-planning cost. Raise the year bound
# across runs, for example 1970, 1990, 2010, and 2023.
PREFIX dblp: <https://dblp.org/rdf/schema#>

CONSTRUCT { ?s ?p ?o }
WHERE {
  ?s a dblp:Publication ;
     dblp:yearOfPublication ?year ;
     ?p ?o .
  FILTER(?year <= "1970"^^<http://www.w3.org/2001/XMLSchema#gYear>)
}

2026-09-28 23:53:18.340 - INFO: Requested media types of the result are: "text/turtle"
2026-09-28 23:53:18.343 - INFO: Query planning done in 5 ms
2026-09-28 23:53:18.376 - INFO: Result has unknown size (not computed yet)
2026-09-28 23:53:19.143 - INFO: Done processing query and sending result, total time was 806 ms
2026-09-28 23:53:19.206 - INFO: 
2026-09-28 23:53:19.206 - INFO: Request received via POST, content type "application/x-www-form-urlencoded"
2026-09-28 23:53:19.206 - INFO: Processing the following SPARQL query:
# Tier H — size-sweep
# Goal: isolate export cost from query-planning cost. Raise the year bound
# across runs, for example 1970, 1990, 2010, and 2023.
PREFIX dblp: <https://dblp.org/rdf/schema#>

CONSTRUCT { ?s ?p ?o }
WHERE {
  ?s a dblp:Publication ;
     dblp:yearOfPublication ?year ;
     ?p ?o .
  FILTER(?year <= "1970"^^<http://www.w3.org/2001/XMLSchema#gYear>)
}

2026-09-28 23:53:19.206 - INFO: Requested media types of the result are: "text/turtle"
2026-09-28 23:53:19.207 - INFO: Query planning done in 1 ms
2026-09-28 23:53:19.242 - INFO: Result has unknown size (not computed yet)
2026-09-28 23:53:20.023 - INFO: Done processing query and sending result, total time was 817 ms
