[2026-10-07T18:33:24Z] PR #3528 wikidata turtle_export queries=H-vocab-label-large-de A-scatter-disambig-label-de H-vocab-label-large scenarios=cold,warm reps=3 mode=three binaries layout=ural
[2026-10-07T18:33:24Z] base:    /local/data-ssd/stoetzem/thesis/experiments/runs/colloquium-final-wave-loadgate-p6-p7-p10w-wikidata/bin/qlever-server-base (a752a45716c20e19467508f62801d64f36c0a60a) args='' form=''
[2026-10-07T18:33:24Z] variant: /local/data-ssd/stoetzem/thesis/experiments/runs/colloquium-final-wave-loadgate-p6-p7-p10w-wikidata/bin/qlever-server-variant (77a41c663a28ebfd6453fba1e23902fd94630ff8) args='' form=''
[2026-10-07T18:33:24Z] variant2: /local/data-ssd/stoetzem/thesis/experiments/runs/colloquium-final-wave-loadgate-p6-p7-p10w-wikidata/bin/qlever-server-variant2 (60f854f42e2af6984924a2b5f692e6b8b407310c) args='' label='p7-ring-only'
[2026-10-07T18:33:24Z] !!!!!!!! load gate: load1=3.06 still >= 3 after 0s; running anyway !!!!!!!!
Caches dropped successfully (synced, then wrote 1
 to /proc/sys/vm/drop_caches).
fatal: not a git repository (or any parent up to mount point /local)
Stopping at filesystem boundary (GIT_DISCOVERY_ACROSS_FILESYSTEM not set).
fatal: not a git repository (or any parent up to mount point /local)
Stopping at filesystem boundary (GIT_DISCOVERY_ACROSS_FILESYSTEM not set).
fatal: not a git repository (or any parent up to mount point /local)
Stopping at filesystem boundary (GIT_DISCOVERY_ACROSS_FILESYSTEM not set).
fatal: not a git repository (or any parent up to mount point /local)
Stopping at filesystem boundary (GIT_DISCOVERY_ACROSS_FILESYSTEM not set).
fatal: not a git repository (or any parent up to mount point /local)
Stopping at filesystem boundary (GIT_DISCOVERY_ACROSS_FILESYSTEM not set).
rep 1/1: complete export=s e2e=91.846709102s 504927346 bytes syscr=8886359 pread64=4444385 io_uring_enter=0 read_bytes=9621008384 cpu_s=40.430000
[2026-10-07T18:35:35Z] pr3528-H-vocab-label-large-de-cold-base-r1 done
[2026-10-07T18:35:35Z] !!!!!!!! load gate: load1=16.50 still >= 3 after 0s; running anyway !!!!!!!!
Caches dropped successfully (synced, then wrote 1
 to /proc/sys/vm/drop_caches).
fatal: not a git repository (or any parent up to mount point /local)
Stopping at filesystem boundary (GIT_DISCOVERY_ACROSS_FILESYSTEM not set).
fatal: not a git repository (or any parent up to mount point /local)
Stopping at filesystem boundary (GIT_DISCOVERY_ACROSS_FILESYSTEM not set).
fatal: not a git repository (or any parent up to mount point /local)
Stopping at filesystem boundary (GIT_DISCOVERY_ACROSS_FILESYSTEM not set).
fatal: not a git repository (or any parent up to mount point /local)
Stopping at filesystem boundary (GIT_DISCOVERY_ACROSS_FILESYSTEM not set).
fatal: not a git repository (or any parent up to mount point /local)
Stopping at filesystem boundary (GIT_DISCOVERY_ACROSS_FILESYSTEM not set).
rep 1/1: complete export=s e2e=34.069280246s 504927346 bytes syscr=8881602 pread64=2633 io_uring_enter=30213 read_bytes=9443688448 cpu_s=34.720000
[2026-10-07T18:36:52Z] pr3528-H-vocab-label-large-de-cold-variant-r1 done
[2026-10-07T18:36:52Z] !!!!!!!! load gate: load1=18.43 still >= 3 after 0s; running anyway !!!!!!!!
Caches dropped successfully (synced, then wrote 1
 to /proc/sys/vm/drop_caches).
fatal: not a git repository (or any parent up to mount point /local)
Stopping at filesystem boundary (GIT_DISCOVERY_ACROSS_FILESYSTEM not set).
fatal: not a git repository (or any parent up to mount point /local)
Stopping at filesystem boundary (GIT_DISCOVERY_ACROSS_FILESYSTEM not set).
fatal: not a git repository (or any parent up to mount point /local)
Stopping at filesystem boundary (GIT_DISCOVERY_ACROSS_FILESYSTEM not set).
fatal: not a git repository (or any parent up to mount point /local)
Stopping at filesystem boundary (GIT_DISCOVERY_ACROSS_FILESYSTEM not set).
fatal: not a git repository (or any parent up to mount point /local)
Stopping at filesystem boundary (GIT_DISCOVERY_ACROSS_FILESYSTEM not set).
rep 1/1: complete export=s e2e=39.429091772s 504927346 bytes syscr=2713 pread64=2612 io_uring_enter=6633339 read_bytes=9425616896 cpu_s=39.830000
[2026-10-07T18:38:14Z] pr3528-H-vocab-label-large-de-cold-variant2-r1 done
[2026-10-07T18:38:14Z] !!!!!!!! load gate: load1=18.79 still >= 3 after 0s; running anyway !!!!!!!!
Caches dropped successfully (synced, then wrote 1
 to /proc/sys/vm/drop_caches).
fatal: not a git repository (or any parent up to mount point /local)
Stopping at filesystem boundary (GIT_DISCOVERY_ACROSS_FILESYSTEM not set).
fatal: not a git repository (or any parent up to mount point /local)
Stopping at filesystem boundary (GIT_DISCOVERY_ACROSS_FILESYSTEM not set).
fatal: not a git repository (or any parent up to mount point /local)
Stopping at filesystem boundary (GIT_DISCOVERY_ACROSS_FILESYSTEM not set).
fatal: not a git repository (or any parent up to mount point /local)
Stopping at filesystem boundary (GIT_DISCOVERY_ACROSS_FILESYSTEM not set).
fatal: not a git repository (or any parent up to mount point /local)
Stopping at filesystem boundary (GIT_DISCOVERY_ACROSS_FILESYSTEM not set).
rep 1/1: complete export=s e2e=39.447412892s 504927346 bytes syscr=2713 pread64=2612 io_uring_enter=6633354 read_bytes=9438941184 cpu_s=39.840000
[2026-10-07T18:39:36Z] pr3528-H-vocab-label-large-de-cold-variant2-r2 done
[2026-10-07T18:39:36Z] !!!!!!!! load gate: load1=19.17 still >= 3 after 0s; running anyway !!!!!!!!
Caches dropped successfully (synced, then wrote 1
 to /proc/sys/vm/drop_caches).
fatal: not a git repository (or any parent up to mount point /local)
Stopping at filesystem boundary (GIT_DISCOVERY_ACROSS_FILESYSTEM not set).
fatal: not a git repository (or any parent up to mount point /local)
Stopping at filesystem boundary (GIT_DISCOVERY_ACROSS_FILESYSTEM not set).
fatal: not a git repository (or any parent up to mount point /local)
Stopping at filesystem boundary (GIT_DISCOVERY_ACROSS_FILESYSTEM not set).
fatal: not a git repository (or any parent up to mount point /local)
Stopping at filesystem boundary (GIT_DISCOVERY_ACROSS_FILESYSTEM not set).
fatal: not a git repository (or any parent up to mount point /local)
Stopping at filesystem boundary (GIT_DISCOVERY_ACROSS_FILESYSTEM not set).
rep 1/1: complete export=s e2e=33.750866477s 504927346 bytes syscr=8881602 pread64=2633 io_uring_enter=30264 read_bytes=9443688448 cpu_s=34.420000
[2026-10-07T18:40:53Z] pr3528-H-vocab-label-large-de-cold-variant-r2 done
[2026-10-07T18:40:53Z] !!!!!!!! load gate: load1=19.46 still >= 3 after 0s; running anyway !!!!!!!!
Caches dropped successfully (synced, then wrote 1
 to /proc/sys/vm/drop_caches).
fatal: not a git repository (or any parent up to mount point /local)
Stopping at filesystem boundary (GIT_DISCOVERY_ACROSS_FILESYSTEM not set).
fatal: not a git repository (or any parent up to mount point /local)
Stopping at filesystem boundary (GIT_DISCOVERY_ACROSS_FILESYSTEM not set).
fatal: not a git repository (or any parent up to mount point /local)
Stopping at filesystem boundary (GIT_DISCOVERY_ACROSS_FILESYSTEM not set).
fatal: not a git repository (or any parent up to mount point /local)
Stopping at filesystem boundary (GIT_DISCOVERY_ACROSS_FILESYSTEM not set).
fatal: not a git repository (or any parent up to mount point /local)
Stopping at filesystem boundary (GIT_DISCOVERY_ACROSS_FILESYSTEM not set).
rep 1/1: complete export=s e2e=93.586714690s 504927346 bytes syscr=8886367 pread64=4444385 io_uring_enter=0 read_bytes=9617850368 cpu_s=39.530000
[2026-10-07T18:43:10Z] pr3528-H-vocab-label-large-de-cold-base-r2 done
[2026-10-07T18:43:10Z] !!!!!!!! load gate: load1=18.77 still >= 3 after 0s; running anyway !!!!!!!!
Caches dropped successfully (synced, then wrote 1
 to /proc/sys/vm/drop_caches).
fatal: not a git repository (or any parent up to mount point /local)
Stopping at filesystem boundary (GIT_DISCOVERY_ACROSS_FILESYSTEM not set).
fatal: not a git repository (or any parent up to mount point /local)
Stopping at filesystem boundary (GIT_DISCOVERY_ACROSS_FILESYSTEM not set).
fatal: not a git repository (or any parent up to mount point /local)
Stopping at filesystem boundary (GIT_DISCOVERY_ACROSS_FILESYSTEM not set).
fatal: not a git repository (or any parent up to mount point /local)
Stopping at filesystem boundary (GIT_DISCOVERY_ACROSS_FILESYSTEM not set).
fatal: not a git repository (or any parent up to mount point /local)
Stopping at filesystem boundary (GIT_DISCOVERY_ACROSS_FILESYSTEM not set).
rep 1/1: complete export=s e2e=93.385718720s 504927346 bytes syscr=8886367 pread64=4444385 io_uring_enter=0 read_bytes=9617850368 cpu_s=39.980000
[2026-10-07T18:45:27Z] pr3528-H-vocab-label-large-de-cold-base-r3 done
[2026-10-07T18:45:27Z] !!!!!!!! load gate: load1=19.14 still >= 3 after 0s; running anyway !!!!!!!!
Caches dropped successfully (synced, then wrote 1
 to /proc/sys/vm/drop_caches).
fatal: not a git repository (or any parent up to mount point /local)
Stopping at filesystem boundary (GIT_DISCOVERY_ACROSS_FILESYSTEM not set).
fatal: not a git repository (or any parent up to mount point /local)
Stopping at filesystem boundary (GIT_DISCOVERY_ACROSS_FILESYSTEM not set).
fatal: not a git repository (or any parent up to mount point /local)
Stopping at filesystem boundary (GIT_DISCOVERY_ACROSS_FILESYSTEM not set).
fatal: not a git repository (or any parent up to mount point /local)
Stopping at filesystem boundary (GIT_DISCOVERY_ACROSS_FILESYSTEM not set).
fatal: not a git repository (or any parent up to mount point /local)
Stopping at filesystem boundary (GIT_DISCOVERY_ACROSS_FILESYSTEM not set).
rep 1/1: complete export=s e2e=33.424477700s 504927346 bytes syscr=8881602 pread64=2633 io_uring_enter=30434 read_bytes=9443688448 cpu_s=34.080000
[2026-10-07T18:46:44Z] pr3528-H-vocab-label-large-de-cold-variant-r3 done
[2026-10-07T18:46:44Z] !!!!!!!! load gate: load1=20.19 still >= 3 after 0s; running anyway !!!!!!!!
Caches dropped successfully (synced, then wrote 1
 to /proc/sys/vm/drop_caches).
fatal: not a git repository (or any parent up to mount point /local)
Stopping at filesystem boundary (GIT_DISCOVERY_ACROSS_FILESYSTEM not set).
fatal: not a git repository (or any parent up to mount point /local)
Stopping at filesystem boundary (GIT_DISCOVERY_ACROSS_FILESYSTEM not set).
fatal: not a git repository (or any parent up to mount point /local)
Stopping at filesystem boundary (GIT_DISCOVERY_ACROSS_FILESYSTEM not set).
fatal: not a git repository (or any parent up to mount point /local)
Stopping at filesystem boundary (GIT_DISCOVERY_ACROSS_FILESYSTEM not set).
fatal: not a git repository (or any parent up to mount point /local)
Stopping at filesystem boundary (GIT_DISCOVERY_ACROSS_FILESYSTEM not set).
rep 1/1: complete export=s e2e=39.131740520s 504927346 bytes syscr=2713 pread64=2612 io_uring_enter=6633425 read_bytes=9440415744 cpu_s=39.580000
[2026-10-07T18:48:06Z] pr3528-H-vocab-label-large-de-cold-variant2-r3 done
[2026-10-07T18:48:06Z] !!!!!!!! load gate: load1=20.69 still >= 3 after 0s; running anyway !!!!!!!!
fatal: not a git repository (or any parent up to mount point /local)
Stopping at filesystem boundary (GIT_DISCOVERY_ACROSS_FILESYSTEM not set).
fatal: not a git repository (or any parent up to mount point /local)
Stopping at filesystem boundary (GIT_DISCOVERY_ACROSS_FILESYSTEM not set).
fatal: not a git repository (or any parent up to mount point /local)
Stopping at filesystem boundary (GIT_DISCOVERY_ACROSS_FILESYSTEM not set).
fatal: not a git repository (or any parent up to mount point /local)
Stopping at filesystem boundary (GIT_DISCOVERY_ACROSS_FILESYSTEM not set).
fatal: not a git repository (or any parent up to mount point /local)
Stopping at filesystem boundary (GIT_DISCOVERY_ACROSS_FILESYSTEM not set).
rep 1/1: complete export=s e2e=24.471518517s 504927346 bytes syscr=8886231 pread64=4444385 io_uring_enter=0 read_bytes=0 cpu_s=25.240000
[2026-10-07T18:50:44Z] pr3528-H-vocab-label-large-de-warm-base-r1 done
[2026-10-07T18:50:44Z] !!!!!!!! load gate: load1=19.64 still >= 3 after 0s; running anyway !!!!!!!!
fatal: not a git repository (or any parent up to mount point /local)
Stopping at filesystem boundary (GIT_DISCOVERY_ACROSS_FILESYSTEM not set).
fatal: not a git repository (or any parent up to mount point /local)
Stopping at filesystem boundary (GIT_DISCOVERY_ACROSS_FILESYSTEM not set).
fatal: not a git repository (or any parent up to mount point /local)
Stopping at filesystem boundary (GIT_DISCOVERY_ACROSS_FILESYSTEM not set).
fatal: not a git repository (or any parent up to mount point /local)
Stopping at filesystem boundary (GIT_DISCOVERY_ACROSS_FILESYSTEM not set).
fatal: not a git repository (or any parent up to mount point /local)
Stopping at filesystem boundary (GIT_DISCOVERY_ACROSS_FILESYSTEM not set).
rep 1/1: complete export=s e2e=23.897916265s 504927346 bytes syscr=8881582 pread64=2633 io_uring_enter=0 read_bytes=0 cpu_s=24.700000
[2026-10-07T18:52:23Z] pr3528-H-vocab-label-large-de-warm-variant-r1 done
[2026-10-07T18:52:23Z] !!!!!!!! load gate: load1=19.71 still >= 3 after 0s; running anyway !!!!!!!!
fatal: not a git repository (or any parent up to mount point /local)
Stopping at filesystem boundary (GIT_DISCOVERY_ACROSS_FILESYSTEM not set).
fatal: not a git repository (or any parent up to mount point /local)
Stopping at filesystem boundary (GIT_DISCOVERY_ACROSS_FILESYSTEM not set).
fatal: not a git repository (or any parent up to mount point /local)
Stopping at filesystem boundary (GIT_DISCOVERY_ACROSS_FILESYSTEM not set).
fatal: not a git repository (or any parent up to mount point /local)
Stopping at filesystem boundary (GIT_DISCOVERY_ACROSS_FILESYSTEM not set).
fatal: not a git repository (or any parent up to mount point /local)
Stopping at filesystem boundary (GIT_DISCOVERY_ACROSS_FILESYSTEM not set).
rep 1/1: complete export=s e2e=28.696293335s 504927346 bytes syscr=2689 pread64=2612 io_uring_enter=6625868 read_bytes=0 cpu_s=29.520000
[2026-10-07T18:54:11Z] pr3528-H-vocab-label-large-de-warm-variant2-r1 done
[2026-10-07T18:54:11Z] !!!!!!!! load gate: load1=19.64 still >= 3 after 0s; running anyway !!!!!!!!
fatal: not a git repository (or any parent up to mount point /local)
Stopping at filesystem boundary (GIT_DISCOVERY_ACROSS_FILESYSTEM not set).
fatal: not a git repository (or any parent up to mount point /local)
Stopping at filesystem boundary (GIT_DISCOVERY_ACROSS_FILESYSTEM not set).
fatal: not a git repository (or any parent up to mount point /local)
Stopping at filesystem boundary (GIT_DISCOVERY_ACROSS_FILESYSTEM not set).
fatal: not a git repository (or any parent up to mount point /local)
Stopping at filesystem boundary (GIT_DISCOVERY_ACROSS_FILESYSTEM not set).
fatal: not a git repository (or any parent up to mount point /local)
Stopping at filesystem boundary (GIT_DISCOVERY_ACROSS_FILESYSTEM not set).
rep 1/1: complete export=s e2e=28.429471364s 504927346 bytes syscr=2689 pread64=2612 io_uring_enter=6625868 read_bytes=0 cpu_s=29.260000
[2026-10-07T18:56:00Z] pr3528-H-vocab-label-large-de-warm-variant2-r2 done
[2026-10-07T18:56:00Z] !!!!!!!! load gate: load1=19.24 still >= 3 after 0s; running anyway !!!!!!!!
fatal: not a git repository (or any parent up to mount point /local)
Stopping at filesystem boundary (GIT_DISCOVERY_ACROSS_FILESYSTEM not set).
fatal: not a git repository (or any parent up to mount point /local)
Stopping at filesystem boundary (GIT_DISCOVERY_ACROSS_FILESYSTEM not set).
fatal: not a git repository (or any parent up to mount point /local)
Stopping at filesystem boundary (GIT_DISCOVERY_ACROSS_FILESYSTEM not set).
fatal: not a git repository (or any parent up to mount point /local)
Stopping at filesystem boundary (GIT_DISCOVERY_ACROSS_FILESYSTEM not set).
fatal: not a git repository (or any parent up to mount point /local)
Stopping at filesystem boundary (GIT_DISCOVERY_ACROSS_FILESYSTEM not set).
rep 1/1: complete export=s e2e=21.240647409s 504927346 bytes syscr=8881574 pread64=2633 io_uring_enter=0 read_bytes=0 cpu_s=22.100000
[2026-10-07T18:57:33Z] pr3528-H-vocab-label-large-de-warm-variant-r2 done
[2026-10-07T18:57:33Z] !!!!!!!! load gate: load1=13.47 still >= 3 after 0s; running anyway !!!!!!!!
fatal: not a git repository (or any parent up to mount point /local)
Stopping at filesystem boundary (GIT_DISCOVERY_ACROSS_FILESYSTEM not set).
fatal: not a git repository (or any parent up to mount point /local)
Stopping at filesystem boundary (GIT_DISCOVERY_ACROSS_FILESYSTEM not set).
fatal: not a git repository (or any parent up to mount point /local)
Stopping at filesystem boundary (GIT_DISCOVERY_ACROSS_FILESYSTEM not set).
fatal: not a git repository (or any parent up to mount point /local)
Stopping at filesystem boundary (GIT_DISCOVERY_ACROSS_FILESYSTEM not set).
fatal: not a git repository (or any parent up to mount point /local)
Stopping at filesystem boundary (GIT_DISCOVERY_ACROSS_FILESYSTEM not set).
rep 1/1: complete export=s e2e=21.195901452s 504927346 bytes syscr=8886223 pread64=4444385 io_uring_enter=0 read_bytes=0 cpu_s=22.090000
[2026-10-07T18:59:40Z] pr3528-H-vocab-label-large-de-warm-base-r2 done
[2026-10-07T18:59:40Z] !!!!!!!! load gate: load1=9.91 still >= 3 after 0s; running anyway !!!!!!!!
fatal: not a git repository (or any parent up to mount point /local)
Stopping at filesystem boundary (GIT_DISCOVERY_ACROSS_FILESYSTEM not set).
fatal: not a git repository (or any parent up to mount point /local)
Stopping at filesystem boundary (GIT_DISCOVERY_ACROSS_FILESYSTEM not set).
fatal: not a git repository (or any parent up to mount point /local)
Stopping at filesystem boundary (GIT_DISCOVERY_ACROSS_FILESYSTEM not set).
fatal: not a git repository (or any parent up to mount point /local)
Stopping at filesystem boundary (GIT_DISCOVERY_ACROSS_FILESYSTEM not set).
fatal: not a git repository (or any parent up to mount point /local)
Stopping at filesystem boundary (GIT_DISCOVERY_ACROSS_FILESYSTEM not set).
rep 1/1: complete export=s e2e=19.735214348s 504927346 bytes syscr=8886219 pread64=4444385 io_uring_enter=0 read_bytes=0 cpu_s=20.620000
[2026-10-07T19:01:43Z] pr3528-H-vocab-label-large-de-warm-base-r3 done
[2026-10-07T19:01:43Z] !!!!!!!! load gate: load1=6.48 still >= 3 after 0s; running anyway !!!!!!!!
fatal: not a git repository (or any parent up to mount point /local)
Stopping at filesystem boundary (GIT_DISCOVERY_ACROSS_FILESYSTEM not set).
fatal: not a git repository (or any parent up to mount point /local)
Stopping at filesystem boundary (GIT_DISCOVERY_ACROSS_FILESYSTEM not set).
fatal: not a git repository (or any parent up to mount point /local)
Stopping at filesystem boundary (GIT_DISCOVERY_ACROSS_FILESYSTEM not set).
fatal: not a git repository (or any parent up to mount point /local)
Stopping at filesystem boundary (GIT_DISCOVERY_ACROSS_FILESYSTEM not set).
fatal: not a git repository (or any parent up to mount point /local)
Stopping at filesystem boundary (GIT_DISCOVERY_ACROSS_FILESYSTEM not set).
rep 1/1: complete export=s e2e=18.632444871s 504927346 bytes syscr=8881570 pread64=2633 io_uring_enter=0 read_bytes=0 cpu_s=19.480000
[2026-10-07T19:03:06Z] pr3528-H-vocab-label-large-de-warm-variant-r3 done
[2026-10-07T19:03:06Z] !!!!!!!! load gate: load1=5.17 still >= 3 after 0s; running anyway !!!!!!!!
fatal: not a git repository (or any parent up to mount point /local)
Stopping at filesystem boundary (GIT_DISCOVERY_ACROSS_FILESYSTEM not set).
fatal: not a git repository (or any parent up to mount point /local)
Stopping at filesystem boundary (GIT_DISCOVERY_ACROSS_FILESYSTEM not set).
fatal: not a git repository (or any parent up to mount point /local)
Stopping at filesystem boundary (GIT_DISCOVERY_ACROSS_FILESYSTEM not set).
fatal: not a git repository (or any parent up to mount point /local)
Stopping at filesystem boundary (GIT_DISCOVERY_ACROSS_FILESYSTEM not set).
fatal: not a git repository (or any parent up to mount point /local)
Stopping at filesystem boundary (GIT_DISCOVERY_ACROSS_FILESYSTEM not set).
rep 1/1: complete export=s e2e=28.656862249s 504927346 bytes syscr=2689 pread64=2612 io_uring_enter=6625868 read_bytes=0 cpu_s=29.390000
[2026-10-07T19:04:44Z] pr3528-H-vocab-label-large-de-warm-variant2-r3 done
[2026-10-07T19:04:44Z] !!!!!!!! load gate: load1=12.77 still >= 3 after 0s; running anyway !!!!!!!!
Caches dropped successfully (synced, then wrote 1
 to /proc/sys/vm/drop_caches).
fatal: not a git repository (or any parent up to mount point /local)
Stopping at filesystem boundary (GIT_DISCOVERY_ACROSS_FILESYSTEM not set).
fatal: not a git repository (or any parent up to mount point /local)
Stopping at filesystem boundary (GIT_DISCOVERY_ACROSS_FILESYSTEM not set).
fatal: not a git repository (or any parent up to mount point /local)
Stopping at filesystem boundary (GIT_DISCOVERY_ACROSS_FILESYSTEM not set).
fatal: not a git repository (or any parent up to mount point /local)
Stopping at filesystem boundary (GIT_DISCOVERY_ACROSS_FILESYSTEM not set).
fatal: not a git repository (or any parent up to mount point /local)
Stopping at filesystem boundary (GIT_DISCOVERY_ACROSS_FILESYSTEM not set).
rep 1/1: complete export=s e2e=83.719499717s 74413425 bytes syscr=1404559 pread64=703106 io_uring_enter=0 read_bytes=7756918784 cpu_s=20.850000
[2026-10-07T19:06:50Z] pr3528-A-scatter-disambig-label-de-cold-base-r1 done
[2026-10-07T19:06:50Z] !!!!!!!! load gate: load1=16.81 still >= 3 after 0s; running anyway !!!!!!!!
Caches dropped successfully (synced, then wrote 1
 to /proc/sys/vm/drop_caches).
fatal: not a git repository (or any parent up to mount point /local)
Stopping at filesystem boundary (GIT_DISCOVERY_ACROSS_FILESYSTEM not set).
fatal: not a git repository (or any parent up to mount point /local)
Stopping at filesystem boundary (GIT_DISCOVERY_ACROSS_FILESYSTEM not set).
fatal: not a git repository (or any parent up to mount point /local)
Stopping at filesystem boundary (GIT_DISCOVERY_ACROSS_FILESYSTEM not set).
fatal: not a git repository (or any parent up to mount point /local)
Stopping at filesystem boundary (GIT_DISCOVERY_ACROSS_FILESYSTEM not set).
fatal: not a git repository (or any parent up to mount point /local)
Stopping at filesystem boundary (GIT_DISCOVERY_ACROSS_FILESYSTEM not set).
rep 1/1: complete export=s e2e=13.658926204s 74413425 bytes syscr=1401205 pread64=1859 io_uring_enter=11808 read_bytes=6828933120 cpu_s=13.970000
[2026-10-07T19:07:44Z] pr3528-A-scatter-disambig-label-de-cold-variant-r1 done
[2026-10-07T19:07:44Z] !!!!!!!! load gate: load1=17.27 still >= 3 after 0s; running anyway !!!!!!!!
Caches dropped successfully (synced, then wrote 1
 to /proc/sys/vm/drop_caches).
fatal: not a git repository (or any parent up to mount point /local)
Stopping at filesystem boundary (GIT_DISCOVERY_ACROSS_FILESYSTEM not set).
fatal: not a git repository (or any parent up to mount point /local)
Stopping at filesystem boundary (GIT_DISCOVERY_ACROSS_FILESYSTEM not set).
fatal: not a git repository (or any parent up to mount point /local)
Stopping at filesystem boundary (GIT_DISCOVERY_ACROSS_FILESYSTEM not set).
fatal: not a git repository (or any parent up to mount point /local)
Stopping at filesystem boundary (GIT_DISCOVERY_ACROSS_FILESYSTEM not set).
fatal: not a git repository (or any parent up to mount point /local)
Stopping at filesystem boundary (GIT_DISCOVERY_ACROSS_FILESYSTEM not set).
rep 1/1: complete export=s e2e=14.792353558s 74413425 bytes syscr=1887 pread64=1838 io_uring_enter=1055826 read_bytes=6806069248 cpu_s=15.040000
[2026-10-07T19:08:38Z] pr3528-A-scatter-disambig-label-de-cold-variant2-r1 done
[2026-10-07T19:08:38Z] !!!!!!!! load gate: load1=18.08 still >= 3 after 0s; running anyway !!!!!!!!
Caches dropped successfully (synced, then wrote 1
 to /proc/sys/vm/drop_caches).
fatal: not a git repository (or any parent up to mount point /local)
Stopping at filesystem boundary (GIT_DISCOVERY_ACROSS_FILESYSTEM not set).
fatal: not a git repository (or any parent up to mount point /local)
Stopping at filesystem boundary (GIT_DISCOVERY_ACROSS_FILESYSTEM not set).
fatal: not a git repository (or any parent up to mount point /local)
Stopping at filesystem boundary (GIT_DISCOVERY_ACROSS_FILESYSTEM not set).
fatal: not a git repository (or any parent up to mount point /local)
Stopping at filesystem boundary (GIT_DISCOVERY_ACROSS_FILESYSTEM not set).
fatal: not a git repository (or any parent up to mount point /local)
Stopping at filesystem boundary (GIT_DISCOVERY_ACROSS_FILESYSTEM not set).
rep 1/1: complete export=s e2e=14.772105005s 74413425 bytes syscr=1891 pread64=1838 io_uring_enter=1055793 read_bytes=6820913152 cpu_s=15.040000
[2026-10-07T19:09:33Z] pr3528-A-scatter-disambig-label-de-cold-variant2-r2 done
[2026-10-07T19:09:33Z] !!!!!!!! load gate: load1=19.35 still >= 3 after 0s; running anyway !!!!!!!!
Caches dropped successfully (synced, then wrote 1
 to /proc/sys/vm/drop_caches).
fatal: not a git repository (or any parent up to mount point /local)
Stopping at filesystem boundary (GIT_DISCOVERY_ACROSS_FILESYSTEM not set).
fatal: not a git repository (or any parent up to mount point /local)
Stopping at filesystem boundary (GIT_DISCOVERY_ACROSS_FILESYSTEM not set).
fatal: not a git repository (or any parent up to mount point /local)
Stopping at filesystem boundary (GIT_DISCOVERY_ACROSS_FILESYSTEM not set).
fatal: not a git repository (or any parent up to mount point /local)
Stopping at filesystem boundary (GIT_DISCOVERY_ACROSS_FILESYSTEM not set).
fatal: not a git repository (or any parent up to mount point /local)
Stopping at filesystem boundary (GIT_DISCOVERY_ACROSS_FILESYSTEM not set).
rep 1/1: complete export=s e2e=13.630013963s 74413425 bytes syscr=1401205 pread64=1859 io_uring_enter=11824 read_bytes=6826582016 cpu_s=14.020000
[2026-10-07T19:10:27Z] pr3528-A-scatter-disambig-label-de-cold-variant-r2 done
[2026-10-07T19:10:27Z] !!!!!!!! load gate: load1=19.27 still >= 3 after 0s; running anyway !!!!!!!!
Caches dropped successfully (synced, then wrote 1
 to /proc/sys/vm/drop_caches).
fatal: not a git repository (or any parent up to mount point /local)
Stopping at filesystem boundary (GIT_DISCOVERY_ACROSS_FILESYSTEM not set).
fatal: not a git repository (or any parent up to mount point /local)
Stopping at filesystem boundary (GIT_DISCOVERY_ACROSS_FILESYSTEM not set).
fatal: not a git repository (or any parent up to mount point /local)
Stopping at filesystem boundary (GIT_DISCOVERY_ACROSS_FILESYSTEM not set).
fatal: not a git repository (or any parent up to mount point /local)
Stopping at filesystem boundary (GIT_DISCOVERY_ACROSS_FILESYSTEM not set).
fatal: not a git repository (or any parent up to mount point /local)
Stopping at filesystem boundary (GIT_DISCOVERY_ACROSS_FILESYSTEM not set).
rep 1/1: complete export=s e2e=63.419048462s 74413425 bytes syscr=1404519 pread64=703106 io_uring_enter=0 read_bytes=7756918784 cpu_s=15.400000
[2026-10-07T19:12:06Z] pr3528-A-scatter-disambig-label-de-cold-base-r2 done
[2026-10-07T19:12:06Z] !!!!!!!! load gate: load1=8.59 still >= 3 after 0s; running anyway !!!!!!!!
Caches dropped successfully (synced, then wrote 1
 to /proc/sys/vm/drop_caches).
fatal: not a git repository (or any parent up to mount point /local)
Stopping at filesystem boundary (GIT_DISCOVERY_ACROSS_FILESYSTEM not set).
fatal: not a git repository (or any parent up to mount point /local)
Stopping at filesystem boundary (GIT_DISCOVERY_ACROSS_FILESYSTEM not set).
fatal: not a git repository (or any parent up to mount point /local)
Stopping at filesystem boundary (GIT_DISCOVERY_ACROSS_FILESYSTEM not set).
fatal: not a git repository (or any parent up to mount point /local)
Stopping at filesystem boundary (GIT_DISCOVERY_ACROSS_FILESYSTEM not set).
fatal: not a git repository (or any parent up to mount point /local)
Stopping at filesystem boundary (GIT_DISCOVERY_ACROSS_FILESYSTEM not set).
rep 1/1: complete export=s e2e=62.170147290s 74413425 bytes syscr=1404519 pread64=703106 io_uring_enter=0 read_bytes=7756918784 cpu_s=13.390000
[2026-10-07T19:13:40Z] pr3528-A-scatter-disambig-label-de-cold-base-r3 done
[2026-10-07T19:13:40Z] !!!!!!!! load gate: load1=10.78 still >= 3 after 0s; running anyway !!!!!!!!
Caches dropped successfully (synced, then wrote 1
 to /proc/sys/vm/drop_caches).
fatal: not a git repository (or any parent up to mount point /local)
Stopping at filesystem boundary (GIT_DISCOVERY_ACROSS_FILESYSTEM not set).
fatal: not a git repository (or any parent up to mount point /local)
Stopping at filesystem boundary (GIT_DISCOVERY_ACROSS_FILESYSTEM not set).
fatal: not a git repository (or any parent up to mount point /local)
Stopping at filesystem boundary (GIT_DISCOVERY_ACROSS_FILESYSTEM not set).
fatal: not a git repository (or any parent up to mount point /local)
Stopping at filesystem boundary (GIT_DISCOVERY_ACROSS_FILESYSTEM not set).
fatal: not a git repository (or any parent up to mount point /local)
Stopping at filesystem boundary (GIT_DISCOVERY_ACROSS_FILESYSTEM not set).
rep 1/1: complete export=s e2e=11.287086451s 74413425 bytes syscr=1401197 pread64=1859 io_uring_enter=11850 read_bytes=6826045440 cpu_s=11.650000
[2026-10-07T19:14:29Z] pr3528-A-scatter-disambig-label-de-cold-variant-r3 done
[2026-10-07T19:14:29Z] !!!!!!!! load gate: load1=8.62 still >= 3 after 0s; running anyway !!!!!!!!
Caches dropped successfully (synced, then wrote 1
 to /proc/sys/vm/drop_caches).
fatal: not a git repository (or any parent up to mount point /local)
Stopping at filesystem boundary (GIT_DISCOVERY_ACROSS_FILESYSTEM not set).
fatal: not a git repository (or any parent up to mount point /local)
Stopping at filesystem boundary (GIT_DISCOVERY_ACROSS_FILESYSTEM not set).
fatal: not a git repository (or any parent up to mount point /local)
Stopping at filesystem boundary (GIT_DISCOVERY_ACROSS_FILESYSTEM not set).
fatal: not a git repository (or any parent up to mount point /local)
Stopping at filesystem boundary (GIT_DISCOVERY_ACROSS_FILESYSTEM not set).
fatal: not a git repository (or any parent up to mount point /local)
Stopping at filesystem boundary (GIT_DISCOVERY_ACROSS_FILESYSTEM not set).
rep 1/1: complete export=s e2e=11.156243106s 74413425 bytes syscr=1879 pread64=1838 io_uring_enter=1057200 read_bytes=6828306432 cpu_s=11.410000
[2026-10-07T19:15:12Z] pr3528-A-scatter-disambig-label-de-cold-variant2-r3 done
[2026-10-07T19:15:12Z] !!!!!!!! load gate: load1=6.25 still >= 3 after 0s; running anyway !!!!!!!!
fatal: not a git repository (or any parent up to mount point /local)
Stopping at filesystem boundary (GIT_DISCOVERY_ACROSS_FILESYSTEM not set).
fatal: not a git repository (or any parent up to mount point /local)
Stopping at filesystem boundary (GIT_DISCOVERY_ACROSS_FILESYSTEM not set).
fatal: not a git repository (or any parent up to mount point /local)
Stopping at filesystem boundary (GIT_DISCOVERY_ACROSS_FILESYSTEM not set).
fatal: not a git repository (or any parent up to mount point /local)
Stopping at filesystem boundary (GIT_DISCOVERY_ACROSS_FILESYSTEM not set).
fatal: not a git repository (or any parent up to mount point /local)
Stopping at filesystem boundary (GIT_DISCOVERY_ACROSS_FILESYSTEM not set).
rep 1/1: complete export=s e2e=3.751074885s 74413425 bytes syscr=4213209 pread64=2109318 io_uring_enter=0 read_bytes=0 cpu_s=12.440000
[2026-10-07T19:17:08Z] pr3528-A-scatter-disambig-label-de-warm-base-r1 done
[2026-10-07T19:17:08Z] !!!!!!!! load gate: load1=8.13 still >= 3 after 0s; running anyway !!!!!!!!
fatal: not a git repository (or any parent up to mount point /local)
Stopping at filesystem boundary (GIT_DISCOVERY_ACROSS_FILESYSTEM not set).
fatal: not a git repository (or any parent up to mount point /local)
Stopping at filesystem boundary (GIT_DISCOVERY_ACROSS_FILESYSTEM not set).
fatal: not a git repository (or any parent up to mount point /local)
Stopping at filesystem boundary (GIT_DISCOVERY_ACROSS_FILESYSTEM not set).
fatal: not a git repository (or any parent up to mount point /local)
Stopping at filesystem boundary (GIT_DISCOVERY_ACROSS_FILESYSTEM not set).
fatal: not a git repository (or any parent up to mount point /local)
Stopping at filesystem boundary (GIT_DISCOVERY_ACROSS_FILESYSTEM not set).
rep 1/1: complete export=s e2e=3.062131253s 74413425 bytes syscr=5604732 pread64=7436 io_uring_enter=0 read_bytes=0 cpu_s=13.710000
[2026-10-07T19:18:04Z] pr3528-A-scatter-disambig-label-de-warm-variant-r1 done
[2026-10-07T19:18:04Z] !!!!!!!! load gate: load1=7.29 still >= 3 after 0s; running anyway !!!!!!!!
fatal: not a git repository (or any parent up to mount point /local)
Stopping at filesystem boundary (GIT_DISCOVERY_ACROSS_FILESYSTEM not set).
fatal: not a git repository (or any parent up to mount point /local)
Stopping at filesystem boundary (GIT_DISCOVERY_ACROSS_FILESYSTEM not set).
fatal: not a git repository (or any parent up to mount point /local)
Stopping at filesystem boundary (GIT_DISCOVERY_ACROSS_FILESYSTEM not set).
fatal: not a git repository (or any parent up to mount point /local)
Stopping at filesystem boundary (GIT_DISCOVERY_ACROSS_FILESYSTEM not set).
fatal: not a git repository (or any parent up to mount point /local)
Stopping at filesystem boundary (GIT_DISCOVERY_ACROSS_FILESYSTEM not set).
rep 1/1: complete export=s e2e=3.543349497s 74413425 bytes syscr=5601 pread64=5514 io_uring_enter=3157530 read_bytes=0 cpu_s=11.730000
[2026-10-07T19:18:54Z] pr3528-A-scatter-disambig-label-de-warm-variant2-r1 done
[2026-10-07T19:18:54Z] !!!!!!!! load gate: load1=5.57 still >= 3 after 0s; running anyway !!!!!!!!
fatal: not a git repository (or any parent up to mount point /local)
Stopping at filesystem boundary (GIT_DISCOVERY_ACROSS_FILESYSTEM not set).
fatal: not a git repository (or any parent up to mount point /local)
Stopping at filesystem boundary (GIT_DISCOVERY_ACROSS_FILESYSTEM not set).
fatal: not a git repository (or any parent up to mount point /local)
Stopping at filesystem boundary (GIT_DISCOVERY_ACROSS_FILESYSTEM not set).
fatal: not a git repository (or any parent up to mount point /local)
Stopping at filesystem boundary (GIT_DISCOVERY_ACROSS_FILESYSTEM not set).
fatal: not a git repository (or any parent up to mount point /local)
Stopping at filesystem boundary (GIT_DISCOVERY_ACROSS_FILESYSTEM not set).
rep 1/1: complete export=s e2e=3.450237238s 74413425 bytes syscr=5597 pread64=5514 io_uring_enter=3157530 read_bytes=0 cpu_s=11.430000
[2026-10-07T19:19:45Z] pr3528-A-scatter-disambig-label-de-warm-variant2-r2 done
[2026-10-07T19:19:45Z] !!!!!!!! load gate: load1=4.76 still >= 3 after 0s; running anyway !!!!!!!!
fatal: not a git repository (or any parent up to mount point /local)
Stopping at filesystem boundary (GIT_DISCOVERY_ACROSS_FILESYSTEM not set).
fatal: not a git repository (or any parent up to mount point /local)
Stopping at filesystem boundary (GIT_DISCOVERY_ACROSS_FILESYSTEM not set).
fatal: not a git repository (or any parent up to mount point /local)
Stopping at filesystem boundary (GIT_DISCOVERY_ACROSS_FILESYSTEM not set).
fatal: not a git repository (or any parent up to mount point /local)
Stopping at filesystem boundary (GIT_DISCOVERY_ACROSS_FILESYSTEM not set).
fatal: not a git repository (or any parent up to mount point /local)
Stopping at filesystem boundary (GIT_DISCOVERY_ACROSS_FILESYSTEM not set).
rep 1/1: complete export=s e2e=3.144232209s 74413425 bytes syscr=5604736 pread64=7436 io_uring_enter=0 read_bytes=0 cpu_s=14.080000
[2026-10-07T19:20:41Z] pr3528-A-scatter-disambig-label-de-warm-variant-r2 done
[2026-10-07T19:20:41Z] !!!!!!!! load gate: load1=5.76 still >= 3 after 0s; running anyway !!!!!!!!
fatal: not a git repository (or any parent up to mount point /local)
Stopping at filesystem boundary (GIT_DISCOVERY_ACROSS_FILESYSTEM not set).
fatal: not a git repository (or any parent up to mount point /local)
Stopping at filesystem boundary (GIT_DISCOVERY_ACROSS_FILESYSTEM not set).
fatal: not a git repository (or any parent up to mount point /local)
Stopping at filesystem boundary (GIT_DISCOVERY_ACROSS_FILESYSTEM not set).
fatal: not a git repository (or any parent up to mount point /local)
Stopping at filesystem boundary (GIT_DISCOVERY_ACROSS_FILESYSTEM not set).
fatal: not a git repository (or any parent up to mount point /local)
Stopping at filesystem boundary (GIT_DISCOVERY_ACROSS_FILESYSTEM not set).
rep 1/1: complete export=s e2e=3.103272159s 74413425 bytes syscr=5617604 pread64=2812424 io_uring_enter=0 read_bytes=0 cpu_s=13.910000
[2026-10-07T19:22:37Z] pr3528-A-scatter-disambig-label-de-warm-base-r2 done
[2026-10-07T19:22:37Z] !!!!!!!! load gate: load1=5.84 still >= 3 after 0s; running anyway !!!!!!!!
fatal: not a git repository (or any parent up to mount point /local)
Stopping at filesystem boundary (GIT_DISCOVERY_ACROSS_FILESYSTEM not set).
fatal: not a git repository (or any parent up to mount point /local)
Stopping at filesystem boundary (GIT_DISCOVERY_ACROSS_FILESYSTEM not set).
fatal: not a git repository (or any parent up to mount point /local)
Stopping at filesystem boundary (GIT_DISCOVERY_ACROSS_FILESYSTEM not set).
fatal: not a git repository (or any parent up to mount point /local)
Stopping at filesystem boundary (GIT_DISCOVERY_ACROSS_FILESYSTEM not set).
fatal: not a git repository (or any parent up to mount point /local)
Stopping at filesystem boundary (GIT_DISCOVERY_ACROSS_FILESYSTEM not set).
rep 1/1: complete export=s e2e=3.675946618s 74413425 bytes syscr=4213209 pread64=2109318 io_uring_enter=0 read_bytes=0 cpu_s=12.230000
[2026-10-07T19:24:33Z] pr3528-A-scatter-disambig-label-de-warm-base-r3 done
[2026-10-07T19:24:33Z] !!!!!!!! load gate: load1=8.19 still >= 3 after 0s; running anyway !!!!!!!!
fatal: not a git repository (or any parent up to mount point /local)
Stopping at filesystem boundary (GIT_DISCOVERY_ACROSS_FILESYSTEM not set).
fatal: not a git repository (or any parent up to mount point /local)
Stopping at filesystem boundary (GIT_DISCOVERY_ACROSS_FILESYSTEM not set).
fatal: not a git repository (or any parent up to mount point /local)
Stopping at filesystem boundary (GIT_DISCOVERY_ACROSS_FILESYSTEM not set).
fatal: not a git repository (or any parent up to mount point /local)
Stopping at filesystem boundary (GIT_DISCOVERY_ACROSS_FILESYSTEM not set).
fatal: not a git repository (or any parent up to mount point /local)
Stopping at filesystem boundary (GIT_DISCOVERY_ACROSS_FILESYSTEM not set).
rep 1/1: complete export=s e2e=3.069804217s 74413425 bytes syscr=5604732 pread64=7436 io_uring_enter=0 read_bytes=0 cpu_s=13.710000
[2026-10-07T19:25:29Z] pr3528-A-scatter-disambig-label-de-warm-variant-r3 done
[2026-10-07T19:25:29Z] !!!!!!!! load gate: load1=6.70 still >= 3 after 0s; running anyway !!!!!!!!
fatal: not a git repository (or any parent up to mount point /local)
Stopping at filesystem boundary (GIT_DISCOVERY_ACROSS_FILESYSTEM not set).
fatal: not a git repository (or any parent up to mount point /local)
Stopping at filesystem boundary (GIT_DISCOVERY_ACROSS_FILESYSTEM not set).
fatal: not a git repository (or any parent up to mount point /local)
Stopping at filesystem boundary (GIT_DISCOVERY_ACROSS_FILESYSTEM not set).
fatal: not a git repository (or any parent up to mount point /local)
Stopping at filesystem boundary (GIT_DISCOVERY_ACROSS_FILESYSTEM not set).
fatal: not a git repository (or any parent up to mount point /local)
Stopping at filesystem boundary (GIT_DISCOVERY_ACROSS_FILESYSTEM not set).
rep 1/1: complete export=s e2e=3.551722675s 74413425 bytes syscr=5601 pread64=5514 io_uring_enter=3157530 read_bytes=0 cpu_s=11.770000
[2026-10-07T19:26:19Z] pr3528-A-scatter-disambig-label-de-warm-variant2-r3 done
[2026-10-07T19:26:19Z] !!!!!!!! load gate: load1=5.27 still >= 3 after 0s; running anyway !!!!!!!!
Caches dropped successfully (synced, then wrote 1
 to /proc/sys/vm/drop_caches).
fatal: not a git repository (or any parent up to mount point /local)
Stopping at filesystem boundary (GIT_DISCOVERY_ACROSS_FILESYSTEM not set).
fatal: not a git repository (or any parent up to mount point /local)
Stopping at filesystem boundary (GIT_DISCOVERY_ACROSS_FILESYSTEM not set).
fatal: not a git repository (or any parent up to mount point /local)
Stopping at filesystem boundary (GIT_DISCOVERY_ACROSS_FILESYSTEM not set).
fatal: not a git repository (or any parent up to mount point /local)
Stopping at filesystem boundary (GIT_DISCOVERY_ACROSS_FILESYSTEM not set).
fatal: not a git repository (or any parent up to mount point /local)
Stopping at filesystem boundary (GIT_DISCOVERY_ACROSS_FILESYSTEM not set).
rep 1/1: complete export=s e2e=23.921449417s 1302749672 bytes syscr=9884 pread64=9815 io_uring_enter=0 read_bytes=512094208 cpu_s=26.760000
[2026-10-07T19:27:22Z] pr3528-H-vocab-label-large-cold-base-r1 done
[2026-10-07T19:27:22Z] !!!!!!!! load gate: load1=4.48 still >= 3 after 0s; running anyway !!!!!!!!
Caches dropped successfully (synced, then wrote 1
 to /proc/sys/vm/drop_caches).
fatal: not a git repository (or any parent up to mount point /local)
Stopping at filesystem boundary (GIT_DISCOVERY_ACROSS_FILESYSTEM not set).
fatal: not a git repository (or any parent up to mount point /local)
Stopping at filesystem boundary (GIT_DISCOVERY_ACROSS_FILESYSTEM not set).
fatal: not a git repository (or any parent up to mount point /local)
Stopping at filesystem boundary (GIT_DISCOVERY_ACROSS_FILESYSTEM not set).
fatal: not a git repository (or any parent up to mount point /local)
Stopping at filesystem boundary (GIT_DISCOVERY_ACROSS_FILESYSTEM not set).
fatal: not a git repository (or any parent up to mount point /local)
Stopping at filesystem boundary (GIT_DISCOVERY_ACROSS_FILESYSTEM not set).
rep 1/1: complete export=s e2e=37.419403118s 1302749672 bytes syscr=9912 pread64=9836 io_uring_enter=0 read_bytes=512229376 cpu_s=40.430000
[2026-10-07T19:28:41Z] pr3528-H-vocab-label-large-cold-variant-r1 done
[2026-10-07T19:28:41Z] !!!!!!!! load gate: load1=8.64 still >= 3 after 0s; running anyway !!!!!!!!
Caches dropped successfully (synced, then wrote 1
 to /proc/sys/vm/drop_caches).
fatal: not a git repository (or any parent up to mount point /local)
Stopping at filesystem boundary (GIT_DISCOVERY_ACROSS_FILESYSTEM not set).
fatal: not a git repository (or any parent up to mount point /local)
Stopping at filesystem boundary (GIT_DISCOVERY_ACROSS_FILESYSTEM not set).
fatal: not a git repository (or any parent up to mount point /local)
Stopping at filesystem boundary (GIT_DISCOVERY_ACROSS_FILESYSTEM not set).
fatal: not a git repository (or any parent up to mount point /local)
Stopping at filesystem boundary (GIT_DISCOVERY_ACROSS_FILESYSTEM not set).
fatal: not a git repository (or any parent up to mount point /local)
Stopping at filesystem boundary (GIT_DISCOVERY_ACROSS_FILESYSTEM not set).
rep 1/1: complete export=s e2e=28.234762010s 1302749672 bytes syscr=9892 pread64=9815 io_uring_enter=0 read_bytes=512094208 cpu_s=31.110000
[2026-10-07T19:29:48Z] pr3528-H-vocab-label-large-cold-variant2-r1 done
[2026-10-07T19:29:48Z] !!!!!!!! load gate: load1=6.64 still >= 3 after 0s; running anyway !!!!!!!!
Caches dropped successfully (synced, then wrote 1
 to /proc/sys/vm/drop_caches).
fatal: not a git repository (or any parent up to mount point /local)
Stopping at filesystem boundary (GIT_DISCOVERY_ACROSS_FILESYSTEM not set).
fatal: not a git repository (or any parent up to mount point /local)
Stopping at filesystem boundary (GIT_DISCOVERY_ACROSS_FILESYSTEM not set).
fatal: not a git repository (or any parent up to mount point /local)
Stopping at filesystem boundary (GIT_DISCOVERY_ACROSS_FILESYSTEM not set).
fatal: not a git repository (or any parent up to mount point /local)
Stopping at filesystem boundary (GIT_DISCOVERY_ACROSS_FILESYSTEM not set).
fatal: not a git repository (or any parent up to mount point /local)
Stopping at filesystem boundary (GIT_DISCOVERY_ACROSS_FILESYSTEM not set).
rep 1/1: complete export=s e2e=26.510324255s 1302749672 bytes syscr=9888 pread64=9815 io_uring_enter=0 read_bytes=512094208 cpu_s=29.430000
[2026-10-07T19:30:50Z] pr3528-H-vocab-label-large-cold-variant2-r2 done
[2026-10-07T19:30:50Z] !!!!!!!! load gate: load1=4.90 still >= 3 after 0s; running anyway !!!!!!!!
Caches dropped successfully (synced, then wrote 1
 to /proc/sys/vm/drop_caches).
fatal: not a git repository (or any parent up to mount point /local)
Stopping at filesystem boundary (GIT_DISCOVERY_ACROSS_FILESYSTEM not set).
fatal: not a git repository (or any parent up to mount point /local)
Stopping at filesystem boundary (GIT_DISCOVERY_ACROSS_FILESYSTEM not set).
fatal: not a git repository (or any parent up to mount point /local)
Stopping at filesystem boundary (GIT_DISCOVERY_ACROSS_FILESYSTEM not set).
fatal: not a git repository (or any parent up to mount point /local)
Stopping at filesystem boundary (GIT_DISCOVERY_ACROSS_FILESYSTEM not set).
fatal: not a git repository (or any parent up to mount point /local)
Stopping at filesystem boundary (GIT_DISCOVERY_ACROSS_FILESYSTEM not set).
rep 1/1: complete export=s e2e=24.242152613s 1302749672 bytes syscr=9888 pread64=9836 io_uring_enter=0 read_bytes=512094208 cpu_s=27.120000
[2026-10-07T19:31:53Z] pr3528-H-vocab-label-large-cold-variant-r2 done
[2026-10-07T19:31:53Z] !!!!!!!! load gate: load1=4.47 still >= 3 after 0s; running anyway !!!!!!!!
Caches dropped successfully (synced, then wrote 1
 to /proc/sys/vm/drop_caches).
fatal: not a git repository (or any parent up to mount point /local)
Stopping at filesystem boundary (GIT_DISCOVERY_ACROSS_FILESYSTEM not set).
fatal: not a git repository (or any parent up to mount point /local)
Stopping at filesystem boundary (GIT_DISCOVERY_ACROSS_FILESYSTEM not set).
fatal: not a git repository (or any parent up to mount point /local)
Stopping at filesystem boundary (GIT_DISCOVERY_ACROSS_FILESYSTEM not set).
fatal: not a git repository (or any parent up to mount point /local)
Stopping at filesystem boundary (GIT_DISCOVERY_ACROSS_FILESYSTEM not set).
fatal: not a git repository (or any parent up to mount point /local)
Stopping at filesystem boundary (GIT_DISCOVERY_ACROSS_FILESYSTEM not set).
rep 1/1: complete export=s e2e=34.440629385s 1302749672 bytes syscr=9904 pread64=9815 io_uring_enter=0 read_bytes=512094208 cpu_s=37.430000
[2026-10-07T19:33:11Z] pr3528-H-vocab-label-large-cold-base-r2 done
[2026-10-07T19:33:11Z] !!!!!!!! load gate: load1=7.93 still >= 3 after 0s; running anyway !!!!!!!!
Caches dropped successfully (synced, then wrote 1
 to /proc/sys/vm/drop_caches).
fatal: not a git repository (or any parent up to mount point /local)
Stopping at filesystem boundary (GIT_DISCOVERY_ACROSS_FILESYSTEM not set).
fatal: not a git repository (or any parent up to mount point /local)
Stopping at filesystem boundary (GIT_DISCOVERY_ACROSS_FILESYSTEM not set).
fatal: not a git repository (or any parent up to mount point /local)
Stopping at filesystem boundary (GIT_DISCOVERY_ACROSS_FILESYSTEM not set).
fatal: not a git repository (or any parent up to mount point /local)
Stopping at filesystem boundary (GIT_DISCOVERY_ACROSS_FILESYSTEM not set).
fatal: not a git repository (or any parent up to mount point /local)
Stopping at filesystem boundary (GIT_DISCOVERY_ACROSS_FILESYSTEM not set).
rep 1/1: complete export=s e2e=26.559945815s 1302749672 bytes syscr=9888 pread64=9815 io_uring_enter=0 read_bytes=512094208 cpu_s=29.420000
[2026-10-07T19:34:13Z] pr3528-H-vocab-label-large-cold-base-r3 done
[2026-10-07T19:34:13Z] !!!!!!!! load gate: load1=6.05 still >= 3 after 0s; running anyway !!!!!!!!
Caches dropped successfully (synced, then wrote 1
 to /proc/sys/vm/drop_caches).
fatal: not a git repository (or any parent up to mount point /local)
Stopping at filesystem boundary (GIT_DISCOVERY_ACROSS_FILESYSTEM not set).
fatal: not a git repository (or any parent up to mount point /local)
Stopping at filesystem boundary (GIT_DISCOVERY_ACROSS_FILESYSTEM not set).
fatal: not a git repository (or any parent up to mount point /local)
Stopping at filesystem boundary (GIT_DISCOVERY_ACROSS_FILESYSTEM not set).
fatal: not a git repository (or any parent up to mount point /local)
Stopping at filesystem boundary (GIT_DISCOVERY_ACROSS_FILESYSTEM not set).
fatal: not a git repository (or any parent up to mount point /local)
Stopping at filesystem boundary (GIT_DISCOVERY_ACROSS_FILESYSTEM not set).
rep 1/1: complete export=s e2e=30.341609994s 1302749672 bytes syscr=9896 pread64=9836 io_uring_enter=0 read_bytes=512094208 cpu_s=33.350000
[2026-10-07T19:35:21Z] pr3528-H-vocab-label-large-cold-variant-r3 done
[2026-10-07T19:35:21Z] !!!!!!!! load gate: load1=8.16 still >= 3 after 0s; running anyway !!!!!!!!
Caches dropped successfully (synced, then wrote 1
 to /proc/sys/vm/drop_caches).
fatal: not a git repository (or any parent up to mount point /local)
Stopping at filesystem boundary (GIT_DISCOVERY_ACROSS_FILESYSTEM not set).
fatal: not a git repository (or any parent up to mount point /local)
Stopping at filesystem boundary (GIT_DISCOVERY_ACROSS_FILESYSTEM not set).
fatal: not a git repository (or any parent up to mount point /local)
Stopping at filesystem boundary (GIT_DISCOVERY_ACROSS_FILESYSTEM not set).
fatal: not a git repository (or any parent up to mount point /local)
Stopping at filesystem boundary (GIT_DISCOVERY_ACROSS_FILESYSTEM not set).
fatal: not a git repository (or any parent up to mount point /local)
Stopping at filesystem boundary (GIT_DISCOVERY_ACROSS_FILESYSTEM not set).
rep 1/1: complete export=s e2e=31.080637263s 1302749672 bytes syscr=9900 pread64=9815 io_uring_enter=0 read_bytes=512229376 cpu_s=33.950000
[2026-10-07T19:36:34Z] pr3528-H-vocab-label-large-cold-variant2-r3 done
[2026-10-07T19:36:34Z] !!!!!!!! load gate: load1=7.51 still >= 3 after 0s; running anyway !!!!!!!!
fatal: not a git repository (or any parent up to mount point /local)
Stopping at filesystem boundary (GIT_DISCOVERY_ACROSS_FILESYSTEM not set).
fatal: not a git repository (or any parent up to mount point /local)
Stopping at filesystem boundary (GIT_DISCOVERY_ACROSS_FILESYSTEM not set).
fatal: not a git repository (or any parent up to mount point /local)
Stopping at filesystem boundary (GIT_DISCOVERY_ACROSS_FILESYSTEM not set).
fatal: not a git repository (or any parent up to mount point /local)
Stopping at filesystem boundary (GIT_DISCOVERY_ACROSS_FILESYSTEM not set).
fatal: not a git repository (or any parent up to mount point /local)
Stopping at filesystem boundary (GIT_DISCOVERY_ACROSS_FILESYSTEM not set).
rep 1/1: complete export=s e2e=26.020065373s 1302749672 bytes syscr=9888 pread64=9815 io_uring_enter=0 read_bytes=0 cpu_s=28.910000
[2026-10-07T19:37:59Z] pr3528-H-vocab-label-large-warm-base-r1 done
[2026-10-07T19:37:59Z] !!!!!!!! load gate: load1=5.30 still >= 3 after 0s; running anyway !!!!!!!!
fatal: not a git repository (or any parent up to mount point /local)
Stopping at filesystem boundary (GIT_DISCOVERY_ACROSS_FILESYSTEM not set).
fatal: not a git repository (or any parent up to mount point /local)
Stopping at filesystem boundary (GIT_DISCOVERY_ACROSS_FILESYSTEM not set).
fatal: not a git repository (or any parent up to mount point /local)
Stopping at filesystem boundary (GIT_DISCOVERY_ACROSS_FILESYSTEM not set).
fatal: not a git repository (or any parent up to mount point /local)
Stopping at filesystem boundary (GIT_DISCOVERY_ACROSS_FILESYSTEM not set).
fatal: not a git repository (or any parent up to mount point /local)
Stopping at filesystem boundary (GIT_DISCOVERY_ACROSS_FILESYSTEM not set).
rep 1/1: complete export=s e2e=45.676528163s 1302749672 bytes syscr=9928 pread64=9836 io_uring_enter=0 read_bytes=0 cpu_s=43.610000
[2026-10-07T19:40:08Z] pr3528-H-vocab-label-large-warm-variant-r1 done
[2026-10-07T19:40:08Z] !!!!!!!! load gate: load1=19.37 still >= 3 after 0s; running anyway !!!!!!!!
fatal: not a git repository (or any parent up to mount point /local)
Stopping at filesystem boundary (GIT_DISCOVERY_ACROSS_FILESYSTEM not set).
fatal: not a git repository (or any parent up to mount point /local)
Stopping at filesystem boundary (GIT_DISCOVERY_ACROSS_FILESYSTEM not set).
fatal: not a git repository (or any parent up to mount point /local)
Stopping at filesystem boundary (GIT_DISCOVERY_ACROSS_FILESYSTEM not set).
fatal: not a git repository (or any parent up to mount point /local)
Stopping at filesystem boundary (GIT_DISCOVERY_ACROSS_FILESYSTEM not set).
fatal: not a git repository (or any parent up to mount point /local)
Stopping at filesystem boundary (GIT_DISCOVERY_ACROSS_FILESYSTEM not set).
rep 1/1: complete export=s e2e=46.510205389s 1302749672 bytes syscr=9928 pread64=9815 io_uring_enter=0 read_bytes=0 cpu_s=47.360000
[2026-10-07T19:42:27Z] pr3528-H-vocab-label-large-warm-variant2-r1 done
[2026-10-07T19:42:27Z] !!!!!!!! load gate: load1=25.67 still >= 3 after 0s; running anyway !!!!!!!!
fatal: not a git repository (or any parent up to mount point /local)
Stopping at filesystem boundary (GIT_DISCOVERY_ACROSS_FILESYSTEM not set).
fatal: not a git repository (or any parent up to mount point /local)
Stopping at filesystem boundary (GIT_DISCOVERY_ACROSS_FILESYSTEM not set).
fatal: not a git repository (or any parent up to mount point /local)
Stopping at filesystem boundary (GIT_DISCOVERY_ACROSS_FILESYSTEM not set).
fatal: not a git repository (or any parent up to mount point /local)
Stopping at filesystem boundary (GIT_DISCOVERY_ACROSS_FILESYSTEM not set).
fatal: not a git repository (or any parent up to mount point /local)
Stopping at filesystem boundary (GIT_DISCOVERY_ACROSS_FILESYSTEM not set).
rep 1/1: complete export=s e2e=46.030953042s 1302749672 bytes syscr=9928 pread64=9815 io_uring_enter=0 read_bytes=0 cpu_s=46.790000
[2026-10-07T19:44:45Z] pr3528-H-vocab-label-large-warm-variant2-r2 done
[2026-10-07T19:44:45Z] !!!!!!!! load gate: load1=25.04 still >= 3 after 0s; running anyway !!!!!!!!
fatal: not a git repository (or any parent up to mount point /local)
Stopping at filesystem boundary (GIT_DISCOVERY_ACROSS_FILESYSTEM not set).
fatal: not a git repository (or any parent up to mount point /local)
Stopping at filesystem boundary (GIT_DISCOVERY_ACROSS_FILESYSTEM not set).
fatal: not a git repository (or any parent up to mount point /local)
Stopping at filesystem boundary (GIT_DISCOVERY_ACROSS_FILESYSTEM not set).
fatal: not a git repository (or any parent up to mount point /local)
Stopping at filesystem boundary (GIT_DISCOVERY_ACROSS_FILESYSTEM not set).
fatal: not a git repository (or any parent up to mount point /local)
Stopping at filesystem boundary (GIT_DISCOVERY_ACROSS_FILESYSTEM not set).
rep 1/1: complete export=s e2e=45.785453703s 1302749672 bytes syscr=9928 pread64=9836 io_uring_enter=0 read_bytes=0 cpu_s=46.640000
[2026-10-07T19:47:04Z] pr3528-H-vocab-label-large-warm-variant-r2 done
[2026-10-07T19:47:04Z] !!!!!!!! load gate: load1=25.23 still >= 3 after 0s; running anyway !!!!!!!!
fatal: not a git repository (or any parent up to mount point /local)
Stopping at filesystem boundary (GIT_DISCOVERY_ACROSS_FILESYSTEM not set).
fatal: not a git repository (or any parent up to mount point /local)
Stopping at filesystem boundary (GIT_DISCOVERY_ACROSS_FILESYSTEM not set).
fatal: not a git repository (or any parent up to mount point /local)
Stopping at filesystem boundary (GIT_DISCOVERY_ACROSS_FILESYSTEM not set).
fatal: not a git repository (or any parent up to mount point /local)
Stopping at filesystem boundary (GIT_DISCOVERY_ACROSS_FILESYSTEM not set).
fatal: not a git repository (or any parent up to mount point /local)
Stopping at filesystem boundary (GIT_DISCOVERY_ACROSS_FILESYSTEM not set).
rep 1/1: complete export=s e2e=44.534701253s 1302749672 bytes syscr=9924 pread64=9815 io_uring_enter=0 read_bytes=0 cpu_s=45.400000
[2026-10-07T19:49:18Z] pr3528-H-vocab-label-large-warm-base-r2 done
[2026-10-07T19:49:18Z] !!!!!!!! load gate: load1=26.11 still >= 3 after 0s; running anyway !!!!!!!!
fatal: not a git repository (or any parent up to mount point /local)
Stopping at filesystem boundary (GIT_DISCOVERY_ACROSS_FILESYSTEM not set).
fatal: not a git repository (or any parent up to mount point /local)
Stopping at filesystem boundary (GIT_DISCOVERY_ACROSS_FILESYSTEM not set).
fatal: not a git repository (or any parent up to mount point /local)
Stopping at filesystem boundary (GIT_DISCOVERY_ACROSS_FILESYSTEM not set).
fatal: not a git repository (or any parent up to mount point /local)
Stopping at filesystem boundary (GIT_DISCOVERY_ACROSS_FILESYSTEM not set).
fatal: not a git repository (or any parent up to mount point /local)
Stopping at filesystem boundary (GIT_DISCOVERY_ACROSS_FILESYSTEM not set).
rep 1/1: complete export=s e2e=42.208648165s 1302749672 bytes syscr=9920 pread64=9815 io_uring_enter=0 read_bytes=0 cpu_s=44.400000
[2026-10-07T19:51:31Z] pr3528-H-vocab-label-large-warm-base-r3 done
[2026-10-07T19:51:31Z] !!!!!!!! load gate: load1=25.06 still >= 3 after 0s; running anyway !!!!!!!!
fatal: not a git repository (or any parent up to mount point /local)
Stopping at filesystem boundary (GIT_DISCOVERY_ACROSS_FILESYSTEM not set).
fatal: not a git repository (or any parent up to mount point /local)
Stopping at filesystem boundary (GIT_DISCOVERY_ACROSS_FILESYSTEM not set).
fatal: not a git repository (or any parent up to mount point /local)
Stopping at filesystem boundary (GIT_DISCOVERY_ACROSS_FILESYSTEM not set).
fatal: not a git repository (or any parent up to mount point /local)
Stopping at filesystem boundary (GIT_DISCOVERY_ACROSS_FILESYSTEM not set).
fatal: not a git repository (or any parent up to mount point /local)
Stopping at filesystem boundary (GIT_DISCOVERY_ACROSS_FILESYSTEM not set).
rep 1/1: complete export=s e2e=42.278598700s 1302749672 bytes syscr=9920 pread64=9836 io_uring_enter=0 read_bytes=0 cpu_s=44.720000
[2026-10-07T19:53:39Z] pr3528-H-vocab-label-large-warm-variant-r3 done
[2026-10-07T19:53:39Z] !!!!!!!! load gate: load1=23.49 still >= 3 after 0s; running anyway !!!!!!!!
fatal: not a git repository (or any parent up to mount point /local)
Stopping at filesystem boundary (GIT_DISCOVERY_ACROSS_FILESYSTEM not set).
fatal: not a git repository (or any parent up to mount point /local)
Stopping at filesystem boundary (GIT_DISCOVERY_ACROSS_FILESYSTEM not set).
fatal: not a git repository (or any parent up to mount point /local)
Stopping at filesystem boundary (GIT_DISCOVERY_ACROSS_FILESYSTEM not set).
fatal: not a git repository (or any parent up to mount point /local)
Stopping at filesystem boundary (GIT_DISCOVERY_ACROSS_FILESYSTEM not set).
fatal: not a git repository (or any parent up to mount point /local)
Stopping at filesystem boundary (GIT_DISCOVERY_ACROSS_FILESYSTEM not set).
rep 1/1: complete export=s e2e=42.788596791s 1302749672 bytes syscr=9924 pread64=9815 io_uring_enter=0 read_bytes=0 cpu_s=45.080000
[2026-10-07T19:55:47Z] pr3528-H-vocab-label-large-warm-variant2-r3 done
# Three-arm run: one base run, two comparisons

## base vs variant (p10-wave-final)
## PR #3528 A/B on wikidata (turtle_export)

- Base: `a752a45716c20e19467508f62801d64f36c0a60a` p6-before-pread; server args: `(none)`
- Variant: `77a41c663a28ebfd6453fba1e23902fd94630ff8` p10-wave-final; server args: `(none)`
- Binaries: three binaries; host `ural` (ural layout)
- Server query threads (`--num-simultaneous-queries`): 1
- Reps: 3 per arm, query and scenario; arms interleaved per rep, order alternating (odd reps base first, even reps variant first); cold reps run after `clear-caches`.
- Noise rule: within noise when |delta| < 1% or the min..max ranges overlap.

### Timing (elapsed_s, end to end)

| query | scenario | arm | n | median | min | max | delta vs base | verdict | correctness |
|---|---|---|---|---|---|---|---|---|---|
| H-vocab-label-large-de | cold | p6-before-pread | 3 | 93.3857 | 91.8467 | 93.5867 |  |  |  |
| H-vocab-label-large-de | cold | p10-wave-final | 3 | 33.7509 | 33.4245 | 34.0693 | -63.86% | variant faster | identical bytes |
| H-vocab-label-large-de | warm | p6-before-pread | 3 | 21.1959 | 19.7352 | 24.4715 |  |  |  |
| H-vocab-label-large-de | warm | p10-wave-final | 3 | 21.2406 | 18.6324 | 23.8979 | +0.21% | within noise | identical bytes |
| A-scatter-disambig-label-de | cold | p6-before-pread | 3 | 63.4190 | 62.1701 | 83.7195 |  |  |  |
| A-scatter-disambig-label-de | cold | p10-wave-final | 3 | 13.6300 | 11.2871 | 13.6589 | -78.51% | variant faster | identical bytes |
| A-scatter-disambig-label-de | warm | p6-before-pread | 3 | 3.6759 | 3.1033 | 3.7511 |  |  |  |
| A-scatter-disambig-label-de | warm | p10-wave-final | 3 | 3.0698 | 3.0621 | 3.1442 | -16.49% | within noise | identical bytes |
| H-vocab-label-large | cold | p6-before-pread | 3 | 26.5599 | 23.9214 | 34.4406 |  |  |  |
| H-vocab-label-large | cold | p10-wave-final | 3 | 30.3416 | 24.2422 | 37.4194 | +14.24% | within noise | identical bytes |
| H-vocab-label-large | warm | p6-before-pread | 3 | 42.2086 | 26.0201 | 44.5347 |  |  |  |
| H-vocab-label-large | warm | p10-wave-final | 3 | 45.6765 | 42.2786 | 45.7855 | +8.22% | within noise | identical bytes |

### Verdict

- H-vocab-label-large-de cold: variant faster (-63.86%); correctness: identical bytes
- H-vocab-label-large-de warm: within noise (+0.21%); correctness: identical bytes
- A-scatter-disambig-label-de cold: variant faster (-78.51%); correctness: identical bytes
- A-scatter-disambig-label-de warm: within noise (-16.49%); correctness: identical bytes
- H-vocab-label-large cold: within noise (+14.24%); correctness: identical bytes
- H-vocab-label-large warm: within noise (+8.22%); correctness: identical bytes

### Gates

- `gate-postflight-cold.log`: == POSTFLIGHT: PASS ==
- `gate-postflight-warm.log`: == POSTFLIGHT: PASS ==
- `gate-preflight-base.log`: == PREFLIGHT: PASS ==
- `gate-preflight-variant.log`: == PREFLIGHT: PASS ==
- `gate-preflight-variant2.log`: == PREFLIGHT: PASS ==
- `gate-verify-base.log`: VERDICT: PASS — binary is trustworthy for benchmarking
- `gate-verify-variant.log`: VERDICT: PASS — binary is trustworthy for benchmarking
- `gate-verify-variant2.log`: VERDICT: PASS — binary is trustworthy for benchmarking

### Problems

None: every rep complete, non-empty and correct.

Artifacts: `results.csv` (all reps), `<scenario>/<query>/<arm>/raw/` (harness output per rep), `correctness.tsv`, `build-env.txt`, `env-before.txt`, `env-after.txt`, `gate-*.log`, `driver.log`.

## base vs variant2 (p7-ring-only)
## PR #3528 A/B on wikidata (turtle_export)

- Base: `a752a45716c20e19467508f62801d64f36c0a60a` p6-before-pread; server args: `(none)`
- Variant: `60f854f42e2af6984924a2b5f692e6b8b407310c` p7-ring-only; server args: `(none)`
- Binaries: three binaries; host `ural` (ural layout)
- Server query threads (`--num-simultaneous-queries`): 1
- Reps: 3 per arm, query and scenario; arms interleaved per rep, order alternating (odd reps base first, even reps variant first); cold reps run after `clear-caches`.
- Noise rule: within noise when |delta| < 1% or the min..max ranges overlap.

### Timing (elapsed_s, end to end)

| query | scenario | arm | n | median | min | max | delta vs base | verdict | correctness |
|---|---|---|---|---|---|---|---|---|---|
| H-vocab-label-large-de | cold | p6-before-pread | 3 | 93.3857 | 91.8467 | 93.5867 |  |  |  |
| H-vocab-label-large-de | cold | p7-ring-only | 3 | 39.4291 | 39.1317 | 39.4474 | -57.78% | variant faster | identical bytes |
| H-vocab-label-large-de | warm | p6-before-pread | 3 | 21.1959 | 19.7352 | 24.4715 |  |  |  |
| H-vocab-label-large-de | warm | p7-ring-only | 3 | 28.6569 | 28.4295 | 28.6963 | +35.20% | variant slower | identical bytes |
| A-scatter-disambig-label-de | cold | p6-before-pread | 3 | 63.4190 | 62.1701 | 83.7195 |  |  |  |
| A-scatter-disambig-label-de | cold | p7-ring-only | 3 | 14.7721 | 11.1562 | 14.7924 | -76.71% | variant faster | identical bytes |
| A-scatter-disambig-label-de | warm | p6-before-pread | 3 | 3.6759 | 3.1033 | 3.7511 |  |  |  |
| A-scatter-disambig-label-de | warm | p7-ring-only | 3 | 3.5433 | 3.4502 | 3.5517 | -3.61% | within noise | identical bytes |
| H-vocab-label-large | cold | p6-before-pread | 3 | 26.5599 | 23.9214 | 34.4406 |  |  |  |
| H-vocab-label-large | cold | p7-ring-only | 3 | 28.2348 | 26.5103 | 31.0806 | +6.31% | within noise | identical bytes |
| H-vocab-label-large | warm | p6-before-pread | 3 | 42.2086 | 26.0201 | 44.5347 |  |  |  |
| H-vocab-label-large | warm | p7-ring-only | 3 | 46.0310 | 42.7886 | 46.5102 | +9.06% | within noise | identical bytes |

### Verdict

- H-vocab-label-large-de cold: variant faster (-57.78%); correctness: identical bytes
- H-vocab-label-large-de warm: variant slower (+35.20%); correctness: identical bytes
- A-scatter-disambig-label-de cold: variant faster (-76.71%); correctness: identical bytes
- A-scatter-disambig-label-de warm: within noise (-3.61%); correctness: identical bytes
- H-vocab-label-large cold: within noise (+6.31%); correctness: identical bytes
- H-vocab-label-large warm: within noise (+9.06%); correctness: identical bytes

### Gates

- `gate-postflight-cold.log`: == POSTFLIGHT: PASS ==
- `gate-postflight-warm.log`: == POSTFLIGHT: PASS ==
- `gate-preflight-base.log`: == PREFLIGHT: PASS ==
- `gate-preflight-variant.log`: == PREFLIGHT: PASS ==
- `gate-preflight-variant2.log`: == PREFLIGHT: PASS ==
- `gate-verify-base.log`: VERDICT: PASS — binary is trustworthy for benchmarking
- `gate-verify-variant.log`: VERDICT: PASS — binary is trustworthy for benchmarking
- `gate-verify-variant2.log`: VERDICT: PASS — binary is trustworthy for benchmarking

### Problems

None: every rep complete, non-empty and correct.

Artifacts: `results.csv` (all reps), `<scenario>/<query>/<arm>/raw/` (harness output per rep), `correctness.tsv`, `build-env.txt`, `env-before.txt`, `env-after.txt`, `gate-*.log`, `driver.log`.
[2026-10-07T19:56:27Z] finished rc=0 run=/local/data-ssd/stoetzem/thesis/experiments/runs/colloquium-final-wave-loadgate-p6-p7-p10w-wikidata
