2026-10-07 14:00:58.274 - INFO: [1mQLever server CIKM-3080-g112f76a70, compiled on Wed Oct  7 10:17:30 UTC 2026 using git hash 112f76a[22m
2026-10-07 14:00:58.274 - INFO: Cleanup of previous index directories after each rebuild enabled (--rebuild-keep-previous-index-dirs original-and-most-recent)
2026-10-07 14:00:58.274 - INFO: The git hash used to build this index was "65f84b4"
2026-10-07 14:00:58.274 - INFO: Reading vocabulary from file /local/data-ssd/stoetzem/wikidata/wikidata.vocabulary.words ...
2026-10-07 14:01:12.857 - INFO: Done, number of words: 1,580,300,680
2026-10-07 14:01:12.857 - INFO: Number of words in internal vocabulary (these are also part of the external vocabulary): 777,658,536
2026-10-07 14:01:12.945 - INFO: Registered PSO permutation: #relations = 10,100, #blocks = 225,155, #triples = 6,983,973,847
2026-10-07 14:01:13.059 - INFO: Registered PSO permutation: #relations = 13,566, #blocks = 264,339, #triples = 8,220,417,022
2026-10-07 14:01:13.146 - INFO: Registered POS permutation: #relations = 10,100, #blocks = 225,155, #triples = 6,983,973,847
2026-10-07 14:01:13.263 - INFO: Registered POS permutation: #relations = 13,566, #blocks = 264,339, #triples = 8,220,417,022
2026-10-07 14:01:13.359 - INFO: Registered OPS permutation: #relations = 1,683,253,489, #blocks = 222,728, #triples = 8,220,417,022
2026-10-07 14:01:13.454 - INFO: Registered OSP permutation: #relations = 1,683,253,489, #blocks = 222,728, #triples = 8,220,417,022
2026-10-07 14:01:13.518 - INFO: Registered SPO permutation: #relations = 252,534,289, #blocks = 175,741, #triples = 8,220,417,022
2026-10-07 14:01:13.577 - INFO: Registered SOP permutation: #relations = 252,534,289, #blocks = 175,741, #triples = 8,220,417,022
2026-10-07 14:01:13.577 - INFO: Reading patterns from file /local/data-ssd/stoetzem/wikidata/wikidata.index.patterns ...
2026-10-07 14:01:15.152 - INFO: Sorting random result tables to estimate the sorting performance of this machine ...
2026-10-07 14:01:23.759 - INFO: Initializing server ...
2026-10-07 14:01:23.759 - INFO: ExportEngineV2 serialize posts onto queryThreadPool_ (4 threads); no extra V2 pool. Helpers stop admitting when another query is registered.
2026-10-07 14:01:23.759 - INFO: No access token required for restricted API calls
2026-10-07 14:01:23.759 - INFO: The server is ready, listening for requests on port 7041 ...
2026-10-07 14:01:26.555 - INFO: 
2026-10-07 14:01:26.555 - INFO: Request received via POST, content type "application/x-www-form-urlencoded"
2026-10-07 14:01:26.564 - INFO: Processing the following SPARQL query:
# Tier H-vocab — English labels, large (SELECT companion)
# Same WHERE clause as H-vocab-label-large.rq, but SELECT ?entity ?label
# instead of CONSTRUCT. Used by run 124 (export term-lookup perf profile)
# to attribute SELECT export CPU between vocabulary lookup and formatting.
PREFIX wd: <http://www.wikidata.org/entity/>
PREFIX wdt: <http://www.wikidata.org/prop/direct/>
PREFIX rdfs: <http://www.w3.org/2000/01/rdf-schema#>

SELECT ?entity ?label
WHERE {
  ?entity wdt:P31 wd:Q5 .
  ?entity rdfs:label ?label .
  FILTER(LANG(?label) = "en")
}

2026-10-07 14:01:26.565 - INFO: Requested media types of the result are: "text/csv"
2026-10-07 14:01:26.567 - INFO: Query planning done in 11 ms
2026-10-07 14:01:26.567 - INFO: ExportEngine: FastStreamingV2 [Reason: Fast-Path V2 selected (eligible export query with explicit or default opt-in)]
2026-10-07 14:01:26.567 - INFO: Using ExportEngineV2 for text/csv export
2026-10-07 14:01:26.568 - INFO: Result has unknown size (not computed yet)
2026-10-07 14:01:26.568 - INFO: ExportEngineV2 streaming lazy result blocks to morsels on queryThreadPool_ (no extra V2 threads)
2026-10-07 14:01:31.710 - INFO: V2DIAG coordinator tid 3,128,048 submitted 1,422 morsels, consumed 1,422, files /local/data-ssd/stoetzem/thesis/experiments/runs/v2-utilisation-diag/B/j4/v2diag-spool/v2diag-3127272-1-4924538071678009-*.csv
2026-10-07 14:01:31.715 - INFO: Done processing query and sending result, total time was 5,159 ms
2026-10-07 14:01:33.268 - INFO: 
2026-10-07 14:01:33.268 - INFO: Request received via POST, content type "application/x-www-form-urlencoded"
2026-10-07 14:01:33.269 - INFO: Processing the following SPARQL query:
# Tier H-vocab — English labels, large (SELECT companion)
# Same WHERE clause as H-vocab-label-large.rq, but SELECT ?entity ?label
# instead of CONSTRUCT. Used by run 124 (export term-lookup perf profile)
# to attribute SELECT export CPU between vocabulary lookup and formatting.
PREFIX wd: <http://www.wikidata.org/entity/>
PREFIX wdt: <http://www.wikidata.org/prop/direct/>
PREFIX rdfs: <http://www.w3.org/2000/01/rdf-schema#>

SELECT ?entity ?label
WHERE {
  ?entity wdt:P31 wd:Q5 .
  ?entity rdfs:label ?label .
  FILTER(LANG(?label) = "en")
}

2026-10-07 14:01:33.269 - INFO: Requested media types of the result are: "text/csv"
2026-10-07 14:01:33.270 - INFO: Query planning done in 1 ms
2026-10-07 14:01:33.270 - INFO: ExportEngine: FastStreamingV2 [Reason: Fast-Path V2 selected (eligible export query with explicit or default opt-in)]
2026-10-07 14:01:33.270 - INFO: Using ExportEngineV2 for text/csv export
2026-10-07 14:01:33.271 - INFO: Result has unknown size (not computed yet)
2026-10-07 14:01:33.271 - INFO: ExportEngineV2 streaming lazy result blocks to morsels on queryThreadPool_ (no extra V2 threads)
2026-10-07 14:01:38.347 - INFO: V2DIAG coordinator tid 3,128,378 submitted 1,422 morsels, consumed 1,422, files /local/data-ssd/stoetzem/thesis/experiments/runs/v2-utilisation-diag/B/j4/v2diag-spool/v2diag-3127272-2-4924544708519803-*.csv
2026-10-07 14:01:38.350 - INFO: Done processing query and sending result, total time was 5,081 ms
2026-10-07 14:01:39.396 - INFO: 
2026-10-07 14:01:39.396 - INFO: Request received via POST, content type "application/x-www-form-urlencoded"
2026-10-07 14:01:39.397 - INFO: Processing the following SPARQL query:
# Tier H-vocab — English labels, large (SELECT companion)
# Same WHERE clause as H-vocab-label-large.rq, but SELECT ?entity ?label
# instead of CONSTRUCT. Used by run 124 (export term-lookup perf profile)
# to attribute SELECT export CPU between vocabulary lookup and formatting.
PREFIX wd: <http://www.wikidata.org/entity/>
PREFIX wdt: <http://www.wikidata.org/prop/direct/>
PREFIX rdfs: <http://www.w3.org/2000/01/rdf-schema#>

SELECT ?entity ?label
WHERE {
  ?entity wdt:P31 wd:Q5 .
  ?entity rdfs:label ?label .
  FILTER(LANG(?label) = "en")
}

2026-10-07 14:01:39.397 - INFO: Requested media types of the result are: "text/csv"
2026-10-07 14:01:39.397 - INFO: Query planning done in 0 ms
2026-10-07 14:01:39.397 - INFO: ExportEngine: FastStreamingV2 [Reason: Fast-Path V2 selected (eligible export query with explicit or default opt-in)]
2026-10-07 14:01:39.397 - INFO: Using ExportEngineV2 for text/csv export
2026-10-07 14:01:39.397 - INFO: Result has unknown size (not computed yet)
2026-10-07 14:01:39.397 - INFO: ExportEngineV2 streaming lazy result blocks to morsels on queryThreadPool_ (no extra V2 threads)
2026-10-07 14:01:44.537 - INFO: V2DIAG coordinator tid 3,128,546 submitted 1,422 morsels, consumed 1,422, files /local/data-ssd/stoetzem/thesis/experiments/runs/v2-utilisation-diag/B/j4/v2diag-spool/v2diag-3127272-3-4924550898233534-*.csv
2026-10-07 14:01:44.539 - INFO: Done processing query and sending result, total time was 5,142 ms
