2026-10-07 21:15:13.871 - INFO: [1mQLever server CIKM-2732-ga752a4571, compiled on Tue Oct  6 07:51:09 UTC 2026 using git hash a752a45[22m
2026-10-07 21:15:13.871 - INFO: Cleanup of previous index directories after each rebuild enabled (--rebuild-keep-previous-index-dirs original-and-most-recent)
2026-10-07 21:15:13.872 - INFO: The git hash used to build this index was "65f84b4"
2026-10-07 21:15:13.872 - INFO: Reading vocabulary from file /local/data-ssd/stoetzem/wikidata/wikidata.vocabulary.words ...
2026-10-07 21:15:27.248 - INFO: Done, number of words: 1,580,300,680
2026-10-07 21:15:27.248 - INFO: Number of words in internal vocabulary (these are also part of the external vocabulary): 777,658,536
2026-10-07 21:15:27.329 - INFO: Registered PSO permutation: #relations = 10,100, #blocks = 225,155, #triples = 6,983,973,847
2026-10-07 21:15:27.432 - INFO: Registered PSO permutation: #relations = 13,566, #blocks = 264,339, #triples = 8,220,417,022
2026-10-07 21:15:27.507 - INFO: Registered POS permutation: #relations = 10,100, #blocks = 225,155, #triples = 6,983,973,847
2026-10-07 21:15:27.607 - INFO: Registered POS permutation: #relations = 13,566, #blocks = 264,339, #triples = 8,220,417,022
2026-10-07 21:15:27.691 - INFO: Registered OPS permutation: #relations = 1,683,253,489, #blocks = 222,728, #triples = 8,220,417,022
2026-10-07 21:15:27.777 - INFO: Registered OSP permutation: #relations = 1,683,253,489, #blocks = 222,728, #triples = 8,220,417,022
2026-10-07 21:15:27.837 - INFO: Registered SPO permutation: #relations = 252,534,289, #blocks = 175,741, #triples = 8,220,417,022
2026-10-07 21:15:27.900 - INFO: Registered SOP permutation: #relations = 252,534,289, #blocks = 175,741, #triples = 8,220,417,022
2026-10-07 21:15:27.900 - INFO: Reading patterns from file /local/data-ssd/stoetzem/wikidata/wikidata.index.patterns ...
2026-10-07 21:15:29.348 - WARN: The geo points of this index use the encoding "lat-major", which is deprecated and will not be supported for much longer; with this encoding, a spatial prefilter on points can only restrict the latitude; please build the index with the default encoding "z-order" (just omit the option `--geo-point-encoding` of `qlever-index`)
2026-10-07 21:15:29.348 - INFO: Sorting random result tables to estimate the sorting performance of this machine ...
2026-10-07 21:15:37.612 - INFO: Initializing server ...
2026-10-07 21:15:37.612 - INFO: No access token required for restricted API calls
2026-10-07 21:15:37.613 - INFO: The server is ready, listening for requests on port 7015 ...
2026-10-07 21:15:37.681 - INFO: 
2026-10-07 21:15:37.682 - INFO: Request received via POST, content type "application/x-www-form-urlencoded"
2026-10-07 21:15:37.685 - INFO: Processing the following SPARQL query:
# Scattered-read candidate (io-screen 2026-10-06): German labels of all Wikimedia disambiguation pages (Q4167410).
# No VALUES: one P+O bound class scan (wdt:P31 wd:Q4167410), then the German
# label scan. German literals are in the external (on-disk) vocabulary.
# A sparse class spreads its label IDs over the sorted vocabulary, so few
# reads share a page. Public endpoint count (2026-10): ~0.70M German labels.
PREFIX wd: <http://www.wikidata.org/entity/>
PREFIX wdt: <http://www.wikidata.org/prop/direct/>
PREFIX rdfs: <http://www.w3.org/2000/01/rdf-schema#>
PREFIX schema: <http://schema.org/>
PREFIX skos: <http://www.w3.org/2004/02/skos/core#>

CONSTRUCT { ?entity rdfs:label ?label }
WHERE {
  ?entity wdt:P31 wd:Q4167410 .
  ?entity rdfs:label ?label .
  FILTER(LANG(?label) = "de")
}

2026-10-07 21:15:37.685 - INFO: Requested media types of the result are: "text/turtle"
2026-10-07 21:15:37.686 - INFO: Query planning done in 4 ms
2026-10-07 21:15:37.686 - INFO: Result has unknown size (not computed yet)
2026-10-07 21:16:49.225 - INFO: Done processing query and sending result, total time was 71,543 ms
2026-10-07 21:16:49.253 - INFO: 
2026-10-07 21:16:49.253 - INFO: Request received via GET, no content type specified
2026-10-07 21:16:49.253 - INFO: Processing command "cache-stats": get cache statistics
2026-10-07 21:16:49.280 - INFO: 
2026-10-07 21:16:49.280 - INFO: Request received via GET, no content type specified
2026-10-07 21:16:49.280 - INFO: Processing command "clear-cache": clear the cache (unpinned elements only)
2026-10-07 21:16:49.305 - INFO: 
2026-10-07 21:16:49.305 - INFO: Request received via GET, no content type specified
2026-10-07 21:16:49.305 - INFO: Processing command "cache-stats": get cache statistics
2026-10-07 21:16:49.327 - INFO: 
2026-10-07 21:16:49.327 - INFO: Request received via POST, content type "application/x-www-form-urlencoded"
2026-10-07 21:16:49.328 - INFO: Processing the following SPARQL query:
# Scattered-read candidate (io-screen 2026-10-06): German labels of all Wikimedia disambiguation pages (Q4167410).
# No VALUES: one P+O bound class scan (wdt:P31 wd:Q4167410), then the German
# label scan. German literals are in the external (on-disk) vocabulary.
# A sparse class spreads its label IDs over the sorted vocabulary, so few
# reads share a page. Public endpoint count (2026-10): ~0.70M German labels.
PREFIX wd: <http://www.wikidata.org/entity/>
PREFIX wdt: <http://www.wikidata.org/prop/direct/>
PREFIX rdfs: <http://www.w3.org/2000/01/rdf-schema#>
PREFIX schema: <http://schema.org/>
PREFIX skos: <http://www.w3.org/2004/02/skos/core#>

CONSTRUCT { ?entity rdfs:label ?label }
WHERE {
  ?entity wdt:P31 wd:Q4167410 .
  ?entity rdfs:label ?label .
  FILTER(LANG(?label) = "de")
}

2026-10-07 21:16:49.328 - INFO: Requested media types of the result are: "text/turtle"
2026-10-07 21:16:49.328 - INFO: Query planning done in 0 ms
2026-10-07 21:16:49.328 - INFO: Result has unknown size (not computed yet)
2026-10-07 21:16:53.103 - INFO: Done processing query and sending result, total time was 3,775 ms
2026-10-07 21:16:53.128 - INFO: 
2026-10-07 21:16:53.128 - INFO: Request received via GET, no content type specified
2026-10-07 21:16:53.128 - INFO: Processing command "clear-cache": clear the cache (unpinned elements only)
2026-10-07 21:16:53.162 - INFO: 
2026-10-07 21:16:53.162 - INFO: Request received via POST, content type "application/x-www-form-urlencoded"
2026-10-07 21:16:53.163 - INFO: Processing the following SPARQL query:
# Scattered-read candidate (io-screen 2026-10-06): German labels of all Wikimedia disambiguation pages (Q4167410).
# No VALUES: one P+O bound class scan (wdt:P31 wd:Q4167410), then the German
# label scan. German literals are in the external (on-disk) vocabulary.
# A sparse class spreads its label IDs over the sorted vocabulary, so few
# reads share a page. Public endpoint count (2026-10): ~0.70M German labels.
PREFIX wd: <http://www.wikidata.org/entity/>
PREFIX wdt: <http://www.wikidata.org/prop/direct/>
PREFIX rdfs: <http://www.w3.org/2000/01/rdf-schema#>
PREFIX schema: <http://schema.org/>
PREFIX skos: <http://www.w3.org/2004/02/skos/core#>

CONSTRUCT { ?entity rdfs:label ?label }
WHERE {
  ?entity wdt:P31 wd:Q4167410 .
  ?entity rdfs:label ?label .
  FILTER(LANG(?label) = "de")
}

2026-10-07 21:16:53.163 - INFO: Requested media types of the result are: "text/turtle"
2026-10-07 21:16:53.163 - INFO: Query planning done in 0 ms
2026-10-07 21:16:53.163 - INFO: Result has unknown size (not computed yet)
2026-10-07 21:16:56.837 - INFO: Done processing query and sending result, total time was 3,674 ms
2026-10-07 21:16:56.862 - INFO: 
2026-10-07 21:16:56.862 - INFO: Request received via GET, no content type specified
2026-10-07 21:16:56.862 - INFO: Processing command "clear-cache": clear the cache (unpinned elements only)
2026-10-07 21:16:56.887 - INFO: 
2026-10-07 21:16:56.887 - INFO: Request received via POST, content type "application/x-www-form-urlencoded"
2026-10-07 21:16:56.887 - INFO: Processing the following SPARQL query:
# Scattered-read candidate (io-screen 2026-10-06): German labels of all Wikimedia disambiguation pages (Q4167410).
# No VALUES: one P+O bound class scan (wdt:P31 wd:Q4167410), then the German
# label scan. German literals are in the external (on-disk) vocabulary.
# A sparse class spreads its label IDs over the sorted vocabulary, so few
# reads share a page. Public endpoint count (2026-10): ~0.70M German labels.
PREFIX wd: <http://www.wikidata.org/entity/>
PREFIX wdt: <http://www.wikidata.org/prop/direct/>
PREFIX rdfs: <http://www.w3.org/2000/01/rdf-schema#>
PREFIX schema: <http://schema.org/>
PREFIX skos: <http://www.w3.org/2004/02/skos/core#>

CONSTRUCT { ?entity rdfs:label ?label }
WHERE {
  ?entity wdt:P31 wd:Q4167410 .
  ?entity rdfs:label ?label .
  FILTER(LANG(?label) = "de")
}

2026-10-07 21:16:56.887 - INFO: Requested media types of the result are: "text/turtle"
2026-10-07 21:16:56.888 - INFO: Query planning done in 0 ms
2026-10-07 21:16:56.888 - INFO: Result has unknown size (not computed yet)
2026-10-07 21:17:00.604 - INFO: Done processing query and sending result, total time was 3,717 ms
2026-10-07 21:17:00.632 - INFO: 
2026-10-07 21:17:00.632 - INFO: Request received via GET, no content type specified
2026-10-07 21:17:00.632 - INFO: Processing command "cache-stats": get cache statistics
