2026-09-28 23:52:46.099 - INFO: [1mQLever server v0.6.0-358-ga51fb47a8, compiled on Mon Sep 28 19:27:59 UTC 2026 using git hash a51fb47[22m
2026-09-28 23:52:46.099 - INFO: Cleanup of previous index directories after each rebuild enabled (--rebuild-keep-previous-index-dirs original-and-most-recent)
2026-09-28 23:52:46.107 - INFO: The git hash used to build this index was "65f84b4"
2026-09-28 23:52:46.107 - INFO: Reading vocabulary from file /local/data-ssd/stoetzem/qlever-indices/dblp/dblp.vocabulary.words ...
2026-09-28 23:52:46.122 - INFO: Done, number of words: 446,944,668
2026-09-28 23:52:46.122 - INFO: Number of words in internal vocabulary (these are also part of the external vocabulary): 446,955
2026-09-28 23:52:46.131 - INFO: Registered PSO permutation: #relations = 6, #blocks = 8,187, #triples = 255,805,025
2026-09-28 23:52:46.160 - INFO: Registered PSO permutation: #relations = 96, #blocks = 51,023, #triples = 1,593,245,022
2026-09-28 23:52:46.164 - INFO: Registered POS permutation: #relations = 6, #blocks = 8,187, #triples = 255,805,025
2026-09-28 23:52:46.192 - INFO: Registered POS permutation: #relations = 96, #blocks = 51,023, #triples = 1,593,245,022
2026-09-28 23:52:46.217 - INFO: Registered OPS permutation: #relations = 345,357,897, #blocks = 42,492, #triples = 1,593,245,022
2026-09-28 23:52:46.241 - INFO: Registered OSP permutation: #relations = 345,357,897, #blocks = 42,492, #triples = 1,593,245,022
2026-09-28 23:52:46.257 - INFO: Registered SPO permutation: #relations = 255,804,614, #blocks = 33,993, #triples = 1,593,245,022
2026-09-28 23:52:46.271 - INFO: Registered SOP permutation: #relations = 255,804,614, #blocks = 33,993, #triples = 1,593,245,022
2026-09-28 23:52:46.271 - INFO: Reading patterns from file /local/data-ssd/stoetzem/qlever-indices/dblp/dblp.index.patterns ...
2026-09-28 23:52:46.271 - INFO: Sorting random result tables to estimate the sorting performance of this machine ...
2026-09-28 23:52:54.870 - INFO: Initializing server ...
2026-09-28 23:52:54.870 - INFO: No access token required for restricted API calls
2026-09-28 23:52:54.870 - INFO: The server is ready, listening for requests on port 7015 ...
2026-09-28 23:52:55.171 - INFO: 
2026-09-28 23:52:55.171 - INFO: Request received via POST, content type "application/x-www-form-urlencoded"
2026-09-28 23:52:55.175 - INFO: Processing the following SPARQL query:
# Tier H-vocab — title literals, large
# Goal: external-vocabulary lookup pressure with larger bounded output.
PREFIX dblp: <https://dblp.org/rdf/schema#>

CONSTRUCT { ?paper dblp:title ?title }
WHERE {
  ?paper dblp:title ?title .
}
LIMIT 100000

2026-09-28 23:52:55.175 - INFO: Requested media types of the result are: "text/turtle"
2026-09-28 23:52:55.182 - INFO: Query planning done in 10 ms
2026-09-28 23:52:55.183 - INFO: Result has unknown size (not computed yet)
2026-09-28 23:52:57.752 - INFO: Done processing query and sending result, total time was 2,580 ms
