2026-10-08 02:36:51.660 - INFO: [1mQLever server CIKM-3095-g60efca19a, compiled on Wed Oct  7 21:02:12 UTC 2026 using git hash 60efca1[22m
2026-10-08 02:36:51.660 - INFO: Cleanup of previous index directories after each rebuild enabled (--rebuild-keep-previous-index-dirs original-and-most-recent)
2026-10-08 02:36:51.662 - INFO: The git hash used to build this index was "65f84b4"
2026-10-08 02:36:51.662 - INFO: Reading vocabulary from file /local/data-ssd/stoetzem/wikidata/wikidata.vocabulary.words ...
2026-10-08 02:37:04.660 - INFO: Done, number of words: 1,580,300,680
2026-10-08 02:37:04.660 - INFO: Number of words in internal vocabulary (these are also part of the external vocabulary): 777,658,536
2026-10-08 02:37:04.735 - INFO: Registered PSO permutation: #relations = 10,100, #blocks = 225,155, #triples = 6,983,973,847
2026-10-08 02:37:04.831 - INFO: Registered PSO permutation: #relations = 13,566, #blocks = 264,339, #triples = 8,220,417,022
2026-10-08 02:37:04.900 - INFO: Registered POS permutation: #relations = 10,100, #blocks = 225,155, #triples = 6,983,973,847
2026-10-08 02:37:04.996 - INFO: Registered POS permutation: #relations = 13,566, #blocks = 264,339, #triples = 8,220,417,022
2026-10-08 02:37:05.082 - INFO: Registered OPS permutation: #relations = 1,683,253,489, #blocks = 222,728, #triples = 8,220,417,022
2026-10-08 02:37:05.163 - INFO: Registered OSP permutation: #relations = 1,683,253,489, #blocks = 222,728, #triples = 8,220,417,022
2026-10-08 02:37:05.217 - INFO: Registered SPO permutation: #relations = 252,534,289, #blocks = 175,741, #triples = 8,220,417,022
2026-10-08 02:37:05.272 - INFO: Registered SOP permutation: #relations = 252,534,289, #blocks = 175,741, #triples = 8,220,417,022
2026-10-08 02:37:05.272 - INFO: Reading patterns from file /local/data-ssd/stoetzem/wikidata/wikidata.index.patterns ...
2026-10-08 02:37:06.664 - INFO: Sorting random result tables to estimate the sorting performance of this machine ...
2026-10-08 02:37:15.208 - INFO: Initializing server ...
2026-10-08 02:37:15.208 - INFO: ExportEngineV2 serialize posts onto queryThreadPool_ (8 threads); no extra V2 pool. Helpers stop admitting when another query is registered.
2026-10-08 02:37:15.208 - INFO: No access token required for restricted API calls
2026-10-08 02:37:15.208 - INFO: The server is ready, listening for requests on port 7015 ...
2026-10-08 02:37:15.507 - INFO: 
2026-10-08 02:37:15.507 - INFO: Request received via POST, content type "application/x-www-form-urlencoded"
2026-10-08 02:37:15.510 - INFO: Processing the following SPARQL query:
# Tier H-vocab — German labels, large
# Physical: P+O bound scan of wdt:P31 wd:Q5 (class postings), then
# S+P bound SPO scan of rdfs:label. LANG(?label) maps label IDs to
# strings. CONSTRUCT writes entity IRI + label.
# Targets: large sequential class scan with EXTERNAL vocabulary words.
# German is not in languages-internal (only "en"), so QLever's
# shouldLiteralBeExternalized places every de literal in the external
# tier (src/index/vocabulary/Vocabulary.cpp). Same shape as
# H-vocab-label-large.rq, but every lookup is a guaranteed external
# miss on cold caches.
PREFIX wd: <http://www.wikidata.org/entity/>
PREFIX wdt: <http://www.wikidata.org/prop/direct/>
PREFIX rdfs: <http://www.w3.org/2000/01/rdf-schema#>

CONSTRUCT { ?entity rdfs:label ?label }
WHERE {
  ?entity wdt:P31 wd:Q5 .
  ?entity rdfs:label ?label .
  FILTER(LANG(?label) = "de")
}

2026-10-08 02:37:15.510 - INFO: Requested media types of the result are: "text/turtle"
2026-10-08 02:37:15.514 - INFO: Query planning done in 7 ms
2026-10-08 02:37:15.514 - INFO: ExportEngine: FastStreamingV2 [Reason: Fast-Path V2 selected (eligible export query with explicit or default opt-in)]
2026-10-08 02:37:15.514 - INFO: Using ExportEngineV2 for text/turtle export
2026-10-08 02:37:15.515 - INFO: Result has unknown size (not computed yet)
2026-10-08 02:37:15.515 - INFO: ExportEngineV2 streaming lazy result blocks to morsels on queryThreadPool_ (no extra V2 threads)
2026-10-08 02:37:21.778 - INFO: Done processing query and sending result, total time was 6,271 ms
2026-10-08 02:37:21.803 - INFO: 
2026-10-08 02:37:21.803 - INFO: Request received via GET, no content type specified
2026-10-08 02:37:21.803 - INFO: Processing command "cache-stats": get cache statistics
2026-10-08 02:37:21.830 - INFO: 
2026-10-08 02:37:21.830 - INFO: Request received via GET, no content type specified
2026-10-08 02:37:21.830 - INFO: Processing command "clear-cache": clear the cache (unpinned elements only)
2026-10-08 02:37:21.857 - INFO: 
2026-10-08 02:37:21.857 - INFO: Request received via GET, no content type specified
2026-10-08 02:37:21.857 - INFO: Processing command "cache-stats": get cache statistics
2026-10-08 02:37:21.878 - INFO: 
2026-10-08 02:37:21.878 - INFO: Request received via POST, content type "application/x-www-form-urlencoded"
2026-10-08 02:37:21.878 - INFO: Processing the following SPARQL query:
# Tier H-vocab — German labels, large
# Physical: P+O bound scan of wdt:P31 wd:Q5 (class postings), then
# S+P bound SPO scan of rdfs:label. LANG(?label) maps label IDs to
# strings. CONSTRUCT writes entity IRI + label.
# Targets: large sequential class scan with EXTERNAL vocabulary words.
# German is not in languages-internal (only "en"), so QLever's
# shouldLiteralBeExternalized places every de literal in the external
# tier (src/index/vocabulary/Vocabulary.cpp). Same shape as
# H-vocab-label-large.rq, but every lookup is a guaranteed external
# miss on cold caches.
PREFIX wd: <http://www.wikidata.org/entity/>
PREFIX wdt: <http://www.wikidata.org/prop/direct/>
PREFIX rdfs: <http://www.w3.org/2000/01/rdf-schema#>

CONSTRUCT { ?entity rdfs:label ?label }
WHERE {
  ?entity wdt:P31 wd:Q5 .
  ?entity rdfs:label ?label .
  FILTER(LANG(?label) = "de")
}

2026-10-08 02:37:21.878 - INFO: Requested media types of the result are: "text/turtle"
2026-10-08 02:37:21.879 - INFO: Query planning done in 0 ms
2026-10-08 02:37:21.879 - INFO: ExportEngine: FastStreamingV2 [Reason: Fast-Path V2 selected (eligible export query with explicit or default opt-in)]
2026-10-08 02:37:21.879 - INFO: Using ExportEngineV2 for text/turtle export
2026-10-08 02:37:21.879 - INFO: Result has unknown size (not computed yet)
2026-10-08 02:37:21.879 - INFO: ExportEngineV2 streaming lazy result blocks to morsels on queryThreadPool_ (no extra V2 threads)
2026-10-08 02:37:24.948 - INFO: Done processing query and sending result, total time was 3,069 ms
2026-10-08 02:37:24.968 - INFO: 
2026-10-08 02:37:24.968 - INFO: Request received via GET, no content type specified
2026-10-08 02:37:24.968 - INFO: Processing command "clear-cache": clear the cache (unpinned elements only)
2026-10-08 02:37:24.998 - INFO: 
2026-10-08 02:37:24.998 - INFO: Request received via POST, content type "application/x-www-form-urlencoded"
2026-10-08 02:37:24.998 - INFO: Processing the following SPARQL query:
# Tier H-vocab — German labels, large
# Physical: P+O bound scan of wdt:P31 wd:Q5 (class postings), then
# S+P bound SPO scan of rdfs:label. LANG(?label) maps label IDs to
# strings. CONSTRUCT writes entity IRI + label.
# Targets: large sequential class scan with EXTERNAL vocabulary words.
# German is not in languages-internal (only "en"), so QLever's
# shouldLiteralBeExternalized places every de literal in the external
# tier (src/index/vocabulary/Vocabulary.cpp). Same shape as
# H-vocab-label-large.rq, but every lookup is a guaranteed external
# miss on cold caches.
PREFIX wd: <http://www.wikidata.org/entity/>
PREFIX wdt: <http://www.wikidata.org/prop/direct/>
PREFIX rdfs: <http://www.w3.org/2000/01/rdf-schema#>

CONSTRUCT { ?entity rdfs:label ?label }
WHERE {
  ?entity wdt:P31 wd:Q5 .
  ?entity rdfs:label ?label .
  FILTER(LANG(?label) = "de")
}

2026-10-08 02:37:24.998 - INFO: Requested media types of the result are: "text/turtle"
2026-10-08 02:37:24.999 - INFO: Query planning done in 0 ms
2026-10-08 02:37:24.999 - INFO: ExportEngine: FastStreamingV2 [Reason: Fast-Path V2 selected (eligible export query with explicit or default opt-in)]
2026-10-08 02:37:24.999 - INFO: Using ExportEngineV2 for text/turtle export
2026-10-08 02:37:24.999 - INFO: Result has unknown size (not computed yet)
2026-10-08 02:37:24.999 - INFO: ExportEngineV2 streaming lazy result blocks to morsels on queryThreadPool_ (no extra V2 threads)
2026-10-08 02:37:28.030 - INFO: Done processing query and sending result, total time was 3,032 ms
2026-10-08 02:37:28.048 - INFO: 
2026-10-08 02:37:28.048 - INFO: Request received via GET, no content type specified
2026-10-08 02:37:28.048 - INFO: Processing command "clear-cache": clear the cache (unpinned elements only)
2026-10-08 02:37:28.072 - INFO: 
2026-10-08 02:37:28.072 - INFO: Request received via POST, content type "application/x-www-form-urlencoded"
2026-10-08 02:37:28.072 - INFO: Processing the following SPARQL query:
# Tier H-vocab — German labels, large
# Physical: P+O bound scan of wdt:P31 wd:Q5 (class postings), then
# S+P bound SPO scan of rdfs:label. LANG(?label) maps label IDs to
# strings. CONSTRUCT writes entity IRI + label.
# Targets: large sequential class scan with EXTERNAL vocabulary words.
# German is not in languages-internal (only "en"), so QLever's
# shouldLiteralBeExternalized places every de literal in the external
# tier (src/index/vocabulary/Vocabulary.cpp). Same shape as
# H-vocab-label-large.rq, but every lookup is a guaranteed external
# miss on cold caches.
PREFIX wd: <http://www.wikidata.org/entity/>
PREFIX wdt: <http://www.wikidata.org/prop/direct/>
PREFIX rdfs: <http://www.w3.org/2000/01/rdf-schema#>

CONSTRUCT { ?entity rdfs:label ?label }
WHERE {
  ?entity wdt:P31 wd:Q5 .
  ?entity rdfs:label ?label .
  FILTER(LANG(?label) = "de")
}

2026-10-08 02:37:28.072 - INFO: Requested media types of the result are: "text/turtle"
2026-10-08 02:37:28.073 - INFO: Query planning done in 0 ms
2026-10-08 02:37:28.073 - INFO: ExportEngine: FastStreamingV2 [Reason: Fast-Path V2 selected (eligible export query with explicit or default opt-in)]
2026-10-08 02:37:28.073 - INFO: Using ExportEngineV2 for text/turtle export
2026-10-08 02:37:28.073 - INFO: Result has unknown size (not computed yet)
2026-10-08 02:37:28.073 - INFO: ExportEngineV2 streaming lazy result blocks to morsels on queryThreadPool_ (no extra V2 threads)
2026-10-08 02:37:31.012 - INFO: Done processing query and sending result, total time was 2,940 ms
2026-10-08 02:37:31.037 - INFO: 
2026-10-08 02:37:31.037 - INFO: Request received via GET, no content type specified
2026-10-08 02:37:31.037 - INFO: Processing command "clear-cache": clear the cache (unpinned elements only)
2026-10-08 02:37:31.062 - INFO: 
2026-10-08 02:37:31.062 - INFO: Request received via POST, content type "application/x-www-form-urlencoded"
2026-10-08 02:37:31.063 - INFO: Processing the following SPARQL query:
# Tier H-vocab — German labels, large
# Physical: P+O bound scan of wdt:P31 wd:Q5 (class postings), then
# S+P bound SPO scan of rdfs:label. LANG(?label) maps label IDs to
# strings. CONSTRUCT writes entity IRI + label.
# Targets: large sequential class scan with EXTERNAL vocabulary words.
# German is not in languages-internal (only "en"), so QLever's
# shouldLiteralBeExternalized places every de literal in the external
# tier (src/index/vocabulary/Vocabulary.cpp). Same shape as
# H-vocab-label-large.rq, but every lookup is a guaranteed external
# miss on cold caches.
PREFIX wd: <http://www.wikidata.org/entity/>
PREFIX wdt: <http://www.wikidata.org/prop/direct/>
PREFIX rdfs: <http://www.w3.org/2000/01/rdf-schema#>

CONSTRUCT { ?entity rdfs:label ?label }
WHERE {
  ?entity wdt:P31 wd:Q5 .
  ?entity rdfs:label ?label .
  FILTER(LANG(?label) = "de")
}

2026-10-08 02:37:31.063 - INFO: Requested media types of the result are: "text/turtle"
2026-10-08 02:37:31.063 - INFO: Query planning done in 0 ms
2026-10-08 02:37:31.063 - INFO: ExportEngine: FastStreamingV2 [Reason: Fast-Path V2 selected (eligible export query with explicit or default opt-in)]
2026-10-08 02:37:31.063 - INFO: Using ExportEngineV2 for text/turtle export
2026-10-08 02:37:31.063 - INFO: Result has unknown size (not computed yet)
2026-10-08 02:37:31.063 - INFO: ExportEngineV2 streaming lazy result blocks to morsels on queryThreadPool_ (no extra V2 threads)
2026-10-08 02:37:34.096 - INFO: Done processing query and sending result, total time was 3,033 ms
2026-10-08 02:37:34.119 - INFO: 
2026-10-08 02:37:34.119 - INFO: Request received via GET, no content type specified
2026-10-08 02:37:34.119 - INFO: Processing command "cache-stats": get cache statistics
