2026-10-06 11:49:28.057 - INFO: [1mQLever server v0.6.0-310-gf8cca285e, compiled on Tue Sep 29 06:38:23 UTC 2026 using git hash f8cca28[22m
2026-10-06 11:49:28.057 - INFO: Cleanup of previous index directories after each rebuild enabled (--rebuild-keep-previous-index-dirs original-and-most-recent)
2026-10-06 11:49:28.059 - INFO: The git hash used to build this index was "65f84b4"
2026-10-06 11:49:28.059 - INFO: Reading vocabulary from file /local/data-ssd/stoetzem/wikidata/wikidata.vocabulary.words ...
2026-10-06 11:49:42.608 - INFO: Done, number of words: 1,580,300,680
2026-10-06 11:49:42.608 - INFO: Number of words in internal vocabulary (these are also part of the external vocabulary): 777,658,536
2026-10-06 11:49:42.696 - INFO: Registered PSO permutation: #relations = 10,100, #blocks = 225,155, #triples = 6,983,973,847
2026-10-06 11:49:42.816 - INFO: Registered PSO permutation: #relations = 13,566, #blocks = 264,339, #triples = 8,220,417,022
2026-10-06 11:49:42.896 - INFO: Registered POS permutation: #relations = 10,100, #blocks = 225,155, #triples = 6,983,973,847
2026-10-06 11:49:43.013 - INFO: Registered POS permutation: #relations = 13,566, #blocks = 264,339, #triples = 8,220,417,022
2026-10-06 11:49:43.105 - INFO: Registered OPS permutation: #relations = 1,683,253,489, #blocks = 222,728, #triples = 8,220,417,022
2026-10-06 11:49:43.197 - INFO: Registered OSP permutation: #relations = 1,683,253,489, #blocks = 222,728, #triples = 8,220,417,022
2026-10-06 11:49:43.263 - INFO: Registered SPO permutation: #relations = 252,534,289, #blocks = 175,741, #triples = 8,220,417,022
2026-10-06 11:49:43.337 - INFO: Registered SOP permutation: #relations = 252,534,289, #blocks = 175,741, #triples = 8,220,417,022
2026-10-06 11:49:43.337 - INFO: Reading patterns from file /local/data-ssd/stoetzem/wikidata/wikidata.index.patterns ...
2026-10-06 11:49:44.999 - INFO: Sorting random result tables to estimate the sorting performance of this machine ...
2026-10-06 11:49:54.362 - INFO: Initializing server ...
2026-10-06 11:49:54.362 - INFO: No access token required for restricted API calls
2026-10-06 11:49:54.362 - INFO: The server is ready, listening for requests on port 7015 ...
2026-10-06 11:49:54.630 - INFO: 
2026-10-06 11:49:54.630 - INFO: Request received via POST, content type "application/x-www-form-urlencoded"
2026-10-06 11:49:54.634 - INFO: Processing the following SPARQL query:
# Tier H-vocab — English labels, large
# Physical: P+O bound scan of wdt:P31 wd:Q5 (class postings), then
# S+P bound SPO scan of rdfs:label. LANG(?label) maps label IDs to
# strings. CONSTRUCT writes entity IRI + label.
# Targets: large sequential class scan, label vocabulary, 1.3 GiB Turtle
# serialize. Same query as wikidata-construct-humans-label-en.
PREFIX wd: <http://www.wikidata.org/entity/>
PREFIX wdt: <http://www.wikidata.org/prop/direct/>
PREFIX rdfs: <http://www.w3.org/2000/01/rdf-schema#>

CONSTRUCT { ?entity rdfs:label ?label }
WHERE {
  ?entity wdt:P31 wd:Q5 .
  ?entity rdfs:label ?label .
  FILTER(LANG(?label) = "en")
}

2026-10-06 11:49:54.634 - INFO: Requested media types of the result are: "text/turtle"
2026-10-06 11:49:54.638 - INFO: Query planning done in 7 ms
2026-10-06 11:49:54.638 - INFO: Result has unknown size (not computed yet)
2026-10-06 11:50:24.428 - INFO: Done processing query and sending result, total time was 29,797 ms
2026-10-06 11:50:24.449 - INFO: 
2026-10-06 11:50:24.449 - INFO: Request received via GET, no content type specified
2026-10-06 11:50:24.449 - INFO: Processing command "cache-stats": get cache statistics
2026-10-06 11:50:24.468 - INFO: 
2026-10-06 11:50:24.468 - INFO: Request received via GET, no content type specified
2026-10-06 11:50:24.468 - INFO: Processing command "clear-cache": clear the cache (unpinned elements only)
2026-10-06 11:50:24.488 - INFO: 
2026-10-06 11:50:24.488 - INFO: Request received via GET, no content type specified
2026-10-06 11:50:24.488 - INFO: Processing command "cache-stats": get cache statistics
2026-10-06 11:50:24.510 - INFO: 
2026-10-06 11:50:24.510 - INFO: Request received via POST, content type "application/x-www-form-urlencoded"
2026-10-06 11:50:24.510 - INFO: Processing the following SPARQL query:
# Tier H-vocab — English labels, large
# Physical: P+O bound scan of wdt:P31 wd:Q5 (class postings), then
# S+P bound SPO scan of rdfs:label. LANG(?label) maps label IDs to
# strings. CONSTRUCT writes entity IRI + label.
# Targets: large sequential class scan, label vocabulary, 1.3 GiB Turtle
# serialize. Same query as wikidata-construct-humans-label-en.
PREFIX wd: <http://www.wikidata.org/entity/>
PREFIX wdt: <http://www.wikidata.org/prop/direct/>
PREFIX rdfs: <http://www.w3.org/2000/01/rdf-schema#>

CONSTRUCT { ?entity rdfs:label ?label }
WHERE {
  ?entity wdt:P31 wd:Q5 .
  ?entity rdfs:label ?label .
  FILTER(LANG(?label) = "en")
}

2026-10-06 11:50:24.510 - INFO: Requested media types of the result are: "text/turtle"
2026-10-06 11:50:24.510 - INFO: Query planning done in 0 ms
2026-10-06 11:50:24.510 - INFO: Result has unknown size (not computed yet)
2026-10-06 11:50:50.814 - INFO: Done processing query and sending result, total time was 26,303 ms
2026-10-06 11:50:50.834 - INFO: 
2026-10-06 11:50:50.834 - INFO: Request received via GET, no content type specified
2026-10-06 11:50:50.834 - INFO: Processing command "cache-stats": get cache statistics
