2026-10-07 13:51:54.218 - INFO: [1mQLever server v0.6.0-583-g87f576742, compiled on Sat Sep 26 12:11:57 AM CEST 2026 using git hash 87f5767[22m
2026-10-07 13:51:54.218 - INFO: Cleanup of previous index directories after each rebuild enabled (--rebuild-keep-previous-index-dirs original-and-most-recent)
2026-10-07 13:51:54.219 - INFO: The git hash used to build this index was "65f84b4"
2026-10-07 13:51:54.219 - INFO: Reading vocabulary from file /local/data-ssd/stoetzem/wikidata/wikidata.vocabulary.words ...
2026-10-07 13:52:10.895 - INFO: Done, number of words: 1,580,300,680
2026-10-07 13:52:10.895 - INFO: Number of words in internal vocabulary (these are also part of the external vocabulary): 777,658,536
2026-10-07 13:52:10.990 - INFO: Registered PSO permutation: #relations = 10,100, #blocks = 225,155, #triples = 6,983,973,847
2026-10-07 13:52:11.115 - INFO: Registered PSO permutation: #relations = 13,566, #blocks = 264,339, #triples = 8,220,417,022
2026-10-07 13:52:11.209 - INFO: Registered POS permutation: #relations = 10,100, #blocks = 225,155, #triples = 6,983,973,847
2026-10-07 13:52:11.338 - INFO: Registered POS permutation: #relations = 13,566, #blocks = 264,339, #triples = 8,220,417,022
2026-10-07 13:52:11.447 - INFO: Registered OPS permutation: #relations = 1,683,253,489, #blocks = 222,728, #triples = 8,220,417,022
2026-10-07 13:52:11.554 - INFO: Registered OSP permutation: #relations = 1,683,253,489, #blocks = 222,728, #triples = 8,220,417,022
2026-10-07 13:52:11.632 - INFO: Registered SPO permutation: #relations = 252,534,289, #blocks = 175,741, #triples = 8,220,417,022
2026-10-07 13:52:11.709 - INFO: Registered SOP permutation: #relations = 252,534,289, #blocks = 175,741, #triples = 8,220,417,022
2026-10-07 13:52:11.709 - INFO: Reading patterns from file /local/data-ssd/stoetzem/wikidata/wikidata.index.patterns ...
2026-10-07 13:52:13.665 - INFO: Sorting random result tables to estimate the sorting performance of this machine ...
2026-10-07 13:52:24.586 - INFO: Initializing server ...
2026-10-07 13:52:24.586 - INFO: ExportEngineV2 serialize posts onto queryThreadPool_ (8 threads); no extra V2 pool. Helpers stop admitting when another query is registered.
2026-10-07 13:52:24.586 - INFO: No access token required for restricted API calls
2026-10-07 13:52:24.586 - INFO: The server is ready, listening for requests on port 7041 ...
2026-10-07 13:52:27.108 - INFO: 
2026-10-07 13:52:27.109 - INFO: Request received via POST, content type "application/x-www-form-urlencoded"
2026-10-07 13:52:27.118 - INFO: Processing the following SPARQL query:
# Tier H-vocab — English labels, large (SELECT companion)
# Same WHERE clause as H-vocab-label-large.rq, but SELECT ?entity ?label
# instead of CONSTRUCT. Used by run 124 (export term-lookup perf profile)
# to attribute SELECT export CPU between vocabulary lookup and formatting.
PREFIX wd: <http://www.wikidata.org/entity/>
PREFIX wdt: <http://www.wikidata.org/prop/direct/>
PREFIX rdfs: <http://www.w3.org/2000/01/rdf-schema#>

SELECT ?entity ?label
WHERE {
  ?entity wdt:P31 wd:Q5 .
  ?entity rdfs:label ?label .
  FILTER(LANG(?label) = "en")
}

2026-10-07 13:52:27.119 - INFO: Requested media types of the result are: "text/csv"
2026-10-07 13:52:27.122 - INFO: Query planning done in 12 ms
2026-10-07 13:52:27.122 - INFO: ExportEngine: FastStreamingV2 [Reason: Fast-Path V2 selected (eligible export query with explicit or default opt-in)]
2026-10-07 13:52:27.122 - INFO: Using ExportEngineV2 for text/csv export
2026-10-07 13:52:27.123 - INFO: Result has unknown size (not computed yet)
2026-10-07 13:52:27.123 - INFO: ExportEngineV2 streaming lazy result blocks to morsels on queryThreadPool_ (no extra V2 threads)
2026-10-07 13:52:37.412 - INFO: Done processing query and sending result, total time was 10,303 ms
2026-10-07 13:52:39.675 - INFO: 
2026-10-07 13:52:39.675 - INFO: Request received via POST, content type "application/x-www-form-urlencoded"
2026-10-07 13:52:39.676 - INFO: Processing the following SPARQL query:
# Tier H-vocab — English labels, large (SELECT companion)
# Same WHERE clause as H-vocab-label-large.rq, but SELECT ?entity ?label
# instead of CONSTRUCT. Used by run 124 (export term-lookup perf profile)
# to attribute SELECT export CPU between vocabulary lookup and formatting.
PREFIX wd: <http://www.wikidata.org/entity/>
PREFIX wdt: <http://www.wikidata.org/prop/direct/>
PREFIX rdfs: <http://www.w3.org/2000/01/rdf-schema#>

SELECT ?entity ?label
WHERE {
  ?entity wdt:P31 wd:Q5 .
  ?entity rdfs:label ?label .
  FILTER(LANG(?label) = "en")
}

2026-10-07 13:52:39.676 - INFO: Requested media types of the result are: "text/csv"
2026-10-07 13:52:39.677 - INFO: Query planning done in 1 ms
2026-10-07 13:52:39.677 - INFO: ExportEngine: FastStreamingV2 [Reason: Fast-Path V2 selected (eligible export query with explicit or default opt-in)]
2026-10-07 13:52:39.677 - INFO: Using ExportEngineV2 for text/csv export
2026-10-07 13:52:39.677 - INFO: Result has unknown size (not computed yet)
2026-10-07 13:52:39.677 - INFO: ExportEngineV2 streaming lazy result blocks to morsels on queryThreadPool_ (no extra V2 threads)
2026-10-07 13:52:49.202 - INFO: Done processing query and sending result, total time was 9,526 ms
2026-10-07 13:52:49.266 - INFO: 
2026-10-07 13:52:49.266 - INFO: Request received via POST, content type "application/x-www-form-urlencoded"
2026-10-07 13:52:49.266 - INFO: Processing the following SPARQL query:
# Tier H-vocab — English labels, large (SELECT companion)
# Same WHERE clause as H-vocab-label-large.rq, but SELECT ?entity ?label
# instead of CONSTRUCT. Used by run 124 (export term-lookup perf profile)
# to attribute SELECT export CPU between vocabulary lookup and formatting.
PREFIX wd: <http://www.wikidata.org/entity/>
PREFIX wdt: <http://www.wikidata.org/prop/direct/>
PREFIX rdfs: <http://www.w3.org/2000/01/rdf-schema#>

SELECT ?entity ?label
WHERE {
  ?entity wdt:P31 wd:Q5 .
  ?entity rdfs:label ?label .
  FILTER(LANG(?label) = "en")
}

2026-10-07 13:52:49.266 - INFO: Requested media types of the result are: "text/csv"
2026-10-07 13:52:49.267 - INFO: Query planning done in 1 ms
2026-10-07 13:52:49.267 - INFO: ExportEngine: FastStreamingV2 [Reason: Fast-Path V2 selected (eligible export query with explicit or default opt-in)]
2026-10-07 13:52:49.267 - INFO: Using ExportEngineV2 for text/csv export
2026-10-07 13:52:49.267 - INFO: Result has unknown size (not computed yet)
2026-10-07 13:52:49.267 - INFO: ExportEngineV2 streaming lazy result blocks to morsels on queryThreadPool_ (no extra V2 threads)
2026-10-07 13:52:59.323 - INFO: Done processing query and sending result, total time was 10,056 ms
2026-10-07 13:52:59.384 - INFO: 
2026-10-07 13:52:59.384 - INFO: Request received via POST, content type "application/x-www-form-urlencoded"
2026-10-07 13:52:59.385 - INFO: Processing the following SPARQL query:
# Tier H-vocab — English labels, large (SELECT companion)
# Same WHERE clause as H-vocab-label-large.rq, but SELECT ?entity ?label
# instead of CONSTRUCT. Used by run 124 (export term-lookup perf profile)
# to attribute SELECT export CPU between vocabulary lookup and formatting.
PREFIX wd: <http://www.wikidata.org/entity/>
PREFIX wdt: <http://www.wikidata.org/prop/direct/>
PREFIX rdfs: <http://www.w3.org/2000/01/rdf-schema#>

SELECT ?entity ?label
WHERE {
  ?entity wdt:P31 wd:Q5 .
  ?entity rdfs:label ?label .
  FILTER(LANG(?label) = "en")
}

2026-10-07 13:52:59.385 - INFO: Requested media types of the result are: "text/csv"
2026-10-07 13:52:59.386 - INFO: Query planning done in 1 ms
2026-10-07 13:52:59.386 - INFO: ExportEngine: FastStreamingV2 [Reason: Fast-Path V2 selected (eligible export query with explicit or default opt-in)]
2026-10-07 13:52:59.386 - INFO: Using ExportEngineV2 for text/csv export
2026-10-07 13:52:59.386 - INFO: Result has unknown size (not computed yet)
2026-10-07 13:52:59.386 - INFO: ExportEngineV2 streaming lazy result blocks to morsels on queryThreadPool_ (no extra V2 threads)
2026-10-07 13:53:07.365 - INFO: Done processing query and sending result, total time was 7,980 ms
2026-10-07 13:53:07.458 - INFO: 
2026-10-07 13:53:07.458 - INFO: Request received via POST, content type "application/x-www-form-urlencoded"
2026-10-07 13:53:07.459 - INFO: Processing the following SPARQL query:
# Tier H-vocab — English labels, large (SELECT companion)
# Same WHERE clause as H-vocab-label-large.rq, but SELECT ?entity ?label
# instead of CONSTRUCT. Used by run 124 (export term-lookup perf profile)
# to attribute SELECT export CPU between vocabulary lookup and formatting.
PREFIX wd: <http://www.wikidata.org/entity/>
PREFIX wdt: <http://www.wikidata.org/prop/direct/>
PREFIX rdfs: <http://www.w3.org/2000/01/rdf-schema#>

SELECT ?entity ?label
WHERE {
  ?entity wdt:P31 wd:Q5 .
  ?entity rdfs:label ?label .
  FILTER(LANG(?label) = "en")
}

2026-10-07 13:53:07.459 - INFO: Requested media types of the result are: "text/csv"
2026-10-07 13:53:07.459 - INFO: Query planning done in 1 ms
2026-10-07 13:53:07.459 - INFO: ExportEngine: FastStreamingV2 [Reason: Fast-Path V2 selected (eligible export query with explicit or default opt-in)]
2026-10-07 13:53:07.459 - INFO: Using ExportEngineV2 for text/csv export
2026-10-07 13:53:07.460 - INFO: Result has unknown size (not computed yet)
2026-10-07 13:53:07.460 - INFO: ExportEngineV2 streaming lazy result blocks to morsels on queryThreadPool_ (no extra V2 threads)
2026-10-07 13:53:15.258 - INFO: Done processing query and sending result, total time was 7,799 ms
2026-10-07 13:53:15.318 - INFO: 
2026-10-07 13:53:15.319 - INFO: Request received via POST, content type "application/x-www-form-urlencoded"
2026-10-07 13:53:15.319 - INFO: Processing the following SPARQL query:
# Tier H-vocab — English labels, large (SELECT companion)
# Same WHERE clause as H-vocab-label-large.rq, but SELECT ?entity ?label
# instead of CONSTRUCT. Used by run 124 (export term-lookup perf profile)
# to attribute SELECT export CPU between vocabulary lookup and formatting.
PREFIX wd: <http://www.wikidata.org/entity/>
PREFIX wdt: <http://www.wikidata.org/prop/direct/>
PREFIX rdfs: <http://www.w3.org/2000/01/rdf-schema#>

SELECT ?entity ?label
WHERE {
  ?entity wdt:P31 wd:Q5 .
  ?entity rdfs:label ?label .
  FILTER(LANG(?label) = "en")
}

2026-10-07 13:53:15.319 - INFO: Requested media types of the result are: "text/csv"
2026-10-07 13:53:15.320 - INFO: Query planning done in 1 ms
2026-10-07 13:53:15.320 - INFO: ExportEngine: LegacyV1 [Reason: Legacy V1 selected (explicitly requested via query parameter or header override)]
2026-10-07 13:53:15.320 - INFO: Result has unknown size (not computed yet)
2026-10-07 13:53:52.047 - INFO: Done processing query and sending result, total time was 36,728 ms
