2026-09-26 20:23:07.325 - INFO: [1mQLever server v0.6.0-206-gc8f70dff8, compiled on Sat Sep 26 08:22:51 PM CEST 2026 using git hash c8f70df[22m
2026-09-26 20:23:07.325 - INFO: Runtime parameter set from the command line: use-swar-export-delimiters=false
2026-09-26 20:23:07.325 - INFO: Cleanup of previous index directories after each rebuild enabled (--rebuild-keep-previous-index-dirs original-and-most-recent)
2026-09-26 20:23:07.327 - INFO: The git hash used to build this index was "65f84b4"
2026-09-26 20:23:07.327 - INFO: Reading vocabulary from file /local/data-ssd/stoetzem/dblp/dblp.vocabulary.words ...
2026-09-26 20:23:07.337 - INFO: Done, number of words: 446,944,668
2026-09-26 20:23:07.337 - INFO: Number of words in internal vocabulary (these are also part of the external vocabulary): 446,955
2026-09-26 20:23:07.342 - INFO: Registered PSO permutation: #relations = 6, #blocks = 8,187, #triples = 255,805,025
2026-09-26 20:23:07.363 - INFO: Registered PSO permutation: #relations = 96, #blocks = 51,023, #triples = 1,593,245,022
2026-09-26 20:23:07.366 - INFO: Registered POS permutation: #relations = 6, #blocks = 8,187, #triples = 255,805,025
2026-09-26 20:23:07.387 - INFO: Registered POS permutation: #relations = 96, #blocks = 51,023, #triples = 1,593,245,022
2026-09-26 20:23:07.404 - INFO: Registered OPS permutation: #relations = 345,357,897, #blocks = 42,492, #triples = 1,593,245,022
2026-09-26 20:23:07.422 - INFO: Registered OSP permutation: #relations = 345,357,897, #blocks = 42,492, #triples = 1,593,245,022
2026-09-26 20:23:07.433 - INFO: Registered SPO permutation: #relations = 255,804,614, #blocks = 33,993, #triples = 1,593,245,022
2026-09-26 20:23:07.443 - INFO: Registered SOP permutation: #relations = 255,804,614, #blocks = 33,993, #triples = 1,593,245,022
2026-09-26 20:23:07.443 - INFO: Reading patterns from file /local/data-ssd/stoetzem/dblp/dblp.index.patterns ...
2026-09-26 20:23:07.443 - INFO: Sorting random result tables to estimate the sorting performance of this machine ...
2026-09-26 20:23:15.521 - INFO: Initializing server ...
2026-09-26 20:23:15.521 - INFO: No access token required for restricted API calls
2026-09-26 20:23:15.521 - INFO: The server is ready, listening for requests on port 7015 ...
2026-09-26 20:23:15.689 - INFO: 
2026-09-26 20:23:15.689 - INFO: Request received via POST, content type "application/x-www-form-urlencoded"
2026-09-26 20:23:15.692 - INFO: Processing the following SPARQL query:
# Tier H — size-sweep (SELECT variant)
# Goal: isolate SELECT CSV/TSV export cost from query-planning cost. Raise
# the year bound across runs, for example 1970, 1990, 2010, and 2023.
PREFIX dblp: <https://dblp.org/rdf/schema#>

SELECT ?s ?p ?o
WHERE {
  ?s a dblp:Publication ;
     dblp:yearOfPublication ?year ;
     ?p ?o .
  FILTER(?year <= "1970"^^<http://www.w3.org/2001/XMLSchema#gYear>)
}

2026-09-26 20:23:15.692 - INFO: Requested media types of the result are: "text/csv"
2026-09-26 20:23:15.694 - INFO: Query planning done in 5 ms
2026-09-26 20:23:15.724 - INFO: Result has unknown size (not computed yet)
2026-09-26 20:23:21.750 - INFO: Done processing query and sending result, total time was 6,060 ms
2026-09-26 20:23:21.769 - INFO: 
2026-09-26 20:23:21.769 - INFO: Request received via GET, no content type specified
2026-09-26 20:23:21.769 - INFO: Processing command "cache-stats": get cache statistics
2026-09-26 20:23:21.829 - INFO: 
2026-09-26 20:23:21.829 - INFO: Request received via GET, no content type specified
2026-09-26 20:23:21.829 - INFO: Processing command "clear-cache": clear the cache (unpinned elements only)
2026-09-26 20:23:21.851 - INFO: 
2026-09-26 20:23:21.851 - INFO: Request received via GET, no content type specified
2026-09-26 20:23:21.851 - INFO: Processing command "cache-stats": get cache statistics
2026-09-26 20:23:21.880 - INFO: 
2026-09-26 20:23:21.880 - INFO: Request received via POST, content type "application/x-www-form-urlencoded"
2026-09-26 20:23:21.880 - INFO: Processing the following SPARQL query:
# Tier H — size-sweep (SELECT variant)
# Goal: isolate SELECT CSV/TSV export cost from query-planning cost. Raise
# the year bound across runs, for example 1970, 1990, 2010, and 2023.
PREFIX dblp: <https://dblp.org/rdf/schema#>

SELECT ?s ?p ?o
WHERE {
  ?s a dblp:Publication ;
     dblp:yearOfPublication ?year ;
     ?p ?o .
  FILTER(?year <= "1970"^^<http://www.w3.org/2001/XMLSchema#gYear>)
}

2026-09-26 20:23:21.880 - INFO: Requested media types of the result are: "text/csv"
2026-09-26 20:23:21.881 - INFO: Query planning done in 1 ms
2026-09-26 20:23:21.904 - INFO: Result has unknown size (not computed yet)
2026-09-26 20:23:24.552 - INFO: Done processing query and sending result, total time was 2,672 ms
2026-09-26 20:23:25.195 - INFO: 
2026-09-26 20:23:25.195 - INFO: Request received via GET, no content type specified
2026-09-26 20:23:25.195 - INFO: Processing command "cache-stats": get cache statistics
