[2026-09-22T01:43:27Z] WARN baseline links liburing (master merged the ring path); the arm still counts as baseline because unrouted workloads never enter the ring
[2026-09-22T01:43:27Z] binary gates ok (baseline without, variant with liburing)
[2026-09-22T01:43:27Z] preflight ok
base_commit=7bd97790e9ee6d5b2f6305fd8fd1c8000b63710b
baseline_binary=/local/data-ssd/stoetzem/binaries/qlever-server-ch7-integration
baseline_version=/local/data-ssd/stoetzem/binaries/qlever-server-ch7-integration v0.6.0-135-g84b943e4e
variant_branch=comparator
variant_binary=/local/data-ssd/stoetzem/wt/bench/ch7-comparator/build/qlever-server
variant_version=/local/data-ssd/stoetzem/wt/bench/ch7-comparator/build/qlever-server v0.6.0-138-gadb35863f
index=/local/data-ssd/stoetzem/wikidata/index-for-upgrade-new-format/wikidata
uname=7.0.0-28-generic
date=2026-09-22T01:43:27Z
[2026-09-22T01:43:29Z] === arm baseline (/local/data-ssd/stoetzem/binaries/qlever-server-ch7-integration)
[2026-09-22T01:43:50Z] server ready pid 956881 (baseline)
[2026-09-22T01:43:50Z] warmup baseline large-de (discarded)

/local/data-ssd/stoetzem/thesis/experiments/runs/wikidata-ch7-comparator-ab/baseline-large-de-warm code=200 wall=16.150965s sha=dcd2b1bc77fce98409640e9a234aa92688de7ba54eeff9c0556752e814f8c5e1 cpu_proc=16.78s cpu_iowait=238.38s cpu_total=255.97s wall=16.0s n=33
Caches dropped successfully (synced, then wrote 1
 to /proc/sys/vm/drop_caches).
/local/data-ssd/stoetzem/thesis/experiments/runs/wikidata-ch7-comparator-ab/baseline-large-de-cold1 code=200 wall=23.832934s sha=dcd2b1bc77fce98409640e9a234aa92688de7ba54eeff9c0556752e814f8c5e1 cpu_proc=23.82s cpu_iowait=350.58s cpu_total=375.76s wall=23.5s n=48
Caches dropped successfully (synced, then wrote 1
 to /proc/sys/vm/drop_caches).
/local/data-ssd/stoetzem/thesis/experiments/runs/wikidata-ch7-comparator-ab/baseline-large-de-cold2 code=200 wall=23.125645s sha=dcd2b1bc77fce98409640e9a234aa92688de7ba54eeff9c0556752e814f8c5e1 cpu_proc=23.30s cpu_iowait=342.71s cpu_total=367.86s wall=23.0s n=47
[2026-09-22T01:45:26Z] warmup baseline scatter200k-de (discarded)

/local/data-ssd/stoetzem/thesis/experiments/runs/wikidata-ch7-comparator-ab/baseline-scatter200k-de-warm code=200 wall=4.997696s sha=497dacfdffcc71ac2acc3f748140e9d6b27586f7d7b743ccdb98289101fb4ad9 cpu_proc=4.24s cpu_iowait=75.44s cpu_total=80.05s wall=5.0s n=11
Caches dropped successfully (synced, then wrote 1
 to /proc/sys/vm/drop_caches).
/local/data-ssd/stoetzem/thesis/experiments/runs/wikidata-ch7-comparator-ab/baseline-scatter200k-de-cold1 code=200 wall=10.832381s sha=497dacfdffcc71ac2acc3f748140e9d6b27586f7d7b743ccdb98289101fb4ad9 cpu_proc=6.79s cpu_iowait=157.82s cpu_total=167.74s wall=10.5s n=22
Caches dropped successfully (synced, then wrote 1
 to /proc/sys/vm/drop_caches).
/local/data-ssd/stoetzem/thesis/experiments/runs/wikidata-ch7-comparator-ab/baseline-scatter200k-de-cold2 code=200 wall=10.785181s sha=497dacfdffcc71ac2acc3f748140e9d6b27586f7d7b743ccdb98289101fb4ad9 cpu_proc=6.74s cpu_iowait=157.78s cpu_total=167.75s wall=10.5s n=22
[2026-09-22T01:46:19Z] server stopped (baseline)
[2026-09-22T01:46:29Z] === arm initial-ring (/local/data-ssd/stoetzem/wt/bench/ch7-comparator/build/qlever-server)
[2026-09-22T01:46:52Z] server ready pid 958661 (initial-ring)
[2026-09-22T01:46:52Z] warmup initial-ring large-de (discarded)

/local/data-ssd/stoetzem/thesis/experiments/runs/wikidata-ch7-comparator-ab/initial-ring-large-de-warm code=200 wall=16.082264s sha=dcd2b1bc77fce98409640e9a234aa92688de7ba54eeff9c0556752e814f8c5e1 cpu_proc=16.82s cpu_iowait=238.33s cpu_total=256.06s wall=16.0s n=33
Caches dropped successfully (synced, then wrote 1
 to /proc/sys/vm/drop_caches).
/local/data-ssd/stoetzem/thesis/experiments/runs/wikidata-ch7-comparator-ab/initial-ring-large-de-cold1 code=200 wall=24.069588s sha=dcd2b1bc77fce98409640e9a234aa92688de7ba54eeff9c0556752e814f8c5e1 cpu_proc=24.28s cpu_iowait=358.18s cpu_total=383.89s wall=24.0s n=49
Caches dropped successfully (synced, then wrote 1
 to /proc/sys/vm/drop_caches).
/local/data-ssd/stoetzem/thesis/experiments/runs/wikidata-ch7-comparator-ab/initial-ring-large-de-cold2 code=200 wall=23.444579s sha=dcd2b1bc77fce98409640e9a234aa92688de7ba54eeff9c0556752e814f8c5e1 cpu_proc=23.28s cpu_iowait=343.44s cpu_total=367.86s wall=23.0s n=47
[2026-09-22T01:48:36Z] warmup initial-ring scatter200k-de (discarded)

/local/data-ssd/stoetzem/thesis/experiments/runs/wikidata-ch7-comparator-ab/initial-ring-scatter200k-de-warm code=200 wall=5.041386s sha=497dacfdffcc71ac2acc3f748140e9d6b27586f7d7b743ccdb98289101fb4ad9 cpu_proc=4.24s cpu_iowait=75.64s cpu_total=80.03s wall=5.0s n=11
Caches dropped successfully (synced, then wrote 1
 to /proc/sys/vm/drop_caches).
/local/data-ssd/stoetzem/thesis/experiments/runs/wikidata-ch7-comparator-ab/initial-ring-scatter200k-de-cold1 code=200 wall=10.740302s sha=497dacfdffcc71ac2acc3f748140e9d6b27586f7d7b743ccdb98289101fb4ad9 cpu_proc=6.69s cpu_iowait=157.97s cpu_total=167.80s wall=10.5s n=22
Caches dropped successfully (synced, then wrote 1
 to /proc/sys/vm/drop_caches).
/local/data-ssd/stoetzem/thesis/experiments/runs/wikidata-ch7-comparator-ab/initial-ring-scatter200k-de-cold2 code=200 wall=10.744293s sha=497dacfdffcc71ac2acc3f748140e9d6b27586f7d7b743ccdb98289101fb4ad9 cpu_proc=6.75s cpu_iowait=158.00s cpu_total=167.68s wall=10.5s n=22
[2026-09-22T01:49:29Z] server stopped (initial-ring)
[2026-09-22T01:49:29Z] A/B complete
