2026-07-30 22:36:39.986 - INFO: [1mQLever server v0.5.50-58-gbdd1a6b9, compiled on Thu Jul 30 22:03:57 CEST 2026 using git hash bdd1a6b[22m
2026-07-30 22:36:39.986 - INFO: The git hash used to build this index was "8c99fe"
2026-07-30 22:36:39.987 - INFO: Reading vocabulary from file /home/userNoPriv/code/qlever/qlever-indices/dblp/dblp.vocabulary.words ...
2026-07-30 22:36:40.003 - INFO: Done, number of words: 409,446,926
2026-07-30 22:36:40.003 - INFO: Number of words in internal vocabulary (these are also part of the external vocabulary): 409,457
2026-07-30 22:36:40.014 - INFO: Registered PSO permutation: #relations = 6, #blocks = 7,515, #triples = 234,800,838
2026-07-30 22:36:40.040 - INFO: Registered PSO permutation: #relations = 96, #blocks = 46,913, #triples = 1,464,719,701
2026-07-30 22:36:40.044 - INFO: Registered POS permutation: #relations = 6, #blocks = 7,515, #triples = 234,800,838
2026-07-30 22:36:40.070 - INFO: Registered POS permutation: #relations = 96, #blocks = 46,913, #triples = 1,464,719,701
2026-07-30 22:36:40.092 - INFO: Registered OPS permutation: #relations = 318,850,904, #blocks = 39,014, #triples = 1,464,719,701
2026-07-30 22:36:40.113 - INFO: Registered OSP permutation: #relations = 318,850,904, #blocks = 39,014, #triples = 1,464,719,701
2026-07-30 22:36:40.127 - INFO: Registered SPO permutation: #relations = 234,800,427, #blocks = 31,251, #triples = 1,464,719,701
2026-07-30 22:36:40.140 - INFO: Registered SOP permutation: #relations = 234,800,427, #blocks = 31,251, #triples = 1,464,719,701
2026-07-30 22:36:40.140 - INFO: Reading patterns from file /home/userNoPriv/code/qlever/qlever-indices/dblp/dblp.index.patterns ...
2026-07-30 22:36:40.141 - INFO: Sorting random result tables to estimate the sorting performance of this machine ...
2026-07-30 22:36:48.869 - INFO: Initializing server ...
2026-07-30 22:36:48.869 - INFO: No access token required for restricted API calls
2026-07-30 22:36:48.869 - INFO: The server is ready, listening for requests on port 7015 ...
2026-07-30 22:36:49.062 - INFO: 
2026-07-30 22:36:49.062 - INFO: Request received via GET, no content type specified
2026-07-30 22:36:49.062 - INFO: Processing command "cache-stats": get cache statistics
2026-07-30 22:36:49.070 - INFO: 
2026-07-30 22:36:49.070 - INFO: Request received via POST, content type "application/x-www-form-urlencoded"
2026-07-30 22:36:49.073 - INFO: Processing the following SPARQL query:
# Tier H — size-sweep
# Goal: isolate export cost from query-planning cost. Raise the year bound
# across runs, for example 1970, 1990, 2010, and 2023.
PREFIX dblp: <https://dblp.org/rdf/schema#>

CONSTRUCT { ?s ?p ?o }
WHERE {
  ?s a dblp:Publication ;
     dblp:yearOfPublication ?year ;
     ?p ?o .
  FILTER(?year <= "1970"^^<http://www.w3.org/2001/XMLSchema#gYear>)
}

2026-07-30 22:36:49.073 - INFO: Requested media types of the result are: "text/turtle"
2026-07-30 22:36:49.076 - INFO: Query planning done in 5 ms
2026-07-30 22:36:49.098 - INFO: Result has unknown size (not computed yet)
2026-07-30 22:36:54.490 - INFO: Done processing query and sending result, total time was 5,419 ms
2026-07-30 22:36:54.498 - INFO: 
2026-07-30 22:36:54.498 - INFO: Request received via GET, no content type specified
2026-07-30 22:36:54.498 - INFO: Processing command "cache-stats": get cache statistics
