2026-07-30 22:57:07.715 - INFO: [1mQLever server v0.5.50-58-gbdd1a6b9, compiled on Thu Jul 30 22:03:57 CEST 2026 using git hash bdd1a6b[22m
2026-07-30 22:57:07.716 - INFO: The git hash used to build this index was "8c99fe"
2026-07-30 22:57:07.716 - INFO: Reading vocabulary from file /home/userNoPriv/code/qlever/qlever-indices/dblp/dblp.vocabulary.words ...
2026-07-30 22:57:07.734 - INFO: Done, number of words: 409,446,926
2026-07-30 22:57:07.734 - INFO: Number of words in internal vocabulary (these are also part of the external vocabulary): 409,457
2026-07-30 22:57:07.744 - INFO: Registered PSO permutation: #relations = 6, #blocks = 7,515, #triples = 234,800,838
2026-07-30 22:57:07.767 - INFO: Registered PSO permutation: #relations = 96, #blocks = 46,913, #triples = 1,464,719,701
2026-07-30 22:57:07.772 - INFO: Registered POS permutation: #relations = 6, #blocks = 7,515, #triples = 234,800,838
2026-07-30 22:57:07.795 - INFO: Registered POS permutation: #relations = 96, #blocks = 46,913, #triples = 1,464,719,701
2026-07-30 22:57:07.815 - INFO: Registered OPS permutation: #relations = 318,850,904, #blocks = 39,014, #triples = 1,464,719,701
2026-07-30 22:57:07.838 - INFO: Registered OSP permutation: #relations = 318,850,904, #blocks = 39,014, #triples = 1,464,719,701
2026-07-30 22:57:07.851 - INFO: Registered SPO permutation: #relations = 234,800,427, #blocks = 31,251, #triples = 1,464,719,701
2026-07-30 22:57:07.863 - INFO: Registered SOP permutation: #relations = 234,800,427, #blocks = 31,251, #triples = 1,464,719,701
2026-07-30 22:57:07.863 - INFO: Reading patterns from file /home/userNoPriv/code/qlever/qlever-indices/dblp/dblp.index.patterns ...
2026-07-30 22:57:07.864 - INFO: Sorting random result tables to estimate the sorting performance of this machine ...
2026-07-30 22:57:16.486 - INFO: Initializing server ...
2026-07-30 22:57:16.486 - INFO: No access token required for restricted API calls
2026-07-30 22:57:16.486 - INFO: The server is ready, listening for requests on port 7015 ...
2026-07-30 22:57:16.517 - INFO: 
2026-07-30 22:57:16.517 - INFO: Request received via GET, no content type specified
2026-07-30 22:57:16.517 - INFO: Processing command "cache-stats": get cache statistics
2026-07-30 22:57:16.526 - INFO: 
2026-07-30 22:57:16.526 - INFO: Request received via POST, content type "application/x-www-form-urlencoded"
2026-07-30 22:57:16.529 - INFO: Processing the following SPARQL query:
# Tier H-vocab — creator-name literals, large
# Goal: external-vocabulary lookup pressure on a different predicate path.
PREFIX dblp: <https://dblp.org/rdf/schema#>

CONSTRUCT { ?creator dblp:creatorName ?name }
WHERE {
  ?creator dblp:creatorName ?name .
}
LIMIT 100000

2026-07-30 22:57:16.529 - INFO: Requested media types of the result are: "text/turtle"
2026-07-30 22:57:16.533 - INFO: Query planning done in 6 ms
2026-07-30 22:57:16.533 - INFO: Result has unknown size (not computed yet)
2026-07-30 22:57:26.564 - INFO: Done processing query and sending result, total time was 10,037 ms
2026-07-30 22:57:26.573 - INFO: 
2026-07-30 22:57:26.573 - INFO: Request received via GET, no content type specified
2026-07-30 22:57:26.573 - INFO: Processing command "cache-stats": get cache statistics
2026-07-30 22:57:26.925 - INFO: 
2026-07-30 22:57:26.925 - INFO: Request received via POST, content type "application/x-www-form-urlencoded"
2026-07-30 22:57:26.925 - INFO: Processing the following SPARQL query:
# Tier H-vocab — creator-name literals, large
# Goal: external-vocabulary lookup pressure on a different predicate path.
PREFIX dblp: <https://dblp.org/rdf/schema#>

CONSTRUCT { ?creator dblp:creatorName ?name }
WHERE {
  ?creator dblp:creatorName ?name .
}
LIMIT 100000

2026-07-30 22:57:26.925 - INFO: Requested media types of the result are: "text/turtle"
2026-07-30 22:57:26.925 - INFO: Query planning done in 0 ms
2026-07-30 22:57:26.925 - INFO: Result has unknown size (not computed yet)
2026-07-30 22:57:27.270 - INFO: Done processing query and sending result, total time was 344 ms
2026-07-30 22:57:27.278 - INFO: 
2026-07-30 22:57:27.278 - INFO: Request received via GET, no content type specified
2026-07-30 22:57:27.278 - INFO: Processing command "cache-stats": get cache statistics
