2026-10-06 23:26:53.621 - INFO: [1mQLever server CIKM-2801-g4dd60f853, compiled on Tue Oct  6 07:51:44 UTC 2026 using git hash 4dd60f8[22m
2026-10-06 23:26:53.621 - INFO: Runtime parameter set from the command line: vocabulary-iouring-page-cache-fast-path=false
2026-10-06 23:26:53.621 - INFO: Cleanup of previous index directories after each rebuild enabled (--rebuild-keep-previous-index-dirs original-and-most-recent)
2026-10-06 23:26:53.629 - INFO: The git hash used to build this index was "65f84b4"
2026-10-06 23:26:53.629 - INFO: Reading vocabulary from file /local/data-ssd/stoetzem/wikidata/wikidata.vocabulary.words ...
2026-10-06 23:27:10.081 - INFO: Done, number of words: 1,580,300,680
2026-10-06 23:27:10.081 - INFO: Number of words in internal vocabulary (these are also part of the external vocabulary): 777,658,536
2026-10-06 23:27:10.184 - INFO: Registered PSO permutation: #relations = 10,100, #blocks = 225,155, #triples = 6,983,973,847
2026-10-06 23:27:10.312 - INFO: Registered PSO permutation: #relations = 13,566, #blocks = 264,339, #triples = 8,220,417,022
2026-10-06 23:27:10.401 - INFO: Registered POS permutation: #relations = 10,100, #blocks = 225,155, #triples = 6,983,973,847
2026-10-06 23:27:10.529 - INFO: Registered POS permutation: #relations = 13,566, #blocks = 264,339, #triples = 8,220,417,022
2026-10-06 23:27:10.644 - INFO: Registered OPS permutation: #relations = 1,683,253,489, #blocks = 222,728, #triples = 8,220,417,022
2026-10-06 23:27:10.746 - INFO: Registered OSP permutation: #relations = 1,683,253,489, #blocks = 222,728, #triples = 8,220,417,022
2026-10-06 23:27:10.819 - INFO: Registered SPO permutation: #relations = 252,534,289, #blocks = 175,741, #triples = 8,220,417,022
2026-10-06 23:27:10.887 - INFO: Registered SOP permutation: #relations = 252,534,289, #blocks = 175,741, #triples = 8,220,417,022
2026-10-06 23:27:10.887 - INFO: Reading patterns from file /local/data-ssd/stoetzem/wikidata/wikidata.index.patterns ...
2026-10-06 23:27:12.680 - WARN: The geo points of this index use the encoding "lat-major", which is deprecated and will not be supported for much longer; with this encoding, a spatial prefilter on points can only restrict the latitude; please build the index with the default encoding "z-order" (just omit the option `--geo-point-encoding` of `qlever-index`)
2026-10-06 23:27:12.680 - INFO: Sorting random result tables to estimate the sorting performance of this machine ...
2026-10-06 23:27:23.279 - INFO: Initializing server ...
2026-10-06 23:27:23.279 - INFO: No access token required for restricted API calls
2026-10-06 23:27:23.280 - INFO: The server is ready, listening for requests on port 7015 ...
2026-10-06 23:27:23.474 - INFO: 
2026-10-06 23:27:23.474 - INFO: Request received via POST, content type "application/x-www-form-urlencoded"
2026-10-06 23:27:23.478 - INFO: Processing the following SPARQL query:
# Tier H-vocab — German labels, large
# Physical: P+O bound scan of wdt:P31 wd:Q5 (class postings), then
# S+P bound SPO scan of rdfs:label. LANG(?label) maps label IDs to
# strings. CONSTRUCT writes entity IRI + label.
# Targets: large sequential class scan with EXTERNAL vocabulary words.
# German is not in languages-internal (only "en"), so QLever's
# shouldLiteralBeExternalized places every de literal in the external
# tier (src/index/vocabulary/Vocabulary.cpp). Same shape as
# H-vocab-label-large.rq, but every lookup is a guaranteed external
# miss on cold caches.
PREFIX wd: <http://www.wikidata.org/entity/>
PREFIX wdt: <http://www.wikidata.org/prop/direct/>
PREFIX rdfs: <http://www.w3.org/2000/01/rdf-schema#>

CONSTRUCT { ?entity rdfs:label ?label }
WHERE {
  ?entity wdt:P31 wd:Q5 .
  ?entity rdfs:label ?label .
  FILTER(LANG(?label) = "de")
}

2026-10-06 23:27:23.478 - INFO: Requested media types of the result are: "text/turtle"
2026-10-06 23:27:23.484 - INFO: Query planning done in 9 ms
2026-10-06 23:27:23.484 - INFO: Result has unknown size (not computed yet)
2026-10-06 23:28:02.843 - INFO: Done processing query and sending result, total time was 39,368 ms
2026-10-06 23:28:02.874 - INFO: 
2026-10-06 23:28:02.874 - INFO: Request received via GET, no content type specified
2026-10-06 23:28:02.874 - INFO: Processing command "cache-stats": get cache statistics
2026-10-06 23:28:02.902 - INFO: 
2026-10-06 23:28:02.902 - INFO: Request received via GET, no content type specified
2026-10-06 23:28:02.902 - INFO: Processing command "clear-cache": clear the cache (unpinned elements only)
2026-10-06 23:28:02.931 - INFO: 
2026-10-06 23:28:02.931 - INFO: Request received via GET, no content type specified
2026-10-06 23:28:02.931 - INFO: Processing command "cache-stats": get cache statistics
2026-10-06 23:28:02.955 - INFO: 
2026-10-06 23:28:02.955 - INFO: Request received via POST, content type "application/x-www-form-urlencoded"
2026-10-06 23:28:02.956 - INFO: Processing the following SPARQL query:
# Tier H-vocab — German labels, large
# Physical: P+O bound scan of wdt:P31 wd:Q5 (class postings), then
# S+P bound SPO scan of rdfs:label. LANG(?label) maps label IDs to
# strings. CONSTRUCT writes entity IRI + label.
# Targets: large sequential class scan with EXTERNAL vocabulary words.
# German is not in languages-internal (only "en"), so QLever's
# shouldLiteralBeExternalized places every de literal in the external
# tier (src/index/vocabulary/Vocabulary.cpp). Same shape as
# H-vocab-label-large.rq, but every lookup is a guaranteed external
# miss on cold caches.
PREFIX wd: <http://www.wikidata.org/entity/>
PREFIX wdt: <http://www.wikidata.org/prop/direct/>
PREFIX rdfs: <http://www.w3.org/2000/01/rdf-schema#>

CONSTRUCT { ?entity rdfs:label ?label }
WHERE {
  ?entity wdt:P31 wd:Q5 .
  ?entity rdfs:label ?label .
  FILTER(LANG(?label) = "de")
}

2026-10-06 23:28:02.956 - INFO: Requested media types of the result are: "text/turtle"
2026-10-06 23:28:02.956 - INFO: Query planning done in 0 ms
2026-10-06 23:28:02.956 - INFO: Result has unknown size (not computed yet)
2026-10-06 23:28:31.244 - INFO: Done processing query and sending result, total time was 28,288 ms
2026-10-06 23:28:31.272 - INFO: 
2026-10-06 23:28:31.272 - INFO: Request received via GET, no content type specified
2026-10-06 23:28:31.272 - INFO: Processing command "cache-stats": get cache statistics
