[2026-09-26T18:23:06Z] PR #228 dblp csv_export queries=H-size-select scenarios=warm reps=3 mode=same binary, runtime-flag A/B layout=ural
[2026-09-26T18:23:06Z] base:    experiments/runs/pr98-dblp-hsizeselect-csv-ab/bin/qlever-server-ab (c8f70dff) args='--set-runtime-parameter use-swar-export-delimiters=false' form=''
[2026-09-26T18:23:06Z] variant: experiments/runs/pr98-dblp-hsizeselect-csv-ab/bin/qlever-server-ab (c8f70dff) args='--set-runtime-parameter use-swar-export-delimiters=true' form=''
fatal: not a git repository (or any parent up to mount point /local)
Stopping at filesystem boundary (GIT_DISCOVERY_ACROSS_FILESYSTEM not set).
fatal: not a git repository (or any parent up to mount point /local)
Stopping at filesystem boundary (GIT_DISCOVERY_ACROSS_FILESYSTEM not set).
fatal: not a git repository (or any parent up to mount point /local)
Stopping at filesystem boundary (GIT_DISCOVERY_ACROSS_FILESYSTEM not set).
fatal: not a git repository (or any parent up to mount point /local)
Stopping at filesystem boundary (GIT_DISCOVERY_ACROSS_FILESYSTEM not set).
fatal: not a git repository (or any parent up to mount point /local)
Stopping at filesystem boundary (GIT_DISCOVERY_ACROSS_FILESYSTEM not set).
rep 1/1: complete export=s e2e=2.693388959s 56692914 bytes syscr=2708169 pread64=1354715 io_uring_enter=0 read_bytes=0 cpu_s=3.150000
[2026-09-26T18:23:25Z] pr228-H-size-select-warm-base-r1 done
fatal: not a git repository (or any parent up to mount point /local)
Stopping at filesystem boundary (GIT_DISCOVERY_ACROSS_FILESYSTEM not set).
fatal: not a git repository (or any parent up to mount point /local)
Stopping at filesystem boundary (GIT_DISCOVERY_ACROSS_FILESYSTEM not set).
fatal: not a git repository (or any parent up to mount point /local)
Stopping at filesystem boundary (GIT_DISCOVERY_ACROSS_FILESYSTEM not set).
fatal: not a git repository (or any parent up to mount point /local)
Stopping at filesystem boundary (GIT_DISCOVERY_ACROSS_FILESYSTEM not set).
fatal: not a git repository (or any parent up to mount point /local)
Stopping at filesystem boundary (GIT_DISCOVERY_ACROSS_FILESYSTEM not set).
rep 1/1: complete export=s e2e=2.544370645s 56692914 bytes syscr=2708169 pread64=1354715 io_uring_enter=0 read_bytes=0 cpu_s=2.980000
[2026-09-26T18:23:43Z] pr228-H-size-select-warm-variant-r1 done
fatal: not a git repository (or any parent up to mount point /local)
Stopping at filesystem boundary (GIT_DISCOVERY_ACROSS_FILESYSTEM not set).
fatal: not a git repository (or any parent up to mount point /local)
Stopping at filesystem boundary (GIT_DISCOVERY_ACROSS_FILESYSTEM not set).
fatal: not a git repository (or any parent up to mount point /local)
Stopping at filesystem boundary (GIT_DISCOVERY_ACROSS_FILESYSTEM not set).
fatal: not a git repository (or any parent up to mount point /local)
Stopping at filesystem boundary (GIT_DISCOVERY_ACROSS_FILESYSTEM not set).
fatal: not a git repository (or any parent up to mount point /local)
Stopping at filesystem boundary (GIT_DISCOVERY_ACROSS_FILESYSTEM not set).
rep 1/1: complete export=s e2e=2.683838590s 56692914 bytes syscr=2708169 pread64=1354715 io_uring_enter=0 read_bytes=0 cpu_s=3.130000
[2026-09-26T18:24:02Z] pr228-H-size-select-warm-variant-r2 done
fatal: not a git repository (or any parent up to mount point /local)
Stopping at filesystem boundary (GIT_DISCOVERY_ACROSS_FILESYSTEM not set).
fatal: not a git repository (or any parent up to mount point /local)
Stopping at filesystem boundary (GIT_DISCOVERY_ACROSS_FILESYSTEM not set).
fatal: not a git repository (or any parent up to mount point /local)
Stopping at filesystem boundary (GIT_DISCOVERY_ACROSS_FILESYSTEM not set).
fatal: not a git repository (or any parent up to mount point /local)
Stopping at filesystem boundary (GIT_DISCOVERY_ACROSS_FILESYSTEM not set).
fatal: not a git repository (or any parent up to mount point /local)
Stopping at filesystem boundary (GIT_DISCOVERY_ACROSS_FILESYSTEM not set).
rep 1/1: complete export=s e2e=2.702481312s 56692914 bytes syscr=2708169 pread64=1354715 io_uring_enter=0 read_bytes=0 cpu_s=3.140000
[2026-09-26T18:24:21Z] pr228-H-size-select-warm-base-r2 done
fatal: not a git repository (or any parent up to mount point /local)
Stopping at filesystem boundary (GIT_DISCOVERY_ACROSS_FILESYSTEM not set).
fatal: not a git repository (or any parent up to mount point /local)
Stopping at filesystem boundary (GIT_DISCOVERY_ACROSS_FILESYSTEM not set).
fatal: not a git repository (or any parent up to mount point /local)
Stopping at filesystem boundary (GIT_DISCOVERY_ACROSS_FILESYSTEM not set).
fatal: not a git repository (or any parent up to mount point /local)
Stopping at filesystem boundary (GIT_DISCOVERY_ACROSS_FILESYSTEM not set).
fatal: not a git repository (or any parent up to mount point /local)
Stopping at filesystem boundary (GIT_DISCOVERY_ACROSS_FILESYSTEM not set).
rep 1/1: complete export=s e2e=2.670661652s 56692914 bytes syscr=2708170 pread64=1354715 io_uring_enter=0 read_bytes=0 cpu_s=3.130000
[2026-09-26T18:24:40Z] pr228-H-size-select-warm-base-r3 done
fatal: not a git repository (or any parent up to mount point /local)
Stopping at filesystem boundary (GIT_DISCOVERY_ACROSS_FILESYSTEM not set).
fatal: not a git repository (or any parent up to mount point /local)
Stopping at filesystem boundary (GIT_DISCOVERY_ACROSS_FILESYSTEM not set).
fatal: not a git repository (or any parent up to mount point /local)
Stopping at filesystem boundary (GIT_DISCOVERY_ACROSS_FILESYSTEM not set).
fatal: not a git repository (or any parent up to mount point /local)
Stopping at filesystem boundary (GIT_DISCOVERY_ACROSS_FILESYSTEM not set).
fatal: not a git repository (or any parent up to mount point /local)
Stopping at filesystem boundary (GIT_DISCOVERY_ACROSS_FILESYSTEM not set).
rep 1/1: complete export=s e2e=2.513188135s 56692914 bytes syscr=2708169 pread64=1354715 io_uring_enter=0 read_bytes=0 cpu_s=2.980000
[2026-09-26T18:24:58Z] pr228-H-size-select-warm-variant-r3 done
# PR #228 A/B on dblp (csv_export)

- Base: `c8f70dff` use-swar-export-delimiters=false; server args: `--set-runtime-parameter use-swar-export-delimiters=false`
- Variant: `c8f70dff` use-swar-export-delimiters=true; server args: `--set-runtime-parameter use-swar-export-delimiters=true`
- Binaries: same binary, runtime-flag A/B; host `ural` (ural layout)
- Server query threads (`--num-simultaneous-queries`): 1
- Reps (adaptive): 3 per arm and cell first; reps 4-3 only when the two arms' min..max ranges overlapped after 3 (`adaptive.tsv`); column n gives the reps per cell. Arms interleaved per rep, order alternating (odd reps base first, even reps variant first); cold reps run after `clear-caches`.
- Noise rule: within noise when |delta| < 1% or the min..max ranges overlap.

## Timing (elapsed_s, end to end)

| query | scenario | arm | n | median | min | max | delta vs base | verdict | correctness |
|---|---|---|---|---|---|---|---|---|---|
| H-size-select | warm | use-swar-export-delimiters=false | 3 | 2.6934 | 2.6707 | 2.7025 |  |  |  |
| H-size-select | warm | use-swar-export-delimiters=true | 3 | 2.5444 | 2.5132 | 2.6838 | -5.53% | within noise | identical bytes |

## Verdict

- H-size-select warm: within noise (-5.53%); correctness: identical bytes

## Gates

- `gate-postflight-warm.log`: == POSTFLIGHT: PASS ==
- `gate-preflight-base.log`: == PREFLIGHT: PASS ==
- `gate-preflight-variant.log`: == PREFLIGHT: PASS ==
- `gate-verify-base.log`: VERDICT: PASS — binary is trustworthy for benchmarking
- `gate-verify-variant.log`: VERDICT: PASS — binary is trustworthy for benchmarking

## Problems

None: every rep complete, non-empty and correct.

Artifacts: `results.csv` (all reps), `<scenario>/<query>/<arm>/raw/` (harness output per rep), `correctness.tsv`, `build-env.txt`, `env-before.txt`, `env-after.txt`, `gate-*.log`, `driver.log`.
[2026-09-26T18:24:59Z] finished rc=0 run=experiments/runs/pr98-dblp-hsizeselect-csv-ab
