2026-08-11 13:30:34.847 - INFO: [1mQLever server v0.5.50-58-gbdd1a6b9, compiled on Fri Jul 31 12:36:09 CEST 2026 using git hash bdd1a6b[22m
2026-08-11 13:30:34.847 - INFO: The git hash used to build this index was "bdd1a6b"
2026-08-11 13:30:34.847 - INFO: Reading vocabulary from file /home/userNoPriv/code/qlever/qlever-indices/dblp/dblp.vocabulary.words ...
2026-08-11 13:30:34.867 - INFO: Done, number of words: 409,446,926
2026-08-11 13:30:34.867 - INFO: Number of words in internal vocabulary (these are also part of the external vocabulary): 409,457
2026-08-11 13:30:34.878 - INFO: Registered PSO permutation: #relations = 6, #blocks = 7,515, #triples = 234,800,838
2026-08-11 13:30:34.905 - INFO: Registered PSO permutation: #relations = 96, #blocks = 46,913, #triples = 1,464,719,701
2026-08-11 13:30:34.909 - INFO: Registered POS permutation: #relations = 6, #blocks = 7,515, #triples = 234,800,838
2026-08-11 13:30:34.935 - INFO: Registered POS permutation: #relations = 96, #blocks = 46,913, #triples = 1,464,719,701
2026-08-11 13:30:34.958 - INFO: Registered OPS permutation: #relations = 318,850,904, #blocks = 39,014, #triples = 1,464,719,701
2026-08-11 13:30:34.980 - INFO: Registered OSP permutation: #relations = 318,850,904, #blocks = 39,014, #triples = 1,464,719,701
2026-08-11 13:30:35.001 - INFO: Registered SPO permutation: #relations = 234,800,427, #blocks = 31,251, #triples = 1,464,719,701
2026-08-11 13:30:35.022 - INFO: Registered SOP permutation: #relations = 234,800,427, #blocks = 31,251, #triples = 1,464,719,701
2026-08-11 13:30:35.022 - INFO: Reading patterns from file /home/userNoPriv/code/qlever/qlever-indices/dblp/dblp.index.patterns ...
2026-08-11 13:30:35.023 - INFO: Sorting random result tables to estimate the sorting performance of this machine ...
2026-08-11 13:30:44.372 - INFO: Initializing server ...
2026-08-11 13:30:44.372 - INFO: No access token required for restricted API calls
2026-08-11 13:30:44.372 - INFO: The server is ready, listening for requests on port 7088 ...
2026-08-11 13:30:44.635 - INFO: 
2026-08-11 13:30:44.636 - INFO: Request received via POST, content type "application/x-www-form-urlencoded"
2026-08-11 13:30:44.639 - INFO: Processing the following SPARQL query:
# Tier H — format-heavy
# Goal: stress literal serialization and escaping using synthetic literals.
PREFIX dblp: <https://dblp.org/rdf/schema#>

CONSTRUCT { ?paper dblp:title ?syntheticTitle }
WHERE {
  ?paper a dblp:Publication .
  BIND(CONCAT("synthetic \"quoted\" title with backslash \\\\ and tab \t for ", STR(?paper)) AS ?syntheticTitle)
}
LIMIT 100000

2026-08-11 13:30:44.639 - INFO: Requested media types of the result are: "text/turtle"
2026-08-11 13:30:44.642 - INFO: Query planning done in 6 ms
2026-08-11 13:30:44.642 - INFO: Result has unknown size (not computed yet)
2026-08-11 13:30:44.642 - INFO: Result has unknown size (not computed yet)
2026-08-11 13:30:47.235 - INFO: Export finished in 2,372 ms
2026-08-11 13:30:47.235 - INFO: Done processing query and sending result, total time was 2,599 ms
2026-08-11 13:30:47.246 - INFO: 
2026-08-11 13:30:47.246 - INFO: Request received via GET, no content type specified
2026-08-11 13:30:47.246 - INFO: Processing command "cache-stats": get cache statistics
2026-08-11 13:30:47.597 - INFO: 
2026-08-11 13:30:47.597 - INFO: Request received via POST, content type "application/x-www-form-urlencoded"
2026-08-11 13:30:47.598 - INFO: Processing the following SPARQL query:
# Tier H — format-heavy
# Goal: stress literal serialization and escaping using synthetic literals.
PREFIX dblp: <https://dblp.org/rdf/schema#>

CONSTRUCT { ?paper dblp:title ?syntheticTitle }
WHERE {
  ?paper a dblp:Publication .
  BIND(CONCAT("synthetic \"quoted\" title with backslash \\\\ and tab \t for ", STR(?paper)) AS ?syntheticTitle)
}
LIMIT 100000

2026-08-11 13:30:47.598 - INFO: Requested media types of the result are: "text/turtle"
2026-08-11 13:30:47.598 - INFO: Query planning done in 0 ms
2026-08-11 13:30:47.598 - INFO: Result has unknown size (not computed yet)
2026-08-11 13:30:47.598 - INFO: Result has unknown size (not computed yet)
2026-08-11 13:30:50.211 - INFO: Export finished in 2,352 ms
2026-08-11 13:30:50.211 - INFO: Done processing query and sending result, total time was 2,614 ms
2026-08-11 13:30:50.222 - INFO: 
2026-08-11 13:30:50.222 - INFO: Request received via GET, no content type specified
2026-08-11 13:30:50.222 - INFO: Processing command "cache-stats": get cache statistics
