2026-09-28 23:44:56.635 - INFO: [1mQLever server v0.6.0-230-g67cf2ee3a, compiled on Mon Sep 28 19:27:43 UTC 2026 using git hash 67cf2ee[22m
2026-09-28 23:44:56.636 - INFO: Runtime parameter set from the command line: use-fast-export-stream-formatter=true
2026-09-28 23:44:56.636 - INFO: Cleanup of previous index directories after each rebuild enabled (--rebuild-keep-previous-index-dirs original-and-most-recent)
2026-09-28 23:44:56.637 - INFO: The git hash used to build this index was "65f84b4"
2026-09-28 23:44:56.637 - INFO: Reading vocabulary from file /local/data-ssd/stoetzem/qlever-indices/dblp/dblp.vocabulary.words ...
2026-09-28 23:44:56.648 - INFO: Done, number of words: 446,944,668
2026-09-28 23:44:56.648 - INFO: Number of words in internal vocabulary (these are also part of the external vocabulary): 446,955
2026-09-28 23:44:56.655 - INFO: Registered PSO permutation: #relations = 6, #blocks = 8,187, #triples = 255,805,025
2026-09-28 23:44:56.683 - INFO: Registered PSO permutation: #relations = 96, #blocks = 51,023, #triples = 1,593,245,022
2026-09-28 23:44:56.685 - INFO: Registered POS permutation: #relations = 6, #blocks = 8,187, #triples = 255,805,025
2026-09-28 23:44:56.704 - INFO: Registered POS permutation: #relations = 96, #blocks = 51,023, #triples = 1,593,245,022
2026-09-28 23:44:56.720 - INFO: Registered OPS permutation: #relations = 345,357,897, #blocks = 42,492, #triples = 1,593,245,022
2026-09-28 23:44:56.736 - INFO: Registered OSP permutation: #relations = 345,357,897, #blocks = 42,492, #triples = 1,593,245,022
2026-09-28 23:44:56.746 - INFO: Registered SPO permutation: #relations = 255,804,614, #blocks = 33,993, #triples = 1,593,245,022
2026-09-28 23:44:56.755 - INFO: Registered SOP permutation: #relations = 255,804,614, #blocks = 33,993, #triples = 1,593,245,022
2026-09-28 23:44:56.755 - INFO: Reading patterns from file /local/data-ssd/stoetzem/qlever-indices/dblp/dblp.index.patterns ...
2026-09-28 23:44:56.755 - INFO: Sorting random result tables to estimate the sorting performance of this machine ...
2026-09-28 23:45:05.988 - INFO: Initializing server ...
2026-09-28 23:45:05.988 - INFO: No access token required for restricted API calls
2026-09-28 23:45:05.988 - INFO: The server is ready, listening for requests on port 7015 ...
2026-09-28 23:45:06.234 - INFO: 
2026-09-28 23:45:06.234 - INFO: Request received via POST, content type "application/x-www-form-urlencoded"
2026-09-28 23:45:06.238 - INFO: Processing the following SPARQL query:
# Tier H-vocab — title literals, large
# Goal: external-vocabulary lookup pressure with larger bounded output.
PREFIX dblp: <https://dblp.org/rdf/schema#>

CONSTRUCT { ?paper dblp:title ?title }
WHERE {
  ?paper dblp:title ?title .
}
LIMIT 100000

2026-09-28 23:45:06.239 - INFO: Requested media types of the result are: "text/turtle"
2026-09-28 23:45:06.239 - INFO: Query planning done in 4 ms
2026-09-28 23:45:06.239 - INFO: Result has unknown size (not computed yet)
2026-09-28 23:45:06.665 - INFO: Done processing query and sending result, total time was 430 ms
2026-09-28 23:45:06.700 - INFO: 
2026-09-28 23:45:06.700 - INFO: Request received via POST, content type "application/x-www-form-urlencoded"
2026-09-28 23:45:06.700 - INFO: Processing the following SPARQL query:
# Tier H-vocab — title literals, large
# Goal: external-vocabulary lookup pressure with larger bounded output.
PREFIX dblp: <https://dblp.org/rdf/schema#>

CONSTRUCT { ?paper dblp:title ?title }
WHERE {
  ?paper dblp:title ?title .
}
LIMIT 100000

2026-09-28 23:45:06.700 - INFO: Requested media types of the result are: "text/turtle"
2026-09-28 23:45:06.700 - INFO: Query planning done in 0 ms
2026-09-28 23:45:06.700 - INFO: Result has unknown size (not computed yet)
2026-09-28 23:45:07.106 - INFO: Done processing query and sending result, total time was 406 ms
