2026-08-11 13:29:13.893 - INFO: [1mQLever server v0.5.50-58-gbdd1a6b9, compiled on Fri Jul 31 12:36:09 CEST 2026 using git hash bdd1a6b[22m
2026-08-11 13:29:13.894 - INFO: The git hash used to build this index was "bdd1a6b"
2026-08-11 13:29:13.894 - INFO: Reading vocabulary from file /home/userNoPriv/code/qlever/qlever-indices/dblp/dblp.vocabulary.words ...
2026-08-11 13:29:13.911 - INFO: Done, number of words: 409,446,926
2026-08-11 13:29:13.911 - INFO: Number of words in internal vocabulary (these are also part of the external vocabulary): 409,457
2026-08-11 13:29:13.921 - INFO: Registered PSO permutation: #relations = 6, #blocks = 7,515, #triples = 234,800,838
2026-08-11 13:29:13.944 - INFO: Registered PSO permutation: #relations = 96, #blocks = 46,913, #triples = 1,464,719,701
2026-08-11 13:29:13.948 - INFO: Registered POS permutation: #relations = 6, #blocks = 7,515, #triples = 234,800,838
2026-08-11 13:29:13.973 - INFO: Registered POS permutation: #relations = 96, #blocks = 46,913, #triples = 1,464,719,701
2026-08-11 13:29:13.994 - INFO: Registered OPS permutation: #relations = 318,850,904, #blocks = 39,014, #triples = 1,464,719,701
2026-08-11 13:29:14.015 - INFO: Registered OSP permutation: #relations = 318,850,904, #blocks = 39,014, #triples = 1,464,719,701
2026-08-11 13:29:14.030 - INFO: Registered SPO permutation: #relations = 234,800,427, #blocks = 31,251, #triples = 1,464,719,701
2026-08-11 13:29:14.042 - INFO: Registered SOP permutation: #relations = 234,800,427, #blocks = 31,251, #triples = 1,464,719,701
2026-08-11 13:29:14.042 - INFO: Reading patterns from file /home/userNoPriv/code/qlever/qlever-indices/dblp/dblp.index.patterns ...
2026-08-11 13:29:14.042 - INFO: Sorting random result tables to estimate the sorting performance of this machine ...
2026-08-11 13:29:22.831 - INFO: Initializing server ...
2026-08-11 13:29:22.831 - INFO: No access token required for restricted API calls
2026-08-11 13:29:22.831 - INFO: The server is ready, listening for requests on port 7088 ...
2026-08-11 13:29:22.929 - INFO: 
2026-08-11 13:29:22.929 - INFO: Request received via POST, content type "application/x-www-form-urlencoded"
2026-08-11 13:29:22.931 - INFO: Processing the following SPARQL query:
# Tier R2 — STATE (real-world, large result)
# Unbounded materialization of the same DBLP venue subgraph.
PREFIX dblp: <https://dblp.org/rdf/schema#>

CONSTRUCT { ?paper ?p ?o }
WHERE {
  ?paper a dblp:Publication ;
         dblp:publishedInStream <https://dblp.org/streams/conf/stoc> ;
         ?p ?o .
}

2026-08-11 13:29:22.931 - INFO: Requested media types of the result are: "text/turtle"
2026-08-11 13:29:22.937 - INFO: Query planning done in 8 ms
2026-08-11 13:29:22.942 - INFO: Result has unknown size (not computed yet)
2026-08-11 13:29:22.942 - INFO: Result has unknown size (not computed yet)
2026-08-11 13:29:25.629 - INFO: Export finished in 2,005 ms
2026-08-11 13:29:25.629 - INFO: Done processing query and sending result, total time was 2,700 ms
2026-08-11 13:29:25.637 - INFO: 
2026-08-11 13:29:25.637 - INFO: Request received via GET, no content type specified
2026-08-11 13:29:25.637 - INFO: Processing command "cache-stats": get cache statistics
2026-08-11 13:29:25.972 - INFO: 
2026-08-11 13:29:25.972 - INFO: Request received via POST, content type "application/x-www-form-urlencoded"
2026-08-11 13:29:25.972 - INFO: Processing the following SPARQL query:
# Tier R2 — STATE (real-world, large result)
# Unbounded materialization of the same DBLP venue subgraph.
PREFIX dblp: <https://dblp.org/rdf/schema#>

CONSTRUCT { ?paper ?p ?o }
WHERE {
  ?paper a dblp:Publication ;
         dblp:publishedInStream <https://dblp.org/streams/conf/stoc> ;
         ?p ?o .
}

2026-08-11 13:29:25.972 - INFO: Requested media types of the result are: "text/turtle"
2026-08-11 13:29:25.973 - INFO: Query planning done in 0 ms
2026-08-11 13:29:25.976 - INFO: Result has unknown size (not computed yet)
2026-08-11 13:29:25.976 - INFO: Result has unknown size (not computed yet)
2026-08-11 13:29:26.121 - INFO: Export finished in 125 ms
2026-08-11 13:29:26.121 - INFO: Done processing query and sending result, total time was 149 ms
2026-08-11 13:29:26.129 - INFO: 
2026-08-11 13:29:26.129 - INFO: Request received via GET, no content type specified
2026-08-11 13:29:26.129 - INFO: Processing command "cache-stats": get cache statistics
