___ Begin jemalloc statistics ___
Version: "5.3.0-0-g54eaed1d8b56b1aa528be3bdd1877e59c56fa90c"
Build-time option settings
  config.cache_oblivious: true
  config.debug: false
  config.fill: true
  config.lazy_lock: false
  config.malloc_conf: ""
  config.opt_safety_checks: false
  config.prof: true
  config.prof_libgcc: true
  config.prof_libunwind: false
  config.stats: true
  config.utrace: false
  config.xmalloc: false
Run-time option settings
  opt.abort: false
  opt.abort_conf: false
  opt.cache_oblivious: true
  opt.confirm_conf: false
  opt.retain: true
  opt.dss: "secondary"
  opt.narenas: 1
  opt.percpu_arena: "disabled"
  opt.oversize_threshold: 8388608
  opt.hpa: false
  opt.hpa_slab_max_alloc: 65536
  opt.hpa_hugification_threshold: 1992294
  opt.hpa_hugify_delay_ms: 10000
  opt.hpa_min_purge_interval_ms: 5000
  opt.hpa_dirty_mult: "0.25"
  opt.hpa_sec_nshards: 4
  opt.hpa_sec_max_alloc: 32768
  opt.hpa_sec_max_bytes: 262144
  opt.hpa_sec_bytes_after_flush: 131072
  opt.hpa_sec_batch_fill_extra: 0
  opt.metadata_thp: "disabled"
  opt.mutex_max_spin: 600
  opt.background_thread: false (background_thread: false)
  opt.dirty_decay_ms: 10000 (arenas.dirty_decay_ms: 10000)
  opt.muzzy_decay_ms: 0 (arenas.muzzy_decay_ms: 0)
  opt.lg_extent_max_active_fit: 6
  opt.junk: "false"
  opt.zero: false
  opt.experimental_infallible_new: false
  opt.tcache: true
  opt.tcache_max: 32768
  opt.tcache_nslots_small_min: 20
  opt.tcache_nslots_small_max: 200
  opt.tcache_nslots_large: 20
  opt.lg_tcache_nslots_mul: 1
  opt.tcache_gc_incr_bytes: 65536
  opt.tcache_gc_delay_bytes: 0
  opt.lg_tcache_flush_small_div: 1
  opt.lg_tcache_flush_large_div: 1
  opt.thp: "default"
  opt.prof: false
  opt.prof_prefix: "jeprof"
  opt.prof_active: true (prof.active: false)
  opt.prof_thread_active_init: true (prof.thread_active_init: false)
  opt.lg_prof_sample: 19 (prof.lg_sample: 0)
  opt.prof_accum: false
  opt.lg_prof_interval: -1
  opt.prof_gdump: false
  opt.prof_final: false
  opt.prof_leak: false
  opt.prof_leak_error: false
  opt.stats_print: true
  opt.stats_print_opts: ""
  opt.stats_print: true
  opt.stats_print_opts: ""
  opt.stats_interval: -1
  opt.stats_interval_opts: ""
  opt.zero_realloc: "free"
Profiling settings
  prof.thread_active_init: false
  prof.active: false
  prof.gdump: false
  prof.interval: 0
  prof.lg_sample: 0
Arenas: 2
Quantum size: 16
Page size: 4096
Maximum thread-cached size class: 32768
Number of bin size classes: 36
Number of thread-cache bin size classes: 41
Number of large size classes: 196
Allocated: 483280, active: 823296, metadata: 2504144 (n_thp 0), resident: 11526144, mapped: 15400960, retained: 2949120
Count of realloc(non-null-ptr, 0) calls: 0
Background threads: 0, num_runs: 0, run_interval: 0 ns
                           n_lock_ops (#/sec)       n_waiting (#/sec)      n_spin_acq (#/sec)  n_owner_switch (#/sec)   total_wait_ns   (#/sec)     max_wait_ns  max_n_thds
background_thread                   4       4               0       0               0       0               1       1               0         0               0           0
max_per_bg_thd                      0       0               0       0               0       0               0       0               0         0               0           0
ctl                                 2       2               0       0               0       0               1       1               0         0               0           0
prof                                0       0               0       0               0       0               0       0               0         0               0           0
prof_thds_data                      0       0               0       0               0       0               0       0               0         0               0           0
prof_dump                           0       0               0       0               0       0               0       0               0         0               0           0
prof_recent_alloc                   0       0               0       0               0       0               0       0               0         0               0           0
prof_recent_dump                    0       0               0       0               0       0               0       0               0         0               0           0
prof_stats                          0       0               0       0               0       0               0       0               0         0               0           0
arenas[0]:
assigned threads: 1
uptime: 19999845
dss allocation precedence: "secondary"
decaying:  time       npages       sweeps     madvises       purged
   dirty: 10000         2023            0            0            0
   muzzy:     0            0            0            0            0
                            allocated         nmalloc   (#/sec)         ndalloc   (#/sec)       nrequests   (#/sec)           nfill   (#/sec)          nflush   (#/sec)
small:                         225232           31983     31983           30607     30607          187284    187284            1426      1426             435       435
large:                         258048              23        23              18        18              23        23              23        23               7         7
total:                         483280           32006     32006           30625     30625          187307    187307            1449      1449             442       442
                                     
active:                        823296
mapped:                      15400960
retained:                     2949120
base:                         2409936
internal:                       94208
metadata_thp:                       0
tcache_bytes:                  251744
tcache_stashed_bytes:               0
resident:                    11526144
abandoned_vm:                       0
extent_avail:                     183
                           n_lock_ops (#/sec)       n_waiting (#/sec)      n_spin_acq (#/sec)  n_owner_switch (#/sec)   total_wait_ns   (#/sec)     max_wait_ns  max_n_thds
large                               2       2               0       0               0       0               1       1               0         0               0           0
extent_avail                      563     563               0       0               0       0               1       1               0         0               0           0
extents_dirty                     676     676               0       0               0       0               1       1               0         0               0           0
extents_muzzy                       2       2               0       0               0       0               1       1               0         0               0           0
extents_retained                  289     289               0       0               0       0               1       1               0         0               0           0
decay_dirty                        30      30               0       0               0       0               1       1               0         0               0           0
decay_muzzy                         2       2               0       0               0       0               1       1               0         0               0           0
base                              293     293               0       0               0       0               1       1               0         0               0           0
tcache_list                         4       4               0       0               0       0               1       1               0         0               0           0
hpa_shard                           0       0               0       0               0       0               0       0               0         0               0           0
hpa_shard_grow                      0       0               0       0               0       0               0       0               0         0               0           0
hpa_sec                             0       0               0       0               0       0               0       0               0         0               0           0
bins:           size ind    allocated      nmalloc (#/sec)      ndalloc (#/sec)    nrequests   (#/sec)  nshards      curregs     curslabs  nonfull_slabs regs pgs   util       nfills (#/sec)     nflushes (#/sec)       nslabs     nreslabs (#/sec)      n_lock_ops (#/sec)       n_waiting (#/sec)      n_spin_acq (#/sec)  n_owner_switch (#/sec)   total_wait_ns   (#/sec)     max_wait_ns  max_n_thds
                   8   0          400          148     148           98      98           68        68        1           50            1              0  512   1  0.097            9       9            5       5            1            0       0              18      18               0       0               0       0               1       1               0         0               0           0
                  16   1          160          112     112          102     102           17        17        1           10            1              0  256   1  0.039            3       3            5       5            2            0       0              13      13               0       0               0       0               1       1               0         0               0           0
                  32   2         2784          644     644          557     557        20996     20996        1           87            3              2  128   1  0.226           29      29            9       9            5            2       2              46      46               0       0               0       0               1       1               0         0               0           0
                  48   3         8160         2838    2838         2668    2668        32114     32114        1          170            4              3  256   3  0.166          332     332           30      30            8            9       9             373     373               0       0               0       0               1       1               0         0               0           0
                  64   4         4480         5136    5136         5066    5066        39541     39541        1           70            3              3   64   1  0.364          219     219           81      81           79           11      11             382     382               0       0               0       0               1       1               0         0               0           0
                  80   5         8960         5625    5625         5513    5513        33029     33029        1          112            1              1  256   5  0.437          141     141           57      57           20           11      11             221     221               0       0               0       0               1       1               0         0               0           0
                  96   6        13440         5938    5938         5798    5798        22618     22618        1          140            3              2  128   3  0.364          457     457           61      61           46           14      14             567     567               0       0               0       0               1       1               0         0               0           0
                 112   7        21280         3112    3112         2922    2922        11358     11358        1          190            3              3  256   7  0.247           76      76           32      32           11            6       6             122     122               0       0               0       0               1       1               0         0               0           0
                 128   8         7296         1672    1672         1615    1615         5777      5777        1           57            3              2   32   1  0.593           53      53           52      52           52            1       1             160     160               0       0               0       0               1       1               0         0               0           0
                 160   9        22080         3436    3436         3298    3298        11584     11584        1          138            3              2  128   5  0.359           40      40           36      36           28            2       2             107     107               0       0               0       0               1       1               0         0               0           0
                 192  10        14208         2440    2440         2366    2366         8303      8303        1           74            3              2   64   3  0.385           39      39           39      39           38            1       1             119     119               0       0               0       0               1       1               0         0               0           0
                 224  11        25984          600     600          484     484         1806      1806        1          116            2              2  128   7  0.453            6       6            8       8            5            1       1              22      22               0       0               0       0               1       1               0         0               0           0
                 256  12         1280           20      20           15      15            3         3        1            5            1              0   16   1  0.312            2       2            2       2            1            0       0               8       8               0       0               0       0               1       1               0         0               0           0
                 320  13        20480           64      64            0       0            1         1        1           64            1              0   64   5      1            1       1            0       0            1            0       0               5       5               0       0               0       0               1       1               0         0               0           0
                 384  14        13056           64      64           30      30           32        32        1           34            2              0   32   3  0.531            9       9            3       3            2            0       0              17      17               0       0               0       0               1       1               0         0               0           0
                     ---
                 512  16          512           10      10            9       9            7         7        1            1            1              0    8   1  0.125            1       1            3       3            2            1       1               9       9               0       0               0       0               1       1               0         0               0           0
                 640  17        20480           32      32            0       0           15        15        1           32            1              0   32   5      1            1       1            0       0            1            0       0               5       5               0       0               0       0               1       1               0         0               0           0
                 768  18        12288           16      16            0       0            1         1        1           16            1              0   16   3      1            1       1            0       0            1            0       0               5       5               0       0               0       0               1       1               0         0               0           0
                     ---
                1024  20            0           10      10           10      10            1         1        1            0            0              0    4   1      1            1       1            2       2            3            1       1               9       9               0       0               0       0               1       1               0         0               0           0
                1280  21         6400           16      16           11      11            2         2        1            5            1              0   16   5  0.312            1       1            1       1            1            0       0               6       6               0       0               0       0               1       1               0         0               0           0
                1536  22         3072           10      10            8       8            1         1        1            2            1              0    8   3  0.250            1       1            1       1            2            1       1               7       7               0       0               0       0               1       1               0         0               0           0
                     ---
                2048  24            0           10      10           10      10            1         1        1            0            0              0    2   1      1            1       1            2       2            5            1       1              11      11               0       0               0       0               1       1               0         0               0           0
                     ---
                4096  28         4096           10      10            9       9            7         7        1            1            1              0    1   1      1            1       1            3       3           10            0       0              17      17               0       0               0       0               1       1               0         0               0           0
                     ---
                7168  31        14336           10      10            8       8            1         1        1            2            1              0    4   7  0.500            1       1            1       1            3            1       1               8       8               0       0               0       0               1       1               0         0               0           0
                8192  32            0           10      10           10      10            1         1        1            0            0              0    1   2      1            1       1            2       2           10            0       0              16      16               0       0               0       0               1       1               0         0               0           0
                     ---
large:          size ind    allocated      nmalloc (#/sec)      ndalloc (#/sec)    nrequests (#/sec)  curlextents
               16384  36            0            1       1            1       1            1       1            0
                     ---
               28672  39        28672            1       1            0       0            1       1            1
               32768  40        32768            2       2            1       1            2       2            1
                     ---
               49152  42        49152            2       2            1       1            2       2            1
                     ---
               65536  44        65536            4       4            3       3            4       4            1
               81920  45        81920            1       1            0       0            1       1            1
                     ---
              131072  48            0            4       4            4       4            4       4            0
              163840  49            0            1       1            1       1            1       1            0
                     ---
              262144  52            0            1       1            1       1            1       1            0
              327680  53            0            1       1            1       1            1       1            0
                     ---
              458752  55            0            2       2            2       2            2       2            0
              524288  56            0            1       1            1       1            1       1            0
              655360  57            0            1       1            1       1            1       1            0
                     ---
             3670016  67            0            1       1            1       1            1       1            0
                     ---
extents:        size ind       ndirty        dirty       nmuzzy        muzzy    nretained     retained       ntotal        total
                4096   0           20        81920            0            0            0            0           20        81920
                     ---
               12288   2            9       110592            0            0            0            0            9       110592
               16384   3            0            0            0            0            1        16384            1        16384
               20480   4            1        20480            0            0            0            0            1        20480
                     ---
               28672   6            1        28672            0            0            0            0            1        28672
                     ---
               57344  10            2       114688            0            0            0            0            2       114688
               65536  11            1        61440            0            0            0            0            1        61440
               81920  12            1        73728            0            0            0            0            1        73728
               98304  13            1        94208            0            0            0            0            1        94208
              114688  14            1       110592            0            0            0            0            1       110592
                     ---
              163840  16            3       438272            0            0            0            0            3       438272
                     ---
              327680  20            1       286720            0            0            0            0            1       286720
                     ---
              524288  23            3      1445888            0            0            1       520192            4      1966080
                     ---
             1835008  30            1      1744896            0            0            0            0            1      1744896
                     ---
             2621440  32            0            0            0            0            1      2412544            1      2412544
                     ---
             4194304  35            1      3674112            0            0            0            0            1      3674112
                     ---
Bytes in small extent cache: 0
HPA shard stats:
  Purge passes: 0 (0 / sec)
  Purges: 0 (0 / sec)
  Hugeifies: 0 (0 / sec)
  Dehugifies: 0 (0 / sec)

  In full slabs:
      npageslabs: 0 huge, 0 nonhuge
      nactive: 0 huge, 0 nonhuge 
      ndirty: 0 huge, 0 nonhuge 
      nretained: 0 huge, 0 nonhuge 
  In empty slabs:
      npageslabs: 0 huge, 0 nonhuge
      nactive: 0 huge, 0 nonhuge 
      ndirty: 0 huge, 0 nonhuge 
      nretained: 0 huge, 0 nonhuge 

                size ind npageslabs_huge    nactive_huge     ndirty_huge  npageslabs_nonhuge     nactive_nonhuge      ndirty_nonhuge   nretained_nonhuge
                     ---
--- End jemalloc statistics ---
