2026-10-07 23:51:16.910 - INFO: [1mQLever server CIKM-2918-g6770bbf2c, compiled on Wed Oct  7 16:01:24 UTC 2026 using git hash 6770bbf[22m
2026-10-07 23:51:16.910 - INFO: Runtime parameter set from the command line: vocabulary-internal-rank-lookup=true
2026-10-07 23:51:16.910 - INFO: Runtime parameter set from the command line: vocabulary-internal-rank-prefetch-distance=8
2026-10-07 23:51:16.910 - INFO: Runtime parameter set from the command line: vocabulary-internal-rank-hugepages=true
2026-10-07 23:51:16.910 - INFO: Cleanup of previous index directories after each rebuild enabled (--rebuild-keep-previous-index-dirs original-and-most-recent)
2026-10-07 23:51:16.922 - INFO: The git hash used to build this index was "65f84b4"
2026-10-07 23:51:16.922 - INFO: Reading vocabulary from file /local/data-ssd/stoetzem/wikidata/wikidata.vocabulary.words ...
2026-10-07 23:51:30.193 - INFO: Done, number of words: 1,580,300,680
2026-10-07 23:51:30.193 - INFO: Number of words in internal vocabulary (these are also part of the external vocabulary): 777,658,536
2026-10-07 23:51:31.591 - INFO: Rank directory of the internal vocabulary: 225,757,248 bytes for 1,580,300,680 vocabulary indices
2026-10-07 23:51:31.936 - INFO: Huge pages for the rank directory requested (transparent huge pages: madvise): 226492416 of 226,492,416 allocated bytes on huge pages
2026-10-07 23:51:32.015 - INFO: Registered PSO permutation: #relations = 10,100, #blocks = 225,155, #triples = 6,983,973,847
2026-10-07 23:51:32.110 - INFO: Registered PSO permutation: #relations = 13,566, #blocks = 264,339, #triples = 8,220,417,022
2026-10-07 23:51:32.180 - INFO: Registered POS permutation: #relations = 10,100, #blocks = 225,155, #triples = 6,983,973,847
2026-10-07 23:51:32.275 - INFO: Registered POS permutation: #relations = 13,566, #blocks = 264,339, #triples = 8,220,417,022
2026-10-07 23:51:32.356 - INFO: Registered OPS permutation: #relations = 1,683,253,489, #blocks = 222,728, #triples = 8,220,417,022
2026-10-07 23:51:32.435 - INFO: Registered OSP permutation: #relations = 1,683,253,489, #blocks = 222,728, #triples = 8,220,417,022
2026-10-07 23:51:32.491 - INFO: Registered SPO permutation: #relations = 252,534,289, #blocks = 175,741, #triples = 8,220,417,022
2026-10-07 23:51:32.544 - INFO: Registered SOP permutation: #relations = 252,534,289, #blocks = 175,741, #triples = 8,220,417,022
2026-10-07 23:51:32.544 - INFO: Reading patterns from file /local/data-ssd/stoetzem/wikidata/wikidata.index.patterns ...
2026-10-07 23:51:33.959 - WARN: The geo points of this index use the encoding "lat-major", which is deprecated and will not be supported for much longer; with this encoding, a spatial prefilter on points can only restrict the latitude; please build the index with the default encoding "z-order" (just omit the option `--geo-point-encoding` of `qlever-index`)
2026-10-07 23:51:33.959 - INFO: Sorting random result tables to estimate the sorting performance of this machine ...
2026-10-07 23:51:41.982 - INFO: Initializing server ...
2026-10-07 23:51:41.982 - INFO: No access token required for restricted API calls
2026-10-07 23:51:41.982 - INFO: The server is ready, listening for requests on port 7015 ...
2026-10-07 23:51:42.229 - INFO: 
2026-10-07 23:51:42.229 - INFO: Request received via POST, content type "application/x-www-form-urlencoded"
2026-10-07 23:51:42.232 - INFO: Processing the following SPARQL query:
# Tier H-vocab — German labels, large
# Physical: P+O bound scan of wdt:P31 wd:Q5 (class postings), then
# S+P bound SPO scan of rdfs:label. LANG(?label) maps label IDs to
# strings. CONSTRUCT writes entity IRI + label.
# Targets: large sequential class scan with EXTERNAL vocabulary words.
# German is not in languages-internal (only "en"), so QLever's
# shouldLiteralBeExternalized places every de literal in the external
# tier (src/index/vocabulary/Vocabulary.cpp). Same shape as
# H-vocab-label-large.rq, but every lookup is a guaranteed external
# miss on cold caches.
PREFIX wd: <http://www.wikidata.org/entity/>
PREFIX wdt: <http://www.wikidata.org/prop/direct/>
PREFIX rdfs: <http://www.w3.org/2000/01/rdf-schema#>

CONSTRUCT { ?entity rdfs:label ?label }
WHERE {
  ?entity wdt:P31 wd:Q5 .
  ?entity rdfs:label ?label .
  FILTER(LANG(?label) = "de")
}

2026-10-07 23:51:42.232 - INFO: Requested media types of the result are: "text/turtle"
2026-10-07 23:51:42.255 - INFO: Query planning done in 26 ms
2026-10-07 23:51:42.255 - INFO: Result has unknown size (not computed yet)
2026-10-07 23:52:00.697 - INFO: Done processing query and sending result, total time was 18,467 ms
2026-10-07 23:52:00.715 - INFO: 
2026-10-07 23:52:00.715 - INFO: Request received via GET, no content type specified
2026-10-07 23:52:00.715 - INFO: Processing command "cache-stats": get cache statistics
2026-10-07 23:52:00.734 - INFO: 
2026-10-07 23:52:00.734 - INFO: Request received via GET, no content type specified
2026-10-07 23:52:00.734 - INFO: Processing command "clear-cache": clear the cache (unpinned elements only)
2026-10-07 23:52:00.752 - INFO: 
2026-10-07 23:52:00.752 - INFO: Request received via GET, no content type specified
2026-10-07 23:52:00.752 - INFO: Processing command "cache-stats": get cache statistics
2026-10-07 23:52:01.273 - INFO: 
2026-10-07 23:52:01.273 - INFO: Request received via POST, content type "application/x-www-form-urlencoded"
2026-10-07 23:52:01.273 - INFO: Processing the following SPARQL query:
# Tier H-vocab — German labels, large
# Physical: P+O bound scan of wdt:P31 wd:Q5 (class postings), then
# S+P bound SPO scan of rdfs:label. LANG(?label) maps label IDs to
# strings. CONSTRUCT writes entity IRI + label.
# Targets: large sequential class scan with EXTERNAL vocabulary words.
# German is not in languages-internal (only "en"), so QLever's
# shouldLiteralBeExternalized places every de literal in the external
# tier (src/index/vocabulary/Vocabulary.cpp). Same shape as
# H-vocab-label-large.rq, but every lookup is a guaranteed external
# miss on cold caches.
PREFIX wd: <http://www.wikidata.org/entity/>
PREFIX wdt: <http://www.wikidata.org/prop/direct/>
PREFIX rdfs: <http://www.w3.org/2000/01/rdf-schema#>

CONSTRUCT { ?entity rdfs:label ?label }
WHERE {
  ?entity wdt:P31 wd:Q5 .
  ?entity rdfs:label ?label .
  FILTER(LANG(?label) = "de")
}

2026-10-07 23:52:01.273 - INFO: Requested media types of the result are: "text/turtle"
2026-10-07 23:52:01.274 - INFO: Query planning done in 0 ms
2026-10-07 23:52:01.274 - INFO: Result has unknown size (not computed yet)
2026-10-07 23:52:12.390 - INFO: Done processing query and sending result, total time was 11,116 ms
2026-10-07 23:52:12.417 - INFO: 
2026-10-07 23:52:12.417 - INFO: Request received via GET, no content type specified
2026-10-07 23:52:12.417 - INFO: Processing command "cache-stats": get cache statistics
