2026-08-12 19:13:51.984 - INFO: [1mQLever server CIKM-2494-gc801fe1b, compiled on Wed Aug 12 06:40:36 PM CEST 2026 using git hash c801fe1[22m
2026-08-12 19:13:51.984 - INFO: Cleanup of previous index directories after each rebuild enabled (--rebuild-keep-previous-index-dirs original-and-most-recent)
2026-08-12 19:13:51.985 - INFO: The git hash used to build this index was "65f84b4"
2026-08-12 19:13:51.985 - INFO: Reading vocabulary from file /local/data-ssd/stoetzem/dblp/dblp.vocabulary.words ...
2026-08-12 19:13:51.994 - INFO: Done, number of words: 446,944,668
2026-08-12 19:13:51.994 - INFO: Number of words in internal vocabulary (these are also part of the external vocabulary): 446,955
2026-08-12 19:13:52.003 - INFO: Registered PSO permutation: #relations = 6, #blocks = 8,187, #triples = 255,805,025
2026-08-12 19:13:52.024 - INFO: Registered PSO permutation: #relations = 96, #blocks = 51,023, #triples = 1,593,245,022
2026-08-12 19:13:52.027 - INFO: Registered POS permutation: #relations = 6, #blocks = 8,187, #triples = 255,805,025
2026-08-12 19:13:52.049 - INFO: Registered POS permutation: #relations = 96, #blocks = 51,023, #triples = 1,593,245,022
2026-08-12 19:13:52.067 - INFO: Registered OPS permutation: #relations = 345,357,897, #blocks = 42,492, #triples = 1,593,245,022
2026-08-12 19:13:52.086 - INFO: Registered OSP permutation: #relations = 345,357,897, #blocks = 42,492, #triples = 1,593,245,022
2026-08-12 19:13:52.098 - INFO: Registered SPO permutation: #relations = 255,804,614, #blocks = 33,993, #triples = 1,593,245,022
2026-08-12 19:13:52.108 - INFO: Registered SOP permutation: #relations = 255,804,614, #blocks = 33,993, #triples = 1,593,245,022
2026-08-12 19:13:52.108 - INFO: Reading patterns from file /local/data-ssd/stoetzem/dblp/dblp.index.patterns ...
2026-08-12 19:13:52.109 - INFO: Sorting random result tables to estimate the sorting performance of this machine ...
2026-08-12 19:13:56.762 - INFO: Initializing server ...
2026-08-12 19:13:56.762 - INFO: No access token required for restricted API calls
2026-08-12 19:13:56.763 - INFO: The server is ready, listening for requests on port 7015 ...
2026-08-12 19:13:57.045 - INFO: 
2026-08-12 19:13:57.045 - INFO: Request received via POST, content type "application/x-www-form-urlencoded"
2026-08-12 19:13:57.048 - INFO: Processing the following SPARQL query:
# Tier R1 — STATE (real-world, small result) — SELECT variant
# Bounded materialization of a real DBLP venue subgraph as CSV/TSV rows.
PREFIX dblp: <https://dblp.org/rdf/schema#>

SELECT ?paper ?p ?o
WHERE {
  ?paper a dblp:Publication ;
         dblp:publishedInStream <https://dblp.org/streams/conf/stoc> ;
         ?p ?o .
}
LIMIT 50000

2026-08-12 19:13:57.048 - INFO: Requested media types of the result are: "text/csv"
2026-08-12 19:13:57.051 - INFO: Query planning done in 5 ms
2026-08-12 19:13:57.055 - INFO: Result has unknown size (not computed yet)
2026-08-12 19:13:58.025 - INFO: Done processing query and sending result, total time was 980 ms
2026-08-12 19:13:58.046 - INFO: 
2026-08-12 19:13:58.046 - INFO: Request received via GET, no content type specified
2026-08-12 19:13:58.046 - INFO: Processing command "cache-stats": get cache statistics
