2026-10-06 00:57:19.895 - INFO: Finished writing compressed vocabulary, size = 7219 B [uncompressed = 141.3 kB, ratio = 5%]
2026-10-06 00:57:19.895 - INFO: Reading vocabulary from file /local/data-ssd/stoetzem/bench-tmp/p10-polyvocab/polyVocabLookupBatchMicroC.words ...
2026-10-06 00:57:19.895 - INFO: Done, number of words: 2048
2026-10-06 00:57:19.895 - INFO: Number of words in internal vocabulary (these are also part of the external vocabulary): 2048
2026-10-06 00:57:19.896 - INFO: Reading vocabulary from file /local/data-ssd/stoetzem/bench-tmp/p10-polyvocab/polyVocabLookupBatchMicroU ...
2026-10-06 00:57:19.897 - INFO: Done, number of words: 2048
2026-10-06 00:57:19.897 - INFO: Number of words in internal vocabulary (these are also part of the external vocabulary): 2048
2026-10-06 00:57:19.897 - INFO: Reading vocabulary from file /local/data-ssd/stoetzem/bench-tmp/p10-polyvocab/polyVocabLookupBatchMicroC.words ...
2026-10-06 00:57:19.897 - INFO: Done, number of words: 2048
2026-10-06 00:57:19.897 - INFO: Number of words in internal vocabulary (these are also part of the external vocabulary): 2048
2026-10-06 00:57:19.897 - INFO: Reading vocabulary from file /local/data-ssd/stoetzem/bench-tmp/p10-polyvocab/polyVocabLookupBatchMicroU ...
2026-10-06 00:57:19.897 - INFO: Done, number of words: 2048
2026-10-06 00:57:19.897 - INFO: Number of words in internal vocabulary (these are also part of the external vocabulary): 2048
2026-10-06 00:57:19.897 - INFO: Running measurement "batched lookupBatch with tracked builder of group Synthetic micro-batches: 2,048 lookups into 2,048 words (on-disk uncompressed, copy path)" ...
2026-10-06 00:57:31.572 - INFO: Done in 11.6751 seconds.
##########################################################################
# Benchmark class 'PolymorphicVocabulary::lookupBatch (synthetic micro)' #
##########################################################################
General metadata: {"time-of-measurement":"2026-10-06 00:57:19.897"}

No configuration options were defined.

####################
# Group benchmarks #
####################
Group 'Synthetic micro-batches: 2,048 lookups into 2,048 words (on-disk uncompressed, copy path)'
    Measurements:
    
        Single measurement 'batched lookupBatch with tracked builder'
            time: 11.6751s
    
    Tables: None

