2026-08-10 23:59:18.238 - INFO: [1mQLever server v0.5.50-82-g65f84b43, compiled on Mon Aug 10 19:10:29 CEST 2026 using git hash 65f84b4[22m
2026-08-10 23:59:18.238 - INFO: Cleanup of previous index directories after each rebuild enabled (--rebuild-keep-previous-index-dirs original-and-most-recent)
2026-08-10 23:59:18.253 - INFO: The git hash used to build this index was "65f84b4"
2026-08-10 23:59:18.253 - INFO: Reading vocabulary from file /local/data-ssd/stoetzem/dblp/dblp.vocabulary.words ...
2026-08-10 23:59:18.267 - INFO: Done, number of words: 446,944,668
2026-08-10 23:59:18.267 - INFO: Number of words in internal vocabulary (these are also part of the external vocabulary): 446,955
2026-08-10 23:59:18.274 - INFO: Registered PSO permutation: #relations = 6, #blocks = 8,187, #triples = 255,805,025
2026-08-10 23:59:18.298 - INFO: Registered PSO permutation: #relations = 96, #blocks = 51,023, #triples = 1,593,245,022
2026-08-10 23:59:18.302 - INFO: Registered POS permutation: #relations = 6, #blocks = 8,187, #triples = 255,805,025
2026-08-10 23:59:18.325 - INFO: Registered POS permutation: #relations = 96, #blocks = 51,023, #triples = 1,593,245,022
2026-08-10 23:59:18.345 - INFO: Registered OPS permutation: #relations = 345,357,897, #blocks = 42,492, #triples = 1,593,245,022
2026-08-10 23:59:18.365 - INFO: Registered OSP permutation: #relations = 345,357,897, #blocks = 42,492, #triples = 1,593,245,022
2026-08-10 23:59:18.378 - INFO: Registered SPO permutation: #relations = 255,804,614, #blocks = 33,993, #triples = 1,593,245,022
2026-08-10 23:59:18.389 - INFO: Registered SOP permutation: #relations = 255,804,614, #blocks = 33,993, #triples = 1,593,245,022
2026-08-10 23:59:18.389 - INFO: Reading patterns from file /local/data-ssd/stoetzem/dblp/dblp.index.patterns ...
2026-08-10 23:59:18.390 - INFO: Sorting random result tables to estimate the sorting performance of this machine ...
2026-08-10 23:59:26.452 - INFO: Initializing server ...
2026-08-10 23:59:26.452 - INFO: No access token required for restricted API calls
2026-08-10 23:59:26.452 - INFO: The server is ready, listening for requests on port 7026 ...
2026-08-10 23:59:26.507 - INFO: 
2026-08-10 23:59:26.507 - INFO: Request received via POST, content type "application/x-www-form-urlencoded"
2026-08-10 23:59:26.510 - INFO: Processing the following SPARQL query:
# Tier H -- duplicate heavy through an unused VALUES binding.
# Each binding of ?duplicationWitness produces the same construct-template
# triples. This tests duplication caused by multiplicity that is independent of
# the template variables, unlike H-dedup.rq, whose multiplicity arises from a
# join through publication signatures.
PREFIX dblp: <https://dblp.org/rdf/schema#>

CONSTRUCT { ?paper ?p ?o }
WHERE {
  VALUES ?duplicationWitness { 1 2 3 4 }
  ?paper a dblp:Publication ;
         dblp:publishedInStream <https://dblp.org/streams/conf/stoc> ;
         ?p ?o .
}

2026-08-10 23:59:26.510 - INFO: Requested media types of the result are: "text/turtle"
2026-08-10 23:59:26.510 - INFO: CONSTRUCT_REQUEST_STAGE_ENTER name=planning elapsed_us=3,007
2026-08-10 23:59:26.526 - INFO: Query planning done in 18 ms
2026-08-10 23:59:26.526 - INFO: CONSTRUCT_REQUEST_STAGE_ENTER name=response_stream elapsed_us=19,011
2026-08-10 23:59:26.526 - INFO: Number of tuples in VALUES clause: 4
2026-08-10 23:59:26.526 - INFO: Number of entries in local vocabulary per column: 0
2026-08-10 23:59:26.531 - INFO: Result has unknown size (not computed yet)
2026-08-10 23:59:26.531 - INFO: CONSTRUCT_EXPORT_DEDUPLICATOR_CONSTRUCTION_BEGIN mode=none
2026-08-10 23:59:26.531 - INFO: CONSTRUCT_EXPORT_DEDUPLICATOR_CONSTRUCTION_END mode=none enabled=false
2026-08-10 23:59:28.313 - INFO: CONSTRUCT_EXPORT_STAGE_SUMMARY construct_stream_us=1,782,186 setup_us=7 batch_evaluation_us=1,622,351 instantiation_deduplication_us=28,526 batches=562 input_rows=573,752 candidate_triples=573,752 emitted_triples=573,752
2026-08-10 23:59:28.318 - INFO: CONSTRUCT_REQUEST_STAGE_SUMMARY planning_begin_us=3,007 planning_end_us=19,010 planning_us=16,003 response_stream_begin_us=19,011 response_stream_end_us=1,810,802 response_stream_us=1,791,791 root_execution_us=26,356 non_root_stream_us=1,765,435 server_request_us=1,810,802
2026-08-10 23:59:28.318 - INFO: Done processing query and sending result, total time was 1,810 ms
2026-08-10 23:59:28.338 - INFO: 
2026-08-10 23:59:28.338 - INFO: Request received via GET, no content type specified
2026-08-10 23:59:28.338 - INFO: Processing command "cache-stats": get cache statistics
2026-08-10 23:59:28.357 - INFO: 
2026-08-10 23:59:28.357 - INFO: Request received via POST, content type "application/x-www-form-urlencoded"
2026-08-10 23:59:28.357 - INFO: Processing the following SPARQL query:
# Tier H -- duplicate heavy through an unused VALUES binding.
# Each binding of ?duplicationWitness produces the same construct-template
# triples. This tests duplication caused by multiplicity that is independent of
# the template variables, unlike H-dedup.rq, whose multiplicity arises from a
# join through publication signatures.
PREFIX dblp: <https://dblp.org/rdf/schema#>

CONSTRUCT { ?paper ?p ?o }
WHERE {
  VALUES ?duplicationWitness { 1 2 3 4 }
  ?paper a dblp:Publication ;
         dblp:publishedInStream <https://dblp.org/streams/conf/stoc> ;
         ?p ?o .
}

2026-08-10 23:59:28.357 - INFO: Requested media types of the result are: "text/turtle"
2026-08-10 23:59:28.357 - INFO: CONSTRUCT_REQUEST_STAGE_ENTER name=planning elapsed_us=290
2026-08-10 23:59:28.357 - INFO: Query planning done in 0 ms
2026-08-10 23:59:28.357 - INFO: CONSTRUCT_REQUEST_STAGE_ENTER name=response_stream elapsed_us=722
2026-08-10 23:59:28.357 - INFO: Number of tuples in VALUES clause: 4
2026-08-10 23:59:28.357 - INFO: Number of entries in local vocabulary per column: 0
2026-08-10 23:59:28.360 - INFO: Result has unknown size (not computed yet)
2026-08-10 23:59:28.360 - INFO: CONSTRUCT_EXPORT_DEDUPLICATOR_CONSTRUCTION_BEGIN mode=none
2026-08-10 23:59:28.360 - INFO: CONSTRUCT_EXPORT_DEDUPLICATOR_CONSTRUCTION_END mode=none enabled=false
2026-08-10 23:59:28.672 - INFO: CONSTRUCT_EXPORT_STAGE_SUMMARY construct_stream_us=311,788 setup_us=6 batch_evaluation_us=157,465 instantiation_deduplication_us=27,799 batches=562 input_rows=573,752 candidate_triples=573,752 emitted_triples=573,752
2026-08-10 23:59:28.677 - INFO: CONSTRUCT_REQUEST_STAGE_SUMMARY planning_begin_us=290 planning_end_us=722 planning_us=432 response_stream_begin_us=722 response_stream_end_us=320,805 response_stream_us=320,083 root_execution_us=22,114 non_root_stream_us=297,969 server_request_us=320,805
2026-08-10 23:59:28.677 - INFO: Done processing query and sending result, total time was 320 ms
2026-08-10 23:59:28.697 - INFO: 
2026-08-10 23:59:28.697 - INFO: Request received via GET, no content type specified
2026-08-10 23:59:28.697 - INFO: Processing command "cache-stats": get cache statistics
