== PREFLIGHT: /local/data-ssd/stoetzem/wt/marvin-io-wait-accounting/build/qlever-server ==
  OK   binary exists: /local/data-ssd/stoetzem/wt/marvin-io-wait-accounting/build/qlever-server
  OK   version matches commit 8a44e0dc: /local/data-ssd/stoetzem/wt/marvin-io-wait-accounting/build/qlever-server CIKM-2545-g8a44e0dc
      io_uring symbols: 4
  OK   io_uring compiled in (4 syms)
  OK   port 7015 free (no stale server)
  WARN CPU governor powersave (powersave ACCEPTED via --allow-powersave — record in artifact)
  OK   loadavg 0.07 < 0.5
  OK   venv deps (httpx/xxhash/yaml)
  OK   clear-caches present (drop_caches, true cold)
== PREFLIGHT: PASS ==
== PREFLIGHT: /local/data-ssd/stoetzem/wt/marvin-io-wait-accounting-pr47/build/qlever-server ==
  OK   binary exists: /local/data-ssd/stoetzem/wt/marvin-io-wait-accounting-pr47/build/qlever-server
  OK   version matches commit 94655c62: /local/data-ssd/stoetzem/wt/marvin-io-wait-accounting-pr47/build/qlever-server CIKM-2560-g94655c62
      io_uring symbols: 4
  OK   io_uring compiled in (4 syms)
  OK   binaries differ (A/B arms distinct)
      compare-to io_uring symbols: 4
  OK   io_uring symbol count matches compare-to (4)
  OK   port 7015 free (no stale server)
  WARN CPU governor powersave (powersave ACCEPTED via --allow-powersave — record in artifact)
  OK   loadavg 0.15 < 0.5
  OK   venv deps (httpx/xxhash/yaml)
  OK   clear-caches present (drop_caches, true cold)
== PREFLIGHT: PASS ==
== POSTFLIGHT: experiments/runs/io-wait-crossarm-5 ==
  OK   COMPLETE marker present
  OK   found results.csv files
  OK   all reps complete (no failed rows)
  OK   all reps served >0 bytes
  OK   cold reps show major_faults>0 (index mmap cold)
  OK   cold reps show read_bytes>0 and a read syscall (syscr, pread64, or io_uring_enter)
  OK   checksums stable per arm
== POSTFLIGHT: PASS ==
