[2026-08-12T17:08:22Z] port 7015 free; starting
[2026-08-12T17:08:22Z] run H-vocab-title-large-select cold rep 1
rep 1/1: complete export=s e2e=5.035297251s 11346544 bytes
[2026-08-12T17:08:34Z] done H-vocab-title-large-select cold rep 1 (harness rc=0)
[2026-08-12T17:08:34Z] run H-vocab-title-large-select cold rep 2
rep 1/1: complete export=s e2e=5.021933188s 11346544 bytes
[2026-08-12T17:08:46Z] done H-vocab-title-large-select cold rep 2 (harness rc=0)
[2026-08-12T17:08:47Z] run H-vocab-title-large-select cold rep 3
rep 1/1: complete export=s e2e=5.052850126s 11346544 bytes
[2026-08-12T17:08:58Z] done H-vocab-title-large-select cold rep 3 (harness rc=0)
[2026-08-12T17:08:59Z] run H-vocab-title-large-select cold rep 4
rep 1/1: complete export=s e2e=5.010328880s 11346544 bytes
[2026-08-12T17:09:11Z] done H-vocab-title-large-select cold rep 4 (harness rc=0)
[2026-08-12T17:09:11Z] run H-vocab-title-large-select cold rep 5
rep 1/1: complete export=s e2e=5.037302402s 11346544 bytes
[2026-08-12T17:09:23Z] done H-vocab-title-large-select cold rep 5 (harness rc=0)
[2026-08-12T17:09:23Z] run H-vocab-title-large-select warm rep 1
rep 1/1: complete export=s e2e=0.418200272s 11346544 bytes
[2026-08-12T17:09:34Z] done H-vocab-title-large-select warm rep 1 (harness rc=0)
[2026-08-12T17:09:34Z] run H-vocab-title-large-select warm rep 2
rep 1/1: complete export=s e2e=0.418155537s 11346544 bytes
[2026-08-12T17:09:47Z] done H-vocab-title-large-select warm rep 2 (harness rc=0)
[2026-08-12T17:09:47Z] run H-vocab-title-large-select warm rep 3
rep 1/1: complete export=s e2e=0.420759535s 11346544 bytes
[2026-08-12T17:09:58Z] done H-vocab-title-large-select warm rep 3 (harness rc=0)
[2026-08-12T17:09:58Z] run H-vocab-title-large-select warm rep 4
rep 1/1: complete export=s e2e=0.414519163s 11346544 bytes
[2026-08-12T17:10:10Z] done H-vocab-title-large-select warm rep 4 (harness rc=0)
[2026-08-12T17:10:10Z] run H-vocab-title-large-select warm rep 5
rep 1/1: complete export=s e2e=0.417614998s 11346544 bytes
[2026-08-12T17:10:22Z] done H-vocab-title-large-select warm rep 5 (harness rc=0)
[2026-08-12T17:10:23Z] run H-size-select cold rep 1
rep 1/1: complete export=s e2e=5.325721644s 56692914 bytes
[2026-08-12T17:10:35Z] done H-size-select cold rep 1 (harness rc=0)
[2026-08-12T17:10:35Z] run H-size-select cold rep 2
rep 1/1: complete export=s e2e=5.326990561s 56692914 bytes
[2026-08-12T17:10:47Z] done H-size-select cold rep 2 (harness rc=0)
[2026-08-12T17:10:48Z] run H-size-select cold rep 3
rep 1/1: complete export=s e2e=5.336184625s 56692914 bytes
[2026-08-12T17:11:00Z] done H-size-select cold rep 3 (harness rc=0)
[2026-08-12T17:11:00Z] run H-size-select cold rep 4
rep 1/1: complete export=s e2e=5.322164881s 56692914 bytes
[2026-08-12T17:11:12Z] done H-size-select cold rep 4 (harness rc=0)
[2026-08-12T17:11:13Z] run H-size-select cold rep 5
rep 1/1: complete export=s e2e=5.323751636s 56692914 bytes
[2026-08-12T17:11:24Z] done H-size-select cold rep 5 (harness rc=0)
[2026-08-12T17:11:24Z] run H-size-select warm rep 1
rep 1/1: complete export=s e2e=2.343913574s 56692914 bytes
[2026-08-12T17:11:38Z] done H-size-select warm rep 1 (harness rc=0)
[2026-08-12T17:11:38Z] run H-size-select warm rep 2
rep 1/1: complete export=s e2e=2.275169465s 56692914 bytes
[2026-08-12T17:11:52Z] done H-size-select warm rep 2 (harness rc=0)
[2026-08-12T17:11:52Z] run H-size-select warm rep 3
rep 1/1: complete export=s e2e=2.301274409s 56692914 bytes
[2026-08-12T17:12:06Z] done H-size-select warm rep 3 (harness rc=0)
[2026-08-12T17:12:06Z] run H-size-select warm rep 4
rep 1/1: complete export=s e2e=2.352708408s 56692914 bytes
[2026-08-12T17:12:20Z] done H-size-select warm rep 4 (harness rc=0)
[2026-08-12T17:12:20Z] run H-size-select warm rep 5
rep 1/1: complete export=s e2e=2.267824144s 56692914 bytes
[2026-08-12T17:12:34Z] done H-size-select warm rep 5 (harness rc=0)
[2026-08-12T17:12:35Z] run D1-select cold rep 1
rep 1/1: complete export=s e2e=0.083569712s 9923 bytes
[2026-08-12T17:12:42Z] done D1-select cold rep 1 (harness rc=0)
[2026-08-12T17:12:42Z] run D1-select cold rep 2
rep 1/1: complete export=s e2e=0.092140231s 9923 bytes
[2026-08-12T17:12:49Z] done D1-select cold rep 2 (harness rc=0)
[2026-08-12T17:12:49Z] run D1-select cold rep 3
rep 1/1: complete export=s e2e=0.092485995s 9923 bytes
[2026-08-12T17:12:56Z] done D1-select cold rep 3 (harness rc=0)
[2026-08-12T17:12:57Z] run D1-select cold rep 4
rep 1/1: complete export=s e2e=0.090053683s 9923 bytes
[2026-08-12T17:13:03Z] done D1-select cold rep 4 (harness rc=0)
[2026-08-12T17:13:04Z] run D1-select cold rep 5
rep 1/1: complete export=s e2e=0.091882878s 9923 bytes
[2026-08-12T17:13:11Z] done D1-select cold rep 5 (harness rc=0)
[2026-08-12T17:13:11Z] run D1-select warm rep 1
rep 1/1: complete export=s e2e=0.028549267s 9923 bytes
[2026-08-12T17:13:17Z] done D1-select warm rep 1 (harness rc=0)
[2026-08-12T17:13:17Z] run D1-select warm rep 2
rep 1/1: complete export=s e2e=0.029859287s 9923 bytes
[2026-08-12T17:13:23Z] done D1-select warm rep 2 (harness rc=0)
[2026-08-12T17:13:23Z] run D1-select warm rep 3
rep 1/1: complete export=s e2e=0.028474057s 9923 bytes
[2026-08-12T17:13:30Z] done D1-select warm rep 3 (harness rc=0)
[2026-08-12T17:13:30Z] run D1-select warm rep 4
rep 1/1: complete export=s e2e=0.028172079s 9923 bytes
[2026-08-12T17:13:36Z] done D1-select warm rep 4 (harness rc=0)
[2026-08-12T17:13:36Z] run D1-select warm rep 5
rep 1/1: complete export=s e2e=0.028246168s 9923 bytes
[2026-08-12T17:13:42Z] done D1-select warm rep 5 (harness rc=0)
[2026-08-12T17:13:43Z] run R1-select cold rep 1
rep 1/1: complete export=s e2e=1.042702726s 5654210 bytes
[2026-08-12T17:13:50Z] done R1-select cold rep 1 (harness rc=0)
[2026-08-12T17:13:51Z] run R1-select cold rep 2
rep 1/1: complete export=s e2e=1.043985308s 5654210 bytes
[2026-08-12T17:13:59Z] done R1-select cold rep 2 (harness rc=0)
[2026-08-12T17:13:59Z] run R1-select cold rep 3
rep 1/1: complete export=s e2e=1.051491781s 5654210 bytes
[2026-08-12T17:14:07Z] done R1-select cold rep 3 (harness rc=0)
[2026-08-12T17:14:08Z] run R1-select cold rep 4
rep 1/1: complete export=s e2e=1.045684207s 5654210 bytes
[2026-08-12T17:14:15Z] done R1-select cold rep 4 (harness rc=0)
[2026-08-12T17:14:16Z] run R1-select cold rep 5
rep 1/1: complete export=s e2e=1.051473981s 5654210 bytes
[2026-08-12T17:14:23Z] done R1-select cold rep 5 (harness rc=0)
[2026-08-12T17:14:23Z] run R1-select warm rep 1
rep 1/1: complete export=s e2e=0.266136130s 5654210 bytes
[2026-08-12T17:14:31Z] done R1-select warm rep 1 (harness rc=0)
[2026-08-12T17:14:31Z] run R1-select warm rep 2
rep 1/1: complete export=s e2e=0.266212187s 5654210 bytes
[2026-08-12T17:14:39Z] done R1-select warm rep 2 (harness rc=0)
[2026-08-12T17:14:39Z] run R1-select warm rep 3
rep 1/1: complete export=s e2e=0.265912275s 5654210 bytes
[2026-08-12T17:14:46Z] done R1-select warm rep 3 (harness rc=0)
[2026-08-12T17:14:46Z] run R1-select warm rep 4
rep 1/1: complete export=s e2e=0.262988604s 5654210 bytes
[2026-08-12T17:14:54Z] done R1-select warm rep 4 (harness rc=0)
[2026-08-12T17:14:54Z] run R1-select warm rep 5
rep 1/1: complete export=s e2e=0.264923766s 5654210 bytes
[2026-08-12T17:15:02Z] done R1-select warm rep 5 (harness rc=0)
[2026-08-12T17:15:02Z] run R2-select cold rep 1
rep 1/1: complete export=s e2e=2.135530973s 16194131 bytes
[2026-08-12T17:15:11Z] done R2-select cold rep 1 (harness rc=0)
[2026-08-12T17:15:11Z] run R2-select cold rep 2
rep 1/1: complete export=s e2e=2.134391810s 16194131 bytes
[2026-08-12T17:15:20Z] done R2-select cold rep 2 (harness rc=0)
[2026-08-12T17:15:20Z] run R2-select cold rep 3
rep 1/1: complete export=s e2e=2.137823164s 16194131 bytes
[2026-08-12T17:15:29Z] done R2-select cold rep 3 (harness rc=0)
[2026-08-12T17:15:30Z] run R2-select cold rep 4
rep 1/1: complete export=s e2e=2.121515156s 16194131 bytes
[2026-08-12T17:15:38Z] done R2-select cold rep 4 (harness rc=0)
[2026-08-12T17:15:39Z] run R2-select cold rep 5
rep 1/1: complete export=s e2e=2.120942061s 16194131 bytes
[2026-08-12T17:15:48Z] done R2-select cold rep 5 (harness rc=0)
[2026-08-12T17:15:48Z] run R2-select warm rep 1
rep 1/1: complete export=s e2e=0.680501226s 16194131 bytes
[2026-08-12T17:15:57Z] done R2-select warm rep 1 (harness rc=0)
[2026-08-12T17:15:57Z] run R2-select warm rep 2
rep 1/1: complete export=s e2e=0.684025681s 16194131 bytes
[2026-08-12T17:16:06Z] done R2-select warm rep 2 (harness rc=0)
[2026-08-12T17:16:06Z] run R2-select warm rep 3
rep 1/1: complete export=s e2e=0.674636592s 16194131 bytes
[2026-08-12T17:16:15Z] done R2-select warm rep 3 (harness rc=0)
[2026-08-12T17:16:15Z] run R2-select warm rep 4
rep 1/1: complete export=s e2e=0.679273699s 16194131 bytes
[2026-08-12T17:16:24Z] done R2-select warm rep 4 (harness rc=0)
[2026-08-12T17:16:24Z] run R2-select warm rep 5
rep 1/1: complete export=s e2e=0.680906538s 16194131 bytes
[2026-08-12T17:16:33Z] done R2-select warm rep 5 (harness rc=0)
[2026-08-12T17:16:33Z] ALL DONE
