[2026-08-12T17:08:22Z] port 7015 free; starting
Caches dropped successfully (synced, then wrote 1
 to /proc/sys/vm/drop_caches).
[2026-08-12T17:08:22Z] run H-vocab-title-large-select cold rep 1
[2026-08-12T17:08:34Z] done H-vocab-title-large-select cold rep 1 (harness rc=0)
Caches dropped successfully (synced, then wrote 1
 to /proc/sys/vm/drop_caches).
[2026-08-12T17:08:34Z] run H-vocab-title-large-select cold rep 2
[2026-08-12T17:08:46Z] done H-vocab-title-large-select cold rep 2 (harness rc=0)
Caches dropped successfully (synced, then wrote 1
 to /proc/sys/vm/drop_caches).
[2026-08-12T17:08:47Z] run H-vocab-title-large-select cold rep 3
[2026-08-12T17:08:58Z] done H-vocab-title-large-select cold rep 3 (harness rc=0)
Caches dropped successfully (synced, then wrote 1
 to /proc/sys/vm/drop_caches).
[2026-08-12T17:08:59Z] run H-vocab-title-large-select cold rep 4
[2026-08-12T17:09:11Z] done H-vocab-title-large-select cold rep 4 (harness rc=0)
Caches dropped successfully (synced, then wrote 1
 to /proc/sys/vm/drop_caches).
[2026-08-12T17:09:11Z] run H-vocab-title-large-select cold rep 5
[2026-08-12T17:09:23Z] done H-vocab-title-large-select cold rep 5 (harness rc=0)
[2026-08-12T17:09:23Z] run H-vocab-title-large-select warm rep 1
[2026-08-12T17:09:34Z] done H-vocab-title-large-select warm rep 1 (harness rc=0)
[2026-08-12T17:09:34Z] run H-vocab-title-large-select warm rep 2
[2026-08-12T17:09:47Z] done H-vocab-title-large-select warm rep 2 (harness rc=0)
[2026-08-12T17:09:47Z] run H-vocab-title-large-select warm rep 3
[2026-08-12T17:09:58Z] done H-vocab-title-large-select warm rep 3 (harness rc=0)
[2026-08-12T17:09:58Z] run H-vocab-title-large-select warm rep 4
[2026-08-12T17:10:10Z] done H-vocab-title-large-select warm rep 4 (harness rc=0)
[2026-08-12T17:10:10Z] run H-vocab-title-large-select warm rep 5
[2026-08-12T17:10:22Z] done H-vocab-title-large-select warm rep 5 (harness rc=0)
Caches dropped successfully (synced, then wrote 1
 to /proc/sys/vm/drop_caches).
[2026-08-12T17:10:23Z] run H-size-select cold rep 1
[2026-08-12T17:10:35Z] done H-size-select cold rep 1 (harness rc=0)
Caches dropped successfully (synced, then wrote 1
 to /proc/sys/vm/drop_caches).
[2026-08-12T17:10:35Z] run H-size-select cold rep 2
[2026-08-12T17:10:47Z] done H-size-select cold rep 2 (harness rc=0)
Caches dropped successfully (synced, then wrote 1
 to /proc/sys/vm/drop_caches).
[2026-08-12T17:10:48Z] run H-size-select cold rep 3
[2026-08-12T17:11:00Z] done H-size-select cold rep 3 (harness rc=0)
Caches dropped successfully (synced, then wrote 1
 to /proc/sys/vm/drop_caches).
[2026-08-12T17:11:00Z] run H-size-select cold rep 4
[2026-08-12T17:11:12Z] done H-size-select cold rep 4 (harness rc=0)
Caches dropped successfully (synced, then wrote 1
 to /proc/sys/vm/drop_caches).
[2026-08-12T17:11:13Z] run H-size-select cold rep 5
[2026-08-12T17:11:24Z] done H-size-select cold rep 5 (harness rc=0)
[2026-08-12T17:11:24Z] run H-size-select warm rep 1
[2026-08-12T17:11:38Z] done H-size-select warm rep 1 (harness rc=0)
[2026-08-12T17:11:38Z] run H-size-select warm rep 2
[2026-08-12T17:11:52Z] done H-size-select warm rep 2 (harness rc=0)
[2026-08-12T17:11:52Z] run H-size-select warm rep 3
[2026-08-12T17:12:06Z] done H-size-select warm rep 3 (harness rc=0)
[2026-08-12T17:12:06Z] run H-size-select warm rep 4
[2026-08-12T17:12:20Z] done H-size-select warm rep 4 (harness rc=0)
[2026-08-12T17:12:20Z] run H-size-select warm rep 5
[2026-08-12T17:12:34Z] done H-size-select warm rep 5 (harness rc=0)
Caches dropped successfully (synced, then wrote 1
 to /proc/sys/vm/drop_caches).
[2026-08-12T17:12:35Z] run D1-select cold rep 1
[2026-08-12T17:12:42Z] done D1-select cold rep 1 (harness rc=0)
Caches dropped successfully (synced, then wrote 1
 to /proc/sys/vm/drop_caches).
[2026-08-12T17:12:42Z] run D1-select cold rep 2
[2026-08-12T17:12:49Z] done D1-select cold rep 2 (harness rc=0)
Caches dropped successfully (synced, then wrote 1
 to /proc/sys/vm/drop_caches).
[2026-08-12T17:12:49Z] run D1-select cold rep 3
[2026-08-12T17:12:56Z] done D1-select cold rep 3 (harness rc=0)
Caches dropped successfully (synced, then wrote 1
 to /proc/sys/vm/drop_caches).
[2026-08-12T17:12:57Z] run D1-select cold rep 4
[2026-08-12T17:13:03Z] done D1-select cold rep 4 (harness rc=0)
Caches dropped successfully (synced, then wrote 1
 to /proc/sys/vm/drop_caches).
[2026-08-12T17:13:04Z] run D1-select cold rep 5
[2026-08-12T17:13:11Z] done D1-select cold rep 5 (harness rc=0)
[2026-08-12T17:13:11Z] run D1-select warm rep 1
[2026-08-12T17:13:17Z] done D1-select warm rep 1 (harness rc=0)
[2026-08-12T17:13:17Z] run D1-select warm rep 2
[2026-08-12T17:13:23Z] done D1-select warm rep 2 (harness rc=0)
[2026-08-12T17:13:23Z] run D1-select warm rep 3
[2026-08-12T17:13:30Z] done D1-select warm rep 3 (harness rc=0)
[2026-08-12T17:13:30Z] run D1-select warm rep 4
[2026-08-12T17:13:36Z] done D1-select warm rep 4 (harness rc=0)
[2026-08-12T17:13:36Z] run D1-select warm rep 5
[2026-08-12T17:13:42Z] done D1-select warm rep 5 (harness rc=0)
Caches dropped successfully (synced, then wrote 1
 to /proc/sys/vm/drop_caches).
[2026-08-12T17:13:43Z] run R1-select cold rep 1
[2026-08-12T17:13:50Z] done R1-select cold rep 1 (harness rc=0)
Caches dropped successfully (synced, then wrote 1
 to /proc/sys/vm/drop_caches).
[2026-08-12T17:13:51Z] run R1-select cold rep 2
[2026-08-12T17:13:59Z] done R1-select cold rep 2 (harness rc=0)
Caches dropped successfully (synced, then wrote 1
 to /proc/sys/vm/drop_caches).
[2026-08-12T17:13:59Z] run R1-select cold rep 3
[2026-08-12T17:14:07Z] done R1-select cold rep 3 (harness rc=0)
Caches dropped successfully (synced, then wrote 1
 to /proc/sys/vm/drop_caches).
[2026-08-12T17:14:08Z] run R1-select cold rep 4
[2026-08-12T17:14:15Z] done R1-select cold rep 4 (harness rc=0)
Caches dropped successfully (synced, then wrote 1
 to /proc/sys/vm/drop_caches).
[2026-08-12T17:14:16Z] run R1-select cold rep 5
[2026-08-12T17:14:23Z] done R1-select cold rep 5 (harness rc=0)
[2026-08-12T17:14:23Z] run R1-select warm rep 1
[2026-08-12T17:14:31Z] done R1-select warm rep 1 (harness rc=0)
[2026-08-12T17:14:31Z] run R1-select warm rep 2
[2026-08-12T17:14:39Z] done R1-select warm rep 2 (harness rc=0)
[2026-08-12T17:14:39Z] run R1-select warm rep 3
[2026-08-12T17:14:46Z] done R1-select warm rep 3 (harness rc=0)
[2026-08-12T17:14:46Z] run R1-select warm rep 4
[2026-08-12T17:14:54Z] done R1-select warm rep 4 (harness rc=0)
[2026-08-12T17:14:54Z] run R1-select warm rep 5
[2026-08-12T17:15:02Z] done R1-select warm rep 5 (harness rc=0)
Caches dropped successfully (synced, then wrote 1
 to /proc/sys/vm/drop_caches).
[2026-08-12T17:15:02Z] run R2-select cold rep 1
[2026-08-12T17:15:11Z] done R2-select cold rep 1 (harness rc=0)
Caches dropped successfully (synced, then wrote 1
 to /proc/sys/vm/drop_caches).
[2026-08-12T17:15:11Z] run R2-select cold rep 2
[2026-08-12T17:15:20Z] done R2-select cold rep 2 (harness rc=0)
Caches dropped successfully (synced, then wrote 1
 to /proc/sys/vm/drop_caches).
[2026-08-12T17:15:20Z] run R2-select cold rep 3
[2026-08-12T17:15:29Z] done R2-select cold rep 3 (harness rc=0)
Caches dropped successfully (synced, then wrote 1
 to /proc/sys/vm/drop_caches).
[2026-08-12T17:15:30Z] run R2-select cold rep 4
[2026-08-12T17:15:38Z] done R2-select cold rep 4 (harness rc=0)
Caches dropped successfully (synced, then wrote 1
 to /proc/sys/vm/drop_caches).
[2026-08-12T17:15:39Z] run R2-select cold rep 5
[2026-08-12T17:15:48Z] done R2-select cold rep 5 (harness rc=0)
[2026-08-12T17:15:48Z] run R2-select warm rep 1
[2026-08-12T17:15:57Z] done R2-select warm rep 1 (harness rc=0)
[2026-08-12T17:15:57Z] run R2-select warm rep 2
[2026-08-12T17:16:06Z] done R2-select warm rep 2 (harness rc=0)
[2026-08-12T17:16:06Z] run R2-select warm rep 3
[2026-08-12T17:16:15Z] done R2-select warm rep 3 (harness rc=0)
[2026-08-12T17:16:15Z] run R2-select warm rep 4
[2026-08-12T17:16:24Z] done R2-select warm rep 4 (harness rc=0)
[2026-08-12T17:16:24Z] run R2-select warm rep 5
[2026-08-12T17:16:33Z] done R2-select warm rep 5 (harness rc=0)
[2026-08-12T17:16:33Z] ALL DONE
