2026-09-28 22:50:45.786 - INFO: [1mQLever server CIKM-2668-g0ed8f9223, compiled on Mon Sep 28 14:57:53 UTC 2026 using git hash 0ed8f92[22m
2026-09-28 22:50:45.786 - INFO: Cleanup of previous index directories after each rebuild enabled (--rebuild-keep-previous-index-dirs original-and-most-recent)
2026-09-28 22:50:45.794 - INFO: The git hash used to build this index was "65f84b4"
2026-09-28 22:50:45.794 - INFO: Reading vocabulary from file /local/data-ssd/stoetzem/qlever-indices/dblp/dblp.vocabulary.words ...
2026-09-28 22:50:45.813 - INFO: Done, number of words: 446,944,668
2026-09-28 22:50:45.813 - INFO: Number of words in internal vocabulary (these are also part of the external vocabulary): 446,955
2026-09-28 22:50:45.821 - INFO: Registered PSO permutation: #relations = 6, #blocks = 8,187, #triples = 255,805,025
2026-09-28 22:50:45.843 - INFO: Registered PSO permutation: #relations = 96, #blocks = 51,023, #triples = 1,593,245,022
2026-09-28 22:50:45.846 - INFO: Registered POS permutation: #relations = 6, #blocks = 8,187, #triples = 255,805,025
2026-09-28 22:50:45.868 - INFO: Registered POS permutation: #relations = 96, #blocks = 51,023, #triples = 1,593,245,022
2026-09-28 22:50:45.886 - INFO: Registered OPS permutation: #relations = 345,357,897, #blocks = 42,492, #triples = 1,593,245,022
2026-09-28 22:50:45.904 - INFO: Registered OSP permutation: #relations = 345,357,897, #blocks = 42,492, #triples = 1,593,245,022
2026-09-28 22:50:45.916 - INFO: Registered SPO permutation: #relations = 255,804,614, #blocks = 33,993, #triples = 1,593,245,022
2026-09-28 22:50:45.926 - INFO: Registered SOP permutation: #relations = 255,804,614, #blocks = 33,993, #triples = 1,593,245,022
2026-09-28 22:50:45.926 - INFO: Reading patterns from file /local/data-ssd/stoetzem/qlever-indices/dblp/dblp.index.patterns ...
2026-09-28 22:50:45.927 - INFO: Sorting random result tables to estimate the sorting performance of this machine ...
2026-09-28 22:50:53.864 - INFO: Initializing server ...
2026-09-28 22:50:53.864 - INFO: No access token required for restricted API calls
2026-09-28 22:50:53.864 - INFO: The server is ready, listening for requests on port 7015 ...
2026-09-28 22:50:55.141 - INFO: 
2026-09-28 22:50:55.141 - INFO: Request received via POST, content type "application/x-www-form-urlencoded"
2026-09-28 22:50:55.145 - INFO: Processing the following SPARQL query:
# Tier H-vocab — title literals, large
# Goal: external-vocabulary lookup pressure with larger bounded output.
PREFIX dblp: <https://dblp.org/rdf/schema#>

CONSTRUCT { ?paper dblp:title ?title }
WHERE {
  ?paper dblp:title ?title .
}
LIMIT 100000

2026-09-28 22:50:55.145 - INFO: Requested media types of the result are: "text/turtle"
2026-09-28 22:50:55.153 - INFO: Query planning done in 11 ms
2026-09-28 22:50:55.153 - INFO: Result has unknown size (not computed yet)
2026-09-28 22:50:56.285 - INFO: Done processing query and sending result, total time was 1,143 ms
