2026-09-29 03:36:41.271 - INFO: [1mQLever server v0.6.0-201-g6b71e1e55, compiled on Mon Sep 28 19:27:17 UTC 2026 using git hash 6b71e1e[22m
2026-09-29 03:36:41.271 - INFO: Cleanup of previous index directories after each rebuild enabled (--rebuild-keep-previous-index-dirs original-and-most-recent)
2026-09-29 03:36:41.273 - INFO: The git hash used to build this index was "65f84b4"
2026-09-29 03:36:41.273 - INFO: Reading vocabulary from file /local/data-ssd/stoetzem/wikidata/wikidata.vocabulary.words ...
2026-09-29 03:36:54.520 - INFO: Done, number of words: 1,580,300,680
2026-09-29 03:36:54.520 - INFO: Number of words in internal vocabulary (these are also part of the external vocabulary): 777,658,536
2026-09-29 03:36:54.601 - INFO: Registered PSO permutation: #relations = 10,100, #blocks = 225,155, #triples = 6,983,973,847
2026-09-29 03:36:54.704 - INFO: Registered PSO permutation: #relations = 13,566, #blocks = 264,339, #triples = 8,220,417,022
2026-09-29 03:36:54.779 - INFO: Registered POS permutation: #relations = 10,100, #blocks = 225,155, #triples = 6,983,973,847
2026-09-29 03:36:54.882 - INFO: Registered POS permutation: #relations = 13,566, #blocks = 264,339, #triples = 8,220,417,022
2026-09-29 03:36:54.969 - INFO: Registered OPS permutation: #relations = 1,683,253,489, #blocks = 222,728, #triples = 8,220,417,022
2026-09-29 03:36:55.056 - INFO: Registered OSP permutation: #relations = 1,683,253,489, #blocks = 222,728, #triples = 8,220,417,022
2026-09-29 03:36:55.116 - INFO: Registered SPO permutation: #relations = 252,534,289, #blocks = 175,741, #triples = 8,220,417,022
2026-09-29 03:36:55.175 - INFO: Registered SOP permutation: #relations = 252,534,289, #blocks = 175,741, #triples = 8,220,417,022
2026-09-29 03:36:55.175 - INFO: Reading patterns from file /local/data-ssd/stoetzem/wikidata/wikidata.index.patterns ...
2026-09-29 03:36:56.598 - INFO: Sorting random result tables to estimate the sorting performance of this machine ...
2026-09-29 03:37:04.763 - INFO: Initializing server ...
2026-09-29 03:37:04.763 - INFO: No access token required for restricted API calls
2026-09-29 03:37:04.764 - INFO: The server is ready, listening for requests on port 7015 ...
2026-09-29 03:37:04.836 - INFO: 
2026-09-29 03:37:04.836 - INFO: Request received via POST, content type "application/x-www-form-urlencoded"
2026-09-29 03:37:04.839 - INFO: Processing the following SPARQL query:
# Tier H-vocab — German labels, large
# Physical: P+O bound scan of wdt:P31 wd:Q5 (class postings), then
# S+P bound SPO scan of rdfs:label. LANG(?label) maps label IDs to
# strings. CONSTRUCT writes entity IRI + label.
# Targets: large sequential class scan with EXTERNAL vocabulary words.
# German is not in languages-internal (only "en"), so QLever's
# shouldLiteralBeExternalized places every de literal in the external
# tier (src/index/vocabulary/Vocabulary.cpp). Same shape as
# H-vocab-label-large.rq, but every lookup is a guaranteed external
# miss on cold caches.
PREFIX wd: <http://www.wikidata.org/entity/>
PREFIX wdt: <http://www.wikidata.org/prop/direct/>
PREFIX rdfs: <http://www.w3.org/2000/01/rdf-schema#>

CONSTRUCT { ?entity rdfs:label ?label }
WHERE {
  ?entity wdt:P31 wd:Q5 .
  ?entity rdfs:label ?label .
  FILTER(LANG(?label) = "de")
}

2026-09-29 03:37:04.839 - INFO: Requested media types of the result are: "text/turtle"
2026-09-29 03:37:04.843 - INFO: Query planning done in 7 ms
2026-09-29 03:37:04.843 - INFO: Result has unknown size (not computed yet)
2026-09-29 03:37:31.890 - INFO: Done processing query and sending result, total time was 27,054 ms
2026-09-29 03:37:31.909 - INFO: 
2026-09-29 03:37:31.909 - INFO: Request received via GET, no content type specified
2026-09-29 03:37:31.909 - INFO: Processing command "cache-stats": get cache statistics
2026-09-29 03:37:31.928 - INFO: 
2026-09-29 03:37:31.928 - INFO: Request received via GET, no content type specified
2026-09-29 03:37:31.928 - INFO: Processing command "clear-cache": clear the cache (unpinned elements only)
2026-09-29 03:37:31.947 - INFO: 
2026-09-29 03:37:31.947 - INFO: Request received via GET, no content type specified
2026-09-29 03:37:31.947 - INFO: Processing command "cache-stats": get cache statistics
2026-09-29 03:37:31.966 - INFO: 
2026-09-29 03:37:31.966 - INFO: Request received via POST, content type "application/x-www-form-urlencoded"
2026-09-29 03:37:31.966 - INFO: Processing the following SPARQL query:
# Tier H-vocab — German labels, large
# Physical: P+O bound scan of wdt:P31 wd:Q5 (class postings), then
# S+P bound SPO scan of rdfs:label. LANG(?label) maps label IDs to
# strings. CONSTRUCT writes entity IRI + label.
# Targets: large sequential class scan with EXTERNAL vocabulary words.
# German is not in languages-internal (only "en"), so QLever's
# shouldLiteralBeExternalized places every de literal in the external
# tier (src/index/vocabulary/Vocabulary.cpp). Same shape as
# H-vocab-label-large.rq, but every lookup is a guaranteed external
# miss on cold caches.
PREFIX wd: <http://www.wikidata.org/entity/>
PREFIX wdt: <http://www.wikidata.org/prop/direct/>
PREFIX rdfs: <http://www.w3.org/2000/01/rdf-schema#>

CONSTRUCT { ?entity rdfs:label ?label }
WHERE {
  ?entity wdt:P31 wd:Q5 .
  ?entity rdfs:label ?label .
  FILTER(LANG(?label) = "de")
}

2026-09-29 03:37:31.966 - INFO: Requested media types of the result are: "text/turtle"
2026-09-29 03:37:31.967 - INFO: Query planning done in 0 ms
2026-09-29 03:37:31.967 - INFO: Result has unknown size (not computed yet)
2026-09-29 03:37:51.534 - INFO: Done processing query and sending result, total time was 19,567 ms
2026-09-29 03:37:51.554 - INFO: 
2026-09-29 03:37:51.554 - INFO: Request received via GET, no content type specified
2026-09-29 03:37:51.555 - INFO: Processing command "cache-stats": get cache statistics
