2026-09-22 02:46:43.495 - INFO: [1mQLever server v0.6.0-98-gd3bb0273c, compiled on Mon Sep 21 10:08:23 PM CEST 2026 using git hash d3bb027[22m
2026-09-22 02:46:43.495 - INFO: Cleanup of previous index directories after each rebuild enabled (--rebuild-keep-previous-index-dirs original-and-most-recent)
2026-09-22 02:46:43.496 - INFO: The git hash used to build this index was "65f84b4"
2026-09-22 02:46:43.497 - INFO: Reading vocabulary from file /local/data-ssd/stoetzem/wikidata/index-for-upgrade-new-format/wikidata.vocabulary.words ...
2026-09-22 02:46:56.349 - INFO: Done, number of words: 1,580,300,680
2026-09-22 02:46:56.349 - INFO: Number of words in internal vocabulary (these are also part of the external vocabulary): 777,658,536
2026-09-22 02:46:56.425 - INFO: Registered PSO permutation: #relations = 10,100, #blocks = 225,155, #triples = 6,983,973,847
2026-09-22 02:46:56.520 - INFO: Registered PSO permutation: #relations = 13,566, #blocks = 264,339, #triples = 8,220,417,022
2026-09-22 02:46:56.589 - INFO: Registered POS permutation: #relations = 10,100, #blocks = 225,155, #triples = 6,983,973,847
2026-09-22 02:46:56.683 - INFO: Registered POS permutation: #relations = 13,566, #blocks = 264,339, #triples = 8,220,417,022
2026-09-22 02:46:56.763 - INFO: Registered OPS permutation: #relations = 1,683,253,489, #blocks = 222,728, #triples = 8,220,417,022
2026-09-22 02:46:56.844 - INFO: Registered OSP permutation: #relations = 1,683,253,489, #blocks = 222,728, #triples = 8,220,417,022
2026-09-22 02:46:56.899 - INFO: Registered SPO permutation: #relations = 252,534,289, #blocks = 175,741, #triples = 8,220,417,022
2026-09-22 02:46:56.953 - INFO: Registered SOP permutation: #relations = 252,534,289, #blocks = 175,741, #triples = 8,220,417,022
2026-09-22 02:46:56.953 - INFO: Reading patterns from file /local/data-ssd/stoetzem/wikidata/index-for-upgrade-new-format/wikidata.index.patterns ...
2026-09-22 02:46:58.309 - INFO: Sorting random result tables to estimate the sorting performance of this machine ...
2026-09-22 02:47:06.184 - INFO: Initializing server ...
2026-09-22 02:47:06.184 - INFO: No access token required for restricted API calls
2026-09-22 02:47:06.184 - INFO: The server is ready, listening for requests on port 7028 ...
2026-09-22 02:47:07.602 - INFO: 
2026-09-22 02:47:07.602 - INFO: Request received via POST, content type "application/x-www-form-urlencoded"
2026-09-22 02:47:07.605 - INFO: Processing the following SPARQL query:
# Tier H-vocab — German labels, large
# Physical: P+O bound scan of wdt:P31 wd:Q5 (class postings), then
# S+P bound SPO scan of rdfs:label. LANG(?label) maps label IDs to
# strings. CONSTRUCT writes entity IRI + label.
# Targets: large sequential class scan with EXTERNAL vocabulary words.
# German is not in languages-internal (only "en"), so QLever's
# shouldLiteralBeExternalized places every de literal in the external
# tier (src/index/vocabulary/Vocabulary.cpp). Same shape as
# H-vocab-label-large.rq, but every lookup is a guaranteed external
# miss on cold caches.
PREFIX wd: <http://www.wikidata.org/entity/>
PREFIX wdt: <http://www.wikidata.org/prop/direct/>
PREFIX rdfs: <http://www.w3.org/2000/01/rdf-schema#>

CONSTRUCT { ?entity rdfs:label ?label }
WHERE {
  ?entity wdt:P31 wd:Q5 .
  ?entity rdfs:label ?label .
  FILTER(LANG(?label) = "de")
}

2026-09-22 02:47:07.605 - INFO: Requested media types of the result are: "text/turtle"
2026-09-22 02:47:07.606 - INFO: Query planning done in 4 ms
2026-09-22 02:47:07.606 - INFO: Result has unknown size (not computed yet)
2026-09-22 02:48:08.542 - INFO: Done processing query and sending result, total time was 60,940 ms
