2026-10-07 23:46:45.027 - INFO: [1mQLever server CIKM-2918-g6770bbf2c, compiled on Wed Oct  7 16:01:24 UTC 2026 using git hash 6770bbf[22m
2026-10-07 23:46:45.027 - INFO: Runtime parameter set from the command line: vocabulary-internal-rank-lookup=true
2026-10-07 23:46:45.027 - INFO: Runtime parameter set from the command line: vocabulary-internal-rank-prefetch-distance=8
2026-10-07 23:46:45.027 - INFO: Runtime parameter set from the command line: vocabulary-internal-rank-hugepages=false
2026-10-07 23:46:45.027 - INFO: Cleanup of previous index directories after each rebuild enabled (--rebuild-keep-previous-index-dirs original-and-most-recent)
2026-10-07 23:46:45.029 - INFO: The git hash used to build this index was "65f84b4"
2026-10-07 23:46:45.029 - INFO: Reading vocabulary from file /local/data-ssd/stoetzem/wikidata/wikidata.vocabulary.words ...
2026-10-07 23:46:59.047 - INFO: Done, number of words: 1,580,300,680
2026-10-07 23:46:59.047 - INFO: Number of words in internal vocabulary (these are also part of the external vocabulary): 777,658,536
2026-10-07 23:47:00.653 - INFO: Rank directory of the internal vocabulary: 225,757,248 bytes for 1,580,300,680 vocabulary indices
2026-10-07 23:47:00.743 - INFO: Registered PSO permutation: #relations = 10,100, #blocks = 225,155, #triples = 6,983,973,847
2026-10-07 23:47:00.846 - INFO: Registered PSO permutation: #relations = 13,566, #blocks = 264,339, #triples = 8,220,417,022
2026-10-07 23:47:00.922 - INFO: Registered POS permutation: #relations = 10,100, #blocks = 225,155, #triples = 6,983,973,847
2026-10-07 23:47:01.028 - INFO: Registered POS permutation: #relations = 13,566, #blocks = 264,339, #triples = 8,220,417,022
2026-10-07 23:47:01.115 - INFO: Registered OPS permutation: #relations = 1,683,253,489, #blocks = 222,728, #triples = 8,220,417,022
2026-10-07 23:47:01.207 - INFO: Registered OSP permutation: #relations = 1,683,253,489, #blocks = 222,728, #triples = 8,220,417,022
2026-10-07 23:47:01.267 - INFO: Registered SPO permutation: #relations = 252,534,289, #blocks = 175,741, #triples = 8,220,417,022
2026-10-07 23:47:01.326 - INFO: Registered SOP permutation: #relations = 252,534,289, #blocks = 175,741, #triples = 8,220,417,022
2026-10-07 23:47:01.326 - INFO: Reading patterns from file /local/data-ssd/stoetzem/wikidata/wikidata.index.patterns ...
2026-10-07 23:47:02.867 - WARN: The geo points of this index use the encoding "lat-major", which is deprecated and will not be supported for much longer; with this encoding, a spatial prefilter on points can only restrict the latitude; please build the index with the default encoding "z-order" (just omit the option `--geo-point-encoding` of `qlever-index`)
2026-10-07 23:47:02.867 - INFO: Sorting random result tables to estimate the sorting performance of this machine ...
2026-10-07 23:47:11.613 - INFO: Initializing server ...
2026-10-07 23:47:11.613 - INFO: No access token required for restricted API calls
2026-10-07 23:47:11.613 - INFO: The server is ready, listening for requests on port 7015 ...
2026-10-07 23:47:11.843 - INFO: 
2026-10-07 23:47:11.843 - INFO: Request received via POST, content type "application/x-www-form-urlencoded"
2026-10-07 23:47:11.847 - INFO: Processing the following SPARQL query:
# Tier H-vocab — English labels, large
# Physical: P+O bound scan of wdt:P31 wd:Q5 (class postings), then
# S+P bound SPO scan of rdfs:label. LANG(?label) maps label IDs to
# strings. CONSTRUCT writes entity IRI + label.
# Targets: large sequential class scan, label vocabulary, 1.3 GiB Turtle
# serialize. Same query as wikidata-construct-humans-label-en.
PREFIX wd: <http://www.wikidata.org/entity/>
PREFIX wdt: <http://www.wikidata.org/prop/direct/>
PREFIX rdfs: <http://www.w3.org/2000/01/rdf-schema#>

CONSTRUCT { ?entity rdfs:label ?label }
WHERE {
  ?entity wdt:P31 wd:Q5 .
  ?entity rdfs:label ?label .
  FILTER(LANG(?label) = "en")
}

2026-10-07 23:47:11.847 - INFO: Requested media types of the result are: "text/turtle"
2026-10-07 23:47:11.870 - INFO: Query planning done in 26 ms
2026-10-07 23:47:11.870 - INFO: Result has unknown size (not computed yet)
2026-10-07 23:47:23.935 - INFO: Done processing query and sending result, total time was 12,091 ms
2026-10-07 23:47:23.956 - INFO: 
2026-10-07 23:47:23.956 - INFO: Request received via GET, no content type specified
2026-10-07 23:47:23.956 - INFO: Processing command "cache-stats": get cache statistics
2026-10-07 23:47:23.978 - INFO: 
2026-10-07 23:47:23.978 - INFO: Request received via GET, no content type specified
2026-10-07 23:47:23.978 - INFO: Processing command "clear-cache": clear the cache (unpinned elements only)
2026-10-07 23:47:23.999 - INFO: 
2026-10-07 23:47:23.999 - INFO: Request received via GET, no content type specified
2026-10-07 23:47:23.999 - INFO: Processing command "cache-stats": get cache statistics
2026-10-07 23:47:24.523 - INFO: 
2026-10-07 23:47:24.523 - INFO: Request received via POST, content type "application/x-www-form-urlencoded"
2026-10-07 23:47:24.523 - INFO: Processing the following SPARQL query:
# Tier H-vocab — English labels, large
# Physical: P+O bound scan of wdt:P31 wd:Q5 (class postings), then
# S+P bound SPO scan of rdfs:label. LANG(?label) maps label IDs to
# strings. CONSTRUCT writes entity IRI + label.
# Targets: large sequential class scan, label vocabulary, 1.3 GiB Turtle
# serialize. Same query as wikidata-construct-humans-label-en.
PREFIX wd: <http://www.wikidata.org/entity/>
PREFIX wdt: <http://www.wikidata.org/prop/direct/>
PREFIX rdfs: <http://www.w3.org/2000/01/rdf-schema#>

CONSTRUCT { ?entity rdfs:label ?label }
WHERE {
  ?entity wdt:P31 wd:Q5 .
  ?entity rdfs:label ?label .
  FILTER(LANG(?label) = "en")
}

2026-10-07 23:47:24.523 - INFO: Requested media types of the result are: "text/turtle"
2026-10-07 23:47:24.523 - INFO: Query planning done in 0 ms
2026-10-07 23:47:24.524 - INFO: Result has unknown size (not computed yet)
2026-10-07 23:47:36.911 - INFO: Done processing query and sending result, total time was 12,388 ms
2026-10-07 23:47:36.938 - INFO: 
2026-10-07 23:47:36.938 - INFO: Request received via GET, no content type specified
2026-10-07 23:47:36.938 - INFO: Processing command "cache-stats": get cache statistics
