[2026-09-17T20:12:32Z] BIN=/local/data-ssd/stoetzem/wt/master/build/qlever-server
[2026-09-17T20:12:32Z] FATAL: SELECT query missing: /local/data-ssd/stoetzem/thesis/representative-queries/wikidata/H-vocab-label-large-select.rq
[2026-09-17T20:14:02Z] BIN=/local/data-ssd/stoetzem/wt/master/build/qlever-server
[2026-09-17T20:14:02Z] preflight ok (paranoid=1)
[2026-09-17T20:14:02Z] binary version: /local/data-ssd/stoetzem/wt/master/build/qlever-server v0.6.0-89-g090c76f64
[2026-09-17T20:14:04Z] server pid 3608015
[2026-09-17T20:14:30Z] server ready
[2026-09-17T20:14:30Z] profiling construct (3 cold reps)
[2026-09-17T20:14:31Z] evicting page cache for manifest files (advisory posix_fadvise)
/local/data-ssd/stoetzem/wikidata/wikidata.index.spo
/local/data-ssd/stoetzem/wikidata/wikidata.index.spo.meta
/local/data-ssd/stoetzem/wikidata/wikidata.index.sop
/local/data-ssd/stoetzem/wikidata/wikidata.index.sop.meta
/local/data-ssd/stoetzem/wikidata/wikidata.index.pso
/local/data-ssd/stoetzem/wikidata/wikidata.index.pso.meta
/local/data-ssd/stoetzem/wikidata/wikidata.index.pos
/local/data-ssd/stoetzem/wikidata/wikidata.index.pos.meta
/local/data-ssd/stoetzem/wikidata/wikidata.index.osp
/local/data-ssd/stoetzem/wikidata/wikidata.index.osp.meta
/local/data-ssd/stoetzem/wikidata/wikidata.index.ops
/local/data-ssd/stoetzem/wikidata/wikidata.index.ops.meta
/local/data-ssd/stoetzem/wikidata/wikidata.internal.index.pso
/local/data-ssd/stoetzem/wikidata/wikidata.internal.index.pso.meta
/local/data-ssd/stoetzem/wikidata/wikidata.internal.index.pos
/local/data-ssd/stoetzem/wikidata/wikidata.internal.index.pos.meta
/local/data-ssd/stoetzem/wikidata/wikidata.vocabulary.words.external
/local/data-ssd/stoetzem/wikidata/wikidata.vocabulary.words.external.offsets
/local/data-ssd/stoetzem/wikidata/wikidata.vocabulary.codebooks
/local/data-ssd/stoetzem/wikidata/wikidata.vocabulary.words.internal
/local/data-ssd/stoetzem/wikidata/wikidata.vocabulary.words.internal.ids
/local/data-ssd/stoetzem/wikidata/wikidata.meta-data.json
/local/data-ssd/stoetzem/wikidata/wikidata.settings.json
/local/data-ssd/stoetzem/wikidata/wikidata.index.patterns
/local/data-ssd/stoetzem/wikidata/Qleverfile
[2026-09-17T20:14:55Z] evicting page cache for manifest files (advisory posix_fadvise)
/local/data-ssd/stoetzem/wikidata/wikidata.index.spo
/local/data-ssd/stoetzem/wikidata/wikidata.index.spo.meta
/local/data-ssd/stoetzem/wikidata/wikidata.index.sop
/local/data-ssd/stoetzem/wikidata/wikidata.index.sop.meta
/local/data-ssd/stoetzem/wikidata/wikidata.index.pso
/local/data-ssd/stoetzem/wikidata/wikidata.index.pso.meta
/local/data-ssd/stoetzem/wikidata/wikidata.index.pos
/local/data-ssd/stoetzem/wikidata/wikidata.index.pos.meta
/local/data-ssd/stoetzem/wikidata/wikidata.index.osp
/local/data-ssd/stoetzem/wikidata/wikidata.index.osp.meta
/local/data-ssd/stoetzem/wikidata/wikidata.index.ops
/local/data-ssd/stoetzem/wikidata/wikidata.index.ops.meta
/local/data-ssd/stoetzem/wikidata/wikidata.internal.index.pso
/local/data-ssd/stoetzem/wikidata/wikidata.internal.index.pso.meta
/local/data-ssd/stoetzem/wikidata/wikidata.internal.index.pos
/local/data-ssd/stoetzem/wikidata/wikidata.internal.index.pos.meta
/local/data-ssd/stoetzem/wikidata/wikidata.vocabulary.words.external
/local/data-ssd/stoetzem/wikidata/wikidata.vocabulary.words.external.offsets
/local/data-ssd/stoetzem/wikidata/wikidata.vocabulary.codebooks
/local/data-ssd/stoetzem/wikidata/wikidata.vocabulary.words.internal
/local/data-ssd/stoetzem/wikidata/wikidata.vocabulary.words.internal.ids
/local/data-ssd/stoetzem/wikidata/wikidata.meta-data.json
/local/data-ssd/stoetzem/wikidata/wikidata.settings.json
/local/data-ssd/stoetzem/wikidata/wikidata.index.patterns
/local/data-ssd/stoetzem/wikidata/Qleverfile
[2026-09-17T20:15:18Z] evicting page cache for manifest files (advisory posix_fadvise)
/local/data-ssd/stoetzem/wikidata/wikidata.index.spo
/local/data-ssd/stoetzem/wikidata/wikidata.index.spo.meta
/local/data-ssd/stoetzem/wikidata/wikidata.index.sop
/local/data-ssd/stoetzem/wikidata/wikidata.index.sop.meta
/local/data-ssd/stoetzem/wikidata/wikidata.index.pso
/local/data-ssd/stoetzem/wikidata/wikidata.index.pso.meta
/local/data-ssd/stoetzem/wikidata/wikidata.index.pos
/local/data-ssd/stoetzem/wikidata/wikidata.index.pos.meta
/local/data-ssd/stoetzem/wikidata/wikidata.index.osp
/local/data-ssd/stoetzem/wikidata/wikidata.index.osp.meta
/local/data-ssd/stoetzem/wikidata/wikidata.index.ops
/local/data-ssd/stoetzem/wikidata/wikidata.index.ops.meta
/local/data-ssd/stoetzem/wikidata/wikidata.internal.index.pso
/local/data-ssd/stoetzem/wikidata/wikidata.internal.index.pso.meta
/local/data-ssd/stoetzem/wikidata/wikidata.internal.index.pos
/local/data-ssd/stoetzem/wikidata/wikidata.internal.index.pos.meta
/local/data-ssd/stoetzem/wikidata/wikidata.vocabulary.words.external
/local/data-ssd/stoetzem/wikidata/wikidata.vocabulary.words.external.offsets
/local/data-ssd/stoetzem/wikidata/wikidata.vocabulary.codebooks
/local/data-ssd/stoetzem/wikidata/wikidata.vocabulary.words.internal
/local/data-ssd/stoetzem/wikidata/wikidata.vocabulary.words.internal.ids
/local/data-ssd/stoetzem/wikidata/wikidata.meta-data.json
/local/data-ssd/stoetzem/wikidata/wikidata.settings.json
/local/data-ssd/stoetzem/wikidata/wikidata.index.patterns
/local/data-ssd/stoetzem/wikidata/Qleverfile
[2026-09-17T20:15:44Z] construct requests done
[2026-09-17T20:15:45Z] WARN construct: [unknown] symbols at 0.46% (symbols may be broken)
total=97.13 lookup=46.33 format=4.56 other=46.24
[2026-09-17T20:15:48Z] construct flamegraph: 61 folded lines
[2026-09-17T20:15:48Z] construct done
[2026-09-17T20:15:48Z] profiling select (3 cold reps)
[2026-09-17T20:15:49Z] evicting page cache for manifest files (advisory posix_fadvise)
/local/data-ssd/stoetzem/wikidata/wikidata.index.spo
/local/data-ssd/stoetzem/wikidata/wikidata.index.spo.meta
/local/data-ssd/stoetzem/wikidata/wikidata.index.sop
/local/data-ssd/stoetzem/wikidata/wikidata.index.sop.meta
/local/data-ssd/stoetzem/wikidata/wikidata.index.pso
/local/data-ssd/stoetzem/wikidata/wikidata.index.pso.meta
/local/data-ssd/stoetzem/wikidata/wikidata.index.pos
/local/data-ssd/stoetzem/wikidata/wikidata.index.pos.meta
/local/data-ssd/stoetzem/wikidata/wikidata.index.osp
/local/data-ssd/stoetzem/wikidata/wikidata.index.osp.meta
/local/data-ssd/stoetzem/wikidata/wikidata.index.ops
/local/data-ssd/stoetzem/wikidata/wikidata.index.ops.meta
/local/data-ssd/stoetzem/wikidata/wikidata.internal.index.pso
/local/data-ssd/stoetzem/wikidata/wikidata.internal.index.pso.meta
/local/data-ssd/stoetzem/wikidata/wikidata.internal.index.pos
/local/data-ssd/stoetzem/wikidata/wikidata.internal.index.pos.meta
/local/data-ssd/stoetzem/wikidata/wikidata.vocabulary.words.external
/local/data-ssd/stoetzem/wikidata/wikidata.vocabulary.words.external.offsets
/local/data-ssd/stoetzem/wikidata/wikidata.vocabulary.codebooks
/local/data-ssd/stoetzem/wikidata/wikidata.vocabulary.words.internal
/local/data-ssd/stoetzem/wikidata/wikidata.vocabulary.words.internal.ids
/local/data-ssd/stoetzem/wikidata/wikidata.meta-data.json
/local/data-ssd/stoetzem/wikidata/wikidata.settings.json
/local/data-ssd/stoetzem/wikidata/wikidata.index.patterns
/local/data-ssd/stoetzem/wikidata/Qleverfile
[2026-09-17T20:16:09Z] evicting page cache for manifest files (advisory posix_fadvise)
/local/data-ssd/stoetzem/wikidata/wikidata.index.spo
/local/data-ssd/stoetzem/wikidata/wikidata.index.spo.meta
/local/data-ssd/stoetzem/wikidata/wikidata.index.sop
/local/data-ssd/stoetzem/wikidata/wikidata.index.sop.meta
/local/data-ssd/stoetzem/wikidata/wikidata.index.pso
/local/data-ssd/stoetzem/wikidata/wikidata.index.pso.meta
/local/data-ssd/stoetzem/wikidata/wikidata.index.pos
/local/data-ssd/stoetzem/wikidata/wikidata.index.pos.meta
/local/data-ssd/stoetzem/wikidata/wikidata.index.osp
/local/data-ssd/stoetzem/wikidata/wikidata.index.osp.meta
/local/data-ssd/stoetzem/wikidata/wikidata.index.ops
/local/data-ssd/stoetzem/wikidata/wikidata.index.ops.meta
/local/data-ssd/stoetzem/wikidata/wikidata.internal.index.pso
/local/data-ssd/stoetzem/wikidata/wikidata.internal.index.pso.meta
/local/data-ssd/stoetzem/wikidata/wikidata.internal.index.pos
/local/data-ssd/stoetzem/wikidata/wikidata.internal.index.pos.meta
/local/data-ssd/stoetzem/wikidata/wikidata.vocabulary.words.external
/local/data-ssd/stoetzem/wikidata/wikidata.vocabulary.words.external.offsets
/local/data-ssd/stoetzem/wikidata/wikidata.vocabulary.codebooks
/local/data-ssd/stoetzem/wikidata/wikidata.vocabulary.words.internal
/local/data-ssd/stoetzem/wikidata/wikidata.vocabulary.words.internal.ids
/local/data-ssd/stoetzem/wikidata/wikidata.meta-data.json
/local/data-ssd/stoetzem/wikidata/wikidata.settings.json
/local/data-ssd/stoetzem/wikidata/wikidata.index.patterns
/local/data-ssd/stoetzem/wikidata/Qleverfile
[2026-09-17T20:16:30Z] evicting page cache for manifest files (advisory posix_fadvise)
/local/data-ssd/stoetzem/wikidata/wikidata.index.spo
/local/data-ssd/stoetzem/wikidata/wikidata.index.spo.meta
/local/data-ssd/stoetzem/wikidata/wikidata.index.sop
/local/data-ssd/stoetzem/wikidata/wikidata.index.sop.meta
/local/data-ssd/stoetzem/wikidata/wikidata.index.pso
/local/data-ssd/stoetzem/wikidata/wikidata.index.pso.meta
/local/data-ssd/stoetzem/wikidata/wikidata.index.pos
/local/data-ssd/stoetzem/wikidata/wikidata.index.pos.meta
/local/data-ssd/stoetzem/wikidata/wikidata.index.osp
/local/data-ssd/stoetzem/wikidata/wikidata.index.osp.meta
/local/data-ssd/stoetzem/wikidata/wikidata.index.ops
/local/data-ssd/stoetzem/wikidata/wikidata.index.ops.meta
/local/data-ssd/stoetzem/wikidata/wikidata.internal.index.pso
/local/data-ssd/stoetzem/wikidata/wikidata.internal.index.pso.meta
/local/data-ssd/stoetzem/wikidata/wikidata.internal.index.pos
/local/data-ssd/stoetzem/wikidata/wikidata.internal.index.pos.meta
/local/data-ssd/stoetzem/wikidata/wikidata.vocabulary.words.external
/local/data-ssd/stoetzem/wikidata/wikidata.vocabulary.words.external.offsets
/local/data-ssd/stoetzem/wikidata/wikidata.vocabulary.codebooks
/local/data-ssd/stoetzem/wikidata/wikidata.vocabulary.words.internal
/local/data-ssd/stoetzem/wikidata/wikidata.vocabulary.words.internal.ids
/local/data-ssd/stoetzem/wikidata/wikidata.meta-data.json
/local/data-ssd/stoetzem/wikidata/wikidata.settings.json
/local/data-ssd/stoetzem/wikidata/wikidata.index.patterns
/local/data-ssd/stoetzem/wikidata/Qleverfile
[2026-09-17T20:16:53Z] select requests done
[2026-09-17T20:16:54Z] WARN select: [unknown] symbols at 0.33% (symbols may be broken)
total=97.91 lookup=53.41 format=9.79 other=34.71
[2026-09-17T20:16:57Z] select flamegraph: 183 folded lines
[2026-09-17T20:16:57Z] select done
[2026-09-17T20:16:59Z] server stopped
[2026-09-17T20:16:59Z] ALL DONE
[2026-09-17T20:19:04Z] BIN=/local/data-ssd/stoetzem/wt/master/build/qlever-server
[2026-09-17T20:19:04Z] preflight ok (paranoid=1)
[2026-09-17T20:19:04Z] binary version: /local/data-ssd/stoetzem/wt/master/build/qlever-server v0.6.0-89-g090c76f64
[2026-09-17T20:19:06Z] server pid 3610642
[2026-09-17T20:19:30Z] server ready
[2026-09-17T20:19:30Z] profiling construct (3 cold reps)
[2026-09-17T20:19:31Z] evicting page cache for manifest files (advisory posix_fadvise)
/local/data-ssd/stoetzem/wikidata/wikidata.index.spo
/local/data-ssd/stoetzem/wikidata/wikidata.index.spo.meta
/local/data-ssd/stoetzem/wikidata/wikidata.index.sop
/local/data-ssd/stoetzem/wikidata/wikidata.index.sop.meta
/local/data-ssd/stoetzem/wikidata/wikidata.index.pso
/local/data-ssd/stoetzem/wikidata/wikidata.index.pso.meta
/local/data-ssd/stoetzem/wikidata/wikidata.index.pos
/local/data-ssd/stoetzem/wikidata/wikidata.index.pos.meta
/local/data-ssd/stoetzem/wikidata/wikidata.index.osp
/local/data-ssd/stoetzem/wikidata/wikidata.index.osp.meta
/local/data-ssd/stoetzem/wikidata/wikidata.index.ops
/local/data-ssd/stoetzem/wikidata/wikidata.index.ops.meta
/local/data-ssd/stoetzem/wikidata/wikidata.internal.index.pso
/local/data-ssd/stoetzem/wikidata/wikidata.internal.index.pso.meta
/local/data-ssd/stoetzem/wikidata/wikidata.internal.index.pos
/local/data-ssd/stoetzem/wikidata/wikidata.internal.index.pos.meta
/local/data-ssd/stoetzem/wikidata/wikidata.vocabulary.words.external
/local/data-ssd/stoetzem/wikidata/wikidata.vocabulary.words.external.offsets
/local/data-ssd/stoetzem/wikidata/wikidata.vocabulary.codebooks
/local/data-ssd/stoetzem/wikidata/wikidata.vocabulary.words.internal
/local/data-ssd/stoetzem/wikidata/wikidata.vocabulary.words.internal.ids
/local/data-ssd/stoetzem/wikidata/wikidata.meta-data.json
/local/data-ssd/stoetzem/wikidata/wikidata.settings.json
/local/data-ssd/stoetzem/wikidata/wikidata.index.patterns
/local/data-ssd/stoetzem/wikidata/Qleverfile
[2026-09-17T20:19:54Z] evicting page cache for manifest files (advisory posix_fadvise)
/local/data-ssd/stoetzem/wikidata/wikidata.index.spo
/local/data-ssd/stoetzem/wikidata/wikidata.index.spo.meta
/local/data-ssd/stoetzem/wikidata/wikidata.index.sop
/local/data-ssd/stoetzem/wikidata/wikidata.index.sop.meta
/local/data-ssd/stoetzem/wikidata/wikidata.index.pso
/local/data-ssd/stoetzem/wikidata/wikidata.index.pso.meta
/local/data-ssd/stoetzem/wikidata/wikidata.index.pos
/local/data-ssd/stoetzem/wikidata/wikidata.index.pos.meta
/local/data-ssd/stoetzem/wikidata/wikidata.index.osp
/local/data-ssd/stoetzem/wikidata/wikidata.index.osp.meta
/local/data-ssd/stoetzem/wikidata/wikidata.index.ops
/local/data-ssd/stoetzem/wikidata/wikidata.index.ops.meta
/local/data-ssd/stoetzem/wikidata/wikidata.internal.index.pso
/local/data-ssd/stoetzem/wikidata/wikidata.internal.index.pso.meta
/local/data-ssd/stoetzem/wikidata/wikidata.internal.index.pos
/local/data-ssd/stoetzem/wikidata/wikidata.internal.index.pos.meta
/local/data-ssd/stoetzem/wikidata/wikidata.vocabulary.words.external
/local/data-ssd/stoetzem/wikidata/wikidata.vocabulary.words.external.offsets
/local/data-ssd/stoetzem/wikidata/wikidata.vocabulary.codebooks
/local/data-ssd/stoetzem/wikidata/wikidata.vocabulary.words.internal
/local/data-ssd/stoetzem/wikidata/wikidata.vocabulary.words.internal.ids
/local/data-ssd/stoetzem/wikidata/wikidata.meta-data.json
/local/data-ssd/stoetzem/wikidata/wikidata.settings.json
/local/data-ssd/stoetzem/wikidata/wikidata.index.patterns
/local/data-ssd/stoetzem/wikidata/Qleverfile
[2026-09-17T20:20:17Z] evicting page cache for manifest files (advisory posix_fadvise)
/local/data-ssd/stoetzem/wikidata/wikidata.index.spo
/local/data-ssd/stoetzem/wikidata/wikidata.index.spo.meta
/local/data-ssd/stoetzem/wikidata/wikidata.index.sop
/local/data-ssd/stoetzem/wikidata/wikidata.index.sop.meta
/local/data-ssd/stoetzem/wikidata/wikidata.index.pso
/local/data-ssd/stoetzem/wikidata/wikidata.index.pso.meta
/local/data-ssd/stoetzem/wikidata/wikidata.index.pos
/local/data-ssd/stoetzem/wikidata/wikidata.index.pos.meta
/local/data-ssd/stoetzem/wikidata/wikidata.index.osp
/local/data-ssd/stoetzem/wikidata/wikidata.index.osp.meta
/local/data-ssd/stoetzem/wikidata/wikidata.index.ops
/local/data-ssd/stoetzem/wikidata/wikidata.index.ops.meta
/local/data-ssd/stoetzem/wikidata/wikidata.internal.index.pso
/local/data-ssd/stoetzem/wikidata/wikidata.internal.index.pso.meta
/local/data-ssd/stoetzem/wikidata/wikidata.internal.index.pos
/local/data-ssd/stoetzem/wikidata/wikidata.internal.index.pos.meta
/local/data-ssd/stoetzem/wikidata/wikidata.vocabulary.words.external
/local/data-ssd/stoetzem/wikidata/wikidata.vocabulary.words.external.offsets
/local/data-ssd/stoetzem/wikidata/wikidata.vocabulary.codebooks
/local/data-ssd/stoetzem/wikidata/wikidata.vocabulary.words.internal
/local/data-ssd/stoetzem/wikidata/wikidata.vocabulary.words.internal.ids
/local/data-ssd/stoetzem/wikidata/wikidata.meta-data.json
/local/data-ssd/stoetzem/wikidata/wikidata.settings.json
/local/data-ssd/stoetzem/wikidata/wikidata.index.patterns
/local/data-ssd/stoetzem/wikidata/Qleverfile
[2026-09-17T20:20:42Z] construct requests done
[2026-09-17T20:20:43Z] WARN construct: [unknown] symbols at 0.44% (symbols may be broken)
total=96.87 lookup=46.27 format=4.55 other=46.05
[2026-09-17T20:20:45Z] construct flamegraph: 57 folded lines
[2026-09-17T20:20:45Z] construct done
[2026-09-17T20:20:45Z] profiling select (3 cold reps)
[2026-09-17T20:20:46Z] evicting page cache for manifest files (advisory posix_fadvise)
/local/data-ssd/stoetzem/wikidata/wikidata.index.spo
/local/data-ssd/stoetzem/wikidata/wikidata.index.spo.meta
/local/data-ssd/stoetzem/wikidata/wikidata.index.sop
/local/data-ssd/stoetzem/wikidata/wikidata.index.sop.meta
/local/data-ssd/stoetzem/wikidata/wikidata.index.pso
/local/data-ssd/stoetzem/wikidata/wikidata.index.pso.meta
/local/data-ssd/stoetzem/wikidata/wikidata.index.pos
/local/data-ssd/stoetzem/wikidata/wikidata.index.pos.meta
/local/data-ssd/stoetzem/wikidata/wikidata.index.osp
/local/data-ssd/stoetzem/wikidata/wikidata.index.osp.meta
/local/data-ssd/stoetzem/wikidata/wikidata.index.ops
/local/data-ssd/stoetzem/wikidata/wikidata.index.ops.meta
/local/data-ssd/stoetzem/wikidata/wikidata.internal.index.pso
/local/data-ssd/stoetzem/wikidata/wikidata.internal.index.pso.meta
/local/data-ssd/stoetzem/wikidata/wikidata.internal.index.pos
/local/data-ssd/stoetzem/wikidata/wikidata.internal.index.pos.meta
/local/data-ssd/stoetzem/wikidata/wikidata.vocabulary.words.external
/local/data-ssd/stoetzem/wikidata/wikidata.vocabulary.words.external.offsets
/local/data-ssd/stoetzem/wikidata/wikidata.vocabulary.codebooks
/local/data-ssd/stoetzem/wikidata/wikidata.vocabulary.words.internal
/local/data-ssd/stoetzem/wikidata/wikidata.vocabulary.words.internal.ids
/local/data-ssd/stoetzem/wikidata/wikidata.meta-data.json
/local/data-ssd/stoetzem/wikidata/wikidata.settings.json
/local/data-ssd/stoetzem/wikidata/wikidata.index.patterns
/local/data-ssd/stoetzem/wikidata/Qleverfile
[2026-09-17T20:21:07Z] evicting page cache for manifest files (advisory posix_fadvise)
/local/data-ssd/stoetzem/wikidata/wikidata.index.spo
/local/data-ssd/stoetzem/wikidata/wikidata.index.spo.meta
/local/data-ssd/stoetzem/wikidata/wikidata.index.sop
/local/data-ssd/stoetzem/wikidata/wikidata.index.sop.meta
/local/data-ssd/stoetzem/wikidata/wikidata.index.pso
/local/data-ssd/stoetzem/wikidata/wikidata.index.pso.meta
/local/data-ssd/stoetzem/wikidata/wikidata.index.pos
/local/data-ssd/stoetzem/wikidata/wikidata.index.pos.meta
/local/data-ssd/stoetzem/wikidata/wikidata.index.osp
/local/data-ssd/stoetzem/wikidata/wikidata.index.osp.meta
/local/data-ssd/stoetzem/wikidata/wikidata.index.ops
/local/data-ssd/stoetzem/wikidata/wikidata.index.ops.meta
/local/data-ssd/stoetzem/wikidata/wikidata.internal.index.pso
/local/data-ssd/stoetzem/wikidata/wikidata.internal.index.pso.meta
/local/data-ssd/stoetzem/wikidata/wikidata.internal.index.pos
/local/data-ssd/stoetzem/wikidata/wikidata.internal.index.pos.meta
/local/data-ssd/stoetzem/wikidata/wikidata.vocabulary.words.external
/local/data-ssd/stoetzem/wikidata/wikidata.vocabulary.words.external.offsets
/local/data-ssd/stoetzem/wikidata/wikidata.vocabulary.codebooks
/local/data-ssd/stoetzem/wikidata/wikidata.vocabulary.words.internal
/local/data-ssd/stoetzem/wikidata/wikidata.vocabulary.words.internal.ids
/local/data-ssd/stoetzem/wikidata/wikidata.meta-data.json
/local/data-ssd/stoetzem/wikidata/wikidata.settings.json
/local/data-ssd/stoetzem/wikidata/wikidata.index.patterns
/local/data-ssd/stoetzem/wikidata/Qleverfile
[2026-09-17T20:21:27Z] evicting page cache for manifest files (advisory posix_fadvise)
/local/data-ssd/stoetzem/wikidata/wikidata.index.spo
/local/data-ssd/stoetzem/wikidata/wikidata.index.spo.meta
/local/data-ssd/stoetzem/wikidata/wikidata.index.sop
/local/data-ssd/stoetzem/wikidata/wikidata.index.sop.meta
/local/data-ssd/stoetzem/wikidata/wikidata.index.pso
/local/data-ssd/stoetzem/wikidata/wikidata.index.pso.meta
/local/data-ssd/stoetzem/wikidata/wikidata.index.pos
/local/data-ssd/stoetzem/wikidata/wikidata.index.pos.meta
/local/data-ssd/stoetzem/wikidata/wikidata.index.osp
/local/data-ssd/stoetzem/wikidata/wikidata.index.osp.meta
/local/data-ssd/stoetzem/wikidata/wikidata.index.ops
/local/data-ssd/stoetzem/wikidata/wikidata.index.ops.meta
/local/data-ssd/stoetzem/wikidata/wikidata.internal.index.pso
/local/data-ssd/stoetzem/wikidata/wikidata.internal.index.pso.meta
/local/data-ssd/stoetzem/wikidata/wikidata.internal.index.pos
/local/data-ssd/stoetzem/wikidata/wikidata.internal.index.pos.meta
/local/data-ssd/stoetzem/wikidata/wikidata.vocabulary.words.external
/local/data-ssd/stoetzem/wikidata/wikidata.vocabulary.words.external.offsets
/local/data-ssd/stoetzem/wikidata/wikidata.vocabulary.codebooks
/local/data-ssd/stoetzem/wikidata/wikidata.vocabulary.words.internal
/local/data-ssd/stoetzem/wikidata/wikidata.vocabulary.words.internal.ids
/local/data-ssd/stoetzem/wikidata/wikidata.meta-data.json
/local/data-ssd/stoetzem/wikidata/wikidata.settings.json
/local/data-ssd/stoetzem/wikidata/wikidata.index.patterns
/local/data-ssd/stoetzem/wikidata/Qleverfile
[2026-09-17T20:21:49Z] select requests done
[2026-09-17T20:21:50Z] WARN select: [unknown] symbols at 0.29% (symbols may be broken)
total=97.98 lookup=53.94 format=9.64 other=34.40
[2026-09-17T20:21:53Z] select flamegraph: 56 folded lines
[2026-09-17T20:21:53Z] select done
[2026-09-17T20:21:55Z] server stopped
[2026-09-17T20:21:55Z] ALL DONE
