2026-09-17 22:19:06.512 - INFO: [1mQLever server v0.6.0-89-g090c76f64, compiled on Wed Sep 16 01:11:26 PM CEST 2026 using git hash 090c76f[22m
2026-09-17 22:19:06.512 - INFO: Cleanup of previous index directories after each rebuild enabled (--rebuild-keep-previous-index-dirs original-and-most-recent)
2026-09-17 22:19:06.514 - INFO: The git hash used to build this index was "65f84b4"
2026-09-17 22:19:06.514 - INFO: Reading vocabulary from file /local/data-ssd/stoetzem/wikidata/wikidata.vocabulary.words ...
2026-09-17 22:19:19.593 - INFO: Done, number of words: 1,580,300,680
2026-09-17 22:19:19.593 - INFO: Number of words in internal vocabulary (these are also part of the external vocabulary): 777,658,536
2026-09-17 22:19:19.668 - INFO: Registered PSO permutation: #relations = 10,100, #blocks = 225,155, #triples = 6,983,973,847
2026-09-17 22:19:19.761 - INFO: Registered PSO permutation: #relations = 13,566, #blocks = 264,339, #triples = 8,220,417,022
2026-09-17 22:19:19.836 - INFO: Registered POS permutation: #relations = 10,100, #blocks = 225,155, #triples = 6,983,973,847
2026-09-17 22:19:19.941 - INFO: Registered POS permutation: #relations = 13,566, #blocks = 264,339, #triples = 8,220,417,022
2026-09-17 22:19:20.028 - INFO: Registered OPS permutation: #relations = 1,683,253,489, #blocks = 222,728, #triples = 8,220,417,022
2026-09-17 22:19:20.117 - INFO: Registered OSP permutation: #relations = 1,683,253,489, #blocks = 222,728, #triples = 8,220,417,022
2026-09-17 22:19:20.176 - INFO: Registered SPO permutation: #relations = 252,534,289, #blocks = 175,741, #triples = 8,220,417,022
2026-09-17 22:19:20.235 - INFO: Registered SOP permutation: #relations = 252,534,289, #blocks = 175,741, #triples = 8,220,417,022
2026-09-17 22:19:20.235 - INFO: Reading patterns from file /local/data-ssd/stoetzem/wikidata/wikidata.index.patterns ...
2026-09-17 22:19:21.694 - INFO: Sorting random result tables to estimate the sorting performance of this machine ...
2026-09-17 22:19:29.657 - INFO: Initializing server ...
2026-09-17 22:19:29.657 - INFO: No access token required for restricted API calls
2026-09-17 22:19:29.657 - INFO: The server is ready, listening for requests on port 7022 ...
2026-09-17 22:19:31.338 - INFO: 
2026-09-17 22:19:31.338 - INFO: Request received via POST, content type "application/x-www-form-urlencoded"
2026-09-17 22:19:31.340 - INFO: Processing the following SPARQL query:
# Tier H-vocab — English labels, large
# Physical: P+O bound scan of wdt:P31 wd:Q5 (class postings), then
# S+P bound SPO scan of rdfs:label. LANG(?label) maps label IDs to
# strings. CONSTRUCT writes entity IRI + label.
# Targets: large sequential class scan, label vocabulary, 1.3 GiB Turtle
# serialize. Same query as wikidata-construct-humans-label-en.
PREFIX wd: <http://www.wikidata.org/entity/>
PREFIX wdt: <http://www.wikidata.org/prop/direct/>
PREFIX rdfs: <http://www.w3.org/2000/01/rdf-schema#>

CONSTRUCT { ?entity rdfs:label ?label }
WHERE {
  ?entity wdt:P31 wd:Q5 .
  ?entity rdfs:label ?label .
  FILTER(LANG(?label) = "en")
}

2026-09-17 22:19:31.341 - INFO: Requested media types of the result are: "text/turtle"
2026-09-17 22:19:31.364 - INFO: Query planning done in 26 ms
2026-09-17 22:19:31.364 - INFO: Result has unknown size (not computed yet)
2026-09-17 22:19:53.780 - INFO: Done processing query and sending result, total time was 22,441 ms
2026-09-17 22:19:54.330 - INFO: 
2026-09-17 22:19:54.330 - INFO: Request received via POST, content type "application/x-www-form-urlencoded"
2026-09-17 22:19:54.331 - INFO: Processing the following SPARQL query:
# Tier H-vocab — English labels, large
# Physical: P+O bound scan of wdt:P31 wd:Q5 (class postings), then
# S+P bound SPO scan of rdfs:label. LANG(?label) maps label IDs to
# strings. CONSTRUCT writes entity IRI + label.
# Targets: large sequential class scan, label vocabulary, 1.3 GiB Turtle
# serialize. Same query as wikidata-construct-humans-label-en.
PREFIX wd: <http://www.wikidata.org/entity/>
PREFIX wdt: <http://www.wikidata.org/prop/direct/>
PREFIX rdfs: <http://www.w3.org/2000/01/rdf-schema#>

CONSTRUCT { ?entity rdfs:label ?label }
WHERE {
  ?entity wdt:P31 wd:Q5 .
  ?entity rdfs:label ?label .
  FILTER(LANG(?label) = "en")
}

2026-09-17 22:19:54.331 - INFO: Requested media types of the result are: "text/turtle"
2026-09-17 22:19:54.334 - INFO: Query planning done in 3 ms
2026-09-17 22:19:54.334 - INFO: Result has unknown size (not computed yet)
2026-09-17 22:20:16.919 - INFO: Done processing query and sending result, total time was 22,588 ms
2026-09-17 22:20:17.750 - INFO: 
2026-09-17 22:20:17.750 - INFO: Request received via POST, content type "application/x-www-form-urlencoded"
2026-09-17 22:20:17.750 - INFO: Processing the following SPARQL query:
# Tier H-vocab — English labels, large
# Physical: P+O bound scan of wdt:P31 wd:Q5 (class postings), then
# S+P bound SPO scan of rdfs:label. LANG(?label) maps label IDs to
# strings. CONSTRUCT writes entity IRI + label.
# Targets: large sequential class scan, label vocabulary, 1.3 GiB Turtle
# serialize. Same query as wikidata-construct-humans-label-en.
PREFIX wd: <http://www.wikidata.org/entity/>
PREFIX wdt: <http://www.wikidata.org/prop/direct/>
PREFIX rdfs: <http://www.w3.org/2000/01/rdf-schema#>

CONSTRUCT { ?entity rdfs:label ?label }
WHERE {
  ?entity wdt:P31 wd:Q5 .
  ?entity rdfs:label ?label .
  FILTER(LANG(?label) = "en")
}

2026-09-17 22:20:17.750 - INFO: Requested media types of the result are: "text/turtle"
2026-09-17 22:20:17.754 - INFO: Query planning done in 3 ms
2026-09-17 22:20:17.754 - INFO: Result has unknown size (not computed yet)
2026-09-17 22:20:40.495 - INFO: Done processing query and sending result, total time was 22,745 ms
2026-09-17 22:20:46.879 - INFO: 
2026-09-17 22:20:46.879 - INFO: Request received via POST, content type "application/x-www-form-urlencoded"
2026-09-17 22:20:46.879 - INFO: Processing the following SPARQL query:
# Tier H-vocab — English labels, large (SELECT companion)
# Same WHERE clause as H-vocab-label-large.rq, but SELECT ?entity ?label
# instead of CONSTRUCT. Used by run 124 (export term-lookup perf profile)
# to attribute SELECT export CPU between vocabulary lookup and formatting.
PREFIX wd: <http://www.wikidata.org/entity/>
PREFIX wdt: <http://www.wikidata.org/prop/direct/>
PREFIX rdfs: <http://www.w3.org/2000/01/rdf-schema#>

SELECT ?entity ?label
WHERE {
  ?entity wdt:P31 wd:Q5 .
  ?entity rdfs:label ?label .
  FILTER(LANG(?label) = "en")
}

2026-09-17 22:20:46.879 - INFO: Requested media types of the result are: "text/csv"
2026-09-17 22:20:46.883 - INFO: Query planning done in 4 ms
2026-09-17 22:20:46.883 - INFO: Result has unknown size (not computed yet)
2026-09-17 22:21:06.894 - INFO: Done processing query and sending result, total time was 20,015 ms
2026-09-17 22:21:07.267 - INFO: 
2026-09-17 22:21:07.267 - INFO: Request received via POST, content type "application/x-www-form-urlencoded"
2026-09-17 22:21:07.267 - INFO: Processing the following SPARQL query:
# Tier H-vocab — English labels, large (SELECT companion)
# Same WHERE clause as H-vocab-label-large.rq, but SELECT ?entity ?label
# instead of CONSTRUCT. Used by run 124 (export term-lookup perf profile)
# to attribute SELECT export CPU between vocabulary lookup and formatting.
PREFIX wd: <http://www.wikidata.org/entity/>
PREFIX wdt: <http://www.wikidata.org/prop/direct/>
PREFIX rdfs: <http://www.w3.org/2000/01/rdf-schema#>

SELECT ?entity ?label
WHERE {
  ?entity wdt:P31 wd:Q5 .
  ?entity rdfs:label ?label .
  FILTER(LANG(?label) = "en")
}

2026-09-17 22:21:07.267 - INFO: Requested media types of the result are: "text/csv"
2026-09-17 22:21:07.270 - INFO: Query planning done in 2 ms
2026-09-17 22:21:07.270 - INFO: Result has unknown size (not computed yet)
2026-09-17 22:21:27.447 - INFO: Done processing query and sending result, total time was 20,179 ms
2026-09-17 22:21:27.902 - INFO: 
2026-09-17 22:21:27.902 - INFO: Request received via POST, content type "application/x-www-form-urlencoded"
2026-09-17 22:21:27.903 - INFO: Processing the following SPARQL query:
# Tier H-vocab — English labels, large (SELECT companion)
# Same WHERE clause as H-vocab-label-large.rq, but SELECT ?entity ?label
# instead of CONSTRUCT. Used by run 124 (export term-lookup perf profile)
# to attribute SELECT export CPU between vocabulary lookup and formatting.
PREFIX wd: <http://www.wikidata.org/entity/>
PREFIX wdt: <http://www.wikidata.org/prop/direct/>
PREFIX rdfs: <http://www.w3.org/2000/01/rdf-schema#>

SELECT ?entity ?label
WHERE {
  ?entity wdt:P31 wd:Q5 .
  ?entity rdfs:label ?label .
  FILTER(LANG(?label) = "en")
}

2026-09-17 22:21:27.903 - INFO: Requested media types of the result are: "text/csv"
2026-09-17 22:21:27.906 - INFO: Query planning done in 3 ms
2026-09-17 22:21:27.906 - INFO: Result has unknown size (not computed yet)
2026-09-17 22:21:48.171 - INFO: Done processing query and sending result, total time was 20,268 ms
