2026-10-07 14:01:50.348 - INFO: [1mQLever server CIKM-3080-g112f76a70, compiled on Wed Oct  7 10:17:30 UTC 2026 using git hash 112f76a[22m
2026-10-07 14:01:50.348 - INFO: Cleanup of previous index directories after each rebuild enabled (--rebuild-keep-previous-index-dirs original-and-most-recent)
2026-10-07 14:01:50.349 - INFO: The git hash used to build this index was "65f84b4"
2026-10-07 14:01:50.349 - INFO: Reading vocabulary from file /local/data-ssd/stoetzem/wikidata/wikidata.vocabulary.words ...
2026-10-07 14:02:04.742 - INFO: Done, number of words: 1,580,300,680
2026-10-07 14:02:04.742 - INFO: Number of words in internal vocabulary (these are also part of the external vocabulary): 777,658,536
2026-10-07 14:02:04.824 - INFO: Registered PSO permutation: #relations = 10,100, #blocks = 225,155, #triples = 6,983,973,847
2026-10-07 14:02:04.927 - INFO: Registered PSO permutation: #relations = 13,566, #blocks = 264,339, #triples = 8,220,417,022
2026-10-07 14:02:05.011 - INFO: Registered POS permutation: #relations = 10,100, #blocks = 225,155, #triples = 6,983,973,847
2026-10-07 14:02:05.131 - INFO: Registered POS permutation: #relations = 13,566, #blocks = 264,339, #triples = 8,220,417,022
2026-10-07 14:02:05.217 - INFO: Registered OPS permutation: #relations = 1,683,253,489, #blocks = 222,728, #triples = 8,220,417,022
2026-10-07 14:02:05.310 - INFO: Registered OSP permutation: #relations = 1,683,253,489, #blocks = 222,728, #triples = 8,220,417,022
2026-10-07 14:02:05.370 - INFO: Registered SPO permutation: #relations = 252,534,289, #blocks = 175,741, #triples = 8,220,417,022
2026-10-07 14:02:05.429 - INFO: Registered SOP permutation: #relations = 252,534,289, #blocks = 175,741, #triples = 8,220,417,022
2026-10-07 14:02:05.429 - INFO: Reading patterns from file /local/data-ssd/stoetzem/wikidata/wikidata.index.patterns ...
2026-10-07 14:02:06.955 - INFO: Sorting random result tables to estimate the sorting performance of this machine ...
2026-10-07 14:02:15.759 - INFO: Initializing server ...
2026-10-07 14:02:15.759 - INFO: ExportEngineV2 serialize posts onto queryThreadPool_ (8 threads); no extra V2 pool. Helpers stop admitting when another query is registered.
2026-10-07 14:02:15.759 - INFO: No access token required for restricted API calls
2026-10-07 14:02:15.759 - INFO: The server is ready, listening for requests on port 7041 ...
2026-10-07 14:02:18.693 - INFO: 
2026-10-07 14:02:18.693 - INFO: Request received via POST, content type "application/x-www-form-urlencoded"
2026-10-07 14:02:18.701 - INFO: Processing the following SPARQL query:
# Tier H-vocab — English labels, large (SELECT companion)
# Same WHERE clause as H-vocab-label-large.rq, but SELECT ?entity ?label
# instead of CONSTRUCT. Used by run 124 (export term-lookup perf profile)
# to attribute SELECT export CPU between vocabulary lookup and formatting.
PREFIX wd: <http://www.wikidata.org/entity/>
PREFIX wdt: <http://www.wikidata.org/prop/direct/>
PREFIX rdfs: <http://www.w3.org/2000/01/rdf-schema#>

SELECT ?entity ?label
WHERE {
  ?entity wdt:P31 wd:Q5 .
  ?entity rdfs:label ?label .
  FILTER(LANG(?label) = "en")
}

2026-10-07 14:02:18.703 - INFO: Requested media types of the result are: "text/csv"
2026-10-07 14:02:18.704 - INFO: Query planning done in 11 ms
2026-10-07 14:02:18.704 - INFO: ExportEngine: FastStreamingV2 [Reason: Fast-Path V2 selected (eligible export query with explicit or default opt-in)]
2026-10-07 14:02:18.704 - INFO: Using ExportEngineV2 for text/csv export
2026-10-07 14:02:18.705 - INFO: Result has unknown size (not computed yet)
2026-10-07 14:02:18.705 - INFO: ExportEngineV2 streaming lazy result blocks to morsels on queryThreadPool_ (no extra V2 threads)
2026-10-07 14:02:22.202 - INFO: V2DIAG coordinator tid 3,129,640 submitted 1,422 morsels, consumed 1,422, files /local/data-ssd/stoetzem/thesis/experiments/runs/v2-utilisation-diag/B/j8/v2diag-spool/v2diag-3128855-1-4924588563370853-*.csv
2026-10-07 14:02:22.207 - INFO: Done processing query and sending result, total time was 3,514 ms
2026-10-07 14:02:24.856 - INFO: 
2026-10-07 14:02:24.856 - INFO: Request received via POST, content type "application/x-www-form-urlencoded"
2026-10-07 14:02:24.856 - INFO: Processing the following SPARQL query:
# Tier H-vocab — English labels, large (SELECT companion)
# Same WHERE clause as H-vocab-label-large.rq, but SELECT ?entity ?label
# instead of CONSTRUCT. Used by run 124 (export term-lookup perf profile)
# to attribute SELECT export CPU between vocabulary lookup and formatting.
PREFIX wd: <http://www.wikidata.org/entity/>
PREFIX wdt: <http://www.wikidata.org/prop/direct/>
PREFIX rdfs: <http://www.w3.org/2000/01/rdf-schema#>

SELECT ?entity ?label
WHERE {
  ?entity wdt:P31 wd:Q5 .
  ?entity rdfs:label ?label .
  FILTER(LANG(?label) = "en")
}

2026-10-07 14:02:24.856 - INFO: Requested media types of the result are: "text/csv"
2026-10-07 14:02:24.858 - INFO: Query planning done in 2 ms
2026-10-07 14:02:24.858 - INFO: ExportEngine: FastStreamingV2 [Reason: Fast-Path V2 selected (eligible export query with explicit or default opt-in)]
2026-10-07 14:02:24.858 - INFO: Using ExportEngineV2 for text/csv export
2026-10-07 14:02:24.858 - INFO: Result has unknown size (not computed yet)
2026-10-07 14:02:24.858 - INFO: ExportEngineV2 streaming lazy result blocks to morsels on queryThreadPool_ (no extra V2 threads)
2026-10-07 14:02:28.282 - INFO: V2DIAG coordinator tid 3,129,891 submitted 1,422 morsels, consumed 1,422, files /local/data-ssd/stoetzem/thesis/experiments/runs/v2-utilisation-diag/B/j8/v2diag-spool/v2diag-3128855-2-4924594643506118-*.csv
2026-10-07 14:02:28.286 - INFO: Done processing query and sending result, total time was 3,429 ms
2026-10-07 14:02:29.332 - INFO: 
2026-10-07 14:02:29.332 - INFO: Request received via POST, content type "application/x-www-form-urlencoded"
2026-10-07 14:02:29.333 - INFO: Processing the following SPARQL query:
# Tier H-vocab — English labels, large (SELECT companion)
# Same WHERE clause as H-vocab-label-large.rq, but SELECT ?entity ?label
# instead of CONSTRUCT. Used by run 124 (export term-lookup perf profile)
# to attribute SELECT export CPU between vocabulary lookup and formatting.
PREFIX wd: <http://www.wikidata.org/entity/>
PREFIX wdt: <http://www.wikidata.org/prop/direct/>
PREFIX rdfs: <http://www.w3.org/2000/01/rdf-schema#>

SELECT ?entity ?label
WHERE {
  ?entity wdt:P31 wd:Q5 .
  ?entity rdfs:label ?label .
  FILTER(LANG(?label) = "en")
}

2026-10-07 14:02:29.333 - INFO: Requested media types of the result are: "text/csv"
2026-10-07 14:02:29.333 - INFO: Query planning done in 1 ms
2026-10-07 14:02:29.333 - INFO: ExportEngine: FastStreamingV2 [Reason: Fast-Path V2 selected (eligible export query with explicit or default opt-in)]
2026-10-07 14:02:29.333 - INFO: Using ExportEngineV2 for text/csv export
2026-10-07 14:02:29.334 - INFO: Result has unknown size (not computed yet)
2026-10-07 14:02:29.334 - INFO: ExportEngineV2 streaming lazy result blocks to morsels on queryThreadPool_ (no extra V2 threads)
2026-10-07 14:02:32.728 - INFO: V2DIAG coordinator tid 3,130,047 submitted 1,422 morsels, consumed 1,422, files /local/data-ssd/stoetzem/thesis/experiments/runs/v2-utilisation-diag/B/j8/v2diag-spool/v2diag-3128855-3-4924599089487784-*.csv
2026-10-07 14:02:32.733 - INFO: Done processing query and sending result, total time was 3,400 ms
2026-10-07 14:02:35.721 - INFO: 
2026-10-07 14:02:35.722 - INFO: Request received via POST, content type "application/x-www-form-urlencoded"
2026-10-07 14:02:35.722 - INFO: Processing the following SPARQL query:
# Tier H-vocab — English labels, large (SELECT companion)
# Same WHERE clause as H-vocab-label-large.rq, but SELECT ?entity ?label
# instead of CONSTRUCT. Used by run 124 (export term-lookup perf profile)
# to attribute SELECT export CPU between vocabulary lookup and formatting.
PREFIX wd: <http://www.wikidata.org/entity/>
PREFIX wdt: <http://www.wikidata.org/prop/direct/>
PREFIX rdfs: <http://www.w3.org/2000/01/rdf-schema#>

SELECT ?entity ?label
WHERE {
  ?entity wdt:P31 wd:Q5 .
  ?entity rdfs:label ?label .
  FILTER(LANG(?label) = "en")
}

2026-10-07 14:02:35.722 - INFO: Requested media types of the result are: "text/csv"
2026-10-07 14:02:35.722 - INFO: Query planning done in 0 ms
2026-10-07 14:02:35.722 - INFO: ExportEngine: FastStreamingV2 [Reason: Fast-Path V2 selected (eligible export query with explicit or default opt-in)]
2026-10-07 14:02:35.722 - INFO: Using ExportEngineV2 for text/csv export
2026-10-07 14:02:35.723 - INFO: Result has unknown size (not computed yet)
2026-10-07 14:02:35.723 - INFO: ExportEngineV2 streaming lazy result blocks to morsels on queryThreadPool_ (no extra V2 threads)
2026-10-07 14:02:39.186 - INFO: V2DIAG coordinator tid 3,130,334 submitted 1,422 morsels, consumed 1,422, files /local/data-ssd/stoetzem/thesis/experiments/runs/v2-utilisation-diag/B/j8/v2diag-spool/v2diag-3128855-4-4924605547437424-*.csv
2026-10-07 14:02:39.190 - INFO: Done processing query and sending result, total time was 3,468 ms
2026-10-07 14:02:43.819 - INFO: 
2026-10-07 14:02:43.819 - INFO: Request received via POST, content type "application/x-www-form-urlencoded"
2026-10-07 14:02:43.820 - INFO: Processing the following SPARQL query:
# Tier H-vocab — English labels, large (SELECT companion)
# Same WHERE clause as H-vocab-label-large.rq, but SELECT ?entity ?label
# instead of CONSTRUCT. Used by run 124 (export term-lookup perf profile)
# to attribute SELECT export CPU between vocabulary lookup and formatting.
PREFIX wd: <http://www.wikidata.org/entity/>
PREFIX wdt: <http://www.wikidata.org/prop/direct/>
PREFIX rdfs: <http://www.w3.org/2000/01/rdf-schema#>

SELECT ?entity ?label
WHERE {
  ?entity wdt:P31 wd:Q5 .
  ?entity rdfs:label ?label .
  FILTER(LANG(?label) = "en")
}

2026-10-07 14:02:43.820 - INFO: Requested media types of the result are: "text/csv"
2026-10-07 14:02:43.820 - INFO: Query planning done in 0 ms
2026-10-07 14:02:43.820 - INFO: ExportEngine: FastStreamingV2 [Reason: Fast-Path V2 selected (eligible export query with explicit or default opt-in)]
2026-10-07 14:02:43.820 - INFO: Using ExportEngineV2 for text/csv export
2026-10-07 14:02:43.821 - INFO: Result has unknown size (not computed yet)
2026-10-07 14:02:43.821 - INFO: ExportEngineV2 streaming lazy result blocks to morsels on queryThreadPool_ (no extra V2 threads)
2026-10-07 14:02:47.299 - INFO: V2DIAG coordinator tid 3,130,643 submitted 1,422 morsels, consumed 1,422, files /local/data-ssd/stoetzem/thesis/experiments/runs/v2-utilisation-diag/B/j8/v2diag-spool/v2diag-3128855-5-4924613661098959-*.csv
2026-10-07 14:02:47.303 - INFO: Done processing query and sending result, total time was 3,483 ms
2026-10-07 14:02:53.334 - INFO: 
2026-10-07 14:02:53.334 - INFO: Request received via POST, content type "application/x-www-form-urlencoded"
2026-10-07 14:02:53.334 - INFO: Processing the following SPARQL query:
# Tier H-vocab — English labels, large (SELECT companion)
# Same WHERE clause as H-vocab-label-large.rq, but SELECT ?entity ?label
# instead of CONSTRUCT. Used by run 124 (export term-lookup perf profile)
# to attribute SELECT export CPU between vocabulary lookup and formatting.
PREFIX wd: <http://www.wikidata.org/entity/>
PREFIX wdt: <http://www.wikidata.org/prop/direct/>
PREFIX rdfs: <http://www.w3.org/2000/01/rdf-schema#>

SELECT ?entity ?label
WHERE {
  ?entity wdt:P31 wd:Q5 .
  ?entity rdfs:label ?label .
  FILTER(LANG(?label) = "en")
}

2026-10-07 14:02:53.334 - INFO: Requested media types of the result are: "text/csv"
2026-10-07 14:02:53.335 - INFO: Query planning done in 1 ms
2026-10-07 14:02:53.335 - INFO: ExportEngine: FastStreamingV2 [Reason: Fast-Path V2 selected (eligible export query with explicit or default opt-in)]
2026-10-07 14:02:53.335 - INFO: Using ExportEngineV2 for text/csv export
2026-10-07 14:02:53.336 - INFO: Result has unknown size (not computed yet)
2026-10-07 14:02:53.336 - INFO: ExportEngineV2 streaming lazy result blocks to morsels on queryThreadPool_ (no extra V2 threads)
2026-10-07 14:02:56.853 - INFO: V2DIAG coordinator tid 3,130,929 submitted 1,422 morsels, consumed 1,422, files /local/data-ssd/stoetzem/thesis/experiments/runs/v2-utilisation-diag/B/j8/v2diag-spool/v2diag-3128855-6-4924623214267216-*.csv
2026-10-07 14:02:56.860 - INFO: Done processing query and sending result, total time was 3,525 ms
