[2026-09-16T15:28:13Z] port 7015 free; starting
[2026-09-16T15:28:14Z] run H-vocab-label-large-select cold rep 1
preflight: qlever-server binary version does not match source commit: source cc7cc74f2, binary /local/data-ssd/stoetzem/wt/master/build/qlever-server v0.6.0-89-g090c76f64
preflight: CPU governors not performance: {'cpu0': 'powersave', 'cpu1': 'powersave', 'cpu10': 'powersave', 'cpu11': 'powersave', 'cpu12': 'powersave', 'cpu13': 'powersave', 'cpu14': 'powersave', 'cpu15': 'powersave', 'cpu2': 'powersave', 'cpu3': 'powersave', 'cpu4': 'powersave', 'cpu5': 'powersave', 'cpu6': 'powersave', 'cpu7': 'powersave', 'cpu8': 'powersave', 'cpu9': 'powersave'}
preflight: 1-minute load average 0.50 >= 0.5
[2026-09-16T15:28:14Z] done H-vocab-label-large-select cold rep 1 (harness rc=2)
[2026-09-16T15:28:17Z] run H-vocab-label-large-select cold rep 2
preflight: qlever-server binary version does not match source commit: source cc7cc74f2, binary /local/data-ssd/stoetzem/wt/master/build/qlever-server v0.6.0-89-g090c76f64
preflight: CPU governors not performance: {'cpu0': 'powersave', 'cpu1': 'powersave', 'cpu10': 'powersave', 'cpu11': 'powersave', 'cpu12': 'powersave', 'cpu13': 'powersave', 'cpu14': 'powersave', 'cpu15': 'powersave', 'cpu2': 'powersave', 'cpu3': 'powersave', 'cpu4': 'powersave', 'cpu5': 'powersave', 'cpu6': 'powersave', 'cpu7': 'powersave', 'cpu8': 'powersave', 'cpu9': 'powersave'}
preflight: 1-minute load average 0.50 >= 0.5
[2026-09-16T15:28:17Z] done H-vocab-label-large-select cold rep 2 (harness rc=2)
[2026-09-16T15:28:19Z] run H-vocab-label-large-select cold rep 3
preflight: qlever-server binary version does not match source commit: source cc7cc74f2, binary /local/data-ssd/stoetzem/wt/master/build/qlever-server v0.6.0-89-g090c76f64
preflight: CPU governors not performance: {'cpu0': 'powersave', 'cpu1': 'powersave', 'cpu10': 'powersave', 'cpu11': 'powersave', 'cpu12': 'powersave', 'cpu13': 'powersave', 'cpu14': 'powersave', 'cpu15': 'powersave', 'cpu2': 'powersave', 'cpu3': 'powersave', 'cpu4': 'powersave', 'cpu5': 'powersave', 'cpu6': 'powersave', 'cpu7': 'powersave', 'cpu8': 'powersave', 'cpu9': 'powersave'}
[2026-09-16T15:28:20Z] done H-vocab-label-large-select cold rep 3 (harness rc=2)
[2026-09-16T15:28:22Z] run H-vocab-label-large-select cold rep 4
preflight: qlever-server binary version does not match source commit: source cc7cc74f2, binary /local/data-ssd/stoetzem/wt/master/build/qlever-server v0.6.0-89-g090c76f64
preflight: CPU governors not performance: {'cpu0': 'powersave', 'cpu1': 'powersave', 'cpu10': 'powersave', 'cpu11': 'powersave', 'cpu12': 'powersave', 'cpu13': 'powersave', 'cpu14': 'powersave', 'cpu15': 'powersave', 'cpu2': 'powersave', 'cpu3': 'powersave', 'cpu4': 'powersave', 'cpu5': 'powersave', 'cpu6': 'powersave', 'cpu7': 'powersave', 'cpu8': 'powersave', 'cpu9': 'powersave'}
[2026-09-16T15:28:22Z] done H-vocab-label-large-select cold rep 4 (harness rc=2)
[2026-09-16T15:28:25Z] run H-vocab-label-large-select cold rep 5
preflight: qlever-server binary version does not match source commit: source cc7cc74f2, binary /local/data-ssd/stoetzem/wt/master/build/qlever-server v0.6.0-89-g090c76f64
preflight: CPU governors not performance: {'cpu0': 'powersave', 'cpu1': 'powersave', 'cpu10': 'powersave', 'cpu11': 'powersave', 'cpu12': 'powersave', 'cpu13': 'powersave', 'cpu14': 'powersave', 'cpu15': 'powersave', 'cpu2': 'powersave', 'cpu3': 'powersave', 'cpu4': 'powersave', 'cpu5': 'powersave', 'cpu6': 'powersave', 'cpu7': 'powersave', 'cpu8': 'powersave', 'cpu9': 'powersave'}
[2026-09-16T15:28:25Z] done H-vocab-label-large-select cold rep 5 (harness rc=2)
[2026-09-16T15:28:26Z] run H-vocab-label-large-select warm rep 1
preflight: qlever-server binary version does not match source commit: source cc7cc74f2, binary /local/data-ssd/stoetzem/wt/master/build/qlever-server v0.6.0-89-g090c76f64
preflight: CPU governors not performance: {'cpu0': 'powersave', 'cpu1': 'powersave', 'cpu10': 'powersave', 'cpu11': 'powersave', 'cpu12': 'powersave', 'cpu13': 'powersave', 'cpu14': 'powersave', 'cpu15': 'powersave', 'cpu2': 'powersave', 'cpu3': 'powersave', 'cpu4': 'powersave', 'cpu5': 'powersave', 'cpu6': 'powersave', 'cpu7': 'powersave', 'cpu8': 'powersave', 'cpu9': 'powersave'}
[2026-09-16T15:28:26Z] done H-vocab-label-large-select warm rep 1 (harness rc=2)
[2026-09-16T15:28:27Z] run H-vocab-label-large-select warm rep 2
preflight: qlever-server binary version does not match source commit: source cc7cc74f2, binary /local/data-ssd/stoetzem/wt/master/build/qlever-server v0.6.0-89-g090c76f64
preflight: CPU governors not performance: {'cpu0': 'powersave', 'cpu1': 'powersave', 'cpu10': 'powersave', 'cpu11': 'powersave', 'cpu12': 'powersave', 'cpu13': 'powersave', 'cpu14': 'powersave', 'cpu15': 'powersave', 'cpu2': 'powersave', 'cpu3': 'powersave', 'cpu4': 'powersave', 'cpu5': 'powersave', 'cpu6': 'powersave', 'cpu7': 'powersave', 'cpu8': 'powersave', 'cpu9': 'powersave'}
[2026-09-16T15:28:27Z] done H-vocab-label-large-select warm rep 2 (harness rc=2)
[2026-09-16T15:28:28Z] run H-vocab-label-large-select warm rep 3
preflight: qlever-server binary version does not match source commit: source cc7cc74f2, binary /local/data-ssd/stoetzem/wt/master/build/qlever-server v0.6.0-89-g090c76f64
preflight: CPU governors not performance: {'cpu0': 'powersave', 'cpu1': 'powersave', 'cpu10': 'powersave', 'cpu11': 'powersave', 'cpu12': 'powersave', 'cpu13': 'powersave', 'cpu14': 'powersave', 'cpu15': 'powersave', 'cpu2': 'powersave', 'cpu3': 'powersave', 'cpu4': 'powersave', 'cpu5': 'powersave', 'cpu6': 'powersave', 'cpu7': 'powersave', 'cpu8': 'powersave', 'cpu9': 'powersave'}
[2026-09-16T15:28:28Z] done H-vocab-label-large-select warm rep 3 (harness rc=2)
[2026-09-16T15:28:30Z] run H-vocab-label-large-select warm rep 4
preflight: qlever-server binary version does not match source commit: source cc7cc74f2, binary /local/data-ssd/stoetzem/wt/master/build/qlever-server v0.6.0-89-g090c76f64
preflight: CPU governors not performance: {'cpu0': 'powersave', 'cpu1': 'powersave', 'cpu10': 'powersave', 'cpu11': 'powersave', 'cpu12': 'powersave', 'cpu13': 'powersave', 'cpu14': 'powersave', 'cpu15': 'powersave', 'cpu2': 'powersave', 'cpu3': 'powersave', 'cpu4': 'powersave', 'cpu5': 'powersave', 'cpu6': 'powersave', 'cpu7': 'powersave', 'cpu8': 'powersave', 'cpu9': 'powersave'}
[2026-09-16T15:28:30Z] done H-vocab-label-large-select warm rep 4 (harness rc=2)
[2026-09-16T15:28:31Z] run H-vocab-label-large-select warm rep 5
preflight: qlever-server binary version does not match source commit: source cc7cc74f2, binary /local/data-ssd/stoetzem/wt/master/build/qlever-server v0.6.0-89-g090c76f64
preflight: CPU governors not performance: {'cpu0': 'powersave', 'cpu1': 'powersave', 'cpu10': 'powersave', 'cpu11': 'powersave', 'cpu12': 'powersave', 'cpu13': 'powersave', 'cpu14': 'powersave', 'cpu15': 'powersave', 'cpu2': 'powersave', 'cpu3': 'powersave', 'cpu4': 'powersave', 'cpu5': 'powersave', 'cpu6': 'powersave', 'cpu7': 'powersave', 'cpu8': 'powersave', 'cpu9': 'powersave'}
[2026-09-16T15:28:31Z] done H-vocab-label-large-select warm rep 5 (harness rc=2)
[2026-09-16T15:28:33Z] run H-size-select cold rep 1
preflight: qlever-server binary version does not match source commit: source cc7cc74f2, binary /local/data-ssd/stoetzem/wt/master/build/qlever-server v0.6.0-89-g090c76f64
preflight: CPU governors not performance: {'cpu0': 'powersave', 'cpu1': 'powersave', 'cpu10': 'powersave', 'cpu11': 'powersave', 'cpu12': 'powersave', 'cpu13': 'powersave', 'cpu14': 'powersave', 'cpu15': 'powersave', 'cpu2': 'powersave', 'cpu3': 'powersave', 'cpu4': 'powersave', 'cpu5': 'powersave', 'cpu6': 'powersave', 'cpu7': 'powersave', 'cpu8': 'powersave', 'cpu9': 'powersave'}
[2026-09-16T15:28:33Z] done H-size-select cold rep 1 (harness rc=2)
[2026-09-16T15:28:36Z] run H-size-select cold rep 2
preflight: qlever-server binary version does not match source commit: source cc7cc74f2, binary /local/data-ssd/stoetzem/wt/master/build/qlever-server v0.6.0-89-g090c76f64
preflight: CPU governors not performance: {'cpu0': 'powersave', 'cpu1': 'powersave', 'cpu10': 'powersave', 'cpu11': 'powersave', 'cpu12': 'powersave', 'cpu13': 'powersave', 'cpu14': 'powersave', 'cpu15': 'powersave', 'cpu2': 'powersave', 'cpu3': 'powersave', 'cpu4': 'powersave', 'cpu5': 'powersave', 'cpu6': 'powersave', 'cpu7': 'powersave', 'cpu8': 'powersave', 'cpu9': 'powersave'}
[2026-09-16T15:28:36Z] done H-size-select cold rep 2 (harness rc=2)
[2026-09-16T15:28:39Z] run H-size-select cold rep 3
preflight: qlever-server binary version does not match source commit: source cc7cc74f2, binary /local/data-ssd/stoetzem/wt/master/build/qlever-server v0.6.0-89-g090c76f64
preflight: CPU governors not performance: {'cpu0': 'powersave', 'cpu1': 'powersave', 'cpu10': 'powersave', 'cpu11': 'powersave', 'cpu12': 'powersave', 'cpu13': 'powersave', 'cpu14': 'powersave', 'cpu15': 'powersave', 'cpu2': 'powersave', 'cpu3': 'powersave', 'cpu4': 'powersave', 'cpu5': 'powersave', 'cpu6': 'powersave', 'cpu7': 'powersave', 'cpu8': 'powersave', 'cpu9': 'powersave'}
[2026-09-16T15:28:39Z] done H-size-select cold rep 3 (harness rc=2)
[2026-09-16T15:28:41Z] run H-size-select cold rep 4
preflight: qlever-server binary version does not match source commit: source cc7cc74f2, binary /local/data-ssd/stoetzem/wt/master/build/qlever-server v0.6.0-89-g090c76f64
preflight: CPU governors not performance: {'cpu0': 'powersave', 'cpu1': 'powersave', 'cpu10': 'powersave', 'cpu11': 'powersave', 'cpu12': 'powersave', 'cpu13': 'powersave', 'cpu14': 'powersave', 'cpu15': 'powersave', 'cpu2': 'powersave', 'cpu3': 'powersave', 'cpu4': 'powersave', 'cpu5': 'powersave', 'cpu6': 'powersave', 'cpu7': 'powersave', 'cpu8': 'powersave', 'cpu9': 'powersave'}
[2026-09-16T15:28:41Z] done H-size-select cold rep 4 (harness rc=2)
[2026-09-16T15:28:44Z] run H-size-select cold rep 5
preflight: qlever-server binary version does not match source commit: source cc7cc74f2, binary /local/data-ssd/stoetzem/wt/master/build/qlever-server v0.6.0-89-g090c76f64
preflight: CPU governors not performance: {'cpu0': 'powersave', 'cpu1': 'powersave', 'cpu10': 'powersave', 'cpu11': 'powersave', 'cpu12': 'powersave', 'cpu13': 'powersave', 'cpu14': 'powersave', 'cpu15': 'powersave', 'cpu2': 'powersave', 'cpu3': 'powersave', 'cpu4': 'powersave', 'cpu5': 'powersave', 'cpu6': 'powersave', 'cpu7': 'powersave', 'cpu8': 'powersave', 'cpu9': 'powersave'}
preflight: 1-minute load average 0.53 >= 0.5
[2026-09-16T15:28:44Z] done H-size-select cold rep 5 (harness rc=2)
[2026-09-16T15:28:45Z] run H-size-select warm rep 1
preflight: qlever-server binary version does not match source commit: source cc7cc74f2, binary /local/data-ssd/stoetzem/wt/master/build/qlever-server v0.6.0-89-g090c76f64
preflight: CPU governors not performance: {'cpu0': 'powersave', 'cpu1': 'powersave', 'cpu10': 'powersave', 'cpu11': 'powersave', 'cpu12': 'powersave', 'cpu13': 'powersave', 'cpu14': 'powersave', 'cpu15': 'powersave', 'cpu2': 'powersave', 'cpu3': 'powersave', 'cpu4': 'powersave', 'cpu5': 'powersave', 'cpu6': 'powersave', 'cpu7': 'powersave', 'cpu8': 'powersave', 'cpu9': 'powersave'}
preflight: 1-minute load average 0.53 >= 0.5
[2026-09-16T15:28:45Z] done H-size-select warm rep 1 (harness rc=2)
[2026-09-16T15:28:46Z] run H-size-select warm rep 2
preflight: qlever-server binary version does not match source commit: source cc7cc74f2, binary /local/data-ssd/stoetzem/wt/master/build/qlever-server v0.6.0-89-g090c76f64
preflight: CPU governors not performance: {'cpu0': 'powersave', 'cpu1': 'powersave', 'cpu10': 'powersave', 'cpu11': 'powersave', 'cpu12': 'powersave', 'cpu13': 'powersave', 'cpu14': 'powersave', 'cpu15': 'powersave', 'cpu2': 'powersave', 'cpu3': 'powersave', 'cpu4': 'powersave', 'cpu5': 'powersave', 'cpu6': 'powersave', 'cpu7': 'powersave', 'cpu8': 'powersave', 'cpu9': 'powersave'}
preflight: 1-minute load average 0.53 >= 0.5
[2026-09-16T15:28:46Z] done H-size-select warm rep 2 (harness rc=2)
[2026-09-16T15:28:47Z] run H-size-select warm rep 3
preflight: qlever-server binary version does not match source commit: source cc7cc74f2, binary /local/data-ssd/stoetzem/wt/master/build/qlever-server v0.6.0-89-g090c76f64
preflight: CPU governors not performance: {'cpu0': 'powersave', 'cpu1': 'powersave', 'cpu10': 'powersave', 'cpu11': 'powersave', 'cpu12': 'powersave', 'cpu13': 'powersave', 'cpu14': 'powersave', 'cpu15': 'powersave', 'cpu2': 'powersave', 'cpu3': 'powersave', 'cpu4': 'powersave', 'cpu5': 'powersave', 'cpu6': 'powersave', 'cpu7': 'powersave', 'cpu8': 'powersave', 'cpu9': 'powersave'}
preflight: 1-minute load average 0.53 >= 0.5
[2026-09-16T15:28:48Z] done H-size-select warm rep 3 (harness rc=2)
[2026-09-16T15:28:49Z] run H-size-select warm rep 4
preflight: qlever-server binary version does not match source commit: source cc7cc74f2, binary /local/data-ssd/stoetzem/wt/master/build/qlever-server v0.6.0-89-g090c76f64
preflight: CPU governors not performance: {'cpu0': 'powersave', 'cpu1': 'powersave', 'cpu10': 'powersave', 'cpu11': 'powersave', 'cpu12': 'powersave', 'cpu13': 'powersave', 'cpu14': 'powersave', 'cpu15': 'powersave', 'cpu2': 'powersave', 'cpu3': 'powersave', 'cpu4': 'powersave', 'cpu5': 'powersave', 'cpu6': 'powersave', 'cpu7': 'powersave', 'cpu8': 'powersave', 'cpu9': 'powersave'}
[2026-09-16T15:28:49Z] done H-size-select warm rep 4 (harness rc=2)
[2026-09-16T15:28:50Z] run H-size-select warm rep 5
preflight: qlever-server binary version does not match source commit: source cc7cc74f2, binary /local/data-ssd/stoetzem/wt/master/build/qlever-server v0.6.0-89-g090c76f64
preflight: CPU governors not performance: {'cpu0': 'powersave', 'cpu1': 'powersave', 'cpu10': 'powersave', 'cpu11': 'powersave', 'cpu12': 'powersave', 'cpu13': 'powersave', 'cpu14': 'powersave', 'cpu15': 'powersave', 'cpu2': 'powersave', 'cpu3': 'powersave', 'cpu4': 'powersave', 'cpu5': 'powersave', 'cpu6': 'powersave', 'cpu7': 'powersave', 'cpu8': 'powersave', 'cpu9': 'powersave'}
[2026-09-16T15:28:50Z] done H-size-select warm rep 5 (harness rc=2)
[2026-09-16T15:28:52Z] run D1-select cold rep 1
preflight: qlever-server binary version does not match source commit: source cc7cc74f2, binary /local/data-ssd/stoetzem/wt/master/build/qlever-server v0.6.0-89-g090c76f64
preflight: CPU governors not performance: {'cpu0': 'powersave', 'cpu1': 'powersave', 'cpu10': 'powersave', 'cpu11': 'powersave', 'cpu12': 'powersave', 'cpu13': 'powersave', 'cpu14': 'powersave', 'cpu15': 'powersave', 'cpu2': 'powersave', 'cpu3': 'powersave', 'cpu4': 'powersave', 'cpu5': 'powersave', 'cpu6': 'powersave', 'cpu7': 'powersave', 'cpu8': 'powersave', 'cpu9': 'powersave'}
[2026-09-16T15:28:52Z] done D1-select cold rep 1 (harness rc=2)
[2026-09-16T15:28:55Z] run D1-select cold rep 2
preflight: qlever-server binary version does not match source commit: source cc7cc74f2, binary /local/data-ssd/stoetzem/wt/master/build/qlever-server v0.6.0-89-g090c76f64
preflight: CPU governors not performance: {'cpu0': 'powersave', 'cpu1': 'powersave', 'cpu10': 'powersave', 'cpu11': 'powersave', 'cpu12': 'powersave', 'cpu13': 'powersave', 'cpu14': 'powersave', 'cpu15': 'powersave', 'cpu2': 'powersave', 'cpu3': 'powersave', 'cpu4': 'powersave', 'cpu5': 'powersave', 'cpu6': 'powersave', 'cpu7': 'powersave', 'cpu8': 'powersave', 'cpu9': 'powersave'}
[2026-09-16T15:28:55Z] done D1-select cold rep 2 (harness rc=2)
[2026-09-16T15:28:58Z] run D1-select cold rep 3
preflight: qlever-server binary version does not match source commit: source cc7cc74f2, binary /local/data-ssd/stoetzem/wt/master/build/qlever-server v0.6.0-89-g090c76f64
preflight: CPU governors not performance: {'cpu0': 'powersave', 'cpu1': 'powersave', 'cpu10': 'powersave', 'cpu11': 'powersave', 'cpu12': 'powersave', 'cpu13': 'powersave', 'cpu14': 'powersave', 'cpu15': 'powersave', 'cpu2': 'powersave', 'cpu3': 'powersave', 'cpu4': 'powersave', 'cpu5': 'powersave', 'cpu6': 'powersave', 'cpu7': 'powersave', 'cpu8': 'powersave', 'cpu9': 'powersave'}
[2026-09-16T15:28:58Z] done D1-select cold rep 3 (harness rc=2)
[2026-09-16T15:29:00Z] run D1-select cold rep 4
preflight: qlever-server binary version does not match source commit: source cc7cc74f2, binary /local/data-ssd/stoetzem/wt/master/build/qlever-server v0.6.0-89-g090c76f64
preflight: CPU governors not performance: {'cpu0': 'powersave', 'cpu1': 'powersave', 'cpu10': 'powersave', 'cpu11': 'powersave', 'cpu12': 'powersave', 'cpu13': 'powersave', 'cpu14': 'powersave', 'cpu15': 'powersave', 'cpu2': 'powersave', 'cpu3': 'powersave', 'cpu4': 'powersave', 'cpu5': 'powersave', 'cpu6': 'powersave', 'cpu7': 'powersave', 'cpu8': 'powersave', 'cpu9': 'powersave'}
[2026-09-16T15:29:00Z] done D1-select cold rep 4 (harness rc=2)
[2026-09-16T15:29:03Z] run D1-select cold rep 5
preflight: qlever-server binary version does not match source commit: source cc7cc74f2, binary /local/data-ssd/stoetzem/wt/master/build/qlever-server v0.6.0-89-g090c76f64
preflight: CPU governors not performance: {'cpu0': 'powersave', 'cpu1': 'powersave', 'cpu10': 'powersave', 'cpu11': 'powersave', 'cpu12': 'powersave', 'cpu13': 'powersave', 'cpu14': 'powersave', 'cpu15': 'powersave', 'cpu2': 'powersave', 'cpu3': 'powersave', 'cpu4': 'powersave', 'cpu5': 'powersave', 'cpu6': 'powersave', 'cpu7': 'powersave', 'cpu8': 'powersave', 'cpu9': 'powersave'}
[2026-09-16T15:29:03Z] done D1-select cold rep 5 (harness rc=2)
[2026-09-16T15:29:04Z] run D1-select warm rep 1
preflight: qlever-server binary version does not match source commit: source cc7cc74f2, binary /local/data-ssd/stoetzem/wt/master/build/qlever-server v0.6.0-89-g090c76f64
preflight: CPU governors not performance: {'cpu0': 'powersave', 'cpu1': 'powersave', 'cpu10': 'powersave', 'cpu11': 'powersave', 'cpu12': 'powersave', 'cpu13': 'powersave', 'cpu14': 'powersave', 'cpu15': 'powersave', 'cpu2': 'powersave', 'cpu3': 'powersave', 'cpu4': 'powersave', 'cpu5': 'powersave', 'cpu6': 'powersave', 'cpu7': 'powersave', 'cpu8': 'powersave', 'cpu9': 'powersave'}
[2026-09-16T15:29:04Z] done D1-select warm rep 1 (harness rc=2)
[2026-09-16T15:29:05Z] run D1-select warm rep 2
preflight: qlever-server binary version does not match source commit: source cc7cc74f2, binary /local/data-ssd/stoetzem/wt/master/build/qlever-server v0.6.0-89-g090c76f64
preflight: CPU governors not performance: {'cpu0': 'powersave', 'cpu1': 'powersave', 'cpu10': 'powersave', 'cpu11': 'powersave', 'cpu12': 'powersave', 'cpu13': 'powersave', 'cpu14': 'powersave', 'cpu15': 'powersave', 'cpu2': 'powersave', 'cpu3': 'powersave', 'cpu4': 'powersave', 'cpu5': 'powersave', 'cpu6': 'powersave', 'cpu7': 'powersave', 'cpu8': 'powersave', 'cpu9': 'powersave'}
[2026-09-16T15:29:06Z] done D1-select warm rep 2 (harness rc=2)
[2026-09-16T15:29:07Z] run D1-select warm rep 3
preflight: qlever-server binary version does not match source commit: source cc7cc74f2, binary /local/data-ssd/stoetzem/wt/master/build/qlever-server v0.6.0-89-g090c76f64
preflight: CPU governors not performance: {'cpu0': 'powersave', 'cpu1': 'powersave', 'cpu10': 'powersave', 'cpu11': 'powersave', 'cpu12': 'powersave', 'cpu13': 'powersave', 'cpu14': 'powersave', 'cpu15': 'powersave', 'cpu2': 'powersave', 'cpu3': 'powersave', 'cpu4': 'powersave', 'cpu5': 'powersave', 'cpu6': 'powersave', 'cpu7': 'powersave', 'cpu8': 'powersave', 'cpu9': 'powersave'}
[2026-09-16T15:29:07Z] done D1-select warm rep 3 (harness rc=2)
[2026-09-16T15:29:08Z] run D1-select warm rep 4
preflight: qlever-server binary version does not match source commit: source cc7cc74f2, binary /local/data-ssd/stoetzem/wt/master/build/qlever-server v0.6.0-89-g090c76f64
preflight: CPU governors not performance: {'cpu0': 'powersave', 'cpu1': 'powersave', 'cpu10': 'powersave', 'cpu11': 'powersave', 'cpu12': 'powersave', 'cpu13': 'powersave', 'cpu14': 'powersave', 'cpu15': 'powersave', 'cpu2': 'powersave', 'cpu3': 'powersave', 'cpu4': 'powersave', 'cpu5': 'powersave', 'cpu6': 'powersave', 'cpu7': 'powersave', 'cpu8': 'powersave', 'cpu9': 'powersave'}
[2026-09-16T15:29:08Z] done D1-select warm rep 4 (harness rc=2)
[2026-09-16T15:29:09Z] run D1-select warm rep 5
preflight: qlever-server binary version does not match source commit: source cc7cc74f2, binary /local/data-ssd/stoetzem/wt/master/build/qlever-server v0.6.0-89-g090c76f64
preflight: CPU governors not performance: {'cpu0': 'powersave', 'cpu1': 'powersave', 'cpu10': 'powersave', 'cpu11': 'powersave', 'cpu12': 'powersave', 'cpu13': 'powersave', 'cpu14': 'powersave', 'cpu15': 'powersave', 'cpu2': 'powersave', 'cpu3': 'powersave', 'cpu4': 'powersave', 'cpu5': 'powersave', 'cpu6': 'powersave', 'cpu7': 'powersave', 'cpu8': 'powersave', 'cpu9': 'powersave'}
[2026-09-16T15:29:09Z] done D1-select warm rep 5 (harness rc=2)
[2026-09-16T15:29:11Z] run R1-select cold rep 1
preflight: qlever-server binary version does not match source commit: source cc7cc74f2, binary /local/data-ssd/stoetzem/wt/master/build/qlever-server v0.6.0-89-g090c76f64
preflight: CPU governors not performance: {'cpu0': 'powersave', 'cpu1': 'powersave', 'cpu10': 'powersave', 'cpu11': 'powersave', 'cpu12': 'powersave', 'cpu13': 'powersave', 'cpu14': 'powersave', 'cpu15': 'powersave', 'cpu2': 'powersave', 'cpu3': 'powersave', 'cpu4': 'powersave', 'cpu5': 'powersave', 'cpu6': 'powersave', 'cpu7': 'powersave', 'cpu8': 'powersave', 'cpu9': 'powersave'}
[2026-09-16T15:29:12Z] done R1-select cold rep 1 (harness rc=2)
[2026-09-16T15:29:14Z] run R1-select cold rep 2
preflight: qlever-server binary version does not match source commit: source cc7cc74f2, binary /local/data-ssd/stoetzem/wt/master/build/qlever-server v0.6.0-89-g090c76f64
preflight: CPU governors not performance: {'cpu0': 'powersave', 'cpu1': 'powersave', 'cpu10': 'powersave', 'cpu11': 'powersave', 'cpu12': 'powersave', 'cpu13': 'powersave', 'cpu14': 'powersave', 'cpu15': 'powersave', 'cpu2': 'powersave', 'cpu3': 'powersave', 'cpu4': 'powersave', 'cpu5': 'powersave', 'cpu6': 'powersave', 'cpu7': 'powersave', 'cpu8': 'powersave', 'cpu9': 'powersave'}
[2026-09-16T15:29:14Z] done R1-select cold rep 2 (harness rc=2)
[2026-09-16T15:29:17Z] run R1-select cold rep 3
preflight: qlever-server binary version does not match source commit: source cc7cc74f2, binary /local/data-ssd/stoetzem/wt/master/build/qlever-server v0.6.0-89-g090c76f64
preflight: CPU governors not performance: {'cpu0': 'powersave', 'cpu1': 'powersave', 'cpu10': 'powersave', 'cpu11': 'powersave', 'cpu12': 'powersave', 'cpu13': 'powersave', 'cpu14': 'powersave', 'cpu15': 'powersave', 'cpu2': 'powersave', 'cpu3': 'powersave', 'cpu4': 'powersave', 'cpu5': 'powersave', 'cpu6': 'powersave', 'cpu7': 'powersave', 'cpu8': 'powersave', 'cpu9': 'powersave'}
[2026-09-16T15:29:17Z] done R1-select cold rep 3 (harness rc=2)
[2026-09-16T15:29:20Z] run R1-select cold rep 4
preflight: qlever-server binary version does not match source commit: source cc7cc74f2, binary /local/data-ssd/stoetzem/wt/master/build/qlever-server v0.6.0-89-g090c76f64
preflight: CPU governors not performance: {'cpu0': 'powersave', 'cpu1': 'powersave', 'cpu10': 'powersave', 'cpu11': 'powersave', 'cpu12': 'powersave', 'cpu13': 'powersave', 'cpu14': 'powersave', 'cpu15': 'powersave', 'cpu2': 'powersave', 'cpu3': 'powersave', 'cpu4': 'powersave', 'cpu5': 'powersave', 'cpu6': 'powersave', 'cpu7': 'powersave', 'cpu8': 'powersave', 'cpu9': 'powersave'}
[2026-09-16T15:29:20Z] done R1-select cold rep 4 (harness rc=2)
[2026-09-16T15:29:22Z] run R1-select cold rep 5
preflight: qlever-server binary version does not match source commit: source cc7cc74f2, binary /local/data-ssd/stoetzem/wt/master/build/qlever-server v0.6.0-89-g090c76f64
preflight: CPU governors not performance: {'cpu0': 'powersave', 'cpu1': 'powersave', 'cpu10': 'powersave', 'cpu11': 'powersave', 'cpu12': 'powersave', 'cpu13': 'powersave', 'cpu14': 'powersave', 'cpu15': 'powersave', 'cpu2': 'powersave', 'cpu3': 'powersave', 'cpu4': 'powersave', 'cpu5': 'powersave', 'cpu6': 'powersave', 'cpu7': 'powersave', 'cpu8': 'powersave', 'cpu9': 'powersave'}
[2026-09-16T15:29:22Z] done R1-select cold rep 5 (harness rc=2)
[2026-09-16T15:29:23Z] run R1-select warm rep 1
preflight: qlever-server binary version does not match source commit: source cc7cc74f2, binary /local/data-ssd/stoetzem/wt/master/build/qlever-server v0.6.0-89-g090c76f64
preflight: CPU governors not performance: {'cpu0': 'powersave', 'cpu1': 'powersave', 'cpu10': 'powersave', 'cpu11': 'powersave', 'cpu12': 'powersave', 'cpu13': 'powersave', 'cpu14': 'powersave', 'cpu15': 'powersave', 'cpu2': 'powersave', 'cpu3': 'powersave', 'cpu4': 'powersave', 'cpu5': 'powersave', 'cpu6': 'powersave', 'cpu7': 'powersave', 'cpu8': 'powersave', 'cpu9': 'powersave'}
[2026-09-16T15:29:24Z] done R1-select warm rep 1 (harness rc=2)
[2026-09-16T15:29:25Z] run R1-select warm rep 2
preflight: qlever-server binary version does not match source commit: source cc7cc74f2, binary /local/data-ssd/stoetzem/wt/master/build/qlever-server v0.6.0-89-g090c76f64
preflight: CPU governors not performance: {'cpu0': 'powersave', 'cpu1': 'powersave', 'cpu10': 'powersave', 'cpu11': 'powersave', 'cpu12': 'powersave', 'cpu13': 'powersave', 'cpu14': 'powersave', 'cpu15': 'powersave', 'cpu2': 'powersave', 'cpu3': 'powersave', 'cpu4': 'powersave', 'cpu5': 'powersave', 'cpu6': 'powersave', 'cpu7': 'powersave', 'cpu8': 'powersave', 'cpu9': 'powersave'}
[2026-09-16T15:29:25Z] done R1-select warm rep 2 (harness rc=2)
[2026-09-16T15:29:26Z] run R1-select warm rep 3
preflight: qlever-server binary version does not match source commit: source cc7cc74f2, binary /local/data-ssd/stoetzem/wt/master/build/qlever-server v0.6.0-89-g090c76f64
preflight: CPU governors not performance: {'cpu0': 'powersave', 'cpu1': 'powersave', 'cpu10': 'powersave', 'cpu11': 'powersave', 'cpu12': 'powersave', 'cpu13': 'powersave', 'cpu14': 'powersave', 'cpu15': 'powersave', 'cpu2': 'powersave', 'cpu3': 'powersave', 'cpu4': 'powersave', 'cpu5': 'powersave', 'cpu6': 'powersave', 'cpu7': 'powersave', 'cpu8': 'powersave', 'cpu9': 'powersave'}
[2026-09-16T15:29:26Z] done R1-select warm rep 3 (harness rc=2)
[2026-09-16T15:29:27Z] run R1-select warm rep 4
preflight: qlever-server binary version does not match source commit: source cc7cc74f2, binary /local/data-ssd/stoetzem/wt/master/build/qlever-server v0.6.0-89-g090c76f64
preflight: CPU governors not performance: {'cpu0': 'powersave', 'cpu1': 'powersave', 'cpu10': 'powersave', 'cpu11': 'powersave', 'cpu12': 'powersave', 'cpu13': 'powersave', 'cpu14': 'powersave', 'cpu15': 'powersave', 'cpu2': 'powersave', 'cpu3': 'powersave', 'cpu4': 'powersave', 'cpu5': 'powersave', 'cpu6': 'powersave', 'cpu7': 'powersave', 'cpu8': 'powersave', 'cpu9': 'powersave'}
[2026-09-16T15:29:27Z] done R1-select warm rep 4 (harness rc=2)
[2026-09-16T15:29:28Z] run R1-select warm rep 5
preflight: qlever-server binary version does not match source commit: source cc7cc74f2, binary /local/data-ssd/stoetzem/wt/master/build/qlever-server v0.6.0-89-g090c76f64
preflight: CPU governors not performance: {'cpu0': 'powersave', 'cpu1': 'powersave', 'cpu10': 'powersave', 'cpu11': 'powersave', 'cpu12': 'powersave', 'cpu13': 'powersave', 'cpu14': 'powersave', 'cpu15': 'powersave', 'cpu2': 'powersave', 'cpu3': 'powersave', 'cpu4': 'powersave', 'cpu5': 'powersave', 'cpu6': 'powersave', 'cpu7': 'powersave', 'cpu8': 'powersave', 'cpu9': 'powersave'}
[2026-09-16T15:29:28Z] done R1-select warm rep 5 (harness rc=2)
[2026-09-16T15:29:31Z] run R2-select cold rep 1
preflight: qlever-server binary version does not match source commit: source cc7cc74f2, binary /local/data-ssd/stoetzem/wt/master/build/qlever-server v0.6.0-89-g090c76f64
preflight: CPU governors not performance: {'cpu0': 'powersave', 'cpu1': 'powersave', 'cpu10': 'powersave', 'cpu11': 'powersave', 'cpu12': 'powersave', 'cpu13': 'powersave', 'cpu14': 'powersave', 'cpu15': 'powersave', 'cpu2': 'powersave', 'cpu3': 'powersave', 'cpu4': 'powersave', 'cpu5': 'powersave', 'cpu6': 'powersave', 'cpu7': 'powersave', 'cpu8': 'powersave', 'cpu9': 'powersave'}
[2026-09-16T15:29:31Z] done R2-select cold rep 1 (harness rc=2)
[2026-09-16T15:29:33Z] run R2-select cold rep 2
preflight: qlever-server binary version does not match source commit: source cc7cc74f2, binary /local/data-ssd/stoetzem/wt/master/build/qlever-server v0.6.0-89-g090c76f64
preflight: CPU governors not performance: {'cpu0': 'powersave', 'cpu1': 'powersave', 'cpu10': 'powersave', 'cpu11': 'powersave', 'cpu12': 'powersave', 'cpu13': 'powersave', 'cpu14': 'powersave', 'cpu15': 'powersave', 'cpu2': 'powersave', 'cpu3': 'powersave', 'cpu4': 'powersave', 'cpu5': 'powersave', 'cpu6': 'powersave', 'cpu7': 'powersave', 'cpu8': 'powersave', 'cpu9': 'powersave'}
[2026-09-16T15:29:34Z] done R2-select cold rep 2 (harness rc=2)
[2026-09-16T15:29:36Z] run R2-select cold rep 3
preflight: qlever-server binary version does not match source commit: source cc7cc74f2, binary /local/data-ssd/stoetzem/wt/master/build/qlever-server v0.6.0-89-g090c76f64
preflight: CPU governors not performance: {'cpu0': 'powersave', 'cpu1': 'powersave', 'cpu10': 'powersave', 'cpu11': 'powersave', 'cpu12': 'powersave', 'cpu13': 'powersave', 'cpu14': 'powersave', 'cpu15': 'powersave', 'cpu2': 'powersave', 'cpu3': 'powersave', 'cpu4': 'powersave', 'cpu5': 'powersave', 'cpu6': 'powersave', 'cpu7': 'powersave', 'cpu8': 'powersave', 'cpu9': 'powersave'}
[2026-09-16T15:29:36Z] done R2-select cold rep 3 (harness rc=2)
[2026-09-16T15:29:39Z] run R2-select cold rep 4
preflight: qlever-server binary version does not match source commit: source cc7cc74f2, binary /local/data-ssd/stoetzem/wt/master/build/qlever-server v0.6.0-89-g090c76f64
preflight: CPU governors not performance: {'cpu0': 'powersave', 'cpu1': 'powersave', 'cpu10': 'powersave', 'cpu11': 'powersave', 'cpu12': 'powersave', 'cpu13': 'powersave', 'cpu14': 'powersave', 'cpu15': 'powersave', 'cpu2': 'powersave', 'cpu3': 'powersave', 'cpu4': 'powersave', 'cpu5': 'powersave', 'cpu6': 'powersave', 'cpu7': 'powersave', 'cpu8': 'powersave', 'cpu9': 'powersave'}
[2026-09-16T15:29:39Z] done R2-select cold rep 4 (harness rc=2)
[2026-09-16T15:29:41Z] run R2-select cold rep 5
preflight: qlever-server binary version does not match source commit: source cc7cc74f2, binary /local/data-ssd/stoetzem/wt/master/build/qlever-server v0.6.0-89-g090c76f64
preflight: CPU governors not performance: {'cpu0': 'powersave', 'cpu1': 'powersave', 'cpu10': 'powersave', 'cpu11': 'powersave', 'cpu12': 'powersave', 'cpu13': 'powersave', 'cpu14': 'powersave', 'cpu15': 'powersave', 'cpu2': 'powersave', 'cpu3': 'powersave', 'cpu4': 'powersave', 'cpu5': 'powersave', 'cpu6': 'powersave', 'cpu7': 'powersave', 'cpu8': 'powersave', 'cpu9': 'powersave'}
[2026-09-16T15:29:42Z] done R2-select cold rep 5 (harness rc=2)
[2026-09-16T15:29:43Z] run R2-select warm rep 1
preflight: qlever-server binary version does not match source commit: source cc7cc74f2, binary /local/data-ssd/stoetzem/wt/master/build/qlever-server v0.6.0-89-g090c76f64
preflight: CPU governors not performance: {'cpu0': 'powersave', 'cpu1': 'powersave', 'cpu10': 'powersave', 'cpu11': 'powersave', 'cpu12': 'powersave', 'cpu13': 'powersave', 'cpu14': 'powersave', 'cpu15': 'powersave', 'cpu2': 'powersave', 'cpu3': 'powersave', 'cpu4': 'powersave', 'cpu5': 'powersave', 'cpu6': 'powersave', 'cpu7': 'powersave', 'cpu8': 'powersave', 'cpu9': 'powersave'}
[2026-09-16T15:29:43Z] done R2-select warm rep 1 (harness rc=2)
[2026-09-16T15:29:44Z] run R2-select warm rep 2
preflight: qlever-server binary version does not match source commit: source cc7cc74f2, binary /local/data-ssd/stoetzem/wt/master/build/qlever-server v0.6.0-89-g090c76f64
preflight: CPU governors not performance: {'cpu0': 'powersave', 'cpu1': 'powersave', 'cpu10': 'powersave', 'cpu11': 'powersave', 'cpu12': 'powersave', 'cpu13': 'powersave', 'cpu14': 'powersave', 'cpu15': 'powersave', 'cpu2': 'powersave', 'cpu3': 'powersave', 'cpu4': 'powersave', 'cpu5': 'powersave', 'cpu6': 'powersave', 'cpu7': 'powersave', 'cpu8': 'powersave', 'cpu9': 'powersave'}
[2026-09-16T15:29:44Z] done R2-select warm rep 2 (harness rc=2)
[2026-09-16T15:29:45Z] run R2-select warm rep 3
preflight: qlever-server binary version does not match source commit: source cc7cc74f2, binary /local/data-ssd/stoetzem/wt/master/build/qlever-server v0.6.0-89-g090c76f64
preflight: CPU governors not performance: {'cpu0': 'powersave', 'cpu1': 'powersave', 'cpu10': 'powersave', 'cpu11': 'powersave', 'cpu12': 'powersave', 'cpu13': 'powersave', 'cpu14': 'powersave', 'cpu15': 'powersave', 'cpu2': 'powersave', 'cpu3': 'powersave', 'cpu4': 'powersave', 'cpu5': 'powersave', 'cpu6': 'powersave', 'cpu7': 'powersave', 'cpu8': 'powersave', 'cpu9': 'powersave'}
[2026-09-16T15:29:45Z] done R2-select warm rep 3 (harness rc=2)
[2026-09-16T15:29:46Z] run R2-select warm rep 4
preflight: qlever-server binary version does not match source commit: source cc7cc74f2, binary /local/data-ssd/stoetzem/wt/master/build/qlever-server v0.6.0-89-g090c76f64
preflight: CPU governors not performance: {'cpu0': 'powersave', 'cpu1': 'powersave', 'cpu10': 'powersave', 'cpu11': 'powersave', 'cpu12': 'powersave', 'cpu13': 'powersave', 'cpu14': 'powersave', 'cpu15': 'powersave', 'cpu2': 'powersave', 'cpu3': 'powersave', 'cpu4': 'powersave', 'cpu5': 'powersave', 'cpu6': 'powersave', 'cpu7': 'powersave', 'cpu8': 'powersave', 'cpu9': 'powersave'}
[2026-09-16T15:29:46Z] done R2-select warm rep 4 (harness rc=2)
[2026-09-16T15:29:47Z] run R2-select warm rep 5
preflight: qlever-server binary version does not match source commit: source cc7cc74f2, binary /local/data-ssd/stoetzem/wt/master/build/qlever-server v0.6.0-89-g090c76f64
preflight: CPU governors not performance: {'cpu0': 'powersave', 'cpu1': 'powersave', 'cpu10': 'powersave', 'cpu11': 'powersave', 'cpu12': 'powersave', 'cpu13': 'powersave', 'cpu14': 'powersave', 'cpu15': 'powersave', 'cpu2': 'powersave', 'cpu3': 'powersave', 'cpu4': 'powersave', 'cpu5': 'powersave', 'cpu6': 'powersave', 'cpu7': 'powersave', 'cpu8': 'powersave', 'cpu9': 'powersave'}
[2026-09-16T15:29:47Z] done R2-select warm rep 5 (harness rc=2)
[2026-09-16T15:29:48Z] ALL DONE
