[2026-10-06T23:21:06Z] PR #3528 wikidata turtle_export queries=H-vocab-label-large-de H-vocab-random-label-de-200k scenarios=cold reps=5 mode=same binary, runtime-flag A/B layout=ural
[2026-10-06T23:21:06Z] base:    /local/data-ssd/stoetzem/thesis/experiments/runs/batch-ring-grid-p10/bin/qlever-server-ab (52ca007a) args='--set-runtime-parameter construct-export-row-batch-size=1024 --set-runtime-parameter vocabulary-iouring-ring-size=256' form=''
[2026-10-06T23:21:06Z] variant: /local/data-ssd/stoetzem/thesis/experiments/runs/batch-ring-grid-p10/bin/qlever-server-ab (52ca007a) args='--set-runtime-parameter construct-export-row-batch-size=1024 --set-runtime-parameter vocabulary-iouring-ring-size=1024' form=''
Caches dropped successfully (synced, then wrote 1
 to /proc/sys/vm/drop_caches).
fatal: not a git repository (or any parent up to mount point /local)
Stopping at filesystem boundary (GIT_DISCOVERY_ACROSS_FILESYSTEM not set).
fatal: not a git repository (or any parent up to mount point /local)
Stopping at filesystem boundary (GIT_DISCOVERY_ACROSS_FILESYSTEM not set).
fatal: not a git repository (or any parent up to mount point /local)
Stopping at filesystem boundary (GIT_DISCOVERY_ACROSS_FILESYSTEM not set).
fatal: not a git repository (or any parent up to mount point /local)
Stopping at filesystem boundary (GIT_DISCOVERY_ACROSS_FILESYSTEM not set).
fatal: not a git repository (or any parent up to mount point /local)
Stopping at filesystem boundary (GIT_DISCOVERY_ACROSS_FILESYSTEM not set).
rep 1/1: complete export=s e2e=33.663630779s 504927346 bytes syscr=8881602 pread64=2633 io_uring_enter=167787 read_bytes=9443827712 cpu_s=37.870000
[2026-10-06T23:22:18Z] pr3528-H-vocab-label-large-de-cold-b1024-r256-r1 digest {"bytes": 504927346, "lines": 4515802, "multiset": "75eb7a67996ae056829a3d17083d349b", "xxh3_128": "667b4be896acd8fd34c3a99219789510"}
[2026-10-06T23:22:18Z] pr3528-H-vocab-label-large-de-cold-b1024-r256-r1 done
Caches dropped successfully (synced, then wrote 1
 to /proc/sys/vm/drop_caches).
fatal: not a git repository (or any parent up to mount point /local)
Stopping at filesystem boundary (GIT_DISCOVERY_ACROSS_FILESYSTEM not set).
fatal: not a git repository (or any parent up to mount point /local)
Stopping at filesystem boundary (GIT_DISCOVERY_ACROSS_FILESYSTEM not set).
fatal: not a git repository (or any parent up to mount point /local)
Stopping at filesystem boundary (GIT_DISCOVERY_ACROSS_FILESYSTEM not set).
fatal: not a git repository (or any parent up to mount point /local)
Stopping at filesystem boundary (GIT_DISCOVERY_ACROSS_FILESYSTEM not set).
fatal: not a git repository (or any parent up to mount point /local)
Stopping at filesystem boundary (GIT_DISCOVERY_ACROSS_FILESYSTEM not set).
rep 1/1: complete export=s e2e=33.519307294s 504927346 bytes syscr=8881602 pread64=2633 io_uring_enter=10336 read_bytes=9443692544 cpu_s=37.540000
[2026-10-06T23:23:32Z] pr3528-H-vocab-label-large-de-cold-b1024-r1024-r1 digest {"bytes": 504927346, "lines": 4515802, "multiset": "75eb7a67996ae056829a3d17083d349b", "xxh3_128": "667b4be896acd8fd34c3a99219789510"}
[2026-10-06T23:23:32Z] pr3528-H-vocab-label-large-de-cold-b1024-r1024-r1 done
Caches dropped successfully (synced, then wrote 1
 to /proc/sys/vm/drop_caches).
fatal: not a git repository (or any parent up to mount point /local)
Stopping at filesystem boundary (GIT_DISCOVERY_ACROSS_FILESYSTEM not set).
fatal: not a git repository (or any parent up to mount point /local)
Stopping at filesystem boundary (GIT_DISCOVERY_ACROSS_FILESYSTEM not set).
fatal: not a git repository (or any parent up to mount point /local)
Stopping at filesystem boundary (GIT_DISCOVERY_ACROSS_FILESYSTEM not set).
fatal: not a git repository (or any parent up to mount point /local)
Stopping at filesystem boundary (GIT_DISCOVERY_ACROSS_FILESYSTEM not set).
fatal: not a git repository (or any parent up to mount point /local)
Stopping at filesystem boundary (GIT_DISCOVERY_ACROSS_FILESYSTEM not set).
rep 1/1: complete export=s e2e=30.290636099s 504927346 bytes syscr=8881233 pread64=2633 io_uring_enter=334129 read_bytes=9479159808 cpu_s=34.420000
[2026-10-06T23:24:43Z] pr3528-H-vocab-label-large-de-cold-b4096-r256-r1 digest {"bytes": 504927346, "lines": 4515802, "multiset": "75eb7a67996ae056829a3d17083d349b", "xxh3_128": "667b4be896acd8fd34c3a99219789510"}
[2026-10-06T23:24:43Z] pr3528-H-vocab-label-large-de-cold-b4096-r256-r1 done
Caches dropped successfully (synced, then wrote 1
 to /proc/sys/vm/drop_caches).
fatal: not a git repository (or any parent up to mount point /local)
Stopping at filesystem boundary (GIT_DISCOVERY_ACROSS_FILESYSTEM not set).
fatal: not a git repository (or any parent up to mount point /local)
Stopping at filesystem boundary (GIT_DISCOVERY_ACROSS_FILESYSTEM not set).
fatal: not a git repository (or any parent up to mount point /local)
Stopping at filesystem boundary (GIT_DISCOVERY_ACROSS_FILESYSTEM not set).
fatal: not a git repository (or any parent up to mount point /local)
Stopping at filesystem boundary (GIT_DISCOVERY_ACROSS_FILESYSTEM not set).
fatal: not a git repository (or any parent up to mount point /local)
Stopping at filesystem boundary (GIT_DISCOVERY_ACROSS_FILESYSTEM not set).
rep 1/1: complete export=s e2e=30.462618270s 504927346 bytes syscr=8881233 pread64=2633 io_uring_enter=157890 read_bytes=9479159808 cpu_s=34.650000
[2026-10-06T23:25:54Z] pr3528-H-vocab-label-large-de-cold-b4096-r1024-r1 digest {"bytes": 504927346, "lines": 4515802, "multiset": "75eb7a67996ae056829a3d17083d349b", "xxh3_128": "667b4be896acd8fd34c3a99219789510"}
[2026-10-06T23:25:54Z] pr3528-H-vocab-label-large-de-cold-b4096-r1024-r1 done
Caches dropped successfully (synced, then wrote 1
 to /proc/sys/vm/drop_caches).
fatal: not a git repository (or any parent up to mount point /local)
Stopping at filesystem boundary (GIT_DISCOVERY_ACROSS_FILESYSTEM not set).
fatal: not a git repository (or any parent up to mount point /local)
Stopping at filesystem boundary (GIT_DISCOVERY_ACROSS_FILESYSTEM not set).
fatal: not a git repository (or any parent up to mount point /local)
Stopping at filesystem boundary (GIT_DISCOVERY_ACROSS_FILESYSTEM not set).
fatal: not a git repository (or any parent up to mount point /local)
Stopping at filesystem boundary (GIT_DISCOVERY_ACROSS_FILESYSTEM not set).
fatal: not a git repository (or any parent up to mount point /local)
Stopping at filesystem boundary (GIT_DISCOVERY_ACROSS_FILESYSTEM not set).
rep 1/1: complete export=s e2e=29.244674846s 504927346 bytes syscr=8864670 pread64=2633 io_uring_enter=463209 read_bytes=9567952896 cpu_s=33.340000
[2026-10-06T23:27:03Z] pr3528-H-vocab-label-large-de-cold-b16384-r256-r1 digest {"bytes": 504927346, "lines": 4515802, "multiset": "75eb7a67996ae056829a3d17083d349b", "xxh3_128": "667b4be896acd8fd34c3a99219789510"}
[2026-10-06T23:27:03Z] pr3528-H-vocab-label-large-de-cold-b16384-r256-r1 done
Caches dropped successfully (synced, then wrote 1
 to /proc/sys/vm/drop_caches).
fatal: not a git repository (or any parent up to mount point /local)
Stopping at filesystem boundary (GIT_DISCOVERY_ACROSS_FILESYSTEM not set).
fatal: not a git repository (or any parent up to mount point /local)
Stopping at filesystem boundary (GIT_DISCOVERY_ACROSS_FILESYSTEM not set).
fatal: not a git repository (or any parent up to mount point /local)
Stopping at filesystem boundary (GIT_DISCOVERY_ACROSS_FILESYSTEM not set).
fatal: not a git repository (or any parent up to mount point /local)
Stopping at filesystem boundary (GIT_DISCOVERY_ACROSS_FILESYSTEM not set).
fatal: not a git repository (or any parent up to mount point /local)
Stopping at filesystem boundary (GIT_DISCOVERY_ACROSS_FILESYSTEM not set).
rep 1/1: complete export=s e2e=29.229638470s 504927346 bytes syscr=8864670 pread64=2633 io_uring_enter=327376 read_bytes=9566380032 cpu_s=33.370000
[2026-10-06T23:28:13Z] pr3528-H-vocab-label-large-de-cold-b16384-r1024-r1 digest {"bytes": 504927346, "lines": 4515802, "multiset": "75eb7a67996ae056829a3d17083d349b", "xxh3_128": "667b4be896acd8fd34c3a99219789510"}
[2026-10-06T23:28:13Z] pr3528-H-vocab-label-large-de-cold-b16384-r1024-r1 done
Caches dropped successfully (synced, then wrote 1
 to /proc/sys/vm/drop_caches).
fatal: not a git repository (or any parent up to mount point /local)
Stopping at filesystem boundary (GIT_DISCOVERY_ACROSS_FILESYSTEM not set).
fatal: not a git repository (or any parent up to mount point /local)
Stopping at filesystem boundary (GIT_DISCOVERY_ACROSS_FILESYSTEM not set).
fatal: not a git repository (or any parent up to mount point /local)
Stopping at filesystem boundary (GIT_DISCOVERY_ACROSS_FILESYSTEM not set).
fatal: not a git repository (or any parent up to mount point /local)
Stopping at filesystem boundary (GIT_DISCOVERY_ACROSS_FILESYSTEM not set).
fatal: not a git repository (or any parent up to mount point /local)
Stopping at filesystem boundary (GIT_DISCOVERY_ACROSS_FILESYSTEM not set).
rep 1/1: complete export=s e2e=34.032088658s 504927346 bytes syscr=8881602 pread64=2633 io_uring_enter=10243 read_bytes=9443422208 cpu_s=38.020000
[2026-10-06T23:29:27Z] pr3528-H-vocab-label-large-de-cold-b1024-r1024-r2 digest {"bytes": 504927346, "lines": 4515802, "multiset": "75eb7a67996ae056829a3d17083d349b", "xxh3_128": "667b4be896acd8fd34c3a99219789510"}
[2026-10-06T23:29:27Z] pr3528-H-vocab-label-large-de-cold-b1024-r1024-r2 done
Caches dropped successfully (synced, then wrote 1
 to /proc/sys/vm/drop_caches).
fatal: not a git repository (or any parent up to mount point /local)
Stopping at filesystem boundary (GIT_DISCOVERY_ACROSS_FILESYSTEM not set).
fatal: not a git repository (or any parent up to mount point /local)
Stopping at filesystem boundary (GIT_DISCOVERY_ACROSS_FILESYSTEM not set).
fatal: not a git repository (or any parent up to mount point /local)
Stopping at filesystem boundary (GIT_DISCOVERY_ACROSS_FILESYSTEM not set).
fatal: not a git repository (or any parent up to mount point /local)
Stopping at filesystem boundary (GIT_DISCOVERY_ACROSS_FILESYSTEM not set).
fatal: not a git repository (or any parent up to mount point /local)
Stopping at filesystem boundary (GIT_DISCOVERY_ACROSS_FILESYSTEM not set).
rep 1/1: complete export=s e2e=30.775218990s 504927346 bytes syscr=8881233 pread64=2633 io_uring_enter=334163 read_bytes=9479159808 cpu_s=34.820000
[2026-10-06T23:30:38Z] pr3528-H-vocab-label-large-de-cold-b4096-r256-r2 digest {"bytes": 504927346, "lines": 4515802, "multiset": "75eb7a67996ae056829a3d17083d349b", "xxh3_128": "667b4be896acd8fd34c3a99219789510"}
[2026-10-06T23:30:38Z] pr3528-H-vocab-label-large-de-cold-b4096-r256-r2 done
Caches dropped successfully (synced, then wrote 1
 to /proc/sys/vm/drop_caches).
fatal: not a git repository (or any parent up to mount point /local)
Stopping at filesystem boundary (GIT_DISCOVERY_ACROSS_FILESYSTEM not set).
fatal: not a git repository (or any parent up to mount point /local)
Stopping at filesystem boundary (GIT_DISCOVERY_ACROSS_FILESYSTEM not set).
fatal: not a git repository (or any parent up to mount point /local)
Stopping at filesystem boundary (GIT_DISCOVERY_ACROSS_FILESYSTEM not set).
fatal: not a git repository (or any parent up to mount point /local)
Stopping at filesystem boundary (GIT_DISCOVERY_ACROSS_FILESYSTEM not set).
fatal: not a git repository (or any parent up to mount point /local)
Stopping at filesystem boundary (GIT_DISCOVERY_ACROSS_FILESYSTEM not set).
rep 1/1: complete export=s e2e=30.731745180s 504927346 bytes syscr=8881233 pread64=2633 io_uring_enter=157576 read_bytes=9479159808 cpu_s=34.700000
[2026-10-06T23:31:48Z] pr3528-H-vocab-label-large-de-cold-b4096-r1024-r2 digest {"bytes": 504927346, "lines": 4515802, "multiset": "75eb7a67996ae056829a3d17083d349b", "xxh3_128": "667b4be896acd8fd34c3a99219789510"}
[2026-10-06T23:31:49Z] pr3528-H-vocab-label-large-de-cold-b4096-r1024-r2 done
Caches dropped successfully (synced, then wrote 1
 to /proc/sys/vm/drop_caches).
fatal: not a git repository (or any parent up to mount point /local)
Stopping at filesystem boundary (GIT_DISCOVERY_ACROSS_FILESYSTEM not set).
fatal: not a git repository (or any parent up to mount point /local)
Stopping at filesystem boundary (GIT_DISCOVERY_ACROSS_FILESYSTEM not set).
fatal: not a git repository (or any parent up to mount point /local)
Stopping at filesystem boundary (GIT_DISCOVERY_ACROSS_FILESYSTEM not set).
fatal: not a git repository (or any parent up to mount point /local)
Stopping at filesystem boundary (GIT_DISCOVERY_ACROSS_FILESYSTEM not set).
fatal: not a git repository (or any parent up to mount point /local)
Stopping at filesystem boundary (GIT_DISCOVERY_ACROSS_FILESYSTEM not set).
rep 1/1: complete export=s e2e=29.126040482s 504927346 bytes syscr=8864670 pread64=2633 io_uring_enter=463582 read_bytes=9567952896 cpu_s=33.260000
[2026-10-06T23:32:58Z] pr3528-H-vocab-label-large-de-cold-b16384-r256-r2 digest {"bytes": 504927346, "lines": 4515802, "multiset": "75eb7a67996ae056829a3d17083d349b", "xxh3_128": "667b4be896acd8fd34c3a99219789510"}
[2026-10-06T23:32:58Z] pr3528-H-vocab-label-large-de-cold-b16384-r256-r2 done
Caches dropped successfully (synced, then wrote 1
 to /proc/sys/vm/drop_caches).
fatal: not a git repository (or any parent up to mount point /local)
Stopping at filesystem boundary (GIT_DISCOVERY_ACROSS_FILESYSTEM not set).
fatal: not a git repository (or any parent up to mount point /local)
Stopping at filesystem boundary (GIT_DISCOVERY_ACROSS_FILESYSTEM not set).
fatal: not a git repository (or any parent up to mount point /local)
Stopping at filesystem boundary (GIT_DISCOVERY_ACROSS_FILESYSTEM not set).
fatal: not a git repository (or any parent up to mount point /local)
Stopping at filesystem boundary (GIT_DISCOVERY_ACROSS_FILESYSTEM not set).
fatal: not a git repository (or any parent up to mount point /local)
Stopping at filesystem boundary (GIT_DISCOVERY_ACROSS_FILESYSTEM not set).
rep 1/1: complete export=s e2e=28.125160750s 504927346 bytes syscr=8864666 pread64=2633 io_uring_enter=327865 read_bytes=9568456704 cpu_s=32.110000
[2026-10-06T23:34:06Z] pr3528-H-vocab-label-large-de-cold-b16384-r1024-r2 digest {"bytes": 504927346, "lines": 4515802, "multiset": "75eb7a67996ae056829a3d17083d349b", "xxh3_128": "667b4be896acd8fd34c3a99219789510"}
[2026-10-06T23:34:06Z] pr3528-H-vocab-label-large-de-cold-b16384-r1024-r2 done
Caches dropped successfully (synced, then wrote 1
 to /proc/sys/vm/drop_caches).
fatal: not a git repository (or any parent up to mount point /local)
Stopping at filesystem boundary (GIT_DISCOVERY_ACROSS_FILESYSTEM not set).
fatal: not a git repository (or any parent up to mount point /local)
Stopping at filesystem boundary (GIT_DISCOVERY_ACROSS_FILESYSTEM not set).
fatal: not a git repository (or any parent up to mount point /local)
Stopping at filesystem boundary (GIT_DISCOVERY_ACROSS_FILESYSTEM not set).
fatal: not a git repository (or any parent up to mount point /local)
Stopping at filesystem boundary (GIT_DISCOVERY_ACROSS_FILESYSTEM not set).
fatal: not a git repository (or any parent up to mount point /local)
Stopping at filesystem boundary (GIT_DISCOVERY_ACROSS_FILESYSTEM not set).
rep 1/1: complete export=s e2e=30.657377743s 504927346 bytes syscr=8881598 pread64=2633 io_uring_enter=169011 read_bytes=9443692544 cpu_s=34.380000
[2026-10-06T23:35:13Z] pr3528-H-vocab-label-large-de-cold-b1024-r256-r2 digest {"bytes": 504927346, "lines": 4515802, "multiset": "75eb7a67996ae056829a3d17083d349b", "xxh3_128": "667b4be896acd8fd34c3a99219789510"}
[2026-10-06T23:35:13Z] pr3528-H-vocab-label-large-de-cold-b1024-r256-r2 done
Caches dropped successfully (synced, then wrote 1
 to /proc/sys/vm/drop_caches).
fatal: not a git repository (or any parent up to mount point /local)
Stopping at filesystem boundary (GIT_DISCOVERY_ACROSS_FILESYSTEM not set).
fatal: not a git repository (or any parent up to mount point /local)
Stopping at filesystem boundary (GIT_DISCOVERY_ACROSS_FILESYSTEM not set).
fatal: not a git repository (or any parent up to mount point /local)
Stopping at filesystem boundary (GIT_DISCOVERY_ACROSS_FILESYSTEM not set).
fatal: not a git repository (or any parent up to mount point /local)
Stopping at filesystem boundary (GIT_DISCOVERY_ACROSS_FILESYSTEM not set).
fatal: not a git repository (or any parent up to mount point /local)
Stopping at filesystem boundary (GIT_DISCOVERY_ACROSS_FILESYSTEM not set).
rep 1/1: complete export=s e2e=26.802396729s 504927346 bytes syscr=8881221 pread64=2633 io_uring_enter=335379 read_bytes=9479159808 cpu_s=30.550000
[2026-10-06T23:36:16Z] pr3528-H-vocab-label-large-de-cold-b4096-r256-r3 digest {"bytes": 504927346, "lines": 4515802, "multiset": "75eb7a67996ae056829a3d17083d349b", "xxh3_128": "667b4be896acd8fd34c3a99219789510"}
[2026-10-06T23:36:16Z] pr3528-H-vocab-label-large-de-cold-b4096-r256-r3 done
Caches dropped successfully (synced, then wrote 1
 to /proc/sys/vm/drop_caches).
fatal: not a git repository (or any parent up to mount point /local)
Stopping at filesystem boundary (GIT_DISCOVERY_ACROSS_FILESYSTEM not set).
fatal: not a git repository (or any parent up to mount point /local)
Stopping at filesystem boundary (GIT_DISCOVERY_ACROSS_FILESYSTEM not set).
fatal: not a git repository (or any parent up to mount point /local)
Stopping at filesystem boundary (GIT_DISCOVERY_ACROSS_FILESYSTEM not set).
fatal: not a git repository (or any parent up to mount point /local)
Stopping at filesystem boundary (GIT_DISCOVERY_ACROSS_FILESYSTEM not set).
fatal: not a git repository (or any parent up to mount point /local)
Stopping at filesystem boundary (GIT_DISCOVERY_ACROSS_FILESYSTEM not set).
rep 1/1: complete export=s e2e=26.276833870s 504927346 bytes syscr=8881221 pread64=2633 io_uring_enter=159181 read_bytes=9479159808 cpu_s=30.020000
[2026-10-06T23:37:18Z] pr3528-H-vocab-label-large-de-cold-b4096-r1024-r3 digest {"bytes": 504927346, "lines": 4515802, "multiset": "75eb7a67996ae056829a3d17083d349b", "xxh3_128": "667b4be896acd8fd34c3a99219789510"}
[2026-10-06T23:37:18Z] pr3528-H-vocab-label-large-de-cold-b4096-r1024-r3 done
Caches dropped successfully (synced, then wrote 1
 to /proc/sys/vm/drop_caches).
fatal: not a git repository (or any parent up to mount point /local)
Stopping at filesystem boundary (GIT_DISCOVERY_ACROSS_FILESYSTEM not set).
fatal: not a git repository (or any parent up to mount point /local)
Stopping at filesystem boundary (GIT_DISCOVERY_ACROSS_FILESYSTEM not set).
fatal: not a git repository (or any parent up to mount point /local)
Stopping at filesystem boundary (GIT_DISCOVERY_ACROSS_FILESYSTEM not set).
fatal: not a git repository (or any parent up to mount point /local)
Stopping at filesystem boundary (GIT_DISCOVERY_ACROSS_FILESYSTEM not set).
fatal: not a git repository (or any parent up to mount point /local)
Stopping at filesystem boundary (GIT_DISCOVERY_ACROSS_FILESYSTEM not set).
rep 1/1: complete export=s e2e=24.732653661s 504927346 bytes syscr=8864658 pread64=2633 io_uring_enter=465245 read_bytes=9568456704 cpu_s=28.370000
[2026-10-06T23:38:18Z] pr3528-H-vocab-label-large-de-cold-b16384-r256-r3 digest {"bytes": 504927346, "lines": 4515802, "multiset": "75eb7a67996ae056829a3d17083d349b", "xxh3_128": "667b4be896acd8fd34c3a99219789510"}
[2026-10-06T23:38:18Z] pr3528-H-vocab-label-large-de-cold-b16384-r256-r3 done
Caches dropped successfully (synced, then wrote 1
 to /proc/sys/vm/drop_caches).
fatal: not a git repository (or any parent up to mount point /local)
Stopping at filesystem boundary (GIT_DISCOVERY_ACROSS_FILESYSTEM not set).
fatal: not a git repository (or any parent up to mount point /local)
Stopping at filesystem boundary (GIT_DISCOVERY_ACROSS_FILESYSTEM not set).
fatal: not a git repository (or any parent up to mount point /local)
Stopping at filesystem boundary (GIT_DISCOVERY_ACROSS_FILESYSTEM not set).
fatal: not a git repository (or any parent up to mount point /local)
Stopping at filesystem boundary (GIT_DISCOVERY_ACROSS_FILESYSTEM not set).
fatal: not a git repository (or any parent up to mount point /local)
Stopping at filesystem boundary (GIT_DISCOVERY_ACROSS_FILESYSTEM not set).
rep 1/1: complete export=s e2e=23.800641031s 504927346 bytes syscr=8864658 pread64=2633 io_uring_enter=329631 read_bytes=9568456704 cpu_s=27.330000
[2026-10-06T23:39:15Z] pr3528-H-vocab-label-large-de-cold-b16384-r1024-r3 digest {"bytes": 504927346, "lines": 4515802, "multiset": "75eb7a67996ae056829a3d17083d349b", "xxh3_128": "667b4be896acd8fd34c3a99219789510"}
[2026-10-06T23:39:15Z] pr3528-H-vocab-label-large-de-cold-b16384-r1024-r3 done
Caches dropped successfully (synced, then wrote 1
 to /proc/sys/vm/drop_caches).
fatal: not a git repository (or any parent up to mount point /local)
Stopping at filesystem boundary (GIT_DISCOVERY_ACROSS_FILESYSTEM not set).
fatal: not a git repository (or any parent up to mount point /local)
Stopping at filesystem boundary (GIT_DISCOVERY_ACROSS_FILESYSTEM not set).
fatal: not a git repository (or any parent up to mount point /local)
Stopping at filesystem boundary (GIT_DISCOVERY_ACROSS_FILESYSTEM not set).
fatal: not a git repository (or any parent up to mount point /local)
Stopping at filesystem boundary (GIT_DISCOVERY_ACROSS_FILESYSTEM not set).
fatal: not a git repository (or any parent up to mount point /local)
Stopping at filesystem boundary (GIT_DISCOVERY_ACROSS_FILESYSTEM not set).
rep 1/1: complete export=s e2e=25.908835856s 504927346 bytes syscr=8881586 pread64=2633 io_uring_enter=171740 read_bytes=9443692544 cpu_s=29.550000
[2026-10-06T23:40:15Z] pr3528-H-vocab-label-large-de-cold-b1024-r256-r3 digest {"bytes": 504927346, "lines": 4515802, "multiset": "75eb7a67996ae056829a3d17083d349b", "xxh3_128": "667b4be896acd8fd34c3a99219789510"}
[2026-10-06T23:40:15Z] pr3528-H-vocab-label-large-de-cold-b1024-r256-r3 done
Caches dropped successfully (synced, then wrote 1
 to /proc/sys/vm/drop_caches).
fatal: not a git repository (or any parent up to mount point /local)
Stopping at filesystem boundary (GIT_DISCOVERY_ACROSS_FILESYSTEM not set).
fatal: not a git repository (or any parent up to mount point /local)
Stopping at filesystem boundary (GIT_DISCOVERY_ACROSS_FILESYSTEM not set).
fatal: not a git repository (or any parent up to mount point /local)
Stopping at filesystem boundary (GIT_DISCOVERY_ACROSS_FILESYSTEM not set).
fatal: not a git repository (or any parent up to mount point /local)
Stopping at filesystem boundary (GIT_DISCOVERY_ACROSS_FILESYSTEM not set).
fatal: not a git repository (or any parent up to mount point /local)
Stopping at filesystem boundary (GIT_DISCOVERY_ACROSS_FILESYSTEM not set).
rep 1/1: complete export=s e2e=31.328075241s 504927346 bytes syscr=8881598 pread64=2633 io_uring_enter=10420 read_bytes=9443692544 cpu_s=35.440000
[2026-10-06T23:41:19Z] pr3528-H-vocab-label-large-de-cold-b1024-r1024-r3 digest {"bytes": 504927346, "lines": 4515802, "multiset": "75eb7a67996ae056829a3d17083d349b", "xxh3_128": "667b4be896acd8fd34c3a99219789510"}
[2026-10-06T23:41:19Z] pr3528-H-vocab-label-large-de-cold-b1024-r1024-r3 done
Caches dropped successfully (synced, then wrote 1
 to /proc/sys/vm/drop_caches).
fatal: not a git repository (or any parent up to mount point /local)
Stopping at filesystem boundary (GIT_DISCOVERY_ACROSS_FILESYSTEM not set).
fatal: not a git repository (or any parent up to mount point /local)
Stopping at filesystem boundary (GIT_DISCOVERY_ACROSS_FILESYSTEM not set).
fatal: not a git repository (or any parent up to mount point /local)
Stopping at filesystem boundary (GIT_DISCOVERY_ACROSS_FILESYSTEM not set).
fatal: not a git repository (or any parent up to mount point /local)
Stopping at filesystem boundary (GIT_DISCOVERY_ACROSS_FILESYSTEM not set).
fatal: not a git repository (or any parent up to mount point /local)
Stopping at filesystem boundary (GIT_DISCOVERY_ACROSS_FILESYSTEM not set).
rep 1/1: complete export=s e2e=31.064737117s 504927346 bytes syscr=8881229 pread64=2633 io_uring_enter=157427 read_bytes=9479159808 cpu_s=35.250000
[2026-10-06T23:42:31Z] pr3528-H-vocab-label-large-de-cold-b4096-r1024-r4 digest {"bytes": 504927346, "lines": 4515802, "multiset": "75eb7a67996ae056829a3d17083d349b", "xxh3_128": "667b4be896acd8fd34c3a99219789510"}
[2026-10-06T23:42:31Z] pr3528-H-vocab-label-large-de-cold-b4096-r1024-r4 done
Caches dropped successfully (synced, then wrote 1
 to /proc/sys/vm/drop_caches).
fatal: not a git repository (or any parent up to mount point /local)
Stopping at filesystem boundary (GIT_DISCOVERY_ACROSS_FILESYSTEM not set).
fatal: not a git repository (or any parent up to mount point /local)
Stopping at filesystem boundary (GIT_DISCOVERY_ACROSS_FILESYSTEM not set).
fatal: not a git repository (or any parent up to mount point /local)
Stopping at filesystem boundary (GIT_DISCOVERY_ACROSS_FILESYSTEM not set).
fatal: not a git repository (or any parent up to mount point /local)
Stopping at filesystem boundary (GIT_DISCOVERY_ACROSS_FILESYSTEM not set).
fatal: not a git repository (or any parent up to mount point /local)
Stopping at filesystem boundary (GIT_DISCOVERY_ACROSS_FILESYSTEM not set).
rep 1/1: complete export=s e2e=29.802993932s 504927346 bytes syscr=8864670 pread64=2633 io_uring_enter=462968 read_bytes=9565814784 cpu_s=34.050000
[2026-10-06T23:43:41Z] pr3528-H-vocab-label-large-de-cold-b16384-r256-r4 digest {"bytes": 504927346, "lines": 4515802, "multiset": "75eb7a67996ae056829a3d17083d349b", "xxh3_128": "667b4be896acd8fd34c3a99219789510"}
[2026-10-06T23:43:42Z] pr3528-H-vocab-label-large-de-cold-b16384-r256-r4 done
Caches dropped successfully (synced, then wrote 1
 to /proc/sys/vm/drop_caches).
fatal: not a git repository (or any parent up to mount point /local)
Stopping at filesystem boundary (GIT_DISCOVERY_ACROSS_FILESYSTEM not set).
fatal: not a git repository (or any parent up to mount point /local)
Stopping at filesystem boundary (GIT_DISCOVERY_ACROSS_FILESYSTEM not set).
fatal: not a git repository (or any parent up to mount point /local)
Stopping at filesystem boundary (GIT_DISCOVERY_ACROSS_FILESYSTEM not set).
fatal: not a git repository (or any parent up to mount point /local)
Stopping at filesystem boundary (GIT_DISCOVERY_ACROSS_FILESYSTEM not set).
fatal: not a git repository (or any parent up to mount point /local)
Stopping at filesystem boundary (GIT_DISCOVERY_ACROSS_FILESYSTEM not set).
rep 1/1: complete export=s e2e=29.726507854s 504927346 bytes syscr=8864670 pread64=2633 io_uring_enter=327091 read_bytes=9565818880 cpu_s=33.900000
[2026-10-06T23:44:52Z] pr3528-H-vocab-label-large-de-cold-b16384-r1024-r4 digest {"bytes": 504927346, "lines": 4515802, "multiset": "75eb7a67996ae056829a3d17083d349b", "xxh3_128": "667b4be896acd8fd34c3a99219789510"}
[2026-10-06T23:44:52Z] pr3528-H-vocab-label-large-de-cold-b16384-r1024-r4 done
Caches dropped successfully (synced, then wrote 1
 to /proc/sys/vm/drop_caches).
fatal: not a git repository (or any parent up to mount point /local)
Stopping at filesystem boundary (GIT_DISCOVERY_ACROSS_FILESYSTEM not set).
fatal: not a git repository (or any parent up to mount point /local)
Stopping at filesystem boundary (GIT_DISCOVERY_ACROSS_FILESYSTEM not set).
fatal: not a git repository (or any parent up to mount point /local)
Stopping at filesystem boundary (GIT_DISCOVERY_ACROSS_FILESYSTEM not set).
fatal: not a git repository (or any parent up to mount point /local)
Stopping at filesystem boundary (GIT_DISCOVERY_ACROSS_FILESYSTEM not set).
fatal: not a git repository (or any parent up to mount point /local)
Stopping at filesystem boundary (GIT_DISCOVERY_ACROSS_FILESYSTEM not set).
rep 1/1: complete export=s e2e=34.401183752s 504927346 bytes syscr=8881602 pread64=2633 io_uring_enter=167976 read_bytes=9443692544 cpu_s=38.500000
[2026-10-06T23:46:07Z] pr3528-H-vocab-label-large-de-cold-b1024-r256-r4 digest {"bytes": 504927346, "lines": 4515802, "multiset": "75eb7a67996ae056829a3d17083d349b", "xxh3_128": "667b4be896acd8fd34c3a99219789510"}
[2026-10-06T23:46:07Z] pr3528-H-vocab-label-large-de-cold-b1024-r256-r4 done
Caches dropped successfully (synced, then wrote 1
 to /proc/sys/vm/drop_caches).
fatal: not a git repository (or any parent up to mount point /local)
Stopping at filesystem boundary (GIT_DISCOVERY_ACROSS_FILESYSTEM not set).
fatal: not a git repository (or any parent up to mount point /local)
Stopping at filesystem boundary (GIT_DISCOVERY_ACROSS_FILESYSTEM not set).
fatal: not a git repository (or any parent up to mount point /local)
Stopping at filesystem boundary (GIT_DISCOVERY_ACROSS_FILESYSTEM not set).
fatal: not a git repository (or any parent up to mount point /local)
Stopping at filesystem boundary (GIT_DISCOVERY_ACROSS_FILESYSTEM not set).
fatal: not a git repository (or any parent up to mount point /local)
Stopping at filesystem boundary (GIT_DISCOVERY_ACROSS_FILESYSTEM not set).
rep 1/1: complete export=s e2e=34.302772688s 504927346 bytes syscr=8881606 pread64=2633 io_uring_enter=10186 read_bytes=9443692544 cpu_s=38.270000
[2026-10-06T23:47:22Z] pr3528-H-vocab-label-large-de-cold-b1024-r1024-r4 digest {"bytes": 504927346, "lines": 4515802, "multiset": "75eb7a67996ae056829a3d17083d349b", "xxh3_128": "667b4be896acd8fd34c3a99219789510"}
[2026-10-06T23:47:22Z] pr3528-H-vocab-label-large-de-cold-b1024-r1024-r4 done
Caches dropped successfully (synced, then wrote 1
 to /proc/sys/vm/drop_caches).
fatal: not a git repository (or any parent up to mount point /local)
Stopping at filesystem boundary (GIT_DISCOVERY_ACROSS_FILESYSTEM not set).
fatal: not a git repository (or any parent up to mount point /local)
Stopping at filesystem boundary (GIT_DISCOVERY_ACROSS_FILESYSTEM not set).
fatal: not a git repository (or any parent up to mount point /local)
Stopping at filesystem boundary (GIT_DISCOVERY_ACROSS_FILESYSTEM not set).
fatal: not a git repository (or any parent up to mount point /local)
Stopping at filesystem boundary (GIT_DISCOVERY_ACROSS_FILESYSTEM not set).
fatal: not a git repository (or any parent up to mount point /local)
Stopping at filesystem boundary (GIT_DISCOVERY_ACROSS_FILESYSTEM not set).
rep 1/1: complete export=s e2e=26.273348880s 504927346 bytes syscr=8881221 pread64=2633 io_uring_enter=335022 read_bytes=9479159808 cpu_s=30.050000
[2026-10-06T23:48:26Z] pr3528-H-vocab-label-large-de-cold-b4096-r256-r4 digest {"bytes": 504927346, "lines": 4515802, "multiset": "75eb7a67996ae056829a3d17083d349b", "xxh3_128": "667b4be896acd8fd34c3a99219789510"}
[2026-10-06T23:48:26Z] pr3528-H-vocab-label-large-de-cold-b4096-r256-r4 done
Caches dropped successfully (synced, then wrote 1
 to /proc/sys/vm/drop_caches).
fatal: not a git repository (or any parent up to mount point /local)
Stopping at filesystem boundary (GIT_DISCOVERY_ACROSS_FILESYSTEM not set).
fatal: not a git repository (or any parent up to mount point /local)
Stopping at filesystem boundary (GIT_DISCOVERY_ACROSS_FILESYSTEM not set).
fatal: not a git repository (or any parent up to mount point /local)
Stopping at filesystem boundary (GIT_DISCOVERY_ACROSS_FILESYSTEM not set).
fatal: not a git repository (or any parent up to mount point /local)
Stopping at filesystem boundary (GIT_DISCOVERY_ACROSS_FILESYSTEM not set).
fatal: not a git repository (or any parent up to mount point /local)
Stopping at filesystem boundary (GIT_DISCOVERY_ACROSS_FILESYSTEM not set).
rep 1/1: complete export=s e2e=22.050674086s 504927346 bytes syscr=8864654 pread64=2633 io_uring_enter=466417 read_bytes=9568456704 cpu_s=25.820000
[2026-10-06T23:49:21Z] pr3528-H-vocab-label-large-de-cold-b16384-r256-r5 digest {"bytes": 504927346, "lines": 4515802, "multiset": "75eb7a67996ae056829a3d17083d349b", "xxh3_128": "667b4be896acd8fd34c3a99219789510"}
[2026-10-06T23:49:21Z] pr3528-H-vocab-label-large-de-cold-b16384-r256-r5 done
Caches dropped successfully (synced, then wrote 1
 to /proc/sys/vm/drop_caches).
fatal: not a git repository (or any parent up to mount point /local)
Stopping at filesystem boundary (GIT_DISCOVERY_ACROSS_FILESYSTEM not set).
fatal: not a git repository (or any parent up to mount point /local)
Stopping at filesystem boundary (GIT_DISCOVERY_ACROSS_FILESYSTEM not set).
fatal: not a git repository (or any parent up to mount point /local)
Stopping at filesystem boundary (GIT_DISCOVERY_ACROSS_FILESYSTEM not set).
fatal: not a git repository (or any parent up to mount point /local)
Stopping at filesystem boundary (GIT_DISCOVERY_ACROSS_FILESYSTEM not set).
fatal: not a git repository (or any parent up to mount point /local)
Stopping at filesystem boundary (GIT_DISCOVERY_ACROSS_FILESYSTEM not set).
rep 1/1: complete export=s e2e=21.405567241s 504927346 bytes syscr=8864654 pread64=2633 io_uring_enter=330966 read_bytes=9568456704 cpu_s=25.130000
[2026-10-06T23:50:14Z] pr3528-H-vocab-label-large-de-cold-b16384-r1024-r5 digest {"bytes": 504927346, "lines": 4515802, "multiset": "75eb7a67996ae056829a3d17083d349b", "xxh3_128": "667b4be896acd8fd34c3a99219789510"}
[2026-10-06T23:50:14Z] pr3528-H-vocab-label-large-de-cold-b16384-r1024-r5 done
Caches dropped successfully (synced, then wrote 1
 to /proc/sys/vm/drop_caches).
fatal: not a git repository (or any parent up to mount point /local)
Stopping at filesystem boundary (GIT_DISCOVERY_ACROSS_FILESYSTEM not set).
fatal: not a git repository (or any parent up to mount point /local)
Stopping at filesystem boundary (GIT_DISCOVERY_ACROSS_FILESYSTEM not set).
fatal: not a git repository (or any parent up to mount point /local)
Stopping at filesystem boundary (GIT_DISCOVERY_ACROSS_FILESYSTEM not set).
fatal: not a git repository (or any parent up to mount point /local)
Stopping at filesystem boundary (GIT_DISCOVERY_ACROSS_FILESYSTEM not set).
fatal: not a git repository (or any parent up to mount point /local)
Stopping at filesystem boundary (GIT_DISCOVERY_ACROSS_FILESYSTEM not set).
rep 1/1: complete export=s e2e=28.330074107s 504927346 bytes syscr=8881590 pread64=2633 io_uring_enter=170336 read_bytes=9443692544 cpu_s=32.090000
[2026-10-06T23:51:18Z] pr3528-H-vocab-label-large-de-cold-b1024-r256-r5 digest {"bytes": 504927346, "lines": 4515802, "multiset": "75eb7a67996ae056829a3d17083d349b", "xxh3_128": "667b4be896acd8fd34c3a99219789510"}
[2026-10-06T23:51:19Z] pr3528-H-vocab-label-large-de-cold-b1024-r256-r5 done
Caches dropped successfully (synced, then wrote 1
 to /proc/sys/vm/drop_caches).
fatal: not a git repository (or any parent up to mount point /local)
Stopping at filesystem boundary (GIT_DISCOVERY_ACROSS_FILESYSTEM not set).
fatal: not a git repository (or any parent up to mount point /local)
Stopping at filesystem boundary (GIT_DISCOVERY_ACROSS_FILESYSTEM not set).
fatal: not a git repository (or any parent up to mount point /local)
Stopping at filesystem boundary (GIT_DISCOVERY_ACROSS_FILESYSTEM not set).
fatal: not a git repository (or any parent up to mount point /local)
Stopping at filesystem boundary (GIT_DISCOVERY_ACROSS_FILESYSTEM not set).
fatal: not a git repository (or any parent up to mount point /local)
Stopping at filesystem boundary (GIT_DISCOVERY_ACROSS_FILESYSTEM not set).
rep 1/1: complete export=s e2e=24.711137133s 504927346 bytes syscr=8881582 pread64=2633 io_uring_enter=13189 read_bytes=9443692544 cpu_s=28.250000
[2026-10-06T23:52:15Z] pr3528-H-vocab-label-large-de-cold-b1024-r1024-r5 digest {"bytes": 504927346, "lines": 4515802, "multiset": "75eb7a67996ae056829a3d17083d349b", "xxh3_128": "667b4be896acd8fd34c3a99219789510"}
[2026-10-06T23:52:15Z] pr3528-H-vocab-label-large-de-cold-b1024-r1024-r5 done
Caches dropped successfully (synced, then wrote 1
 to /proc/sys/vm/drop_caches).
fatal: not a git repository (or any parent up to mount point /local)
Stopping at filesystem boundary (GIT_DISCOVERY_ACROSS_FILESYSTEM not set).
fatal: not a git repository (or any parent up to mount point /local)
Stopping at filesystem boundary (GIT_DISCOVERY_ACROSS_FILESYSTEM not set).
fatal: not a git repository (or any parent up to mount point /local)
Stopping at filesystem boundary (GIT_DISCOVERY_ACROSS_FILESYSTEM not set).
fatal: not a git repository (or any parent up to mount point /local)
Stopping at filesystem boundary (GIT_DISCOVERY_ACROSS_FILESYSTEM not set).
fatal: not a git repository (or any parent up to mount point /local)
Stopping at filesystem boundary (GIT_DISCOVERY_ACROSS_FILESYSTEM not set).
rep 1/1: complete export=s e2e=22.808495168s 504927346 bytes syscr=8881217 pread64=2633 io_uring_enter=335923 read_bytes=9479159808 cpu_s=26.440000
[2026-10-06T23:53:10Z] pr3528-H-vocab-label-large-de-cold-b4096-r256-r5 digest {"bytes": 504927346, "lines": 4515802, "multiset": "75eb7a67996ae056829a3d17083d349b", "xxh3_128": "667b4be896acd8fd34c3a99219789510"}
[2026-10-06T23:53:10Z] pr3528-H-vocab-label-large-de-cold-b4096-r256-r5 done
Caches dropped successfully (synced, then wrote 1
 to /proc/sys/vm/drop_caches).
fatal: not a git repository (or any parent up to mount point /local)
Stopping at filesystem boundary (GIT_DISCOVERY_ACROSS_FILESYSTEM not set).
fatal: not a git repository (or any parent up to mount point /local)
Stopping at filesystem boundary (GIT_DISCOVERY_ACROSS_FILESYSTEM not set).
fatal: not a git repository (or any parent up to mount point /local)
Stopping at filesystem boundary (GIT_DISCOVERY_ACROSS_FILESYSTEM not set).
fatal: not a git repository (or any parent up to mount point /local)
Stopping at filesystem boundary (GIT_DISCOVERY_ACROSS_FILESYSTEM not set).
fatal: not a git repository (or any parent up to mount point /local)
Stopping at filesystem boundary (GIT_DISCOVERY_ACROSS_FILESYSTEM not set).
rep 1/1: complete export=s e2e=26.092046345s 504927346 bytes syscr=8881221 pread64=2633 io_uring_enter=158672 read_bytes=9479159808 cpu_s=29.880000
[2026-10-06T23:54:11Z] pr3528-H-vocab-label-large-de-cold-b4096-r1024-r5 digest {"bytes": 504927346, "lines": 4515802, "multiset": "75eb7a67996ae056829a3d17083d349b", "xxh3_128": "667b4be896acd8fd34c3a99219789510"}
[2026-10-06T23:54:11Z] pr3528-H-vocab-label-large-de-cold-b4096-r1024-r5 done
Caches dropped successfully (synced, then wrote 1
 to /proc/sys/vm/drop_caches).
fatal: not a git repository (or any parent up to mount point /local)
Stopping at filesystem boundary (GIT_DISCOVERY_ACROSS_FILESYSTEM not set).
fatal: not a git repository (or any parent up to mount point /local)
Stopping at filesystem boundary (GIT_DISCOVERY_ACROSS_FILESYSTEM not set).
fatal: not a git repository (or any parent up to mount point /local)
Stopping at filesystem boundary (GIT_DISCOVERY_ACROSS_FILESYSTEM not set).
fatal: not a git repository (or any parent up to mount point /local)
Stopping at filesystem boundary (GIT_DISCOVERY_ACROSS_FILESYSTEM not set).
fatal: not a git repository (or any parent up to mount point /local)
Stopping at filesystem boundary (GIT_DISCOVERY_ACROSS_FILESYSTEM not set).
rep 1/1: complete export=s e2e=10.689647400s 19297737 bytes syscr=1550674 pread64=1201735 io_uring_enter=174285 read_bytes=2992893952 cpu_s=7.860000
[2026-10-06T23:54:53Z] pr3528-H-vocab-random-label-de-200k-cold-b1024-r256-r1 digest {"bytes": 19297737, "lines": 177845, "multiset": "f37756d7d28605fce036cc80f489bdb0", "xxh3_128": "1ad67f5d778a56661d17804e27bc74f9"}
[2026-10-06T23:54:53Z] pr3528-H-vocab-random-label-de-200k-cold-b1024-r256-r1 done
Caches dropped successfully (synced, then wrote 1
 to /proc/sys/vm/drop_caches).
fatal: not a git repository (or any parent up to mount point /local)
Stopping at filesystem boundary (GIT_DISCOVERY_ACROSS_FILESYSTEM not set).
fatal: not a git repository (or any parent up to mount point /local)
Stopping at filesystem boundary (GIT_DISCOVERY_ACROSS_FILESYSTEM not set).
fatal: not a git repository (or any parent up to mount point /local)
Stopping at filesystem boundary (GIT_DISCOVERY_ACROSS_FILESYSTEM not set).
fatal: not a git repository (or any parent up to mount point /local)
Stopping at filesystem boundary (GIT_DISCOVERY_ACROSS_FILESYSTEM not set).
fatal: not a git repository (or any parent up to mount point /local)
Stopping at filesystem boundary (GIT_DISCOVERY_ACROSS_FILESYSTEM not set).
rep 1/1: complete export=s e2e=10.627727386s 19297737 bytes syscr=1550678 pread64=1201735 io_uring_enter=354 read_bytes=2992893952 cpu_s=7.790000
[2026-10-06T23:55:32Z] pr3528-H-vocab-random-label-de-200k-cold-b1024-r1024-r1 digest {"bytes": 19297737, "lines": 177845, "multiset": "f37756d7d28605fce036cc80f489bdb0", "xxh3_128": "1ad67f5d778a56661d17804e27bc74f9"}
[2026-10-06T23:55:32Z] pr3528-H-vocab-random-label-de-200k-cold-b1024-r1024-r1 done
Caches dropped successfully (synced, then wrote 1
 to /proc/sys/vm/drop_caches).
fatal: not a git repository (or any parent up to mount point /local)
Stopping at filesystem boundary (GIT_DISCOVERY_ACROSS_FILESYSTEM not set).
fatal: not a git repository (or any parent up to mount point /local)
Stopping at filesystem boundary (GIT_DISCOVERY_ACROSS_FILESYSTEM not set).
fatal: not a git repository (or any parent up to mount point /local)
Stopping at filesystem boundary (GIT_DISCOVERY_ACROSS_FILESYSTEM not set).
fatal: not a git repository (or any parent up to mount point /local)
Stopping at filesystem boundary (GIT_DISCOVERY_ACROSS_FILESYSTEM not set).
fatal: not a git repository (or any parent up to mount point /local)
Stopping at filesystem boundary (GIT_DISCOVERY_ACROSS_FILESYSTEM not set).
rep 1/1: complete export=s e2e=10.213219632s 19297737 bytes syscr=1549882 pread64=1201735 io_uring_enter=244121 read_bytes=3010154496 cpu_s=7.390000
[2026-10-06T23:56:11Z] pr3528-H-vocab-random-label-de-200k-cold-b4096-r256-r1 digest {"bytes": 19297737, "lines": 177845, "multiset": "f37756d7d28605fce036cc80f489bdb0", "xxh3_128": "1ad67f5d778a56661d17804e27bc74f9"}
[2026-10-06T23:56:11Z] pr3528-H-vocab-random-label-de-200k-cold-b4096-r256-r1 done
Caches dropped successfully (synced, then wrote 1
 to /proc/sys/vm/drop_caches).
fatal: not a git repository (or any parent up to mount point /local)
Stopping at filesystem boundary (GIT_DISCOVERY_ACROSS_FILESYSTEM not set).
fatal: not a git repository (or any parent up to mount point /local)
Stopping at filesystem boundary (GIT_DISCOVERY_ACROSS_FILESYSTEM not set).
fatal: not a git repository (or any parent up to mount point /local)
Stopping at filesystem boundary (GIT_DISCOVERY_ACROSS_FILESYSTEM not set).
fatal: not a git repository (or any parent up to mount point /local)
Stopping at filesystem boundary (GIT_DISCOVERY_ACROSS_FILESYSTEM not set).
fatal: not a git repository (or any parent up to mount point /local)
Stopping at filesystem boundary (GIT_DISCOVERY_ACROSS_FILESYSTEM not set).
rep 1/1: complete export=s e2e=11.689128379s 19297737 bytes syscr=1549886 pread64=1201735 io_uring_enter=176215 read_bytes=3010154496 cpu_s=8.730000
[2026-10-06T23:56:53Z] pr3528-H-vocab-random-label-de-200k-cold-b4096-r1024-r1 digest {"bytes": 19297737, "lines": 177845, "multiset": "f37756d7d28605fce036cc80f489bdb0", "xxh3_128": "1ad67f5d778a56661d17804e27bc74f9"}
[2026-10-06T23:56:53Z] pr3528-H-vocab-random-label-de-200k-cold-b4096-r1024-r1 done
Caches dropped successfully (synced, then wrote 1
 to /proc/sys/vm/drop_caches).
fatal: not a git repository (or any parent up to mount point /local)
Stopping at filesystem boundary (GIT_DISCOVERY_ACROSS_FILESYSTEM not set).
fatal: not a git repository (or any parent up to mount point /local)
Stopping at filesystem boundary (GIT_DISCOVERY_ACROSS_FILESYSTEM not set).
fatal: not a git repository (or any parent up to mount point /local)
Stopping at filesystem boundary (GIT_DISCOVERY_ACROSS_FILESYSTEM not set).
fatal: not a git repository (or any parent up to mount point /local)
Stopping at filesystem boundary (GIT_DISCOVERY_ACROSS_FILESYSTEM not set).
fatal: not a git repository (or any parent up to mount point /local)
Stopping at filesystem boundary (GIT_DISCOVERY_ACROSS_FILESYSTEM not set).
rep 1/1: complete export=s e2e=10.902493760s 19297737 bytes syscr=1547836 pread64=1201735 io_uring_enter=256636 read_bytes=3379752960 cpu_s=8.060000
[2026-10-06T23:57:36Z] pr3528-H-vocab-random-label-de-200k-cold-b16384-r256-r1 digest {"bytes": 19297737, "lines": 177845, "multiset": "f37756d7d28605fce036cc80f489bdb0", "xxh3_128": "1ad67f5d778a56661d17804e27bc74f9"}
[2026-10-06T23:57:36Z] pr3528-H-vocab-random-label-de-200k-cold-b16384-r256-r1 done
Caches dropped successfully (synced, then wrote 1
 to /proc/sys/vm/drop_caches).
fatal: not a git repository (or any parent up to mount point /local)
Stopping at filesystem boundary (GIT_DISCOVERY_ACROSS_FILESYSTEM not set).
fatal: not a git repository (or any parent up to mount point /local)
Stopping at filesystem boundary (GIT_DISCOVERY_ACROSS_FILESYSTEM not set).
fatal: not a git repository (or any parent up to mount point /local)
Stopping at filesystem boundary (GIT_DISCOVERY_ACROSS_FILESYSTEM not set).
fatal: not a git repository (or any parent up to mount point /local)
Stopping at filesystem boundary (GIT_DISCOVERY_ACROSS_FILESYSTEM not set).
fatal: not a git repository (or any parent up to mount point /local)
Stopping at filesystem boundary (GIT_DISCOVERY_ACROSS_FILESYSTEM not set).
rep 1/1: complete export=s e2e=10.326764846s 19297737 bytes syscr=1547836 pread64=1201735 io_uring_enter=238319 read_bytes=3379744768 cpu_s=7.510000
[2026-10-06T23:58:15Z] pr3528-H-vocab-random-label-de-200k-cold-b16384-r1024-r1 digest {"bytes": 19297737, "lines": 177845, "multiset": "f37756d7d28605fce036cc80f489bdb0", "xxh3_128": "1ad67f5d778a56661d17804e27bc74f9"}
[2026-10-06T23:58:15Z] pr3528-H-vocab-random-label-de-200k-cold-b16384-r1024-r1 done
Caches dropped successfully (synced, then wrote 1
 to /proc/sys/vm/drop_caches).
fatal: not a git repository (or any parent up to mount point /local)
Stopping at filesystem boundary (GIT_DISCOVERY_ACROSS_FILESYSTEM not set).
fatal: not a git repository (or any parent up to mount point /local)
Stopping at filesystem boundary (GIT_DISCOVERY_ACROSS_FILESYSTEM not set).
fatal: not a git repository (or any parent up to mount point /local)
Stopping at filesystem boundary (GIT_DISCOVERY_ACROSS_FILESYSTEM not set).
fatal: not a git repository (or any parent up to mount point /local)
Stopping at filesystem boundary (GIT_DISCOVERY_ACROSS_FILESYSTEM not set).
fatal: not a git repository (or any parent up to mount point /local)
Stopping at filesystem boundary (GIT_DISCOVERY_ACROSS_FILESYSTEM not set).
rep 1/1: complete export=s e2e=10.519920633s 19297737 bytes syscr=1550674 pread64=1201735 io_uring_enter=354 read_bytes=2992893952 cpu_s=7.650000
[2026-10-06T23:58:54Z] pr3528-H-vocab-random-label-de-200k-cold-b1024-r1024-r2 digest {"bytes": 19297737, "lines": 177845, "multiset": "f37756d7d28605fce036cc80f489bdb0", "xxh3_128": "1ad67f5d778a56661d17804e27bc74f9"}
[2026-10-06T23:58:54Z] pr3528-H-vocab-random-label-de-200k-cold-b1024-r1024-r2 done
Caches dropped successfully (synced, then wrote 1
 to /proc/sys/vm/drop_caches).
fatal: not a git repository (or any parent up to mount point /local)
Stopping at filesystem boundary (GIT_DISCOVERY_ACROSS_FILESYSTEM not set).
fatal: not a git repository (or any parent up to mount point /local)
Stopping at filesystem boundary (GIT_DISCOVERY_ACROSS_FILESYSTEM not set).
fatal: not a git repository (or any parent up to mount point /local)
Stopping at filesystem boundary (GIT_DISCOVERY_ACROSS_FILESYSTEM not set).
fatal: not a git repository (or any parent up to mount point /local)
Stopping at filesystem boundary (GIT_DISCOVERY_ACROSS_FILESYSTEM not set).
fatal: not a git repository (or any parent up to mount point /local)
Stopping at filesystem boundary (GIT_DISCOVERY_ACROSS_FILESYSTEM not set).
rep 1/1: complete export=s e2e=13.862546574s 19297737 bytes syscr=1549890 pread64=1201735 io_uring_enter=243482 read_bytes=3010154496 cpu_s=10.040000
[2026-10-06T23:59:44Z] pr3528-H-vocab-random-label-de-200k-cold-b4096-r256-r2 digest {"bytes": 19297737, "lines": 177845, "multiset": "f37756d7d28605fce036cc80f489bdb0", "xxh3_128": "1ad67f5d778a56661d17804e27bc74f9"}
[2026-10-06T23:59:44Z] pr3528-H-vocab-random-label-de-200k-cold-b4096-r256-r2 done
Caches dropped successfully (synced, then wrote 1
 to /proc/sys/vm/drop_caches).
fatal: not a git repository (or any parent up to mount point /local)
Stopping at filesystem boundary (GIT_DISCOVERY_ACROSS_FILESYSTEM not set).
fatal: not a git repository (or any parent up to mount point /local)
Stopping at filesystem boundary (GIT_DISCOVERY_ACROSS_FILESYSTEM not set).
fatal: not a git repository (or any parent up to mount point /local)
Stopping at filesystem boundary (GIT_DISCOVERY_ACROSS_FILESYSTEM not set).
fatal: not a git repository (or any parent up to mount point /local)
Stopping at filesystem boundary (GIT_DISCOVERY_ACROSS_FILESYSTEM not set).
fatal: not a git repository (or any parent up to mount point /local)
Stopping at filesystem boundary (GIT_DISCOVERY_ACROSS_FILESYSTEM not set).
rep 1/1: complete export=s e2e=13.998304726s 19297737 bytes syscr=1549890 pread64=1201735 io_uring_enter=175977 read_bytes=3010220032 cpu_s=9.980000
[2026-10-07T00:00:34Z] pr3528-H-vocab-random-label-de-200k-cold-b4096-r1024-r2 digest {"bytes": 19297737, "lines": 177845, "multiset": "f37756d7d28605fce036cc80f489bdb0", "xxh3_128": "1ad67f5d778a56661d17804e27bc74f9"}
[2026-10-07T00:00:34Z] pr3528-H-vocab-random-label-de-200k-cold-b4096-r1024-r2 done
Caches dropped successfully (synced, then wrote 1
 to /proc/sys/vm/drop_caches).
fatal: not a git repository (or any parent up to mount point /local)
Stopping at filesystem boundary (GIT_DISCOVERY_ACROSS_FILESYSTEM not set).
fatal: not a git repository (or any parent up to mount point /local)
Stopping at filesystem boundary (GIT_DISCOVERY_ACROSS_FILESYSTEM not set).
fatal: not a git repository (or any parent up to mount point /local)
Stopping at filesystem boundary (GIT_DISCOVERY_ACROSS_FILESYSTEM not set).
fatal: not a git repository (or any parent up to mount point /local)
Stopping at filesystem boundary (GIT_DISCOVERY_ACROSS_FILESYSTEM not set).
fatal: not a git repository (or any parent up to mount point /local)
Stopping at filesystem boundary (GIT_DISCOVERY_ACROSS_FILESYSTEM not set).
rep 1/1: complete export=s e2e=14.046803804s 19297737 bytes syscr=1547844 pread64=1201735 io_uring_enter=255331 read_bytes=3379752960 cpu_s=9.920000
[2026-10-07T00:01:24Z] pr3528-H-vocab-random-label-de-200k-cold-b16384-r256-r2 digest {"bytes": 19297737, "lines": 177845, "multiset": "f37756d7d28605fce036cc80f489bdb0", "xxh3_128": "1ad67f5d778a56661d17804e27bc74f9"}
[2026-10-07T00:01:24Z] pr3528-H-vocab-random-label-de-200k-cold-b16384-r256-r2 done
Caches dropped successfully (synced, then wrote 1
 to /proc/sys/vm/drop_caches).
fatal: not a git repository (or any parent up to mount point /local)
Stopping at filesystem boundary (GIT_DISCOVERY_ACROSS_FILESYSTEM not set).
fatal: not a git repository (or any parent up to mount point /local)
Stopping at filesystem boundary (GIT_DISCOVERY_ACROSS_FILESYSTEM not set).
fatal: not a git repository (or any parent up to mount point /local)
Stopping at filesystem boundary (GIT_DISCOVERY_ACROSS_FILESYSTEM not set).
fatal: not a git repository (or any parent up to mount point /local)
Stopping at filesystem boundary (GIT_DISCOVERY_ACROSS_FILESYSTEM not set).
fatal: not a git repository (or any parent up to mount point /local)
Stopping at filesystem boundary (GIT_DISCOVERY_ACROSS_FILESYSTEM not set).
rep 1/1: complete export=s e2e=13.973174469s 19297737 bytes syscr=1547844 pread64=1201735 io_uring_enter=237307 read_bytes=3379744768 cpu_s=9.860000
[2026-10-07T00:02:14Z] pr3528-H-vocab-random-label-de-200k-cold-b16384-r1024-r2 digest {"bytes": 19297737, "lines": 177845, "multiset": "f37756d7d28605fce036cc80f489bdb0", "xxh3_128": "1ad67f5d778a56661d17804e27bc74f9"}
[2026-10-07T00:02:15Z] pr3528-H-vocab-random-label-de-200k-cold-b16384-r1024-r2 done
Caches dropped successfully (synced, then wrote 1
 to /proc/sys/vm/drop_caches).
fatal: not a git repository (or any parent up to mount point /local)
Stopping at filesystem boundary (GIT_DISCOVERY_ACROSS_FILESYSTEM not set).
fatal: not a git repository (or any parent up to mount point /local)
Stopping at filesystem boundary (GIT_DISCOVERY_ACROSS_FILESYSTEM not set).
fatal: not a git repository (or any parent up to mount point /local)
Stopping at filesystem boundary (GIT_DISCOVERY_ACROSS_FILESYSTEM not set).
fatal: not a git repository (or any parent up to mount point /local)
Stopping at filesystem boundary (GIT_DISCOVERY_ACROSS_FILESYSTEM not set).
fatal: not a git repository (or any parent up to mount point /local)
Stopping at filesystem boundary (GIT_DISCOVERY_ACROSS_FILESYSTEM not set).
rep 1/1: complete export=s e2e=14.236851530s 19297737 bytes syscr=1550686 pread64=1201735 io_uring_enter=173715 read_bytes=2992893952 cpu_s=10.260000
[2026-10-07T00:03:05Z] pr3528-H-vocab-random-label-de-200k-cold-b1024-r256-r2 digest {"bytes": 19297737, "lines": 177845, "multiset": "f37756d7d28605fce036cc80f489bdb0", "xxh3_128": "1ad67f5d778a56661d17804e27bc74f9"}
[2026-10-07T00:03:05Z] pr3528-H-vocab-random-label-de-200k-cold-b1024-r256-r2 done
Caches dropped successfully (synced, then wrote 1
 to /proc/sys/vm/drop_caches).
fatal: not a git repository (or any parent up to mount point /local)
Stopping at filesystem boundary (GIT_DISCOVERY_ACROSS_FILESYSTEM not set).
fatal: not a git repository (or any parent up to mount point /local)
Stopping at filesystem boundary (GIT_DISCOVERY_ACROSS_FILESYSTEM not set).
fatal: not a git repository (or any parent up to mount point /local)
Stopping at filesystem boundary (GIT_DISCOVERY_ACROSS_FILESYSTEM not set).
fatal: not a git repository (or any parent up to mount point /local)
Stopping at filesystem boundary (GIT_DISCOVERY_ACROSS_FILESYSTEM not set).
fatal: not a git repository (or any parent up to mount point /local)
Stopping at filesystem boundary (GIT_DISCOVERY_ACROSS_FILESYSTEM not set).
rep 1/1: complete export=s e2e=14.029023562s 19297737 bytes syscr=1549890 pread64=1201735 io_uring_enter=243501 read_bytes=3010154496 cpu_s=10.010000
[2026-10-07T00:03:57Z] pr3528-H-vocab-random-label-de-200k-cold-b4096-r256-r3 digest {"bytes": 19297737, "lines": 177845, "multiset": "f37756d7d28605fce036cc80f489bdb0", "xxh3_128": "1ad67f5d778a56661d17804e27bc74f9"}
[2026-10-07T00:03:57Z] pr3528-H-vocab-random-label-de-200k-cold-b4096-r256-r3 done
Caches dropped successfully (synced, then wrote 1
 to /proc/sys/vm/drop_caches).
fatal: not a git repository (or any parent up to mount point /local)
Stopping at filesystem boundary (GIT_DISCOVERY_ACROSS_FILESYSTEM not set).
fatal: not a git repository (or any parent up to mount point /local)
Stopping at filesystem boundary (GIT_DISCOVERY_ACROSS_FILESYSTEM not set).
fatal: not a git repository (or any parent up to mount point /local)
Stopping at filesystem boundary (GIT_DISCOVERY_ACROSS_FILESYSTEM not set).
fatal: not a git repository (or any parent up to mount point /local)
Stopping at filesystem boundary (GIT_DISCOVERY_ACROSS_FILESYSTEM not set).
fatal: not a git repository (or any parent up to mount point /local)
Stopping at filesystem boundary (GIT_DISCOVERY_ACROSS_FILESYSTEM not set).
rep 1/1: complete export=s e2e=14.092691493s 19297737 bytes syscr=1549890 pread64=1201735 io_uring_enter=175962 read_bytes=3010154496 cpu_s=10.060000
[2026-10-07T00:04:47Z] pr3528-H-vocab-random-label-de-200k-cold-b4096-r1024-r3 digest {"bytes": 19297737, "lines": 177845, "multiset": "f37756d7d28605fce036cc80f489bdb0", "xxh3_128": "1ad67f5d778a56661d17804e27bc74f9"}
[2026-10-07T00:04:47Z] pr3528-H-vocab-random-label-de-200k-cold-b4096-r1024-r3 done
Caches dropped successfully (synced, then wrote 1
 to /proc/sys/vm/drop_caches).
fatal: not a git repository (or any parent up to mount point /local)
Stopping at filesystem boundary (GIT_DISCOVERY_ACROSS_FILESYSTEM not set).
fatal: not a git repository (or any parent up to mount point /local)
Stopping at filesystem boundary (GIT_DISCOVERY_ACROSS_FILESYSTEM not set).
fatal: not a git repository (or any parent up to mount point /local)
Stopping at filesystem boundary (GIT_DISCOVERY_ACROSS_FILESYSTEM not set).
fatal: not a git repository (or any parent up to mount point /local)
Stopping at filesystem boundary (GIT_DISCOVERY_ACROSS_FILESYSTEM not set).
fatal: not a git repository (or any parent up to mount point /local)
Stopping at filesystem boundary (GIT_DISCOVERY_ACROSS_FILESYSTEM not set).
rep 1/1: complete export=s e2e=14.031940409s 19297737 bytes syscr=1547844 pread64=1201735 io_uring_enter=255350 read_bytes=3379757056 cpu_s=9.880000
[2026-10-07T00:05:38Z] pr3528-H-vocab-random-label-de-200k-cold-b16384-r256-r3 digest {"bytes": 19297737, "lines": 177845, "multiset": "f37756d7d28605fce036cc80f489bdb0", "xxh3_128": "1ad67f5d778a56661d17804e27bc74f9"}
[2026-10-07T00:05:38Z] pr3528-H-vocab-random-label-de-200k-cold-b16384-r256-r3 done
Caches dropped successfully (synced, then wrote 1
 to /proc/sys/vm/drop_caches).
fatal: not a git repository (or any parent up to mount point /local)
Stopping at filesystem boundary (GIT_DISCOVERY_ACROSS_FILESYSTEM not set).
fatal: not a git repository (or any parent up to mount point /local)
Stopping at filesystem boundary (GIT_DISCOVERY_ACROSS_FILESYSTEM not set).
fatal: not a git repository (or any parent up to mount point /local)
Stopping at filesystem boundary (GIT_DISCOVERY_ACROSS_FILESYSTEM not set).
fatal: not a git repository (or any parent up to mount point /local)
Stopping at filesystem boundary (GIT_DISCOVERY_ACROSS_FILESYSTEM not set).
fatal: not a git repository (or any parent up to mount point /local)
Stopping at filesystem boundary (GIT_DISCOVERY_ACROSS_FILESYSTEM not set).
rep 1/1: complete export=s e2e=14.004245848s 19297737 bytes syscr=1547844 pread64=1201735 io_uring_enter=237224 read_bytes=3379744768 cpu_s=9.790000
[2026-10-07T00:06:29Z] pr3528-H-vocab-random-label-de-200k-cold-b16384-r1024-r3 digest {"bytes": 19297737, "lines": 177845, "multiset": "f37756d7d28605fce036cc80f489bdb0", "xxh3_128": "1ad67f5d778a56661d17804e27bc74f9"}
[2026-10-07T00:06:29Z] pr3528-H-vocab-random-label-de-200k-cold-b16384-r1024-r3 done
Caches dropped successfully (synced, then wrote 1
 to /proc/sys/vm/drop_caches).
fatal: not a git repository (or any parent up to mount point /local)
Stopping at filesystem boundary (GIT_DISCOVERY_ACROSS_FILESYSTEM not set).
fatal: not a git repository (or any parent up to mount point /local)
Stopping at filesystem boundary (GIT_DISCOVERY_ACROSS_FILESYSTEM not set).
fatal: not a git repository (or any parent up to mount point /local)
Stopping at filesystem boundary (GIT_DISCOVERY_ACROSS_FILESYSTEM not set).
fatal: not a git repository (or any parent up to mount point /local)
Stopping at filesystem boundary (GIT_DISCOVERY_ACROSS_FILESYSTEM not set).
fatal: not a git repository (or any parent up to mount point /local)
Stopping at filesystem boundary (GIT_DISCOVERY_ACROSS_FILESYSTEM not set).
rep 1/1: complete export=s e2e=14.376481793s 19297737 bytes syscr=1550682 pread64=1201735 io_uring_enter=173843 read_bytes=2992893952 cpu_s=10.080000
[2026-10-07T00:07:20Z] pr3528-H-vocab-random-label-de-200k-cold-b1024-r256-r3 digest {"bytes": 19297737, "lines": 177845, "multiset": "f37756d7d28605fce036cc80f489bdb0", "xxh3_128": "1ad67f5d778a56661d17804e27bc74f9"}
[2026-10-07T00:07:20Z] pr3528-H-vocab-random-label-de-200k-cold-b1024-r256-r3 done
Caches dropped successfully (synced, then wrote 1
 to /proc/sys/vm/drop_caches).
fatal: not a git repository (or any parent up to mount point /local)
Stopping at filesystem boundary (GIT_DISCOVERY_ACROSS_FILESYSTEM not set).
fatal: not a git repository (or any parent up to mount point /local)
Stopping at filesystem boundary (GIT_DISCOVERY_ACROSS_FILESYSTEM not set).
fatal: not a git repository (or any parent up to mount point /local)
Stopping at filesystem boundary (GIT_DISCOVERY_ACROSS_FILESYSTEM not set).
fatal: not a git repository (or any parent up to mount point /local)
Stopping at filesystem boundary (GIT_DISCOVERY_ACROSS_FILESYSTEM not set).
fatal: not a git repository (or any parent up to mount point /local)
Stopping at filesystem boundary (GIT_DISCOVERY_ACROSS_FILESYSTEM not set).
rep 1/1: complete export=s e2e=14.281930964s 19297737 bytes syscr=1550682 pread64=1201735 io_uring_enter=354 read_bytes=2992893952 cpu_s=10.020000
[2026-10-07T00:08:12Z] pr3528-H-vocab-random-label-de-200k-cold-b1024-r1024-r3 digest {"bytes": 19297737, "lines": 177845, "multiset": "f37756d7d28605fce036cc80f489bdb0", "xxh3_128": "1ad67f5d778a56661d17804e27bc74f9"}
[2026-10-07T00:08:12Z] pr3528-H-vocab-random-label-de-200k-cold-b1024-r1024-r3 done
Caches dropped successfully (synced, then wrote 1
 to /proc/sys/vm/drop_caches).
fatal: not a git repository (or any parent up to mount point /local)
Stopping at filesystem boundary (GIT_DISCOVERY_ACROSS_FILESYSTEM not set).
fatal: not a git repository (or any parent up to mount point /local)
Stopping at filesystem boundary (GIT_DISCOVERY_ACROSS_FILESYSTEM not set).
fatal: not a git repository (or any parent up to mount point /local)
Stopping at filesystem boundary (GIT_DISCOVERY_ACROSS_FILESYSTEM not set).
fatal: not a git repository (or any parent up to mount point /local)
Stopping at filesystem boundary (GIT_DISCOVERY_ACROSS_FILESYSTEM not set).
fatal: not a git repository (or any parent up to mount point /local)
Stopping at filesystem boundary (GIT_DISCOVERY_ACROSS_FILESYSTEM not set).
rep 1/1: complete export=s e2e=14.012470621s 19297737 bytes syscr=1549890 pread64=1201735 io_uring_enter=176096 read_bytes=3010154496 cpu_s=9.840000
[2026-10-07T00:09:02Z] pr3528-H-vocab-random-label-de-200k-cold-b4096-r1024-r4 digest {"bytes": 19297737, "lines": 177845, "multiset": "f37756d7d28605fce036cc80f489bdb0", "xxh3_128": "1ad67f5d778a56661d17804e27bc74f9"}
[2026-10-07T00:09:03Z] pr3528-H-vocab-random-label-de-200k-cold-b4096-r1024-r4 done
Caches dropped successfully (synced, then wrote 1
 to /proc/sys/vm/drop_caches).
fatal: not a git repository (or any parent up to mount point /local)
Stopping at filesystem boundary (GIT_DISCOVERY_ACROSS_FILESYSTEM not set).
fatal: not a git repository (or any parent up to mount point /local)
Stopping at filesystem boundary (GIT_DISCOVERY_ACROSS_FILESYSTEM not set).
fatal: not a git repository (or any parent up to mount point /local)
Stopping at filesystem boundary (GIT_DISCOVERY_ACROSS_FILESYSTEM not set).
fatal: not a git repository (or any parent up to mount point /local)
Stopping at filesystem boundary (GIT_DISCOVERY_ACROSS_FILESYSTEM not set).
fatal: not a git repository (or any parent up to mount point /local)
Stopping at filesystem boundary (GIT_DISCOVERY_ACROSS_FILESYSTEM not set).
rep 1/1: complete export=s e2e=14.118253269s 19297737 bytes syscr=1547844 pread64=1201735 io_uring_enter=255390 read_bytes=3379744768 cpu_s=9.900000
[2026-10-07T00:09:54Z] pr3528-H-vocab-random-label-de-200k-cold-b16384-r256-r4 digest {"bytes": 19297737, "lines": 177845, "multiset": "f37756d7d28605fce036cc80f489bdb0", "xxh3_128": "1ad67f5d778a56661d17804e27bc74f9"}
[2026-10-07T00:09:54Z] pr3528-H-vocab-random-label-de-200k-cold-b16384-r256-r4 done
Caches dropped successfully (synced, then wrote 1
 to /proc/sys/vm/drop_caches).
fatal: not a git repository (or any parent up to mount point /local)
Stopping at filesystem boundary (GIT_DISCOVERY_ACROSS_FILESYSTEM not set).
fatal: not a git repository (or any parent up to mount point /local)
Stopping at filesystem boundary (GIT_DISCOVERY_ACROSS_FILESYSTEM not set).
fatal: not a git repository (or any parent up to mount point /local)
Stopping at filesystem boundary (GIT_DISCOVERY_ACROSS_FILESYSTEM not set).
fatal: not a git repository (or any parent up to mount point /local)
Stopping at filesystem boundary (GIT_DISCOVERY_ACROSS_FILESYSTEM not set).
fatal: not a git repository (or any parent up to mount point /local)
Stopping at filesystem boundary (GIT_DISCOVERY_ACROSS_FILESYSTEM not set).
rep 1/1: complete export=s e2e=14.851673710s 19297737 bytes syscr=1547848 pread64=1201735 io_uring_enter=236729 read_bytes=3379744768 cpu_s=10.000000
[2026-10-07T00:10:45Z] pr3528-H-vocab-random-label-de-200k-cold-b16384-r1024-r4 digest {"bytes": 19297737, "lines": 177845, "multiset": "f37756d7d28605fce036cc80f489bdb0", "xxh3_128": "1ad67f5d778a56661d17804e27bc74f9"}
[2026-10-07T00:10:45Z] pr3528-H-vocab-random-label-de-200k-cold-b16384-r1024-r4 done
Caches dropped successfully (synced, then wrote 1
 to /proc/sys/vm/drop_caches).
fatal: not a git repository (or any parent up to mount point /local)
Stopping at filesystem boundary (GIT_DISCOVERY_ACROSS_FILESYSTEM not set).
fatal: not a git repository (or any parent up to mount point /local)
Stopping at filesystem boundary (GIT_DISCOVERY_ACROSS_FILESYSTEM not set).
fatal: not a git repository (or any parent up to mount point /local)
Stopping at filesystem boundary (GIT_DISCOVERY_ACROSS_FILESYSTEM not set).
fatal: not a git repository (or any parent up to mount point /local)
Stopping at filesystem boundary (GIT_DISCOVERY_ACROSS_FILESYSTEM not set).
fatal: not a git repository (or any parent up to mount point /local)
Stopping at filesystem boundary (GIT_DISCOVERY_ACROSS_FILESYSTEM not set).
rep 1/1: complete export=s e2e=15.107072109s 19297737 bytes syscr=1550682 pread64=1201735 io_uring_enter=173807 read_bytes=2992893952 cpu_s=10.360000
[2026-10-07T00:11:37Z] pr3528-H-vocab-random-label-de-200k-cold-b1024-r256-r4 digest {"bytes": 19297737, "lines": 177845, "multiset": "f37756d7d28605fce036cc80f489bdb0", "xxh3_128": "1ad67f5d778a56661d17804e27bc74f9"}
[2026-10-07T00:11:37Z] pr3528-H-vocab-random-label-de-200k-cold-b1024-r256-r4 done
Caches dropped successfully (synced, then wrote 1
 to /proc/sys/vm/drop_caches).
fatal: not a git repository (or any parent up to mount point /local)
Stopping at filesystem boundary (GIT_DISCOVERY_ACROSS_FILESYSTEM not set).
fatal: not a git repository (or any parent up to mount point /local)
Stopping at filesystem boundary (GIT_DISCOVERY_ACROSS_FILESYSTEM not set).
fatal: not a git repository (or any parent up to mount point /local)
Stopping at filesystem boundary (GIT_DISCOVERY_ACROSS_FILESYSTEM not set).
fatal: not a git repository (or any parent up to mount point /local)
Stopping at filesystem boundary (GIT_DISCOVERY_ACROSS_FILESYSTEM not set).
fatal: not a git repository (or any parent up to mount point /local)
Stopping at filesystem boundary (GIT_DISCOVERY_ACROSS_FILESYSTEM not set).
rep 1/1: complete export=s e2e=14.065544801s 19297737 bytes syscr=1550682 pread64=1201735 io_uring_enter=354 read_bytes=2992893952 cpu_s=10.120000
[2026-10-07T00:12:28Z] pr3528-H-vocab-random-label-de-200k-cold-b1024-r1024-r4 digest {"bytes": 19297737, "lines": 177845, "multiset": "f37756d7d28605fce036cc80f489bdb0", "xxh3_128": "1ad67f5d778a56661d17804e27bc74f9"}
[2026-10-07T00:12:29Z] pr3528-H-vocab-random-label-de-200k-cold-b1024-r1024-r4 done
Caches dropped successfully (synced, then wrote 1
 to /proc/sys/vm/drop_caches).
fatal: not a git repository (or any parent up to mount point /local)
Stopping at filesystem boundary (GIT_DISCOVERY_ACROSS_FILESYSTEM not set).
fatal: not a git repository (or any parent up to mount point /local)
Stopping at filesystem boundary (GIT_DISCOVERY_ACROSS_FILESYSTEM not set).
fatal: not a git repository (or any parent up to mount point /local)
Stopping at filesystem boundary (GIT_DISCOVERY_ACROSS_FILESYSTEM not set).
fatal: not a git repository (or any parent up to mount point /local)
Stopping at filesystem boundary (GIT_DISCOVERY_ACROSS_FILESYSTEM not set).
fatal: not a git repository (or any parent up to mount point /local)
Stopping at filesystem boundary (GIT_DISCOVERY_ACROSS_FILESYSTEM not set).
rep 1/1: complete export=s e2e=14.278404358s 19297737 bytes syscr=1549890 pread64=1201735 io_uring_enter=243624 read_bytes=3010154496 cpu_s=10.000000
[2026-10-07T00:13:20Z] pr3528-H-vocab-random-label-de-200k-cold-b4096-r256-r4 digest {"bytes": 19297737, "lines": 177845, "multiset": "f37756d7d28605fce036cc80f489bdb0", "xxh3_128": "1ad67f5d778a56661d17804e27bc74f9"}
[2026-10-07T00:13:20Z] pr3528-H-vocab-random-label-de-200k-cold-b4096-r256-r4 done
Caches dropped successfully (synced, then wrote 1
 to /proc/sys/vm/drop_caches).
fatal: not a git repository (or any parent up to mount point /local)
Stopping at filesystem boundary (GIT_DISCOVERY_ACROSS_FILESYSTEM not set).
fatal: not a git repository (or any parent up to mount point /local)
Stopping at filesystem boundary (GIT_DISCOVERY_ACROSS_FILESYSTEM not set).
fatal: not a git repository (or any parent up to mount point /local)
Stopping at filesystem boundary (GIT_DISCOVERY_ACROSS_FILESYSTEM not set).
fatal: not a git repository (or any parent up to mount point /local)
Stopping at filesystem boundary (GIT_DISCOVERY_ACROSS_FILESYSTEM not set).
fatal: not a git repository (or any parent up to mount point /local)
Stopping at filesystem boundary (GIT_DISCOVERY_ACROSS_FILESYSTEM not set).
rep 1/1: complete export=s e2e=14.139375461s 19297737 bytes syscr=1547844 pread64=1201735 io_uring_enter=255525 read_bytes=3380621312 cpu_s=9.840000
[2026-10-07T00:14:10Z] pr3528-H-vocab-random-label-de-200k-cold-b16384-r256-r5 digest {"bytes": 19297737, "lines": 177845, "multiset": "f37756d7d28605fce036cc80f489bdb0", "xxh3_128": "1ad67f5d778a56661d17804e27bc74f9"}
[2026-10-07T00:14:10Z] pr3528-H-vocab-random-label-de-200k-cold-b16384-r256-r5 done
Caches dropped successfully (synced, then wrote 1
 to /proc/sys/vm/drop_caches).
fatal: not a git repository (or any parent up to mount point /local)
Stopping at filesystem boundary (GIT_DISCOVERY_ACROSS_FILESYSTEM not set).
fatal: not a git repository (or any parent up to mount point /local)
Stopping at filesystem boundary (GIT_DISCOVERY_ACROSS_FILESYSTEM not set).
fatal: not a git repository (or any parent up to mount point /local)
Stopping at filesystem boundary (GIT_DISCOVERY_ACROSS_FILESYSTEM not set).
fatal: not a git repository (or any parent up to mount point /local)
Stopping at filesystem boundary (GIT_DISCOVERY_ACROSS_FILESYSTEM not set).
fatal: not a git repository (or any parent up to mount point /local)
Stopping at filesystem boundary (GIT_DISCOVERY_ACROSS_FILESYSTEM not set).
rep 1/1: complete export=s e2e=13.914371373s 19297737 bytes syscr=1547844 pread64=1201735 io_uring_enter=236877 read_bytes=3379744768 cpu_s=9.750000
[2026-10-07T00:15:00Z] pr3528-H-vocab-random-label-de-200k-cold-b16384-r1024-r5 digest {"bytes": 19297737, "lines": 177845, "multiset": "f37756d7d28605fce036cc80f489bdb0", "xxh3_128": "1ad67f5d778a56661d17804e27bc74f9"}
[2026-10-07T00:15:00Z] pr3528-H-vocab-random-label-de-200k-cold-b16384-r1024-r5 done
Caches dropped successfully (synced, then wrote 1
 to /proc/sys/vm/drop_caches).
fatal: not a git repository (or any parent up to mount point /local)
Stopping at filesystem boundary (GIT_DISCOVERY_ACROSS_FILESYSTEM not set).
fatal: not a git repository (or any parent up to mount point /local)
Stopping at filesystem boundary (GIT_DISCOVERY_ACROSS_FILESYSTEM not set).
fatal: not a git repository (or any parent up to mount point /local)
Stopping at filesystem boundary (GIT_DISCOVERY_ACROSS_FILESYSTEM not set).
fatal: not a git repository (or any parent up to mount point /local)
Stopping at filesystem boundary (GIT_DISCOVERY_ACROSS_FILESYSTEM not set).
fatal: not a git repository (or any parent up to mount point /local)
Stopping at filesystem boundary (GIT_DISCOVERY_ACROSS_FILESYSTEM not set).
rep 1/1: complete export=s e2e=14.397004299s 19297737 bytes syscr=1550686 pread64=1201735 io_uring_enter=173894 read_bytes=2992893952 cpu_s=10.140000
[2026-10-07T00:15:51Z] pr3528-H-vocab-random-label-de-200k-cold-b1024-r256-r5 digest {"bytes": 19297737, "lines": 177845, "multiset": "f37756d7d28605fce036cc80f489bdb0", "xxh3_128": "1ad67f5d778a56661d17804e27bc74f9"}
[2026-10-07T00:15:51Z] pr3528-H-vocab-random-label-de-200k-cold-b1024-r256-r5 done
Caches dropped successfully (synced, then wrote 1
 to /proc/sys/vm/drop_caches).
fatal: not a git repository (or any parent up to mount point /local)
Stopping at filesystem boundary (GIT_DISCOVERY_ACROSS_FILESYSTEM not set).
fatal: not a git repository (or any parent up to mount point /local)
Stopping at filesystem boundary (GIT_DISCOVERY_ACROSS_FILESYSTEM not set).
fatal: not a git repository (or any parent up to mount point /local)
Stopping at filesystem boundary (GIT_DISCOVERY_ACROSS_FILESYSTEM not set).
fatal: not a git repository (or any parent up to mount point /local)
Stopping at filesystem boundary (GIT_DISCOVERY_ACROSS_FILESYSTEM not set).
fatal: not a git repository (or any parent up to mount point /local)
Stopping at filesystem boundary (GIT_DISCOVERY_ACROSS_FILESYSTEM not set).
rep 1/1: complete export=s e2e=14.442007437s 19297737 bytes syscr=1550682 pread64=1201735 io_uring_enter=354 read_bytes=2992893952 cpu_s=10.040000
[2026-10-07T00:16:42Z] pr3528-H-vocab-random-label-de-200k-cold-b1024-r1024-r5 digest {"bytes": 19297737, "lines": 177845, "multiset": "f37756d7d28605fce036cc80f489bdb0", "xxh3_128": "1ad67f5d778a56661d17804e27bc74f9"}
[2026-10-07T00:16:42Z] pr3528-H-vocab-random-label-de-200k-cold-b1024-r1024-r5 done
Caches dropped successfully (synced, then wrote 1
 to /proc/sys/vm/drop_caches).
fatal: not a git repository (or any parent up to mount point /local)
Stopping at filesystem boundary (GIT_DISCOVERY_ACROSS_FILESYSTEM not set).
fatal: not a git repository (or any parent up to mount point /local)
Stopping at filesystem boundary (GIT_DISCOVERY_ACROSS_FILESYSTEM not set).
fatal: not a git repository (or any parent up to mount point /local)
Stopping at filesystem boundary (GIT_DISCOVERY_ACROSS_FILESYSTEM not set).
fatal: not a git repository (or any parent up to mount point /local)
Stopping at filesystem boundary (GIT_DISCOVERY_ACROSS_FILESYSTEM not set).
fatal: not a git repository (or any parent up to mount point /local)
Stopping at filesystem boundary (GIT_DISCOVERY_ACROSS_FILESYSTEM not set).
rep 1/1: complete export=s e2e=14.113820973s 19297737 bytes syscr=1549890 pread64=1201735 io_uring_enter=243488 read_bytes=3010154496 cpu_s=9.900000
[2026-10-07T00:17:32Z] pr3528-H-vocab-random-label-de-200k-cold-b4096-r256-r5 digest {"bytes": 19297737, "lines": 177845, "multiset": "f37756d7d28605fce036cc80f489bdb0", "xxh3_128": "1ad67f5d778a56661d17804e27bc74f9"}
[2026-10-07T00:17:32Z] pr3528-H-vocab-random-label-de-200k-cold-b4096-r256-r5 done
Caches dropped successfully (synced, then wrote 1
 to /proc/sys/vm/drop_caches).
fatal: not a git repository (or any parent up to mount point /local)
Stopping at filesystem boundary (GIT_DISCOVERY_ACROSS_FILESYSTEM not set).
fatal: not a git repository (or any parent up to mount point /local)
Stopping at filesystem boundary (GIT_DISCOVERY_ACROSS_FILESYSTEM not set).
fatal: not a git repository (or any parent up to mount point /local)
Stopping at filesystem boundary (GIT_DISCOVERY_ACROSS_FILESYSTEM not set).
fatal: not a git repository (or any parent up to mount point /local)
Stopping at filesystem boundary (GIT_DISCOVERY_ACROSS_FILESYSTEM not set).
fatal: not a git repository (or any parent up to mount point /local)
Stopping at filesystem boundary (GIT_DISCOVERY_ACROSS_FILESYSTEM not set).
rep 1/1: complete export=s e2e=14.153493353s 19297737 bytes syscr=1549890 pread64=1201735 io_uring_enter=176082 read_bytes=3010154496 cpu_s=9.860000
[2026-10-07T00:18:23Z] pr3528-H-vocab-random-label-de-200k-cold-b4096-r1024-r5 digest {"bytes": 19297737, "lines": 177845, "multiset": "f37756d7d28605fce036cc80f489bdb0", "xxh3_128": "1ad67f5d778a56661d17804e27bc74f9"}
[2026-10-07T00:18:23Z] pr3528-H-vocab-random-label-de-200k-cold-b4096-r1024-r5 done
### cold / H-vocab-label-large-de

| # | arm | n | wall s | Δ wall vs b1024-r256 | verdict | CPU s | wall−CPU s | export-thread CPU s | wall−export-thread s | aqu-sz | util max | read GiB |
|---|---|---|---|---|---|---|---|---|---|---|---|---|
| 1 | b1024-r256 | 5 | 30.66 [25.91–34.40] |  |  | 34.38 [29.55–38.50] | -3.76 [-4.21–-3.64] | 1.35 [0.05–27.41] | 29.21 [0.92–34.35] | 2.3 [2.1–2.7] | 0.35 [0.34–0.38] | 8.80 [8.80–8.80] |
| 2 | b1024-r1024 | 5 | 33.52 [24.71–34.30] | +9.3 % | no change | 37.54 [28.25–38.27] | -3.99 [-4.11–-3.54] | 0.10 [0.04–23.90] | 31.26 [0.81–34.26] | 2.1 [2.1–2.8] | 0.34 [0.33–0.39] | 8.80 [8.79–8.80] |
| 3 | b4096-r256 | 5 | 26.80 [22.81–30.78] | -12.6 % | no change | 30.55 [26.44–34.82] | -3.78 [-4.13–-3.63] | 0.17 [0.04–22.08] | 26.63 [0.73–30.62] | 2.6 [2.3–3.1] | 0.37 [0.35–0.40] | 8.83 [8.83–8.83] |
| 4 | b4096-r1024 | 5 | 30.46 [26.09–31.06] | -0.6 % | no change | 34.65 [29.88–35.25] | -3.97 [-4.19–-3.74] | 0.18 [0.00–25.18] | 30.46 [0.91–30.88] | 2.3 [2.3–2.7] | 0.35 [0.35–0.38] | 8.83 [8.83–8.83] |
| 5 | b16384-r256 | 5 | 29.13 [22.05–29.80] | -5.0 % | no change | 33.26 [25.82–34.05] | -4.10 [-4.25–-3.64] | 0.08 [0.00–0.21] | 29.13 [21.84–29.76] | 2.4 [2.3–3.1] | 0.34 [0.33–0.38] | 8.91 [8.91–8.91] |
| 6 | b16384-r1024 | 5 | 28.13 [21.41–29.73] | -8.3 % | no change | 32.11 [25.13–33.90] | -3.98 [-4.17–-3.53] | 0.19 [0.10–20.66] | 27.94 [0.75–29.58] | 2.5 [2.3–3.2] | 0.34 [0.34–0.39] | 8.91 [8.91–8.91] |

Distinct output digests for H-vocab-label-large-de over all arms/reps/scenarios: 1 (1 = identical)

### cold / H-vocab-random-label-de-200k

| # | arm | n | wall s | Δ wall vs b1024-r256 | verdict | CPU s | wall−CPU s | export-thread CPU s | wall−export-thread s | aqu-sz | util max | read GiB |
|---|---|---|---|---|---|---|---|---|---|---|---|---|
| 1 | b1024-r256 | 5 | 14.38 [10.69–15.11] |  |  | 10.14 [7.86–10.36] | 4.26 [2.83–4.75] | 5.59 [4.34–5.70] | 8.81 [6.35–9.41] | 1.9 [1.8–2.4] | 0.34 [0.33–0.37] | 2.79 [2.79–2.79] |
| 2 | b1024-r1024 | 5 | 14.07 [10.52–14.44] | -2.2 % | no change | 10.02 [7.65–10.12] | 3.95 [2.84–4.40] | 5.61 [4.48–5.63] | 8.45 [6.04–8.81] | 1.8 [1.8–2.4] | 0.33 [0.32–0.38] | 2.79 [2.79–2.79] |
| 3 | b4096-r256 | 5 | 14.03 [10.21–14.28] | -2.4 % | no change | 10.00 [7.39–10.04] | 4.02 [2.82–4.28] | 5.69 [3.99–5.82] | 8.34 [6.22–8.60] | 1.8 [1.8–2.5] | 0.32 [0.32–0.38] | 2.80 [2.80–2.80] |
| 4 | b4096-r1024 | 5 | 14.01 [11.69–14.15] | -2.5 % | no change | 9.86 [8.73–10.06] | 4.03 [2.96–4.29] | 5.57 [4.92–5.65] | 8.43 [6.77–8.65] | 1.8 [1.8–2.2] | 0.32 [0.31–0.37] | 2.80 [2.80–2.80] |
| 5 | b16384-r256 | 5 | 14.05 [10.90–14.14] | -2.3 % | no change | 9.88 [8.06–9.92] | 4.15 [2.84–4.30] | 5.73 [4.68–5.79] | 8.32 [6.22–8.40] | 1.9 [1.9–2.6] | 0.32 [0.31–0.37] | 3.15 [3.15–3.15] |
| 6 | b16384-r1024 | 5 | 13.97 [10.33–14.85] | -2.8 % | no change | 9.79 [7.51–10.00] | 4.16 [2.82–4.85] | 5.68 [4.24–5.78] | 8.24 [6.09–9.07] | 1.9 [1.9–2.8] | 0.31 [0.31–0.38] | 3.15 [3.15–3.15] |

Distinct output digests for H-vocab-random-label-de-200k over all arms/reps/scenarios: 1 (1 = identical)

[2026-10-07T00:18:23Z] finished rc=0 run=/local/data-ssd/stoetzem/thesis/experiments/runs/batch-ring-grid-p10
