2026-10-07 10:42:10.504 - INFO: [1mQLever server CIKM-2803-g52ca007a3, compiled on Tue Oct  6 12:06:43 UTC 2026 using git hash 52ca007[22m
2026-10-07 10:42:10.504 - INFO: Runtime parameter set from the command line: construct-export-row-batch-size=1024
2026-10-07 10:42:10.504 - INFO: Runtime parameter set from the command line: vocabulary-iouring-ring-size=256
2026-10-07 10:42:10.504 - INFO: Cleanup of previous index directories after each rebuild enabled (--rebuild-keep-previous-index-dirs original-and-most-recent)
2026-10-07 10:42:10.506 - INFO: The git hash used to build this index was "65f84b4"
2026-10-07 10:42:10.506 - INFO: Reading vocabulary from file /local/data-ssd/stoetzem/wikidata/wikidata.vocabulary.words ...
2026-10-07 10:42:26.855 - INFO: Done, number of words: 1,580,300,680
2026-10-07 10:42:26.855 - INFO: Number of words in internal vocabulary (these are also part of the external vocabulary): 777,658,536
2026-10-07 10:42:26.955 - INFO: Registered PSO permutation: #relations = 10,100, #blocks = 225,155, #triples = 6,983,973,847
2026-10-07 10:42:27.081 - INFO: Registered PSO permutation: #relations = 13,566, #blocks = 264,339, #triples = 8,220,417,022
2026-10-07 10:42:27.174 - INFO: Registered POS permutation: #relations = 10,100, #blocks = 225,155, #triples = 6,983,973,847
2026-10-07 10:42:27.303 - INFO: Registered POS permutation: #relations = 13,566, #blocks = 264,339, #triples = 8,220,417,022
2026-10-07 10:42:27.411 - INFO: Registered OPS permutation: #relations = 1,683,253,489, #blocks = 222,728, #triples = 8,220,417,022
2026-10-07 10:42:27.519 - INFO: Registered OSP permutation: #relations = 1,683,253,489, #blocks = 222,728, #triples = 8,220,417,022
2026-10-07 10:42:27.601 - INFO: Registered SPO permutation: #relations = 252,534,289, #blocks = 175,741, #triples = 8,220,417,022
2026-10-07 10:42:27.674 - INFO: Registered SOP permutation: #relations = 252,534,289, #blocks = 175,741, #triples = 8,220,417,022
2026-10-07 10:42:27.674 - INFO: Reading patterns from file /local/data-ssd/stoetzem/wikidata/wikidata.index.patterns ...
2026-10-07 10:42:29.607 - WARN: The geo points of this index use the encoding "lat-major", which is deprecated and will not be supported for much longer; with this encoding, a spatial prefilter on points can only restrict the latitude; please build the index with the default encoding "z-order" (just omit the option `--geo-point-encoding` of `qlever-index`)
2026-10-07 10:42:29.607 - INFO: Sorting random result tables to estimate the sorting performance of this machine ...
2026-10-07 10:42:40.389 - INFO: Initializing server ...
2026-10-07 10:42:40.389 - INFO: No access token required for restricted API calls
2026-10-07 10:42:40.390 - INFO: The server is ready, listening for requests on port 7015 ...
2026-10-07 10:42:40.606 - INFO: 
2026-10-07 10:42:40.606 - INFO: Request received via POST, content type "application/x-www-form-urlencoded"
2026-10-07 10:42:40.610 - INFO: Processing the following SPARQL query:
# Tier H-vocab — German labels, large
# Physical: P+O bound scan of wdt:P31 wd:Q5 (class postings), then
# S+P bound SPO scan of rdfs:label. LANG(?label) maps label IDs to
# strings. CONSTRUCT writes entity IRI + label.
# Targets: large sequential class scan with EXTERNAL vocabulary words.
# German is not in languages-internal (only "en"), so QLever's
# shouldLiteralBeExternalized places every de literal in the external
# tier (src/index/vocabulary/Vocabulary.cpp). Same shape as
# H-vocab-label-large.rq, but every lookup is a guaranteed external
# miss on cold caches.
PREFIX wd: <http://www.wikidata.org/entity/>
PREFIX wdt: <http://www.wikidata.org/prop/direct/>
PREFIX rdfs: <http://www.w3.org/2000/01/rdf-schema#>

CONSTRUCT { ?entity rdfs:label ?label }
WHERE {
  ?entity wdt:P31 wd:Q5 .
  ?entity rdfs:label ?label .
  FILTER(LANG(?label) = "de")
}

2026-10-07 10:42:40.611 - INFO: Requested media types of the result are: "text/turtle"
2026-10-07 10:42:40.634 - INFO: Query planning done in 27 ms
2026-10-07 10:42:40.634 - INFO: Result has unknown size (not computed yet)
2026-10-07 10:43:14.825 - INFO: Done processing query and sending result, total time was 34,218 ms
2026-10-07 10:43:14.855 - INFO: 
2026-10-07 10:43:14.855 - INFO: Request received via GET, no content type specified
2026-10-07 10:43:14.855 - INFO: Processing command "cache-stats": get cache statistics
2026-10-07 10:43:14.884 - INFO: 
2026-10-07 10:43:14.884 - INFO: Request received via GET, no content type specified
2026-10-07 10:43:14.884 - INFO: Processing command "clear-cache": clear the cache (unpinned elements only)
2026-10-07 10:43:14.908 - INFO: 
2026-10-07 10:43:14.908 - INFO: Request received via GET, no content type specified
2026-10-07 10:43:14.908 - INFO: Processing command "cache-stats": get cache statistics
2026-10-07 10:43:14.936 - INFO: 
2026-10-07 10:43:14.936 - INFO: Request received via POST, content type "application/x-www-form-urlencoded"
2026-10-07 10:43:14.937 - INFO: Processing the following SPARQL query:
# Tier H-vocab — German labels, large
# Physical: P+O bound scan of wdt:P31 wd:Q5 (class postings), then
# S+P bound SPO scan of rdfs:label. LANG(?label) maps label IDs to
# strings. CONSTRUCT writes entity IRI + label.
# Targets: large sequential class scan with EXTERNAL vocabulary words.
# German is not in languages-internal (only "en"), so QLever's
# shouldLiteralBeExternalized places every de literal in the external
# tier (src/index/vocabulary/Vocabulary.cpp). Same shape as
# H-vocab-label-large.rq, but every lookup is a guaranteed external
# miss on cold caches.
PREFIX wd: <http://www.wikidata.org/entity/>
PREFIX wdt: <http://www.wikidata.org/prop/direct/>
PREFIX rdfs: <http://www.w3.org/2000/01/rdf-schema#>

CONSTRUCT { ?entity rdfs:label ?label }
WHERE {
  ?entity wdt:P31 wd:Q5 .
  ?entity rdfs:label ?label .
  FILTER(LANG(?label) = "de")
}

2026-10-07 10:43:14.937 - INFO: Requested media types of the result are: "text/turtle"
2026-10-07 10:43:14.937 - INFO: Query planning done in 0 ms
2026-10-07 10:43:14.937 - INFO: Result has unknown size (not computed yet)
2026-10-07 10:43:38.621 - INFO: Done processing query and sending result, total time was 23,684 ms
2026-10-07 10:43:38.642 - INFO: 
2026-10-07 10:43:38.642 - INFO: Request received via GET, no content type specified
2026-10-07 10:43:38.642 - INFO: Processing command "cache-stats": get cache statistics
