arm base /local/data-ssd/stoetzem/bin-cache/c85718a515e75d42791f6918e8024f021617ca9a/PrefixCompressorLengthBenchmark
6c82033a5e2a1f6b8ee3907b0b0e606e6e7ebf6a3a4adc95ecad9b34ffc38ec3  /local/data-ssd/stoetzem/bin-cache/c85718a515e75d42791f6918e8024f021617ca9a/PrefixCompressorLengthBenchmark
PrefixCompressorLengthBenchmark git QLever  decompressInto=0
  base META sha=c85718a515e75d42791f6918e8024f021617ca9a
  base META ref=c85718a515e75d42791f6918e8024f021617ca9a
  base META targets=PrefixCompressorLengthBenchmark
  base META compiler=/usr/bin/g++-13 (g++-13 (Ubuntu 13.3.0-6ubuntu2~24.04.1) 13.3.0)
  base META liburing=2.15
  base META flavor=u24-hosted
  base META run=https://github.com/marvin7122/qlever/actions/runs/36456645488
  base META built_utc=2026-09-28T17:16:50Z
arm variant /local/data-ssd/stoetzem/bin-cache/0a139760b83c88249b8e79de5fc92c5faa9a8f9a/PrefixCompressorLengthBenchmark
c385813d6c8a70a922fb712aee34bde64f1d5f79c70a0a0ab6a14d2a06d10b12  /local/data-ssd/stoetzem/bin-cache/0a139760b83c88249b8e79de5fc92c5faa9a8f9a/PrefixCompressorLengthBenchmark
PrefixCompressorLengthBenchmark git QLever  decompressInto=1
  variant META sha=0a139760b83c88249b8e79de5fc92c5faa9a8f9a
  variant META ref=0a139760b83c88249b8e79de5fc92c5faa9a8f9a
  variant META targets=PrefixCompressorLengthBenchmark
  variant META compiler=/usr/bin/g++-13 (g++-13 (Ubuntu 13.3.0-6ubuntu2~24.04.1) 13.3.0)
  variant META liburing=2.15
  variant META flavor=u24-hosted
  variant META run=https://github.com/marvin7122/qlever/actions/runs/36456652265
  variant META built_utc=2026-09-28T17:16:54Z
arm final /local/data-ssd/stoetzem/bin-cache/32b573bbd67a0eadafab689dc23255163aa5d006/PrefixCompressorLengthBenchmark
d25ea4c63d000a1fa5ff01827d4214e5f3353308453436205903939b9a293e09  /local/data-ssd/stoetzem/bin-cache/32b573bbd67a0eadafab689dc23255163aa5d006/PrefixCompressorLengthBenchmark
PrefixCompressorLengthBenchmark git QLever  decompressInto=1
  final META sha=32b573bbd67a0eadafab689dc23255163aa5d006
  final META ref=32b573bbd67a0eadafab689dc23255163aa5d006
  final META targets=PrefixCompressorLengthBenchmark
  final META compiler=/usr/bin/g++-13 (g++-13 (Ubuntu 13.3.0-6ubuntu2~24.04.1) 13.3.0)
  final META liburing=2.15
  final META flavor=u24-hosted
  final META run=https://github.com/marvin7122/qlever/actions/runs/36464370368
  final META built_utc=2026-09-28T18:21:16Z
host ural 2026-09-28T21:04:09Z
Linux ural 7.0.0-28-generic #28~24.04.1-Ubuntu SMP PREEMPT_DYNAMIC Wed Jul  1 15:50:57 UTC 2 x86_64 x86_64 x86_64 GNU/Linux
CPU(s):                                  16
Model name:                              AMD Ryzen 7 3700X 8-Core Processor
CPU(s) scaling MHz:                      68%
governor core2 powersave
loadavg-before 2.20 2.28 2.29 2/991 3130593
core 2 min_seconds 10 trials 3
== warm-up (untimed, 1 s per arm and mode)
trial=1 arm=base git=QLever  mode=decompress words=5000 passes=121379 decodes=606895000 seconds=10.000023 ns_per_word=16.477 allocs_per_word=1.0000 alloc_bytes_per_word=72.00 bytes=43089545000 checksum=f67a086f84d19dad
trial=1 arm=variant git=QLever  mode=decompress words=5000 passes=66441 decodes=332205000 seconds=10.000089 ns_per_word=30.102 allocs_per_word=1.0000 alloc_bytes_per_word=72.00 bytes=23586555000 checksum=f67a086f84d19dad
trial=1 arm=final git=QLever  mode=decompress words=5000 passes=117801 decodes=589005000 seconds=10.000058 ns_per_word=16.978 allocs_per_word=1.0000 alloc_bytes_per_word=72.00 bytes=41819355000 checksum=f67a086f84d19dad
trial=1 arm=base git=QLever  mode=batch-vector words=5000 passes=73389 decodes=366945000 seconds=10.000016 ns_per_word=27.252 allocs_per_word=1.0002 alloc_bytes_per_word=104.00 bytes=26053095000 checksum=f67a086f84d19dad
trial=1 arm=variant git=QLever  mode=batch-vector words=5000 passes=48753 decodes=243765000 seconds=10.000079 ns_per_word=41.023 allocs_per_word=1.0002 alloc_bytes_per_word=104.00 bytes=17307315000 checksum=f67a086f84d19dad
trial=1 arm=final git=QLever  mode=batch-vector words=5000 passes=71681 decodes=358405000 seconds=10.000007 ns_per_word=27.901 allocs_per_word=1.0002 alloc_bytes_per_word=104.00 bytes=25446755000 checksum=f67a086f84d19dad
trial=1 arm=variant git=QLever  mode=decompress-into words=5000 passes=138464 decodes=692320000 seconds=10.000047 ns_per_word=14.444 allocs_per_word=0.0000 alloc_bytes_per_word=0.00 bytes=49154720000 checksum=f67a086f84d19dad
trial=1 arm=final git=QLever  mode=decompress-into words=5000 passes=251212 decodes=1256060000 seconds=10.000038 ns_per_word=7.961 allocs_per_word=0.0000 alloc_bytes_per_word=0.00 bytes=89180260000 checksum=f67a086f84d19dad
trial=1 arm=variant git=QLever  mode=batch-arena words=5000 passes=134885 decodes=674425000 seconds=10.000037 ns_per_word=14.827 allocs_per_word=0.0000 alloc_bytes_per_word=0.00 bytes=47884175000 checksum=f67a086f84d19dad
trial=1 arm=final git=QLever  mode=batch-arena words=5000 passes=249606 decodes=1248030000 seconds=10.000001 ns_per_word=8.013 allocs_per_word=0.0000 alloc_bytes_per_word=0.00 bytes=88610130000 checksum=f67a086f84d19dad
trial=1 arm=base git=QLever  mode=decompress words=40000 passes=15078 decodes=603120000 seconds=10.000615 ns_per_word=16.581 allocs_per_word=1.0000 alloc_bytes_per_word=72.00 bytes=42821520000 checksum=b21ad7fc64d09e8a
trial=1 arm=variant git=QLever  mode=decompress words=40000 passes=8298 decodes=331920000 seconds=10.001123 ns_per_word=30.131 allocs_per_word=1.0000 alloc_bytes_per_word=72.00 bytes=23566320000 checksum=b21ad7fc64d09e8a
trial=1 arm=final git=QLever  mode=decompress words=40000 passes=14640 decodes=585600000 seconds=10.000473 ns_per_word=17.077 allocs_per_word=1.0000 alloc_bytes_per_word=72.00 bytes=41577600000 checksum=b21ad7fc64d09e8a
trial=1 arm=base git=QLever  mode=batch-vector words=40000 passes=8908 decodes=356320000 seconds=10.000203 ns_per_word=28.065 allocs_per_word=1.0000 alloc_bytes_per_word=104.00 bytes=25298720000 checksum=b21ad7fc64d09e8a
trial=1 arm=variant git=QLever  mode=batch-vector words=40000 passes=5995 decodes=239800000 seconds=10.000807 ns_per_word=41.705 allocs_per_word=1.0000 alloc_bytes_per_word=104.00 bytes=17025800000 checksum=b21ad7fc64d09e8a
trial=1 arm=final git=QLever  mode=batch-vector words=40000 passes=8765 decodes=350600000 seconds=10.000127 ns_per_word=28.523 allocs_per_word=1.0000 alloc_bytes_per_word=104.00 bytes=24892600000 checksum=b21ad7fc64d09e8a
trial=1 arm=variant git=QLever  mode=decompress-into words=40000 passes=17357 decodes=694280000 seconds=10.000303 ns_per_word=14.404 allocs_per_word=0.0000 alloc_bytes_per_word=0.00 bytes=49293880000 checksum=b21ad7fc64d09e8a
trial=1 arm=final git=QLever  mode=decompress-into words=40000 passes=31724 decodes=1268960000 seconds=10.000214 ns_per_word=7.881 allocs_per_word=0.0000 alloc_bytes_per_word=0.00 bytes=90096160000 checksum=b21ad7fc64d09e8a
trial=1 arm=variant git=QLever  mode=batch-arena words=40000 passes=16886 decodes=675440000 seconds=10.000202 ns_per_word=14.805 allocs_per_word=0.0000 alloc_bytes_per_word=0.00 bytes=47956240000 checksum=b21ad7fc64d09e8a
trial=1 arm=final git=QLever  mode=batch-arena words=40000 passes=30793 decodes=1231720000 seconds=10.000236 ns_per_word=8.119 allocs_per_word=0.0000 alloc_bytes_per_word=0.00 bytes=87452120000 checksum=b21ad7fc64d09e8a
trial 1 done 21:07:57 loadavg 2.13 2.27 2.28
trial=2 arm=variant git=QLever  mode=decompress words=5000 passes=66470 decodes=332350000 seconds=10.000045 ns_per_word=30.089 allocs_per_word=1.0000 alloc_bytes_per_word=72.00 bytes=23596850000 checksum=f67a086f84d19dad
trial=2 arm=final git=QLever  mode=decompress words=5000 passes=115150 decodes=575750000 seconds=10.000000 ns_per_word=17.369 allocs_per_word=1.0000 alloc_bytes_per_word=72.00 bytes=40878250000 checksum=f67a086f84d19dad
trial=2 arm=base git=QLever  mode=decompress words=5000 passes=121460 decodes=607300000 seconds=10.000070 ns_per_word=16.466 allocs_per_word=1.0000 alloc_bytes_per_word=72.00 bytes=43118300000 checksum=f67a086f84d19dad
trial=2 arm=variant git=QLever  mode=batch-vector words=5000 passes=48679 decodes=243395000 seconds=10.000077 ns_per_word=41.086 allocs_per_word=1.0002 alloc_bytes_per_word=104.00 bytes=17281045000 checksum=f67a086f84d19dad
trial=2 arm=final git=QLever  mode=batch-vector words=5000 passes=72037 decodes=360185000 seconds=10.000096 ns_per_word=27.764 allocs_per_word=1.0002 alloc_bytes_per_word=104.00 bytes=25573135000 checksum=f67a086f84d19dad
trial=2 arm=base git=QLever  mode=batch-vector words=5000 passes=72666 decodes=363330000 seconds=10.000042 ns_per_word=27.523 allocs_per_word=1.0002 alloc_bytes_per_word=104.00 bytes=25796430000 checksum=f67a086f84d19dad
trial=2 arm=variant git=QLever  mode=decompress-into words=5000 passes=139571 decodes=697855000 seconds=10.000015 ns_per_word=14.330 allocs_per_word=0.0000 alloc_bytes_per_word=0.00 bytes=49547705000 checksum=f67a086f84d19dad
trial=2 arm=final git=QLever  mode=decompress-into words=5000 passes=253729 decodes=1268645000 seconds=10.000000 ns_per_word=7.882 allocs_per_word=0.0000 alloc_bytes_per_word=0.00 bytes=90073795000 checksum=f67a086f84d19dad
trial=2 arm=variant git=QLever  mode=batch-arena words=5000 passes=135456 decodes=677280000 seconds=10.000023 ns_per_word=14.765 allocs_per_word=0.0000 alloc_bytes_per_word=0.00 bytes=48086880000 checksum=f67a086f84d19dad
trial=2 arm=final git=QLever  mode=batch-arena words=5000 passes=248628 decodes=1243140000 seconds=10.000027 ns_per_word=8.044 allocs_per_word=0.0000 alloc_bytes_per_word=0.00 bytes=88262940000 checksum=f67a086f84d19dad
trial=2 arm=variant git=QLever  mode=decompress words=40000 passes=8290 decodes=331600000 seconds=10.001650 ns_per_word=30.162 allocs_per_word=1.0000 alloc_bytes_per_word=72.00 bytes=23543600000 checksum=b21ad7fc64d09e8a
trial=2 arm=final git=QLever  mode=decompress words=40000 passes=14725 decodes=589000000 seconds=10.000113 ns_per_word=16.978 allocs_per_word=1.0000 alloc_bytes_per_word=72.00 bytes=41819000000 checksum=b21ad7fc64d09e8a
trial=2 arm=base git=QLever  mode=decompress words=40000 passes=15173 decodes=606920000 seconds=10.000563 ns_per_word=16.478 allocs_per_word=1.0000 alloc_bytes_per_word=72.00 bytes=43091320000 checksum=b21ad7fc64d09e8a
trial=2 arm=variant git=QLever  mode=batch-vector words=40000 passes=6062 decodes=242480000 seconds=10.000505 ns_per_word=41.243 allocs_per_word=1.0000 alloc_bytes_per_word=104.00 bytes=17216080000 checksum=b21ad7fc64d09e8a
trial=2 arm=final git=QLever  mode=batch-vector words=40000 passes=8812 decodes=352480000 seconds=10.000908 ns_per_word=28.373 allocs_per_word=1.0000 alloc_bytes_per_word=104.00 bytes=25026080000 checksum=b21ad7fc64d09e8a
trial=2 arm=base git=QLever  mode=batch-vector words=40000 passes=8930 decodes=357200000 seconds=10.000446 ns_per_word=27.997 allocs_per_word=1.0000 alloc_bytes_per_word=104.00 bytes=25361200000 checksum=b21ad7fc64d09e8a
trial=2 arm=variant git=QLever  mode=decompress-into words=40000 passes=17433 decodes=697320000 seconds=10.000262 ns_per_word=14.341 allocs_per_word=0.0000 alloc_bytes_per_word=0.00 bytes=49509720000 checksum=b21ad7fc64d09e8a
trial=2 arm=final git=QLever  mode=decompress-into words=40000 passes=31112 decodes=1244480000 seconds=10.000036 ns_per_word=8.036 allocs_per_word=0.0000 alloc_bytes_per_word=0.00 bytes=88358080000 checksum=b21ad7fc64d09e8a
trial=2 arm=variant git=QLever  mode=batch-arena words=40000 passes=17046 decodes=681840000 seconds=10.000491 ns_per_word=14.667 allocs_per_word=0.0000 alloc_bytes_per_word=0.00 bytes=48410640000 checksum=b21ad7fc64d09e8a
trial=2 arm=final git=QLever  mode=batch-arena words=40000 passes=30873 decodes=1234920000 seconds=10.000267 ns_per_word=8.098 allocs_per_word=0.0000 alloc_bytes_per_word=0.00 bytes=87679320000 checksum=b21ad7fc64d09e8a
trial 2 done 21:11:39 loadavg 1.68 2.05 2.19
trial=3 arm=final git=QLever  mode=decompress words=5000 passes=117598 decodes=587990000 seconds=10.000054 ns_per_word=17.007 allocs_per_word=1.0000 alloc_bytes_per_word=72.00 bytes=41747290000 checksum=f67a086f84d19dad
trial=3 arm=base git=QLever  mode=decompress words=5000 passes=120605 decodes=603025000 seconds=10.000006 ns_per_word=16.583 allocs_per_word=1.0000 alloc_bytes_per_word=72.00 bytes=42814775000 checksum=f67a086f84d19dad
trial=3 arm=variant git=QLever  mode=decompress words=5000 passes=66435 decodes=332175000 seconds=10.000127 ns_per_word=30.105 allocs_per_word=1.0000 alloc_bytes_per_word=72.00 bytes=23584425000 checksum=f67a086f84d19dad
trial=3 arm=final git=QLever  mode=batch-vector words=5000 passes=71884 decodes=359420000 seconds=10.000134 ns_per_word=27.823 allocs_per_word=1.0002 alloc_bytes_per_word=104.00 bytes=25518820000 checksum=f67a086f84d19dad
trial=3 arm=base git=QLever  mode=batch-vector words=5000 passes=73071 decodes=365355000 seconds=10.000009 ns_per_word=27.371 allocs_per_word=1.0002 alloc_bytes_per_word=104.00 bytes=25940205000 checksum=f67a086f84d19dad
trial=3 arm=variant git=QLever  mode=batch-vector words=5000 passes=48583 decodes=242915000 seconds=10.000081 ns_per_word=41.167 allocs_per_word=1.0002 alloc_bytes_per_word=104.00 bytes=17246965000 checksum=f67a086f84d19dad
trial=3 arm=final git=QLever  mode=decompress-into words=5000 passes=255171 decodes=1275855000 seconds=10.000021 ns_per_word=7.838 allocs_per_word=0.0000 alloc_bytes_per_word=0.00 bytes=90585705000 checksum=f67a086f84d19dad
trial=3 arm=variant git=QLever  mode=decompress-into words=5000 passes=138326 decodes=691630000 seconds=10.000021 ns_per_word=14.459 allocs_per_word=0.0000 alloc_bytes_per_word=0.00 bytes=49105730000 checksum=f67a086f84d19dad
trial=3 arm=final git=QLever  mode=batch-arena words=5000 passes=250883 decodes=1254415000 seconds=10.000005 ns_per_word=7.972 allocs_per_word=0.0000 alloc_bytes_per_word=0.00 bytes=89063465000 checksum=f67a086f84d19dad
trial=3 arm=variant git=QLever  mode=batch-arena words=5000 passes=135581 decodes=677905000 seconds=10.000036 ns_per_word=14.751 allocs_per_word=0.0000 alloc_bytes_per_word=0.00 bytes=48131255000 checksum=f67a086f84d19dad
trial=3 arm=final git=QLever  mode=decompress words=40000 passes=14644 decodes=585760000 seconds=10.000607 ns_per_word=17.073 allocs_per_word=1.0000 alloc_bytes_per_word=72.00 bytes=41588960000 checksum=b21ad7fc64d09e8a
trial=3 arm=base git=QLever  mode=decompress words=40000 passes=15030 decodes=601200000 seconds=10.000204 ns_per_word=16.634 allocs_per_word=1.0000 alloc_bytes_per_word=72.00 bytes=42685200000 checksum=b21ad7fc64d09e8a
trial=3 arm=variant git=QLever  mode=decompress words=40000 passes=8299 decodes=331960000 seconds=10.000725 ns_per_word=30.126 allocs_per_word=1.0000 alloc_bytes_per_word=72.00 bytes=23569160000 checksum=b21ad7fc64d09e8a
trial=3 arm=final git=QLever  mode=batch-vector words=40000 passes=8755 decodes=350200000 seconds=10.000970 ns_per_word=28.558 allocs_per_word=1.0000 alloc_bytes_per_word=104.00 bytes=24864200000 checksum=b21ad7fc64d09e8a
trial=3 arm=base git=QLever  mode=batch-vector words=40000 passes=8916 decodes=356640000 seconds=10.000387 ns_per_word=28.041 allocs_per_word=1.0000 alloc_bytes_per_word=104.00 bytes=25321440000 checksum=b21ad7fc64d09e8a
trial=3 arm=variant git=QLever  mode=batch-vector words=40000 passes=6017 decodes=240680000 seconds=10.000762 ns_per_word=41.552 allocs_per_word=1.0000 alloc_bytes_per_word=104.00 bytes=17088280000 checksum=b21ad7fc64d09e8a
trial=3 arm=final git=QLever  mode=decompress-into words=40000 passes=31577 decodes=1263080000 seconds=10.000094 ns_per_word=7.917 allocs_per_word=0.0000 alloc_bytes_per_word=0.00 bytes=89678680000 checksum=b21ad7fc64d09e8a
trial=3 arm=variant git=QLever  mode=decompress-into words=40000 passes=17253 decodes=690120000 seconds=10.000438 ns_per_word=14.491 allocs_per_word=0.0000 alloc_bytes_per_word=0.00 bytes=48998520000 checksum=b21ad7fc64d09e8a
trial=3 arm=final git=QLever  mode=batch-arena words=40000 passes=31072 decodes=1242880000 seconds=10.000160 ns_per_word=8.046 allocs_per_word=0.0000 alloc_bytes_per_word=0.00 bytes=88244480000 checksum=b21ad7fc64d09e8a
trial=3 arm=variant git=QLever  mode=batch-arena words=40000 passes=16834 decodes=673360000 seconds=10.000553 ns_per_word=14.852 allocs_per_word=0.0000 alloc_bytes_per_word=0.00 bytes=47808560000 checksum=b21ad7fc64d09e8a
trial 3 done 21:15:10 loadavg 2.28 2.15 2.19
PART4V3_EXIT=0
