2026-10-08 02:45:49.738 - INFO: [1mQLever server CIKM-3095-g60efca19a, compiled on Wed Oct  7 21:02:12 UTC 2026 using git hash 60efca1[22m
2026-10-08 02:45:49.738 - INFO: Cleanup of previous index directories after each rebuild enabled (--rebuild-keep-previous-index-dirs original-and-most-recent)
2026-10-08 02:45:49.740 - INFO: The git hash used to build this index was "65f84b4"
2026-10-08 02:45:49.740 - INFO: Reading vocabulary from file /local/data-ssd/stoetzem/wikidata/wikidata.vocabulary.words ...
2026-10-08 02:46:06.191 - INFO: Done, number of words: 1,580,300,680
2026-10-08 02:46:06.191 - INFO: Number of words in internal vocabulary (these are also part of the external vocabulary): 777,658,536
2026-10-08 02:46:06.292 - INFO: Registered PSO permutation: #relations = 10,100, #blocks = 225,155, #triples = 6,983,973,847
2026-10-08 02:46:06.416 - INFO: Registered PSO permutation: #relations = 13,566, #blocks = 264,339, #triples = 8,220,417,022
2026-10-08 02:46:06.511 - INFO: Registered POS permutation: #relations = 10,100, #blocks = 225,155, #triples = 6,983,973,847
2026-10-08 02:46:06.638 - INFO: Registered POS permutation: #relations = 13,566, #blocks = 264,339, #triples = 8,220,417,022
2026-10-08 02:46:06.752 - INFO: Registered OPS permutation: #relations = 1,683,253,489, #blocks = 222,728, #triples = 8,220,417,022
2026-10-08 02:46:06.857 - INFO: Registered OSP permutation: #relations = 1,683,253,489, #blocks = 222,728, #triples = 8,220,417,022
2026-10-08 02:46:06.929 - INFO: Registered SPO permutation: #relations = 252,534,289, #blocks = 175,741, #triples = 8,220,417,022
2026-10-08 02:46:07.005 - INFO: Registered SOP permutation: #relations = 252,534,289, #blocks = 175,741, #triples = 8,220,417,022
2026-10-08 02:46:07.005 - INFO: Reading patterns from file /local/data-ssd/stoetzem/wikidata/wikidata.index.patterns ...
2026-10-08 02:46:08.809 - INFO: Sorting random result tables to estimate the sorting performance of this machine ...
2026-10-08 02:46:19.446 - INFO: Initializing server ...
2026-10-08 02:46:19.446 - INFO: ExportEngineV2 serialize posts onto queryThreadPool_ (8 threads); no extra V2 pool. Helpers stop admitting when another query is registered.
2026-10-08 02:46:19.446 - INFO: No access token required for restricted API calls
2026-10-08 02:46:19.447 - INFO: The server is ready, listening for requests on port 7015 ...
2026-10-08 02:46:19.593 - INFO: 
2026-10-08 02:46:19.593 - INFO: Request received via POST, content type "application/x-www-form-urlencoded"
2026-10-08 02:46:19.596 - INFO: Processing the following SPARQL query:
# Tier H-vocab — English labels, large
# Physical: P+O bound scan of wdt:P31 wd:Q5 (class postings), then
# S+P bound SPO scan of rdfs:label. LANG(?label) maps label IDs to
# strings. CONSTRUCT writes entity IRI + label.
# Targets: large sequential class scan, label vocabulary, 1.3 GiB Turtle
# serialize. Same query as wikidata-construct-humans-label-en.
PREFIX wd: <http://www.wikidata.org/entity/>
PREFIX wdt: <http://www.wikidata.org/prop/direct/>
PREFIX rdfs: <http://www.w3.org/2000/01/rdf-schema#>

CONSTRUCT { ?entity rdfs:label ?label }
WHERE {
  ?entity wdt:P31 wd:Q5 .
  ?entity rdfs:label ?label .
  FILTER(LANG(?label) = "en")
}

2026-10-08 02:46:19.596 - INFO: Requested media types of the result are: "text/turtle"
2026-10-08 02:46:19.600 - INFO: Query planning done in 7 ms
2026-10-08 02:46:19.601 - INFO: ExportEngine: LegacyV1 [Reason: Legacy V1 selected (explicitly requested via query parameter or header override)]
2026-10-08 02:46:19.601 - INFO: Result has unknown size (not computed yet)
2026-10-08 02:46:59.636 - INFO: Done processing query and sending result, total time was 40,042 ms
2026-10-08 02:46:59.663 - INFO: 
2026-10-08 02:46:59.663 - INFO: Request received via GET, no content type specified
2026-10-08 02:46:59.663 - INFO: Processing command "cache-stats": get cache statistics
2026-10-08 02:46:59.690 - INFO: 
2026-10-08 02:46:59.690 - INFO: Request received via GET, no content type specified
2026-10-08 02:46:59.690 - INFO: Processing command "clear-cache": clear the cache (unpinned elements only)
2026-10-08 02:46:59.721 - INFO: 
2026-10-08 02:46:59.721 - INFO: Request received via GET, no content type specified
2026-10-08 02:46:59.721 - INFO: Processing command "cache-stats": get cache statistics
2026-10-08 02:46:59.748 - INFO: 
2026-10-08 02:46:59.748 - INFO: Request received via POST, content type "application/x-www-form-urlencoded"
2026-10-08 02:46:59.749 - INFO: Processing the following SPARQL query:
# Tier H-vocab — English labels, large
# Physical: P+O bound scan of wdt:P31 wd:Q5 (class postings), then
# S+P bound SPO scan of rdfs:label. LANG(?label) maps label IDs to
# strings. CONSTRUCT writes entity IRI + label.
# Targets: large sequential class scan, label vocabulary, 1.3 GiB Turtle
# serialize. Same query as wikidata-construct-humans-label-en.
PREFIX wd: <http://www.wikidata.org/entity/>
PREFIX wdt: <http://www.wikidata.org/prop/direct/>
PREFIX rdfs: <http://www.w3.org/2000/01/rdf-schema#>

CONSTRUCT { ?entity rdfs:label ?label }
WHERE {
  ?entity wdt:P31 wd:Q5 .
  ?entity rdfs:label ?label .
  FILTER(LANG(?label) = "en")
}

2026-10-08 02:46:59.749 - INFO: Requested media types of the result are: "text/turtle"
2026-10-08 02:46:59.749 - INFO: Query planning done in 1 ms
2026-10-08 02:46:59.750 - INFO: ExportEngine: LegacyV1 [Reason: Legacy V1 selected (explicitly requested via query parameter or header override)]
2026-10-08 02:46:59.750 - INFO: Result has unknown size (not computed yet)
2026-10-08 02:47:39.421 - INFO: Done processing query and sending result, total time was 39,672 ms
2026-10-08 02:47:39.448 - INFO: 
2026-10-08 02:47:39.448 - INFO: Request received via GET, no content type specified
2026-10-08 02:47:39.448 - INFO: Processing command "cache-stats": get cache statistics
