2026-08-11 13:30:15.745 - INFO: [1mQLever server v0.5.50-58-gbdd1a6b9, compiled on Fri Jul 31 12:36:09 CEST 2026 using git hash bdd1a6b[22m
2026-08-11 13:30:15.746 - INFO: The git hash used to build this index was "bdd1a6b"
2026-08-11 13:30:15.746 - INFO: Reading vocabulary from file /home/userNoPriv/code/qlever/qlever-indices/dblp/dblp.vocabulary.words ...
2026-08-11 13:30:15.765 - INFO: Done, number of words: 409,446,926
2026-08-11 13:30:15.765 - INFO: Number of words in internal vocabulary (these are also part of the external vocabulary): 409,457
2026-08-11 13:30:15.777 - INFO: Registered PSO permutation: #relations = 6, #blocks = 7,515, #triples = 234,800,838
2026-08-11 13:30:15.808 - INFO: Registered PSO permutation: #relations = 96, #blocks = 46,913, #triples = 1,464,719,701
2026-08-11 13:30:15.813 - INFO: Registered POS permutation: #relations = 6, #blocks = 7,515, #triples = 234,800,838
2026-08-11 13:30:15.838 - INFO: Registered POS permutation: #relations = 96, #blocks = 46,913, #triples = 1,464,719,701
2026-08-11 13:30:15.860 - INFO: Registered OPS permutation: #relations = 318,850,904, #blocks = 39,014, #triples = 1,464,719,701
2026-08-11 13:30:15.880 - INFO: Registered OSP permutation: #relations = 318,850,904, #blocks = 39,014, #triples = 1,464,719,701
2026-08-11 13:30:15.894 - INFO: Registered SPO permutation: #relations = 234,800,427, #blocks = 31,251, #triples = 1,464,719,701
2026-08-11 13:30:15.907 - INFO: Registered SOP permutation: #relations = 234,800,427, #blocks = 31,251, #triples = 1,464,719,701
2026-08-11 13:30:15.907 - INFO: Reading patterns from file /home/userNoPriv/code/qlever/qlever-indices/dblp/dblp.index.patterns ...
2026-08-11 13:30:15.908 - INFO: Sorting random result tables to estimate the sorting performance of this machine ...
2026-08-11 13:30:24.895 - INFO: Initializing server ...
2026-08-11 13:30:24.895 - INFO: No access token required for restricted API calls
2026-08-11 13:30:24.895 - INFO: The server is ready, listening for requests on port 7088 ...
2026-08-11 13:30:25.034 - INFO: 
2026-08-11 13:30:25.034 - INFO: Request received via POST, content type "application/x-www-form-urlencoded"
2026-08-11 13:30:25.036 - INFO: Processing the following SPARQL query:
# Tier H-vocab — creator-name literals, large
# Goal: external-vocabulary lookup pressure on a different predicate path.
PREFIX dblp: <https://dblp.org/rdf/schema#>

CONSTRUCT { ?creator dblp:creatorName ?name }
WHERE {
  ?creator dblp:creatorName ?name .
}
LIMIT 100000

2026-08-11 13:30:25.036 - INFO: Requested media types of the result are: "text/turtle"
2026-08-11 13:30:25.038 - INFO: Query planning done in 4 ms
2026-08-11 13:30:25.038 - INFO: Result has unknown size (not computed yet)
2026-08-11 13:30:25.039 - INFO: Result has unknown size (not computed yet)
2026-08-11 13:30:32.509 - INFO: Export finished in 5,321 ms
2026-08-11 13:30:32.509 - INFO: Done processing query and sending result, total time was 7,475 ms
2026-08-11 13:30:32.517 - INFO: 
2026-08-11 13:30:32.517 - INFO: Request received via GET, no content type specified
2026-08-11 13:30:32.517 - INFO: Processing command "cache-stats": get cache statistics
2026-08-11 13:30:32.863 - INFO: 
2026-08-11 13:30:32.863 - INFO: Request received via POST, content type "application/x-www-form-urlencoded"
2026-08-11 13:30:32.863 - INFO: Processing the following SPARQL query:
# Tier H-vocab — creator-name literals, large
# Goal: external-vocabulary lookup pressure on a different predicate path.
PREFIX dblp: <https://dblp.org/rdf/schema#>

CONSTRUCT { ?creator dblp:creatorName ?name }
WHERE {
  ?creator dblp:creatorName ?name .
}
LIMIT 100000

2026-08-11 13:30:32.863 - INFO: Requested media types of the result are: "text/turtle"
2026-08-11 13:30:32.864 - INFO: Query planning done in 0 ms
2026-08-11 13:30:32.864 - INFO: Result has unknown size (not computed yet)
2026-08-11 13:30:32.864 - INFO: Result has unknown size (not computed yet)
2026-08-11 13:30:33.244 - INFO: Export finished in 335 ms
2026-08-11 13:30:33.244 - INFO: Done processing query and sending result, total time was 381 ms
2026-08-11 13:30:33.254 - INFO: 
2026-08-11 13:30:33.254 - INFO: Request received via GET, no content type specified
2026-08-11 13:30:33.254 - INFO: Processing command "cache-stats": get cache statistics
