2026-10-07 22:15:19.268 - INFO: [1mQLever server CIKM-3084-g022c22472, compiled on Wed Oct  7 18:21:17 UTC 2026 using git hash 022c224[22m
2026-10-07 22:15:19.268 - INFO: Runtime parameter set from the command line: vocabulary-internal-rank-lookup=false
2026-10-07 22:15:19.268 - INFO: Cleanup of previous index directories after each rebuild enabled (--rebuild-keep-previous-index-dirs original-and-most-recent)
2026-10-07 22:15:19.269 - INFO: The git hash used to build this index was "65f84b4"
2026-10-07 22:15:19.269 - INFO: Reading vocabulary from file /local/data-ssd/stoetzem/wikidata/wikidata.vocabulary.words ...
2026-10-07 22:15:35.624 - INFO: Done, number of words: 1,580,300,680
2026-10-07 22:15:35.625 - INFO: Number of words in internal vocabulary (these are also part of the external vocabulary): 777,658,536
2026-10-07 22:15:35.734 - INFO: Registered PSO permutation: #relations = 10,100, #blocks = 225,155, #triples = 6,983,973,847
2026-10-07 22:15:35.869 - INFO: Registered PSO permutation: #relations = 13,566, #blocks = 264,339, #triples = 8,220,417,022
2026-10-07 22:15:35.962 - INFO: Registered POS permutation: #relations = 10,100, #blocks = 225,155, #triples = 6,983,973,847
2026-10-07 22:15:36.088 - INFO: Registered POS permutation: #relations = 13,566, #blocks = 264,339, #triples = 8,220,417,022
2026-10-07 22:15:36.201 - INFO: Registered OPS permutation: #relations = 1,683,253,489, #blocks = 222,728, #triples = 8,220,417,022
2026-10-07 22:15:36.310 - INFO: Registered OSP permutation: #relations = 1,683,253,489, #blocks = 222,728, #triples = 8,220,417,022
2026-10-07 22:15:36.384 - INFO: Registered SPO permutation: #relations = 252,534,289, #blocks = 175,741, #triples = 8,220,417,022
2026-10-07 22:15:36.463 - INFO: Registered SOP permutation: #relations = 252,534,289, #blocks = 175,741, #triples = 8,220,417,022
2026-10-07 22:15:36.463 - INFO: Reading patterns from file /local/data-ssd/stoetzem/wikidata/wikidata.index.patterns ...
2026-10-07 22:15:38.268 - INFO: Sorting random result tables to estimate the sorting performance of this machine ...
2026-10-07 22:15:49.284 - INFO: Initializing server ...
2026-10-07 22:15:49.285 - INFO: ExportEngineV2 serialize posts onto queryThreadPool_ (8 threads); no extra V2 pool. Helpers stop admitting when another query is registered.
2026-10-07 22:15:49.285 - INFO: No access token required for restricted API calls
2026-10-07 22:15:49.285 - INFO: The server is ready, listening for requests on port 7015 ...
2026-10-07 22:15:49.381 - INFO: 
2026-10-07 22:15:49.381 - INFO: Request received via POST, content type "application/x-www-form-urlencoded"
2026-10-07 22:15:49.385 - INFO: Processing the following SPARQL query:
# Tier H-vocab — English labels, large (SELECT companion)
# Same WHERE clause as H-vocab-label-large.rq, but SELECT ?entity ?label
# instead of CONSTRUCT. Used by run 124 (export term-lookup perf profile)
# to attribute SELECT export CPU between vocabulary lookup and formatting.
PREFIX wd: <http://www.wikidata.org/entity/>
PREFIX wdt: <http://www.wikidata.org/prop/direct/>
PREFIX rdfs: <http://www.w3.org/2000/01/rdf-schema#>

SELECT ?entity ?label
WHERE {
  ?entity wdt:P31 wd:Q5 .
  ?entity rdfs:label ?label .
  FILTER(LANG(?label) = "en")
}

2026-10-07 22:15:49.385 - INFO: Requested media types of the result are: "text/csv"
2026-10-07 22:15:49.387 - INFO: Query planning done in 5 ms
2026-10-07 22:15:49.387 - INFO: ExportEngine: LegacyV1 [Reason: Legacy V1 selected (explicitly requested via query parameter or header override)]
2026-10-07 22:15:49.387 - INFO: Result has unknown size (not computed yet)
2026-10-07 22:16:25.597 - INFO: Done processing query and sending result, total time was 36,215 ms
2026-10-07 22:16:25.623 - INFO: 
2026-10-07 22:16:25.623 - INFO: Request received via GET, no content type specified
2026-10-07 22:16:25.623 - INFO: Processing command "cache-stats": get cache statistics
2026-10-07 22:16:25.652 - INFO: 
2026-10-07 22:16:25.652 - INFO: Request received via GET, no content type specified
2026-10-07 22:16:25.652 - INFO: Processing command "clear-cache": clear the cache (unpinned elements only)
2026-10-07 22:16:25.676 - INFO: 
2026-10-07 22:16:25.676 - INFO: Request received via GET, no content type specified
2026-10-07 22:16:25.676 - INFO: Processing command "cache-stats": get cache statistics
2026-10-07 22:16:25.705 - INFO: 
2026-10-07 22:16:25.705 - INFO: Request received via POST, content type "application/x-www-form-urlencoded"
2026-10-07 22:16:25.706 - INFO: Processing the following SPARQL query:
# Tier H-vocab — English labels, large (SELECT companion)
# Same WHERE clause as H-vocab-label-large.rq, but SELECT ?entity ?label
# instead of CONSTRUCT. Used by run 124 (export term-lookup perf profile)
# to attribute SELECT export CPU between vocabulary lookup and formatting.
PREFIX wd: <http://www.wikidata.org/entity/>
PREFIX wdt: <http://www.wikidata.org/prop/direct/>
PREFIX rdfs: <http://www.w3.org/2000/01/rdf-schema#>

SELECT ?entity ?label
WHERE {
  ?entity wdt:P31 wd:Q5 .
  ?entity rdfs:label ?label .
  FILTER(LANG(?label) = "en")
}

2026-10-07 22:16:25.706 - INFO: Requested media types of the result are: "text/csv"
2026-10-07 22:16:25.706 - INFO: Query planning done in 1 ms
2026-10-07 22:16:25.706 - INFO: ExportEngine: LegacyV1 [Reason: Legacy V1 selected (explicitly requested via query parameter or header override)]
2026-10-07 22:16:25.706 - INFO: Result has unknown size (not computed yet)
2026-10-07 22:17:02.011 - INFO: Done processing query and sending result, total time was 36,305 ms
2026-10-07 22:17:02.042 - INFO: 
2026-10-07 22:17:02.042 - INFO: Request received via GET, no content type specified
2026-10-07 22:17:02.042 - INFO: Processing command "cache-stats": get cache statistics
