2026-08-12 19:16:06.636 - INFO: [1mQLever server CIKM-2494-gc801fe1b, compiled on Wed Aug 12 06:40:36 PM CEST 2026 using git hash c801fe1[22m
2026-08-12 19:16:06.636 - INFO: Cleanup of previous index directories after each rebuild enabled (--rebuild-keep-previous-index-dirs original-and-most-recent)
2026-08-12 19:16:06.636 - INFO: The git hash used to build this index was "65f84b4"
2026-08-12 19:16:06.636 - INFO: Reading vocabulary from file /local/data-ssd/stoetzem/dblp/dblp.vocabulary.words ...
2026-08-12 19:16:06.646 - INFO: Done, number of words: 446,944,668
2026-08-12 19:16:06.646 - INFO: Number of words in internal vocabulary (these are also part of the external vocabulary): 446,955
2026-08-12 19:16:06.652 - INFO: Registered PSO permutation: #relations = 6, #blocks = 8,187, #triples = 255,805,025
2026-08-12 19:16:06.673 - INFO: Registered PSO permutation: #relations = 96, #blocks = 51,023, #triples = 1,593,245,022
2026-08-12 19:16:06.676 - INFO: Registered POS permutation: #relations = 6, #blocks = 8,187, #triples = 255,805,025
2026-08-12 19:16:06.698 - INFO: Registered POS permutation: #relations = 96, #blocks = 51,023, #triples = 1,593,245,022
2026-08-12 19:16:06.715 - INFO: Registered OPS permutation: #relations = 345,357,897, #blocks = 42,492, #triples = 1,593,245,022
2026-08-12 19:16:06.733 - INFO: Registered OSP permutation: #relations = 345,357,897, #blocks = 42,492, #triples = 1,593,245,022
2026-08-12 19:16:06.746 - INFO: Registered SPO permutation: #relations = 255,804,614, #blocks = 33,993, #triples = 1,593,245,022
2026-08-12 19:16:06.756 - INFO: Registered SOP permutation: #relations = 255,804,614, #blocks = 33,993, #triples = 1,593,245,022
2026-08-12 19:16:06.756 - INFO: Reading patterns from file /local/data-ssd/stoetzem/dblp/dblp.index.patterns ...
2026-08-12 19:16:06.756 - INFO: Sorting random result tables to estimate the sorting performance of this machine ...
2026-08-12 19:16:11.359 - INFO: Initializing server ...
2026-08-12 19:16:11.359 - INFO: No access token required for restricted API calls
2026-08-12 19:16:11.359 - INFO: The server is ready, listening for requests on port 7015 ...
2026-08-12 19:16:11.430 - INFO: 
2026-08-12 19:16:11.430 - INFO: Request received via POST, content type "application/x-www-form-urlencoded"
2026-08-12 19:16:11.432 - INFO: Processing the following SPARQL query:
# Tier R2 — STATE (real-world, large result) — SELECT variant
# Unbounded materialization of the same DBLP venue subgraph as CSV/TSV rows.
PREFIX dblp: <https://dblp.org/rdf/schema#>

SELECT ?paper ?p ?o
WHERE {
  ?paper a dblp:Publication ;
         dblp:publishedInStream <https://dblp.org/streams/conf/stoc> ;
         ?p ?o .
}

2026-08-12 19:16:11.432 - INFO: Requested media types of the result are: "text/csv"
2026-08-12 19:16:11.437 - INFO: Query planning done in 6 ms
2026-08-12 19:16:11.440 - INFO: Result has unknown size (not computed yet)
2026-08-12 19:16:13.501 - INFO: Done processing query and sending result, total time was 2,070 ms
2026-08-12 19:16:13.521 - INFO: 
2026-08-12 19:16:13.521 - INFO: Request received via GET, no content type specified
2026-08-12 19:16:13.521 - INFO: Processing command "cache-stats": get cache statistics
2026-08-12 19:16:13.541 - INFO: 
2026-08-12 19:16:13.541 - INFO: Request received via POST, content type "application/x-www-form-urlencoded"
2026-08-12 19:16:13.542 - INFO: Processing the following SPARQL query:
# Tier R2 — STATE (real-world, large result) — SELECT variant
# Unbounded materialization of the same DBLP venue subgraph as CSV/TSV rows.
PREFIX dblp: <https://dblp.org/rdf/schema#>

SELECT ?paper ?p ?o
WHERE {
  ?paper a dblp:Publication ;
         dblp:publishedInStream <https://dblp.org/streams/conf/stoc> ;
         ?p ?o .
}

2026-08-12 19:16:13.542 - INFO: Requested media types of the result are: "text/csv"
2026-08-12 19:16:13.542 - INFO: Query planning done in 0 ms
2026-08-12 19:16:13.545 - INFO: Result has unknown size (not computed yet)
2026-08-12 19:16:14.196 - INFO: Done processing query and sending result, total time was 654 ms
2026-08-12 19:16:14.216 - INFO: 
2026-08-12 19:16:14.216 - INFO: Request received via GET, no content type specified
2026-08-12 19:16:14.216 - INFO: Processing command "cache-stats": get cache statistics
