2026-08-09 20:23:29.358 - INFO: [1mQLever server v0.5.50-82-g65f84b43, compiled on Sun Aug  9 20:05:34 CEST 2026 using git hash 65f84b4[22m
2026-08-09 20:23:29.358 - INFO: Cleanup of previous index directories after each rebuild enabled (--rebuild-keep-previous-index-dirs original-and-most-recent)
2026-08-09 20:23:29.359 - INFO: The git hash used to build this index was "bdd1a6b"
2026-08-09 20:23:29.359 - INFO: Reading vocabulary from file /home/userNoPriv/code/qlever/qlever-indices/dblp/dblp.vocabulary.words ...
2026-08-09 20:23:29.366 - INFO: Done, number of words: 409,446,926
2026-08-09 20:23:29.366 - INFO: Number of words in internal vocabulary (these are also part of the external vocabulary): 409,457
2026-08-09 20:23:29.370 - INFO: Registered PSO permutation: #relations = 6, #blocks = 7,515, #triples = 234,800,838
2026-08-09 20:23:29.388 - INFO: Registered PSO permutation: #relations = 96, #blocks = 46,913, #triples = 1,464,719,701
2026-08-09 20:23:29.390 - INFO: Registered POS permutation: #relations = 6, #blocks = 7,515, #triples = 234,800,838
2026-08-09 20:23:29.408 - INFO: Registered POS permutation: #relations = 96, #blocks = 46,913, #triples = 1,464,719,701
2026-08-09 20:23:29.423 - INFO: Registered OPS permutation: #relations = 318,850,904, #blocks = 39,014, #triples = 1,464,719,701
2026-08-09 20:23:29.438 - INFO: Registered OSP permutation: #relations = 318,850,904, #blocks = 39,014, #triples = 1,464,719,701
2026-08-09 20:23:29.448 - INFO: Registered SPO permutation: #relations = 234,800,427, #blocks = 31,251, #triples = 1,464,719,701
2026-08-09 20:23:29.456 - INFO: Registered SOP permutation: #relations = 234,800,427, #blocks = 31,251, #triples = 1,464,719,701
2026-08-09 20:23:29.456 - INFO: Reading patterns from file /home/userNoPriv/code/qlever/qlever-indices/dblp/dblp.index.patterns ...
2026-08-09 20:23:29.457 - INFO: Sorting random result tables to estimate the sorting performance of this machine ...
2026-08-09 20:23:37.694 - INFO: Initializing server ...
2026-08-09 20:23:37.694 - INFO: No access token required for restricted API calls
2026-08-09 20:23:37.694 - INFO: The server is ready, listening for requests on port 7025 ...
2026-08-09 20:23:37.708 - INFO: 
2026-08-09 20:23:37.708 - INFO: Request received via GET, no content type specified
2026-08-09 20:23:37.708 - INFO: Processing command "cache-stats": get cache statistics
2026-08-09 20:23:37.721 - INFO: 
2026-08-09 20:23:37.721 - INFO: Request received via POST, content type "application/x-www-form-urlencoded"
2026-08-09 20:23:37.725 - INFO: Processing the following SPARQL query:
# Tier H — size-sweep
# Goal: isolate export cost from query-planning cost. Raise the year bound
# across runs, for example 1970, 1990, 2010, and 2023.
PREFIX dblp: <https://dblp.org/rdf/schema#>

CONSTRUCT { ?s ?p ?o }
WHERE {
  ?s a dblp:Publication ;
     dblp:yearOfPublication ?year ;
     ?p ?o .
  FILTER(?year <= "1970"^^<http://www.w3.org/2001/XMLSchema#gYear>)
}

2026-08-09 20:23:37.726 - INFO: Requested media types of the result are: "application/n-triples"
2026-08-09 20:23:37.727 - INFO: Query planning done in 5 ms
2026-08-09 20:23:37.774 - INFO: Result has unknown size (not computed yet)
2026-08-09 20:23:42.009 - INFO: Done processing query and sending result, total time was 4,287 ms
