2026-09-28 22:40:40.941 - INFO: [1mQLever server CIKM-2668-g0ed8f9223, compiled on Mon Sep 28 14:57:53 UTC 2026 using git hash 0ed8f92[22m
2026-09-28 22:40:40.941 - INFO: Cleanup of previous index directories after each rebuild enabled (--rebuild-keep-previous-index-dirs original-and-most-recent)
2026-09-28 22:40:40.944 - INFO: The git hash used to build this index was "65f84b4"
2026-09-28 22:40:40.944 - INFO: Reading vocabulary from file /local/data-ssd/stoetzem/qlever-indices/dblp/dblp.vocabulary.words ...
2026-09-28 22:40:40.963 - INFO: Done, number of words: 446,944,668
2026-09-28 22:40:40.963 - INFO: Number of words in internal vocabulary (these are also part of the external vocabulary): 446,955
2026-09-28 22:40:40.971 - INFO: Registered PSO permutation: #relations = 6, #blocks = 8,187, #triples = 255,805,025
2026-09-28 22:40:40.994 - INFO: Registered PSO permutation: #relations = 96, #blocks = 51,023, #triples = 1,593,245,022
2026-09-28 22:40:40.997 - INFO: Registered POS permutation: #relations = 6, #blocks = 8,187, #triples = 255,805,025
2026-09-28 22:40:41.019 - INFO: Registered POS permutation: #relations = 96, #blocks = 51,023, #triples = 1,593,245,022
2026-09-28 22:40:41.038 - INFO: Registered OPS permutation: #relations = 345,357,897, #blocks = 42,492, #triples = 1,593,245,022
2026-09-28 22:40:41.057 - INFO: Registered OSP permutation: #relations = 345,357,897, #blocks = 42,492, #triples = 1,593,245,022
2026-09-28 22:40:41.069 - INFO: Registered SPO permutation: #relations = 255,804,614, #blocks = 33,993, #triples = 1,593,245,022
2026-09-28 22:40:41.080 - INFO: Registered SOP permutation: #relations = 255,804,614, #blocks = 33,993, #triples = 1,593,245,022
2026-09-28 22:40:41.080 - INFO: Reading patterns from file /local/data-ssd/stoetzem/qlever-indices/dblp/dblp.index.patterns ...
2026-09-28 22:40:41.080 - INFO: Sorting random result tables to estimate the sorting performance of this machine ...
2026-09-28 22:40:49.019 - INFO: Initializing server ...
2026-09-28 22:40:49.019 - INFO: No access token required for restricted API calls
2026-09-28 22:40:49.019 - INFO: The server is ready, listening for requests on port 7015 ...
2026-09-28 22:40:49.283 - INFO: 
2026-09-28 22:40:49.283 - INFO: Request received via POST, content type "application/x-www-form-urlencoded"
2026-09-28 22:40:49.287 - INFO: Processing the following SPARQL query:
# Tier H-vocab — title literals, large
# Goal: external-vocabulary lookup pressure with larger bounded output.
PREFIX dblp: <https://dblp.org/rdf/schema#>

CONSTRUCT { ?paper dblp:title ?title }
WHERE {
  ?paper dblp:title ?title .
}
LIMIT 100000

2026-09-28 22:40:49.287 - INFO: Requested media types of the result are: "text/turtle"
2026-09-28 22:40:49.295 - INFO: Query planning done in 11 ms
2026-09-28 22:40:49.295 - INFO: Result has unknown size (not computed yet)
2026-09-28 22:40:50.435 - INFO: Done processing query and sending result, total time was 1,152 ms
2026-09-28 22:40:50.468 - INFO: 
2026-09-28 22:40:50.468 - INFO: Request received via GET, no content type specified
2026-09-28 22:40:50.468 - INFO: Processing command "cache-stats": get cache statistics
2026-09-28 22:40:50.514 - INFO: 
2026-09-28 22:40:50.514 - INFO: Request received via GET, no content type specified
2026-09-28 22:40:50.514 - INFO: Processing command "clear-cache": clear the cache (unpinned elements only)
2026-09-28 22:40:50.545 - INFO: 
2026-09-28 22:40:50.545 - INFO: Request received via GET, no content type specified
2026-09-28 22:40:50.545 - INFO: Processing command "cache-stats": get cache statistics
2026-09-28 22:40:50.576 - INFO: 
2026-09-28 22:40:50.576 - INFO: Request received via POST, content type "application/x-www-form-urlencoded"
2026-09-28 22:40:50.576 - INFO: Processing the following SPARQL query:
# Tier H-vocab — title literals, large
# Goal: external-vocabulary lookup pressure with larger bounded output.
PREFIX dblp: <https://dblp.org/rdf/schema#>

CONSTRUCT { ?paper dblp:title ?title }
WHERE {
  ?paper dblp:title ?title .
}
LIMIT 100000

2026-09-28 22:40:50.576 - INFO: Requested media types of the result are: "text/turtle"
2026-09-28 22:40:50.576 - INFO: Query planning done in 0 ms
2026-09-28 22:40:50.576 - INFO: Result has unknown size (not computed yet)
2026-09-28 22:40:51.670 - INFO: Done processing query and sending result, total time was 1,094 ms
2026-09-28 22:40:51.723 - INFO: 
2026-09-28 22:40:51.723 - INFO: Request received via GET, no content type specified
2026-09-28 22:40:51.723 - INFO: Processing command "clear-cache": clear the cache (unpinned elements only)
2026-09-28 22:40:51.754 - INFO: 
2026-09-28 22:40:51.754 - INFO: Request received via POST, content type "application/x-www-form-urlencoded"
2026-09-28 22:40:51.754 - INFO: Processing the following SPARQL query:
# Tier H-vocab — title literals, large
# Goal: external-vocabulary lookup pressure with larger bounded output.
PREFIX dblp: <https://dblp.org/rdf/schema#>

CONSTRUCT { ?paper dblp:title ?title }
WHERE {
  ?paper dblp:title ?title .
}
LIMIT 100000

2026-09-28 22:40:51.754 - INFO: Requested media types of the result are: "text/turtle"
2026-09-28 22:40:51.754 - INFO: Query planning done in 0 ms
2026-09-28 22:40:51.754 - INFO: Result has unknown size (not computed yet)
2026-09-28 22:40:52.885 - INFO: Done processing query and sending result, total time was 1,130 ms
2026-09-28 22:40:52.957 - INFO: 
2026-09-28 22:40:52.957 - INFO: Request received via GET, no content type specified
2026-09-28 22:40:52.957 - INFO: Processing command "clear-cache": clear the cache (unpinned elements only)
2026-09-28 22:40:52.989 - INFO: 
2026-09-28 22:40:52.989 - INFO: Request received via POST, content type "application/x-www-form-urlencoded"
2026-09-28 22:40:52.989 - INFO: Processing the following SPARQL query:
# Tier H-vocab — title literals, large
# Goal: external-vocabulary lookup pressure with larger bounded output.
PREFIX dblp: <https://dblp.org/rdf/schema#>

CONSTRUCT { ?paper dblp:title ?title }
WHERE {
  ?paper dblp:title ?title .
}
LIMIT 100000

2026-09-28 22:40:52.989 - INFO: Requested media types of the result are: "text/turtle"
2026-09-28 22:40:52.990 - INFO: Query planning done in 0 ms
2026-09-28 22:40:52.990 - INFO: Result has unknown size (not computed yet)
2026-09-28 22:40:54.073 - INFO: Done processing query and sending result, total time was 1,084 ms
2026-09-28 22:40:54.122 - INFO: 
2026-09-28 22:40:54.122 - INFO: Request received via GET, no content type specified
2026-09-28 22:40:54.122 - INFO: Processing command "clear-cache": clear the cache (unpinned elements only)
2026-09-28 22:40:54.167 - INFO: 
2026-09-28 22:40:54.167 - INFO: Request received via POST, content type "application/x-www-form-urlencoded"
2026-09-28 22:40:54.167 - INFO: Processing the following SPARQL query:
# Tier H-vocab — title literals, large
# Goal: external-vocabulary lookup pressure with larger bounded output.
PREFIX dblp: <https://dblp.org/rdf/schema#>

CONSTRUCT { ?paper dblp:title ?title }
WHERE {
  ?paper dblp:title ?title .
}
LIMIT 100000

2026-09-28 22:40:54.167 - INFO: Requested media types of the result are: "text/turtle"
2026-09-28 22:40:54.168 - INFO: Query planning done in 0 ms
2026-09-28 22:40:54.168 - INFO: Result has unknown size (not computed yet)
2026-09-28 22:40:55.279 - INFO: Done processing query and sending result, total time was 1,111 ms
2026-09-28 22:40:55.335 - INFO: 
2026-09-28 22:40:55.335 - INFO: Request received via GET, no content type specified
2026-09-28 22:40:55.335 - INFO: Processing command "clear-cache": clear the cache (unpinned elements only)
2026-09-28 22:40:55.375 - INFO: 
2026-09-28 22:40:55.375 - INFO: Request received via POST, content type "application/x-www-form-urlencoded"
2026-09-28 22:40:55.376 - INFO: Processing the following SPARQL query:
# Tier H-vocab — title literals, large
# Goal: external-vocabulary lookup pressure with larger bounded output.
PREFIX dblp: <https://dblp.org/rdf/schema#>

CONSTRUCT { ?paper dblp:title ?title }
WHERE {
  ?paper dblp:title ?title .
}
LIMIT 100000

2026-09-28 22:40:55.376 - INFO: Requested media types of the result are: "text/turtle"
2026-09-28 22:40:55.376 - INFO: Query planning done in 0 ms
2026-09-28 22:40:55.376 - INFO: Result has unknown size (not computed yet)
2026-09-28 22:40:56.525 - INFO: Done processing query and sending result, total time was 1,150 ms
2026-09-28 22:40:56.581 - INFO: 
2026-09-28 22:40:56.581 - INFO: Request received via GET, no content type specified
2026-09-28 22:40:56.581 - INFO: Processing command "clear-cache": clear the cache (unpinned elements only)
2026-09-28 22:40:56.619 - INFO: 
2026-09-28 22:40:56.619 - INFO: Request received via POST, content type "application/x-www-form-urlencoded"
2026-09-28 22:40:56.619 - INFO: Processing the following SPARQL query:
# Tier H-vocab — title literals, large
# Goal: external-vocabulary lookup pressure with larger bounded output.
PREFIX dblp: <https://dblp.org/rdf/schema#>

CONSTRUCT { ?paper dblp:title ?title }
WHERE {
  ?paper dblp:title ?title .
}
LIMIT 100000

2026-09-28 22:40:56.619 - INFO: Requested media types of the result are: "text/turtle"
2026-09-28 22:40:56.619 - INFO: Query planning done in 0 ms
2026-09-28 22:40:56.619 - INFO: Result has unknown size (not computed yet)
2026-09-28 22:40:57.719 - INFO: Done processing query and sending result, total time was 1,100 ms
2026-09-28 22:40:57.767 - INFO: 
2026-09-28 22:40:57.767 - INFO: Request received via GET, no content type specified
2026-09-28 22:40:57.767 - INFO: Processing command "clear-cache": clear the cache (unpinned elements only)
2026-09-28 22:40:57.807 - INFO: 
2026-09-28 22:40:57.807 - INFO: Request received via POST, content type "application/x-www-form-urlencoded"
2026-09-28 22:40:57.807 - INFO: Processing the following SPARQL query:
# Tier H-vocab — title literals, large
# Goal: external-vocabulary lookup pressure with larger bounded output.
PREFIX dblp: <https://dblp.org/rdf/schema#>

CONSTRUCT { ?paper dblp:title ?title }
WHERE {
  ?paper dblp:title ?title .
}
LIMIT 100000

2026-09-28 22:40:57.807 - INFO: Requested media types of the result are: "text/turtle"
2026-09-28 22:40:57.807 - INFO: Query planning done in 0 ms
2026-09-28 22:40:57.807 - INFO: Result has unknown size (not computed yet)
2026-09-28 22:40:58.922 - INFO: Done processing query and sending result, total time was 1,115 ms
2026-09-28 22:40:58.988 - INFO: 
2026-09-28 22:40:58.988 - INFO: Request received via GET, no content type specified
2026-09-28 22:40:58.988 - INFO: Processing command "clear-cache": clear the cache (unpinned elements only)
2026-09-28 22:40:59.025 - INFO: 
2026-09-28 22:40:59.025 - INFO: Request received via POST, content type "application/x-www-form-urlencoded"
2026-09-28 22:40:59.025 - INFO: Processing the following SPARQL query:
# Tier H-vocab — title literals, large
# Goal: external-vocabulary lookup pressure with larger bounded output.
PREFIX dblp: <https://dblp.org/rdf/schema#>

CONSTRUCT { ?paper dblp:title ?title }
WHERE {
  ?paper dblp:title ?title .
}
LIMIT 100000

2026-09-28 22:40:59.025 - INFO: Requested media types of the result are: "text/turtle"
2026-09-28 22:40:59.025 - INFO: Query planning done in 0 ms
2026-09-28 22:40:59.026 - INFO: Result has unknown size (not computed yet)
2026-09-28 22:41:00.097 - INFO: Done processing query and sending result, total time was 1,072 ms
2026-09-28 22:41:00.153 - INFO: 
2026-09-28 22:41:00.153 - INFO: Request received via GET, no content type specified
2026-09-28 22:41:00.153 - INFO: Processing command "clear-cache": clear the cache (unpinned elements only)
2026-09-28 22:41:00.189 - INFO: 
2026-09-28 22:41:00.189 - INFO: Request received via POST, content type "application/x-www-form-urlencoded"
2026-09-28 22:41:00.189 - INFO: Processing the following SPARQL query:
# Tier H-vocab — title literals, large
# Goal: external-vocabulary lookup pressure with larger bounded output.
PREFIX dblp: <https://dblp.org/rdf/schema#>

CONSTRUCT { ?paper dblp:title ?title }
WHERE {
  ?paper dblp:title ?title .
}
LIMIT 100000

2026-09-28 22:41:00.189 - INFO: Requested media types of the result are: "text/turtle"
2026-09-28 22:41:00.190 - INFO: Query planning done in 0 ms
2026-09-28 22:41:00.190 - INFO: Result has unknown size (not computed yet)
2026-09-28 22:41:01.224 - INFO: Done processing query and sending result, total time was 1,034 ms
2026-09-28 22:41:01.280 - INFO: 
2026-09-28 22:41:01.280 - INFO: Request received via GET, no content type specified
2026-09-28 22:41:01.280 - INFO: Processing command "cache-stats": get cache statistics
