2026-07-30 22:49:54.338 - INFO: [1mQLever server v0.5.50-58-gbdd1a6b9, compiled on Thu Jul 30 22:03:57 CEST 2026 using git hash bdd1a6b[22m
2026-07-30 22:49:54.339 - INFO: The git hash used to build this index was "8c99fe"
2026-07-30 22:49:54.339 - INFO: Reading vocabulary from file /home/userNoPriv/code/qlever/qlever-indices/dblp/dblp.vocabulary.words ...
2026-07-30 22:49:54.360 - INFO: Done, number of words: 409,446,926
2026-07-30 22:49:54.360 - INFO: Number of words in internal vocabulary (these are also part of the external vocabulary): 409,457
2026-07-30 22:49:54.375 - INFO: Registered PSO permutation: #relations = 6, #blocks = 7,515, #triples = 234,800,838
2026-07-30 22:49:54.400 - INFO: Registered PSO permutation: #relations = 96, #blocks = 46,913, #triples = 1,464,719,701
2026-07-30 22:49:54.406 - INFO: Registered POS permutation: #relations = 6, #blocks = 7,515, #triples = 234,800,838
2026-07-30 22:49:54.431 - INFO: Registered POS permutation: #relations = 96, #blocks = 46,913, #triples = 1,464,719,701
2026-07-30 22:49:54.456 - INFO: Registered OPS permutation: #relations = 318,850,904, #blocks = 39,014, #triples = 1,464,719,701
2026-07-30 22:49:54.481 - INFO: Registered OSP permutation: #relations = 318,850,904, #blocks = 39,014, #triples = 1,464,719,701
2026-07-30 22:49:54.496 - INFO: Registered SPO permutation: #relations = 234,800,427, #blocks = 31,251, #triples = 1,464,719,701
2026-07-30 22:49:54.512 - INFO: Registered SOP permutation: #relations = 234,800,427, #blocks = 31,251, #triples = 1,464,719,701
2026-07-30 22:49:54.512 - INFO: Reading patterns from file /home/userNoPriv/code/qlever/qlever-indices/dblp/dblp.index.patterns ...
2026-07-30 22:49:54.515 - INFO: Sorting random result tables to estimate the sorting performance of this machine ...
2026-07-30 22:50:03.266 - INFO: Initializing server ...
2026-07-30 22:50:03.266 - INFO: No access token required for restricted API calls
2026-07-30 22:50:03.266 - INFO: The server is ready, listening for requests on port 7015 ...
2026-07-30 22:50:03.387 - INFO: 
2026-07-30 22:50:03.387 - INFO: Request received via GET, no content type specified
2026-07-30 22:50:03.387 - INFO: Processing command "cache-stats": get cache statistics
2026-07-30 22:50:03.396 - INFO: 
2026-07-30 22:50:03.396 - INFO: Request received via POST, content type "application/x-www-form-urlencoded"
2026-07-30 22:50:03.398 - INFO: Processing the following SPARQL query:
# Tier D4 — DISCOVER (real-world-ish, cross-check against Tier R)
# Materialize a bounded publication subgraph for a second established venue.
PREFIX dblp: <https://dblp.org/rdf/schema#>

CONSTRUCT { ?paper ?p ?o }
WHERE {
  ?paper a dblp:Publication ;
         dblp:publishedInStream <https://dblp.org/streams/conf/sigir> ;
         ?p ?o .
}
LIMIT 50000

2026-07-30 22:50:03.398 - INFO: Requested media types of the result are: "text/turtle"
2026-07-30 22:50:03.408 - INFO: Query planning done in 12 ms
2026-07-30 22:50:03.417 - INFO: Result has unknown size (not computed yet)
2026-07-30 22:50:07.704 - INFO: Done processing query and sending result, total time was 4,308 ms
2026-07-30 22:50:07.712 - INFO: 
2026-07-30 22:50:07.712 - INFO: Request received via GET, no content type specified
2026-07-30 22:50:07.712 - INFO: Processing command "cache-stats": get cache statistics
