2026-10-07 23:07:45.593 - INFO: [1mQLever server CIKM-2918-g6770bbf2c, compiled on Wed Oct  7 16:01:24 UTC 2026 using git hash 6770bbf[22m
2026-10-07 23:07:45.593 - INFO: Runtime parameter set from the command line: vocabulary-internal-rank-lookup=true
2026-10-07 23:07:45.594 - INFO: Runtime parameter set from the command line: vocabulary-internal-rank-prefetch-distance=16
2026-10-07 23:07:45.594 - INFO: Cleanup of previous index directories after each rebuild enabled (--rebuild-keep-previous-index-dirs original-and-most-recent)
2026-10-07 23:07:45.595 - INFO: The git hash used to build this index was "65f84b4"
2026-10-07 23:07:45.596 - INFO: Reading vocabulary from file /local/data-ssd/stoetzem/wikidata/wikidata.vocabulary.words ...
2026-10-07 23:07:58.689 - INFO: Done, number of words: 1,580,300,680
2026-10-07 23:07:58.689 - INFO: Number of words in internal vocabulary (these are also part of the external vocabulary): 777,658,536
2026-10-07 23:08:00.298 - INFO: Rank directory of the internal vocabulary: 225,757,248 bytes for 1,580,300,680 vocabulary indices
2026-10-07 23:08:00.382 - INFO: Registered PSO permutation: #relations = 10,100, #blocks = 225,155, #triples = 6,983,973,847
2026-10-07 23:08:00.481 - INFO: Registered PSO permutation: #relations = 13,566, #blocks = 264,339, #triples = 8,220,417,022
2026-10-07 23:08:00.551 - INFO: Registered POS permutation: #relations = 10,100, #blocks = 225,155, #triples = 6,983,973,847
2026-10-07 23:08:00.645 - INFO: Registered POS permutation: #relations = 13,566, #blocks = 264,339, #triples = 8,220,417,022
2026-10-07 23:08:00.726 - INFO: Registered OPS permutation: #relations = 1,683,253,489, #blocks = 222,728, #triples = 8,220,417,022
2026-10-07 23:08:00.807 - INFO: Registered OSP permutation: #relations = 1,683,253,489, #blocks = 222,728, #triples = 8,220,417,022
2026-10-07 23:08:00.862 - INFO: Registered SPO permutation: #relations = 252,534,289, #blocks = 175,741, #triples = 8,220,417,022
2026-10-07 23:08:00.917 - INFO: Registered SOP permutation: #relations = 252,534,289, #blocks = 175,741, #triples = 8,220,417,022
2026-10-07 23:08:00.917 - INFO: Reading patterns from file /local/data-ssd/stoetzem/wikidata/wikidata.index.patterns ...
2026-10-07 23:08:02.357 - WARN: The geo points of this index use the encoding "lat-major", which is deprecated and will not be supported for much longer; with this encoding, a spatial prefilter on points can only restrict the latitude; please build the index with the default encoding "z-order" (just omit the option `--geo-point-encoding` of `qlever-index`)
2026-10-07 23:08:02.357 - INFO: Sorting random result tables to estimate the sorting performance of this machine ...
2026-10-07 23:08:10.259 - INFO: Initializing server ...
2026-10-07 23:08:10.259 - INFO: No access token required for restricted API calls
2026-10-07 23:08:10.259 - INFO: The server is ready, listening for requests on port 7015 ...
2026-10-07 23:08:10.410 - INFO: 
2026-10-07 23:08:10.410 - INFO: Request received via POST, content type "application/x-www-form-urlencoded"
2026-10-07 23:08:10.413 - INFO: Processing the following SPARQL query:
# Tier H-vocab — English labels, large
# Physical: P+O bound scan of wdt:P31 wd:Q5 (class postings), then
# S+P bound SPO scan of rdfs:label. LANG(?label) maps label IDs to
# strings. CONSTRUCT writes entity IRI + label.
# Targets: large sequential class scan, label vocabulary, 1.3 GiB Turtle
# serialize. Same query as wikidata-construct-humans-label-en.
PREFIX wd: <http://www.wikidata.org/entity/>
PREFIX wdt: <http://www.wikidata.org/prop/direct/>
PREFIX rdfs: <http://www.w3.org/2000/01/rdf-schema#>

CONSTRUCT { ?entity rdfs:label ?label }
WHERE {
  ?entity wdt:P31 wd:Q5 .
  ?entity rdfs:label ?label .
  FILTER(LANG(?label) = "en")
}

2026-10-07 23:08:10.413 - INFO: Requested media types of the result are: "text/turtle"
2026-10-07 23:08:10.436 - INFO: Query planning done in 26 ms
2026-10-07 23:08:10.436 - INFO: Result has unknown size (not computed yet)
2026-10-07 23:08:22.036 - INFO: Done processing query and sending result, total time was 11,626 ms
2026-10-07 23:08:22.054 - INFO: 
2026-10-07 23:08:22.054 - INFO: Request received via GET, no content type specified
2026-10-07 23:08:22.054 - INFO: Processing command "cache-stats": get cache statistics
2026-10-07 23:08:22.073 - INFO: 
2026-10-07 23:08:22.073 - INFO: Request received via GET, no content type specified
2026-10-07 23:08:22.073 - INFO: Processing command "clear-cache": clear the cache (unpinned elements only)
2026-10-07 23:08:22.091 - INFO: 
2026-10-07 23:08:22.091 - INFO: Request received via GET, no content type specified
2026-10-07 23:08:22.091 - INFO: Processing command "cache-stats": get cache statistics
2026-10-07 23:08:22.611 - INFO: 
2026-10-07 23:08:22.611 - INFO: Request received via POST, content type "application/x-www-form-urlencoded"
2026-10-07 23:08:22.611 - INFO: Processing the following SPARQL query:
# Tier H-vocab — English labels, large
# Physical: P+O bound scan of wdt:P31 wd:Q5 (class postings), then
# S+P bound SPO scan of rdfs:label. LANG(?label) maps label IDs to
# strings. CONSTRUCT writes entity IRI + label.
# Targets: large sequential class scan, label vocabulary, 1.3 GiB Turtle
# serialize. Same query as wikidata-construct-humans-label-en.
PREFIX wd: <http://www.wikidata.org/entity/>
PREFIX wdt: <http://www.wikidata.org/prop/direct/>
PREFIX rdfs: <http://www.w3.org/2000/01/rdf-schema#>

CONSTRUCT { ?entity rdfs:label ?label }
WHERE {
  ?entity wdt:P31 wd:Q5 .
  ?entity rdfs:label ?label .
  FILTER(LANG(?label) = "en")
}

2026-10-07 23:08:22.611 - INFO: Requested media types of the result are: "text/turtle"
2026-10-07 23:08:22.612 - INFO: Query planning done in 0 ms
2026-10-07 23:08:22.612 - INFO: Result has unknown size (not computed yet)
2026-10-07 23:08:34.244 - INFO: Done processing query and sending result, total time was 11,632 ms
2026-10-07 23:08:34.271 - INFO: 
2026-10-07 23:08:34.271 - INFO: Request received via GET, no content type specified
2026-10-07 23:08:34.271 - INFO: Processing command "cache-stats": get cache statistics
