2026-09-28 23:06:15.104 - INFO: [1mQLever server CIKM-2691-g476247bc2, compiled on Mon Sep 28 18:22:56 UTC 2026 using git hash 476247b[22m
2026-09-28 23:06:15.104 - INFO: Runtime parameter set from the command line: vocabulary-iouring-page-cache-fast-path=false
2026-09-28 23:06:15.104 - INFO: Runtime parameter set from the command line: vocabulary-bench-fadvise-random=true
2026-09-28 23:06:15.104 - INFO: Cleanup of previous index directories after each rebuild enabled (--rebuild-keep-previous-index-dirs original-and-most-recent)
2026-09-28 23:06:15.112 - INFO: The git hash used to build this index was "65f84b4"
2026-09-28 23:06:15.112 - INFO: Reading vocabulary from file /local/data-ssd/stoetzem/qlever-indices/dblp/dblp.vocabulary.words ...
2026-09-28 23:06:15.130 - INFO: Done, number of words: 446,944,668
2026-09-28 23:06:15.130 - INFO: Number of words in internal vocabulary (these are also part of the external vocabulary): 446,955
2026-09-28 23:06:15.139 - INFO: Registered PSO permutation: #relations = 6, #blocks = 8,187, #triples = 255,805,025
2026-09-28 23:06:15.161 - INFO: Registered PSO permutation: #relations = 96, #blocks = 51,023, #triples = 1,593,245,022
2026-09-28 23:06:15.164 - INFO: Registered POS permutation: #relations = 6, #blocks = 8,187, #triples = 255,805,025
2026-09-28 23:06:15.185 - INFO: Registered POS permutation: #relations = 96, #blocks = 51,023, #triples = 1,593,245,022
2026-09-28 23:06:15.202 - INFO: Registered OPS permutation: #relations = 345,357,897, #blocks = 42,492, #triples = 1,593,245,022
2026-09-28 23:06:15.220 - INFO: Registered OSP permutation: #relations = 345,357,897, #blocks = 42,492, #triples = 1,593,245,022
2026-09-28 23:06:15.232 - INFO: Registered SPO permutation: #relations = 255,804,614, #blocks = 33,993, #triples = 1,593,245,022
2026-09-28 23:06:15.242 - INFO: Registered SOP permutation: #relations = 255,804,614, #blocks = 33,993, #triples = 1,593,245,022
2026-09-28 23:06:15.242 - INFO: Reading patterns from file /local/data-ssd/stoetzem/qlever-indices/dblp/dblp.index.patterns ...
2026-09-28 23:06:15.242 - INFO: Sorting random result tables to estimate the sorting performance of this machine ...
2026-09-28 23:06:23.118 - INFO: Initializing server ...
2026-09-28 23:06:23.118 - INFO: No access token required for restricted API calls
2026-09-28 23:06:23.118 - INFO: The server is ready, listening for requests on port 7015 ...
2026-09-28 23:06:23.455 - INFO: 
2026-09-28 23:06:23.455 - INFO: Request received via POST, content type "application/x-www-form-urlencoded"
2026-09-28 23:06:23.460 - INFO: Processing the following SPARQL query:
# Tier H — size-sweep
# Goal: isolate export cost from query-planning cost. Raise the year bound
# across runs, for example 1970, 1990, 2010, and 2023.
PREFIX dblp: <https://dblp.org/rdf/schema#>

CONSTRUCT { ?s ?p ?o }
WHERE {
  ?s a dblp:Publication ;
     dblp:yearOfPublication ?year ;
     ?p ?o .
  FILTER(?year <= "1970"^^<http://www.w3.org/2001/XMLSchema#gYear>)
}

2026-09-28 23:06:23.460 - INFO: Requested media types of the result are: "text/turtle"
2026-09-28 23:06:23.477 - INFO: Query planning done in 21 ms
2026-09-28 23:06:23.518 - INFO: Result has unknown size (not computed yet)
FASTPATH_STATS calls=181 offsetPairs=26113 offsetPairHits=0 offsetPairsRing=26113 offsetRuns=0 offsetRunHits=0 words=25833 wordHits=0 wordsRing=25833 wordBytes=433728 wordHitBytes=0 preadvCalls=0 preadvFull=0 preadvEagain=0 preadvPartial=0 fadviseCalls=181
FASTPATH_STATS calls=350 offsetPairs=50040 offsetPairHits=0 offsetPairsRing=50040 offsetRuns=0 offsetRunHits=0 words=50040 wordHits=0 wordsRing=50040 wordBytes=834239 wordHitBytes=0 preadvCalls=0 preadvFull=0 preadvEagain=0 preadvPartial=0 fadviseCalls=350
FASTPATH_STATS calls=532 offsetPairs=75504 offsetPairHits=0 offsetPairsRing=75504 offsetRuns=0 offsetRunHits=0 words=75245 wordHits=0 wordsRing=75245 wordBytes=1253229 wordHitBytes=0 preadvCalls=0 preadvFull=0 preadvEagain=0 preadvPartial=0 fadviseCalls=532
FASTPATH_STATS calls=709 offsetPairs=101890 offsetPairHits=0 offsetPairsRing=101890 offsetRuns=0 offsetRunHits=0 words=101890 wordHits=0 wordsRing=101890 wordBytes=1711360 wordHitBytes=0 preadvCalls=0 preadvFull=0 preadvEagain=0 preadvPartial=0 fadviseCalls=709
FASTPATH_STATS calls=890 offsetPairs=128217 offsetPairHits=0 offsetPairsRing=128217 offsetRuns=0 offsetRunHits=0 words=128217 wordHits=0 wordsRing=128217 wordBytes=2154403 wordHitBytes=0 preadvCalls=0 preadvFull=0 preadvEagain=0 preadvPartial=0 fadviseCalls=890
2026-09-28 23:06:24.675 - INFO: Done processing query and sending result, total time was 1,219 ms
