2026-09-28 22:45:43.270 - INFO: [1mQLever server CIKM-2668-g0ed8f9223, compiled on Mon Sep 28 14:57:53 UTC 2026 using git hash 0ed8f92[22m
2026-09-28 22:45:43.270 - INFO: Cleanup of previous index directories after each rebuild enabled (--rebuild-keep-previous-index-dirs original-and-most-recent)
2026-09-28 22:45:43.278 - INFO: The git hash used to build this index was "65f84b4"
2026-09-28 22:45:43.278 - INFO: Reading vocabulary from file /local/data-ssd/stoetzem/qlever-indices/dblp/dblp.vocabulary.words ...
2026-09-28 22:45:43.297 - INFO: Done, number of words: 446,944,668
2026-09-28 22:45:43.297 - INFO: Number of words in internal vocabulary (these are also part of the external vocabulary): 446,955
2026-09-28 22:45:43.305 - INFO: Registered PSO permutation: #relations = 6, #blocks = 8,187, #triples = 255,805,025
2026-09-28 22:45:43.327 - INFO: Registered PSO permutation: #relations = 96, #blocks = 51,023, #triples = 1,593,245,022
2026-09-28 22:45:43.330 - INFO: Registered POS permutation: #relations = 6, #blocks = 8,187, #triples = 255,805,025
2026-09-28 22:45:43.352 - INFO: Registered POS permutation: #relations = 96, #blocks = 51,023, #triples = 1,593,245,022
2026-09-28 22:45:43.371 - INFO: Registered OPS permutation: #relations = 345,357,897, #blocks = 42,492, #triples = 1,593,245,022
2026-09-28 22:45:43.390 - INFO: Registered OSP permutation: #relations = 345,357,897, #blocks = 42,492, #triples = 1,593,245,022
2026-09-28 22:45:43.402 - INFO: Registered SPO permutation: #relations = 255,804,614, #blocks = 33,993, #triples = 1,593,245,022
2026-09-28 22:45:43.412 - INFO: Registered SOP permutation: #relations = 255,804,614, #blocks = 33,993, #triples = 1,593,245,022
2026-09-28 22:45:43.412 - INFO: Reading patterns from file /local/data-ssd/stoetzem/qlever-indices/dblp/dblp.index.patterns ...
2026-09-28 22:45:43.413 - INFO: Sorting random result tables to estimate the sorting performance of this machine ...
2026-09-28 22:45:51.438 - INFO: Initializing server ...
2026-09-28 22:45:51.438 - INFO: No access token required for restricted API calls
2026-09-28 22:45:51.439 - INFO: The server is ready, listening for requests on port 7015 ...
2026-09-28 22:45:51.612 - INFO: 
2026-09-28 22:45:51.612 - INFO: Request received via POST, content type "application/x-www-form-urlencoded"
2026-09-28 22:45:51.617 - INFO: Processing the following SPARQL query:
# Tier H — size-sweep
# Goal: isolate export cost from query-planning cost. Raise the year bound
# across runs, for example 1970, 1990, 2010, and 2023.
PREFIX dblp: <https://dblp.org/rdf/schema#>

CONSTRUCT { ?s ?p ?o }
WHERE {
  ?s a dblp:Publication ;
     dblp:yearOfPublication ?year ;
     ?p ?o .
  FILTER(?year <= "1970"^^<http://www.w3.org/2001/XMLSchema#gYear>)
}

2026-09-28 22:45:51.617 - INFO: Requested media types of the result are: "text/turtle"
2026-09-28 22:45:51.634 - INFO: Query planning done in 21 ms
2026-09-28 22:45:51.676 - INFO: Result has unknown size (not computed yet)
2026-09-28 22:45:52.816 - INFO: Done processing query and sending result, total time was 1,203 ms
2026-09-28 22:45:52.848 - INFO: 
2026-09-28 22:45:52.848 - INFO: Request received via GET, no content type specified
2026-09-28 22:45:52.848 - INFO: Processing command "cache-stats": get cache statistics
2026-09-28 22:45:52.880 - INFO: 
2026-09-28 22:45:52.880 - INFO: Request received via GET, no content type specified
2026-09-28 22:45:52.880 - INFO: Processing command "clear-cache": clear the cache (unpinned elements only)
2026-09-28 22:45:52.910 - INFO: 
2026-09-28 22:45:52.910 - INFO: Request received via GET, no content type specified
2026-09-28 22:45:52.910 - INFO: Processing command "cache-stats": get cache statistics
2026-09-28 22:45:52.942 - INFO: 
2026-09-28 22:45:52.942 - INFO: Request received via POST, content type "application/x-www-form-urlencoded"
2026-09-28 22:45:52.942 - INFO: Processing the following SPARQL query:
# Tier H — size-sweep
# Goal: isolate export cost from query-planning cost. Raise the year bound
# across runs, for example 1970, 1990, 2010, and 2023.
PREFIX dblp: <https://dblp.org/rdf/schema#>

CONSTRUCT { ?s ?p ?o }
WHERE {
  ?s a dblp:Publication ;
     dblp:yearOfPublication ?year ;
     ?p ?o .
  FILTER(?year <= "1970"^^<http://www.w3.org/2001/XMLSchema#gYear>)
}

2026-09-28 22:45:52.942 - INFO: Requested media types of the result are: "text/turtle"
2026-09-28 22:45:52.943 - INFO: Query planning done in 1 ms
2026-09-28 22:45:52.972 - INFO: Result has unknown size (not computed yet)
2026-09-28 22:45:53.971 - INFO: Done processing query and sending result, total time was 1,029 ms
2026-09-28 22:45:54.025 - INFO: 
2026-09-28 22:45:54.025 - INFO: Request received via GET, no content type specified
2026-09-28 22:45:54.025 - INFO: Processing command "clear-cache": clear the cache (unpinned elements only)
2026-09-28 22:45:54.057 - INFO: 
2026-09-28 22:45:54.057 - INFO: Request received via POST, content type "application/x-www-form-urlencoded"
2026-09-28 22:45:54.058 - INFO: Processing the following SPARQL query:
# Tier H — size-sweep
# Goal: isolate export cost from query-planning cost. Raise the year bound
# across runs, for example 1970, 1990, 2010, and 2023.
PREFIX dblp: <https://dblp.org/rdf/schema#>

CONSTRUCT { ?s ?p ?o }
WHERE {
  ?s a dblp:Publication ;
     dblp:yearOfPublication ?year ;
     ?p ?o .
  FILTER(?year <= "1970"^^<http://www.w3.org/2001/XMLSchema#gYear>)
}

2026-09-28 22:45:54.058 - INFO: Requested media types of the result are: "text/turtle"
2026-09-28 22:45:54.059 - INFO: Query planning done in 1 ms
2026-09-28 22:45:54.086 - INFO: Result has unknown size (not computed yet)
2026-09-28 22:45:55.116 - INFO: Done processing query and sending result, total time was 1,058 ms
2026-09-28 22:45:55.169 - INFO: 
2026-09-28 22:45:55.169 - INFO: Request received via GET, no content type specified
2026-09-28 22:45:55.169 - INFO: Processing command "clear-cache": clear the cache (unpinned elements only)
2026-09-28 22:45:55.205 - INFO: 
2026-09-28 22:45:55.205 - INFO: Request received via POST, content type "application/x-www-form-urlencoded"
2026-09-28 22:45:55.206 - INFO: Processing the following SPARQL query:
# Tier H — size-sweep
# Goal: isolate export cost from query-planning cost. Raise the year bound
# across runs, for example 1970, 1990, 2010, and 2023.
PREFIX dblp: <https://dblp.org/rdf/schema#>

CONSTRUCT { ?s ?p ?o }
WHERE {
  ?s a dblp:Publication ;
     dblp:yearOfPublication ?year ;
     ?p ?o .
  FILTER(?year <= "1970"^^<http://www.w3.org/2001/XMLSchema#gYear>)
}

2026-09-28 22:45:55.206 - INFO: Requested media types of the result are: "text/turtle"
2026-09-28 22:45:55.207 - INFO: Query planning done in 1 ms
2026-09-28 22:45:55.239 - INFO: Result has unknown size (not computed yet)
2026-09-28 22:45:56.217 - INFO: Done processing query and sending result, total time was 1,011 ms
2026-09-28 22:45:56.269 - INFO: 
2026-09-28 22:45:56.269 - INFO: Request received via GET, no content type specified
2026-09-28 22:45:56.269 - INFO: Processing command "clear-cache": clear the cache (unpinned elements only)
2026-09-28 22:45:56.312 - INFO: 
2026-09-28 22:45:56.312 - INFO: Request received via POST, content type "application/x-www-form-urlencoded"
2026-09-28 22:45:56.313 - INFO: Processing the following SPARQL query:
# Tier H — size-sweep
# Goal: isolate export cost from query-planning cost. Raise the year bound
# across runs, for example 1970, 1990, 2010, and 2023.
PREFIX dblp: <https://dblp.org/rdf/schema#>

CONSTRUCT { ?s ?p ?o }
WHERE {
  ?s a dblp:Publication ;
     dblp:yearOfPublication ?year ;
     ?p ?o .
  FILTER(?year <= "1970"^^<http://www.w3.org/2001/XMLSchema#gYear>)
}

2026-09-28 22:45:56.313 - INFO: Requested media types of the result are: "text/turtle"
2026-09-28 22:45:56.314 - INFO: Query planning done in 2 ms
2026-09-28 22:45:56.351 - INFO: Result has unknown size (not computed yet)
2026-09-28 22:45:57.307 - INFO: Done processing query and sending result, total time was 994 ms
2026-09-28 22:45:57.360 - INFO: 
2026-09-28 22:45:57.360 - INFO: Request received via GET, no content type specified
2026-09-28 22:45:57.360 - INFO: Processing command "clear-cache": clear the cache (unpinned elements only)
2026-09-28 22:45:57.391 - INFO: 
2026-09-28 22:45:57.391 - INFO: Request received via POST, content type "application/x-www-form-urlencoded"
2026-09-28 22:45:57.391 - INFO: Processing the following SPARQL query:
# Tier H — size-sweep
# Goal: isolate export cost from query-planning cost. Raise the year bound
# across runs, for example 1970, 1990, 2010, and 2023.
PREFIX dblp: <https://dblp.org/rdf/schema#>

CONSTRUCT { ?s ?p ?o }
WHERE {
  ?s a dblp:Publication ;
     dblp:yearOfPublication ?year ;
     ?p ?o .
  FILTER(?year <= "1970"^^<http://www.w3.org/2001/XMLSchema#gYear>)
}

2026-09-28 22:45:57.391 - INFO: Requested media types of the result are: "text/turtle"
2026-09-28 22:45:57.392 - INFO: Query planning done in 1 ms
2026-09-28 22:45:57.423 - INFO: Result has unknown size (not computed yet)
2026-09-28 22:45:58.422 - INFO: Done processing query and sending result, total time was 1,031 ms
2026-09-28 22:45:58.484 - INFO: 
2026-09-28 22:45:58.484 - INFO: Request received via GET, no content type specified
2026-09-28 22:45:58.484 - INFO: Processing command "clear-cache": clear the cache (unpinned elements only)
2026-09-28 22:45:58.521 - INFO: 
2026-09-28 22:45:58.521 - INFO: Request received via POST, content type "application/x-www-form-urlencoded"
2026-09-28 22:45:58.521 - INFO: Processing the following SPARQL query:
# Tier H — size-sweep
# Goal: isolate export cost from query-planning cost. Raise the year bound
# across runs, for example 1970, 1990, 2010, and 2023.
PREFIX dblp: <https://dblp.org/rdf/schema#>

CONSTRUCT { ?s ?p ?o }
WHERE {
  ?s a dblp:Publication ;
     dblp:yearOfPublication ?year ;
     ?p ?o .
  FILTER(?year <= "1970"^^<http://www.w3.org/2001/XMLSchema#gYear>)
}

2026-09-28 22:45:58.521 - INFO: Requested media types of the result are: "text/turtle"
2026-09-28 22:45:58.523 - INFO: Query planning done in 2 ms
2026-09-28 22:45:58.557 - INFO: Result has unknown size (not computed yet)
2026-09-28 22:45:59.520 - INFO: Done processing query and sending result, total time was 999 ms
2026-09-28 22:45:59.563 - INFO: 
2026-09-28 22:45:59.563 - INFO: Request received via GET, no content type specified
2026-09-28 22:45:59.563 - INFO: Processing command "clear-cache": clear the cache (unpinned elements only)
2026-09-28 22:45:59.594 - INFO: 
2026-09-28 22:45:59.594 - INFO: Request received via POST, content type "application/x-www-form-urlencoded"
2026-09-28 22:45:59.594 - INFO: Processing the following SPARQL query:
# Tier H — size-sweep
# Goal: isolate export cost from query-planning cost. Raise the year bound
# across runs, for example 1970, 1990, 2010, and 2023.
PREFIX dblp: <https://dblp.org/rdf/schema#>

CONSTRUCT { ?s ?p ?o }
WHERE {
  ?s a dblp:Publication ;
     dblp:yearOfPublication ?year ;
     ?p ?o .
  FILTER(?year <= "1970"^^<http://www.w3.org/2001/XMLSchema#gYear>)
}

2026-09-28 22:45:59.594 - INFO: Requested media types of the result are: "text/turtle"
2026-09-28 22:45:59.595 - INFO: Query planning done in 1 ms
2026-09-28 22:45:59.622 - INFO: Result has unknown size (not computed yet)
2026-09-28 22:46:00.616 - INFO: Done processing query and sending result, total time was 1,021 ms
2026-09-28 22:46:00.677 - INFO: 
2026-09-28 22:46:00.677 - INFO: Request received via GET, no content type specified
2026-09-28 22:46:00.677 - INFO: Processing command "clear-cache": clear the cache (unpinned elements only)
2026-09-28 22:46:00.711 - INFO: 
2026-09-28 22:46:00.711 - INFO: Request received via POST, content type "application/x-www-form-urlencoded"
2026-09-28 22:46:00.711 - INFO: Processing the following SPARQL query:
# Tier H — size-sweep
# Goal: isolate export cost from query-planning cost. Raise the year bound
# across runs, for example 1970, 1990, 2010, and 2023.
PREFIX dblp: <https://dblp.org/rdf/schema#>

CONSTRUCT { ?s ?p ?o }
WHERE {
  ?s a dblp:Publication ;
     dblp:yearOfPublication ?year ;
     ?p ?o .
  FILTER(?year <= "1970"^^<http://www.w3.org/2001/XMLSchema#gYear>)
}

2026-09-28 22:46:00.711 - INFO: Requested media types of the result are: "text/turtle"
2026-09-28 22:46:00.713 - INFO: Query planning done in 2 ms
2026-09-28 22:46:00.743 - INFO: Result has unknown size (not computed yet)
2026-09-28 22:46:01.783 - INFO: Done processing query and sending result, total time was 1,072 ms
2026-09-28 22:46:01.846 - INFO: 
2026-09-28 22:46:01.846 - INFO: Request received via GET, no content type specified
2026-09-28 22:46:01.846 - INFO: Processing command "clear-cache": clear the cache (unpinned elements only)
2026-09-28 22:46:01.882 - INFO: 
2026-09-28 22:46:01.882 - INFO: Request received via POST, content type "application/x-www-form-urlencoded"
2026-09-28 22:46:01.883 - INFO: Processing the following SPARQL query:
# Tier H — size-sweep
# Goal: isolate export cost from query-planning cost. Raise the year bound
# across runs, for example 1970, 1990, 2010, and 2023.
PREFIX dblp: <https://dblp.org/rdf/schema#>

CONSTRUCT { ?s ?p ?o }
WHERE {
  ?s a dblp:Publication ;
     dblp:yearOfPublication ?year ;
     ?p ?o .
  FILTER(?year <= "1970"^^<http://www.w3.org/2001/XMLSchema#gYear>)
}

2026-09-28 22:46:01.883 - INFO: Requested media types of the result are: "text/turtle"
2026-09-28 22:46:01.884 - INFO: Query planning done in 1 ms
2026-09-28 22:46:01.909 - INFO: Result has unknown size (not computed yet)
2026-09-28 22:46:02.909 - INFO: Done processing query and sending result, total time was 1,026 ms
2026-09-28 22:46:02.972 - INFO: 
2026-09-28 22:46:02.972 - INFO: Request received via GET, no content type specified
2026-09-28 22:46:02.972 - INFO: Processing command "clear-cache": clear the cache (unpinned elements only)
2026-09-28 22:46:03.007 - INFO: 
2026-09-28 22:46:03.007 - INFO: Request received via POST, content type "application/x-www-form-urlencoded"
2026-09-28 22:46:03.007 - INFO: Processing the following SPARQL query:
# Tier H — size-sweep
# Goal: isolate export cost from query-planning cost. Raise the year bound
# across runs, for example 1970, 1990, 2010, and 2023.
PREFIX dblp: <https://dblp.org/rdf/schema#>

CONSTRUCT { ?s ?p ?o }
WHERE {
  ?s a dblp:Publication ;
     dblp:yearOfPublication ?year ;
     ?p ?o .
  FILTER(?year <= "1970"^^<http://www.w3.org/2001/XMLSchema#gYear>)
}

2026-09-28 22:46:03.007 - INFO: Requested media types of the result are: "text/turtle"
2026-09-28 22:46:03.009 - INFO: Query planning done in 1 ms
2026-09-28 22:46:03.041 - INFO: Result has unknown size (not computed yet)
2026-09-28 22:46:04.056 - INFO: Done processing query and sending result, total time was 1,049 ms
2026-09-28 22:46:04.125 - INFO: 
2026-09-28 22:46:04.125 - INFO: Request received via GET, no content type specified
2026-09-28 22:46:04.125 - INFO: Processing command "cache-stats": get cache statistics
