2026-10-06 15:59:28.199 - INFO: [1mQLever server CIKM-2732-ga752a4571, compiled on Tue Oct  6 07:51:09 UTC 2026 using git hash a752a45[22m
2026-10-06 15:59:28.199 - INFO: Cleanup of previous index directories after each rebuild enabled (--rebuild-keep-previous-index-dirs original-and-most-recent)
2026-10-06 15:59:28.201 - INFO: The git hash used to build this index was "65f84b4"
2026-10-06 15:59:28.201 - INFO: Reading vocabulary from file /local/data-ssd/stoetzem/wikidata/wikidata.vocabulary.words ...
2026-10-06 15:59:43.874 - INFO: Done, number of words: 1,580,300,680
2026-10-06 15:59:43.875 - INFO: Number of words in internal vocabulary (these are also part of the external vocabulary): 777,658,536
2026-10-06 15:59:43.968 - INFO: Registered PSO permutation: #relations = 10,100, #blocks = 225,155, #triples = 6,983,973,847
2026-10-06 15:59:44.080 - INFO: Registered PSO permutation: #relations = 13,566, #blocks = 264,339, #triples = 8,220,417,022
2026-10-06 15:59:44.171 - INFO: Registered POS permutation: #relations = 10,100, #blocks = 225,155, #triples = 6,983,973,847
2026-10-06 15:59:44.293 - INFO: Registered POS permutation: #relations = 13,566, #blocks = 264,339, #triples = 8,220,417,022
2026-10-06 15:59:44.389 - INFO: Registered OPS permutation: #relations = 1,683,253,489, #blocks = 222,728, #triples = 8,220,417,022
2026-10-06 15:59:44.484 - INFO: Registered OSP permutation: #relations = 1,683,253,489, #blocks = 222,728, #triples = 8,220,417,022
2026-10-06 15:59:44.554 - INFO: Registered SPO permutation: #relations = 252,534,289, #blocks = 175,741, #triples = 8,220,417,022
2026-10-06 15:59:44.621 - INFO: Registered SOP permutation: #relations = 252,534,289, #blocks = 175,741, #triples = 8,220,417,022
2026-10-06 15:59:44.621 - INFO: Reading patterns from file /local/data-ssd/stoetzem/wikidata/wikidata.index.patterns ...
2026-10-06 15:59:46.288 - WARN: The geo points of this index use the encoding "lat-major", which is deprecated and will not be supported for much longer; with this encoding, a spatial prefilter on points can only restrict the latitude; please build the index with the default encoding "z-order" (just omit the option `--geo-point-encoding` of `qlever-index`)
2026-10-06 15:59:46.288 - INFO: Sorting random result tables to estimate the sorting performance of this machine ...
2026-10-06 15:59:56.153 - INFO: Initializing server ...
2026-10-06 15:59:56.154 - INFO: No access token required for restricted API calls
2026-10-06 15:59:56.154 - INFO: The server is ready, listening for requests on port 7015 ...
2026-10-06 15:59:56.287 - INFO: 
2026-10-06 15:59:56.287 - INFO: Request received via POST, content type "application/x-www-form-urlencoded"
2026-10-06 15:59:56.290 - INFO: Processing the following SPARQL query:
# Tier H-vocab — English labels, large
# Physical: P+O bound scan of wdt:P31 wd:Q5 (class postings), then
# S+P bound SPO scan of rdfs:label. LANG(?label) maps label IDs to
# strings. CONSTRUCT writes entity IRI + label.
# Targets: large sequential class scan, label vocabulary, 1.3 GiB Turtle
# serialize. Same query as wikidata-construct-humans-label-en.
PREFIX wd: <http://www.wikidata.org/entity/>
PREFIX wdt: <http://www.wikidata.org/prop/direct/>
PREFIX rdfs: <http://www.w3.org/2000/01/rdf-schema#>

CONSTRUCT { ?entity rdfs:label ?label }
WHERE {
  ?entity wdt:P31 wd:Q5 .
  ?entity rdfs:label ?label .
  FILTER(LANG(?label) = "en")
}

2026-10-06 15:59:56.290 - INFO: Requested media types of the result are: "text/turtle"
2026-10-06 15:59:56.294 - INFO: Query planning done in 7 ms
2026-10-06 15:59:56.295 - INFO: Result has unknown size (not computed yet)
2026-10-06 16:00:27.106 - INFO: Done processing query and sending result, total time was 30,818 ms
2026-10-06 16:00:27.125 - INFO: 
2026-10-06 16:00:27.125 - INFO: Request received via GET, no content type specified
2026-10-06 16:00:27.126 - INFO: Processing command "cache-stats": get cache statistics
2026-10-06 16:00:27.144 - INFO: 
2026-10-06 16:00:27.145 - INFO: Request received via GET, no content type specified
2026-10-06 16:00:27.145 - INFO: Processing command "clear-cache": clear the cache (unpinned elements only)
2026-10-06 16:00:27.163 - INFO: 
2026-10-06 16:00:27.163 - INFO: Request received via GET, no content type specified
2026-10-06 16:00:27.163 - INFO: Processing command "cache-stats": get cache statistics
2026-10-06 16:00:27.185 - INFO: 
2026-10-06 16:00:27.185 - INFO: Request received via POST, content type "application/x-www-form-urlencoded"
2026-10-06 16:00:27.186 - INFO: Processing the following SPARQL query:
# Tier H-vocab — English labels, large
# Physical: P+O bound scan of wdt:P31 wd:Q5 (class postings), then
# S+P bound SPO scan of rdfs:label. LANG(?label) maps label IDs to
# strings. CONSTRUCT writes entity IRI + label.
# Targets: large sequential class scan, label vocabulary, 1.3 GiB Turtle
# serialize. Same query as wikidata-construct-humans-label-en.
PREFIX wd: <http://www.wikidata.org/entity/>
PREFIX wdt: <http://www.wikidata.org/prop/direct/>
PREFIX rdfs: <http://www.w3.org/2000/01/rdf-schema#>

CONSTRUCT { ?entity rdfs:label ?label }
WHERE {
  ?entity wdt:P31 wd:Q5 .
  ?entity rdfs:label ?label .
  FILTER(LANG(?label) = "en")
}

2026-10-06 16:00:27.186 - INFO: Requested media types of the result are: "text/turtle"
2026-10-06 16:00:27.186 - INFO: Query planning done in 0 ms
2026-10-06 16:00:27.186 - INFO: Result has unknown size (not computed yet)
2026-10-06 16:00:55.808 - INFO: Done processing query and sending result, total time was 28,622 ms
2026-10-06 16:00:55.830 - INFO: 
2026-10-06 16:00:55.831 - INFO: Request received via GET, no content type specified
2026-10-06 16:00:55.831 - INFO: Processing command "cache-stats": get cache statistics
