[2026-09-17T22:02:48Z] BASE=/local/data-ssd/stoetzem/wt/master/build/qlever-server
[2026-09-17T22:02:48Z] VARIANT=/local/data-ssd/stoetzem/wt/bench/export-select-batch/build/qlever-server
[2026-09-17T22:02:48Z] binary version: /local/data-ssd/stoetzem/wt/master/build/qlever-server v0.6.0-89-g090c76f64
[2026-09-17T22:02:48Z] binary version: /local/data-ssd/stoetzem/wt/bench/export-select-batch/build/qlever-server v0.6.0-90-gfde3ce8db
[2026-09-17T22:02:48Z] preflight ok
[2026-09-17T22:03:18Z] server ready (pid 3723377)
[2026-09-17T22:03:18Z] benchmarking baseline-construct (5 reps)
[2026-09-17T22:03:18Z] evicting page cache for manifest files (advisory posix_fadvise)
/local/data-ssd/stoetzem/wikidata/wikidata.index.spo
/local/data-ssd/stoetzem/wikidata/wikidata.index.spo.meta
/local/data-ssd/stoetzem/wikidata/wikidata.index.sop
/local/data-ssd/stoetzem/wikidata/wikidata.index.sop.meta
/local/data-ssd/stoetzem/wikidata/wikidata.index.pso
/local/data-ssd/stoetzem/wikidata/wikidata.index.pso.meta
/local/data-ssd/stoetzem/wikidata/wikidata.index.pos
/local/data-ssd/stoetzem/wikidata/wikidata.index.pos.meta
/local/data-ssd/stoetzem/wikidata/wikidata.index.osp
/local/data-ssd/stoetzem/wikidata/wikidata.index.osp.meta
/local/data-ssd/stoetzem/wikidata/wikidata.index.ops
/local/data-ssd/stoetzem/wikidata/wikidata.index.ops.meta
/local/data-ssd/stoetzem/wikidata/wikidata.internal.index.pso
/local/data-ssd/stoetzem/wikidata/wikidata.internal.index.pso.meta
/local/data-ssd/stoetzem/wikidata/wikidata.internal.index.pos
/local/data-ssd/stoetzem/wikidata/wikidata.internal.index.pos.meta
/local/data-ssd/stoetzem/wikidata/wikidata.vocabulary.words.external
/local/data-ssd/stoetzem/wikidata/wikidata.vocabulary.words.external.offsets
/local/data-ssd/stoetzem/wikidata/wikidata.vocabulary.codebooks
/local/data-ssd/stoetzem/wikidata/wikidata.vocabulary.words.internal
/local/data-ssd/stoetzem/wikidata/wikidata.vocabulary.words.internal.ids
/local/data-ssd/stoetzem/wikidata/wikidata.meta-data.json
/local/data-ssd/stoetzem/wikidata/wikidata.settings.json
/local/data-ssd/stoetzem/wikidata/wikidata.index.patterns
/local/data-ssd/stoetzem/wikidata/Qleverfile
[2026-09-17T22:03:41Z] evicting page cache for manifest files (advisory posix_fadvise)
/local/data-ssd/stoetzem/wikidata/wikidata.index.spo
/local/data-ssd/stoetzem/wikidata/wikidata.index.spo.meta
/local/data-ssd/stoetzem/wikidata/wikidata.index.sop
/local/data-ssd/stoetzem/wikidata/wikidata.index.sop.meta
/local/data-ssd/stoetzem/wikidata/wikidata.index.pso
/local/data-ssd/stoetzem/wikidata/wikidata.index.pso.meta
/local/data-ssd/stoetzem/wikidata/wikidata.index.pos
/local/data-ssd/stoetzem/wikidata/wikidata.index.pos.meta
/local/data-ssd/stoetzem/wikidata/wikidata.index.osp
/local/data-ssd/stoetzem/wikidata/wikidata.index.osp.meta
/local/data-ssd/stoetzem/wikidata/wikidata.index.ops
/local/data-ssd/stoetzem/wikidata/wikidata.index.ops.meta
/local/data-ssd/stoetzem/wikidata/wikidata.internal.index.pso
/local/data-ssd/stoetzem/wikidata/wikidata.internal.index.pso.meta
/local/data-ssd/stoetzem/wikidata/wikidata.internal.index.pos
/local/data-ssd/stoetzem/wikidata/wikidata.internal.index.pos.meta
/local/data-ssd/stoetzem/wikidata/wikidata.vocabulary.words.external
/local/data-ssd/stoetzem/wikidata/wikidata.vocabulary.words.external.offsets
/local/data-ssd/stoetzem/wikidata/wikidata.vocabulary.codebooks
/local/data-ssd/stoetzem/wikidata/wikidata.vocabulary.words.internal
/local/data-ssd/stoetzem/wikidata/wikidata.vocabulary.words.internal.ids
/local/data-ssd/stoetzem/wikidata/wikidata.meta-data.json
/local/data-ssd/stoetzem/wikidata/wikidata.settings.json
/local/data-ssd/stoetzem/wikidata/wikidata.index.patterns
/local/data-ssd/stoetzem/wikidata/Qleverfile
[2026-09-17T22:04:04Z] evicting page cache for manifest files (advisory posix_fadvise)
/local/data-ssd/stoetzem/wikidata/wikidata.index.spo
/local/data-ssd/stoetzem/wikidata/wikidata.index.spo.meta
/local/data-ssd/stoetzem/wikidata/wikidata.index.sop
/local/data-ssd/stoetzem/wikidata/wikidata.index.sop.meta
/local/data-ssd/stoetzem/wikidata/wikidata.index.pso
/local/data-ssd/stoetzem/wikidata/wikidata.index.pso.meta
/local/data-ssd/stoetzem/wikidata/wikidata.index.pos
/local/data-ssd/stoetzem/wikidata/wikidata.index.pos.meta
/local/data-ssd/stoetzem/wikidata/wikidata.index.osp
/local/data-ssd/stoetzem/wikidata/wikidata.index.osp.meta
/local/data-ssd/stoetzem/wikidata/wikidata.index.ops
/local/data-ssd/stoetzem/wikidata/wikidata.index.ops.meta
/local/data-ssd/stoetzem/wikidata/wikidata.internal.index.pso
/local/data-ssd/stoetzem/wikidata/wikidata.internal.index.pso.meta
/local/data-ssd/stoetzem/wikidata/wikidata.internal.index.pos
/local/data-ssd/stoetzem/wikidata/wikidata.internal.index.pos.meta
/local/data-ssd/stoetzem/wikidata/wikidata.vocabulary.words.external
/local/data-ssd/stoetzem/wikidata/wikidata.vocabulary.words.external.offsets
/local/data-ssd/stoetzem/wikidata/wikidata.vocabulary.codebooks
/local/data-ssd/stoetzem/wikidata/wikidata.vocabulary.words.internal
/local/data-ssd/stoetzem/wikidata/wikidata.vocabulary.words.internal.ids
/local/data-ssd/stoetzem/wikidata/wikidata.meta-data.json
/local/data-ssd/stoetzem/wikidata/wikidata.settings.json
/local/data-ssd/stoetzem/wikidata/wikidata.index.patterns
/local/data-ssd/stoetzem/wikidata/Qleverfile
[2026-09-17T22:04:27Z] evicting page cache for manifest files (advisory posix_fadvise)
/local/data-ssd/stoetzem/wikidata/wikidata.index.spo
/local/data-ssd/stoetzem/wikidata/wikidata.index.spo.meta
/local/data-ssd/stoetzem/wikidata/wikidata.index.sop
/local/data-ssd/stoetzem/wikidata/wikidata.index.sop.meta
/local/data-ssd/stoetzem/wikidata/wikidata.index.pso
/local/data-ssd/stoetzem/wikidata/wikidata.index.pso.meta
/local/data-ssd/stoetzem/wikidata/wikidata.index.pos
/local/data-ssd/stoetzem/wikidata/wikidata.index.pos.meta
/local/data-ssd/stoetzem/wikidata/wikidata.index.osp
/local/data-ssd/stoetzem/wikidata/wikidata.index.osp.meta
/local/data-ssd/stoetzem/wikidata/wikidata.index.ops
/local/data-ssd/stoetzem/wikidata/wikidata.index.ops.meta
/local/data-ssd/stoetzem/wikidata/wikidata.internal.index.pso
/local/data-ssd/stoetzem/wikidata/wikidata.internal.index.pso.meta
/local/data-ssd/stoetzem/wikidata/wikidata.internal.index.pos
/local/data-ssd/stoetzem/wikidata/wikidata.internal.index.pos.meta
/local/data-ssd/stoetzem/wikidata/wikidata.vocabulary.words.external
/local/data-ssd/stoetzem/wikidata/wikidata.vocabulary.words.external.offsets
/local/data-ssd/stoetzem/wikidata/wikidata.vocabulary.codebooks
/local/data-ssd/stoetzem/wikidata/wikidata.vocabulary.words.internal
/local/data-ssd/stoetzem/wikidata/wikidata.vocabulary.words.internal.ids
/local/data-ssd/stoetzem/wikidata/wikidata.meta-data.json
/local/data-ssd/stoetzem/wikidata/wikidata.settings.json
/local/data-ssd/stoetzem/wikidata/wikidata.index.patterns
/local/data-ssd/stoetzem/wikidata/Qleverfile
[2026-09-17T22:04:51Z] evicting page cache for manifest files (advisory posix_fadvise)
/local/data-ssd/stoetzem/wikidata/wikidata.index.spo
/local/data-ssd/stoetzem/wikidata/wikidata.index.spo.meta
/local/data-ssd/stoetzem/wikidata/wikidata.index.sop
/local/data-ssd/stoetzem/wikidata/wikidata.index.sop.meta
/local/data-ssd/stoetzem/wikidata/wikidata.index.pso
/local/data-ssd/stoetzem/wikidata/wikidata.index.pso.meta
/local/data-ssd/stoetzem/wikidata/wikidata.index.pos
/local/data-ssd/stoetzem/wikidata/wikidata.index.pos.meta
/local/data-ssd/stoetzem/wikidata/wikidata.index.osp
/local/data-ssd/stoetzem/wikidata/wikidata.index.osp.meta
/local/data-ssd/stoetzem/wikidata/wikidata.index.ops
/local/data-ssd/stoetzem/wikidata/wikidata.index.ops.meta
/local/data-ssd/stoetzem/wikidata/wikidata.internal.index.pso
/local/data-ssd/stoetzem/wikidata/wikidata.internal.index.pso.meta
/local/data-ssd/stoetzem/wikidata/wikidata.internal.index.pos
/local/data-ssd/stoetzem/wikidata/wikidata.internal.index.pos.meta
/local/data-ssd/stoetzem/wikidata/wikidata.vocabulary.words.external
/local/data-ssd/stoetzem/wikidata/wikidata.vocabulary.words.external.offsets
/local/data-ssd/stoetzem/wikidata/wikidata.vocabulary.codebooks
/local/data-ssd/stoetzem/wikidata/wikidata.vocabulary.words.internal
/local/data-ssd/stoetzem/wikidata/wikidata.vocabulary.words.internal.ids
/local/data-ssd/stoetzem/wikidata/wikidata.meta-data.json
/local/data-ssd/stoetzem/wikidata/wikidata.settings.json
/local/data-ssd/stoetzem/wikidata/wikidata.index.patterns
/local/data-ssd/stoetzem/wikidata/Qleverfile
[2026-09-17T22:05:17Z] baseline-construct done (rc=0)
[2026-09-17T22:05:44Z] server ready (pid 3723643)
[2026-09-17T22:05:44Z] benchmarking variant-construct (5 reps)
[2026-09-17T22:05:44Z] evicting page cache for manifest files (advisory posix_fadvise)
/local/data-ssd/stoetzem/wikidata/wikidata.index.spo
/local/data-ssd/stoetzem/wikidata/wikidata.index.spo.meta
/local/data-ssd/stoetzem/wikidata/wikidata.index.sop
/local/data-ssd/stoetzem/wikidata/wikidata.index.sop.meta
/local/data-ssd/stoetzem/wikidata/wikidata.index.pso
/local/data-ssd/stoetzem/wikidata/wikidata.index.pso.meta
/local/data-ssd/stoetzem/wikidata/wikidata.index.pos
/local/data-ssd/stoetzem/wikidata/wikidata.index.pos.meta
/local/data-ssd/stoetzem/wikidata/wikidata.index.osp
/local/data-ssd/stoetzem/wikidata/wikidata.index.osp.meta
/local/data-ssd/stoetzem/wikidata/wikidata.index.ops
/local/data-ssd/stoetzem/wikidata/wikidata.index.ops.meta
/local/data-ssd/stoetzem/wikidata/wikidata.internal.index.pso
/local/data-ssd/stoetzem/wikidata/wikidata.internal.index.pso.meta
/local/data-ssd/stoetzem/wikidata/wikidata.internal.index.pos
/local/data-ssd/stoetzem/wikidata/wikidata.internal.index.pos.meta
/local/data-ssd/stoetzem/wikidata/wikidata.vocabulary.words.external
/local/data-ssd/stoetzem/wikidata/wikidata.vocabulary.words.external.offsets
/local/data-ssd/stoetzem/wikidata/wikidata.vocabulary.codebooks
/local/data-ssd/stoetzem/wikidata/wikidata.vocabulary.words.internal
/local/data-ssd/stoetzem/wikidata/wikidata.vocabulary.words.internal.ids
/local/data-ssd/stoetzem/wikidata/wikidata.meta-data.json
/local/data-ssd/stoetzem/wikidata/wikidata.settings.json
/local/data-ssd/stoetzem/wikidata/wikidata.index.patterns
/local/data-ssd/stoetzem/wikidata/Qleverfile
[2026-09-17T22:06:08Z] evicting page cache for manifest files (advisory posix_fadvise)
/local/data-ssd/stoetzem/wikidata/wikidata.index.spo
/local/data-ssd/stoetzem/wikidata/wikidata.index.spo.meta
/local/data-ssd/stoetzem/wikidata/wikidata.index.sop
/local/data-ssd/stoetzem/wikidata/wikidata.index.sop.meta
/local/data-ssd/stoetzem/wikidata/wikidata.index.pso
/local/data-ssd/stoetzem/wikidata/wikidata.index.pso.meta
/local/data-ssd/stoetzem/wikidata/wikidata.index.pos
/local/data-ssd/stoetzem/wikidata/wikidata.index.pos.meta
/local/data-ssd/stoetzem/wikidata/wikidata.index.osp
/local/data-ssd/stoetzem/wikidata/wikidata.index.osp.meta
/local/data-ssd/stoetzem/wikidata/wikidata.index.ops
/local/data-ssd/stoetzem/wikidata/wikidata.index.ops.meta
/local/data-ssd/stoetzem/wikidata/wikidata.internal.index.pso
/local/data-ssd/stoetzem/wikidata/wikidata.internal.index.pso.meta
/local/data-ssd/stoetzem/wikidata/wikidata.internal.index.pos
/local/data-ssd/stoetzem/wikidata/wikidata.internal.index.pos.meta
/local/data-ssd/stoetzem/wikidata/wikidata.vocabulary.words.external
/local/data-ssd/stoetzem/wikidata/wikidata.vocabulary.words.external.offsets
/local/data-ssd/stoetzem/wikidata/wikidata.vocabulary.codebooks
/local/data-ssd/stoetzem/wikidata/wikidata.vocabulary.words.internal
/local/data-ssd/stoetzem/wikidata/wikidata.vocabulary.words.internal.ids
/local/data-ssd/stoetzem/wikidata/wikidata.meta-data.json
/local/data-ssd/stoetzem/wikidata/wikidata.settings.json
/local/data-ssd/stoetzem/wikidata/wikidata.index.patterns
/local/data-ssd/stoetzem/wikidata/Qleverfile
[2026-09-17T22:06:31Z] evicting page cache for manifest files (advisory posix_fadvise)
/local/data-ssd/stoetzem/wikidata/wikidata.index.spo
/local/data-ssd/stoetzem/wikidata/wikidata.index.spo.meta
/local/data-ssd/stoetzem/wikidata/wikidata.index.sop
/local/data-ssd/stoetzem/wikidata/wikidata.index.sop.meta
/local/data-ssd/stoetzem/wikidata/wikidata.index.pso
/local/data-ssd/stoetzem/wikidata/wikidata.index.pso.meta
/local/data-ssd/stoetzem/wikidata/wikidata.index.pos
/local/data-ssd/stoetzem/wikidata/wikidata.index.pos.meta
/local/data-ssd/stoetzem/wikidata/wikidata.index.osp
/local/data-ssd/stoetzem/wikidata/wikidata.index.osp.meta
/local/data-ssd/stoetzem/wikidata/wikidata.index.ops
/local/data-ssd/stoetzem/wikidata/wikidata.index.ops.meta
/local/data-ssd/stoetzem/wikidata/wikidata.internal.index.pso
/local/data-ssd/stoetzem/wikidata/wikidata.internal.index.pso.meta
/local/data-ssd/stoetzem/wikidata/wikidata.internal.index.pos
/local/data-ssd/stoetzem/wikidata/wikidata.internal.index.pos.meta
/local/data-ssd/stoetzem/wikidata/wikidata.vocabulary.words.external
/local/data-ssd/stoetzem/wikidata/wikidata.vocabulary.words.external.offsets
/local/data-ssd/stoetzem/wikidata/wikidata.vocabulary.codebooks
/local/data-ssd/stoetzem/wikidata/wikidata.vocabulary.words.internal
/local/data-ssd/stoetzem/wikidata/wikidata.vocabulary.words.internal.ids
/local/data-ssd/stoetzem/wikidata/wikidata.meta-data.json
/local/data-ssd/stoetzem/wikidata/wikidata.settings.json
/local/data-ssd/stoetzem/wikidata/wikidata.index.patterns
/local/data-ssd/stoetzem/wikidata/Qleverfile
[2026-09-17T22:06:55Z] evicting page cache for manifest files (advisory posix_fadvise)
/local/data-ssd/stoetzem/wikidata/wikidata.index.spo
/local/data-ssd/stoetzem/wikidata/wikidata.index.spo.meta
/local/data-ssd/stoetzem/wikidata/wikidata.index.sop
/local/data-ssd/stoetzem/wikidata/wikidata.index.sop.meta
/local/data-ssd/stoetzem/wikidata/wikidata.index.pso
/local/data-ssd/stoetzem/wikidata/wikidata.index.pso.meta
/local/data-ssd/stoetzem/wikidata/wikidata.index.pos
/local/data-ssd/stoetzem/wikidata/wikidata.index.pos.meta
/local/data-ssd/stoetzem/wikidata/wikidata.index.osp
/local/data-ssd/stoetzem/wikidata/wikidata.index.osp.meta
/local/data-ssd/stoetzem/wikidata/wikidata.index.ops
/local/data-ssd/stoetzem/wikidata/wikidata.index.ops.meta
/local/data-ssd/stoetzem/wikidata/wikidata.internal.index.pso
/local/data-ssd/stoetzem/wikidata/wikidata.internal.index.pso.meta
/local/data-ssd/stoetzem/wikidata/wikidata.internal.index.pos
/local/data-ssd/stoetzem/wikidata/wikidata.internal.index.pos.meta
/local/data-ssd/stoetzem/wikidata/wikidata.vocabulary.words.external
/local/data-ssd/stoetzem/wikidata/wikidata.vocabulary.words.external.offsets
/local/data-ssd/stoetzem/wikidata/wikidata.vocabulary.codebooks
/local/data-ssd/stoetzem/wikidata/wikidata.vocabulary.words.internal
/local/data-ssd/stoetzem/wikidata/wikidata.vocabulary.words.internal.ids
/local/data-ssd/stoetzem/wikidata/wikidata.meta-data.json
/local/data-ssd/stoetzem/wikidata/wikidata.settings.json
/local/data-ssd/stoetzem/wikidata/wikidata.index.patterns
/local/data-ssd/stoetzem/wikidata/Qleverfile
[2026-09-17T22:07:19Z] evicting page cache for manifest files (advisory posix_fadvise)
/local/data-ssd/stoetzem/wikidata/wikidata.index.spo
/local/data-ssd/stoetzem/wikidata/wikidata.index.spo.meta
/local/data-ssd/stoetzem/wikidata/wikidata.index.sop
/local/data-ssd/stoetzem/wikidata/wikidata.index.sop.meta
/local/data-ssd/stoetzem/wikidata/wikidata.index.pso
/local/data-ssd/stoetzem/wikidata/wikidata.index.pso.meta
/local/data-ssd/stoetzem/wikidata/wikidata.index.pos
/local/data-ssd/stoetzem/wikidata/wikidata.index.pos.meta
/local/data-ssd/stoetzem/wikidata/wikidata.index.osp
/local/data-ssd/stoetzem/wikidata/wikidata.index.osp.meta
/local/data-ssd/stoetzem/wikidata/wikidata.index.ops
/local/data-ssd/stoetzem/wikidata/wikidata.index.ops.meta
/local/data-ssd/stoetzem/wikidata/wikidata.internal.index.pso
/local/data-ssd/stoetzem/wikidata/wikidata.internal.index.pso.meta
/local/data-ssd/stoetzem/wikidata/wikidata.internal.index.pos
/local/data-ssd/stoetzem/wikidata/wikidata.internal.index.pos.meta
/local/data-ssd/stoetzem/wikidata/wikidata.vocabulary.words.external
/local/data-ssd/stoetzem/wikidata/wikidata.vocabulary.words.external.offsets
/local/data-ssd/stoetzem/wikidata/wikidata.vocabulary.codebooks
/local/data-ssd/stoetzem/wikidata/wikidata.vocabulary.words.internal
/local/data-ssd/stoetzem/wikidata/wikidata.vocabulary.words.internal.ids
/local/data-ssd/stoetzem/wikidata/wikidata.meta-data.json
/local/data-ssd/stoetzem/wikidata/wikidata.settings.json
/local/data-ssd/stoetzem/wikidata/wikidata.index.patterns
/local/data-ssd/stoetzem/wikidata/Qleverfile
[2026-09-17T22:07:45Z] variant-construct done (rc=0)
[2026-09-17T22:08:11Z] server ready (pid 3723929)
[2026-09-17T22:08:11Z] benchmarking baseline-select (5 reps)
[2026-09-17T22:08:11Z] evicting page cache for manifest files (advisory posix_fadvise)
/local/data-ssd/stoetzem/wikidata/wikidata.index.spo
/local/data-ssd/stoetzem/wikidata/wikidata.index.spo.meta
/local/data-ssd/stoetzem/wikidata/wikidata.index.sop
/local/data-ssd/stoetzem/wikidata/wikidata.index.sop.meta
/local/data-ssd/stoetzem/wikidata/wikidata.index.pso
/local/data-ssd/stoetzem/wikidata/wikidata.index.pso.meta
/local/data-ssd/stoetzem/wikidata/wikidata.index.pos
/local/data-ssd/stoetzem/wikidata/wikidata.index.pos.meta
/local/data-ssd/stoetzem/wikidata/wikidata.index.osp
/local/data-ssd/stoetzem/wikidata/wikidata.index.osp.meta
/local/data-ssd/stoetzem/wikidata/wikidata.index.ops
/local/data-ssd/stoetzem/wikidata/wikidata.index.ops.meta
/local/data-ssd/stoetzem/wikidata/wikidata.internal.index.pso
/local/data-ssd/stoetzem/wikidata/wikidata.internal.index.pso.meta
/local/data-ssd/stoetzem/wikidata/wikidata.internal.index.pos
/local/data-ssd/stoetzem/wikidata/wikidata.internal.index.pos.meta
/local/data-ssd/stoetzem/wikidata/wikidata.vocabulary.words.external
/local/data-ssd/stoetzem/wikidata/wikidata.vocabulary.words.external.offsets
/local/data-ssd/stoetzem/wikidata/wikidata.vocabulary.codebooks
/local/data-ssd/stoetzem/wikidata/wikidata.vocabulary.words.internal
/local/data-ssd/stoetzem/wikidata/wikidata.vocabulary.words.internal.ids
/local/data-ssd/stoetzem/wikidata/wikidata.meta-data.json
/local/data-ssd/stoetzem/wikidata/wikidata.settings.json
/local/data-ssd/stoetzem/wikidata/wikidata.index.patterns
/local/data-ssd/stoetzem/wikidata/Qleverfile
[2026-09-17T22:08:31Z] evicting page cache for manifest files (advisory posix_fadvise)
/local/data-ssd/stoetzem/wikidata/wikidata.index.spo
/local/data-ssd/stoetzem/wikidata/wikidata.index.spo.meta
/local/data-ssd/stoetzem/wikidata/wikidata.index.sop
/local/data-ssd/stoetzem/wikidata/wikidata.index.sop.meta
/local/data-ssd/stoetzem/wikidata/wikidata.index.pso
/local/data-ssd/stoetzem/wikidata/wikidata.index.pso.meta
/local/data-ssd/stoetzem/wikidata/wikidata.index.pos
/local/data-ssd/stoetzem/wikidata/wikidata.index.pos.meta
/local/data-ssd/stoetzem/wikidata/wikidata.index.osp
/local/data-ssd/stoetzem/wikidata/wikidata.index.osp.meta
/local/data-ssd/stoetzem/wikidata/wikidata.index.ops
/local/data-ssd/stoetzem/wikidata/wikidata.index.ops.meta
/local/data-ssd/stoetzem/wikidata/wikidata.internal.index.pso
/local/data-ssd/stoetzem/wikidata/wikidata.internal.index.pso.meta
/local/data-ssd/stoetzem/wikidata/wikidata.internal.index.pos
/local/data-ssd/stoetzem/wikidata/wikidata.internal.index.pos.meta
/local/data-ssd/stoetzem/wikidata/wikidata.vocabulary.words.external
/local/data-ssd/stoetzem/wikidata/wikidata.vocabulary.words.external.offsets
/local/data-ssd/stoetzem/wikidata/wikidata.vocabulary.codebooks
/local/data-ssd/stoetzem/wikidata/wikidata.vocabulary.words.internal
/local/data-ssd/stoetzem/wikidata/wikidata.vocabulary.words.internal.ids
/local/data-ssd/stoetzem/wikidata/wikidata.meta-data.json
/local/data-ssd/stoetzem/wikidata/wikidata.settings.json
/local/data-ssd/stoetzem/wikidata/wikidata.index.patterns
/local/data-ssd/stoetzem/wikidata/Qleverfile
[2026-09-17T22:08:51Z] evicting page cache for manifest files (advisory posix_fadvise)
/local/data-ssd/stoetzem/wikidata/wikidata.index.spo
/local/data-ssd/stoetzem/wikidata/wikidata.index.spo.meta
/local/data-ssd/stoetzem/wikidata/wikidata.index.sop
/local/data-ssd/stoetzem/wikidata/wikidata.index.sop.meta
/local/data-ssd/stoetzem/wikidata/wikidata.index.pso
/local/data-ssd/stoetzem/wikidata/wikidata.index.pso.meta
/local/data-ssd/stoetzem/wikidata/wikidata.index.pos
/local/data-ssd/stoetzem/wikidata/wikidata.index.pos.meta
/local/data-ssd/stoetzem/wikidata/wikidata.index.osp
/local/data-ssd/stoetzem/wikidata/wikidata.index.osp.meta
/local/data-ssd/stoetzem/wikidata/wikidata.index.ops
/local/data-ssd/stoetzem/wikidata/wikidata.index.ops.meta
/local/data-ssd/stoetzem/wikidata/wikidata.internal.index.pso
/local/data-ssd/stoetzem/wikidata/wikidata.internal.index.pso.meta
/local/data-ssd/stoetzem/wikidata/wikidata.internal.index.pos
/local/data-ssd/stoetzem/wikidata/wikidata.internal.index.pos.meta
/local/data-ssd/stoetzem/wikidata/wikidata.vocabulary.words.external
/local/data-ssd/stoetzem/wikidata/wikidata.vocabulary.words.external.offsets
/local/data-ssd/stoetzem/wikidata/wikidata.vocabulary.codebooks
/local/data-ssd/stoetzem/wikidata/wikidata.vocabulary.words.internal
/local/data-ssd/stoetzem/wikidata/wikidata.vocabulary.words.internal.ids
/local/data-ssd/stoetzem/wikidata/wikidata.meta-data.json
/local/data-ssd/stoetzem/wikidata/wikidata.settings.json
/local/data-ssd/stoetzem/wikidata/wikidata.index.patterns
/local/data-ssd/stoetzem/wikidata/Qleverfile
[2026-09-17T22:09:12Z] evicting page cache for manifest files (advisory posix_fadvise)
/local/data-ssd/stoetzem/wikidata/wikidata.index.spo
/local/data-ssd/stoetzem/wikidata/wikidata.index.spo.meta
/local/data-ssd/stoetzem/wikidata/wikidata.index.sop
/local/data-ssd/stoetzem/wikidata/wikidata.index.sop.meta
/local/data-ssd/stoetzem/wikidata/wikidata.index.pso
/local/data-ssd/stoetzem/wikidata/wikidata.index.pso.meta
/local/data-ssd/stoetzem/wikidata/wikidata.index.pos
/local/data-ssd/stoetzem/wikidata/wikidata.index.pos.meta
/local/data-ssd/stoetzem/wikidata/wikidata.index.osp
/local/data-ssd/stoetzem/wikidata/wikidata.index.osp.meta
/local/data-ssd/stoetzem/wikidata/wikidata.index.ops
/local/data-ssd/stoetzem/wikidata/wikidata.index.ops.meta
/local/data-ssd/stoetzem/wikidata/wikidata.internal.index.pso
/local/data-ssd/stoetzem/wikidata/wikidata.internal.index.pso.meta
/local/data-ssd/stoetzem/wikidata/wikidata.internal.index.pos
/local/data-ssd/stoetzem/wikidata/wikidata.internal.index.pos.meta
/local/data-ssd/stoetzem/wikidata/wikidata.vocabulary.words.external
/local/data-ssd/stoetzem/wikidata/wikidata.vocabulary.words.external.offsets
/local/data-ssd/stoetzem/wikidata/wikidata.vocabulary.codebooks
/local/data-ssd/stoetzem/wikidata/wikidata.vocabulary.words.internal
/local/data-ssd/stoetzem/wikidata/wikidata.vocabulary.words.internal.ids
/local/data-ssd/stoetzem/wikidata/wikidata.meta-data.json
/local/data-ssd/stoetzem/wikidata/wikidata.settings.json
/local/data-ssd/stoetzem/wikidata/wikidata.index.patterns
/local/data-ssd/stoetzem/wikidata/Qleverfile
[2026-09-17T22:09:32Z] evicting page cache for manifest files (advisory posix_fadvise)
/local/data-ssd/stoetzem/wikidata/wikidata.index.spo
/local/data-ssd/stoetzem/wikidata/wikidata.index.spo.meta
/local/data-ssd/stoetzem/wikidata/wikidata.index.sop
/local/data-ssd/stoetzem/wikidata/wikidata.index.sop.meta
/local/data-ssd/stoetzem/wikidata/wikidata.index.pso
/local/data-ssd/stoetzem/wikidata/wikidata.index.pso.meta
/local/data-ssd/stoetzem/wikidata/wikidata.index.pos
/local/data-ssd/stoetzem/wikidata/wikidata.index.pos.meta
/local/data-ssd/stoetzem/wikidata/wikidata.index.osp
/local/data-ssd/stoetzem/wikidata/wikidata.index.osp.meta
/local/data-ssd/stoetzem/wikidata/wikidata.index.ops
/local/data-ssd/stoetzem/wikidata/wikidata.index.ops.meta
/local/data-ssd/stoetzem/wikidata/wikidata.internal.index.pso
/local/data-ssd/stoetzem/wikidata/wikidata.internal.index.pso.meta
/local/data-ssd/stoetzem/wikidata/wikidata.internal.index.pos
/local/data-ssd/stoetzem/wikidata/wikidata.internal.index.pos.meta
/local/data-ssd/stoetzem/wikidata/wikidata.vocabulary.words.external
/local/data-ssd/stoetzem/wikidata/wikidata.vocabulary.words.external.offsets
/local/data-ssd/stoetzem/wikidata/wikidata.vocabulary.codebooks
/local/data-ssd/stoetzem/wikidata/wikidata.vocabulary.words.internal
/local/data-ssd/stoetzem/wikidata/wikidata.vocabulary.words.internal.ids
/local/data-ssd/stoetzem/wikidata/wikidata.meta-data.json
/local/data-ssd/stoetzem/wikidata/wikidata.settings.json
/local/data-ssd/stoetzem/wikidata/wikidata.index.patterns
/local/data-ssd/stoetzem/wikidata/Qleverfile
[2026-09-17T22:09:55Z] baseline-select done (rc=0)
[2026-09-17T22:10:21Z] server ready (pid 3724201)
[2026-09-17T22:10:21Z] benchmarking variant-select (5 reps)
[2026-09-17T22:10:21Z] evicting page cache for manifest files (advisory posix_fadvise)
/local/data-ssd/stoetzem/wikidata/wikidata.index.spo
/local/data-ssd/stoetzem/wikidata/wikidata.index.spo.meta
/local/data-ssd/stoetzem/wikidata/wikidata.index.sop
/local/data-ssd/stoetzem/wikidata/wikidata.index.sop.meta
/local/data-ssd/stoetzem/wikidata/wikidata.index.pso
/local/data-ssd/stoetzem/wikidata/wikidata.index.pso.meta
/local/data-ssd/stoetzem/wikidata/wikidata.index.pos
/local/data-ssd/stoetzem/wikidata/wikidata.index.pos.meta
/local/data-ssd/stoetzem/wikidata/wikidata.index.osp
/local/data-ssd/stoetzem/wikidata/wikidata.index.osp.meta
/local/data-ssd/stoetzem/wikidata/wikidata.index.ops
/local/data-ssd/stoetzem/wikidata/wikidata.index.ops.meta
/local/data-ssd/stoetzem/wikidata/wikidata.internal.index.pso
/local/data-ssd/stoetzem/wikidata/wikidata.internal.index.pso.meta
/local/data-ssd/stoetzem/wikidata/wikidata.internal.index.pos
/local/data-ssd/stoetzem/wikidata/wikidata.internal.index.pos.meta
/local/data-ssd/stoetzem/wikidata/wikidata.vocabulary.words.external
/local/data-ssd/stoetzem/wikidata/wikidata.vocabulary.words.external.offsets
/local/data-ssd/stoetzem/wikidata/wikidata.vocabulary.codebooks
/local/data-ssd/stoetzem/wikidata/wikidata.vocabulary.words.internal
/local/data-ssd/stoetzem/wikidata/wikidata.vocabulary.words.internal.ids
/local/data-ssd/stoetzem/wikidata/wikidata.meta-data.json
/local/data-ssd/stoetzem/wikidata/wikidata.settings.json
/local/data-ssd/stoetzem/wikidata/wikidata.index.patterns
/local/data-ssd/stoetzem/wikidata/Qleverfile
[2026-09-17T22:10:41Z] evicting page cache for manifest files (advisory posix_fadvise)
/local/data-ssd/stoetzem/wikidata/wikidata.index.spo
/local/data-ssd/stoetzem/wikidata/wikidata.index.spo.meta
/local/data-ssd/stoetzem/wikidata/wikidata.index.sop
/local/data-ssd/stoetzem/wikidata/wikidata.index.sop.meta
/local/data-ssd/stoetzem/wikidata/wikidata.index.pso
/local/data-ssd/stoetzem/wikidata/wikidata.index.pso.meta
/local/data-ssd/stoetzem/wikidata/wikidata.index.pos
/local/data-ssd/stoetzem/wikidata/wikidata.index.pos.meta
/local/data-ssd/stoetzem/wikidata/wikidata.index.osp
/local/data-ssd/stoetzem/wikidata/wikidata.index.osp.meta
/local/data-ssd/stoetzem/wikidata/wikidata.index.ops
/local/data-ssd/stoetzem/wikidata/wikidata.index.ops.meta
/local/data-ssd/stoetzem/wikidata/wikidata.internal.index.pso
/local/data-ssd/stoetzem/wikidata/wikidata.internal.index.pso.meta
/local/data-ssd/stoetzem/wikidata/wikidata.internal.index.pos
/local/data-ssd/stoetzem/wikidata/wikidata.internal.index.pos.meta
/local/data-ssd/stoetzem/wikidata/wikidata.vocabulary.words.external
/local/data-ssd/stoetzem/wikidata/wikidata.vocabulary.words.external.offsets
/local/data-ssd/stoetzem/wikidata/wikidata.vocabulary.codebooks
/local/data-ssd/stoetzem/wikidata/wikidata.vocabulary.words.internal
/local/data-ssd/stoetzem/wikidata/wikidata.vocabulary.words.internal.ids
/local/data-ssd/stoetzem/wikidata/wikidata.meta-data.json
/local/data-ssd/stoetzem/wikidata/wikidata.settings.json
/local/data-ssd/stoetzem/wikidata/wikidata.index.patterns
/local/data-ssd/stoetzem/wikidata/Qleverfile
[2026-09-17T22:11:00Z] evicting page cache for manifest files (advisory posix_fadvise)
/local/data-ssd/stoetzem/wikidata/wikidata.index.spo
/local/data-ssd/stoetzem/wikidata/wikidata.index.spo.meta
/local/data-ssd/stoetzem/wikidata/wikidata.index.sop
/local/data-ssd/stoetzem/wikidata/wikidata.index.sop.meta
/local/data-ssd/stoetzem/wikidata/wikidata.index.pso
/local/data-ssd/stoetzem/wikidata/wikidata.index.pso.meta
/local/data-ssd/stoetzem/wikidata/wikidata.index.pos
/local/data-ssd/stoetzem/wikidata/wikidata.index.pos.meta
/local/data-ssd/stoetzem/wikidata/wikidata.index.osp
/local/data-ssd/stoetzem/wikidata/wikidata.index.osp.meta
/local/data-ssd/stoetzem/wikidata/wikidata.index.ops
/local/data-ssd/stoetzem/wikidata/wikidata.index.ops.meta
/local/data-ssd/stoetzem/wikidata/wikidata.internal.index.pso
/local/data-ssd/stoetzem/wikidata/wikidata.internal.index.pso.meta
/local/data-ssd/stoetzem/wikidata/wikidata.internal.index.pos
/local/data-ssd/stoetzem/wikidata/wikidata.internal.index.pos.meta
/local/data-ssd/stoetzem/wikidata/wikidata.vocabulary.words.external
/local/data-ssd/stoetzem/wikidata/wikidata.vocabulary.words.external.offsets
/local/data-ssd/stoetzem/wikidata/wikidata.vocabulary.codebooks
/local/data-ssd/stoetzem/wikidata/wikidata.vocabulary.words.internal
/local/data-ssd/stoetzem/wikidata/wikidata.vocabulary.words.internal.ids
/local/data-ssd/stoetzem/wikidata/wikidata.meta-data.json
/local/data-ssd/stoetzem/wikidata/wikidata.settings.json
/local/data-ssd/stoetzem/wikidata/wikidata.index.patterns
/local/data-ssd/stoetzem/wikidata/Qleverfile
[2026-09-17T22:11:20Z] evicting page cache for manifest files (advisory posix_fadvise)
/local/data-ssd/stoetzem/wikidata/wikidata.index.spo
/local/data-ssd/stoetzem/wikidata/wikidata.index.spo.meta
/local/data-ssd/stoetzem/wikidata/wikidata.index.sop
/local/data-ssd/stoetzem/wikidata/wikidata.index.sop.meta
/local/data-ssd/stoetzem/wikidata/wikidata.index.pso
/local/data-ssd/stoetzem/wikidata/wikidata.index.pso.meta
/local/data-ssd/stoetzem/wikidata/wikidata.index.pos
/local/data-ssd/stoetzem/wikidata/wikidata.index.pos.meta
/local/data-ssd/stoetzem/wikidata/wikidata.index.osp
/local/data-ssd/stoetzem/wikidata/wikidata.index.osp.meta
/local/data-ssd/stoetzem/wikidata/wikidata.index.ops
/local/data-ssd/stoetzem/wikidata/wikidata.index.ops.meta
/local/data-ssd/stoetzem/wikidata/wikidata.internal.index.pso
/local/data-ssd/stoetzem/wikidata/wikidata.internal.index.pso.meta
/local/data-ssd/stoetzem/wikidata/wikidata.internal.index.pos
/local/data-ssd/stoetzem/wikidata/wikidata.internal.index.pos.meta
/local/data-ssd/stoetzem/wikidata/wikidata.vocabulary.words.external
/local/data-ssd/stoetzem/wikidata/wikidata.vocabulary.words.external.offsets
/local/data-ssd/stoetzem/wikidata/wikidata.vocabulary.codebooks
/local/data-ssd/stoetzem/wikidata/wikidata.vocabulary.words.internal
/local/data-ssd/stoetzem/wikidata/wikidata.vocabulary.words.internal.ids
/local/data-ssd/stoetzem/wikidata/wikidata.meta-data.json
/local/data-ssd/stoetzem/wikidata/wikidata.settings.json
/local/data-ssd/stoetzem/wikidata/wikidata.index.patterns
/local/data-ssd/stoetzem/wikidata/Qleverfile
[2026-09-17T22:11:39Z] evicting page cache for manifest files (advisory posix_fadvise)
/local/data-ssd/stoetzem/wikidata/wikidata.index.spo
/local/data-ssd/stoetzem/wikidata/wikidata.index.spo.meta
/local/data-ssd/stoetzem/wikidata/wikidata.index.sop
/local/data-ssd/stoetzem/wikidata/wikidata.index.sop.meta
/local/data-ssd/stoetzem/wikidata/wikidata.index.pso
/local/data-ssd/stoetzem/wikidata/wikidata.index.pso.meta
/local/data-ssd/stoetzem/wikidata/wikidata.index.pos
/local/data-ssd/stoetzem/wikidata/wikidata.index.pos.meta
/local/data-ssd/stoetzem/wikidata/wikidata.index.osp
/local/data-ssd/stoetzem/wikidata/wikidata.index.osp.meta
/local/data-ssd/stoetzem/wikidata/wikidata.index.ops
/local/data-ssd/stoetzem/wikidata/wikidata.index.ops.meta
/local/data-ssd/stoetzem/wikidata/wikidata.internal.index.pso
/local/data-ssd/stoetzem/wikidata/wikidata.internal.index.pso.meta
/local/data-ssd/stoetzem/wikidata/wikidata.internal.index.pos
/local/data-ssd/stoetzem/wikidata/wikidata.internal.index.pos.meta
/local/data-ssd/stoetzem/wikidata/wikidata.vocabulary.words.external
/local/data-ssd/stoetzem/wikidata/wikidata.vocabulary.words.external.offsets
/local/data-ssd/stoetzem/wikidata/wikidata.vocabulary.codebooks
/local/data-ssd/stoetzem/wikidata/wikidata.vocabulary.words.internal
/local/data-ssd/stoetzem/wikidata/wikidata.vocabulary.words.internal.ids
/local/data-ssd/stoetzem/wikidata/wikidata.meta-data.json
/local/data-ssd/stoetzem/wikidata/wikidata.settings.json
/local/data-ssd/stoetzem/wikidata/wikidata.index.patterns
/local/data-ssd/stoetzem/wikidata/Qleverfile
[2026-09-17T22:12:02Z] variant-select done (rc=0)
[2026-09-17T22:12:04Z] ALL DONE
