2026-10-06 07:31:17.267 - INFO: [1mQLever server CIKM-3005-g6d2f7faa0, compiled on Mon Oct  5 20:44:46 UTC 2026 using git hash 6d2f7fa[22m
2026-10-06 07:31:17.267 - INFO: Runtime parameter set from the command line: construct-export-pipeline-depth=2
2026-10-06 07:31:17.267 - INFO: Cleanup of previous index directories after each rebuild enabled (--rebuild-keep-previous-index-dirs original-and-most-recent)
2026-10-06 07:31:17.269 - INFO: The git hash used to build this index was "65f84b4"
2026-10-06 07:31:17.270 - INFO: Reading vocabulary from file /local/data-ssd/stoetzem/wikidata/wikidata.vocabulary.words ...
2026-10-06 07:31:30.451 - INFO: Done, number of words: 1,580,300,680
2026-10-06 07:31:30.451 - INFO: Number of words in internal vocabulary (these are also part of the external vocabulary): 777,658,536
2026-10-06 07:31:30.528 - INFO: Registered PSO permutation: #relations = 10,100, #blocks = 225,155, #triples = 6,983,973,847
2026-10-06 07:31:30.624 - INFO: Registered PSO permutation: #relations = 13,566, #blocks = 264,339, #triples = 8,220,417,022
2026-10-06 07:31:30.695 - INFO: Registered POS permutation: #relations = 10,100, #blocks = 225,155, #triples = 6,983,973,847
2026-10-06 07:31:30.791 - INFO: Registered POS permutation: #relations = 13,566, #blocks = 264,339, #triples = 8,220,417,022
2026-10-06 07:31:30.873 - INFO: Registered OPS permutation: #relations = 1,683,253,489, #blocks = 222,728, #triples = 8,220,417,022
2026-10-06 07:31:30.955 - INFO: Registered OSP permutation: #relations = 1,683,253,489, #blocks = 222,728, #triples = 8,220,417,022
2026-10-06 07:31:31.011 - INFO: Registered SPO permutation: #relations = 252,534,289, #blocks = 175,741, #triples = 8,220,417,022
2026-10-06 07:31:31.068 - INFO: Registered SOP permutation: #relations = 252,534,289, #blocks = 175,741, #triples = 8,220,417,022
2026-10-06 07:31:31.068 - INFO: Reading patterns from file /local/data-ssd/stoetzem/wikidata/wikidata.index.patterns ...
2026-10-06 07:31:32.517 - INFO: Sorting random result tables to estimate the sorting performance of this machine ...
2026-10-06 07:31:40.892 - INFO: Initializing server ...
2026-10-06 07:31:40.892 - INFO: No access token required for restricted API calls
2026-10-06 07:31:40.892 - INFO: The server is ready, listening for requests on port 7047 ...
2026-10-06 07:31:41.031 - INFO: 
2026-10-06 07:31:41.031 - INFO: Request received via POST, content type "application/x-www-form-urlencoded"
2026-10-06 07:31:41.034 - INFO: Processing the following SPARQL query:
# Tier H-vocab — German labels, large
# Physical: P+O bound scan of wdt:P31 wd:Q5 (class postings), then
# S+P bound SPO scan of rdfs:label. LANG(?label) maps label IDs to
# strings. CONSTRUCT writes entity IRI + label.
# Targets: large sequential class scan with EXTERNAL vocabulary words.
# German is not in languages-internal (only "en"), so QLever's
# shouldLiteralBeExternalized places every de literal in the external
# tier (src/index/vocabulary/Vocabulary.cpp). Same shape as
# H-vocab-label-large.rq, but every lookup is a guaranteed external
# miss on cold caches.
PREFIX wd: <http://www.wikidata.org/entity/>
PREFIX wdt: <http://www.wikidata.org/prop/direct/>
PREFIX rdfs: <http://www.w3.org/2000/01/rdf-schema#>

CONSTRUCT { ?entity rdfs:label ?label }
WHERE {
  ?entity wdt:P31 wd:Q5 .
  ?entity rdfs:label ?label .
  FILTER(LANG(?label) = "de")
}

2026-10-06 07:31:41.034 - INFO: Requested media types of the result are: "text/turtle"
2026-10-06 07:31:41.037 - INFO: Query planning done in 6 ms
2026-10-06 07:31:41.037 - INFO: Result has unknown size (not computed yet)
2026-10-06 07:32:04.848 - INFO: Done processing query and sending result, total time was 23,817 ms
2026-10-06 07:32:05.258 - INFO: 
2026-10-06 07:32:05.258 - INFO: Request received via POST, content type "application/x-www-form-urlencoded"
2026-10-06 07:32:05.259 - INFO: Processing the following SPARQL query:
# Tier H-vocab — German labels, large
# Physical: P+O bound scan of wdt:P31 wd:Q5 (class postings), then
# S+P bound SPO scan of rdfs:label. LANG(?label) maps label IDs to
# strings. CONSTRUCT writes entity IRI + label.
# Targets: large sequential class scan with EXTERNAL vocabulary words.
# German is not in languages-internal (only "en"), so QLever's
# shouldLiteralBeExternalized places every de literal in the external
# tier (src/index/vocabulary/Vocabulary.cpp). Same shape as
# H-vocab-label-large.rq, but every lookup is a guaranteed external
# miss on cold caches.
PREFIX wd: <http://www.wikidata.org/entity/>
PREFIX wdt: <http://www.wikidata.org/prop/direct/>
PREFIX rdfs: <http://www.w3.org/2000/01/rdf-schema#>

CONSTRUCT { ?entity rdfs:label ?label }
WHERE {
  ?entity wdt:P31 wd:Q5 .
  ?entity rdfs:label ?label .
  FILTER(LANG(?label) = "de")
}

2026-10-06 07:32:05.259 - INFO: Requested media types of the result are: "text/turtle"
2026-10-06 07:32:05.259 - INFO: Query planning done in 0 ms
2026-10-06 07:32:05.259 - INFO: Result has unknown size (not computed yet)
2026-10-06 07:32:21.227 - INFO: Done processing query and sending result, total time was 15,968 ms
2026-10-06 07:32:21.629 - INFO: 
2026-10-06 07:32:21.629 - INFO: Request received via POST, content type "application/x-www-form-urlencoded"
2026-10-06 07:32:21.629 - INFO: Processing the following SPARQL query:
# Tier H-vocab — German labels, large
# Physical: P+O bound scan of wdt:P31 wd:Q5 (class postings), then
# S+P bound SPO scan of rdfs:label. LANG(?label) maps label IDs to
# strings. CONSTRUCT writes entity IRI + label.
# Targets: large sequential class scan with EXTERNAL vocabulary words.
# German is not in languages-internal (only "en"), so QLever's
# shouldLiteralBeExternalized places every de literal in the external
# tier (src/index/vocabulary/Vocabulary.cpp). Same shape as
# H-vocab-label-large.rq, but every lookup is a guaranteed external
# miss on cold caches.
PREFIX wd: <http://www.wikidata.org/entity/>
PREFIX wdt: <http://www.wikidata.org/prop/direct/>
PREFIX rdfs: <http://www.w3.org/2000/01/rdf-schema#>

CONSTRUCT { ?entity rdfs:label ?label }
WHERE {
  ?entity wdt:P31 wd:Q5 .
  ?entity rdfs:label ?label .
  FILTER(LANG(?label) = "de")
}

2026-10-06 07:32:21.629 - INFO: Requested media types of the result are: "text/turtle"
2026-10-06 07:32:21.630 - INFO: Query planning done in 0 ms
2026-10-06 07:32:21.630 - INFO: Result has unknown size (not computed yet)
2026-10-06 07:32:37.341 - INFO: Done processing query and sending result, total time was 15,712 ms
