H-vocab-title-large: base warm-up 0.956 s, 11 requests per measurement, 15532320 bytes, xxh3 6ef70863ccd3b9affcebefc1b2836236
  t1 p9: 3.69 s, 0.3355 s/query
  t1 up-off: 3.79 s, 0.3450 s/query
  t1 up-on: 3.53 s, 0.3213 s/query
  t1 esc-off: 5.99 s, 0.5444 s/query
  t1 esc-on: 5.80 s, 0.5277 s/query
  t2 esc-on: 6.02 s, 0.5471 s/query
  t2 esc-off: 6.30 s, 0.5730 s/query
  t2 up-on: 3.57 s, 0.3247 s/query
  t2 up-off: 3.76 s, 0.3421 s/query
  t2 p9: 3.62 s, 0.3287 s/query
  t3 p9: 3.58 s, 0.3254 s/query
  t3 up-off: 3.78 s, 0.3441 s/query
  t3 up-on: 3.53 s, 0.3213 s/query
  t3 esc-off: 6.26 s, 0.5689 s/query
  t3 esc-on: 6.10 s, 0.5545 s/query
  t4 esc-on: 6.05 s, 0.5504 s/query
  t4 esc-off: 6.25 s, 0.5684 s/query
  t4 up-on: 3.61 s, 0.3278 s/query
  t4 up-off: 3.62 s, 0.3291 s/query
  t4 p9: 3.62 s, 0.3295 s/query
  t5 p9: 3.67 s, 0.3334 s/query
  t5 up-off: 3.65 s, 0.3314 s/query
  t5 up-on: 3.54 s, 0.3214 s/query
  t5 esc-off: 6.38 s, 0.5799 s/query
  t5 esc-on: 6.06 s, 0.5509 s/query
  t6 esc-on: 6.19 s, 0.5626 s/query
  t6 esc-off: 6.18 s, 0.5617 s/query
  t6 up-on: 3.53 s, 0.3205 s/query
  t6 up-off: 3.60 s, 0.3273 s/query
  t6 p9: 3.78 s, 0.3434 s/query
  t7 p9: 3.61 s, 0.3279 s/query
  t7 up-off: 3.77 s, 0.3424 s/query
  t7 up-on: 3.70 s, 0.3360 s/query
  t7 esc-off: 6.23 s, 0.5660 s/query
  t7 esc-on: 5.99 s, 0.5442 s/query
  t8 esc-on: 6.21 s, 0.5648 s/query
  t8 esc-off: 6.32 s, 0.5748 s/query
  t8 up-on: 3.74 s, 0.3400 s/query
  t8 up-off: 3.78 s, 0.3433 s/query
  t8 p9: 3.70 s, 0.3359 s/query
  t9 p9: 3.63 s, 0.3304 s/query
  t9 up-off: 3.80 s, 0.3458 s/query
  t9 up-on: 3.75 s, 0.3410 s/query
  t9 esc-off: 6.19 s, 0.5624 s/query
  t9 esc-on: 6.14 s, 0.5580 s/query
  t10 esc-on: 6.25 s, 0.5685 s/query
  t10 esc-off: 6.23 s, 0.5661 s/query
  t10 up-on: 3.68 s, 0.3344 s/query
  t10 up-off: 3.71 s, 0.3368 s/query
  t10 p9: 3.73 s, 0.3390 s/query
  alloc alloc-off: None allocations, None bytes, output identical: True
  alloc alloc-on: None allocations, None bytes, output identical: True
H-vocab-title-xl: base warm-up 3.015 s, 4 requests per measurement, 162446904 bytes, xxh3 96128cb92da89570c31066b49e572440
  t1 p9: 10.80 s, 2.6989 s/query
  t1 up-off: 11.22 s, 2.8049 s/query
  t1 up-on: 10.42 s, 2.6061 s/query
  t1 esc-off: 19.73 s, 4.9335 s/query
  t1 esc-on: 19.11 s, 4.7763 s/query
  t2 esc-on: 19.53 s, 4.8824 s/query
  t2 esc-off: 19.79 s, 4.9474 s/query
  t2 up-on: 10.71 s, 2.6767 s/query
  t2 up-off: 11.11 s, 2.7782 s/query
  t2 p9: 11.07 s, 2.7671 s/query
  t3 p9: 10.51 s, 2.6275 s/query
  t3 up-off: 10.90 s, 2.7261 s/query
  t3 up-on: 10.79 s, 2.6976 s/query
  t3 esc-off: 19.36 s, 4.8404 s/query
  t3 esc-on: 19.50 s, 4.8738 s/query
  t4 esc-on: 19.44 s, 4.8599 s/query
  t4 esc-off: 19.32 s, 4.8295 s/query
  t4 up-on: 10.72 s, 2.6808 s/query
  t4 up-off: 11.10 s, 2.7751 s/query
  t4 p9: 11.03 s, 2.7587 s/query
  t5 p9: 10.78 s, 2.6945 s/query
  t5 up-off: 11.31 s, 2.8283 s/query
  t5 up-on: 10.59 s, 2.6481 s/query
  t5 esc-off: 20.19 s, 5.0468 s/query
  t5 esc-on: 19.29 s, 4.8217 s/query
  t6 esc-on: 18.84 s, 4.7111 s/query
  t6 esc-off: 19.92 s, 4.9788 s/query
  t6 up-on: 10.77 s, 2.6928 s/query
  t6 up-off: 10.93 s, 2.7332 s/query
  t6 p9: 10.95 s, 2.7374 s/query
  t7 p9: 10.77 s, 2.6925 s/query
  t7 up-off: 10.75 s, 2.6865 s/query
  t7 up-on: 10.38 s, 2.5953 s/query
  t7 esc-off: 19.67 s, 4.9168 s/query
  t7 esc-on: 19.50 s, 4.8753 s/query
  t8 esc-on: 19.24 s, 4.8099 s/query
  t8 esc-off: 19.59 s, 4.8969 s/query
  t8 up-on: 10.82 s, 2.7045 s/query
  t8 up-off: 11.16 s, 2.7902 s/query
  t8 p9: 11.62 s, 2.9043 s/query
  t9 p9: 11.95 s, 2.9880 s/query
  t9 up-off: 11.91 s, 2.9765 s/query
  t9 up-on: 11.76 s, 2.9404 s/query
  t9 esc-off: 21.04 s, 5.2598 s/query
  t9 esc-on: 20.69 s, 5.1723 s/query
  t10 esc-on: 20.63 s, 5.1580 s/query
  t10 esc-off: 21.47 s, 5.3687 s/query
  t10 up-on: 11.68 s, 2.9193 s/query
  t10 up-off: 11.95 s, 2.9878 s/query
  t10 p9: 11.33 s, 2.8329 s/query
  alloc alloc-off: None allocations, None bytes, output identical: True
  alloc alloc-on: None allocations, None bytes, output identical: True
H-size: base warm-up 0.815 s, 13 requests per measurement, 61418523 bytes, xxh3 dde2a34851a6029eead6c3430d7608af
  t1 p9: 8.69 s, 0.6687 s/query
  t1 up-off: 8.65 s, 0.6655 s/query
  t1 up-on: 8.72 s, 0.6707 s/query
  t1 esc-off: 9.40 s, 0.7230 s/query
  t1 esc-on: 8.53 s, 0.6558 s/query
  t2 esc-on: 8.43 s, 0.6485 s/query
  t2 esc-off: 9.38 s, 0.7213 s/query
  t2 up-on: 8.92 s, 0.6859 s/query
  t2 up-off: 8.98 s, 0.6906 s/query
  t2 p9: 8.71 s, 0.6700 s/query
  t3 p9: 8.82 s, 0.6788 s/query
  t3 up-off: 8.88 s, 0.6827 s/query
  t3 up-on: 8.50 s, 0.6541 s/query
  t3 esc-off: 9.00 s, 0.6924 s/query
  t3 esc-on: 8.97 s, 0.6896 s/query
  t4 esc-on: 8.75 s, 0.6732 s/query
  t4 esc-off: 8.95 s, 0.6887 s/query
  t4 up-on: 8.31 s, 0.6393 s/query
  t4 up-off: 8.60 s, 0.6612 s/query
  t4 p9: 8.67 s, 0.6666 s/query
  t5 p9: 8.84 s, 0.6800 s/query
  t5 up-off: 8.72 s, 0.6706 s/query
  t5 up-on: 8.21 s, 0.6312 s/query
  t5 esc-off: 9.05 s, 0.6963 s/query
  t5 esc-on: 8.85 s, 0.6805 s/query
  t6 esc-on: 8.33 s, 0.6409 s/query
  t6 esc-off: 9.08 s, 0.6984 s/query
  t6 up-on: 8.15 s, 0.6273 s/query
  t6 up-off: 9.05 s, 0.6964 s/query
  t6 p9: 8.43 s, 0.6486 s/query
  t7 p9: 8.89 s, 0.6841 s/query
  t7 up-off: 8.83 s, 0.6794 s/query
  t7 up-on: 8.14 s, 0.6262 s/query
  t7 esc-off: 8.82 s, 0.6784 s/query
  t7 esc-on: 8.70 s, 0.6696 s/query
  t8 esc-on: 8.51 s, 0.6545 s/query
  t8 esc-off: 8.84 s, 0.6802 s/query
  t8 up-on: 8.33 s, 0.6409 s/query
  t8 up-off: 8.41 s, 0.6467 s/query
  t8 p9: 8.51 s, 0.6546 s/query
  t9 p9: 8.20 s, 0.6308 s/query
  t9 up-off: 8.64 s, 0.6647 s/query
  t9 up-on: 8.64 s, 0.6645 s/query
  t9 esc-off: 9.24 s, 0.7111 s/query
  t9 esc-on: 8.21 s, 0.6316 s/query
  t10 esc-on: 8.55 s, 0.6574 s/query
  t10 esc-off: 8.79 s, 0.6758 s/query
  t10 up-on: 8.81 s, 0.6774 s/query
  t10 up-off: 8.52 s, 0.6555 s/query
  t10 p9: 8.45 s, 0.6502 s/query
  alloc alloc-off: None allocations, None bytes, output identical: True
  alloc alloc-on: None allocations, None bytes, output identical: True
H-size-1990: base warm-up 7.770 s, 2 requests per measurement, 799869938 bytes, xxh3 23eaa131dfe23c06c50642306e2320d2
  t1 p9: 13.10 s, 6.5483 s/query
  t1 up-off: 13.51 s, 6.7563 s/query
  t1 up-on: 13.67 s, 6.8345 s/query
  t1 esc-off: 14.09 s, 7.0443 s/query
  t1 esc-on: 13.07 s, 6.5335 s/query
  t2 esc-on: 12.84 s, 6.4183 s/query
  t2 esc-off: 14.17 s, 7.0836 s/query
  t2 up-on: 13.01 s, 6.5066 s/query
  t2 up-off: 13.34 s, 6.6688 s/query
  t2 p9: 13.35 s, 6.6730 s/query
  t3 p9: 13.58 s, 6.7887 s/query
  t3 up-off: 13.50 s, 6.7504 s/query
  t3 up-on: 12.91 s, 6.4529 s/query
  t3 esc-off: 14.10 s, 7.0499 s/query
  t3 esc-on: 12.69 s, 6.3475 s/query
  t4 esc-on: 12.76 s, 6.3801 s/query
  t4 esc-off: 14.35 s, 7.1738 s/query
  t4 up-on: 13.66 s, 6.8320 s/query
  t4 up-off: 13.78 s, 6.8921 s/query
  t4 p9: 13.43 s, 6.7144 s/query
  t5 p9: 13.59 s, 6.7930 s/query
  t5 up-off: 13.46 s, 6.7287 s/query
  t5 up-on: 13.01 s, 6.5039 s/query
  t5 esc-off: 14.12 s, 7.0607 s/query
  t5 esc-on: 12.83 s, 6.4168 s/query
  t6 esc-on: 13.16 s, 6.5806 s/query
  t6 esc-off: 14.00 s, 7.0024 s/query
  t6 up-on: 12.98 s, 6.4917 s/query
  t6 up-off: 13.61 s, 6.8056 s/query
  t6 p9: 12.73 s, 6.3632 s/query
  t7 p9: 13.30 s, 6.6479 s/query
  t7 up-off: 13.23 s, 6.6136 s/query
  t7 up-on: 13.03 s, 6.5161 s/query
  t7 esc-off: 14.25 s, 7.1260 s/query
  t7 esc-on: 13.17 s, 6.5851 s/query
  t8 esc-on: 13.45 s, 6.7234 s/query
  t8 esc-off: 14.39 s, 7.1966 s/query
  t8 up-on: 12.95 s, 6.4755 s/query
  t8 up-off: 13.64 s, 6.8213 s/query
  t8 p9: 13.24 s, 6.6202 s/query
  t9 p9: 13.21 s, 6.6026 s/query
  t9 up-off: 13.59 s, 6.7972 s/query
  t9 up-on: 12.55 s, 6.2773 s/query
  t9 esc-off: 14.16 s, 7.0795 s/query
  t9 esc-on: 13.28 s, 6.6390 s/query
  t10 esc-on: 12.80 s, 6.4015 s/query
  t10 esc-off: 13.59 s, 6.7931 s/query
  t10 up-on: 13.00 s, 6.4989 s/query
  t10 up-off: 14.06 s, 7.0280 s/query
  t10 p9: 13.90 s, 6.9518 s/query
  alloc alloc-off: None allocations, None bytes, output identical: True
  alloc alloc-on: None allocations, None bytes, output identical: True
{"query": "H-vocab-title-large", "arm": "p9", "trials": 10, "requests": 11, "median_s_per_query": 0.33189, "min": 0.32545, "max": 0.34343, "delta_vs_base_pct": 0.0, "verdict": "base", "instructions_per_query": 2930138950, "cycles_per_query": 1737575469, "bytes_per_query": 15532320}
{"query": "H-vocab-title-large", "arm": "up-off", "trials": 10, "requests": 11, "median_s_per_query": 0.3423, "min": 0.32725, "max": 0.34577, "delta_vs_base_pct": 3.14, "verdict": "parity", "instructions_per_query": 2954184786, "cycles_per_query": 1732723548, "bytes_per_query": 15532320}
{"query": "H-vocab-title-large", "arm": "up-on", "trials": 10, "requests": 11, "median_s_per_query": 0.32625, "min": 0.3205, "max": 0.34104, "delta_vs_base_pct": -1.7, "verdict": "parity", "instructions_per_query": 2851912916, "cycles_per_query": 1698722693, "bytes_per_query": 15532320}
{"query": "H-vocab-title-large", "arm": "esc-off", "trials": 10, "requests": 11, "median_s_per_query": 0.56727, "min": 0.54441, "max": 0.57991, "delta_vs_base_pct": 70.92, "verdict": "slower", "instructions_per_query": 3856892473, "cycles_per_query": 2677002098, "bytes_per_query": 15532320}
{"query": "H-vocab-title-large", "arm": "esc-on", "trials": 10, "requests": 11, "median_s_per_query": 0.55271, "min": 0.52765, "max": 0.56849, "delta_vs_base_pct": 66.53, "verdict": "slower", "instructions_per_query": 3718031335, "cycles_per_query": 2617939328, "bytes_per_query": 15532320}
{"query": "H-vocab-title-large", "arm": "alloc-off", "alloc_count": null, "alloc_bytes": null, "bytes_per_query": 15532320, "identical_to_base": true}
{"query": "H-vocab-title-large", "arm": "alloc-on", "alloc_count": null, "alloc_bytes": null, "bytes_per_query": 15532320, "identical_to_base": true}
{"query": "H-vocab-title-xl", "arm": "p9", "trials": 10, "requests": 4, "median_s_per_query": 2.748, "min": 2.62746, "max": 2.98801, "delta_vs_base_pct": 0.0, "verdict": "base", "instructions_per_query": 28634172248, "cycles_per_query": 17234553981, "bytes_per_query": 162446904}
{"query": "H-vocab-title-xl", "arm": "up-off", "trials": 10, "requests": 4, "median_s_per_query": 2.78422, "min": 2.68647, "max": 2.98781, "delta_vs_base_pct": 1.32, "verdict": "parity", "instructions_per_query": 28856041111, "cycles_per_query": 17108117610, "bytes_per_query": 162446904}
{"query": "H-vocab-title-xl", "arm": "up-on", "trials": 10, "requests": 4, "median_s_per_query": 2.6868, "min": 2.59533, "max": 2.94041, "delta_vs_base_pct": -2.23, "verdict": "parity", "instructions_per_query": 27756371347, "cycles_per_query": 16740639434, "bytes_per_query": 162446904}
{"query": "H-vocab-title-xl", "arm": "esc-off", "trials": 10, "requests": 4, "median_s_per_query": 4.94045, "min": 4.82951, "max": 5.36875, "delta_vs_base_pct": 79.78, "verdict": "slower", "instructions_per_query": 37872748283, "cycles_per_query": 26438835716, "bytes_per_query": 162446904}
{"query": "H-vocab-title-xl", "arm": "esc-on", "trials": 10, "requests": 4, "median_s_per_query": 4.86684, "min": 4.71113, "max": 5.17231, "delta_vs_base_pct": 77.1, "verdict": "slower", "instructions_per_query": 36433356339, "cycles_per_query": 25915129458, "bytes_per_query": 162446904}
{"query": "H-vocab-title-xl", "arm": "alloc-off", "alloc_count": null, "alloc_bytes": null, "bytes_per_query": 162446904, "identical_to_base": true}
{"query": "H-vocab-title-xl", "arm": "alloc-on", "alloc_count": null, "alloc_bytes": null, "bytes_per_query": 162446904, "identical_to_base": true}
{"query": "H-size", "arm": "p9", "trials": 10, "requests": 13, "median_s_per_query": 0.66766, "min": 0.63084, "max": 0.68412, "delta_vs_base_pct": 0.0, "verdict": "base", "instructions_per_query": 8354109145, "cycles_per_query": 4010444579, "bytes_per_query": 61418523}
{"query": "H-size", "arm": "up-off", "trials": 10, "requests": 13, "median_s_per_query": 0.66803, "min": 0.64674, "max": 0.69637, "delta_vs_base_pct": 0.06, "verdict": "parity", "instructions_per_query": 8462671364, "cycles_per_query": 4050478986, "bytes_per_query": 61418523}
{"query": "H-size", "arm": "up-on", "trials": 10, "requests": 13, "median_s_per_query": 0.64747, "min": 0.62618, "max": 0.68588, "delta_vs_base_pct": -3.02, "verdict": "parity", "instructions_per_query": 8293078888, "cycles_per_query": 3983031752, "bytes_per_query": 61418523}
{"query": "H-size", "arm": "esc-off", "trials": 10, "requests": 13, "median_s_per_query": 0.69432, "min": 0.6758, "max": 0.72302, "delta_vs_base_pct": 3.99, "verdict": "parity", "instructions_per_query": 8602648553, "cycles_per_query": 4142594080, "bytes_per_query": 61418523}
{"query": "H-size", "arm": "esc-on", "trials": 10, "requests": 13, "median_s_per_query": 0.65661, "min": 0.63164, "max": 0.68963, "delta_vs_base_pct": -1.65, "verdict": "parity", "instructions_per_query": 8278143245, "cycles_per_query": 3998548352, "bytes_per_query": 61418523}
{"query": "H-size", "arm": "alloc-off", "alloc_count": null, "alloc_bytes": null, "bytes_per_query": 61418523, "identical_to_base": true}
{"query": "H-size", "arm": "alloc-on", "alloc_count": null, "alloc_bytes": null, "bytes_per_query": 61418523, "identical_to_base": true}
{"query": "H-size-1990", "arm": "p9", "trials": 10, "requests": 2, "median_s_per_query": 6.66047, "min": 6.36317, "max": 6.9518, "delta_vs_base_pct": 0.0, "verdict": "base", "instructions_per_query": 90250111770, "cycles_per_query": 44245666297, "bytes_per_query": 799869938}
{"query": "H-size-1990", "arm": "up-off", "trials": 10, "requests": 2, "median_s_per_query": 6.77675, "min": 6.61365, "max": 7.02798, "delta_vs_base_pct": 1.75, "verdict": "parity", "instructions_per_query": 91662457142, "cycles_per_query": 44700373416, "bytes_per_query": 799869938}
{"query": "H-size-1990", "arm": "up-on", "trials": 10, "requests": 2, "median_s_per_query": 6.5014, "min": 6.27727, "max": 6.83454, "delta_vs_base_pct": -2.39, "verdict": "parity", "instructions_per_query": 89383022645, "cycles_per_query": 43843018940, "bytes_per_query": 799869938}
{"query": "H-size-1990", "arm": "esc-off", "trials": 10, "requests": 2, "median_s_per_query": 7.07011, "min": 6.79311, "max": 7.19661, "delta_vs_base_pct": 6.15, "verdict": "parity", "instructions_per_query": 93399787630, "cycles_per_query": 46010272334, "bytes_per_query": 799869938}
{"query": "H-size-1990", "arm": "esc-on", "trials": 10, "requests": 2, "median_s_per_query": 6.47588, "min": 6.34747, "max": 6.72344, "delta_vs_base_pct": -2.77, "verdict": "parity", "instructions_per_query": 88990797647, "cycles_per_query": 43806286742, "bytes_per_query": 799869938}
{"query": "H-size-1990", "arm": "alloc-off", "alloc_count": null, "alloc_bytes": null, "bytes_per_query": 799869938, "identical_to_base": true}
{"query": "H-size-1990", "arm": "alloc-on", "alloc_count": null, "alloc_bytes": null, "bytes_per_query": 799869938, "identical_to_base": true}
