2026-09-28 20:36:39.611 - INFO: [1mQLever server 0.0.0-unknown, compiled on Mon Sep 28 17:51:24 UTC 2026 using git hash QLever [22m
2026-09-28 20:36:39.616 - INFO: Runtime parameter set from the command line: use-fast-export-stream-formatter=false
2026-09-28 20:36:39.616 - INFO: Cleanup of previous index directories after each rebuild enabled (--rebuild-keep-previous-index-dirs original-and-most-recent)
2026-09-28 20:36:39.617 - INFO: The git hash used to build this index was "65f84b4"
2026-09-28 20:36:39.617 - INFO: Reading vocabulary from file /local/data-ssd/stoetzem/dblp/dblp.vocabulary.words ...
2026-09-28 20:36:39.623 - INFO: Done, number of words: 446,944,668
2026-09-28 20:36:39.623 - INFO: Number of words in internal vocabulary (these are also part of the external vocabulary): 446,955
2026-09-28 20:36:39.627 - INFO: Registered PSO permutation: #relations = 6, #blocks = 8,187, #triples = 255,805,025
2026-09-28 20:36:39.646 - INFO: Registered PSO permutation: #relations = 96, #blocks = 51,023, #triples = 1,593,245,022
2026-09-28 20:36:39.648 - INFO: Registered POS permutation: #relations = 6, #blocks = 8,187, #triples = 255,805,025
2026-09-28 20:36:39.667 - INFO: Registered POS permutation: #relations = 96, #blocks = 51,023, #triples = 1,593,245,022
2026-09-28 20:36:39.683 - INFO: Registered OPS permutation: #relations = 345,357,897, #blocks = 42,492, #triples = 1,593,245,022
2026-09-28 20:36:39.699 - INFO: Registered OSP permutation: #relations = 345,357,897, #blocks = 42,492, #triples = 1,593,245,022
2026-09-28 20:36:39.709 - INFO: Registered SPO permutation: #relations = 255,804,614, #blocks = 33,993, #triples = 1,593,245,022
2026-09-28 20:36:39.717 - INFO: Registered SOP permutation: #relations = 255,804,614, #blocks = 33,993, #triples = 1,593,245,022
2026-09-28 20:36:39.717 - INFO: Reading patterns from file /local/data-ssd/stoetzem/dblp/dblp.index.patterns ...
2026-09-28 20:36:39.717 - INFO: Sorting random result tables to estimate the sorting performance of this machine ...
2026-09-28 20:36:47.671 - INFO: Initializing server ...
2026-09-28 20:36:47.671 - INFO: No access token required for restricted API calls
2026-09-28 20:36:47.671 - INFO: The server is ready, listening for requests on port 7306 ...
2026-09-28 20:41:30.485 - INFO: 
2026-09-28 20:41:30.486 - INFO: Request received via GET, no content type specified
2026-09-28 20:41:30.486 - INFO: Processing command "clear-cache": clear the cache (unpinned elements only)
2026-09-28 20:41:30.504 - INFO: 
2026-09-28 20:41:30.504 - INFO: Request received via POST, content type "application/x-www-form-urlencoded"
2026-09-28 20:41:30.506 - INFO: Processing the following SPARQL query:
# Tier H-vocab — title literals, large
# Goal: external-vocabulary lookup pressure with larger bounded output.
PREFIX dblp: <https://dblp.org/rdf/schema#>

CONSTRUCT { ?paper dblp:title ?title }
WHERE {
  ?paper dblp:title ?title .
}
LIMIT 100000

2026-09-28 20:41:30.506 - INFO: Requested media types of the result are: "text/turtle"
2026-09-28 20:41:30.507 - INFO: Query planning done in 2 ms
2026-09-28 20:41:30.507 - INFO: Result has unknown size (not computed yet)
2026-09-28 20:41:30.800 - INFO: Heap allocations during the export: 849,099 (548,424,408 bytes)
2026-09-28 20:41:30.818 - INFO: Done processing query and sending result, total time was 313 ms
2026-09-28 20:55:05.594 - INFO: 
2026-09-28 20:55:05.594 - INFO: Request received via GET, no content type specified
2026-09-28 20:55:05.594 - INFO: Processing command "clear-cache": clear the cache (unpinned elements only)
2026-09-28 20:55:05.611 - INFO: 
2026-09-28 20:55:05.611 - INFO: Request received via POST, content type "application/x-www-form-urlencoded"
2026-09-28 20:55:05.612 - INFO: Processing the following SPARQL query:
# Tier H-vocab — title literals, 1,000,000 rows (10x H-vocab-title-large)
# Goal: the H-vocab-title-large shape with a response long enough (several
# seconds warm) for a timing verdict on the per-literal formatting cost.
PREFIX dblp: <https://dblp.org/rdf/schema#>

CONSTRUCT { ?paper dblp:title ?title }
WHERE {
  ?paper dblp:title ?title .
}
LIMIT 1000000

2026-09-28 20:55:05.612 - INFO: Requested media types of the result are: "text/turtle"
2026-09-28 20:55:05.612 - INFO: Query planning done in 0 ms
2026-09-28 20:55:05.612 - INFO: Result has unknown size (not computed yet)
2026-09-28 20:55:08.709 - INFO: Heap allocations during the export: 9,154,808 (5,882,256,848 bytes)
2026-09-28 20:55:08.726 - INFO: Done processing query and sending result, total time was 3,114 ms
2026-09-28 21:03:20.416 - INFO: 
2026-09-28 21:03:20.416 - INFO: Request received via GET, no content type specified
2026-09-28 21:03:20.416 - INFO: Processing command "clear-cache": clear the cache (unpinned elements only)
2026-09-28 21:03:20.433 - INFO: 
2026-09-28 21:03:20.433 - INFO: Request received via POST, content type "application/x-www-form-urlencoded"
2026-09-28 21:03:20.435 - INFO: Processing the following SPARQL query:
# Tier H — size-sweep
# Goal: isolate export cost from query-planning cost. Raise the year bound
# across runs, for example 1970, 1990, 2010, and 2023.
PREFIX dblp: <https://dblp.org/rdf/schema#>

CONSTRUCT { ?s ?p ?o }
WHERE {
  ?s a dblp:Publication ;
     dblp:yearOfPublication ?year ;
     ?p ?o .
  FILTER(?year <= "1970"^^<http://www.w3.org/2001/XMLSchema#gYear>)
}

2026-09-28 21:03:20.435 - INFO: Requested media types of the result are: "text/turtle"
2026-09-28 21:03:20.436 - INFO: Query planning done in 2 ms
2026-09-28 21:03:20.457 - INFO: Result has unknown size (not computed yet)
2026-09-28 21:03:21.036 - INFO: Heap allocations during the export: 2,371,425 (946,670,544 bytes)
2026-09-28 21:03:21.044 - INFO: Done processing query and sending result, total time was 610 ms
2026-09-28 21:16:14.746 - INFO: 
2026-09-28 21:16:14.746 - INFO: Request received via GET, no content type specified
2026-09-28 21:16:14.746 - INFO: Processing command "clear-cache": clear the cache (unpinned elements only)
2026-09-28 21:16:14.765 - INFO: 
2026-09-28 21:16:14.765 - INFO: Request received via POST, content type "application/x-www-form-urlencoded"
2026-09-28 21:16:14.765 - INFO: Processing the following SPARQL query:
# Tier H — size-sweep, year <= 1990
# Goal: isolate export cost from query-planning cost. Raise the year bound
# across runs, for example 1970, 1990, 2010, and 2023.
PREFIX dblp: <https://dblp.org/rdf/schema#>

CONSTRUCT { ?s ?p ?o }
WHERE {
  ?s a dblp:Publication ;
     dblp:yearOfPublication ?year ;
     ?p ?o .
  FILTER(?year <= "1990"^^<http://www.w3.org/2001/XMLSchema#gYear>)
}

2026-09-28 21:16:14.765 - INFO: Requested media types of the result are: "text/turtle"
2026-09-28 21:16:14.766 - INFO: Query planning done in 1 ms
2026-09-28 21:16:14.875 - INFO: Result has unknown size (not computed yet)
2026-09-28 21:16:21.946 - INFO: Heap allocations during the export: 31,270,082 (11,354,966,183 bytes)
2026-09-28 21:16:21.953 - INFO: Done processing query and sending result, total time was 7,188 ms
