2026-08-11 13:30:51.601 - INFO: [1mQLever server v0.5.50-58-gbdd1a6b9, compiled on Fri Jul 31 12:36:09 CEST 2026 using git hash bdd1a6b[22m
2026-08-11 13:30:51.602 - INFO: The git hash used to build this index was "bdd1a6b"
2026-08-11 13:30:51.602 - INFO: Reading vocabulary from file /home/userNoPriv/code/qlever/qlever-indices/dblp/dblp.vocabulary.words ...
2026-08-11 13:30:51.622 - INFO: Done, number of words: 409,446,926
2026-08-11 13:30:51.622 - INFO: Number of words in internal vocabulary (these are also part of the external vocabulary): 409,457
2026-08-11 13:30:51.633 - INFO: Registered PSO permutation: #relations = 6, #blocks = 7,515, #triples = 234,800,838
2026-08-11 13:30:51.661 - INFO: Registered PSO permutation: #relations = 96, #blocks = 46,913, #triples = 1,464,719,701
2026-08-11 13:30:51.666 - INFO: Registered POS permutation: #relations = 6, #blocks = 7,515, #triples = 234,800,838
2026-08-11 13:30:51.695 - INFO: Registered POS permutation: #relations = 96, #blocks = 46,913, #triples = 1,464,719,701
2026-08-11 13:30:51.730 - INFO: Registered OPS permutation: #relations = 318,850,904, #blocks = 39,014, #triples = 1,464,719,701
2026-08-11 13:30:51.755 - INFO: Registered OSP permutation: #relations = 318,850,904, #blocks = 39,014, #triples = 1,464,719,701
2026-08-11 13:30:51.779 - INFO: Registered SPO permutation: #relations = 234,800,427, #blocks = 31,251, #triples = 1,464,719,701
2026-08-11 13:30:51.793 - INFO: Registered SOP permutation: #relations = 234,800,427, #blocks = 31,251, #triples = 1,464,719,701
2026-08-11 13:30:51.793 - INFO: Reading patterns from file /home/userNoPriv/code/qlever/qlever-indices/dblp/dblp.index.patterns ...
2026-08-11 13:30:51.794 - INFO: Sorting random result tables to estimate the sorting performance of this machine ...
2026-08-11 13:31:01.055 - INFO: Initializing server ...
2026-08-11 13:31:01.055 - INFO: No access token required for restricted API calls
2026-08-11 13:31:01.055 - INFO: The server is ready, listening for requests on port 7088 ...
2026-08-11 13:31:01.141 - INFO: 
2026-08-11 13:31:01.141 - INFO: Request received via POST, content type "application/x-www-form-urlencoded"
2026-08-11 13:31:01.144 - INFO: Processing the following SPARQL query:
# Tier H — dedup-heavy
# Goal: exercise CONSTRUCT result deduplication. A paper with multiple
# signatures produces repeated (?paper ?p ?o) rows through this join.
PREFIX dblp: <https://dblp.org/rdf/schema#>

CONSTRUCT { ?paper ?p ?o }
WHERE {
  ?paper a dblp:Publication ;
         dblp:publishedInStream <https://dblp.org/streams/conf/stoc> ;
         dblp:hasSignature ?sig .
  ?sig dblp:signatureCreator ?creator .
  ?paper ?p ?o .
}

2026-08-11 13:31:01.144 - INFO: Requested media types of the result are: "text/turtle"
2026-08-11 13:31:01.149 - INFO: Query planning done in 7 ms
2026-08-11 13:31:01.171 - INFO: Result has unknown size (not computed yet)
2026-08-11 13:31:01.171 - INFO: Result has unknown size (not computed yet)
2026-08-11 13:31:04.225 - INFO: Export finished in 2,671 ms
2026-08-11 13:31:04.225 - INFO: Done processing query and sending result, total time was 3,084 ms
2026-08-11 13:31:04.232 - INFO: 
2026-08-11 13:31:04.233 - INFO: Request received via GET, no content type specified
2026-08-11 13:31:04.233 - INFO: Processing command "cache-stats": get cache statistics
2026-08-11 13:31:04.577 - INFO: 
2026-08-11 13:31:04.577 - INFO: Request received via POST, content type "application/x-www-form-urlencoded"
2026-08-11 13:31:04.577 - INFO: Processing the following SPARQL query:
# Tier H — dedup-heavy
# Goal: exercise CONSTRUCT result deduplication. A paper with multiple
# signatures produces repeated (?paper ?p ?o) rows through this join.
PREFIX dblp: <https://dblp.org/rdf/schema#>

CONSTRUCT { ?paper ?p ?o }
WHERE {
  ?paper a dblp:Publication ;
         dblp:publishedInStream <https://dblp.org/streams/conf/stoc> ;
         dblp:hasSignature ?sig .
  ?sig dblp:signatureCreator ?creator .
  ?paper ?p ?o .
}

2026-08-11 13:31:04.578 - INFO: Requested media types of the result are: "text/turtle"
2026-08-11 13:31:04.579 - INFO: Query planning done in 2 ms
2026-08-11 13:31:04.591 - INFO: Result has unknown size (not computed yet)
2026-08-11 13:31:04.591 - INFO: Result has unknown size (not computed yet)
2026-08-11 13:31:04.871 - INFO: Export finished in 260 ms
2026-08-11 13:31:04.871 - INFO: Done processing query and sending result, total time was 293 ms
2026-08-11 13:31:04.881 - INFO: 
2026-08-11 13:31:04.881 - INFO: Request received via GET, no content type specified
2026-08-11 13:31:04.881 - INFO: Processing command "cache-stats": get cache statistics
