[2026-09-20T18:49:58Z] binary gates ok (both arms link liburing)
[2026-09-20T18:49:58Z] preflight ok
base_commit=7bd97790e9ee6d5b2f6305fd8fd1c8000b63710b
baseline_binary=/local/data-ssd/stoetzem/wt/feat/iouring-compressed-routing/build/qlever-server
baseline_version=/local/data-ssd/stoetzem/wt/feat/iouring-compressed-routing/build/qlever-server v0.6.0-117-g54134bb35
variant_branch=sqpoll-routed-active
variant_binary=/local/data-ssd/stoetzem/wt/feat/iouring-sqpoll-routed/build/qlever-server
variant_version=/local/data-ssd/stoetzem/wt/feat/iouring-sqpoll-routed/build/qlever-server v0.6.0-123-g43365528f
index=/local/data-ssd/stoetzem/wikidata/index-for-upgrade-new-format/wikidata
uname=7.0.0-28-generic
date=2026-09-20T18:49:58Z
[2026-09-20T18:50:00Z] === arm baseline (/local/data-ssd/stoetzem/wt/feat/iouring-compressed-routing/build/qlever-server)
[2026-09-20T18:50:23Z] server ready pid 3422002 (baseline)
[2026-09-20T18:50:23Z] warmup baseline large-de (discarded)

/local/data-ssd/stoetzem/thesis/experiments/runs/wikidata-sqpoll-active-ab/baseline-large-de-warm code=200 wall=17.438856s sha=dcd2b1bc77fce98409640e9a234aa92688de7ba54eeff9c0556752e814f8c5e1 wall_s=17.0 usr=3.3 sys=3.5 iowait=0.0 idle=93.2 proc_cpu_s=17.8 proc_cpu_pct=104.8
peak_read_MBps=0 high_share=1.00 high_proc_cores=1.05
Caches dropped successfully (synced, then wrote 1
 to /proc/sys/vm/drop_caches).
/local/data-ssd/stoetzem/thesis/experiments/runs/wikidata-sqpoll-active-ab/baseline-large-de-cold1 code=200 wall=24.992421s sha=dcd2b1bc77fce98409640e9a234aa92688de7ba54eeff9c0556752e814f8c5e1 wall_s=24.5 usr=2.3 sys=4.2 iowait=0.1 idle=93.4 proc_cpu_s=25.1 proc_cpu_pct=102.3
peak_read_MBps=825 high_share=0.39 high_proc_cores=1.02
Caches dropped successfully (synced, then wrote 1
 to /proc/sys/vm/drop_caches).
/local/data-ssd/stoetzem/thesis/experiments/runs/wikidata-sqpoll-active-ab/baseline-large-de-cold2 code=200 wall=25.320062s sha=dcd2b1bc77fce98409640e9a234aa92688de7ba54eeff9c0556752e814f8c5e1 wall_s=25.0 usr=2.3 sys=4.2 iowait=0.1 idle=93.4 proc_cpu_s=25.6 proc_cpu_pct=102.2
peak_read_MBps=836 high_share=0.38 high_proc_cores=1.02
[2026-09-20T18:52:13Z] warmup baseline scatter200k-de (discarded)

/local/data-ssd/stoetzem/thesis/experiments/runs/wikidata-sqpoll-active-ab/baseline-scatter200k-de-warm code=200 wall=5.081943s sha=497dacfdffcc71ac2acc3f748140e9d6b27586f7d7b743ccdb98289101fb4ad9 wall_s=5.0 usr=3.6 sys=1.8 iowait=0.0 idle=94.6 proc_cpu_s=4.2 proc_cpu_pct=84.9
peak_read_MBps=0 high_share=1.00 high_proc_cores=0.85
Caches dropped successfully (synced, then wrote 1
 to /proc/sys/vm/drop_caches).
/local/data-ssd/stoetzem/thesis/experiments/runs/wikidata-sqpoll-active-ab/baseline-scatter200k-de-cold1 code=200 wall=11.064253s sha=497dacfdffcc71ac2acc3f748140e9d6b27586f7d7b743ccdb98289101fb4ad9 wall_s=11.0 usr=1.7 sys=2.4 iowait=1.6 idle=94.3 proc_cpu_s=7.2 proc_cpu_pct=65.8
peak_read_MBps=612 high_share=0.50 high_proc_cores=0.88
Caches dropped successfully (synced, then wrote 1
 to /proc/sys/vm/drop_caches).
/local/data-ssd/stoetzem/thesis/experiments/runs/wikidata-sqpoll-active-ab/baseline-scatter200k-de-cold2 code=200 wall=11.114546s sha=497dacfdffcc71ac2acc3f748140e9d6b27586f7d7b743ccdb98289101fb4ad9 wall_s=11.0 usr=1.8 sys=2.4 iowait=1.6 idle=94.2 proc_cpu_s=7.2 proc_cpu_pct=65.9
peak_read_MBps=589 high_share=0.45 high_proc_cores=0.85
[2026-09-20T18:53:07Z] server stopped (baseline)
[2026-09-20T18:53:17Z] === arm initial-ring (/local/data-ssd/stoetzem/wt/feat/iouring-sqpoll-routed/build/qlever-server) extra: --set-runtime-parameter=iouring-sqpoll=true
[2026-09-20T18:53:40Z] server ready pid 3422601 (initial-ring)
[2026-09-20T18:53:40Z] warmup initial-ring large-de (discarded)

[2026-09-20T18:53:41Z] WARN /local/data-ssd/stoetzem/thesis/experiments/runs/wikidata-sqpoll-active-ab/initial-ring-large-de-warm rep: 500 0.030032 4046
no samples in window
[2026-09-20T18:53:43Z] FATAL: no cpu samples in window for /local/data-ssd/stoetzem/thesis/experiments/runs/wikidata-sqpoll-active-ab/initial-ring-large-de-warm
[2026-09-20T18:54:48Z] binary gates ok (both arms link liburing)
[2026-09-20T18:54:48Z] preflight ok
base_commit=7bd97790e9ee6d5b2f6305fd8fd1c8000b63710b
baseline_binary=/local/data-ssd/stoetzem/wt/feat/iouring-compressed-routing/build/qlever-server
baseline_version=/local/data-ssd/stoetzem/wt/feat/iouring-compressed-routing/build/qlever-server v0.6.0-117-g54134bb35
variant_branch=sqpoll-routed-active
variant_binary=/local/data-ssd/stoetzem/wt/feat/iouring-sqpoll-routed/build/qlever-server
variant_version=/local/data-ssd/stoetzem/wt/feat/iouring-sqpoll-routed/build/qlever-server v0.6.0-123-g43365528f
index=/local/data-ssd/stoetzem/wikidata/index-for-upgrade-new-format/wikidata
uname=7.0.0-28-generic
date=2026-09-20T18:54:48Z
[2026-09-20T18:54:50Z] === arm baseline (/local/data-ssd/stoetzem/wt/feat/iouring-compressed-routing/build/qlever-server)
[2026-09-20T18:55:11Z] server ready pid 3423010 (baseline)
[2026-09-20T18:55:11Z] warmup baseline large-de (discarded)

/local/data-ssd/stoetzem/thesis/experiments/runs/wikidata-sqpoll-active-ab/baseline-large-de-warm code=200 wall=17.415675s sha=dcd2b1bc77fce98409640e9a234aa92688de7ba54eeff9c0556752e814f8c5e1 wall_s=17.0 usr=3.3 sys=3.5 iowait=0.1 idle=93.2 proc_cpu_s=17.8 proc_cpu_pct=104.6
peak_read_MBps=0 high_share=1.00 high_proc_cores=1.05
Caches dropped successfully (synced, then wrote 1
 to /proc/sys/vm/drop_caches).
/local/data-ssd/stoetzem/thesis/experiments/runs/wikidata-sqpoll-active-ab/baseline-large-de-cold1 code=200 wall=25.561528s sha=dcd2b1bc77fce98409640e9a234aa92688de7ba54eeff9c0556752e814f8c5e1 wall_s=25.5 usr=2.3 sys=4.2 iowait=0.1 idle=93.4 proc_cpu_s=26.1 proc_cpu_pct=102.2
peak_read_MBps=810 high_share=0.39 high_proc_cores=1.02
Caches dropped successfully (synced, then wrote 1
 to /proc/sys/vm/drop_caches).
/local/data-ssd/stoetzem/thesis/experiments/runs/wikidata-sqpoll-active-ab/baseline-large-de-cold2 code=200 wall=24.969800s sha=dcd2b1bc77fce98409640e9a234aa92688de7ba54eeff9c0556752e814f8c5e1 wall_s=24.5 usr=2.5 sys=4.3 iowait=0.1 idle=93.1 proc_cpu_s=25.1 proc_cpu_pct=102.4
peak_read_MBps=854 high_share=0.37 high_proc_cores=1.02
[2026-09-20T18:57:00Z] warmup baseline scatter200k-de (discarded)

/local/data-ssd/stoetzem/thesis/experiments/runs/wikidata-sqpoll-active-ab/baseline-scatter200k-de-warm code=200 wall=5.105898s sha=497dacfdffcc71ac2acc3f748140e9d6b27586f7d7b743ccdb98289101fb4ad9 wall_s=5.0 usr=3.5 sys=1.8 iowait=0.0 idle=94.6 proc_cpu_s=4.2 proc_cpu_pct=84.7
peak_read_MBps=0 high_share=1.00 high_proc_cores=0.85
Caches dropped successfully (synced, then wrote 1
 to /proc/sys/vm/drop_caches).
/local/data-ssd/stoetzem/thesis/experiments/runs/wikidata-sqpoll-active-ab/baseline-scatter200k-de-cold1 code=200 wall=11.109724s sha=497dacfdffcc71ac2acc3f748140e9d6b27586f7d7b743ccdb98289101fb4ad9 wall_s=11.0 usr=1.7 sys=2.4 iowait=1.6 idle=94.3 proc_cpu_s=7.2 proc_cpu_pct=65.6
peak_read_MBps=601 high_share=0.50 high_proc_cores=0.88
Caches dropped successfully (synced, then wrote 1
 to /proc/sys/vm/drop_caches).
/local/data-ssd/stoetzem/thesis/experiments/runs/wikidata-sqpoll-active-ab/baseline-scatter200k-de-cold2 code=200 wall=11.340889s sha=497dacfdffcc71ac2acc3f748140e9d6b27586f7d7b743ccdb98289101fb4ad9 wall_s=11.0 usr=1.8 sys=2.3 iowait=1.6 idle=94.2 proc_cpu_s=7.3 proc_cpu_pct=66.0
peak_read_MBps=553 high_share=0.59 high_proc_cores=0.82
[2026-09-20T18:57:54Z] server stopped (baseline)
[2026-09-20T18:58:04Z] === arm initial-ring (/local/data-ssd/stoetzem/wt/feat/iouring-sqpoll-routed/build/qlever-server) extra: --set-runtime-parameter=iouring-sqpoll=true
[2026-09-20T18:58:28Z] server ready pid 3423804 (initial-ring)
[2026-09-20T18:58:28Z] warmup initial-ring large-de (discarded)

[2026-09-20T18:58:29Z] WARN /local/data-ssd/stoetzem/thesis/experiments/runs/wikidata-sqpoll-active-ab/initial-ring-large-de-warm rep: 500 0.027137 4046
no samples in window
[2026-09-20T18:58:31Z] FATAL: no cpu samples in window for /local/data-ssd/stoetzem/thesis/experiments/runs/wikidata-sqpoll-active-ab/initial-ring-large-de-warm
[2026-09-20T20:31:38Z] binary gates ok (both arms link liburing)
[2026-09-20T20:31:38Z] preflight ok
base_commit=7bd97790e9ee6d5b2f6305fd8fd1c8000b63710b
baseline_binary=/local/data-ssd/stoetzem/wt/feat/iouring-compressed-routing/build/qlever-server
baseline_version=/local/data-ssd/stoetzem/wt/feat/iouring-compressed-routing/build/qlever-server v0.6.0-117-g54134bb35
variant_branch=sqpoll-routed-active
variant_binary=/local/data-ssd/stoetzem/wt/feat/iouring-sqpoll-routed/build/qlever-server
variant_version=/local/data-ssd/stoetzem/wt/feat/iouring-sqpoll-routed/build/qlever-server v0.6.0-128-g7cf99427a
index=/local/data-ssd/stoetzem/wikidata/index-for-upgrade-new-format/wikidata
uname=7.0.0-28-generic
date=2026-09-20T20:31:38Z
[2026-09-20T20:31:40Z] === arm baseline (/local/data-ssd/stoetzem/wt/feat/iouring-compressed-routing/build/qlever-server)
[2026-09-20T20:32:01Z] server ready pid 213753 (baseline)
[2026-09-20T20:32:01Z] warmup baseline large-de (discarded)

/local/data-ssd/stoetzem/thesis/experiments/runs/wikidata-sqpoll-active-ab/baseline-large-de-warm code=200 wall=17.828500s sha=dcd2b1bc77fce98409640e9a234aa92688de7ba54eeff9c0556752e814f8c5e1 wall_s=17.5 usr=3.2 sys=3.5 iowait=0.0 idle=93.2 proc_cpu_s=18.3 proc_cpu_pct=104.6
peak_read_MBps=0 high_share=1.00 high_proc_cores=1.05
Caches dropped successfully (synced, then wrote 1
 to /proc/sys/vm/drop_caches).
/local/data-ssd/stoetzem/thesis/experiments/runs/wikidata-sqpoll-active-ab/baseline-large-de-cold1 code=200 wall=25.280833s sha=dcd2b1bc77fce98409640e9a234aa92688de7ba54eeff9c0556752e814f8c5e1 wall_s=25.0 usr=2.3 sys=4.2 iowait=0.1 idle=93.3 proc_cpu_s=25.5 proc_cpu_pct=102.0
peak_read_MBps=861 high_share=0.36 high_proc_cores=1.01
Caches dropped successfully (synced, then wrote 1
 to /proc/sys/vm/drop_caches).
/local/data-ssd/stoetzem/thesis/experiments/runs/wikidata-sqpoll-active-ab/baseline-large-de-cold2 code=200 wall=25.554938s sha=dcd2b1bc77fce98409640e9a234aa92688de7ba54eeff9c0556752e814f8c5e1 wall_s=25.5 usr=2.3 sys=4.2 iowait=0.1 idle=93.4 proc_cpu_s=26.0 proc_cpu_pct=102.1
peak_read_MBps=848 high_share=0.37 high_proc_cores=1.01
[2026-09-20T20:33:53Z] warmup baseline scatter200k-de (discarded)

/local/data-ssd/stoetzem/thesis/experiments/runs/wikidata-sqpoll-active-ab/baseline-scatter200k-de-warm code=200 wall=5.133605s sha=497dacfdffcc71ac2acc3f748140e9d6b27586f7d7b743ccdb98289101fb4ad9 wall_s=5.0 usr=3.5 sys=1.8 iowait=0.1 idle=94.6 proc_cpu_s=4.2 proc_cpu_pct=84.7
peak_read_MBps=0 high_share=1.00 high_proc_cores=0.85
Caches dropped successfully (synced, then wrote 1
 to /proc/sys/vm/drop_caches).
/local/data-ssd/stoetzem/thesis/experiments/runs/wikidata-sqpoll-active-ab/baseline-scatter200k-de-cold1 code=200 wall=11.012779s sha=497dacfdffcc71ac2acc3f748140e9d6b27586f7d7b743ccdb98289101fb4ad9 wall_s=11.0 usr=1.7 sys=2.4 iowait=1.7 idle=94.2 proc_cpu_s=7.2 proc_cpu_pct=65.8
peak_read_MBps=616 high_share=0.50 high_proc_cores=0.89
Caches dropped successfully (synced, then wrote 1
 to /proc/sys/vm/drop_caches).
/local/data-ssd/stoetzem/thesis/experiments/runs/wikidata-sqpoll-active-ab/baseline-scatter200k-de-cold2 code=200 wall=11.080360s sha=497dacfdffcc71ac2acc3f748140e9d6b27586f7d7b743ccdb98289101fb4ad9 wall_s=11.0 usr=1.7 sys=2.4 iowait=1.6 idle=94.3 proc_cpu_s=7.2 proc_cpu_pct=65.7
peak_read_MBps=607 high_share=0.50 high_proc_cores=0.89
[2026-09-20T20:34:47Z] server stopped (baseline)
[2026-09-20T20:34:57Z] === arm initial-ring (/local/data-ssd/stoetzem/wt/feat/iouring-sqpoll-routed/build/qlever-server) extra: --set-runtime-parameter=iouring-sqpoll=true
[2026-09-20T20:35:20Z] server ready pid 214123 (initial-ring)
[2026-09-20T20:35:20Z] warmup initial-ring large-de (discarded)

/local/data-ssd/stoetzem/thesis/experiments/runs/wikidata-sqpoll-active-ab/initial-ring-large-de-warm code=200 wall=22.673158s sha=54742e3efd7f8d1c62042ea417a9ececa51be2cfb195a75f6edd0b663451747c wall_s=22.5 usr=0.3 sys=6.3 iowait=0.0 idle=93.4 proc_cpu_s=23.7 proc_cpu_pct=105.3
peak_read_MBps=160 high_share=0.96 high_proc_cores=1.05
Caches dropped successfully (synced, then wrote 1
 to /proc/sys/vm/drop_caches).
/local/data-ssd/stoetzem/thesis/experiments/runs/wikidata-sqpoll-active-ab/initial-ring-large-de-cold1 code=200 wall=1800.002557s sha=871b137b3d7a7c2bb901516338c899dfa8ed717e2c9f2f77e6e0c1492c7f2e00 wall_s=1799.6 usr=0.0 sys=0.2 iowait=0.0 idle=99.8 proc_cpu_s=47.5 proc_cpu_pct=2.6
peak_read_MBps=159 high_share=0.02 high_proc_cores=1.04
Caches dropped successfully (synced, then wrote 1
 to /proc/sys/vm/drop_caches).
/local/data-ssd/stoetzem/thesis/experiments/runs/wikidata-sqpoll-active-ab/initial-ring-large-de-cold2 code=200 wall=4.161430s sha=23c11142e7538c728d27509817316b8e8d248c07dc7777008dc391c857e1cd3d wall_s=4.0 usr=0.2 sys=6.3 iowait=0.0 idle=93.5 proc_cpu_s=4.1 proc_cpu_pct=103.2
peak_read_MBps=139 high_share=1.00 high_proc_cores=1.03
[2026-09-20T21:06:06Z] warmup initial-ring scatter200k-de (discarded)

/local/data-ssd/stoetzem/thesis/experiments/runs/wikidata-sqpoll-active-ab/initial-ring-scatter200k-de-warm code=200 wall=6.249235s sha=497dacfdffcc71ac2acc3f748140e9d6b27586f7d7b743ccdb98289101fb4ad9 wall_s=6.0 usr=3.1 sys=4.1 iowait=0.0 idle=92.7 proc_cpu_s=6.9 proc_cpu_pct=114.4
peak_read_MBps=0 high_share=1.00 high_proc_cores=1.14
Caches dropped successfully (synced, then wrote 1
 to /proc/sys/vm/drop_caches).
/local/data-ssd/stoetzem/thesis/experiments/runs/wikidata-sqpoll-active-ab/initial-ring-scatter200k-de-cold1 code=200 wall=21.773315s sha=497dacfdffcc71ac2acc3f748140e9d6b27586f7d7b743ccdb98289101fb4ad9 wall_s=21.5 usr=0.9 sys=4.4 iowait=0.8 idle=93.8 proc_cpu_s=18.5 proc_cpu_pct=86.0
peak_read_MBps=552 high_share=0.14 high_proc_cores=0.62
Caches dropped successfully (synced, then wrote 1
 to /proc/sys/vm/drop_caches).
/local/data-ssd/stoetzem/thesis/experiments/runs/wikidata-sqpoll-active-ab/initial-ring-scatter200k-de-cold2 code=200 wall=21.693375s sha=497dacfdffcc71ac2acc3f748140e9d6b27586f7d7b743ccdb98289101fb4ad9 wall_s=21.5 usr=0.9 sys=4.5 iowait=0.8 idle=93.8 proc_cpu_s=18.4 proc_cpu_pct=85.7
peak_read_MBps=554 high_share=0.14 high_proc_cores=0.64
[2026-09-20T21:07:33Z] server stopped (initial-ring)
[2026-09-20T21:07:33Z] WARN body hash differs for large-de-cold1: sha256=dcd2b1bc77fce98409640e9a234aa92688de7ba54eeff9c0556752e814f8c5e1
sha256=dcd2b1bc77fce98409640e9a234aa92688de7ba54eeff9c0556752e814f8c5e1
sha256=dcd2b1bc77fce98409640e9a234aa92688de7ba54eeff9c0556752e814f8c5e1 vs sha256=871b137b3d7a7c2bb901516338c899dfa8ed717e2c9f2f77e6e0c1492c7f2e00
[2026-09-20T21:07:33Z] WARN body hash differs for large-de-cold2: sha256=dcd2b1bc77fce98409640e9a234aa92688de7ba54eeff9c0556752e814f8c5e1
sha256=dcd2b1bc77fce98409640e9a234aa92688de7ba54eeff9c0556752e814f8c5e1
sha256=dcd2b1bc77fce98409640e9a234aa92688de7ba54eeff9c0556752e814f8c5e1 vs sha256=23c11142e7538c728d27509817316b8e8d248c07dc7777008dc391c857e1cd3d
[2026-09-20T21:07:33Z] WARN body hash differs for scatter200k-de-cold1: sha256=497dacfdffcc71ac2acc3f748140e9d6b27586f7d7b743ccdb98289101fb4ad9
sha256=497dacfdffcc71ac2acc3f748140e9d6b27586f7d7b743ccdb98289101fb4ad9
sha256=497dacfdffcc71ac2acc3f748140e9d6b27586f7d7b743ccdb98289101fb4ad9 vs sha256=497dacfdffcc71ac2acc3f748140e9d6b27586f7d7b743ccdb98289101fb4ad9
[2026-09-20T21:07:33Z] WARN body hash differs for scatter200k-de-cold2: sha256=497dacfdffcc71ac2acc3f748140e9d6b27586f7d7b743ccdb98289101fb4ad9
sha256=497dacfdffcc71ac2acc3f748140e9d6b27586f7d7b743ccdb98289101fb4ad9
sha256=497dacfdffcc71ac2acc3f748140e9d6b27586f7d7b743ccdb98289101fb4ad9 vs sha256=497dacfdffcc71ac2acc3f748140e9d6b27586f7d7b743ccdb98289101fb4ad9
[2026-09-20T21:07:33Z] A/B complete
