2026-09-20 23:52:16.585 - INFO: [1mQLever server v0.6.0-129-gcc308dd1b, compiled on Sun Sep 20 11:28:37 PM CEST 2026 using git hash cc308dd[22m
2026-09-20 23:52:16.585 - INFO: Runtime parameter set from the command line: iouring-sqpoll=false
2026-09-20 23:52:16.585 - INFO: Cleanup of previous index directories after each rebuild enabled (--rebuild-keep-previous-index-dirs original-and-most-recent)
2026-09-20 23:52:16.595 - INFO: The git hash used to build this index was "65f84b4"
2026-09-20 23:52:16.595 - INFO: Reading vocabulary from file /local/data-ssd/stoetzem/wikidata/wikidata.vocabulary.words ...
2026-09-20 23:52:29.524 - INFO: Done, number of words: 1,580,300,680
2026-09-20 23:52:29.524 - INFO: Number of words in internal vocabulary (these are also part of the external vocabulary): 777,658,536
2026-09-20 23:52:29.604 - INFO: Registered PSO permutation: #relations = 10,100, #blocks = 225,155, #triples = 6,983,973,847
2026-09-20 23:52:29.697 - INFO: Registered PSO permutation: #relations = 13,566, #blocks = 264,339, #triples = 8,220,417,022
2026-09-20 23:52:29.767 - INFO: Registered POS permutation: #relations = 10,100, #blocks = 225,155, #triples = 6,983,973,847
2026-09-20 23:52:29.860 - INFO: Registered POS permutation: #relations = 13,566, #blocks = 264,339, #triples = 8,220,417,022
2026-09-20 23:52:29.939 - INFO: Registered OPS permutation: #relations = 1,683,253,489, #blocks = 222,728, #triples = 8,220,417,022
2026-09-20 23:52:30.018 - INFO: Registered OSP permutation: #relations = 1,683,253,489, #blocks = 222,728, #triples = 8,220,417,022
2026-09-20 23:52:30.073 - INFO: Registered SPO permutation: #relations = 252,534,289, #blocks = 175,741, #triples = 8,220,417,022
2026-09-20 23:52:30.126 - INFO: Registered SOP permutation: #relations = 252,534,289, #blocks = 175,741, #triples = 8,220,417,022
2026-09-20 23:52:30.126 - INFO: Reading patterns from file /local/data-ssd/stoetzem/wikidata/wikidata.index.patterns ...
2026-09-20 23:52:31.483 - INFO: Sorting random result tables to estimate the sorting performance of this machine ...
2026-09-20 23:52:39.310 - INFO: Initializing server ...
2026-09-20 23:52:39.310 - INFO: No access token required for restricted API calls
2026-09-20 23:52:39.310 - INFO: The server is ready, listening for requests on port 7015 ...
2026-09-20 23:52:39.421 - INFO: 
2026-09-20 23:52:39.421 - INFO: Request received via POST, content type "application/x-www-form-urlencoded"
2026-09-20 23:52:39.423 - INFO: Processing the following SPARQL query:
# Tier D3 — DISCOVER (mid-scale stream)
# Physical: P+O bound scan of wdt:P31 wd:Q11424 (films), then S bound
# SPO of all outgoing ?p ?o. LIMIT 100000.
# CONSTRUCT emits s, p, and o.
# Targets: mid-scale SPO dump plus high-cardinality vocab export.
# This is the 39423 → 2664 syscr query.
PREFIX wd: <http://www.wikidata.org/entity/>
PREFIX wdt: <http://www.wikidata.org/prop/direct/>

CONSTRUCT { ?entity ?p ?o }
WHERE {
  ?entity wdt:P31 wd:Q11424 ;
          ?p ?o .
}
LIMIT 100000

2026-09-20 23:52:39.423 - INFO: Requested media types of the result are: "text/turtle"
2026-09-20 23:52:39.424 - INFO: Query planning done in 3 ms
2026-09-20 23:52:39.431 - INFO: Result has unknown size (not computed yet)
2026-09-20 23:52:39.981 - INFO: Done processing query and sending result, total time was 560 ms
2026-09-20 23:52:40.004 - INFO: 
2026-09-20 23:52:40.004 - INFO: Request received via GET, no content type specified
2026-09-20 23:52:40.004 - INFO: Processing command "cache-stats": get cache statistics
