2026-07-30 22:12:07.777 - INFO: [1mQLever server v0.5.50-58-gbdd1a6b9, compiled on Thu Jul 30 22:03:57 CEST 2026 using git hash bdd1a6b[22m
2026-07-30 22:12:07.783 - INFO: The git hash used to build this index was "8c99fe"
2026-07-30 22:12:07.783 - INFO: Reading vocabulary from file /home/userNoPriv/code/qlever/qlever-indices/dblp/dblp.vocabulary.words ...
2026-07-30 22:12:07.801 - WARN: io_uring is compiled in but unavailable at runtime (io_uring_queue_init failed in IoUringManager. In file "/home/userNoPriv/code/qlever/qlever-code/src/util/IoUringManager.cpp" at line 69); falling back to synchronous pread for vocabulary lookups
2026-07-30 22:12:07.801 - INFO: Done, number of words: 409,446,926
2026-07-30 22:12:07.801 - INFO: Number of words in internal vocabulary (these are also part of the external vocabulary): 409,457
2026-07-30 22:12:07.821 - INFO: Registered PSO permutation: #relations = 6, #blocks = 7,515, #triples = 234,800,838
2026-07-30 22:12:07.846 - INFO: Registered PSO permutation: #relations = 96, #blocks = 46,913, #triples = 1,464,719,701
2026-07-30 22:12:07.850 - INFO: Registered POS permutation: #relations = 6, #blocks = 7,515, #triples = 234,800,838
2026-07-30 22:12:07.876 - INFO: Registered POS permutation: #relations = 96, #blocks = 46,913, #triples = 1,464,719,701
2026-07-30 22:12:07.898 - INFO: Registered OPS permutation: #relations = 318,850,904, #blocks = 39,014, #triples = 1,464,719,701
2026-07-30 22:12:07.924 - INFO: Registered OSP permutation: #relations = 318,850,904, #blocks = 39,014, #triples = 1,464,719,701
2026-07-30 22:12:07.937 - INFO: Registered SPO permutation: #relations = 234,800,427, #blocks = 31,251, #triples = 1,464,719,701
2026-07-30 22:12:07.950 - INFO: Registered SOP permutation: #relations = 234,800,427, #blocks = 31,251, #triples = 1,464,719,701
2026-07-30 22:12:07.950 - INFO: Reading patterns from file /home/userNoPriv/code/qlever/qlever-indices/dblp/dblp.index.patterns ...
2026-07-30 22:12:07.951 - INFO: Sorting random result tables to estimate the sorting performance of this machine ...
2026-07-30 22:12:16.623 - INFO: Initializing server ...
2026-07-30 22:12:16.623 - INFO: No access token required for restricted API calls
2026-07-30 22:12:16.623 - ERROR: Opening or binding the socket failed: Operation not permitted
2026-07-30 22:12:16.623 - INFO: Index at /home/userNoPriv/code/qlever/qlever-indices/dblp/dblp was unloaded.
2026-07-30 22:12:16.634 - ERROR: open: Operation not permitted [system:1 at /usr/include/boost/asio/detail/reactive_socket_service.hpp:133:5 in function 'boost::system::error_code boost::asio::detail::reactive_socket_service<Protocol>::open(implementation_type&, const protocol_type&, boost::system::error_code&)']
