2026-09-26 22:28:29.929 - INFO: [1mQLever server v0.6.0-206-gc8f70dff8, compiled on Sat Sep 26 10:27:18 PM CEST 2026 using git hash c8f70df[22m
2026-09-26 22:28:29.929 - INFO: Runtime parameter set from the command line: use-swar-export-delimiters=false
2026-09-26 22:28:29.929 - INFO: Cleanup of previous index directories after each rebuild enabled (--rebuild-keep-previous-index-dirs original-and-most-recent)
2026-09-26 22:28:29.930 - INFO: The git hash used to build this index was "65f84b4"
2026-09-26 22:28:29.930 - INFO: Reading vocabulary from file /local/data-ssd/stoetzem/dblp/dblp.vocabulary.words ...
2026-09-26 22:28:29.939 - INFO: Done, number of words: 446,944,668
2026-09-26 22:28:29.939 - INFO: Number of words in internal vocabulary (these are also part of the external vocabulary): 446,955
2026-09-26 22:28:29.949 - INFO: Registered PSO permutation: #relations = 6, #blocks = 8,187, #triples = 255,805,025
2026-09-26 22:28:29.971 - INFO: Registered PSO permutation: #relations = 96, #blocks = 51,023, #triples = 1,593,245,022
2026-09-26 22:28:29.974 - INFO: Registered POS permutation: #relations = 6, #blocks = 8,187, #triples = 255,805,025
2026-09-26 22:28:29.996 - INFO: Registered POS permutation: #relations = 96, #blocks = 51,023, #triples = 1,593,245,022
2026-09-26 22:28:30.014 - INFO: Registered OPS permutation: #relations = 345,357,897, #blocks = 42,492, #triples = 1,593,245,022
2026-09-26 22:28:30.033 - INFO: Registered OSP permutation: #relations = 345,357,897, #blocks = 42,492, #triples = 1,593,245,022
2026-09-26 22:28:30.045 - INFO: Registered SPO permutation: #relations = 255,804,614, #blocks = 33,993, #triples = 1,593,245,022
2026-09-26 22:28:30.055 - INFO: Registered SOP permutation: #relations = 255,804,614, #blocks = 33,993, #triples = 1,593,245,022
2026-09-26 22:28:30.055 - INFO: Reading patterns from file /local/data-ssd/stoetzem/dblp/dblp.index.patterns ...
2026-09-26 22:28:30.055 - INFO: Sorting random result tables to estimate the sorting performance of this machine ...
2026-09-26 22:28:38.376 - INFO: Initializing server ...
2026-09-26 22:28:38.376 - INFO: No access token required for restricted API calls
2026-09-26 22:28:38.376 - INFO: The server is ready, listening for requests on port 7015 ...
2026-09-26 22:28:38.491 - INFO: 
2026-09-26 22:28:38.491 - INFO: Request received via POST, content type "application/x-www-form-urlencoded"
2026-09-26 22:28:38.494 - INFO: Processing the following SPARQL query:
# Tier R1 — STATE (real-world, small result) — SELECT variant
# Bounded materialization of a real DBLP venue subgraph as CSV/TSV rows.
PREFIX dblp: <https://dblp.org/rdf/schema#>

SELECT ?paper ?p ?o
WHERE {
  ?paper a dblp:Publication ;
         dblp:publishedInStream <https://dblp.org/streams/conf/stoc> ;
         ?p ?o .
}
LIMIT 50000

2026-09-26 22:28:38.494 - INFO: Requested media types of the result are: "text/csv"
2026-09-26 22:28:38.496 - INFO: Query planning done in 4 ms
2026-09-26 22:28:38.500 - INFO: Result has unknown size (not computed yet)
2026-09-26 22:28:39.517 - INFO: Done processing query and sending result, total time was 1,025 ms
2026-09-26 22:28:39.537 - INFO: 
2026-09-26 22:28:39.537 - INFO: Request received via GET, no content type specified
2026-09-26 22:28:39.537 - INFO: Processing command "cache-stats": get cache statistics
2026-09-26 22:28:39.556 - INFO: 
2026-09-26 22:28:39.556 - INFO: Request received via GET, no content type specified
2026-09-26 22:28:39.556 - INFO: Processing command "clear-cache": clear the cache (unpinned elements only)
2026-09-26 22:28:39.574 - INFO: 
2026-09-26 22:28:39.575 - INFO: Request received via GET, no content type specified
2026-09-26 22:28:39.575 - INFO: Processing command "cache-stats": get cache statistics
2026-09-26 22:28:39.594 - INFO: 
2026-09-26 22:28:39.594 - INFO: Request received via POST, content type "application/x-www-form-urlencoded"
2026-09-26 22:28:39.594 - INFO: Processing the following SPARQL query:
# Tier R1 — STATE (real-world, small result) — SELECT variant
# Bounded materialization of a real DBLP venue subgraph as CSV/TSV rows.
PREFIX dblp: <https://dblp.org/rdf/schema#>

SELECT ?paper ?p ?o
WHERE {
  ?paper a dblp:Publication ;
         dblp:publishedInStream <https://dblp.org/streams/conf/stoc> ;
         ?p ?o .
}
LIMIT 50000

2026-09-26 22:28:39.594 - INFO: Requested media types of the result are: "text/csv"
2026-09-26 22:28:39.594 - INFO: Query planning done in 0 ms
2026-09-26 22:28:39.597 - INFO: Result has unknown size (not computed yet)
2026-09-26 22:28:39.869 - INFO: Done processing query and sending result, total time was 275 ms
2026-09-26 22:28:39.890 - INFO: 
2026-09-26 22:28:39.890 - INFO: Request received via GET, no content type specified
2026-09-26 22:28:39.890 - INFO: Processing command "cache-stats": get cache statistics
