2026-09-26 22:28:19.772 - INFO: [1mQLever server v0.6.0-206-gc8f70dff8, compiled on Sat Sep 26 10:27:18 PM CEST 2026 using git hash c8f70df[22m
2026-09-26 22:28:19.772 - INFO: Runtime parameter set from the command line: use-swar-export-delimiters=false
2026-09-26 22:28:19.772 - INFO: Cleanup of previous index directories after each rebuild enabled (--rebuild-keep-previous-index-dirs original-and-most-recent)
2026-09-26 22:28:19.773 - INFO: The git hash used to build this index was "65f84b4"
2026-09-26 22:28:19.773 - INFO: Reading vocabulary from file /local/data-ssd/stoetzem/dblp/dblp.vocabulary.words ...
2026-09-26 22:28:19.782 - INFO: Done, number of words: 446,944,668
2026-09-26 22:28:19.782 - INFO: Number of words in internal vocabulary (these are also part of the external vocabulary): 446,955
2026-09-26 22:28:19.788 - INFO: Registered PSO permutation: #relations = 6, #blocks = 8,187, #triples = 255,805,025
2026-09-26 22:28:19.810 - INFO: Registered PSO permutation: #relations = 96, #blocks = 51,023, #triples = 1,593,245,022
2026-09-26 22:28:19.813 - INFO: Registered POS permutation: #relations = 6, #blocks = 8,187, #triples = 255,805,025
2026-09-26 22:28:19.834 - INFO: Registered POS permutation: #relations = 96, #blocks = 51,023, #triples = 1,593,245,022
2026-09-26 22:28:19.853 - INFO: Registered OPS permutation: #relations = 345,357,897, #blocks = 42,492, #triples = 1,593,245,022
2026-09-26 22:28:19.871 - INFO: Registered OSP permutation: #relations = 345,357,897, #blocks = 42,492, #triples = 1,593,245,022
2026-09-26 22:28:19.884 - INFO: Registered SPO permutation: #relations = 255,804,614, #blocks = 33,993, #triples = 1,593,245,022
2026-09-26 22:28:19.894 - INFO: Registered SOP permutation: #relations = 255,804,614, #blocks = 33,993, #triples = 1,593,245,022
2026-09-26 22:28:19.894 - INFO: Reading patterns from file /local/data-ssd/stoetzem/dblp/dblp.index.patterns ...
2026-09-26 22:28:19.894 - INFO: Sorting random result tables to estimate the sorting performance of this machine ...
2026-09-26 22:28:27.925 - INFO: Initializing server ...
2026-09-26 22:28:27.925 - INFO: No access token required for restricted API calls
2026-09-26 22:28:27.926 - INFO: The server is ready, listening for requests on port 7015 ...
2026-09-26 22:28:28.073 - INFO: 
2026-09-26 22:28:28.073 - INFO: Request received via POST, content type "application/x-www-form-urlencoded"
2026-09-26 22:28:28.076 - INFO: Processing the following SPARQL query:
# Tier R1 — STATE (real-world, small result) — SELECT variant
# Bounded materialization of a real DBLP venue subgraph as CSV/TSV rows.
PREFIX dblp: <https://dblp.org/rdf/schema#>

SELECT ?paper ?p ?o
WHERE {
  ?paper a dblp:Publication ;
         dblp:publishedInStream <https://dblp.org/streams/conf/stoc> ;
         ?p ?o .
}
LIMIT 50000

2026-09-26 22:28:28.076 - INFO: Requested media types of the result are: "text/csv"
2026-09-26 22:28:28.100 - INFO: Query planning done in 27 ms
2026-09-26 22:28:28.105 - INFO: Result has unknown size (not computed yet)
2026-09-26 22:28:29.137 - INFO: Done processing query and sending result, total time was 1,064 ms
2026-09-26 22:28:29.157 - INFO: 
2026-09-26 22:28:29.157 - INFO: Request received via GET, no content type specified
2026-09-26 22:28:29.157 - INFO: Processing command "cache-stats": get cache statistics
2026-09-26 22:28:29.176 - INFO: 
2026-09-26 22:28:29.176 - INFO: Request received via GET, no content type specified
2026-09-26 22:28:29.176 - INFO: Processing command "clear-cache": clear the cache (unpinned elements only)
2026-09-26 22:28:29.194 - INFO: 
2026-09-26 22:28:29.194 - INFO: Request received via GET, no content type specified
2026-09-26 22:28:29.194 - INFO: Processing command "cache-stats": get cache statistics
2026-09-26 22:28:29.213 - INFO: 
2026-09-26 22:28:29.213 - INFO: Request received via POST, content type "application/x-www-form-urlencoded"
2026-09-26 22:28:29.214 - INFO: Processing the following SPARQL query:
# Tier R1 — STATE (real-world, small result) — SELECT variant
# Bounded materialization of a real DBLP venue subgraph as CSV/TSV rows.
PREFIX dblp: <https://dblp.org/rdf/schema#>

SELECT ?paper ?p ?o
WHERE {
  ?paper a dblp:Publication ;
         dblp:publishedInStream <https://dblp.org/streams/conf/stoc> ;
         ?p ?o .
}
LIMIT 50000

2026-09-26 22:28:29.214 - INFO: Requested media types of the result are: "text/csv"
2026-09-26 22:28:29.214 - INFO: Query planning done in 0 ms
2026-09-26 22:28:29.217 - INFO: Result has unknown size (not computed yet)
2026-09-26 22:28:29.493 - INFO: Done processing query and sending result, total time was 280 ms
2026-09-26 22:28:29.514 - INFO: 
2026-09-26 22:28:29.514 - INFO: Request received via GET, no content type specified
2026-09-26 22:28:29.514 - INFO: Processing command "cache-stats": get cache statistics
