2026-08-10 23:56:39.994 - INFO: [1mQLever server v0.5.50-82-g65f84b43, compiled on Mon Aug 10 19:10:29 CEST 2026 using git hash 65f84b4[22m
2026-08-10 23:56:39.994 - INFO: Cleanup of previous index directories after each rebuild enabled (--rebuild-keep-previous-index-dirs original-and-most-recent)
2026-08-10 23:56:39.995 - INFO: The git hash used to build this index was "65f84b4"
2026-08-10 23:56:39.996 - INFO: Reading vocabulary from file /local/data-ssd/stoetzem/dblp/dblp.vocabulary.words ...
2026-08-10 23:56:40.010 - INFO: Done, number of words: 446,944,668
2026-08-10 23:56:40.010 - INFO: Number of words in internal vocabulary (these are also part of the external vocabulary): 446,955
2026-08-10 23:56:40.017 - INFO: Registered PSO permutation: #relations = 6, #blocks = 8,187, #triples = 255,805,025
2026-08-10 23:56:40.041 - INFO: Registered PSO permutation: #relations = 96, #blocks = 51,023, #triples = 1,593,245,022
2026-08-10 23:56:40.045 - INFO: Registered POS permutation: #relations = 6, #blocks = 8,187, #triples = 255,805,025
2026-08-10 23:56:40.069 - INFO: Registered POS permutation: #relations = 96, #blocks = 51,023, #triples = 1,593,245,022
2026-08-10 23:56:40.089 - INFO: Registered OPS permutation: #relations = 345,357,897, #blocks = 42,492, #triples = 1,593,245,022
2026-08-10 23:56:40.109 - INFO: Registered OSP permutation: #relations = 345,357,897, #blocks = 42,492, #triples = 1,593,245,022
2026-08-10 23:56:40.121 - INFO: Registered SPO permutation: #relations = 255,804,614, #blocks = 33,993, #triples = 1,593,245,022
2026-08-10 23:56:40.132 - INFO: Registered SOP permutation: #relations = 255,804,614, #blocks = 33,993, #triples = 1,593,245,022
2026-08-10 23:56:40.132 - INFO: Reading patterns from file /local/data-ssd/stoetzem/dblp/dblp.index.patterns ...
2026-08-10 23:56:40.133 - INFO: Sorting random result tables to estimate the sorting performance of this machine ...
2026-08-10 23:56:48.108 - INFO: Initializing server ...
2026-08-10 23:56:48.108 - INFO: No access token required for restricted API calls
2026-08-10 23:56:48.108 - INFO: The server is ready, listening for requests on port 7026 ...
2026-08-10 23:56:48.263 - INFO: 
2026-08-10 23:56:48.263 - INFO: Request received via POST, content type "application/x-www-form-urlencoded"
2026-08-10 23:56:48.266 - INFO: Processing the following SPARQL query:
# Tier H — dedup-heavy
# Goal: exercise CONSTRUCT result deduplication. A paper with multiple
# signatures produces repeated (?paper ?p ?o) rows through this join.
PREFIX dblp: <https://dblp.org/rdf/schema#>

CONSTRUCT { ?paper ?p ?o }
WHERE {
  ?paper a dblp:Publication ;
         dblp:publishedInStream <https://dblp.org/streams/conf/stoc> ;
         dblp:hasSignature ?sig .
  ?sig dblp:signatureCreator ?creator .
  ?paper ?p ?o .
}

2026-08-10 23:56:48.266 - INFO: Requested media types of the result are: "text/turtle"
2026-08-10 23:56:48.266 - INFO: CONSTRUCT_REQUEST_STAGE_ENTER name=planning elapsed_us=2,882
2026-08-10 23:56:48.283 - INFO: Query planning done in 20 ms
2026-08-10 23:56:48.283 - INFO: CONSTRUCT_REQUEST_STAGE_ENTER name=response_stream elapsed_us=20,137
2026-08-10 23:56:48.301 - INFO: Result has unknown size (not computed yet)
2026-08-10 23:56:48.301 - INFO: CONSTRUCT_EXPORT_DEDUPLICATOR_CONSTRUCTION_BEGIN mode=none
2026-08-10 23:56:48.301 - INFO: CONSTRUCT_EXPORT_DEDUPLICATOR_CONSTRUCTION_END mode=none enabled=false
2026-08-10 23:56:50.019 - INFO: CONSTRUCT_EXPORT_STAGE_SUMMARY construct_stream_us=1,717,694 setup_us=7 batch_evaluation_us=1,602,949 instantiation_deduplication_us=19,375 batches=383 input_rows=390,854 candidate_triples=390,854 emitted_triples=390,854
2026-08-10 23:56:50.028 - INFO: CONSTRUCT_REQUEST_STAGE_SUMMARY planning_begin_us=2,882 planning_end_us=20,135 planning_us=17,253 response_stream_begin_us=20,137 response_stream_end_us=1,765,355 response_stream_us=1,745,218 root_execution_us=38,451 non_root_stream_us=1,706,767 server_request_us=1,765,355
2026-08-10 23:56:50.028 - INFO: Done processing query and sending result, total time was 1,765 ms
2026-08-10 23:56:50.048 - INFO: 
2026-08-10 23:56:50.048 - INFO: Request received via GET, no content type specified
2026-08-10 23:56:50.048 - INFO: Processing command "cache-stats": get cache statistics
2026-08-10 23:56:50.066 - INFO: 
2026-08-10 23:56:50.066 - INFO: Request received via POST, content type "application/x-www-form-urlencoded"
2026-08-10 23:56:50.066 - INFO: Processing the following SPARQL query:
# Tier H — dedup-heavy
# Goal: exercise CONSTRUCT result deduplication. A paper with multiple
# signatures produces repeated (?paper ?p ?o) rows through this join.
PREFIX dblp: <https://dblp.org/rdf/schema#>

CONSTRUCT { ?paper ?p ?o }
WHERE {
  ?paper a dblp:Publication ;
         dblp:publishedInStream <https://dblp.org/streams/conf/stoc> ;
         dblp:hasSignature ?sig .
  ?sig dblp:signatureCreator ?creator .
  ?paper ?p ?o .
}

2026-08-10 23:56:50.066 - INFO: Requested media types of the result are: "text/turtle"
2026-08-10 23:56:50.066 - INFO: CONSTRUCT_REQUEST_STAGE_ENTER name=planning elapsed_us=318
2026-08-10 23:56:50.068 - INFO: Query planning done in 1 ms
2026-08-10 23:56:50.068 - INFO: CONSTRUCT_REQUEST_STAGE_ENTER name=response_stream elapsed_us=1,953
2026-08-10 23:56:50.080 - INFO: Result has unknown size (not computed yet)
2026-08-10 23:56:50.080 - INFO: CONSTRUCT_EXPORT_DEDUPLICATOR_CONSTRUCTION_BEGIN mode=none
2026-08-10 23:56:50.080 - INFO: CONSTRUCT_EXPORT_DEDUPLICATOR_CONSTRUCTION_END mode=none enabled=false
2026-08-10 23:56:50.334 - INFO: CONSTRUCT_EXPORT_STAGE_SUMMARY construct_stream_us=253,364 setup_us=7 batch_evaluation_us=140,411 instantiation_deduplication_us=19,102 batches=383 input_rows=390,854 candidate_triples=390,854 emitted_triples=390,854
2026-08-10 23:56:50.344 - INFO: CONSTRUCT_REQUEST_STAGE_SUMMARY planning_begin_us=318 planning_end_us=1,952 planning_us=1,634 response_stream_begin_us=1,953 response_stream_end_us=277,680 response_stream_us=275,727 root_execution_us=33,286 non_root_stream_us=242,441 server_request_us=277,680
2026-08-10 23:56:50.344 - INFO: Done processing query and sending result, total time was 277 ms
2026-08-10 23:56:50.363 - INFO: 
2026-08-10 23:56:50.363 - INFO: Request received via GET, no content type specified
2026-08-10 23:56:50.363 - INFO: Processing command "cache-stats": get cache statistics
