2026-09-27 00:28:20.004 - INFO: [1mQLever server v0.6.0-206-gc8f70dff8, compiled on Sun Sep 27 12:26:37 AM CEST 2026 using git hash c8f70df[22m
2026-09-27 00:28:20.004 - INFO: Runtime parameter set from the command line: use-swar-export-delimiters=false
2026-09-27 00:28:20.004 - INFO: Cleanup of previous index directories after each rebuild enabled (--rebuild-keep-previous-index-dirs original-and-most-recent)
2026-09-27 00:28:20.006 - INFO: The git hash used to build this index was "65f84b4"
2026-09-27 00:28:20.006 - INFO: Reading vocabulary from file /local/data-ssd/stoetzem/dblp/dblp.vocabulary.words ...
2026-09-27 00:28:20.016 - INFO: Done, number of words: 446,944,668
2026-09-27 00:28:20.016 - INFO: Number of words in internal vocabulary (these are also part of the external vocabulary): 446,955
2026-09-27 00:28:20.022 - INFO: Registered PSO permutation: #relations = 6, #blocks = 8,187, #triples = 255,805,025
2026-09-27 00:28:20.044 - INFO: Registered PSO permutation: #relations = 96, #blocks = 51,023, #triples = 1,593,245,022
2026-09-27 00:28:20.047 - INFO: Registered POS permutation: #relations = 6, #blocks = 8,187, #triples = 255,805,025
2026-09-27 00:28:20.069 - INFO: Registered POS permutation: #relations = 96, #blocks = 51,023, #triples = 1,593,245,022
2026-09-27 00:28:20.088 - INFO: Registered OPS permutation: #relations = 345,357,897, #blocks = 42,492, #triples = 1,593,245,022
2026-09-27 00:28:20.106 - INFO: Registered OSP permutation: #relations = 345,357,897, #blocks = 42,492, #triples = 1,593,245,022
2026-09-27 00:28:20.118 - INFO: Registered SPO permutation: #relations = 255,804,614, #blocks = 33,993, #triples = 1,593,245,022
2026-09-27 00:28:20.128 - INFO: Registered SOP permutation: #relations = 255,804,614, #blocks = 33,993, #triples = 1,593,245,022
2026-09-27 00:28:20.129 - INFO: Reading patterns from file /local/data-ssd/stoetzem/dblp/dblp.index.patterns ...
2026-09-27 00:28:20.129 - INFO: Sorting random result tables to estimate the sorting performance of this machine ...
2026-09-27 00:28:28.128 - INFO: Initializing server ...
2026-09-27 00:28:28.128 - INFO: No access token required for restricted API calls
2026-09-27 00:28:28.128 - INFO: The server is ready, listening for requests on port 7015 ...
2026-09-27 00:28:28.305 - INFO: 
2026-09-27 00:28:28.305 - INFO: Request received via POST, content type "application/x-www-form-urlencoded"
2026-09-27 00:28:28.308 - INFO: Processing the following SPARQL query:
# Tier H — size-sweep (SELECT variant)
# Goal: isolate SELECT CSV/TSV export cost from query-planning cost. Raise
# the year bound across runs, for example 1970, 1990, 2010, and 2023.
PREFIX dblp: <https://dblp.org/rdf/schema#>

SELECT ?s ?p ?o
WHERE {
  ?s a dblp:Publication ;
     dblp:yearOfPublication ?year ;
     ?p ?o .
  FILTER(?year <= "1970"^^<http://www.w3.org/2001/XMLSchema#gYear>)
}

2026-09-27 00:28:28.308 - INFO: Requested media types of the result are: "text/tab-separated-values"
2026-09-27 00:28:28.310 - INFO: Query planning done in 4 ms
2026-09-27 00:28:28.338 - INFO: Result has unknown size (not computed yet)
2026-09-27 00:28:33.939 - INFO: Done processing query and sending result, total time was 5,633 ms
2026-09-27 00:28:33.959 - INFO: 
2026-09-27 00:28:33.959 - INFO: Request received via GET, no content type specified
2026-09-27 00:28:33.959 - INFO: Processing command "cache-stats": get cache statistics
2026-09-27 00:28:33.978 - INFO: 
2026-09-27 00:28:33.978 - INFO: Request received via GET, no content type specified
2026-09-27 00:28:33.978 - INFO: Processing command "clear-cache": clear the cache (unpinned elements only)
2026-09-27 00:28:33.996 - INFO: 
2026-09-27 00:28:33.996 - INFO: Request received via GET, no content type specified
2026-09-27 00:28:33.996 - INFO: Processing command "cache-stats": get cache statistics
2026-09-27 00:28:34.015 - INFO: 
2026-09-27 00:28:34.015 - INFO: Request received via POST, content type "application/x-www-form-urlencoded"
2026-09-27 00:28:34.015 - INFO: Processing the following SPARQL query:
# Tier H — size-sweep (SELECT variant)
# Goal: isolate SELECT CSV/TSV export cost from query-planning cost. Raise
# the year bound across runs, for example 1970, 1990, 2010, and 2023.
PREFIX dblp: <https://dblp.org/rdf/schema#>

SELECT ?s ?p ?o
WHERE {
  ?s a dblp:Publication ;
     dblp:yearOfPublication ?year ;
     ?p ?o .
  FILTER(?year <= "1970"^^<http://www.w3.org/2001/XMLSchema#gYear>)
}

2026-09-27 00:28:34.015 - INFO: Requested media types of the result are: "text/tab-separated-values"
2026-09-27 00:28:34.016 - INFO: Query planning done in 1 ms
2026-09-27 00:28:34.033 - INFO: Result has unknown size (not computed yet)
2026-09-27 00:28:36.610 - INFO: Done processing query and sending result, total time was 2,594 ms
2026-09-27 00:28:36.631 - INFO: 
2026-09-27 00:28:36.631 - INFO: Request received via GET, no content type specified
2026-09-27 00:28:36.631 - INFO: Processing command "cache-stats": get cache statistics
