2026-08-10 23:52:08.139 - INFO: [1mQLever server v0.5.50-82-g65f84b43, compiled on Mon Aug 10 19:10:29 CEST 2026 using git hash 65f84b4[22m
2026-08-10 23:52:08.139 - INFO: Cleanup of previous index directories after each rebuild enabled (--rebuild-keep-previous-index-dirs original-and-most-recent)
2026-08-10 23:52:08.141 - INFO: The git hash used to build this index was "65f84b4"
2026-08-10 23:52:08.141 - INFO: Reading vocabulary from file /local/data-ssd/stoetzem/dblp/dblp.vocabulary.words ...
2026-08-10 23:52:08.154 - INFO: Done, number of words: 446,944,668
2026-08-10 23:52:08.154 - INFO: Number of words in internal vocabulary (these are also part of the external vocabulary): 446,955
2026-08-10 23:52:08.162 - INFO: Registered PSO permutation: #relations = 6, #blocks = 8,187, #triples = 255,805,025
2026-08-10 23:52:08.186 - INFO: Registered PSO permutation: #relations = 96, #blocks = 51,023, #triples = 1,593,245,022
2026-08-10 23:52:08.189 - INFO: Registered POS permutation: #relations = 6, #blocks = 8,187, #triples = 255,805,025
2026-08-10 23:52:08.213 - INFO: Registered POS permutation: #relations = 96, #blocks = 51,023, #triples = 1,593,245,022
2026-08-10 23:52:08.233 - INFO: Registered OPS permutation: #relations = 345,357,897, #blocks = 42,492, #triples = 1,593,245,022
2026-08-10 23:52:08.253 - INFO: Registered OSP permutation: #relations = 345,357,897, #blocks = 42,492, #triples = 1,593,245,022
2026-08-10 23:52:08.266 - INFO: Registered SPO permutation: #relations = 255,804,614, #blocks = 33,993, #triples = 1,593,245,022
2026-08-10 23:52:08.277 - INFO: Registered SOP permutation: #relations = 255,804,614, #blocks = 33,993, #triples = 1,593,245,022
2026-08-10 23:52:08.277 - INFO: Reading patterns from file /local/data-ssd/stoetzem/dblp/dblp.index.patterns ...
2026-08-10 23:52:08.278 - INFO: Sorting random result tables to estimate the sorting performance of this machine ...
2026-08-10 23:52:16.205 - INFO: Initializing server ...
2026-08-10 23:52:16.205 - INFO: No access token required for restricted API calls
2026-08-10 23:52:16.206 - INFO: The server is ready, listening for requests on port 7026 ...
2026-08-10 23:52:16.409 - INFO: 
2026-08-10 23:52:16.409 - INFO: Request received via POST, content type "application/x-www-form-urlencoded"
2026-08-10 23:52:16.412 - INFO: Processing the following SPARQL query:
# Tier H — size-sweep
# Goal: isolate export cost from query-planning cost. Raise the year bound
# across runs, for example 1970, 1990, 2010, and 2023.
PREFIX dblp: <https://dblp.org/rdf/schema#>

CONSTRUCT { ?s ?p ?o }
WHERE {
  ?s a dblp:Publication ;
     dblp:yearOfPublication ?year ;
     ?p ?o .
  FILTER(?year <= "1970"^^<http://www.w3.org/2001/XMLSchema#gYear>)
}

2026-08-10 23:52:16.412 - INFO: Requested media types of the result are: "text/turtle"
2026-08-10 23:52:16.412 - INFO: CONSTRUCT_REQUEST_STAGE_ENTER name=planning elapsed_us=2,947
2026-08-10 23:52:16.429 - INFO: Query planning done in 19 ms
2026-08-10 23:52:16.429 - INFO: CONSTRUCT_REQUEST_STAGE_ENTER name=response_stream elapsed_us=19,258
2026-08-10 23:52:16.461 - INFO: Result has unknown size (not computed yet)
2026-08-10 23:52:16.461 - INFO: CONSTRUCT_EXPORT_DEDUPLICATOR_CONSTRUCTION_BEGIN mode=none
2026-08-10 23:52:16.461 - INFO: CONSTRUCT_EXPORT_DEDUPLICATOR_CONSTRUCTION_END mode=none enabled=false
2026-08-10 23:52:20.024 - INFO: CONSTRUCT_EXPORT_STAGE_SUMMARY construct_stream_us=3,563,806 setup_us=7 batch_evaluation_us=3,330,718 instantiation_deduplication_us=24,515 batches=482 input_rows=490,650 candidate_triples=490,650 emitted_triples=490,650
2026-08-10 23:52:20.033 - INFO: CONSTRUCT_REQUEST_STAGE_SUMMARY planning_begin_us=2,947 planning_end_us=19,257 planning_us=16,310 response_stream_begin_us=19,258 response_stream_end_us=3,623,294 response_stream_us=3,604,036 root_execution_us=144,415 non_root_stream_us=3,459,621 server_request_us=3,623,294
2026-08-10 23:52:20.033 - INFO: Done processing query and sending result, total time was 3,623 ms
2026-08-10 23:52:20.052 - INFO: 
2026-08-10 23:52:20.052 - INFO: Request received via GET, no content type specified
2026-08-10 23:52:20.052 - INFO: Processing command "cache-stats": get cache statistics
