2026-07-30 22:36:55.904 - INFO: [1mQLever server v0.5.50-58-gbdd1a6b9, compiled on Thu Jul 30 22:03:57 CEST 2026 using git hash bdd1a6b[22m
2026-07-30 22:36:55.904 - INFO: The git hash used to build this index was "8c99fe"
2026-07-30 22:36:55.904 - INFO: Reading vocabulary from file /home/userNoPriv/code/qlever/qlever-indices/dblp/dblp.vocabulary.words ...
2026-07-30 22:36:55.929 - INFO: Done, number of words: 409,446,926
2026-07-30 22:36:55.929 - INFO: Number of words in internal vocabulary (these are also part of the external vocabulary): 409,457
2026-07-30 22:36:55.944 - INFO: Registered PSO permutation: #relations = 6, #blocks = 7,515, #triples = 234,800,838
2026-07-30 22:36:55.971 - INFO: Registered PSO permutation: #relations = 96, #blocks = 46,913, #triples = 1,464,719,701
2026-07-30 22:36:55.976 - INFO: Registered POS permutation: #relations = 6, #blocks = 7,515, #triples = 234,800,838
2026-07-30 22:36:56.002 - INFO: Registered POS permutation: #relations = 96, #blocks = 46,913, #triples = 1,464,719,701
2026-07-30 22:36:56.027 - INFO: Registered OPS permutation: #relations = 318,850,904, #blocks = 39,014, #triples = 1,464,719,701
2026-07-30 22:36:56.050 - INFO: Registered OSP permutation: #relations = 318,850,904, #blocks = 39,014, #triples = 1,464,719,701
2026-07-30 22:36:56.066 - INFO: Registered SPO permutation: #relations = 234,800,427, #blocks = 31,251, #triples = 1,464,719,701
2026-07-30 22:36:56.082 - INFO: Registered SOP permutation: #relations = 234,800,427, #blocks = 31,251, #triples = 1,464,719,701
2026-07-30 22:36:56.082 - INFO: Reading patterns from file /home/userNoPriv/code/qlever/qlever-indices/dblp/dblp.index.patterns ...
2026-07-30 22:36:56.084 - INFO: Sorting random result tables to estimate the sorting performance of this machine ...
2026-07-30 22:37:04.764 - INFO: Initializing server ...
2026-07-30 22:37:04.764 - INFO: No access token required for restricted API calls
2026-07-30 22:37:04.764 - INFO: The server is ready, listening for requests on port 7015 ...
2026-07-30 22:37:04.954 - INFO: 
2026-07-30 22:37:04.954 - INFO: Request received via GET, no content type specified
2026-07-30 22:37:04.954 - INFO: Processing command "cache-stats": get cache statistics
2026-07-30 22:37:04.963 - INFO: 
2026-07-30 22:37:04.963 - INFO: Request received via POST, content type "application/x-www-form-urlencoded"
2026-07-30 22:37:04.965 - INFO: Processing the following SPARQL query:
# Tier H — size-sweep
# Goal: isolate export cost from query-planning cost. Raise the year bound
# across runs, for example 1970, 1990, 2010, and 2023.
PREFIX dblp: <https://dblp.org/rdf/schema#>

CONSTRUCT { ?s ?p ?o }
WHERE {
  ?s a dblp:Publication ;
     dblp:yearOfPublication ?year ;
     ?p ?o .
  FILTER(?year <= "1970"^^<http://www.w3.org/2001/XMLSchema#gYear>)
}

2026-07-30 22:37:04.966 - INFO: Requested media types of the result are: "text/turtle"
2026-07-30 22:37:04.970 - INFO: Query planning done in 7 ms
2026-07-30 22:37:05.014 - INFO: Result has unknown size (not computed yet)
2026-07-30 22:37:12.119 - INFO: Done processing query and sending result, total time was 7,156 ms
2026-07-30 22:37:12.128 - INFO: 
2026-07-30 22:37:12.128 - INFO: Request received via GET, no content type specified
2026-07-30 22:37:12.128 - INFO: Processing command "cache-stats": get cache statistics
2026-07-30 22:37:12.472 - INFO: 
2026-07-30 22:37:12.472 - INFO: Request received via POST, content type "application/x-www-form-urlencoded"
2026-07-30 22:37:12.473 - INFO: Processing the following SPARQL query:
# Tier H — size-sweep
# Goal: isolate export cost from query-planning cost. Raise the year bound
# across runs, for example 1970, 1990, 2010, and 2023.
PREFIX dblp: <https://dblp.org/rdf/schema#>

CONSTRUCT { ?s ?p ?o }
WHERE {
  ?s a dblp:Publication ;
     dblp:yearOfPublication ?year ;
     ?p ?o .
  FILTER(?year <= "1970"^^<http://www.w3.org/2001/XMLSchema#gYear>)
}

2026-07-30 22:37:12.473 - INFO: Requested media types of the result are: "text/turtle"
2026-07-30 22:37:12.474 - INFO: Query planning done in 1 ms
2026-07-30 22:37:12.483 - INFO: Result has unknown size (not computed yet)
2026-07-30 22:37:13.014 - INFO: Done processing query and sending result, total time was 541 ms
2026-07-30 22:37:13.021 - INFO: 
2026-07-30 22:37:13.021 - INFO: Request received via GET, no content type specified
2026-07-30 22:37:13.021 - INFO: Processing command "cache-stats": get cache statistics
