2026-09-28 22:34:29.386 - INFO: [1mQLever server CIKM-2667-g533f800b8, compiled on Mon Sep 28 14:40:44 UTC 2026 using git hash 533f800[22m
2026-09-28 22:34:29.386 - INFO: Cleanup of previous index directories after each rebuild enabled (--rebuild-keep-previous-index-dirs original-and-most-recent)
2026-09-28 22:34:29.388 - INFO: The git hash used to build this index was "65f84b4"
2026-09-28 22:34:29.388 - INFO: Reading vocabulary from file /local/data-ssd/stoetzem/qlever-indices/dblp/dblp.vocabulary.words ...
2026-09-28 22:34:29.413 - INFO: Done, number of words: 446,944,668
2026-09-28 22:34:29.413 - INFO: Number of words in internal vocabulary (these are also part of the external vocabulary): 446,955
2026-09-28 22:34:29.422 - INFO: Registered PSO permutation: #relations = 6, #blocks = 8,187, #triples = 255,805,025
2026-09-28 22:34:29.444 - INFO: Registered PSO permutation: #relations = 96, #blocks = 51,023, #triples = 1,593,245,022
2026-09-28 22:34:29.447 - INFO: Registered POS permutation: #relations = 6, #blocks = 8,187, #triples = 255,805,025
2026-09-28 22:34:29.470 - INFO: Registered POS permutation: #relations = 96, #blocks = 51,023, #triples = 1,593,245,022
2026-09-28 22:34:29.489 - INFO: Registered OPS permutation: #relations = 345,357,897, #blocks = 42,492, #triples = 1,593,245,022
2026-09-28 22:34:29.507 - INFO: Registered OSP permutation: #relations = 345,357,897, #blocks = 42,492, #triples = 1,593,245,022
2026-09-28 22:34:29.520 - INFO: Registered SPO permutation: #relations = 255,804,614, #blocks = 33,993, #triples = 1,593,245,022
2026-09-28 22:34:29.530 - INFO: Registered SOP permutation: #relations = 255,804,614, #blocks = 33,993, #triples = 1,593,245,022
2026-09-28 22:34:29.530 - INFO: Reading patterns from file /local/data-ssd/stoetzem/qlever-indices/dblp/dblp.index.patterns ...
2026-09-28 22:34:29.531 - INFO: Sorting random result tables to estimate the sorting performance of this machine ...
2026-09-28 22:34:37.472 - INFO: Initializing server ...
2026-09-28 22:34:37.472 - INFO: No access token required for restricted API calls
2026-09-28 22:34:37.472 - INFO: The server is ready, listening for requests on port 7015 ...
2026-09-28 22:34:37.728 - INFO: 
2026-09-28 22:34:37.728 - INFO: Request received via POST, content type "application/x-www-form-urlencoded"
2026-09-28 22:34:37.732 - INFO: Processing the following SPARQL query:
# Tier H-vocab — title literals, large
# Goal: external-vocabulary lookup pressure with larger bounded output.
PREFIX dblp: <https://dblp.org/rdf/schema#>

CONSTRUCT { ?paper dblp:title ?title }
WHERE {
  ?paper dblp:title ?title .
}
LIMIT 100000

2026-09-28 22:34:37.732 - INFO: Requested media types of the result are: "text/turtle"
2026-09-28 22:34:37.739 - INFO: Query planning done in 11 ms
2026-09-28 22:34:37.739 - INFO: Result has unknown size (not computed yet)
2026-09-28 22:34:42.406 - INFO: Done processing query and sending result, total time was 4,678 ms
2026-09-28 22:34:42.467 - INFO: 
2026-09-28 22:34:42.467 - INFO: Request received via GET, no content type specified
2026-09-28 22:34:42.467 - INFO: Processing command "cache-stats": get cache statistics
2026-09-28 22:34:42.507 - INFO: 
2026-09-28 22:34:42.507 - INFO: Request received via GET, no content type specified
2026-09-28 22:34:42.507 - INFO: Processing command "clear-cache": clear the cache (unpinned elements only)
2026-09-28 22:34:42.537 - INFO: 
2026-09-28 22:34:42.537 - INFO: Request received via GET, no content type specified
2026-09-28 22:34:42.537 - INFO: Processing command "cache-stats": get cache statistics
2026-09-28 22:34:42.567 - INFO: 
2026-09-28 22:34:42.567 - INFO: Request received via POST, content type "application/x-www-form-urlencoded"
2026-09-28 22:34:42.568 - INFO: Processing the following SPARQL query:
# Tier H-vocab — title literals, large
# Goal: external-vocabulary lookup pressure with larger bounded output.
PREFIX dblp: <https://dblp.org/rdf/schema#>

CONSTRUCT { ?paper dblp:title ?title }
WHERE {
  ?paper dblp:title ?title .
}
LIMIT 100000

2026-09-28 22:34:42.568 - INFO: Requested media types of the result are: "text/turtle"
2026-09-28 22:34:42.568 - INFO: Query planning done in 0 ms
2026-09-28 22:34:42.568 - INFO: Result has unknown size (not computed yet)
2026-09-28 22:34:43.083 - INFO: Done processing query and sending result, total time was 515 ms
2026-09-28 22:34:43.149 - INFO: 
2026-09-28 22:34:43.149 - INFO: Request received via GET, no content type specified
2026-09-28 22:34:43.149 - INFO: Processing command "clear-cache": clear the cache (unpinned elements only)
2026-09-28 22:34:43.180 - INFO: 
2026-09-28 22:34:43.180 - INFO: Request received via POST, content type "application/x-www-form-urlencoded"
2026-09-28 22:34:43.180 - INFO: Processing the following SPARQL query:
# Tier H-vocab — title literals, large
# Goal: external-vocabulary lookup pressure with larger bounded output.
PREFIX dblp: <https://dblp.org/rdf/schema#>

CONSTRUCT { ?paper dblp:title ?title }
WHERE {
  ?paper dblp:title ?title .
}
LIMIT 100000

2026-09-28 22:34:43.180 - INFO: Requested media types of the result are: "text/turtle"
2026-09-28 22:34:43.181 - INFO: Query planning done in 0 ms
2026-09-28 22:34:43.181 - INFO: Result has unknown size (not computed yet)
2026-09-28 22:34:43.673 - INFO: Done processing query and sending result, total time was 492 ms
2026-09-28 22:34:43.738 - INFO: 
2026-09-28 22:34:43.738 - INFO: Request received via GET, no content type specified
2026-09-28 22:34:43.738 - INFO: Processing command "clear-cache": clear the cache (unpinned elements only)
2026-09-28 22:34:43.772 - INFO: 
2026-09-28 22:34:43.772 - INFO: Request received via POST, content type "application/x-www-form-urlencoded"
2026-09-28 22:34:43.773 - INFO: Processing the following SPARQL query:
# Tier H-vocab — title literals, large
# Goal: external-vocabulary lookup pressure with larger bounded output.
PREFIX dblp: <https://dblp.org/rdf/schema#>

CONSTRUCT { ?paper dblp:title ?title }
WHERE {
  ?paper dblp:title ?title .
}
LIMIT 100000

2026-09-28 22:34:43.773 - INFO: Requested media types of the result are: "text/turtle"
2026-09-28 22:34:43.773 - INFO: Query planning done in 0 ms
2026-09-28 22:34:43.773 - INFO: Result has unknown size (not computed yet)
2026-09-28 22:34:44.277 - INFO: Done processing query and sending result, total time was 505 ms
2026-09-28 22:34:44.342 - INFO: 
2026-09-28 22:34:44.342 - INFO: Request received via GET, no content type specified
2026-09-28 22:34:44.342 - INFO: Processing command "clear-cache": clear the cache (unpinned elements only)
2026-09-28 22:34:44.381 - INFO: 
2026-09-28 22:34:44.381 - INFO: Request received via POST, content type "application/x-www-form-urlencoded"
2026-09-28 22:34:44.381 - INFO: Processing the following SPARQL query:
# Tier H-vocab — title literals, large
# Goal: external-vocabulary lookup pressure with larger bounded output.
PREFIX dblp: <https://dblp.org/rdf/schema#>

CONSTRUCT { ?paper dblp:title ?title }
WHERE {
  ?paper dblp:title ?title .
}
LIMIT 100000

2026-09-28 22:34:44.381 - INFO: Requested media types of the result are: "text/turtle"
2026-09-28 22:34:44.381 - INFO: Query planning done in 0 ms
2026-09-28 22:34:44.381 - INFO: Result has unknown size (not computed yet)
2026-09-28 22:34:44.877 - INFO: Done processing query and sending result, total time was 496 ms
2026-09-28 22:34:44.943 - INFO: 
2026-09-28 22:34:44.943 - INFO: Request received via GET, no content type specified
2026-09-28 22:34:44.943 - INFO: Processing command "clear-cache": clear the cache (unpinned elements only)
2026-09-28 22:34:44.976 - INFO: 
2026-09-28 22:34:44.976 - INFO: Request received via POST, content type "application/x-www-form-urlencoded"
2026-09-28 22:34:44.977 - INFO: Processing the following SPARQL query:
# Tier H-vocab — title literals, large
# Goal: external-vocabulary lookup pressure with larger bounded output.
PREFIX dblp: <https://dblp.org/rdf/schema#>

CONSTRUCT { ?paper dblp:title ?title }
WHERE {
  ?paper dblp:title ?title .
}
LIMIT 100000

2026-09-28 22:34:44.977 - INFO: Requested media types of the result are: "text/turtle"
2026-09-28 22:34:44.977 - INFO: Query planning done in 0 ms
2026-09-28 22:34:44.977 - INFO: Result has unknown size (not computed yet)
2026-09-28 22:34:45.469 - INFO: Done processing query and sending result, total time was 493 ms
2026-09-28 22:34:45.535 - INFO: 
2026-09-28 22:34:45.535 - INFO: Request received via GET, no content type specified
2026-09-28 22:34:45.535 - INFO: Processing command "clear-cache": clear the cache (unpinned elements only)
2026-09-28 22:34:45.568 - INFO: 
2026-09-28 22:34:45.568 - INFO: Request received via POST, content type "application/x-www-form-urlencoded"
2026-09-28 22:34:45.569 - INFO: Processing the following SPARQL query:
# Tier H-vocab — title literals, large
# Goal: external-vocabulary lookup pressure with larger bounded output.
PREFIX dblp: <https://dblp.org/rdf/schema#>

CONSTRUCT { ?paper dblp:title ?title }
WHERE {
  ?paper dblp:title ?title .
}
LIMIT 100000

2026-09-28 22:34:45.569 - INFO: Requested media types of the result are: "text/turtle"
2026-09-28 22:34:45.569 - INFO: Query planning done in 0 ms
2026-09-28 22:34:45.569 - INFO: Result has unknown size (not computed yet)
2026-09-28 22:34:46.067 - INFO: Done processing query and sending result, total time was 498 ms
2026-09-28 22:34:46.132 - INFO: 
2026-09-28 22:34:46.132 - INFO: Request received via GET, no content type specified
2026-09-28 22:34:46.132 - INFO: Processing command "clear-cache": clear the cache (unpinned elements only)
2026-09-28 22:34:46.167 - INFO: 
2026-09-28 22:34:46.167 - INFO: Request received via POST, content type "application/x-www-form-urlencoded"
2026-09-28 22:34:46.168 - INFO: Processing the following SPARQL query:
# Tier H-vocab — title literals, large
# Goal: external-vocabulary lookup pressure with larger bounded output.
PREFIX dblp: <https://dblp.org/rdf/schema#>

CONSTRUCT { ?paper dblp:title ?title }
WHERE {
  ?paper dblp:title ?title .
}
LIMIT 100000

2026-09-28 22:34:46.168 - INFO: Requested media types of the result are: "text/turtle"
2026-09-28 22:34:46.168 - INFO: Query planning done in 0 ms
2026-09-28 22:34:46.168 - INFO: Result has unknown size (not computed yet)
2026-09-28 22:34:46.680 - INFO: Done processing query and sending result, total time was 512 ms
2026-09-28 22:34:46.742 - INFO: 
2026-09-28 22:34:46.742 - INFO: Request received via GET, no content type specified
2026-09-28 22:34:46.742 - INFO: Processing command "clear-cache": clear the cache (unpinned elements only)
2026-09-28 22:34:46.776 - INFO: 
2026-09-28 22:34:46.776 - INFO: Request received via POST, content type "application/x-www-form-urlencoded"
2026-09-28 22:34:46.777 - INFO: Processing the following SPARQL query:
# Tier H-vocab — title literals, large
# Goal: external-vocabulary lookup pressure with larger bounded output.
PREFIX dblp: <https://dblp.org/rdf/schema#>

CONSTRUCT { ?paper dblp:title ?title }
WHERE {
  ?paper dblp:title ?title .
}
LIMIT 100000

2026-09-28 22:34:46.777 - INFO: Requested media types of the result are: "text/turtle"
2026-09-28 22:34:46.777 - INFO: Query planning done in 0 ms
2026-09-28 22:34:46.777 - INFO: Result has unknown size (not computed yet)
2026-09-28 22:34:47.279 - INFO: Done processing query and sending result, total time was 503 ms
2026-09-28 22:34:47.343 - INFO: 
2026-09-28 22:34:47.343 - INFO: Request received via GET, no content type specified
2026-09-28 22:34:47.343 - INFO: Processing command "clear-cache": clear the cache (unpinned elements only)
2026-09-28 22:34:47.379 - INFO: 
2026-09-28 22:34:47.379 - INFO: Request received via POST, content type "application/x-www-form-urlencoded"
2026-09-28 22:34:47.379 - INFO: Processing the following SPARQL query:
# Tier H-vocab — title literals, large
# Goal: external-vocabulary lookup pressure with larger bounded output.
PREFIX dblp: <https://dblp.org/rdf/schema#>

CONSTRUCT { ?paper dblp:title ?title }
WHERE {
  ?paper dblp:title ?title .
}
LIMIT 100000

2026-09-28 22:34:47.379 - INFO: Requested media types of the result are: "text/turtle"
2026-09-28 22:34:47.380 - INFO: Query planning done in 0 ms
2026-09-28 22:34:47.380 - INFO: Result has unknown size (not computed yet)
2026-09-28 22:34:47.882 - INFO: Done processing query and sending result, total time was 502 ms
2026-09-28 22:34:47.945 - INFO: 
2026-09-28 22:34:47.945 - INFO: Request received via GET, no content type specified
2026-09-28 22:34:47.945 - INFO: Processing command "clear-cache": clear the cache (unpinned elements only)
2026-09-28 22:34:47.980 - INFO: 
2026-09-28 22:34:47.980 - INFO: Request received via POST, content type "application/x-www-form-urlencoded"
2026-09-28 22:34:47.980 - INFO: Processing the following SPARQL query:
# Tier H-vocab — title literals, large
# Goal: external-vocabulary lookup pressure with larger bounded output.
PREFIX dblp: <https://dblp.org/rdf/schema#>

CONSTRUCT { ?paper dblp:title ?title }
WHERE {
  ?paper dblp:title ?title .
}
LIMIT 100000

2026-09-28 22:34:47.980 - INFO: Requested media types of the result are: "text/turtle"
2026-09-28 22:34:47.980 - INFO: Query planning done in 0 ms
2026-09-28 22:34:47.980 - INFO: Result has unknown size (not computed yet)
2026-09-28 22:34:48.484 - INFO: Done processing query and sending result, total time was 504 ms
2026-09-28 22:34:48.549 - INFO: 
2026-09-28 22:34:48.549 - INFO: Request received via GET, no content type specified
2026-09-28 22:34:48.549 - INFO: Processing command "clear-cache": clear the cache (unpinned elements only)
2026-09-28 22:34:48.599 - INFO: 
2026-09-28 22:34:48.599 - INFO: Request received via POST, content type "application/x-www-form-urlencoded"
2026-09-28 22:34:48.600 - INFO: Processing the following SPARQL query:
# Tier H-vocab — title literals, large
# Goal: external-vocabulary lookup pressure with larger bounded output.
PREFIX dblp: <https://dblp.org/rdf/schema#>

CONSTRUCT { ?paper dblp:title ?title }
WHERE {
  ?paper dblp:title ?title .
}
LIMIT 100000

2026-09-28 22:34:48.600 - INFO: Requested media types of the result are: "text/turtle"
2026-09-28 22:34:48.600 - INFO: Query planning done in 0 ms
2026-09-28 22:34:48.600 - INFO: Result has unknown size (not computed yet)
2026-09-28 22:34:49.105 - INFO: Done processing query and sending result, total time was 505 ms
2026-09-28 22:34:49.170 - INFO: 
2026-09-28 22:34:49.170 - INFO: Request received via GET, no content type specified
2026-09-28 22:34:49.170 - INFO: Processing command "clear-cache": clear the cache (unpinned elements only)
2026-09-28 22:34:49.204 - INFO: 
2026-09-28 22:34:49.204 - INFO: Request received via POST, content type "application/x-www-form-urlencoded"
2026-09-28 22:34:49.205 - INFO: Processing the following SPARQL query:
# Tier H-vocab — title literals, large
# Goal: external-vocabulary lookup pressure with larger bounded output.
PREFIX dblp: <https://dblp.org/rdf/schema#>

CONSTRUCT { ?paper dblp:title ?title }
WHERE {
  ?paper dblp:title ?title .
}
LIMIT 100000

2026-09-28 22:34:49.205 - INFO: Requested media types of the result are: "text/turtle"
2026-09-28 22:34:49.205 - INFO: Query planning done in 0 ms
2026-09-28 22:34:49.205 - INFO: Result has unknown size (not computed yet)
2026-09-28 22:34:49.711 - INFO: Done processing query and sending result, total time was 507 ms
2026-09-28 22:34:49.744 - INFO: 
2026-09-28 22:34:49.744 - INFO: Request received via GET, no content type specified
2026-09-28 22:34:49.744 - INFO: Processing command "clear-cache": clear the cache (unpinned elements only)
2026-09-28 22:34:49.774 - INFO: 
2026-09-28 22:34:49.774 - INFO: Request received via POST, content type "application/x-www-form-urlencoded"
2026-09-28 22:34:49.774 - INFO: Processing the following SPARQL query:
# Tier H-vocab — title literals, large
# Goal: external-vocabulary lookup pressure with larger bounded output.
PREFIX dblp: <https://dblp.org/rdf/schema#>

CONSTRUCT { ?paper dblp:title ?title }
WHERE {
  ?paper dblp:title ?title .
}
LIMIT 100000

2026-09-28 22:34:49.774 - INFO: Requested media types of the result are: "text/turtle"
2026-09-28 22:34:49.775 - INFO: Query planning done in 0 ms
2026-09-28 22:34:49.775 - INFO: Result has unknown size (not computed yet)
2026-09-28 22:34:50.276 - INFO: Done processing query and sending result, total time was 501 ms
2026-09-28 22:34:50.341 - INFO: 
2026-09-28 22:34:50.341 - INFO: Request received via GET, no content type specified
2026-09-28 22:34:50.341 - INFO: Processing command "clear-cache": clear the cache (unpinned elements only)
2026-09-28 22:34:50.376 - INFO: 
2026-09-28 22:34:50.376 - INFO: Request received via POST, content type "application/x-www-form-urlencoded"
2026-09-28 22:34:50.376 - INFO: Processing the following SPARQL query:
# Tier H-vocab — title literals, large
# Goal: external-vocabulary lookup pressure with larger bounded output.
PREFIX dblp: <https://dblp.org/rdf/schema#>

CONSTRUCT { ?paper dblp:title ?title }
WHERE {
  ?paper dblp:title ?title .
}
LIMIT 100000

2026-09-28 22:34:50.376 - INFO: Requested media types of the result are: "text/turtle"
2026-09-28 22:34:50.376 - INFO: Query planning done in 0 ms
2026-09-28 22:34:50.376 - INFO: Result has unknown size (not computed yet)
2026-09-28 22:34:50.879 - INFO: Done processing query and sending result, total time was 503 ms
2026-09-28 22:34:50.949 - INFO: 
2026-09-28 22:34:50.950 - INFO: Request received via GET, no content type specified
2026-09-28 22:34:50.950 - INFO: Processing command "clear-cache": clear the cache (unpinned elements only)
2026-09-28 22:34:50.981 - INFO: 
2026-09-28 22:34:50.981 - INFO: Request received via POST, content type "application/x-www-form-urlencoded"
2026-09-28 22:34:50.982 - INFO: Processing the following SPARQL query:
# Tier H-vocab — title literals, large
# Goal: external-vocabulary lookup pressure with larger bounded output.
PREFIX dblp: <https://dblp.org/rdf/schema#>

CONSTRUCT { ?paper dblp:title ?title }
WHERE {
  ?paper dblp:title ?title .
}
LIMIT 100000

2026-09-28 22:34:50.982 - INFO: Requested media types of the result are: "text/turtle"
2026-09-28 22:34:50.982 - INFO: Query planning done in 0 ms
2026-09-28 22:34:50.982 - INFO: Result has unknown size (not computed yet)
2026-09-28 22:34:51.484 - INFO: Done processing query and sending result, total time was 502 ms
2026-09-28 22:34:51.551 - INFO: 
2026-09-28 22:34:51.551 - INFO: Request received via GET, no content type specified
2026-09-28 22:34:51.551 - INFO: Processing command "clear-cache": clear the cache (unpinned elements only)
2026-09-28 22:34:51.582 - INFO: 
2026-09-28 22:34:51.582 - INFO: Request received via POST, content type "application/x-www-form-urlencoded"
2026-09-28 22:34:51.583 - INFO: Processing the following SPARQL query:
# Tier H-vocab — title literals, large
# Goal: external-vocabulary lookup pressure with larger bounded output.
PREFIX dblp: <https://dblp.org/rdf/schema#>

CONSTRUCT { ?paper dblp:title ?title }
WHERE {
  ?paper dblp:title ?title .
}
LIMIT 100000

2026-09-28 22:34:51.583 - INFO: Requested media types of the result are: "text/turtle"
2026-09-28 22:34:51.583 - INFO: Query planning done in 0 ms
2026-09-28 22:34:51.583 - INFO: Result has unknown size (not computed yet)
2026-09-28 22:34:52.075 - INFO: Done processing query and sending result, total time was 492 ms
2026-09-28 22:34:52.144 - INFO: 
2026-09-28 22:34:52.144 - INFO: Request received via GET, no content type specified
2026-09-28 22:34:52.144 - INFO: Processing command "clear-cache": clear the cache (unpinned elements only)
2026-09-28 22:34:52.175 - INFO: 
2026-09-28 22:34:52.175 - INFO: Request received via POST, content type "application/x-www-form-urlencoded"
2026-09-28 22:34:52.175 - INFO: Processing the following SPARQL query:
# Tier H-vocab — title literals, large
# Goal: external-vocabulary lookup pressure with larger bounded output.
PREFIX dblp: <https://dblp.org/rdf/schema#>

CONSTRUCT { ?paper dblp:title ?title }
WHERE {
  ?paper dblp:title ?title .
}
LIMIT 100000

2026-09-28 22:34:52.175 - INFO: Requested media types of the result are: "text/turtle"
2026-09-28 22:34:52.175 - INFO: Query planning done in 0 ms
2026-09-28 22:34:52.175 - INFO: Result has unknown size (not computed yet)
2026-09-28 22:34:52.675 - INFO: Done processing query and sending result, total time was 500 ms
2026-09-28 22:34:52.738 - INFO: 
2026-09-28 22:34:52.738 - INFO: Request received via GET, no content type specified
2026-09-28 22:34:52.738 - INFO: Processing command "clear-cache": clear the cache (unpinned elements only)
2026-09-28 22:34:52.772 - INFO: 
2026-09-28 22:34:52.772 - INFO: Request received via POST, content type "application/x-www-form-urlencoded"
2026-09-28 22:34:52.772 - INFO: Processing the following SPARQL query:
# Tier H-vocab — title literals, large
# Goal: external-vocabulary lookup pressure with larger bounded output.
PREFIX dblp: <https://dblp.org/rdf/schema#>

CONSTRUCT { ?paper dblp:title ?title }
WHERE {
  ?paper dblp:title ?title .
}
LIMIT 100000

2026-09-28 22:34:52.772 - INFO: Requested media types of the result are: "text/turtle"
2026-09-28 22:34:52.772 - INFO: Query planning done in 0 ms
2026-09-28 22:34:52.773 - INFO: Result has unknown size (not computed yet)
2026-09-28 22:34:53.261 - INFO: Done processing query and sending result, total time was 489 ms
2026-09-28 22:34:53.326 - INFO: 
2026-09-28 22:34:53.327 - INFO: Request received via GET, no content type specified
2026-09-28 22:34:53.327 - INFO: Processing command "clear-cache": clear the cache (unpinned elements only)
2026-09-28 22:34:53.360 - INFO: 
2026-09-28 22:34:53.360 - INFO: Request received via POST, content type "application/x-www-form-urlencoded"
2026-09-28 22:34:53.360 - INFO: Processing the following SPARQL query:
# Tier H-vocab — title literals, large
# Goal: external-vocabulary lookup pressure with larger bounded output.
PREFIX dblp: <https://dblp.org/rdf/schema#>

CONSTRUCT { ?paper dblp:title ?title }
WHERE {
  ?paper dblp:title ?title .
}
LIMIT 100000

2026-09-28 22:34:53.360 - INFO: Requested media types of the result are: "text/turtle"
2026-09-28 22:34:53.361 - INFO: Query planning done in 0 ms
2026-09-28 22:34:53.361 - INFO: Result has unknown size (not computed yet)
2026-09-28 22:34:53.862 - INFO: Done processing query and sending result, total time was 502 ms
2026-09-28 22:34:53.928 - INFO: 
2026-09-28 22:34:53.928 - INFO: Request received via GET, no content type specified
2026-09-28 22:34:53.928 - INFO: Processing command "cache-stats": get cache statistics
