2026-08-12 19:14:47.007 - INFO: [1mQLever server CIKM-2494-gc801fe1b, compiled on Wed Aug 12 06:40:36 PM CEST 2026 using git hash c801fe1[22m
2026-08-12 19:14:47.007 - INFO: Cleanup of previous index directories after each rebuild enabled (--rebuild-keep-previous-index-dirs original-and-most-recent)
2026-08-12 19:14:47.007 - INFO: The git hash used to build this index was "65f84b4"
2026-08-12 19:14:47.007 - INFO: Reading vocabulary from file /local/data-ssd/stoetzem/dblp/dblp.vocabulary.words ...
2026-08-12 19:14:47.017 - INFO: Done, number of words: 446,944,668
2026-08-12 19:14:47.017 - INFO: Number of words in internal vocabulary (these are also part of the external vocabulary): 446,955
2026-08-12 19:14:47.023 - INFO: Registered PSO permutation: #relations = 6, #blocks = 8,187, #triples = 255,805,025
2026-08-12 19:14:47.045 - INFO: Registered PSO permutation: #relations = 96, #blocks = 51,023, #triples = 1,593,245,022
2026-08-12 19:14:47.047 - INFO: Registered POS permutation: #relations = 6, #blocks = 8,187, #triples = 255,805,025
2026-08-12 19:14:47.069 - INFO: Registered POS permutation: #relations = 96, #blocks = 51,023, #triples = 1,593,245,022
2026-08-12 19:14:47.086 - INFO: Registered OPS permutation: #relations = 345,357,897, #blocks = 42,492, #triples = 1,593,245,022
2026-08-12 19:14:47.105 - INFO: Registered OSP permutation: #relations = 345,357,897, #blocks = 42,492, #triples = 1,593,245,022
2026-08-12 19:14:47.117 - INFO: Registered SPO permutation: #relations = 255,804,614, #blocks = 33,993, #triples = 1,593,245,022
2026-08-12 19:14:47.127 - INFO: Registered SOP permutation: #relations = 255,804,614, #blocks = 33,993, #triples = 1,593,245,022
2026-08-12 19:14:47.127 - INFO: Reading patterns from file /local/data-ssd/stoetzem/dblp/dblp.index.patterns ...
2026-08-12 19:14:47.127 - INFO: Sorting random result tables to estimate the sorting performance of this machine ...
2026-08-12 19:14:51.702 - INFO: Initializing server ...
2026-08-12 19:14:51.702 - INFO: No access token required for restricted API calls
2026-08-12 19:14:51.702 - INFO: The server is ready, listening for requests on port 7015 ...
2026-08-12 19:14:51.801 - INFO: 
2026-08-12 19:14:51.801 - INFO: Request received via POST, content type "application/x-www-form-urlencoded"
2026-08-12 19:14:51.804 - INFO: Processing the following SPARQL query:
# Tier R1 — STATE (real-world, small result) — SELECT variant
# Bounded materialization of a real DBLP venue subgraph as CSV/TSV rows.
PREFIX dblp: <https://dblp.org/rdf/schema#>

SELECT ?paper ?p ?o
WHERE {
  ?paper a dblp:Publication ;
         dblp:publishedInStream <https://dblp.org/streams/conf/stoc> ;
         ?p ?o .
}
LIMIT 50000

2026-08-12 19:14:51.804 - INFO: Requested media types of the result are: "text/csv"
2026-08-12 19:14:51.808 - INFO: Query planning done in 7 ms
2026-08-12 19:14:51.812 - INFO: Result has unknown size (not computed yet)
2026-08-12 19:14:52.783 - INFO: Done processing query and sending result, total time was 982 ms
2026-08-12 19:14:52.803 - INFO: 
2026-08-12 19:14:52.803 - INFO: Request received via GET, no content type specified
2026-08-12 19:14:52.803 - INFO: Processing command "cache-stats": get cache statistics
2026-08-12 19:14:52.822 - INFO: 
2026-08-12 19:14:52.822 - INFO: Request received via POST, content type "application/x-www-form-urlencoded"
2026-08-12 19:14:52.822 - INFO: Processing the following SPARQL query:
# Tier R1 — STATE (real-world, small result) — SELECT variant
# Bounded materialization of a real DBLP venue subgraph as CSV/TSV rows.
PREFIX dblp: <https://dblp.org/rdf/schema#>

SELECT ?paper ?p ?o
WHERE {
  ?paper a dblp:Publication ;
         dblp:publishedInStream <https://dblp.org/streams/conf/stoc> ;
         ?p ?o .
}
LIMIT 50000

2026-08-12 19:14:52.822 - INFO: Requested media types of the result are: "text/csv"
2026-08-12 19:14:52.822 - INFO: Query planning done in 0 ms
2026-08-12 19:14:52.825 - INFO: Result has unknown size (not computed yet)
2026-08-12 19:14:53.065 - INFO: Done processing query and sending result, total time was 243 ms
2026-08-12 19:14:53.085 - INFO: 
2026-08-12 19:14:53.085 - INFO: Request received via GET, no content type specified
2026-08-12 19:14:53.085 - INFO: Processing command "cache-stats": get cache statistics
