2026-07-30 22:56:22.438 - INFO: [1mQLever server v0.5.50-58-gbdd1a6b9, compiled on Thu Jul 30 22:03:57 CEST 2026 using git hash bdd1a6b[22m
2026-07-30 22:56:22.439 - INFO: The git hash used to build this index was "8c99fe"
2026-07-30 22:56:22.439 - INFO: Reading vocabulary from file /home/userNoPriv/code/qlever/qlever-indices/dblp/dblp.vocabulary.words ...
2026-07-30 22:56:22.457 - INFO: Done, number of words: 409,446,926
2026-07-30 22:56:22.457 - INFO: Number of words in internal vocabulary (these are also part of the external vocabulary): 409,457
2026-07-30 22:56:22.468 - INFO: Registered PSO permutation: #relations = 6, #blocks = 7,515, #triples = 234,800,838
2026-07-30 22:56:22.491 - INFO: Registered PSO permutation: #relations = 96, #blocks = 46,913, #triples = 1,464,719,701
2026-07-30 22:56:22.495 - INFO: Registered POS permutation: #relations = 6, #blocks = 7,515, #triples = 234,800,838
2026-07-30 22:56:22.520 - INFO: Registered POS permutation: #relations = 96, #blocks = 46,913, #triples = 1,464,719,701
2026-07-30 22:56:22.540 - INFO: Registered OPS permutation: #relations = 318,850,904, #blocks = 39,014, #triples = 1,464,719,701
2026-07-30 22:56:22.560 - INFO: Registered OSP permutation: #relations = 318,850,904, #blocks = 39,014, #triples = 1,464,719,701
2026-07-30 22:56:22.580 - INFO: Registered SPO permutation: #relations = 234,800,427, #blocks = 31,251, #triples = 1,464,719,701
2026-07-30 22:56:22.593 - INFO: Registered SOP permutation: #relations = 234,800,427, #blocks = 31,251, #triples = 1,464,719,701
2026-07-30 22:56:22.593 - INFO: Reading patterns from file /home/userNoPriv/code/qlever/qlever-indices/dblp/dblp.index.patterns ...
2026-07-30 22:56:22.595 - INFO: Sorting random result tables to estimate the sorting performance of this machine ...
2026-07-30 22:56:31.768 - INFO: Initializing server ...
2026-07-30 22:56:31.768 - INFO: No access token required for restricted API calls
2026-07-30 22:56:31.768 - INFO: The server is ready, listening for requests on port 7015 ...
2026-07-30 22:56:31.791 - INFO: 
2026-07-30 22:56:31.791 - INFO: Request received via GET, no content type specified
2026-07-30 22:56:31.791 - INFO: Processing command "cache-stats": get cache statistics
2026-07-30 22:56:31.800 - INFO: 
2026-07-30 22:56:31.800 - INFO: Request received via POST, content type "application/x-www-form-urlencoded"
2026-07-30 22:56:31.803 - INFO: Processing the following SPARQL query:
# Tier H-vocab — creator-name literals, small
# Goal: external-vocabulary lookup pressure on a different predicate path.
PREFIX dblp: <https://dblp.org/rdf/schema#>

CONSTRUCT { ?creator dblp:creatorName ?name }
WHERE {
  ?creator dblp:creatorName ?name .
}
LIMIT 10000

2026-07-30 22:56:31.803 - INFO: Requested media types of the result are: "text/turtle"
2026-07-30 22:56:31.804 - INFO: Query planning done in 3 ms
2026-07-30 22:56:31.804 - INFO: Result has unknown size (not computed yet)
2026-07-30 22:56:33.817 - INFO: Done processing query and sending result, total time was 2,016 ms
2026-07-30 22:56:33.826 - INFO: 
2026-07-30 22:56:33.826 - INFO: Request received via GET, no content type specified
2026-07-30 22:56:33.826 - INFO: Processing command "cache-stats": get cache statistics
