2026-10-07 00:55:55.812 - INFO: [1mQLever server CIKM-2801-g4dd60f853, compiled on Tue Oct  6 07:51:44 UTC 2026 using git hash 4dd60f8[22m
2026-10-07 00:55:55.813 - INFO: Cleanup of previous index directories after each rebuild enabled (--rebuild-keep-previous-index-dirs original-and-most-recent)
2026-10-07 00:55:55.813 - INFO: The git hash used to build this index was "65f84b4"
2026-10-07 00:55:55.813 - INFO: Reading vocabulary from file /local/data-ssd/stoetzem/wikidata/wikidata.vocabulary.words ...
2026-10-07 00:56:10.260 - INFO: Done, number of words: 1,580,300,680
2026-10-07 00:56:10.260 - INFO: Number of words in internal vocabulary (these are also part of the external vocabulary): 777,658,536
2026-10-07 00:56:10.342 - INFO: Registered PSO permutation: #relations = 10,100, #blocks = 225,155, #triples = 6,983,973,847
2026-10-07 00:56:10.451 - INFO: Registered PSO permutation: #relations = 13,566, #blocks = 264,339, #triples = 8,220,417,022
2026-10-07 00:56:10.525 - INFO: Registered POS permutation: #relations = 10,100, #blocks = 225,155, #triples = 6,983,973,847
2026-10-07 00:56:10.639 - INFO: Registered POS permutation: #relations = 13,566, #blocks = 264,339, #triples = 8,220,417,022
2026-10-07 00:56:10.735 - INFO: Registered OPS permutation: #relations = 1,683,253,489, #blocks = 222,728, #triples = 8,220,417,022
2026-10-07 00:56:10.827 - INFO: Registered OSP permutation: #relations = 1,683,253,489, #blocks = 222,728, #triples = 8,220,417,022
2026-10-07 00:56:10.890 - INFO: Registered SPO permutation: #relations = 252,534,289, #blocks = 175,741, #triples = 8,220,417,022
2026-10-07 00:56:10.952 - INFO: Registered SOP permutation: #relations = 252,534,289, #blocks = 175,741, #triples = 8,220,417,022
2026-10-07 00:56:10.952 - INFO: Reading patterns from file /local/data-ssd/stoetzem/wikidata/wikidata.index.patterns ...
2026-10-07 00:56:12.532 - WARN: The geo points of this index use the encoding "lat-major", which is deprecated and will not be supported for much longer; with this encoding, a spatial prefilter on points can only restrict the latitude; please build the index with the default encoding "z-order" (just omit the option `--geo-point-encoding` of `qlever-index`)
2026-10-07 00:56:12.532 - INFO: Sorting random result tables to estimate the sorting performance of this machine ...
2026-10-07 00:56:21.261 - INFO: Initializing server ...
2026-10-07 00:56:21.261 - INFO: No access token required for restricted API calls
2026-10-07 00:56:21.261 - INFO: The server is ready, listening for requests on port 7015 ...
2026-10-07 00:56:21.367 - INFO: 
2026-10-07 00:56:21.367 - INFO: Request received via POST, content type "application/x-www-form-urlencoded"
2026-10-07 00:56:21.371 - INFO: Processing the following SPARQL query:
# Scattered-read candidate (io-screen 2026-10-06): German labels of all scholarly articles (Q13442814; long titles).
# No VALUES: one P+O bound class scan (wdt:P31 wd:Q13442814), then the German
# label scan. German literals are in the external (on-disk) vocabulary.
# A sparse class spreads its label IDs over the sorted vocabulary, so few
# reads share a page. Public endpoint count (2026-10): ~0.26M German labels.
PREFIX wd: <http://www.wikidata.org/entity/>
PREFIX wdt: <http://www.wikidata.org/prop/direct/>
PREFIX rdfs: <http://www.w3.org/2000/01/rdf-schema#>
PREFIX schema: <http://schema.org/>
PREFIX skos: <http://www.w3.org/2004/02/skos/core#>

CONSTRUCT { ?entity rdfs:label ?label }
WHERE {
  ?entity wdt:P31 wd:Q13442814 .
  ?entity rdfs:label ?label .
  FILTER(LANG(?label) = "de")
}

2026-10-07 00:56:21.371 - INFO: Requested media types of the result are: "text/turtle"
2026-10-07 00:56:21.372 - INFO: Query planning done in 4 ms
2026-10-07 00:56:21.372 - INFO: Result has unknown size (not computed yet)
2026-10-07 00:56:24.425 - INFO: Done processing query and sending result, total time was 3,057 ms
