2026-10-08 02:49:54.768 - INFO: [1mQLever server CIKM-3095-g60efca19a, compiled on Wed Oct  7 21:02:12 UTC 2026 using git hash 60efca1[22m
2026-10-08 02:49:54.768 - INFO: Cleanup of previous index directories after each rebuild enabled (--rebuild-keep-previous-index-dirs original-and-most-recent)
2026-10-08 02:49:54.770 - INFO: The git hash used to build this index was "65f84b4"
2026-10-08 02:49:54.771 - INFO: Reading vocabulary from file /local/data-ssd/stoetzem/wikidata/wikidata.vocabulary.words ...
2026-10-08 02:50:11.036 - INFO: Done, number of words: 1,580,300,680
2026-10-08 02:50:11.036 - INFO: Number of words in internal vocabulary (these are also part of the external vocabulary): 777,658,536
2026-10-08 02:50:11.134 - INFO: Registered PSO permutation: #relations = 10,100, #blocks = 225,155, #triples = 6,983,973,847
2026-10-08 02:50:11.259 - INFO: Registered PSO permutation: #relations = 13,566, #blocks = 264,339, #triples = 8,220,417,022
2026-10-08 02:50:11.358 - INFO: Registered POS permutation: #relations = 10,100, #blocks = 225,155, #triples = 6,983,973,847
2026-10-08 02:50:11.483 - INFO: Registered POS permutation: #relations = 13,566, #blocks = 264,339, #triples = 8,220,417,022
2026-10-08 02:50:11.586 - INFO: Registered OPS permutation: #relations = 1,683,253,489, #blocks = 222,728, #triples = 8,220,417,022
2026-10-08 02:50:11.691 - INFO: Registered OSP permutation: #relations = 1,683,253,489, #blocks = 222,728, #triples = 8,220,417,022
2026-10-08 02:50:11.760 - INFO: Registered SPO permutation: #relations = 252,534,289, #blocks = 175,741, #triples = 8,220,417,022
2026-10-08 02:50:11.829 - INFO: Registered SOP permutation: #relations = 252,534,289, #blocks = 175,741, #triples = 8,220,417,022
2026-10-08 02:50:11.829 - INFO: Reading patterns from file /local/data-ssd/stoetzem/wikidata/wikidata.index.patterns ...
2026-10-08 02:50:13.593 - INFO: Sorting random result tables to estimate the sorting performance of this machine ...
2026-10-08 02:50:24.180 - INFO: Initializing server ...
2026-10-08 02:50:24.180 - INFO: ExportEngineV2 serialize posts onto queryThreadPool_ (8 threads); no extra V2 pool. Helpers stop admitting when another query is registered.
2026-10-08 02:50:24.180 - INFO: No access token required for restricted API calls
2026-10-08 02:50:24.180 - INFO: The server is ready, listening for requests on port 7015 ...
2026-10-08 02:50:24.380 - INFO: 
2026-10-08 02:50:24.380 - INFO: Request received via POST, content type "application/x-www-form-urlencoded"
2026-10-08 02:50:24.384 - INFO: Processing the following SPARQL query:
# Tier H-vocab — English labels, large
# Physical: P+O bound scan of wdt:P31 wd:Q5 (class postings), then
# S+P bound SPO scan of rdfs:label. LANG(?label) maps label IDs to
# strings. CONSTRUCT writes entity IRI + label.
# Targets: large sequential class scan, label vocabulary, 1.3 GiB Turtle
# serialize. Same query as wikidata-construct-humans-label-en.
PREFIX wd: <http://www.wikidata.org/entity/>
PREFIX wdt: <http://www.wikidata.org/prop/direct/>
PREFIX rdfs: <http://www.w3.org/2000/01/rdf-schema#>

CONSTRUCT { ?entity rdfs:label ?label }
WHERE {
  ?entity wdt:P31 wd:Q5 .
  ?entity rdfs:label ?label .
  FILTER(LANG(?label) = "en")
}

2026-10-08 02:50:24.384 - INFO: Requested media types of the result are: "text/turtle"
2026-10-08 02:50:24.398 - INFO: Query planning done in 17 ms
2026-10-08 02:50:24.398 - INFO: ExportEngine: FastStreamingV2 [Reason: Fast-Path V2 selected (eligible export query with explicit or default opt-in)]
2026-10-08 02:50:24.398 - INFO: Using ExportEngineV2 for text/turtle export
2026-10-08 02:50:24.398 - INFO: Result has unknown size (not computed yet)
2026-10-08 02:50:24.399 - INFO: ExportEngineV2 streaming lazy result blocks to morsels on queryThreadPool_ (no extra V2 threads)
2026-10-08 02:50:32.189 - INFO: Done processing query and sending result, total time was 7,808 ms
2026-10-08 02:50:32.214 - INFO: 
2026-10-08 02:50:32.214 - INFO: Request received via GET, no content type specified
2026-10-08 02:50:32.214 - INFO: Processing command "cache-stats": get cache statistics
2026-10-08 02:50:32.238 - INFO: 
2026-10-08 02:50:32.238 - INFO: Request received via GET, no content type specified
2026-10-08 02:50:32.238 - INFO: Processing command "clear-cache": clear the cache (unpinned elements only)
2026-10-08 02:50:32.264 - INFO: 
2026-10-08 02:50:32.264 - INFO: Request received via GET, no content type specified
2026-10-08 02:50:32.264 - INFO: Processing command "cache-stats": get cache statistics
2026-10-08 02:50:32.292 - INFO: 
2026-10-08 02:50:32.292 - INFO: Request received via POST, content type "application/x-www-form-urlencoded"
2026-10-08 02:50:32.293 - INFO: Processing the following SPARQL query:
# Tier H-vocab — English labels, large
# Physical: P+O bound scan of wdt:P31 wd:Q5 (class postings), then
# S+P bound SPO scan of rdfs:label. LANG(?label) maps label IDs to
# strings. CONSTRUCT writes entity IRI + label.
# Targets: large sequential class scan, label vocabulary, 1.3 GiB Turtle
# serialize. Same query as wikidata-construct-humans-label-en.
PREFIX wd: <http://www.wikidata.org/entity/>
PREFIX wdt: <http://www.wikidata.org/prop/direct/>
PREFIX rdfs: <http://www.w3.org/2000/01/rdf-schema#>

CONSTRUCT { ?entity rdfs:label ?label }
WHERE {
  ?entity wdt:P31 wd:Q5 .
  ?entity rdfs:label ?label .
  FILTER(LANG(?label) = "en")
}

2026-10-08 02:50:32.293 - INFO: Requested media types of the result are: "text/turtle"
2026-10-08 02:50:32.294 - INFO: Query planning done in 1 ms
2026-10-08 02:50:32.294 - INFO: ExportEngine: FastStreamingV2 [Reason: Fast-Path V2 selected (eligible export query with explicit or default opt-in)]
2026-10-08 02:50:32.294 - INFO: Using ExportEngineV2 for text/turtle export
2026-10-08 02:50:32.294 - INFO: Result has unknown size (not computed yet)
2026-10-08 02:50:32.294 - INFO: ExportEngineV2 streaming lazy result blocks to morsels on queryThreadPool_ (no extra V2 threads)
2026-10-08 02:50:40.194 - INFO: Done processing query and sending result, total time was 7,901 ms
2026-10-08 02:50:40.224 - INFO: 
2026-10-08 02:50:40.224 - INFO: Request received via GET, no content type specified
2026-10-08 02:50:40.224 - INFO: Processing command "clear-cache": clear the cache (unpinned elements only)
2026-10-08 02:50:40.258 - INFO: 
2026-10-08 02:50:40.258 - INFO: Request received via POST, content type "application/x-www-form-urlencoded"
2026-10-08 02:50:40.258 - INFO: Processing the following SPARQL query:
# Tier H-vocab — English labels, large
# Physical: P+O bound scan of wdt:P31 wd:Q5 (class postings), then
# S+P bound SPO scan of rdfs:label. LANG(?label) maps label IDs to
# strings. CONSTRUCT writes entity IRI + label.
# Targets: large sequential class scan, label vocabulary, 1.3 GiB Turtle
# serialize. Same query as wikidata-construct-humans-label-en.
PREFIX wd: <http://www.wikidata.org/entity/>
PREFIX wdt: <http://www.wikidata.org/prop/direct/>
PREFIX rdfs: <http://www.w3.org/2000/01/rdf-schema#>

CONSTRUCT { ?entity rdfs:label ?label }
WHERE {
  ?entity wdt:P31 wd:Q5 .
  ?entity rdfs:label ?label .
  FILTER(LANG(?label) = "en")
}

2026-10-08 02:50:40.258 - INFO: Requested media types of the result are: "text/turtle"
2026-10-08 02:50:40.260 - INFO: Query planning done in 1 ms
2026-10-08 02:50:40.260 - INFO: ExportEngine: FastStreamingV2 [Reason: Fast-Path V2 selected (eligible export query with explicit or default opt-in)]
2026-10-08 02:50:40.260 - INFO: Using ExportEngineV2 for text/turtle export
2026-10-08 02:50:40.260 - INFO: Result has unknown size (not computed yet)
2026-10-08 02:50:40.260 - INFO: ExportEngineV2 streaming lazy result blocks to morsels on queryThreadPool_ (no extra V2 threads)
2026-10-08 02:50:47.337 - INFO: Done processing query and sending result, total time was 7,079 ms
2026-10-08 02:50:47.364 - INFO: 
2026-10-08 02:50:47.364 - INFO: Request received via GET, no content type specified
2026-10-08 02:50:47.364 - INFO: Processing command "cache-stats": get cache statistics
