2026-09-28 23:03:52.854 - INFO: [1mQLever server CIKM-2691-g476247bc2, compiled on Mon Sep 28 18:22:56 UTC 2026 using git hash 476247b[22m
2026-09-28 23:03:52.854 - INFO: Runtime parameter set from the command line: vocabulary-iouring-page-cache-fast-path=false
2026-09-28 23:03:52.854 - INFO: Runtime parameter set from the command line: vocabulary-bench-fadvise-random=false
2026-09-28 23:03:52.854 - INFO: Cleanup of previous index directories after each rebuild enabled (--rebuild-keep-previous-index-dirs original-and-most-recent)
2026-09-28 23:03:52.855 - INFO: The git hash used to build this index was "65f84b4"
2026-09-28 23:03:52.855 - INFO: Reading vocabulary from file /local/data-ssd/stoetzem/qlever-indices/dblp/dblp.vocabulary.words ...
2026-09-28 23:03:52.866 - INFO: Done, number of words: 446,944,668
2026-09-28 23:03:52.866 - INFO: Number of words in internal vocabulary (these are also part of the external vocabulary): 446,955
2026-09-28 23:03:52.872 - INFO: Registered PSO permutation: #relations = 6, #blocks = 8,187, #triples = 255,805,025
2026-09-28 23:03:52.899 - INFO: Registered PSO permutation: #relations = 96, #blocks = 51,023, #triples = 1,593,245,022
2026-09-28 23:03:52.901 - INFO: Registered POS permutation: #relations = 6, #blocks = 8,187, #triples = 255,805,025
2026-09-28 23:03:52.918 - INFO: Registered POS permutation: #relations = 96, #blocks = 51,023, #triples = 1,593,245,022
2026-09-28 23:03:52.932 - INFO: Registered OPS permutation: #relations = 345,357,897, #blocks = 42,492, #triples = 1,593,245,022
2026-09-28 23:03:52.946 - INFO: Registered OSP permutation: #relations = 345,357,897, #blocks = 42,492, #triples = 1,593,245,022
2026-09-28 23:03:52.955 - INFO: Registered SPO permutation: #relations = 255,804,614, #blocks = 33,993, #triples = 1,593,245,022
2026-09-28 23:03:52.963 - INFO: Registered SOP permutation: #relations = 255,804,614, #blocks = 33,993, #triples = 1,593,245,022
2026-09-28 23:03:52.963 - INFO: Reading patterns from file /local/data-ssd/stoetzem/qlever-indices/dblp/dblp.index.patterns ...
2026-09-28 23:03:52.963 - INFO: Sorting random result tables to estimate the sorting performance of this machine ...
2026-09-28 23:04:00.824 - INFO: Initializing server ...
2026-09-28 23:04:00.824 - INFO: No access token required for restricted API calls
2026-09-28 23:04:00.824 - INFO: The server is ready, listening for requests on port 7015 ...
2026-09-28 23:04:00.953 - INFO: 
2026-09-28 23:04:00.953 - INFO: Request received via POST, content type "application/x-www-form-urlencoded"
2026-09-28 23:04:00.955 - INFO: Processing the following SPARQL query:
# Tier H-vocab — title literals, large
# Goal: external-vocabulary lookup pressure with larger bounded output.
PREFIX dblp: <https://dblp.org/rdf/schema#>

CONSTRUCT { ?paper dblp:title ?title }
WHERE {
  ?paper dblp:title ?title .
}
LIMIT 100000

2026-09-28 23:04:00.955 - INFO: Requested media types of the result are: "text/turtle"
2026-09-28 23:04:00.955 - INFO: Query planning done in 2 ms
2026-09-28 23:04:00.955 - INFO: Result has unknown size (not computed yet)
FASTPATH_STATS calls=46 offsetPairs=46733 offsetPairHits=0 offsetPairsRing=46733 offsetRuns=0 offsetRunHits=0 words=46733 wordHits=0 wordsRing=46733 wordBytes=1133855 wordHitBytes=0 preadvCalls=0 preadvFull=0 preadvEagain=0 preadvPartial=0 fadviseCalls=0
FASTPATH_STATS calls=87 offsetPairs=87509 offsetPairHits=0 offsetPairsRing=87509 offsetRuns=0 offsetRunHits=0 words=87509 wordHits=0 wordsRing=87509 wordBytes=2120391 wordHitBytes=0 preadvCalls=0 preadvFull=0 preadvEagain=0 preadvPartial=0 fadviseCalls=0
FASTPATH_STATS calls=126 offsetPairs=126388 offsetPairHits=0 offsetPairsRing=126388 offsetRuns=0 offsetRunHits=0 words=126388 wordHits=0 wordsRing=126388 wordBytes=3174546 wordHitBytes=0 preadvCalls=0 preadvFull=0 preadvEagain=0 preadvPartial=0 fadviseCalls=0
FASTPATH_STATS calls=162 offsetPairs=163166 offsetPairHits=0 offsetPairsRing=163166 offsetRuns=0 offsetRunHits=0 words=163166 wordHits=0 wordsRing=163166 wordBytes=4142877 wordHitBytes=0 preadvCalls=0 preadvFull=0 preadvEagain=0 preadvPartial=0 fadviseCalls=0
FASTPATH_STATS calls=200 offsetPairs=199106 offsetPairHits=0 offsetPairsRing=199106 offsetRuns=0 offsetRunHits=0 words=199106 wordHits=0 wordsRing=199106 wordBytes=5130591 wordHitBytes=0 preadvCalls=0 preadvFull=0 preadvEagain=0 preadvPartial=0 fadviseCalls=0
2026-09-28 23:04:01.976 - INFO: Done processing query and sending result, total time was 1,023 ms
2026-09-28 23:04:02.033 - INFO: 
2026-09-28 23:04:02.033 - INFO: Request received via POST, content type "application/x-www-form-urlencoded"
2026-09-28 23:04:02.033 - INFO: Processing the following SPARQL query:
# Tier H-vocab — title literals, large
# Goal: external-vocabulary lookup pressure with larger bounded output.
PREFIX dblp: <https://dblp.org/rdf/schema#>

CONSTRUCT { ?paper dblp:title ?title }
WHERE {
  ?paper dblp:title ?title .
}
LIMIT 100000

2026-09-28 23:04:02.033 - INFO: Requested media types of the result are: "text/turtle"
2026-09-28 23:04:02.033 - INFO: Query planning done in 0 ms
2026-09-28 23:04:02.033 - INFO: Result has unknown size (not computed yet)
FASTPATH_STATS calls=219 offsetPairs=218400 offsetPairHits=0 offsetPairsRing=218400 offsetRuns=0 offsetRunHits=0 words=218400 wordHits=0 wordsRing=218400 wordBytes=5537355 wordHitBytes=0 preadvCalls=0 preadvFull=0 preadvEagain=0 preadvPartial=0 fadviseCalls=0
FASTPATH_STATS calls=253 offsetPairs=252942 offsetPairHits=0 offsetPairsRing=252942 offsetRuns=0 offsetRunHits=0 words=252942 wordHits=0 wordsRing=252942 wordBytes=6424481 wordHitBytes=0 preadvCalls=0 preadvFull=0 preadvEagain=0 preadvPartial=0 fadviseCalls=0
FASTPATH_STATS calls=288 offsetPairs=287639 offsetPairHits=0 offsetPairsRing=287639 offsetRuns=0 offsetRunHits=0 words=286615 wordHits=0 wordsRing=286615 wordBytes=7250982 wordHitBytes=0 preadvCalls=0 preadvFull=0 preadvEagain=0 preadvPartial=0 fadviseCalls=0
FASTPATH_STATS calls=321 offsetPairs=321371 offsetPairHits=0 offsetPairsRing=321371 offsetRuns=0 offsetRunHits=0 words=321371 wordHits=0 wordsRing=321371 wordBytes=8186072 wordHitBytes=0 preadvCalls=0 preadvFull=0 preadvEagain=0 preadvPartial=0 fadviseCalls=0
FASTPATH_STATS calls=359 offsetPairs=359231 offsetPairHits=0 offsetPairsRing=359231 offsetRuns=0 offsetRunHits=0 words=359231 wordHits=0 wordsRing=359231 wordBytes=9173358 wordHitBytes=0 preadvCalls=0 preadvFull=0 preadvEagain=0 preadvPartial=0 fadviseCalls=0
FASTPATH_STATS calls=397 offsetPairs=396976 offsetPairHits=0 offsetPairsRing=396976 offsetRuns=0 offsetRunHits=0 words=395953 wordHits=0 wordsRing=395953 wordBytes=10195439 wordHitBytes=0 preadvCalls=0 preadvFull=0 preadvEagain=0 preadvPartial=0 fadviseCalls=0
2026-09-28 23:04:03.188 - INFO: Done processing query and sending result, total time was 1,155 ms
