2026-09-28 23:04:23.728 - INFO: [1mQLever server CIKM-2691-g476247bc2, compiled on Mon Sep 28 18:22:56 UTC 2026 using git hash 476247b[22m
2026-09-28 23:04:23.728 - INFO: Runtime parameter set from the command line: vocabulary-iouring-page-cache-fast-path=true
2026-09-28 23:04:23.728 - INFO: Runtime parameter set from the command line: vocabulary-bench-fadvise-random=false
2026-09-28 23:04:23.728 - INFO: Cleanup of previous index directories after each rebuild enabled (--rebuild-keep-previous-index-dirs original-and-most-recent)
2026-09-28 23:04:23.736 - INFO: The git hash used to build this index was "65f84b4"
2026-09-28 23:04:23.736 - INFO: Reading vocabulary from file /local/data-ssd/stoetzem/qlever-indices/dblp/dblp.vocabulary.words ...
2026-09-28 23:04:23.754 - INFO: Done, number of words: 446,944,668
2026-09-28 23:04:23.754 - INFO: Number of words in internal vocabulary (these are also part of the external vocabulary): 446,955
2026-09-28 23:04:23.763 - INFO: Registered PSO permutation: #relations = 6, #blocks = 8,187, #triples = 255,805,025
2026-09-28 23:04:23.785 - INFO: Registered PSO permutation: #relations = 96, #blocks = 51,023, #triples = 1,593,245,022
2026-09-28 23:04:23.788 - INFO: Registered POS permutation: #relations = 6, #blocks = 8,187, #triples = 255,805,025
2026-09-28 23:04:23.810 - INFO: Registered POS permutation: #relations = 96, #blocks = 51,023, #triples = 1,593,245,022
2026-09-28 23:04:23.828 - INFO: Registered OPS permutation: #relations = 345,357,897, #blocks = 42,492, #triples = 1,593,245,022
2026-09-28 23:04:23.846 - INFO: Registered OSP permutation: #relations = 345,357,897, #blocks = 42,492, #triples = 1,593,245,022
2026-09-28 23:04:23.858 - INFO: Registered SPO permutation: #relations = 255,804,614, #blocks = 33,993, #triples = 1,593,245,022
2026-09-28 23:04:23.868 - INFO: Registered SOP permutation: #relations = 255,804,614, #blocks = 33,993, #triples = 1,593,245,022
2026-09-28 23:04:23.868 - INFO: Reading patterns from file /local/data-ssd/stoetzem/qlever-indices/dblp/dblp.index.patterns ...
2026-09-28 23:04:23.868 - INFO: Sorting random result tables to estimate the sorting performance of this machine ...
2026-09-28 23:04:31.811 - INFO: Initializing server ...
2026-09-28 23:04:31.812 - INFO: No access token required for restricted API calls
2026-09-28 23:04:31.812 - INFO: The server is ready, listening for requests on port 7015 ...
2026-09-28 23:04:32.063 - INFO: 
2026-09-28 23:04:32.063 - INFO: Request received via POST, content type "application/x-www-form-urlencoded"
2026-09-28 23:04:32.067 - INFO: Processing the following SPARQL query:
# Tier H-vocab — title literals, large
# Goal: external-vocabulary lookup pressure with larger bounded output.
PREFIX dblp: <https://dblp.org/rdf/schema#>

CONSTRUCT { ?paper dblp:title ?title }
WHERE {
  ?paper dblp:title ?title .
}
LIMIT 100000

2026-09-28 23:04:32.067 - INFO: Requested media types of the result are: "text/turtle"
2026-09-28 23:04:32.075 - INFO: Query planning done in 11 ms
2026-09-28 23:04:32.076 - INFO: Result has unknown size (not computed yet)
FASTPATH_STATS calls=52 offsetPairs=52813 offsetPairHits=39969 offsetPairsRing=11831 offsetRuns=24407 offsetRunHits=15877 words=51800 wordHits=34107 wordsRing=17693 wordBytes=1247833 wordHitBytes=651031 preadvCalls=49343 preadvFull=25065 preadvEagain=24236 preadvPartial=42 fadviseCalls=0
FASTPATH_STATS calls=109 offsetPairs=110004 offsetPairHits=95251 offsetPairsRing=14753 offsetRuns=52985 offsetRunHits=42602 words=110004 wordHits=76540 wordsRing=33464 wordBytes=2744462 wordHitBytes=1542452 preadvCalls=105399 preadvFull=64133 preadvEagain=41188 preadvPartial=78 fadviseCalls=0
FASTPATH_STATS calls=176 offsetPairs=177377 offsetPairHits=162340 offsetPairsRing=15037 offsetRuns=86969 offsetRunHits=76302 words=177377 wordHits=133273 wordsRing=44104 wordBytes=4523619 wordHitBytes=2887482 preadvCalls=173283 preadvFull=121622 preadvEagain=51535 preadvPartial=126 fadviseCalls=0
2026-09-28 23:04:32.767 - INFO: Done processing query and sending result, total time was 703 ms
