[2026-09-20T18:42:36Z] binary gates ok (both arms link liburing)
[2026-09-20T18:42:36Z] preflight ok
base_commit=7bd97790e9ee6d5b2f6305fd8fd1c8000b63710b
baseline_binary=/local/data-ssd/stoetzem/wt/feat/iouring-compressed-routing/build/qlever-server
baseline_version=/local/data-ssd/stoetzem/wt/feat/iouring-compressed-routing/build/qlever-server v0.6.0-117-g54134bb35
variant_branch=register-files-routed
variant_binary=/local/data-ssd/stoetzem/wt/feat/iouring-register-files-routed/build/qlever-server
variant_version=/local/data-ssd/stoetzem/wt/feat/iouring-register-files-routed/build/qlever-server v0.6.0-200-g0fa3c4a23
index=/local/data-ssd/stoetzem/wikidata/index-for-upgrade-new-format/wikidata
uname=7.0.0-28-generic
date=2026-09-20T18:42:36Z
[2026-09-20T18:42:38Z] === arm baseline (/local/data-ssd/stoetzem/wt/feat/iouring-compressed-routing/build/qlever-server)
[2026-09-20T18:43:01Z] server ready pid 3419786 (baseline)
[2026-09-20T18:43:01Z] warmup baseline large-de (discarded)

/local/data-ssd/stoetzem/thesis/experiments/runs/wikidata-register-files-routed-ab/baseline-large-de-warm code=200 wall=17.748368s sha=dcd2b1bc77fce98409640e9a234aa92688de7ba54eeff9c0556752e814f8c5e1 wall_s=17.5 usr=3.2 sys=3.5 iowait=0.1 idle=93.2 proc_cpu_s=18.3 proc_cpu_pct=104.5
peak_read_MBps=0 high_share=1.00 high_proc_cores=1.05
Caches dropped successfully (synced, then wrote 1
 to /proc/sys/vm/drop_caches).
/local/data-ssd/stoetzem/thesis/experiments/runs/wikidata-register-files-routed-ab/baseline-large-de-cold1 code=200 wall=25.410259s sha=dcd2b1bc77fce98409640e9a234aa92688de7ba54eeff9c0556752e814f8c5e1 wall_s=25.0 usr=2.3 sys=4.2 iowait=0.1 idle=93.4 proc_cpu_s=25.5 proc_cpu_pct=102.1
peak_read_MBps=853 high_share=0.34 high_proc_cores=1.01
Caches dropped successfully (synced, then wrote 1
 to /proc/sys/vm/drop_caches).
/local/data-ssd/stoetzem/thesis/experiments/runs/wikidata-register-files-routed-ab/baseline-large-de-cold2 code=200 wall=25.310535s sha=dcd2b1bc77fce98409640e9a234aa92688de7ba54eeff9c0556752e814f8c5e1 wall_s=25.0 usr=2.3 sys=4.2 iowait=0.1 idle=93.4 proc_cpu_s=25.6 proc_cpu_pct=102.2
peak_read_MBps=840 high_share=0.40 high_proc_cores=1.01
[2026-09-20T18:44:51Z] warmup baseline scatter200k-de (discarded)

/local/data-ssd/stoetzem/thesis/experiments/runs/wikidata-register-files-routed-ab/baseline-scatter200k-de-warm code=200 wall=5.122693s sha=497dacfdffcc71ac2acc3f748140e9d6b27586f7d7b743ccdb98289101fb4ad9 wall_s=5.0 usr=3.6 sys=1.8 iowait=0.0 idle=94.6 proc_cpu_s=4.2 proc_cpu_pct=84.5
peak_read_MBps=0 high_share=1.00 high_proc_cores=0.85
Caches dropped successfully (synced, then wrote 1
 to /proc/sys/vm/drop_caches).
/local/data-ssd/stoetzem/thesis/experiments/runs/wikidata-register-files-routed-ab/baseline-scatter200k-de-cold1 code=200 wall=11.354005s sha=497dacfdffcc71ac2acc3f748140e9d6b27586f7d7b743ccdb98289101fb4ad9 wall_s=11.0 usr=1.8 sys=2.4 iowait=1.7 idle=94.2 proc_cpu_s=7.3 proc_cpu_pct=66.1
peak_read_MBps=556 high_share=0.55 high_proc_cores=0.78
Caches dropped successfully (synced, then wrote 1
 to /proc/sys/vm/drop_caches).
/local/data-ssd/stoetzem/thesis/experiments/runs/wikidata-register-files-routed-ab/baseline-scatter200k-de-cold2 code=200 wall=11.220556s sha=497dacfdffcc71ac2acc3f748140e9d6b27586f7d7b743ccdb98289101fb4ad9 wall_s=11.0 usr=1.7 sys=2.4 iowait=1.6 idle=94.3 proc_cpu_s=7.2 proc_cpu_pct=65.6
peak_read_MBps=553 high_share=0.59 high_proc_cores=0.81
[2026-09-20T18:45:46Z] server stopped (baseline)
[2026-09-20T18:45:56Z] === arm initial-ring (/local/data-ssd/stoetzem/wt/feat/iouring-register-files-routed/build/qlever-server)
[2026-09-20T18:46:19Z] server ready pid 3420569 (initial-ring)
[2026-09-20T18:46:19Z] warmup initial-ring large-de (discarded)

/local/data-ssd/stoetzem/thesis/experiments/runs/wikidata-register-files-routed-ab/initial-ring-large-de-warm code=200 wall=15.259698s sha=dcd2b1bc77fce98409640e9a234aa92688de7ba54eeff9c0556752e814f8c5e1 wall_s=15.0 usr=3.6 sys=3.2 iowait=0.0 idle=93.2 proc_cpu_s=15.8 proc_cpu_pct=105.3
peak_read_MBps=0 high_share=1.00 high_proc_cores=1.05
Caches dropped successfully (synced, then wrote 1
 to /proc/sys/vm/drop_caches).
/local/data-ssd/stoetzem/thesis/experiments/runs/wikidata-register-files-routed-ab/initial-ring-large-de-cold1 code=200 wall=23.455940s sha=dcd2b1bc77fce98409640e9a234aa92688de7ba54eeff9c0556752e814f8c5e1 wall_s=23.0 usr=2.4 sys=4.1 iowait=0.1 idle=93.4 proc_cpu_s=23.4 proc_cpu_pct=101.8
peak_read_MBps=842 high_share=0.43 high_proc_cores=1.01
Caches dropped successfully (synced, then wrote 1
 to /proc/sys/vm/drop_caches).
/local/data-ssd/stoetzem/thesis/experiments/runs/wikidata-register-files-routed-ab/initial-ring-large-de-cold2 code=200 wall=23.311832s sha=dcd2b1bc77fce98409640e9a234aa92688de7ba54eeff9c0556752e814f8c5e1 wall_s=23.0 usr=2.4 sys=4.1 iowait=0.1 idle=93.4 proc_cpu_s=23.4 proc_cpu_pct=101.7
peak_read_MBps=853 high_share=0.43 high_proc_cores=1.01
[2026-09-20T18:47:59Z] warmup initial-ring scatter200k-de (discarded)

/local/data-ssd/stoetzem/thesis/experiments/runs/wikidata-register-files-routed-ab/initial-ring-scatter200k-de-warm code=200 wall=4.929522s sha=497dacfdffcc71ac2acc3f748140e9d6b27586f7d7b743ccdb98289101fb4ad9 wall_s=4.5 usr=3.4 sys=1.8 iowait=0.1 idle=94.8 proc_cpu_s=3.6 proc_cpu_pct=80.6
peak_read_MBps=0 high_share=1.00 high_proc_cores=0.81
Caches dropped successfully (synced, then wrote 1
 to /proc/sys/vm/drop_caches).
/local/data-ssd/stoetzem/thesis/experiments/runs/wikidata-register-files-routed-ab/initial-ring-scatter200k-de-cold1 code=200 wall=10.886028s sha=497dacfdffcc71ac2acc3f748140e9d6b27586f7d7b743ccdb98289101fb4ad9 wall_s=10.5 usr=1.8 sys=2.2 iowait=1.7 idle=94.3 proc_cpu_s=6.7 proc_cpu_pct=63.7
peak_read_MBps=553 high_share=0.57 high_proc_cores=0.79
Caches dropped successfully (synced, then wrote 1
 to /proc/sys/vm/drop_caches).
/local/data-ssd/stoetzem/thesis/experiments/runs/wikidata-register-files-routed-ab/initial-ring-scatter200k-de-cold2 code=200 wall=10.760765s sha=497dacfdffcc71ac2acc3f748140e9d6b27586f7d7b743ccdb98289101fb4ad9 wall_s=10.5 usr=1.8 sys=2.2 iowait=1.7 idle=94.3 proc_cpu_s=6.7 proc_cpu_pct=64.1
peak_read_MBps=589 high_share=0.48 high_proc_cores=0.87
[2026-09-20T18:48:53Z] server stopped (initial-ring)
[2026-09-20T18:48:53Z] A/B complete
