[2026-10-07T21:03:35Z] PR #229 wikidata turtle_export queries=H-vocab-label-large-de A-scatter-disambig-label-de scenarios=cold,warm reps=3 mode=two binaries layout=ural
[2026-10-07T21:03:35Z] base:    /local/data-ssd/stoetzem/thesis/experiments/runs/nocomp-pr229-mmap-on-p10wave-wikidata-wolga/timing/bin/qlever-server-base (77a41c663a28ebfd6453fba1e23902fd94630ff8) args='' form=''
[2026-10-07T21:03:35Z] variant: /local/data-ssd/stoetzem/thesis/experiments/runs/nocomp-pr229-mmap-on-p10wave-wikidata-wolga/timing/bin/qlever-server-variant (d6f429dde4f82148720ab7e8fc70b5338d8911ce) args='' form=''
[2026-10-07T21:03:35Z] !!!!!!!! load gate: load1=9.91 still >= 3 after 0s; running anyway !!!!!!!!
Caches dropped successfully (synced, then wrote 1
 to /proc/sys/vm/drop_caches).
fatal: not a git repository (or any parent up to mount point /local)
Stopping at filesystem boundary (GIT_DISCOVERY_ACROSS_FILESYSTEM not set).
fatal: not a git repository (or any parent up to mount point /local)
Stopping at filesystem boundary (GIT_DISCOVERY_ACROSS_FILESYSTEM not set).
fatal: not a git repository (or any parent up to mount point /local)
Stopping at filesystem boundary (GIT_DISCOVERY_ACROSS_FILESYSTEM not set).
fatal: not a git repository (or any parent up to mount point /local)
Stopping at filesystem boundary (GIT_DISCOVERY_ACROSS_FILESYSTEM not set).
fatal: not a git repository (or any parent up to mount point /local)
Stopping at filesystem boundary (GIT_DISCOVERY_ACROSS_FILESYSTEM not set).
rep 1/1: complete export=s e2e=23.379099591s 504927346 bytes syscr=8881582 pread64=2633 io_uring_enter=92916 read_bytes=9892499456 cpu_s=42.570000
[2026-10-07T21:04:33Z] pr229-H-vocab-label-large-de-cold-base-r1 done
[2026-10-07T21:04:33Z] !!!!!!!! load gate: load1=8.63 still >= 3 after 0s; running anyway !!!!!!!!
Caches dropped successfully (synced, then wrote 1
 to /proc/sys/vm/drop_caches).
fatal: not a git repository (or any parent up to mount point /local)
Stopping at filesystem boundary (GIT_DISCOVERY_ACROSS_FILESYSTEM not set).
fatal: not a git repository (or any parent up to mount point /local)
Stopping at filesystem boundary (GIT_DISCOVERY_ACROSS_FILESYSTEM not set).
fatal: not a git repository (or any parent up to mount point /local)
Stopping at filesystem boundary (GIT_DISCOVERY_ACROSS_FILESYSTEM not set).
fatal: not a git repository (or any parent up to mount point /local)
Stopping at filesystem boundary (GIT_DISCOVERY_ACROSS_FILESYSTEM not set).
fatal: not a git repository (or any parent up to mount point /local)
Stopping at filesystem boundary (GIT_DISCOVERY_ACROSS_FILESYSTEM not set).
rep 1/1: complete export=s e2e=24.999718311s 504927346 bytes syscr=4442597 pread64=2612 io_uring_enter=42277 read_bytes=11807862784 cpu_s=34.780000
[2026-10-07T21:05:46Z] pr229-H-vocab-label-large-de-cold-variant-r1 done
[2026-10-07T21:05:46Z] !!!!!!!! load gate: load1=8.28 still >= 3 after 0s; running anyway !!!!!!!!
Caches dropped successfully (synced, then wrote 1
 to /proc/sys/vm/drop_caches).
fatal: not a git repository (or any parent up to mount point /local)
Stopping at filesystem boundary (GIT_DISCOVERY_ACROSS_FILESYSTEM not set).
fatal: not a git repository (or any parent up to mount point /local)
Stopping at filesystem boundary (GIT_DISCOVERY_ACROSS_FILESYSTEM not set).
fatal: not a git repository (or any parent up to mount point /local)
Stopping at filesystem boundary (GIT_DISCOVERY_ACROSS_FILESYSTEM not set).
fatal: not a git repository (or any parent up to mount point /local)
Stopping at filesystem boundary (GIT_DISCOVERY_ACROSS_FILESYSTEM not set).
fatal: not a git repository (or any parent up to mount point /local)
Stopping at filesystem boundary (GIT_DISCOVERY_ACROSS_FILESYSTEM not set).
rep 1/1: complete export=s e2e=20.779236111s 504927346 bytes syscr=4442589 pread64=2612 io_uring_enter=50956 read_bytes=11811221504 cpu_s=31.930000
[2026-10-07T21:06:49Z] pr229-H-vocab-label-large-de-cold-variant-r2 done
[2026-10-07T21:06:49Z] !!!!!!!! load gate: load1=6.36 still >= 3 after 0s; running anyway !!!!!!!!
Caches dropped successfully (synced, then wrote 1
 to /proc/sys/vm/drop_caches).
fatal: not a git repository (or any parent up to mount point /local)
Stopping at filesystem boundary (GIT_DISCOVERY_ACROSS_FILESYSTEM not set).
fatal: not a git repository (or any parent up to mount point /local)
Stopping at filesystem boundary (GIT_DISCOVERY_ACROSS_FILESYSTEM not set).
fatal: not a git repository (or any parent up to mount point /local)
Stopping at filesystem boundary (GIT_DISCOVERY_ACROSS_FILESYSTEM not set).
fatal: not a git repository (or any parent up to mount point /local)
Stopping at filesystem boundary (GIT_DISCOVERY_ACROSS_FILESYSTEM not set).
fatal: not a git repository (or any parent up to mount point /local)
Stopping at filesystem boundary (GIT_DISCOVERY_ACROSS_FILESYSTEM not set).
rep 1/1: complete export=s e2e=23.572216057s 504927346 bytes syscr=8881582 pread64=2633 io_uring_enter=92183 read_bytes=9868537856 cpu_s=43.060000
[2026-10-07T21:07:51Z] pr229-H-vocab-label-large-de-cold-base-r2 done
[2026-10-07T21:07:51Z] !!!!!!!! load gate: load1=8.09 still >= 3 after 0s; running anyway !!!!!!!!
Caches dropped successfully (synced, then wrote 1
 to /proc/sys/vm/drop_caches).
fatal: not a git repository (or any parent up to mount point /local)
Stopping at filesystem boundary (GIT_DISCOVERY_ACROSS_FILESYSTEM not set).
fatal: not a git repository (or any parent up to mount point /local)
Stopping at filesystem boundary (GIT_DISCOVERY_ACROSS_FILESYSTEM not set).
fatal: not a git repository (or any parent up to mount point /local)
Stopping at filesystem boundary (GIT_DISCOVERY_ACROSS_FILESYSTEM not set).
fatal: not a git repository (or any parent up to mount point /local)
Stopping at filesystem boundary (GIT_DISCOVERY_ACROSS_FILESYSTEM not set).
fatal: not a git repository (or any parent up to mount point /local)
Stopping at filesystem boundary (GIT_DISCOVERY_ACROSS_FILESYSTEM not set).
rep 1/1: complete export=s e2e=22.812330168s 504927346 bytes syscr=8881582 pread64=2633 io_uring_enter=94408 read_bytes=9876955136 cpu_s=42.330000
[2026-10-07T21:08:54Z] pr229-H-vocab-label-large-de-cold-base-r3 done
[2026-10-07T21:08:55Z] !!!!!!!! load gate: load1=5.07 still >= 3 after 1s; running anyway !!!!!!!!
Caches dropped successfully (synced, then wrote 1
 to /proc/sys/vm/drop_caches).
fatal: not a git repository (or any parent up to mount point /local)
Stopping at filesystem boundary (GIT_DISCOVERY_ACROSS_FILESYSTEM not set).
fatal: not a git repository (or any parent up to mount point /local)
Stopping at filesystem boundary (GIT_DISCOVERY_ACROSS_FILESYSTEM not set).
fatal: not a git repository (or any parent up to mount point /local)
Stopping at filesystem boundary (GIT_DISCOVERY_ACROSS_FILESYSTEM not set).
fatal: not a git repository (or any parent up to mount point /local)
Stopping at filesystem boundary (GIT_DISCOVERY_ACROSS_FILESYSTEM not set).
fatal: not a git repository (or any parent up to mount point /local)
Stopping at filesystem boundary (GIT_DISCOVERY_ACROSS_FILESYSTEM not set).
rep 1/1: complete export=s e2e=23.510514394s 504927346 bytes syscr=4442597 pread64=2612 io_uring_enter=45201 read_bytes=11805204480 cpu_s=33.960000
[2026-10-07T21:10:03Z] pr229-H-vocab-label-large-de-cold-variant-r3 done
[2026-10-07T21:10:03Z] !!!!!!!! load gate: load1=9.71 still >= 3 after 0s; running anyway !!!!!!!!
fatal: not a git repository (or any parent up to mount point /local)
Stopping at filesystem boundary (GIT_DISCOVERY_ACROSS_FILESYSTEM not set).
fatal: not a git repository (or any parent up to mount point /local)
Stopping at filesystem boundary (GIT_DISCOVERY_ACROSS_FILESYSTEM not set).
fatal: not a git repository (or any parent up to mount point /local)
Stopping at filesystem boundary (GIT_DISCOVERY_ACROSS_FILESYSTEM not set).
fatal: not a git repository (or any parent up to mount point /local)
Stopping at filesystem boundary (GIT_DISCOVERY_ACROSS_FILESYSTEM not set).
fatal: not a git repository (or any parent up to mount point /local)
Stopping at filesystem boundary (GIT_DISCOVERY_ACROSS_FILESYSTEM not set).
rep 1/1: complete export=s e2e=17.246562771s 504927346 bytes syscr=8881566 pread64=2633 io_uring_enter=0 read_bytes=0 cpu_s=18.460000
[2026-10-07T21:11:26Z] pr229-H-vocab-label-large-de-warm-base-r1 done
[2026-10-07T21:11:26Z] !!!!!!!! load gate: load1=5.98 still >= 3 after 0s; running anyway !!!!!!!!
fatal: not a git repository (or any parent up to mount point /local)
Stopping at filesystem boundary (GIT_DISCOVERY_ACROSS_FILESYSTEM not set).
fatal: not a git repository (or any parent up to mount point /local)
Stopping at filesystem boundary (GIT_DISCOVERY_ACROSS_FILESYSTEM not set).
fatal: not a git repository (or any parent up to mount point /local)
Stopping at filesystem boundary (GIT_DISCOVERY_ACROSS_FILESYSTEM not set).
fatal: not a git repository (or any parent up to mount point /local)
Stopping at filesystem boundary (GIT_DISCOVERY_ACROSS_FILESYSTEM not set).
fatal: not a git repository (or any parent up to mount point /local)
Stopping at filesystem boundary (GIT_DISCOVERY_ACROSS_FILESYSTEM not set).
rep 1/1: complete export=s e2e=13.717923625s 504927346 bytes syscr=4442577 pread64=2612 io_uring_enter=0 read_bytes=0 cpu_s=14.830000
[2026-10-07T21:12:39Z] pr229-H-vocab-label-large-de-warm-variant-r1 done
[2026-10-07T21:12:39Z] !!!!!!!! load gate: load1=7.90 still >= 3 after 0s; running anyway !!!!!!!!
fatal: not a git repository (or any parent up to mount point /local)
Stopping at filesystem boundary (GIT_DISCOVERY_ACROSS_FILESYSTEM not set).
fatal: not a git repository (or any parent up to mount point /local)
Stopping at filesystem boundary (GIT_DISCOVERY_ACROSS_FILESYSTEM not set).
fatal: not a git repository (or any parent up to mount point /local)
Stopping at filesystem boundary (GIT_DISCOVERY_ACROSS_FILESYSTEM not set).
fatal: not a git repository (or any parent up to mount point /local)
Stopping at filesystem boundary (GIT_DISCOVERY_ACROSS_FILESYSTEM not set).
fatal: not a git repository (or any parent up to mount point /local)
Stopping at filesystem boundary (GIT_DISCOVERY_ACROSS_FILESYSTEM not set).
rep 1/1: complete export=s e2e=12.413339375s 504927346 bytes syscr=4442577 pread64=2612 io_uring_enter=0 read_bytes=0 cpu_s=13.710000
[2026-10-07T21:13:51Z] pr229-H-vocab-label-large-de-warm-variant-r2 done
[2026-10-07T21:13:51Z] !!!!!!!! load gate: load1=4.48 still >= 3 after 0s; running anyway !!!!!!!!
fatal: not a git repository (or any parent up to mount point /local)
Stopping at filesystem boundary (GIT_DISCOVERY_ACROSS_FILESYSTEM not set).
fatal: not a git repository (or any parent up to mount point /local)
Stopping at filesystem boundary (GIT_DISCOVERY_ACROSS_FILESYSTEM not set).
fatal: not a git repository (or any parent up to mount point /local)
Stopping at filesystem boundary (GIT_DISCOVERY_ACROSS_FILESYSTEM not set).
fatal: not a git repository (or any parent up to mount point /local)
Stopping at filesystem boundary (GIT_DISCOVERY_ACROSS_FILESYSTEM not set).
fatal: not a git repository (or any parent up to mount point /local)
Stopping at filesystem boundary (GIT_DISCOVERY_ACROSS_FILESYSTEM not set).
rep 1/1: complete export=s e2e=19.173933318s 504927346 bytes syscr=8881574 pread64=2633 io_uring_enter=0 read_bytes=0 cpu_s=20.270000
[2026-10-07T21:15:24Z] pr229-H-vocab-label-large-de-warm-base-r2 done
[2026-10-07T21:15:24Z] !!!!!!!! load gate: load1=7.15 still >= 3 after 0s; running anyway !!!!!!!!
fatal: not a git repository (or any parent up to mount point /local)
Stopping at filesystem boundary (GIT_DISCOVERY_ACROSS_FILESYSTEM not set).
fatal: not a git repository (or any parent up to mount point /local)
Stopping at filesystem boundary (GIT_DISCOVERY_ACROSS_FILESYSTEM not set).
fatal: not a git repository (or any parent up to mount point /local)
Stopping at filesystem boundary (GIT_DISCOVERY_ACROSS_FILESYSTEM not set).
fatal: not a git repository (or any parent up to mount point /local)
Stopping at filesystem boundary (GIT_DISCOVERY_ACROSS_FILESYSTEM not set).
fatal: not a git repository (or any parent up to mount point /local)
Stopping at filesystem boundary (GIT_DISCOVERY_ACROSS_FILESYSTEM not set).
rep 1/1: complete export=s e2e=16.677217344s 504927346 bytes syscr=8881570 pread64=2633 io_uring_enter=0 read_bytes=0 cpu_s=17.820000
[2026-10-07T21:16:42Z] pr229-H-vocab-label-large-de-warm-base-r3 done
[2026-10-07T21:16:42Z] !!!!!!!! load gate: load1=6.06 still >= 3 after 0s; running anyway !!!!!!!!
fatal: not a git repository (or any parent up to mount point /local)
Stopping at filesystem boundary (GIT_DISCOVERY_ACROSS_FILESYSTEM not set).
fatal: not a git repository (or any parent up to mount point /local)
Stopping at filesystem boundary (GIT_DISCOVERY_ACROSS_FILESYSTEM not set).
fatal: not a git repository (or any parent up to mount point /local)
Stopping at filesystem boundary (GIT_DISCOVERY_ACROSS_FILESYSTEM not set).
fatal: not a git repository (or any parent up to mount point /local)
Stopping at filesystem boundary (GIT_DISCOVERY_ACROSS_FILESYSTEM not set).
fatal: not a git repository (or any parent up to mount point /local)
Stopping at filesystem boundary (GIT_DISCOVERY_ACROSS_FILESYSTEM not set).
rep 1/1: complete export=s e2e=12.396915872s 504927346 bytes syscr=4442573 pread64=2612 io_uring_enter=0 read_bytes=0 cpu_s=13.780000
[2026-10-07T21:17:54Z] pr229-H-vocab-label-large-de-warm-variant-r3 done
[2026-10-07T21:17:54Z] !!!!!!!! load gate: load1=6.18 still >= 3 after 0s; running anyway !!!!!!!!
Caches dropped successfully (synced, then wrote 1
 to /proc/sys/vm/drop_caches).
fatal: not a git repository (or any parent up to mount point /local)
Stopping at filesystem boundary (GIT_DISCOVERY_ACROSS_FILESYSTEM not set).
fatal: not a git repository (or any parent up to mount point /local)
Stopping at filesystem boundary (GIT_DISCOVERY_ACROSS_FILESYSTEM not set).
fatal: not a git repository (or any parent up to mount point /local)
Stopping at filesystem boundary (GIT_DISCOVERY_ACROSS_FILESYSTEM not set).
fatal: not a git repository (or any parent up to mount point /local)
Stopping at filesystem boundary (GIT_DISCOVERY_ACROSS_FILESYSTEM not set).
fatal: not a git repository (or any parent up to mount point /local)
Stopping at filesystem boundary (GIT_DISCOVERY_ACROSS_FILESYSTEM not set).
rep 1/1: complete export=s e2e=7.905898695s 74413425 bytes syscr=1401193 pread64=1859 io_uring_enter=62781 read_bytes=7402827776 cpu_s=29.060000
[2026-10-07T21:18:46Z] pr229-A-scatter-disambig-label-de-cold-base-r1 done
[2026-10-07T21:18:46Z] !!!!!!!! load gate: load1=10.85 still >= 3 after 0s; running anyway !!!!!!!!
Caches dropped successfully (synced, then wrote 1
 to /proc/sys/vm/drop_caches).
fatal: not a git repository (or any parent up to mount point /local)
Stopping at filesystem boundary (GIT_DISCOVERY_ACROSS_FILESYSTEM not set).
fatal: not a git repository (or any parent up to mount point /local)
Stopping at filesystem boundary (GIT_DISCOVERY_ACROSS_FILESYSTEM not set).
fatal: not a git repository (or any parent up to mount point /local)
Stopping at filesystem boundary (GIT_DISCOVERY_ACROSS_FILESYSTEM not set).
fatal: not a git repository (or any parent up to mount point /local)
Stopping at filesystem boundary (GIT_DISCOVERY_ACROSS_FILESYSTEM not set).
fatal: not a git repository (or any parent up to mount point /local)
Stopping at filesystem boundary (GIT_DISCOVERY_ACROSS_FILESYSTEM not set).
rep 1/1: complete export=s e2e=9.189836305s 74413425 bytes syscr=701713 pread64=1838 io_uring_enter=41422 read_bytes=10945843200 cpu_s=19.980000
[2026-10-07T21:19:37Z] pr229-A-scatter-disambig-label-de-cold-variant-r1 done
[2026-10-07T21:19:37Z] !!!!!!!! load gate: load1=7.74 still >= 3 after 0s; running anyway !!!!!!!!
Caches dropped successfully (synced, then wrote 1
 to /proc/sys/vm/drop_caches).
fatal: not a git repository (or any parent up to mount point /local)
Stopping at filesystem boundary (GIT_DISCOVERY_ACROSS_FILESYSTEM not set).
fatal: not a git repository (or any parent up to mount point /local)
Stopping at filesystem boundary (GIT_DISCOVERY_ACROSS_FILESYSTEM not set).
fatal: not a git repository (or any parent up to mount point /local)
Stopping at filesystem boundary (GIT_DISCOVERY_ACROSS_FILESYSTEM not set).
fatal: not a git repository (or any parent up to mount point /local)
Stopping at filesystem boundary (GIT_DISCOVERY_ACROSS_FILESYSTEM not set).
fatal: not a git repository (or any parent up to mount point /local)
Stopping at filesystem boundary (GIT_DISCOVERY_ACROSS_FILESYSTEM not set).
rep 1/1: complete export=s e2e=8.847935692s 74413425 bytes syscr=701713 pread64=1838 io_uring_enter=46815 read_bytes=10938204160 cpu_s=19.540000
[2026-10-07T21:20:22Z] pr229-A-scatter-disambig-label-de-cold-variant-r2 done
[2026-10-07T21:20:22Z] !!!!!!!! load gate: load1=5.38 still >= 3 after 0s; running anyway !!!!!!!!
Caches dropped successfully (synced, then wrote 1
 to /proc/sys/vm/drop_caches).
fatal: not a git repository (or any parent up to mount point /local)
Stopping at filesystem boundary (GIT_DISCOVERY_ACROSS_FILESYSTEM not set).
fatal: not a git repository (or any parent up to mount point /local)
Stopping at filesystem boundary (GIT_DISCOVERY_ACROSS_FILESYSTEM not set).
fatal: not a git repository (or any parent up to mount point /local)
Stopping at filesystem boundary (GIT_DISCOVERY_ACROSS_FILESYSTEM not set).
fatal: not a git repository (or any parent up to mount point /local)
Stopping at filesystem boundary (GIT_DISCOVERY_ACROSS_FILESYSTEM not set).
fatal: not a git repository (or any parent up to mount point /local)
Stopping at filesystem boundary (GIT_DISCOVERY_ACROSS_FILESYSTEM not set).
rep 1/1: complete export=s e2e=6.551745801s 74413425 bytes syscr=1401193 pread64=1859 io_uring_enter=96697 read_bytes=7418060800 cpu_s=27.260000
[2026-10-07T21:21:08Z] pr229-A-scatter-disambig-label-de-cold-base-r2 done
[2026-10-07T21:21:08Z] !!!!!!!! load gate: load1=5.18 still >= 3 after 0s; running anyway !!!!!!!!
Caches dropped successfully (synced, then wrote 1
 to /proc/sys/vm/drop_caches).
fatal: not a git repository (or any parent up to mount point /local)
Stopping at filesystem boundary (GIT_DISCOVERY_ACROSS_FILESYSTEM not set).
fatal: not a git repository (or any parent up to mount point /local)
Stopping at filesystem boundary (GIT_DISCOVERY_ACROSS_FILESYSTEM not set).
fatal: not a git repository (or any parent up to mount point /local)
Stopping at filesystem boundary (GIT_DISCOVERY_ACROSS_FILESYSTEM not set).
fatal: not a git repository (or any parent up to mount point /local)
Stopping at filesystem boundary (GIT_DISCOVERY_ACROSS_FILESYSTEM not set).
fatal: not a git repository (or any parent up to mount point /local)
Stopping at filesystem boundary (GIT_DISCOVERY_ACROSS_FILESYSTEM not set).
rep 1/1: complete export=s e2e=10.078682054s 74413425 bytes syscr=1401197 pread64=1859 io_uring_enter=59832 read_bytes=7391793152 cpu_s=27.910000
[2026-10-07T21:21:59Z] pr229-A-scatter-disambig-label-de-cold-base-r3 done
[2026-10-07T21:21:59Z] !!!!!!!! load gate: load1=12.16 still >= 3 after 0s; running anyway !!!!!!!!
Caches dropped successfully (synced, then wrote 1
 to /proc/sys/vm/drop_caches).
fatal: not a git repository (or any parent up to mount point /local)
Stopping at filesystem boundary (GIT_DISCOVERY_ACROSS_FILESYSTEM not set).
fatal: not a git repository (or any parent up to mount point /local)
Stopping at filesystem boundary (GIT_DISCOVERY_ACROSS_FILESYSTEM not set).
fatal: not a git repository (or any parent up to mount point /local)
Stopping at filesystem boundary (GIT_DISCOVERY_ACROSS_FILESYSTEM not set).
fatal: not a git repository (or any parent up to mount point /local)
Stopping at filesystem boundary (GIT_DISCOVERY_ACROSS_FILESYSTEM not set).
fatal: not a git repository (or any parent up to mount point /local)
Stopping at filesystem boundary (GIT_DISCOVERY_ACROSS_FILESYSTEM not set).
rep 1/1: complete export=s e2e=11.873702978s 74413425 bytes syscr=701717 pread64=1838 io_uring_enter=32191 read_bytes=10998652928 cpu_s=20.070000
[2026-10-07T21:23:00Z] pr229-A-scatter-disambig-label-de-cold-variant-r3 done
[2026-10-07T21:23:00Z] !!!!!!!! load gate: load1=17.92 still >= 3 after 0s; running anyway !!!!!!!!
fatal: not a git repository (or any parent up to mount point /local)
Stopping at filesystem boundary (GIT_DISCOVERY_ACROSS_FILESYSTEM not set).
fatal: not a git repository (or any parent up to mount point /local)
Stopping at filesystem boundary (GIT_DISCOVERY_ACROSS_FILESYSTEM not set).
fatal: not a git repository (or any parent up to mount point /local)
Stopping at filesystem boundary (GIT_DISCOVERY_ACROSS_FILESYSTEM not set).
fatal: not a git repository (or any parent up to mount point /local)
Stopping at filesystem boundary (GIT_DISCOVERY_ACROSS_FILESYSTEM not set).
fatal: not a git repository (or any parent up to mount point /local)
Stopping at filesystem boundary (GIT_DISCOVERY_ACROSS_FILESYSTEM not set).
rep 1/1: complete export=s e2e=4.399463748s 74413425 bytes syscr=4203555 pread64=5577 io_uring_enter=0 read_bytes=0 cpu_s=14.410000
[2026-10-07T21:24:11Z] pr229-A-scatter-disambig-label-de-warm-base-r1 done
[2026-10-07T21:24:11Z] !!!!!!!! load gate: load1=19.47 still >= 3 after 0s; running anyway !!!!!!!!
fatal: not a git repository (or any parent up to mount point /local)
Stopping at filesystem boundary (GIT_DISCOVERY_ACROSS_FILESYSTEM not set).
fatal: not a git repository (or any parent up to mount point /local)
Stopping at filesystem boundary (GIT_DISCOVERY_ACROSS_FILESYSTEM not set).
fatal: not a git repository (or any parent up to mount point /local)
Stopping at filesystem boundary (GIT_DISCOVERY_ACROSS_FILESYSTEM not set).
fatal: not a git repository (or any parent up to mount point /local)
Stopping at filesystem boundary (GIT_DISCOVERY_ACROSS_FILESYSTEM not set).
fatal: not a git repository (or any parent up to mount point /local)
Stopping at filesystem boundary (GIT_DISCOVERY_ACROSS_FILESYSTEM not set).
rep 1/1: complete export=s e2e=3.507830543s 74413425 bytes syscr=2105103 pread64=5514 io_uring_enter=0 read_bytes=0 cpu_s=11.770000
[2026-10-07T21:25:22Z] pr229-A-scatter-disambig-label-de-warm-variant-r1 done
[2026-10-07T21:25:22Z] !!!!!!!! load gate: load1=19.63 still >= 3 after 0s; running anyway !!!!!!!!
fatal: not a git repository (or any parent up to mount point /local)
Stopping at filesystem boundary (GIT_DISCOVERY_ACROSS_FILESYSTEM not set).
fatal: not a git repository (or any parent up to mount point /local)
Stopping at filesystem boundary (GIT_DISCOVERY_ACROSS_FILESYSTEM not set).
fatal: not a git repository (or any parent up to mount point /local)
Stopping at filesystem boundary (GIT_DISCOVERY_ACROSS_FILESYSTEM not set).
fatal: not a git repository (or any parent up to mount point /local)
Stopping at filesystem boundary (GIT_DISCOVERY_ACROSS_FILESYSTEM not set).
fatal: not a git repository (or any parent up to mount point /local)
Stopping at filesystem boundary (GIT_DISCOVERY_ACROSS_FILESYSTEM not set).
rep 1/1: complete export=s e2e=3.524608971s 74413425 bytes syscr=2105099 pread64=5514 io_uring_enter=0 read_bytes=0 cpu_s=11.720000
[2026-10-07T21:26:33Z] pr229-A-scatter-disambig-label-de-warm-variant-r2 done
[2026-10-07T21:26:33Z] !!!!!!!! load gate: load1=17.32 still >= 3 after 0s; running anyway !!!!!!!!
fatal: not a git repository (or any parent up to mount point /local)
Stopping at filesystem boundary (GIT_DISCOVERY_ACROSS_FILESYSTEM not set).
fatal: not a git repository (or any parent up to mount point /local)
Stopping at filesystem boundary (GIT_DISCOVERY_ACROSS_FILESYSTEM not set).
fatal: not a git repository (or any parent up to mount point /local)
Stopping at filesystem boundary (GIT_DISCOVERY_ACROSS_FILESYSTEM not set).
fatal: not a git repository (or any parent up to mount point /local)
Stopping at filesystem boundary (GIT_DISCOVERY_ACROSS_FILESYSTEM not set).
fatal: not a git repository (or any parent up to mount point /local)
Stopping at filesystem boundary (GIT_DISCOVERY_ACROSS_FILESYSTEM not set).
rep 1/1: complete export=s e2e=4.397122280s 74413425 bytes syscr=4203559 pread64=5577 io_uring_enter=0 read_bytes=0 cpu_s=14.430000
[2026-10-07T21:27:44Z] pr229-A-scatter-disambig-label-de-warm-base-r2 done
[2026-10-07T21:27:44Z] !!!!!!!! load gate: load1=15.60 still >= 3 after 0s; running anyway !!!!!!!!
fatal: not a git repository (or any parent up to mount point /local)
Stopping at filesystem boundary (GIT_DISCOVERY_ACROSS_FILESYSTEM not set).
fatal: not a git repository (or any parent up to mount point /local)
Stopping at filesystem boundary (GIT_DISCOVERY_ACROSS_FILESYSTEM not set).
fatal: not a git repository (or any parent up to mount point /local)
Stopping at filesystem boundary (GIT_DISCOVERY_ACROSS_FILESYSTEM not set).
fatal: not a git repository (or any parent up to mount point /local)
Stopping at filesystem boundary (GIT_DISCOVERY_ACROSS_FILESYSTEM not set).
fatal: not a git repository (or any parent up to mount point /local)
Stopping at filesystem boundary (GIT_DISCOVERY_ACROSS_FILESYSTEM not set).
rep 1/1: complete export=s e2e=4.145864383s 74413425 bytes syscr=4203555 pread64=5577 io_uring_enter=0 read_bytes=0 cpu_s=13.780000
[2026-10-07T21:28:55Z] pr229-A-scatter-disambig-label-de-warm-base-r3 done
[2026-10-07T21:28:55Z] !!!!!!!! load gate: load1=15.36 still >= 3 after 0s; running anyway !!!!!!!!
fatal: not a git repository (or any parent up to mount point /local)
Stopping at filesystem boundary (GIT_DISCOVERY_ACROSS_FILESYSTEM not set).
fatal: not a git repository (or any parent up to mount point /local)
Stopping at filesystem boundary (GIT_DISCOVERY_ACROSS_FILESYSTEM not set).
fatal: not a git repository (or any parent up to mount point /local)
Stopping at filesystem boundary (GIT_DISCOVERY_ACROSS_FILESYSTEM not set).
fatal: not a git repository (or any parent up to mount point /local)
Stopping at filesystem boundary (GIT_DISCOVERY_ACROSS_FILESYSTEM not set).
fatal: not a git repository (or any parent up to mount point /local)
Stopping at filesystem boundary (GIT_DISCOVERY_ACROSS_FILESYSTEM not set).
rep 1/1: complete export=s e2e=3.464453552s 74413425 bytes syscr=2105103 pread64=5514 io_uring_enter=0 read_bytes=0 cpu_s=11.620000
[2026-10-07T21:30:06Z] pr229-A-scatter-disambig-label-de-warm-variant-r3 done
# PR #229 A/B on wikidata (turtle_export)

- Base: `77a41c663a28ebfd6453fba1e23902fd94630ff8` p10-wave-77a41c66; server args: `(none)`
- Variant: `d6f429dde4f82148720ab7e8fc70b5338d8911ce` p10-wave-mmap-offsets-d6f429dd; server args: `(none)`
- Binaries: two binaries; host `wolga` (ural layout)
- Server query threads (`--num-simultaneous-queries`): 1
- Reps: 3 per arm, query and scenario; arms interleaved per rep, order alternating (odd reps base first, even reps variant first); cold reps run after `clear-caches`.
- Noise rule: within noise when |delta| < 1% or the min..max ranges overlap.

## Timing (elapsed_s, end to end)

| query | scenario | arm | n | median | min | max | delta vs base | verdict | correctness |
|---|---|---|---|---|---|---|---|---|---|
| H-vocab-label-large-de | cold | p10-wave-77a41c66 | 3 | 23.3791 | 22.8123 | 23.5722 |  |  |  |
| H-vocab-label-large-de | cold | p10-wave-mmap-offsets-d6f429dd | 3 | 23.5105 | 20.7792 | 24.9997 | +0.56% | within noise | identical bytes |
| H-vocab-label-large-de | warm | p10-wave-77a41c66 | 3 | 17.2466 | 16.6772 | 19.1739 |  |  |  |
| H-vocab-label-large-de | warm | p10-wave-mmap-offsets-d6f429dd | 3 | 12.4133 | 12.3969 | 13.7179 | -28.02% | variant faster | identical bytes |
| A-scatter-disambig-label-de | cold | p10-wave-77a41c66 | 3 | 7.9059 | 6.5517 | 10.0787 |  |  |  |
| A-scatter-disambig-label-de | cold | p10-wave-mmap-offsets-d6f429dd | 3 | 9.1898 | 8.8479 | 11.8737 | +16.24% | within noise | identical bytes |
| A-scatter-disambig-label-de | warm | p10-wave-77a41c66 | 3 | 4.3971 | 4.1459 | 4.3995 |  |  |  |
| A-scatter-disambig-label-de | warm | p10-wave-mmap-offsets-d6f429dd | 3 | 3.5078 | 3.4645 | 3.5246 | -20.22% | variant faster | identical bytes |

## Verdict

- H-vocab-label-large-de cold: within noise (+0.56%); correctness: identical bytes
- H-vocab-label-large-de warm: variant faster (-28.02%); correctness: identical bytes
- A-scatter-disambig-label-de cold: within noise (+16.24%); correctness: identical bytes
- A-scatter-disambig-label-de warm: variant faster (-20.22%); correctness: identical bytes

## Gates

- `gate-postflight-cold.log`: == POSTFLIGHT: PASS ==
- `gate-postflight-warm.log`: == POSTFLIGHT: PASS ==
- `gate-preflight-base.log`: == PREFLIGHT: PASS ==
- `gate-preflight-variant.log`: == PREFLIGHT: PASS ==
- `gate-verify-base.log`: VERDICT: PASS — binary is trustworthy for benchmarking
- `gate-verify-variant.log`: VERDICT: PASS — binary is trustworthy for benchmarking

## Problems

None: every rep complete, non-empty and correct.

Artifacts: `results.csv` (all reps), `<scenario>/<query>/<arm>/raw/` (harness output per rep), `correctness.tsv`, `build-env.txt`, `env-before.txt`, `env-after.txt`, `gate-*.log`, `driver.log`.
[2026-10-07T21:30:36Z] finished rc=0 run=/local/data-ssd/stoetzem/thesis/experiments/runs/nocomp-pr229-mmap-on-p10wave-wikidata-wolga/timing
