2026-09-28 23:41:27.326 - INFO: [1mQLever server v0.6.0-204-g33572f35e, compiled on Mon Sep 28 19:28:05 UTC 2026 using git hash 33572f3[22m
2026-09-28 23:41:27.326 - INFO: Runtime parameter set from the command line: vocabulary-iouring-page-cache-fast-path=true
2026-09-28 23:41:27.326 - INFO: Cleanup of previous index directories after each rebuild enabled (--rebuild-keep-previous-index-dirs original-and-most-recent)
2026-09-28 23:41:27.327 - INFO: The git hash used to build this index was "65f84b4"
2026-09-28 23:41:27.327 - INFO: Reading vocabulary from file /local/data-ssd/stoetzem/qlever-indices/dblp/dblp.vocabulary.words ...
2026-09-28 23:41:27.337 - INFO: Done, number of words: 446,944,668
2026-09-28 23:41:27.337 - INFO: Number of words in internal vocabulary (these are also part of the external vocabulary): 446,955
2026-09-28 23:41:27.343 - INFO: Registered PSO permutation: #relations = 6, #blocks = 8,187, #triples = 255,805,025
2026-09-28 23:41:27.370 - INFO: Registered PSO permutation: #relations = 96, #blocks = 51,023, #triples = 1,593,245,022
2026-09-28 23:41:27.373 - INFO: Registered POS permutation: #relations = 6, #blocks = 8,187, #triples = 255,805,025
2026-09-28 23:41:27.399 - INFO: Registered POS permutation: #relations = 96, #blocks = 51,023, #triples = 1,593,245,022
2026-09-28 23:41:27.421 - INFO: Registered OPS permutation: #relations = 345,357,897, #blocks = 42,492, #triples = 1,593,245,022
2026-09-28 23:41:27.444 - INFO: Registered OSP permutation: #relations = 345,357,897, #blocks = 42,492, #triples = 1,593,245,022
2026-09-28 23:41:27.458 - INFO: Registered SPO permutation: #relations = 255,804,614, #blocks = 33,993, #triples = 1,593,245,022
2026-09-28 23:41:27.470 - INFO: Registered SOP permutation: #relations = 255,804,614, #blocks = 33,993, #triples = 1,593,245,022
2026-09-28 23:41:27.471 - INFO: Reading patterns from file /local/data-ssd/stoetzem/qlever-indices/dblp/dblp.index.patterns ...
2026-09-28 23:41:27.471 - INFO: Sorting random result tables to estimate the sorting performance of this machine ...
2026-09-28 23:41:39.158 - INFO: Initializing server ...
2026-09-28 23:41:39.158 - INFO: No access token required for restricted API calls
2026-09-28 23:41:39.159 - INFO: The server is ready, listening for requests on port 7015 ...
2026-09-28 23:41:39.419 - INFO: 
2026-09-28 23:41:39.419 - INFO: Request received via POST, content type "application/x-www-form-urlencoded"
2026-09-28 23:41:39.423 - INFO: Processing the following SPARQL query:
# Tier H-vocab — title literals, large
# Goal: external-vocabulary lookup pressure with larger bounded output.
PREFIX dblp: <https://dblp.org/rdf/schema#>

CONSTRUCT { ?paper dblp:title ?title }
WHERE {
  ?paper dblp:title ?title .
}
LIMIT 100000

2026-09-28 23:41:39.423 - INFO: Requested media types of the result are: "text/turtle"
2026-09-28 23:41:39.423 - INFO: Query planning done in 3 ms
2026-09-28 23:41:39.423 - INFO: Result has unknown size (not computed yet)
2026-09-28 23:41:39.976 - INFO: Done processing query and sending result, total time was 557 ms
2026-09-28 23:41:40.024 - INFO: 
2026-09-28 23:41:40.024 - INFO: Request received via POST, content type "application/x-www-form-urlencoded"
2026-09-28 23:41:40.024 - INFO: Processing the following SPARQL query:
# Tier H-vocab — title literals, large
# Goal: external-vocabulary lookup pressure with larger bounded output.
PREFIX dblp: <https://dblp.org/rdf/schema#>

CONSTRUCT { ?paper dblp:title ?title }
WHERE {
  ?paper dblp:title ?title .
}
LIMIT 100000

2026-09-28 23:41:40.024 - INFO: Requested media types of the result are: "text/turtle"
2026-09-28 23:41:40.024 - INFO: Query planning done in 0 ms
2026-09-28 23:41:40.025 - INFO: Result has unknown size (not computed yet)
2026-09-28 23:41:40.580 - INFO: Done processing query and sending result, total time was 556 ms
