2026-09-28 23:47:06.812 - INFO: [1mQLever server v0.6.0-308-g95f657ab9, compiled on Mon Sep 28 19:27:32 UTC 2026 using git hash 95f657a[22m
2026-09-28 23:47:06.812 - INFO: Runtime parameter set from the command line: iouring-adaptive-batch-enabled=false
2026-09-28 23:47:06.812 - INFO: Cleanup of previous index directories after each rebuild enabled (--rebuild-keep-previous-index-dirs original-and-most-recent)
2026-09-28 23:47:06.813 - INFO: The git hash used to build this index was "65f84b4"
2026-09-28 23:47:06.818 - INFO: Reading vocabulary from file /local/data-ssd/stoetzem/qlever-indices/dblp/dblp.vocabulary.words ...
2026-09-28 23:47:06.841 - INFO: Done, number of words: 446,944,668
2026-09-28 23:47:06.841 - INFO: Number of words in internal vocabulary (these are also part of the external vocabulary): 446,955
2026-09-28 23:47:06.848 - INFO: Registered PSO permutation: #relations = 6, #blocks = 8,187, #triples = 255,805,025
2026-09-28 23:47:06.897 - INFO: Registered PSO permutation: #relations = 96, #blocks = 51,023, #triples = 1,593,245,022
2026-09-28 23:47:06.904 - INFO: Registered POS permutation: #relations = 6, #blocks = 8,187, #triples = 255,805,025
2026-09-28 23:47:06.950 - INFO: Registered POS permutation: #relations = 96, #blocks = 51,023, #triples = 1,593,245,022
2026-09-28 23:47:06.989 - INFO: Registered OPS permutation: #relations = 345,357,897, #blocks = 42,492, #triples = 1,593,245,022
2026-09-28 23:47:07.023 - INFO: Registered OSP permutation: #relations = 345,357,897, #blocks = 42,492, #triples = 1,593,245,022
2026-09-28 23:47:07.044 - INFO: Registered SPO permutation: #relations = 255,804,614, #blocks = 33,993, #triples = 1,593,245,022
2026-09-28 23:47:07.058 - INFO: Registered SOP permutation: #relations = 255,804,614, #blocks = 33,993, #triples = 1,593,245,022
2026-09-28 23:47:07.058 - INFO: Reading patterns from file /local/data-ssd/stoetzem/qlever-indices/dblp/dblp.index.patterns ...
2026-09-28 23:47:07.059 - INFO: Sorting random result tables to estimate the sorting performance of this machine ...
2026-09-28 23:47:15.450 - INFO: Initializing server ...
2026-09-28 23:47:15.451 - INFO: No access token required for restricted API calls
2026-09-28 23:47:15.451 - INFO: The server is ready, listening for requests on port 7015 ...
2026-09-28 23:47:15.599 - INFO: 
2026-09-28 23:47:15.599 - INFO: Request received via POST, content type "application/x-www-form-urlencoded"
2026-09-28 23:47:15.602 - INFO: Processing the following SPARQL query:
# Tier H-vocab — title literals, large
# Goal: external-vocabulary lookup pressure with larger bounded output.
PREFIX dblp: <https://dblp.org/rdf/schema#>

CONSTRUCT { ?paper dblp:title ?title }
WHERE {
  ?paper dblp:title ?title .
}
LIMIT 100000

2026-09-28 23:47:15.602 - INFO: Requested media types of the result are: "text/turtle"
2026-09-28 23:47:15.603 - INFO: Query planning done in 3 ms
2026-09-28 23:47:15.603 - INFO: Result has unknown size (not computed yet)
2026-09-28 23:47:16.119 - INFO: Done processing query and sending result, total time was 519 ms
2026-09-28 23:47:16.191 - INFO: 
2026-09-28 23:47:16.191 - INFO: Request received via POST, content type "application/x-www-form-urlencoded"
2026-09-28 23:47:16.191 - INFO: Processing the following SPARQL query:
# Tier H-vocab — title literals, large
# Goal: external-vocabulary lookup pressure with larger bounded output.
PREFIX dblp: <https://dblp.org/rdf/schema#>

CONSTRUCT { ?paper dblp:title ?title }
WHERE {
  ?paper dblp:title ?title .
}
LIMIT 100000

2026-09-28 23:47:16.191 - INFO: Requested media types of the result are: "text/turtle"
2026-09-28 23:47:16.191 - INFO: Query planning done in 0 ms
2026-09-28 23:47:16.191 - INFO: Result has unknown size (not computed yet)
2026-09-28 23:47:16.605 - INFO: Done processing query and sending result, total time was 413 ms
