2026-09-26 22:27:49.419 - INFO: [1mQLever server v0.6.0-206-gc8f70dff8, compiled on Sat Sep 26 10:27:18 PM CEST 2026 using git hash c8f70df[22m
2026-09-26 22:27:49.419 - INFO: Runtime parameter set from the command line: use-swar-export-delimiters=false
2026-09-26 22:27:49.419 - INFO: Cleanup of previous index directories after each rebuild enabled (--rebuild-keep-previous-index-dirs original-and-most-recent)
2026-09-26 22:27:49.419 - INFO: The git hash used to build this index was "65f84b4"
2026-09-26 22:27:49.419 - INFO: Reading vocabulary from file /local/data-ssd/stoetzem/dblp/dblp.vocabulary.words ...
2026-09-26 22:27:49.428 - INFO: Done, number of words: 446,944,668
2026-09-26 22:27:49.428 - INFO: Number of words in internal vocabulary (these are also part of the external vocabulary): 446,955
2026-09-26 22:27:49.434 - INFO: Registered PSO permutation: #relations = 6, #blocks = 8,187, #triples = 255,805,025
2026-09-26 22:27:49.455 - INFO: Registered PSO permutation: #relations = 96, #blocks = 51,023, #triples = 1,593,245,022
2026-09-26 22:27:49.458 - INFO: Registered POS permutation: #relations = 6, #blocks = 8,187, #triples = 255,805,025
2026-09-26 22:27:49.480 - INFO: Registered POS permutation: #relations = 96, #blocks = 51,023, #triples = 1,593,245,022
2026-09-26 22:27:49.499 - INFO: Registered OPS permutation: #relations = 345,357,897, #blocks = 42,492, #triples = 1,593,245,022
2026-09-26 22:27:49.517 - INFO: Registered OSP permutation: #relations = 345,357,897, #blocks = 42,492, #triples = 1,593,245,022
2026-09-26 22:27:49.530 - INFO: Registered SPO permutation: #relations = 255,804,614, #blocks = 33,993, #triples = 1,593,245,022
2026-09-26 22:27:49.540 - INFO: Registered SOP permutation: #relations = 255,804,614, #blocks = 33,993, #triples = 1,593,245,022
2026-09-26 22:27:49.540 - INFO: Reading patterns from file /local/data-ssd/stoetzem/dblp/dblp.index.patterns ...
2026-09-26 22:27:49.540 - INFO: Sorting random result tables to estimate the sorting performance of this machine ...
2026-09-26 22:27:57.644 - INFO: Initializing server ...
2026-09-26 22:27:57.644 - INFO: No access token required for restricted API calls
2026-09-26 22:27:57.644 - INFO: The server is ready, listening for requests on port 7015 ...
2026-09-26 22:27:57.719 - INFO: 
2026-09-26 22:27:57.719 - INFO: Request received via POST, content type "application/x-www-form-urlencoded"
2026-09-26 22:27:57.722 - INFO: Processing the following SPARQL query:
# Tier R1 — STATE (real-world, small result) — SELECT variant
# Bounded materialization of a real DBLP venue subgraph as CSV/TSV rows.
PREFIX dblp: <https://dblp.org/rdf/schema#>

SELECT ?paper ?p ?o
WHERE {
  ?paper a dblp:Publication ;
         dblp:publishedInStream <https://dblp.org/streams/conf/stoc> ;
         ?p ?o .
}
LIMIT 50000

2026-09-26 22:27:57.722 - INFO: Requested media types of the result are: "text/csv"
2026-09-26 22:27:57.727 - INFO: Query planning done in 7 ms
2026-09-26 22:27:57.731 - INFO: Result has unknown size (not computed yet)
2026-09-26 22:27:58.746 - INFO: Done processing query and sending result, total time was 1,026 ms
2026-09-26 22:27:58.766 - INFO: 
2026-09-26 22:27:58.766 - INFO: Request received via GET, no content type specified
2026-09-26 22:27:58.766 - INFO: Processing command "cache-stats": get cache statistics
2026-09-26 22:27:58.784 - INFO: 
2026-09-26 22:27:58.784 - INFO: Request received via GET, no content type specified
2026-09-26 22:27:58.784 - INFO: Processing command "clear-cache": clear the cache (unpinned elements only)
2026-09-26 22:27:58.803 - INFO: 
2026-09-26 22:27:58.803 - INFO: Request received via GET, no content type specified
2026-09-26 22:27:58.803 - INFO: Processing command "cache-stats": get cache statistics
2026-09-26 22:27:58.821 - INFO: 
2026-09-26 22:27:58.821 - INFO: Request received via POST, content type "application/x-www-form-urlencoded"
2026-09-26 22:27:58.822 - INFO: Processing the following SPARQL query:
# Tier R1 — STATE (real-world, small result) — SELECT variant
# Bounded materialization of a real DBLP venue subgraph as CSV/TSV rows.
PREFIX dblp: <https://dblp.org/rdf/schema#>

SELECT ?paper ?p ?o
WHERE {
  ?paper a dblp:Publication ;
         dblp:publishedInStream <https://dblp.org/streams/conf/stoc> ;
         ?p ?o .
}
LIMIT 50000

2026-09-26 22:27:58.822 - INFO: Requested media types of the result are: "text/csv"
2026-09-26 22:27:58.822 - INFO: Query planning done in 0 ms
2026-09-26 22:27:58.825 - INFO: Result has unknown size (not computed yet)
2026-09-26 22:27:59.096 - INFO: Done processing query and sending result, total time was 274 ms
2026-09-26 22:27:59.116 - INFO: 
2026-09-26 22:27:59.116 - INFO: Request received via GET, no content type specified
2026-09-26 22:27:59.116 - INFO: Processing command "cache-stats": get cache statistics
