2026-09-28 22:58:47.547 - INFO: [1mQLever server v0.6.0-358-ga51fb47a8, compiled on Mon Sep 28 19:27:59 UTC 2026 using git hash a51fb47[22m
2026-09-28 22:58:47.547 - INFO: Cleanup of previous index directories after each rebuild enabled (--rebuild-keep-previous-index-dirs original-and-most-recent)
2026-09-28 22:58:47.547 - INFO: The git hash used to build this index was "65f84b4"
2026-09-28 22:58:47.547 - INFO: Reading vocabulary from file /local/data-ssd/stoetzem/qlever-indices/dblp/dblp.vocabulary.words ...
2026-09-28 22:58:47.554 - INFO: Done, number of words: 446,944,668
2026-09-28 22:58:47.554 - INFO: Number of words in internal vocabulary (these are also part of the external vocabulary): 446,955
2026-09-28 22:58:47.558 - INFO: Registered PSO permutation: #relations = 6, #blocks = 8,187, #triples = 255,805,025
2026-09-28 22:58:47.575 - INFO: Registered PSO permutation: #relations = 96, #blocks = 51,023, #triples = 1,593,245,022
2026-09-28 22:58:47.577 - INFO: Registered POS permutation: #relations = 6, #blocks = 8,187, #triples = 255,805,025
2026-09-28 22:58:47.594 - INFO: Registered POS permutation: #relations = 96, #blocks = 51,023, #triples = 1,593,245,022
2026-09-28 22:58:47.609 - INFO: Registered OPS permutation: #relations = 345,357,897, #blocks = 42,492, #triples = 1,593,245,022
2026-09-28 22:58:47.623 - INFO: Registered OSP permutation: #relations = 345,357,897, #blocks = 42,492, #triples = 1,593,245,022
2026-09-28 22:58:47.632 - INFO: Registered SPO permutation: #relations = 255,804,614, #blocks = 33,993, #triples = 1,593,245,022
2026-09-28 22:58:47.640 - INFO: Registered SOP permutation: #relations = 255,804,614, #blocks = 33,993, #triples = 1,593,245,022
2026-09-28 22:58:47.640 - INFO: Reading patterns from file /local/data-ssd/stoetzem/qlever-indices/dblp/dblp.index.patterns ...
2026-09-28 22:58:47.640 - INFO: Sorting random result tables to estimate the sorting performance of this machine ...
2026-09-28 22:58:55.636 - INFO: Initializing server ...
2026-09-28 22:58:55.636 - INFO: No access token required for restricted API calls
2026-09-28 22:58:55.636 - INFO: The server is ready, listening for requests on port 7015 ...
2026-09-28 22:58:55.909 - INFO: 
2026-09-28 22:58:55.909 - INFO: Request received via POST, content type "application/x-www-form-urlencoded"
2026-09-28 22:58:55.913 - INFO: Processing the following SPARQL query:
# Tier H-vocab — title literals, large
# Goal: external-vocabulary lookup pressure with larger bounded output.
PREFIX dblp: <https://dblp.org/rdf/schema#>

CONSTRUCT { ?paper dblp:title ?title }
WHERE {
  ?paper dblp:title ?title .
}
LIMIT 100000

2026-09-28 22:58:55.913 - INFO: Requested media types of the result are: "text/turtle"
2026-09-28 22:58:55.913 - INFO: Query planning done in 4 ms
2026-09-28 22:58:55.914 - INFO: Result has unknown size (not computed yet)
2026-09-28 22:58:56.313 - INFO: Done processing query and sending result, total time was 403 ms
2026-09-28 22:58:56.378 - INFO: 
2026-09-28 22:58:56.378 - INFO: Request received via POST, content type "application/x-www-form-urlencoded"
2026-09-28 22:58:56.379 - INFO: Processing the following SPARQL query:
# Tier H-vocab — title literals, large
# Goal: external-vocabulary lookup pressure with larger bounded output.
PREFIX dblp: <https://dblp.org/rdf/schema#>

CONSTRUCT { ?paper dblp:title ?title }
WHERE {
  ?paper dblp:title ?title .
}
LIMIT 100000

2026-09-28 22:58:56.379 - INFO: Requested media types of the result are: "text/turtle"
2026-09-28 22:58:56.379 - INFO: Query planning done in 0 ms
2026-09-28 22:58:56.379 - INFO: Result has unknown size (not computed yet)
2026-09-28 22:58:56.763 - INFO: Done processing query and sending result, total time was 384 ms
