2026-08-11 13:29:27.510 - INFO: [1mQLever server v0.5.50-58-gbdd1a6b9, compiled on Fri Jul 31 12:36:09 CEST 2026 using git hash bdd1a6b[22m
2026-08-11 13:29:27.510 - INFO: The git hash used to build this index was "bdd1a6b"
2026-08-11 13:29:27.510 - INFO: Reading vocabulary from file /home/userNoPriv/code/qlever/qlever-indices/dblp/dblp.vocabulary.words ...
2026-08-11 13:29:27.529 - INFO: Done, number of words: 409,446,926
2026-08-11 13:29:27.529 - INFO: Number of words in internal vocabulary (these are also part of the external vocabulary): 409,457
2026-08-11 13:29:27.540 - INFO: Registered PSO permutation: #relations = 6, #blocks = 7,515, #triples = 234,800,838
2026-08-11 13:29:27.565 - INFO: Registered PSO permutation: #relations = 96, #blocks = 46,913, #triples = 1,464,719,701
2026-08-11 13:29:27.569 - INFO: Registered POS permutation: #relations = 6, #blocks = 7,515, #triples = 234,800,838
2026-08-11 13:29:27.592 - INFO: Registered POS permutation: #relations = 96, #blocks = 46,913, #triples = 1,464,719,701
2026-08-11 13:29:27.613 - INFO: Registered OPS permutation: #relations = 318,850,904, #blocks = 39,014, #triples = 1,464,719,701
2026-08-11 13:29:27.633 - INFO: Registered OSP permutation: #relations = 318,850,904, #blocks = 39,014, #triples = 1,464,719,701
2026-08-11 13:29:27.650 - INFO: Registered SPO permutation: #relations = 234,800,427, #blocks = 31,251, #triples = 1,464,719,701
2026-08-11 13:29:27.662 - INFO: Registered SOP permutation: #relations = 234,800,427, #blocks = 31,251, #triples = 1,464,719,701
2026-08-11 13:29:27.662 - INFO: Reading patterns from file /home/userNoPriv/code/qlever/qlever-indices/dblp/dblp.index.patterns ...
2026-08-11 13:29:27.663 - INFO: Sorting random result tables to estimate the sorting performance of this machine ...
2026-08-11 13:29:36.434 - INFO: Initializing server ...
2026-08-11 13:29:36.434 - INFO: No access token required for restricted API calls
2026-08-11 13:29:36.434 - INFO: The server is ready, listening for requests on port 7088 ...
2026-08-11 13:29:36.544 - INFO: 
2026-08-11 13:29:36.544 - INFO: Request received via POST, content type "application/x-www-form-urlencoded"
2026-08-11 13:29:36.546 - INFO: Processing the following SPARQL query:
# Tier R3 — STATE (real-world, duplicate-heavy)
# Real venue export joined through author signatures, exercising deduplication.
PREFIX dblp: <https://dblp.org/rdf/schema#>

CONSTRUCT { ?paper ?p ?o }
WHERE {
  ?paper a dblp:Publication ;
         dblp:publishedInStream <https://dblp.org/streams/conf/stoc> ;
         dblp:hasSignature ?sig .
  ?sig dblp:signatureCreator ?creator .
  ?paper ?p ?o .
}
LIMIT 200000

2026-08-11 13:29:36.547 - INFO: Requested media types of the result are: "text/turtle"
2026-08-11 13:29:36.552 - INFO: Query planning done in 8 ms
2026-08-11 13:29:36.573 - INFO: Result has unknown size (not computed yet)
2026-08-11 13:29:36.573 - INFO: Result has unknown size (not computed yet)
2026-08-11 13:29:38.552 - INFO: Export finished in 1,629 ms
2026-08-11 13:29:38.552 - INFO: Done processing query and sending result, total time was 2,008 ms
2026-08-11 13:29:38.559 - INFO: 
2026-08-11 13:29:38.559 - INFO: Request received via GET, no content type specified
2026-08-11 13:29:38.559 - INFO: Processing command "cache-stats": get cache statistics
2026-08-11 13:29:38.895 - INFO: 
2026-08-11 13:29:38.895 - INFO: Request received via POST, content type "application/x-www-form-urlencoded"
2026-08-11 13:29:38.896 - INFO: Processing the following SPARQL query:
# Tier R3 — STATE (real-world, duplicate-heavy)
# Real venue export joined through author signatures, exercising deduplication.
PREFIX dblp: <https://dblp.org/rdf/schema#>

CONSTRUCT { ?paper ?p ?o }
WHERE {
  ?paper a dblp:Publication ;
         dblp:publishedInStream <https://dblp.org/streams/conf/stoc> ;
         dblp:hasSignature ?sig .
  ?sig dblp:signatureCreator ?creator .
  ?paper ?p ?o .
}
LIMIT 200000

2026-08-11 13:29:38.896 - INFO: Requested media types of the result are: "text/turtle"
2026-08-11 13:29:38.897 - INFO: Query planning done in 1 ms
2026-08-11 13:29:38.909 - INFO: Result has unknown size (not computed yet)
2026-08-11 13:29:38.909 - INFO: Result has unknown size (not computed yet)
2026-08-11 13:29:39.043 - INFO: Export finished in 115 ms
2026-08-11 13:29:39.043 - INFO: Done processing query and sending result, total time was 147 ms
2026-08-11 13:29:39.052 - INFO: 
2026-08-11 13:29:39.052 - INFO: Request received via GET, no content type specified
2026-08-11 13:29:39.052 - INFO: Processing command "cache-stats": get cache statistics
