2026-08-12 19:12:57.632 - INFO: [1mQLever server CIKM-2494-gc801fe1b, compiled on Wed Aug 12 06:40:36 PM CEST 2026 using git hash c801fe1[22m
2026-08-12 19:12:57.632 - INFO: Cleanup of previous index directories after each rebuild enabled (--rebuild-keep-previous-index-dirs original-and-most-recent)
2026-08-12 19:12:57.633 - INFO: The git hash used to build this index was "65f84b4"
2026-08-12 19:12:57.633 - INFO: Reading vocabulary from file /local/data-ssd/stoetzem/dblp/dblp.vocabulary.words ...
2026-08-12 19:12:57.642 - INFO: Done, number of words: 446,944,668
2026-08-12 19:12:57.642 - INFO: Number of words in internal vocabulary (these are also part of the external vocabulary): 446,955
2026-08-12 19:12:57.653 - INFO: Registered PSO permutation: #relations = 6, #blocks = 8,187, #triples = 255,805,025
2026-08-12 19:12:57.675 - INFO: Registered PSO permutation: #relations = 96, #blocks = 51,023, #triples = 1,593,245,022
2026-08-12 19:12:57.678 - INFO: Registered POS permutation: #relations = 6, #blocks = 8,187, #triples = 255,805,025
2026-08-12 19:12:57.699 - INFO: Registered POS permutation: #relations = 96, #blocks = 51,023, #triples = 1,593,245,022
2026-08-12 19:12:57.717 - INFO: Registered OPS permutation: #relations = 345,357,897, #blocks = 42,492, #triples = 1,593,245,022
2026-08-12 19:12:57.736 - INFO: Registered OSP permutation: #relations = 345,357,897, #blocks = 42,492, #triples = 1,593,245,022
2026-08-12 19:12:57.748 - INFO: Registered SPO permutation: #relations = 255,804,614, #blocks = 33,993, #triples = 1,593,245,022
2026-08-12 19:12:57.759 - INFO: Registered SOP permutation: #relations = 255,804,614, #blocks = 33,993, #triples = 1,593,245,022
2026-08-12 19:12:57.759 - INFO: Reading patterns from file /local/data-ssd/stoetzem/dblp/dblp.index.patterns ...
2026-08-12 19:12:57.759 - INFO: Sorting random result tables to estimate the sorting performance of this machine ...
2026-08-12 19:13:02.414 - INFO: Initializing server ...
2026-08-12 19:13:02.414 - INFO: No access token required for restricted API calls
2026-08-12 19:13:02.414 - INFO: The server is ready, listening for requests on port 7015 ...
2026-08-12 19:13:02.693 - INFO: 
2026-08-12 19:13:02.693 - INFO: Request received via POST, content type "application/x-www-form-urlencoded"
2026-08-12 19:13:02.696 - INFO: Processing the following SPARQL query:
# Tier D1 — DISCOVER (broad scan, mixed cache hits/misses) — SELECT variant
# Unrelated publication IRIs provide broad predicate and vocabulary coverage.
PREFIX dblp: <https://dblp.org/rdf/schema#>

SELECT ?s ?p ?o
WHERE {
  VALUES ?s {
    <https://dblp.org/rec/journals/cacm/Knuth74>
    <https://dblp.org/rec/conf/stoc/Karp72>
    <https://dblp.org/rec/journals/cacm/Dijkstra68>
    <https://dblp.org/rec/conf/focs/Cook71>
    <https://dblp.org/rec/journals/cacm/Hoare69>
    <https://dblp.org/rec/conf/stoc/Rabin76>
    <https://dblp.org/rec/journals/tocs/Lamport78>
    <https://dblp.org/rec/conf/podc/FischerLP85>
    <https://dblp.org/rec/journals/jacm/ValiantV76>
    <https://dblp.org/rec/conf/stoc/GareyJ76>
  }
  ?s ?p ?o .
}

2026-08-12 19:13:02.696 - INFO: Requested media types of the result are: "text/csv"
2026-08-12 19:13:02.697 - INFO: Query planning done in 3 ms
2026-08-12 19:13:02.700 - INFO: Number of tuples in VALUES clause: 10
2026-08-12 19:13:02.700 - INFO: Number of entries in local vocabulary per column: 7
2026-08-12 19:13:02.700 - INFO: Result has unknown size (not computed yet)
2026-08-12 19:13:02.721 - INFO: Done processing query and sending result, total time was 27 ms
2026-08-12 19:13:02.740 - INFO: 
2026-08-12 19:13:02.740 - INFO: Request received via GET, no content type specified
2026-08-12 19:13:02.740 - INFO: Processing command "cache-stats": get cache statistics
