2026-08-10 23:56:29.299 - INFO: [1mQLever server v0.5.50-82-g65f84b43, compiled on Mon Aug 10 19:10:29 CEST 2026 using git hash 65f84b4[22m
2026-08-10 23:56:29.299 - INFO: Cleanup of previous index directories after each rebuild enabled (--rebuild-keep-previous-index-dirs original-and-most-recent)
2026-08-10 23:56:29.314 - INFO: The git hash used to build this index was "65f84b4"
2026-08-10 23:56:29.314 - INFO: Reading vocabulary from file /local/data-ssd/stoetzem/dblp/dblp.vocabulary.words ...
2026-08-10 23:56:29.328 - INFO: Done, number of words: 446,944,668
2026-08-10 23:56:29.328 - INFO: Number of words in internal vocabulary (these are also part of the external vocabulary): 446,955
2026-08-10 23:56:29.335 - INFO: Registered PSO permutation: #relations = 6, #blocks = 8,187, #triples = 255,805,025
2026-08-10 23:56:29.359 - INFO: Registered PSO permutation: #relations = 96, #blocks = 51,023, #triples = 1,593,245,022
2026-08-10 23:56:29.363 - INFO: Registered POS permutation: #relations = 6, #blocks = 8,187, #triples = 255,805,025
2026-08-10 23:56:29.387 - INFO: Registered POS permutation: #relations = 96, #blocks = 51,023, #triples = 1,593,245,022
2026-08-10 23:56:29.407 - INFO: Registered OPS permutation: #relations = 345,357,897, #blocks = 42,492, #triples = 1,593,245,022
2026-08-10 23:56:29.427 - INFO: Registered OSP permutation: #relations = 345,357,897, #blocks = 42,492, #triples = 1,593,245,022
2026-08-10 23:56:29.439 - INFO: Registered SPO permutation: #relations = 255,804,614, #blocks = 33,993, #triples = 1,593,245,022
2026-08-10 23:56:29.450 - INFO: Registered SOP permutation: #relations = 255,804,614, #blocks = 33,993, #triples = 1,593,245,022
2026-08-10 23:56:29.450 - INFO: Reading patterns from file /local/data-ssd/stoetzem/dblp/dblp.index.patterns ...
2026-08-10 23:56:29.451 - INFO: Sorting random result tables to estimate the sorting performance of this machine ...
2026-08-10 23:56:37.771 - INFO: Initializing server ...
2026-08-10 23:56:37.771 - INFO: No access token required for restricted API calls
2026-08-10 23:56:37.771 - INFO: The server is ready, listening for requests on port 7026 ...
2026-08-10 23:56:37.818 - INFO: 
2026-08-10 23:56:37.818 - INFO: Request received via POST, content type "application/x-www-form-urlencoded"
2026-08-10 23:56:37.820 - INFO: Processing the following SPARQL query:
# Tier H — dedup-heavy
# Goal: exercise CONSTRUCT result deduplication. A paper with multiple
# signatures produces repeated (?paper ?p ?o) rows through this join.
PREFIX dblp: <https://dblp.org/rdf/schema#>

CONSTRUCT { ?paper ?p ?o }
WHERE {
  ?paper a dblp:Publication ;
         dblp:publishedInStream <https://dblp.org/streams/conf/stoc> ;
         dblp:hasSignature ?sig .
  ?sig dblp:signatureCreator ?creator .
  ?paper ?p ?o .
}

2026-08-10 23:56:37.820 - INFO: Requested media types of the result are: "text/turtle"
2026-08-10 23:56:37.820 - INFO: CONSTRUCT_REQUEST_STAGE_ENTER name=planning elapsed_us=2,486
2026-08-10 23:56:37.837 - INFO: Query planning done in 19 ms
2026-08-10 23:56:37.837 - INFO: CONSTRUCT_REQUEST_STAGE_ENTER name=response_stream elapsed_us=19,923
2026-08-10 23:56:37.856 - INFO: Result has unknown size (not computed yet)
2026-08-10 23:56:37.856 - INFO: CONSTRUCT_EXPORT_DEDUPLICATOR_CONSTRUCTION_BEGIN mode=none
2026-08-10 23:56:37.856 - INFO: CONSTRUCT_EXPORT_DEDUPLICATOR_CONSTRUCTION_END mode=none enabled=false
2026-08-10 23:56:39.572 - INFO: CONSTRUCT_EXPORT_STAGE_SUMMARY construct_stream_us=1,715,359 setup_us=7 batch_evaluation_us=1,601,691 instantiation_deduplication_us=19,323 batches=383 input_rows=390,854 candidate_triples=390,854 emitted_triples=390,854
2026-08-10 23:56:39.581 - INFO: CONSTRUCT_REQUEST_STAGE_SUMMARY planning_begin_us=2,486 planning_end_us=19,922 planning_us=17,436 response_stream_begin_us=19,923 response_stream_end_us=1,763,691 response_stream_us=1,743,768 root_execution_us=39,265 non_root_stream_us=1,704,503 server_request_us=1,763,691
2026-08-10 23:56:39.581 - INFO: Done processing query and sending result, total time was 1,763 ms
2026-08-10 23:56:39.600 - INFO: 
2026-08-10 23:56:39.600 - INFO: Request received via GET, no content type specified
2026-08-10 23:56:39.600 - INFO: Processing command "cache-stats": get cache statistics
2026-08-10 23:56:39.618 - INFO: 
2026-08-10 23:56:39.618 - INFO: Request received via POST, content type "application/x-www-form-urlencoded"
2026-08-10 23:56:39.619 - INFO: Processing the following SPARQL query:
# Tier H — dedup-heavy
# Goal: exercise CONSTRUCT result deduplication. A paper with multiple
# signatures produces repeated (?paper ?p ?o) rows through this join.
PREFIX dblp: <https://dblp.org/rdf/schema#>

CONSTRUCT { ?paper ?p ?o }
WHERE {
  ?paper a dblp:Publication ;
         dblp:publishedInStream <https://dblp.org/streams/conf/stoc> ;
         dblp:hasSignature ?sig .
  ?sig dblp:signatureCreator ?creator .
  ?paper ?p ?o .
}

2026-08-10 23:56:39.619 - INFO: Requested media types of the result are: "text/turtle"
2026-08-10 23:56:39.619 - INFO: CONSTRUCT_REQUEST_STAGE_ENTER name=planning elapsed_us=268
2026-08-10 23:56:39.620 - INFO: Query planning done in 1 ms
2026-08-10 23:56:39.620 - INFO: CONSTRUCT_REQUEST_STAGE_ENTER name=response_stream elapsed_us=1,787
2026-08-10 23:56:39.631 - INFO: Result has unknown size (not computed yet)
2026-08-10 23:56:39.631 - INFO: CONSTRUCT_EXPORT_DEDUPLICATOR_CONSTRUCTION_BEGIN mode=none
2026-08-10 23:56:39.631 - INFO: CONSTRUCT_EXPORT_DEDUPLICATOR_CONSTRUCTION_END mode=none enabled=false
2026-08-10 23:56:39.885 - INFO: CONSTRUCT_EXPORT_STAGE_SUMMARY construct_stream_us=253,950 setup_us=6 batch_evaluation_us=139,957 instantiation_deduplication_us=19,171 batches=383 input_rows=390,854 candidate_triples=390,854 emitted_triples=390,854
2026-08-10 23:56:39.895 - INFO: CONSTRUCT_REQUEST_STAGE_SUMMARY planning_begin_us=268 planning_end_us=1,786 planning_us=1,518 response_stream_begin_us=1,787 response_stream_end_us=277,110 response_stream_us=275,323 root_execution_us=32,535 non_root_stream_us=242,788 server_request_us=277,110
2026-08-10 23:56:39.896 - INFO: Done processing query and sending result, total time was 277 ms
2026-08-10 23:56:39.914 - INFO: 
2026-08-10 23:56:39.914 - INFO: Request received via GET, no content type specified
2026-08-10 23:56:39.914 - INFO: Processing command "cache-stats": get cache statistics
