2026-10-07 22:10:04.754 - INFO: [1mQLever server CIKM-3084-g022c22472, compiled on Wed Oct  7 18:21:17 UTC 2026 using git hash 022c224[22m
2026-10-07 22:10:04.754 - INFO: Runtime parameter set from the command line: vocabulary-internal-rank-lookup=false
2026-10-07 22:10:04.754 - INFO: Cleanup of previous index directories after each rebuild enabled (--rebuild-keep-previous-index-dirs original-and-most-recent)
2026-10-07 22:10:04.755 - INFO: The git hash used to build this index was "65f84b4"
2026-10-07 22:10:04.755 - INFO: Reading vocabulary from file /local/data-ssd/stoetzem/wikidata/wikidata.vocabulary.words ...
2026-10-07 22:10:19.113 - INFO: Done, number of words: 1,580,300,680
2026-10-07 22:10:19.113 - INFO: Number of words in internal vocabulary (these are also part of the external vocabulary): 777,658,536
2026-10-07 22:10:19.195 - INFO: Registered PSO permutation: #relations = 10,100, #blocks = 225,155, #triples = 6,983,973,847
2026-10-07 22:10:19.301 - INFO: Registered PSO permutation: #relations = 13,566, #blocks = 264,339, #triples = 8,220,417,022
2026-10-07 22:10:19.381 - INFO: Registered POS permutation: #relations = 10,100, #blocks = 225,155, #triples = 6,983,973,847
2026-10-07 22:10:19.489 - INFO: Registered POS permutation: #relations = 13,566, #blocks = 264,339, #triples = 8,220,417,022
2026-10-07 22:10:19.578 - INFO: Registered OPS permutation: #relations = 1,683,253,489, #blocks = 222,728, #triples = 8,220,417,022
2026-10-07 22:10:19.664 - INFO: Registered OSP permutation: #relations = 1,683,253,489, #blocks = 222,728, #triples = 8,220,417,022
2026-10-07 22:10:19.724 - INFO: Registered SPO permutation: #relations = 252,534,289, #blocks = 175,741, #triples = 8,220,417,022
2026-10-07 22:10:19.783 - INFO: Registered SOP permutation: #relations = 252,534,289, #blocks = 175,741, #triples = 8,220,417,022
2026-10-07 22:10:19.783 - INFO: Reading patterns from file /local/data-ssd/stoetzem/wikidata/wikidata.index.patterns ...
2026-10-07 22:10:21.294 - INFO: Sorting random result tables to estimate the sorting performance of this machine ...
2026-10-07 22:10:30.362 - INFO: Initializing server ...
2026-10-07 22:10:30.362 - INFO: ExportEngineV2 serialize posts onto queryThreadPool_ (8 threads); no extra V2 pool. Helpers stop admitting when another query is registered.
2026-10-07 22:10:30.362 - INFO: No access token required for restricted API calls
2026-10-07 22:10:30.362 - INFO: The server is ready, listening for requests on port 7015 ...
2026-10-07 22:10:30.575 - INFO: 
2026-10-07 22:10:30.575 - INFO: Request received via POST, content type "application/x-www-form-urlencoded"
2026-10-07 22:10:30.578 - INFO: Processing the following SPARQL query:
# Tier H-vocab — English labels, large (SELECT companion)
# Same WHERE clause as H-vocab-label-large.rq, but SELECT ?entity ?label
# instead of CONSTRUCT. Used by run 124 (export term-lookup perf profile)
# to attribute SELECT export CPU between vocabulary lookup and formatting.
PREFIX wd: <http://www.wikidata.org/entity/>
PREFIX wdt: <http://www.wikidata.org/prop/direct/>
PREFIX rdfs: <http://www.w3.org/2000/01/rdf-schema#>

SELECT ?entity ?label
WHERE {
  ?entity wdt:P31 wd:Q5 .
  ?entity rdfs:label ?label .
  FILTER(LANG(?label) = "en")
}

2026-10-07 22:10:30.578 - INFO: Requested media types of the result are: "text/csv"
2026-10-07 22:10:30.579 - INFO: Query planning done in 4 ms
2026-10-07 22:10:30.580 - INFO: ExportEngine: FastStreamingV2 [Reason: Fast-Path V2 selected (eligible export query with explicit or default opt-in)]
2026-10-07 22:10:30.580 - INFO: Using ExportEngineV2 for text/csv export
2026-10-07 22:10:30.580 - INFO: Result has unknown size (not computed yet)
2026-10-07 22:10:30.580 - INFO: ExportEngineV2 streaming lazy result blocks to morsels on queryThreadPool_ (no extra V2 threads)
2026-10-07 22:10:33.942 - INFO: Done processing query and sending result, total time was 3,366 ms
2026-10-07 22:10:33.958 - INFO: 
2026-10-07 22:10:33.958 - INFO: Request received via GET, no content type specified
2026-10-07 22:10:33.958 - INFO: Processing command "cache-stats": get cache statistics
2026-10-07 22:10:33.979 - INFO: 
2026-10-07 22:10:33.979 - INFO: Request received via GET, no content type specified
2026-10-07 22:10:33.979 - INFO: Processing command "clear-cache": clear the cache (unpinned elements only)
2026-10-07 22:10:33.997 - INFO: 
2026-10-07 22:10:33.997 - INFO: Request received via GET, no content type specified
2026-10-07 22:10:33.997 - INFO: Processing command "cache-stats": get cache statistics
2026-10-07 22:10:34.017 - INFO: 
2026-10-07 22:10:34.017 - INFO: Request received via POST, content type "application/x-www-form-urlencoded"
2026-10-07 22:10:34.018 - INFO: Processing the following SPARQL query:
# Tier H-vocab — English labels, large (SELECT companion)
# Same WHERE clause as H-vocab-label-large.rq, but SELECT ?entity ?label
# instead of CONSTRUCT. Used by run 124 (export term-lookup perf profile)
# to attribute SELECT export CPU between vocabulary lookup and formatting.
PREFIX wd: <http://www.wikidata.org/entity/>
PREFIX wdt: <http://www.wikidata.org/prop/direct/>
PREFIX rdfs: <http://www.w3.org/2000/01/rdf-schema#>

SELECT ?entity ?label
WHERE {
  ?entity wdt:P31 wd:Q5 .
  ?entity rdfs:label ?label .
  FILTER(LANG(?label) = "en")
}

2026-10-07 22:10:34.018 - INFO: Requested media types of the result are: "text/csv"
2026-10-07 22:10:34.018 - INFO: Query planning done in 1 ms
2026-10-07 22:10:34.018 - INFO: ExportEngine: FastStreamingV2 [Reason: Fast-Path V2 selected (eligible export query with explicit or default opt-in)]
2026-10-07 22:10:34.018 - INFO: Using ExportEngineV2 for text/csv export
2026-10-07 22:10:34.019 - INFO: Result has unknown size (not computed yet)
2026-10-07 22:10:34.019 - INFO: ExportEngineV2 streaming lazy result blocks to morsels on queryThreadPool_ (no extra V2 threads)
2026-10-07 22:10:37.514 - INFO: Done processing query and sending result, total time was 3,497 ms
2026-10-07 22:10:37.531 - INFO: 
2026-10-07 22:10:37.531 - INFO: Request received via GET, no content type specified
2026-10-07 22:10:37.531 - INFO: Processing command "clear-cache": clear the cache (unpinned elements only)
2026-10-07 22:10:37.554 - INFO: 
2026-10-07 22:10:37.554 - INFO: Request received via POST, content type "application/x-www-form-urlencoded"
2026-10-07 22:10:37.555 - INFO: Processing the following SPARQL query:
# Tier H-vocab — English labels, large (SELECT companion)
# Same WHERE clause as H-vocab-label-large.rq, but SELECT ?entity ?label
# instead of CONSTRUCT. Used by run 124 (export term-lookup perf profile)
# to attribute SELECT export CPU between vocabulary lookup and formatting.
PREFIX wd: <http://www.wikidata.org/entity/>
PREFIX wdt: <http://www.wikidata.org/prop/direct/>
PREFIX rdfs: <http://www.w3.org/2000/01/rdf-schema#>

SELECT ?entity ?label
WHERE {
  ?entity wdt:P31 wd:Q5 .
  ?entity rdfs:label ?label .
  FILTER(LANG(?label) = "en")
}

2026-10-07 22:10:37.555 - INFO: Requested media types of the result are: "text/csv"
2026-10-07 22:10:37.555 - INFO: Query planning done in 0 ms
2026-10-07 22:10:37.555 - INFO: ExportEngine: FastStreamingV2 [Reason: Fast-Path V2 selected (eligible export query with explicit or default opt-in)]
2026-10-07 22:10:37.555 - INFO: Using ExportEngineV2 for text/csv export
2026-10-07 22:10:37.555 - INFO: Result has unknown size (not computed yet)
2026-10-07 22:10:37.555 - INFO: ExportEngineV2 streaming lazy result blocks to morsels on queryThreadPool_ (no extra V2 threads)
2026-10-07 22:10:40.853 - INFO: Done processing query and sending result, total time was 3,298 ms
2026-10-07 22:10:40.868 - INFO: 
2026-10-07 22:10:40.868 - INFO: Request received via GET, no content type specified
2026-10-07 22:10:40.868 - INFO: Processing command "clear-cache": clear the cache (unpinned elements only)
2026-10-07 22:10:40.888 - INFO: 
2026-10-07 22:10:40.888 - INFO: Request received via POST, content type "application/x-www-form-urlencoded"
2026-10-07 22:10:40.888 - INFO: Processing the following SPARQL query:
# Tier H-vocab — English labels, large (SELECT companion)
# Same WHERE clause as H-vocab-label-large.rq, but SELECT ?entity ?label
# instead of CONSTRUCT. Used by run 124 (export term-lookup perf profile)
# to attribute SELECT export CPU between vocabulary lookup and formatting.
PREFIX wd: <http://www.wikidata.org/entity/>
PREFIX wdt: <http://www.wikidata.org/prop/direct/>
PREFIX rdfs: <http://www.w3.org/2000/01/rdf-schema#>

SELECT ?entity ?label
WHERE {
  ?entity wdt:P31 wd:Q5 .
  ?entity rdfs:label ?label .
  FILTER(LANG(?label) = "en")
}

2026-10-07 22:10:40.888 - INFO: Requested media types of the result are: "text/csv"
2026-10-07 22:10:40.889 - INFO: Query planning done in 0 ms
2026-10-07 22:10:40.889 - INFO: ExportEngine: FastStreamingV2 [Reason: Fast-Path V2 selected (eligible export query with explicit or default opt-in)]
2026-10-07 22:10:40.889 - INFO: Using ExportEngineV2 for text/csv export
2026-10-07 22:10:40.889 - INFO: Result has unknown size (not computed yet)
2026-10-07 22:10:40.889 - INFO: ExportEngineV2 streaming lazy result blocks to morsels on queryThreadPool_ (no extra V2 threads)
2026-10-07 22:10:44.209 - INFO: Done processing query and sending result, total time was 3,321 ms
2026-10-07 22:10:44.234 - INFO: 
2026-10-07 22:10:44.234 - INFO: Request received via GET, no content type specified
2026-10-07 22:10:44.234 - INFO: Processing command "cache-stats": get cache statistics
