2026-10-07 22:20:20.297 - INFO: [1mQLever server CIKM-3084-g022c22472, compiled on Wed Oct  7 18:21:17 UTC 2026 using git hash 022c224[22m
2026-10-07 22:20:20.297 - INFO: Runtime parameter set from the command line: vocabulary-internal-rank-lookup=true
2026-10-07 22:20:20.297 - INFO: Runtime parameter set from the command line: vocabulary-internal-rank-prefetch-distance=16
2026-10-07 22:20:20.297 - INFO: Runtime parameter set from the command line: vocabulary-internal-rank-hugepages=true
2026-10-07 22:20:20.297 - INFO: Cleanup of previous index directories after each rebuild enabled (--rebuild-keep-previous-index-dirs original-and-most-recent)
2026-10-07 22:20:20.299 - INFO: The git hash used to build this index was "65f84b4"
2026-10-07 22:20:20.299 - INFO: Reading vocabulary from file /local/data-ssd/stoetzem/wikidata/wikidata.vocabulary.words ...
2026-10-07 22:20:36.609 - INFO: Done, number of words: 1,580,300,680
2026-10-07 22:20:36.609 - INFO: Number of words in internal vocabulary (these are also part of the external vocabulary): 777,658,536
2026-10-07 22:20:38.539 - INFO: Rank directory of the internal vocabulary: 225,757,248 bytes for 1,580,300,680 vocabulary indices
2026-10-07 22:20:39.002 - INFO: Huge pages for the rank directory requested (transparent huge pages: madvise): 226492416 of 226,492,416 allocated bytes on huge pages
2026-10-07 22:20:39.105 - INFO: Registered PSO permutation: #relations = 10,100, #blocks = 225,155, #triples = 6,983,973,847
2026-10-07 22:20:39.235 - INFO: Registered PSO permutation: #relations = 13,566, #blocks = 264,339, #triples = 8,220,417,022
2026-10-07 22:20:39.325 - INFO: Registered POS permutation: #relations = 10,100, #blocks = 225,155, #triples = 6,983,973,847
2026-10-07 22:20:39.448 - INFO: Registered POS permutation: #relations = 13,566, #blocks = 264,339, #triples = 8,220,417,022
2026-10-07 22:20:39.559 - INFO: Registered OPS permutation: #relations = 1,683,253,489, #blocks = 222,728, #triples = 8,220,417,022
2026-10-07 22:20:39.669 - INFO: Registered OSP permutation: #relations = 1,683,253,489, #blocks = 222,728, #triples = 8,220,417,022
2026-10-07 22:20:39.742 - INFO: Registered SPO permutation: #relations = 252,534,289, #blocks = 175,741, #triples = 8,220,417,022
2026-10-07 22:20:39.819 - INFO: Registered SOP permutation: #relations = 252,534,289, #blocks = 175,741, #triples = 8,220,417,022
2026-10-07 22:20:39.819 - INFO: Reading patterns from file /local/data-ssd/stoetzem/wikidata/wikidata.index.patterns ...
2026-10-07 22:20:41.601 - INFO: Sorting random result tables to estimate the sorting performance of this machine ...
2026-10-07 22:20:52.477 - INFO: Initializing server ...
2026-10-07 22:20:52.477 - INFO: ExportEngineV2 serialize posts onto queryThreadPool_ (8 threads); no extra V2 pool. Helpers stop admitting when another query is registered.
2026-10-07 22:20:52.477 - INFO: No access token required for restricted API calls
2026-10-07 22:20:52.477 - INFO: The server is ready, listening for requests on port 7015 ...
2026-10-07 22:20:52.652 - INFO: 
2026-10-07 22:20:52.652 - INFO: Request received via POST, content type "application/x-www-form-urlencoded"
2026-10-07 22:20:52.656 - INFO: Processing the following SPARQL query:
# Tier H-vocab — English labels, large (SELECT companion)
# Same WHERE clause as H-vocab-label-large.rq, but SELECT ?entity ?label
# instead of CONSTRUCT. Used by run 124 (export term-lookup perf profile)
# to attribute SELECT export CPU between vocabulary lookup and formatting.
PREFIX wd: <http://www.wikidata.org/entity/>
PREFIX wdt: <http://www.wikidata.org/prop/direct/>
PREFIX rdfs: <http://www.w3.org/2000/01/rdf-schema#>

SELECT ?entity ?label
WHERE {
  ?entity wdt:P31 wd:Q5 .
  ?entity rdfs:label ?label .
  FILTER(LANG(?label) = "en")
}

2026-10-07 22:20:52.656 - INFO: Requested media types of the result are: "text/csv"
2026-10-07 22:20:52.658 - INFO: Query planning done in 5 ms
2026-10-07 22:20:52.658 - INFO: ExportEngine: FastStreamingV2 [Reason: Fast-Path V2 selected (eligible export query with explicit or default opt-in)]
2026-10-07 22:20:52.658 - INFO: Using ExportEngineV2 for text/csv export
2026-10-07 22:20:52.659 - INFO: Result has unknown size (not computed yet)
2026-10-07 22:20:52.659 - INFO: ExportEngineV2 streaming lazy result blocks to morsels on queryThreadPool_ (no extra V2 threads)
2026-10-07 22:20:56.791 - INFO: Done processing query and sending result, total time was 4,138 ms
2026-10-07 22:20:56.821 - INFO: 
2026-10-07 22:20:56.821 - INFO: Request received via GET, no content type specified
2026-10-07 22:20:56.821 - INFO: Processing command "cache-stats": get cache statistics
2026-10-07 22:20:56.855 - INFO: 
2026-10-07 22:20:56.855 - INFO: Request received via GET, no content type specified
2026-10-07 22:20:56.855 - INFO: Processing command "clear-cache": clear the cache (unpinned elements only)
2026-10-07 22:20:56.888 - INFO: 
2026-10-07 22:20:56.888 - INFO: Request received via GET, no content type specified
2026-10-07 22:20:56.888 - INFO: Processing command "cache-stats": get cache statistics
2026-10-07 22:20:56.920 - INFO: 
2026-10-07 22:20:56.920 - INFO: Request received via POST, content type "application/x-www-form-urlencoded"
2026-10-07 22:20:56.920 - INFO: Processing the following SPARQL query:
# Tier H-vocab — English labels, large (SELECT companion)
# Same WHERE clause as H-vocab-label-large.rq, but SELECT ?entity ?label
# instead of CONSTRUCT. Used by run 124 (export term-lookup perf profile)
# to attribute SELECT export CPU between vocabulary lookup and formatting.
PREFIX wd: <http://www.wikidata.org/entity/>
PREFIX wdt: <http://www.wikidata.org/prop/direct/>
PREFIX rdfs: <http://www.w3.org/2000/01/rdf-schema#>

SELECT ?entity ?label
WHERE {
  ?entity wdt:P31 wd:Q5 .
  ?entity rdfs:label ?label .
  FILTER(LANG(?label) = "en")
}

2026-10-07 22:20:56.920 - INFO: Requested media types of the result are: "text/csv"
2026-10-07 22:20:56.921 - INFO: Query planning done in 1 ms
2026-10-07 22:20:56.921 - INFO: ExportEngine: FastStreamingV2 [Reason: Fast-Path V2 selected (eligible export query with explicit or default opt-in)]
2026-10-07 22:20:56.921 - INFO: Using ExportEngineV2 for text/csv export
2026-10-07 22:20:56.922 - INFO: Result has unknown size (not computed yet)
2026-10-07 22:20:56.922 - INFO: ExportEngineV2 streaming lazy result blocks to morsels on queryThreadPool_ (no extra V2 threads)
2026-10-07 22:21:01.464 - INFO: Done processing query and sending result, total time was 4,544 ms
2026-10-07 22:21:01.495 - INFO: 
2026-10-07 22:21:01.495 - INFO: Request received via GET, no content type specified
2026-10-07 22:21:01.495 - INFO: Processing command "clear-cache": clear the cache (unpinned elements only)
2026-10-07 22:21:01.532 - INFO: 
2026-10-07 22:21:01.532 - INFO: Request received via POST, content type "application/x-www-form-urlencoded"
2026-10-07 22:21:01.533 - INFO: Processing the following SPARQL query:
# Tier H-vocab — English labels, large (SELECT companion)
# Same WHERE clause as H-vocab-label-large.rq, but SELECT ?entity ?label
# instead of CONSTRUCT. Used by run 124 (export term-lookup perf profile)
# to attribute SELECT export CPU between vocabulary lookup and formatting.
PREFIX wd: <http://www.wikidata.org/entity/>
PREFIX wdt: <http://www.wikidata.org/prop/direct/>
PREFIX rdfs: <http://www.w3.org/2000/01/rdf-schema#>

SELECT ?entity ?label
WHERE {
  ?entity wdt:P31 wd:Q5 .
  ?entity rdfs:label ?label .
  FILTER(LANG(?label) = "en")
}

2026-10-07 22:21:01.533 - INFO: Requested media types of the result are: "text/csv"
2026-10-07 22:21:01.533 - INFO: Query planning done in 1 ms
2026-10-07 22:21:01.534 - INFO: ExportEngine: FastStreamingV2 [Reason: Fast-Path V2 selected (eligible export query with explicit or default opt-in)]
2026-10-07 22:21:01.534 - INFO: Using ExportEngineV2 for text/csv export
2026-10-07 22:21:01.534 - INFO: Result has unknown size (not computed yet)
2026-10-07 22:21:01.534 - INFO: ExportEngineV2 streaming lazy result blocks to morsels on queryThreadPool_ (no extra V2 threads)
2026-10-07 22:21:05.490 - INFO: Done processing query and sending result, total time was 3,957 ms
2026-10-07 22:21:05.516 - INFO: 
2026-10-07 22:21:05.516 - INFO: Request received via GET, no content type specified
2026-10-07 22:21:05.516 - INFO: Processing command "clear-cache": clear the cache (unpinned elements only)
2026-10-07 22:21:05.540 - INFO: 
2026-10-07 22:21:05.540 - INFO: Request received via POST, content type "application/x-www-form-urlencoded"
2026-10-07 22:21:05.540 - INFO: Processing the following SPARQL query:
# Tier H-vocab — English labels, large (SELECT companion)
# Same WHERE clause as H-vocab-label-large.rq, but SELECT ?entity ?label
# instead of CONSTRUCT. Used by run 124 (export term-lookup perf profile)
# to attribute SELECT export CPU between vocabulary lookup and formatting.
PREFIX wd: <http://www.wikidata.org/entity/>
PREFIX wdt: <http://www.wikidata.org/prop/direct/>
PREFIX rdfs: <http://www.w3.org/2000/01/rdf-schema#>

SELECT ?entity ?label
WHERE {
  ?entity wdt:P31 wd:Q5 .
  ?entity rdfs:label ?label .
  FILTER(LANG(?label) = "en")
}

2026-10-07 22:21:05.540 - INFO: Requested media types of the result are: "text/csv"
2026-10-07 22:21:05.541 - INFO: Query planning done in 0 ms
2026-10-07 22:21:05.541 - INFO: ExportEngine: FastStreamingV2 [Reason: Fast-Path V2 selected (eligible export query with explicit or default opt-in)]
2026-10-07 22:21:05.541 - INFO: Using ExportEngineV2 for text/csv export
2026-10-07 22:21:05.541 - INFO: Result has unknown size (not computed yet)
2026-10-07 22:21:05.541 - INFO: ExportEngineV2 streaming lazy result blocks to morsels on queryThreadPool_ (no extra V2 threads)
2026-10-07 22:21:09.241 - INFO: Done processing query and sending result, total time was 3,701 ms
2026-10-07 22:21:09.267 - INFO: 
2026-10-07 22:21:09.267 - INFO: Request received via GET, no content type specified
2026-10-07 22:21:09.267 - INFO: Processing command "cache-stats": get cache statistics
