2026-09-28 22:32:53.927 - INFO: [1mQLever server CIKM-2667-g533f800b8, compiled on Mon Sep 28 14:40:44 UTC 2026 using git hash 533f800[22m
2026-09-28 22:32:53.927 - INFO: Cleanup of previous index directories after each rebuild enabled (--rebuild-keep-previous-index-dirs original-and-most-recent)
2026-09-28 22:32:53.929 - INFO: The git hash used to build this index was "65f84b4"
2026-09-28 22:32:53.929 - INFO: Reading vocabulary from file /local/data-ssd/stoetzem/qlever-indices/dblp/dblp.vocabulary.words ...
2026-09-28 22:32:53.954 - INFO: Done, number of words: 446,944,668
2026-09-28 22:32:53.954 - INFO: Number of words in internal vocabulary (these are also part of the external vocabulary): 446,955
2026-09-28 22:32:53.963 - INFO: Registered PSO permutation: #relations = 6, #blocks = 8,187, #triples = 255,805,025
2026-09-28 22:32:53.985 - INFO: Registered PSO permutation: #relations = 96, #blocks = 51,023, #triples = 1,593,245,022
2026-09-28 22:32:53.988 - INFO: Registered POS permutation: #relations = 6, #blocks = 8,187, #triples = 255,805,025
2026-09-28 22:32:54.011 - INFO: Registered POS permutation: #relations = 96, #blocks = 51,023, #triples = 1,593,245,022
2026-09-28 22:32:54.030 - INFO: Registered OPS permutation: #relations = 345,357,897, #blocks = 42,492, #triples = 1,593,245,022
2026-09-28 22:32:54.049 - INFO: Registered OSP permutation: #relations = 345,357,897, #blocks = 42,492, #triples = 1,593,245,022
2026-09-28 22:32:54.061 - INFO: Registered SPO permutation: #relations = 255,804,614, #blocks = 33,993, #triples = 1,593,245,022
2026-09-28 22:32:54.072 - INFO: Registered SOP permutation: #relations = 255,804,614, #blocks = 33,993, #triples = 1,593,245,022
2026-09-28 22:32:54.072 - INFO: Reading patterns from file /local/data-ssd/stoetzem/qlever-indices/dblp/dblp.index.patterns ...
2026-09-28 22:32:54.073 - INFO: Sorting random result tables to estimate the sorting performance of this machine ...
2026-09-28 22:33:02.065 - INFO: Initializing server ...
2026-09-28 22:33:02.065 - INFO: No access token required for restricted API calls
2026-09-28 22:33:02.065 - INFO: The server is ready, listening for requests on port 7015 ...
2026-09-28 22:33:02.268 - INFO: 
2026-09-28 22:33:02.268 - INFO: Request received via POST, content type "application/x-www-form-urlencoded"
2026-09-28 22:33:02.272 - INFO: Processing the following SPARQL query:
# Tier H-vocab — title literals, large
# Goal: external-vocabulary lookup pressure with larger bounded output.
PREFIX dblp: <https://dblp.org/rdf/schema#>

CONSTRUCT { ?paper dblp:title ?title }
WHERE {
  ?paper dblp:title ?title .
}
LIMIT 100000

2026-09-28 22:33:02.272 - INFO: Requested media types of the result are: "text/turtle"
2026-09-28 22:33:02.280 - INFO: Query planning done in 11 ms
2026-09-28 22:33:02.280 - INFO: Result has unknown size (not computed yet)
2026-09-28 22:33:06.937 - INFO: Done processing query and sending result, total time was 4,669 ms
2026-09-28 22:33:06.999 - INFO: 
2026-09-28 22:33:06.999 - INFO: Request received via GET, no content type specified
2026-09-28 22:33:06.999 - INFO: Processing command "cache-stats": get cache statistics
2026-09-28 22:33:07.038 - INFO: 
2026-09-28 22:33:07.038 - INFO: Request received via GET, no content type specified
2026-09-28 22:33:07.038 - INFO: Processing command "clear-cache": clear the cache (unpinned elements only)
2026-09-28 22:33:07.068 - INFO: 
2026-09-28 22:33:07.069 - INFO: Request received via GET, no content type specified
2026-09-28 22:33:07.069 - INFO: Processing command "cache-stats": get cache statistics
2026-09-28 22:33:07.099 - INFO: 
2026-09-28 22:33:07.099 - INFO: Request received via POST, content type "application/x-www-form-urlencoded"
2026-09-28 22:33:07.099 - INFO: Processing the following SPARQL query:
# Tier H-vocab — title literals, large
# Goal: external-vocabulary lookup pressure with larger bounded output.
PREFIX dblp: <https://dblp.org/rdf/schema#>

CONSTRUCT { ?paper dblp:title ?title }
WHERE {
  ?paper dblp:title ?title .
}
LIMIT 100000

2026-09-28 22:33:07.100 - INFO: Requested media types of the result are: "text/turtle"
2026-09-28 22:33:07.100 - INFO: Query planning done in 0 ms
2026-09-28 22:33:07.100 - INFO: Result has unknown size (not computed yet)
2026-09-28 22:33:07.616 - INFO: Done processing query and sending result, total time was 516 ms
2026-09-28 22:33:07.683 - INFO: 
2026-09-28 22:33:07.683 - INFO: Request received via GET, no content type specified
2026-09-28 22:33:07.683 - INFO: Processing command "clear-cache": clear the cache (unpinned elements only)
2026-09-28 22:33:07.713 - INFO: 
2026-09-28 22:33:07.713 - INFO: Request received via POST, content type "application/x-www-form-urlencoded"
2026-09-28 22:33:07.714 - INFO: Processing the following SPARQL query:
# Tier H-vocab — title literals, large
# Goal: external-vocabulary lookup pressure with larger bounded output.
PREFIX dblp: <https://dblp.org/rdf/schema#>

CONSTRUCT { ?paper dblp:title ?title }
WHERE {
  ?paper dblp:title ?title .
}
LIMIT 100000

2026-09-28 22:33:07.714 - INFO: Requested media types of the result are: "text/turtle"
2026-09-28 22:33:07.714 - INFO: Query planning done in 0 ms
2026-09-28 22:33:07.714 - INFO: Result has unknown size (not computed yet)
2026-09-28 22:33:08.204 - INFO: Done processing query and sending result, total time was 490 ms
2026-09-28 22:33:08.268 - INFO: 
2026-09-28 22:33:08.268 - INFO: Request received via GET, no content type specified
2026-09-28 22:33:08.268 - INFO: Processing command "clear-cache": clear the cache (unpinned elements only)
2026-09-28 22:33:08.302 - INFO: 
2026-09-28 22:33:08.302 - INFO: Request received via POST, content type "application/x-www-form-urlencoded"
2026-09-28 22:33:08.303 - INFO: Processing the following SPARQL query:
# Tier H-vocab — title literals, large
# Goal: external-vocabulary lookup pressure with larger bounded output.
PREFIX dblp: <https://dblp.org/rdf/schema#>

CONSTRUCT { ?paper dblp:title ?title }
WHERE {
  ?paper dblp:title ?title .
}
LIMIT 100000

2026-09-28 22:33:08.303 - INFO: Requested media types of the result are: "text/turtle"
2026-09-28 22:33:08.303 - INFO: Query planning done in 0 ms
2026-09-28 22:33:08.303 - INFO: Result has unknown size (not computed yet)
2026-09-28 22:33:08.802 - INFO: Done processing query and sending result, total time was 499 ms
2026-09-28 22:33:08.868 - INFO: 
2026-09-28 22:33:08.868 - INFO: Request received via GET, no content type specified
2026-09-28 22:33:08.868 - INFO: Processing command "clear-cache": clear the cache (unpinned elements only)
2026-09-28 22:33:08.906 - INFO: 
2026-09-28 22:33:08.906 - INFO: Request received via POST, content type "application/x-www-form-urlencoded"
2026-09-28 22:33:08.906 - INFO: Processing the following SPARQL query:
# Tier H-vocab — title literals, large
# Goal: external-vocabulary lookup pressure with larger bounded output.
PREFIX dblp: <https://dblp.org/rdf/schema#>

CONSTRUCT { ?paper dblp:title ?title }
WHERE {
  ?paper dblp:title ?title .
}
LIMIT 100000

2026-09-28 22:33:08.906 - INFO: Requested media types of the result are: "text/turtle"
2026-09-28 22:33:08.906 - INFO: Query planning done in 0 ms
2026-09-28 22:33:08.906 - INFO: Result has unknown size (not computed yet)
2026-09-28 22:33:09.375 - INFO: Done processing query and sending result, total time was 469 ms
2026-09-28 22:33:09.441 - INFO: 
2026-09-28 22:33:09.441 - INFO: Request received via GET, no content type specified
2026-09-28 22:33:09.441 - INFO: Processing command "clear-cache": clear the cache (unpinned elements only)
2026-09-28 22:33:09.475 - INFO: 
2026-09-28 22:33:09.475 - INFO: Request received via POST, content type "application/x-www-form-urlencoded"
2026-09-28 22:33:09.476 - INFO: Processing the following SPARQL query:
# Tier H-vocab — title literals, large
# Goal: external-vocabulary lookup pressure with larger bounded output.
PREFIX dblp: <https://dblp.org/rdf/schema#>

CONSTRUCT { ?paper dblp:title ?title }
WHERE {
  ?paper dblp:title ?title .
}
LIMIT 100000

2026-09-28 22:33:09.476 - INFO: Requested media types of the result are: "text/turtle"
2026-09-28 22:33:09.476 - INFO: Query planning done in 0 ms
2026-09-28 22:33:09.476 - INFO: Result has unknown size (not computed yet)
2026-09-28 22:33:09.975 - INFO: Done processing query and sending result, total time was 499 ms
2026-09-28 22:33:10.041 - INFO: 
2026-09-28 22:33:10.041 - INFO: Request received via GET, no content type specified
2026-09-28 22:33:10.041 - INFO: Processing command "clear-cache": clear the cache (unpinned elements only)
2026-09-28 22:33:10.075 - INFO: 
2026-09-28 22:33:10.075 - INFO: Request received via POST, content type "application/x-www-form-urlencoded"
2026-09-28 22:33:10.076 - INFO: Processing the following SPARQL query:
# Tier H-vocab — title literals, large
# Goal: external-vocabulary lookup pressure with larger bounded output.
PREFIX dblp: <https://dblp.org/rdf/schema#>

CONSTRUCT { ?paper dblp:title ?title }
WHERE {
  ?paper dblp:title ?title .
}
LIMIT 100000

2026-09-28 22:33:10.076 - INFO: Requested media types of the result are: "text/turtle"
2026-09-28 22:33:10.076 - INFO: Query planning done in 0 ms
2026-09-28 22:33:10.076 - INFO: Result has unknown size (not computed yet)
2026-09-28 22:33:10.574 - INFO: Done processing query and sending result, total time was 499 ms
2026-09-28 22:33:10.638 - INFO: 
2026-09-28 22:33:10.638 - INFO: Request received via GET, no content type specified
2026-09-28 22:33:10.638 - INFO: Processing command "clear-cache": clear the cache (unpinned elements only)
2026-09-28 22:33:10.671 - INFO: 
2026-09-28 22:33:10.671 - INFO: Request received via POST, content type "application/x-www-form-urlencoded"
2026-09-28 22:33:10.672 - INFO: Processing the following SPARQL query:
# Tier H-vocab — title literals, large
# Goal: external-vocabulary lookup pressure with larger bounded output.
PREFIX dblp: <https://dblp.org/rdf/schema#>

CONSTRUCT { ?paper dblp:title ?title }
WHERE {
  ?paper dblp:title ?title .
}
LIMIT 100000

2026-09-28 22:33:10.672 - INFO: Requested media types of the result are: "text/turtle"
2026-09-28 22:33:10.672 - INFO: Query planning done in 0 ms
2026-09-28 22:33:10.672 - INFO: Result has unknown size (not computed yet)
2026-09-28 22:33:11.158 - INFO: Done processing query and sending result, total time was 486 ms
2026-09-28 22:33:11.223 - INFO: 
2026-09-28 22:33:11.223 - INFO: Request received via GET, no content type specified
2026-09-28 22:33:11.223 - INFO: Processing command "clear-cache": clear the cache (unpinned elements only)
2026-09-28 22:33:11.257 - INFO: 
2026-09-28 22:33:11.257 - INFO: Request received via POST, content type "application/x-www-form-urlencoded"
2026-09-28 22:33:11.257 - INFO: Processing the following SPARQL query:
# Tier H-vocab — title literals, large
# Goal: external-vocabulary lookup pressure with larger bounded output.
PREFIX dblp: <https://dblp.org/rdf/schema#>

CONSTRUCT { ?paper dblp:title ?title }
WHERE {
  ?paper dblp:title ?title .
}
LIMIT 100000

2026-09-28 22:33:11.257 - INFO: Requested media types of the result are: "text/turtle"
2026-09-28 22:33:11.257 - INFO: Query planning done in 0 ms
2026-09-28 22:33:11.257 - INFO: Result has unknown size (not computed yet)
2026-09-28 22:33:11.754 - INFO: Done processing query and sending result, total time was 497 ms
2026-09-28 22:33:11.819 - INFO: 
2026-09-28 22:33:11.819 - INFO: Request received via GET, no content type specified
2026-09-28 22:33:11.819 - INFO: Processing command "clear-cache": clear the cache (unpinned elements only)
2026-09-28 22:33:11.853 - INFO: 
2026-09-28 22:33:11.853 - INFO: Request received via POST, content type "application/x-www-form-urlencoded"
2026-09-28 22:33:11.853 - INFO: Processing the following SPARQL query:
# Tier H-vocab — title literals, large
# Goal: external-vocabulary lookup pressure with larger bounded output.
PREFIX dblp: <https://dblp.org/rdf/schema#>

CONSTRUCT { ?paper dblp:title ?title }
WHERE {
  ?paper dblp:title ?title .
}
LIMIT 100000

2026-09-28 22:33:11.853 - INFO: Requested media types of the result are: "text/turtle"
2026-09-28 22:33:11.853 - INFO: Query planning done in 0 ms
2026-09-28 22:33:11.853 - INFO: Result has unknown size (not computed yet)
2026-09-28 22:33:12.354 - INFO: Done processing query and sending result, total time was 501 ms
2026-09-28 22:33:12.420 - INFO: 
2026-09-28 22:33:12.420 - INFO: Request received via GET, no content type specified
2026-09-28 22:33:12.420 - INFO: Processing command "clear-cache": clear the cache (unpinned elements only)
2026-09-28 22:33:12.453 - INFO: 
2026-09-28 22:33:12.453 - INFO: Request received via POST, content type "application/x-www-form-urlencoded"
2026-09-28 22:33:12.453 - INFO: Processing the following SPARQL query:
# Tier H-vocab — title literals, large
# Goal: external-vocabulary lookup pressure with larger bounded output.
PREFIX dblp: <https://dblp.org/rdf/schema#>

CONSTRUCT { ?paper dblp:title ?title }
WHERE {
  ?paper dblp:title ?title .
}
LIMIT 100000

2026-09-28 22:33:12.453 - INFO: Requested media types of the result are: "text/turtle"
2026-09-28 22:33:12.453 - INFO: Query planning done in 0 ms
2026-09-28 22:33:12.453 - INFO: Result has unknown size (not computed yet)
2026-09-28 22:33:12.943 - INFO: Done processing query and sending result, total time was 490 ms
2026-09-28 22:33:13.008 - INFO: 
2026-09-28 22:33:13.008 - INFO: Request received via GET, no content type specified
2026-09-28 22:33:13.009 - INFO: Processing command "clear-cache": clear the cache (unpinned elements only)
2026-09-28 22:33:13.043 - INFO: 
2026-09-28 22:33:13.043 - INFO: Request received via POST, content type "application/x-www-form-urlencoded"
2026-09-28 22:33:13.043 - INFO: Processing the following SPARQL query:
# Tier H-vocab — title literals, large
# Goal: external-vocabulary lookup pressure with larger bounded output.
PREFIX dblp: <https://dblp.org/rdf/schema#>

CONSTRUCT { ?paper dblp:title ?title }
WHERE {
  ?paper dblp:title ?title .
}
LIMIT 100000

2026-09-28 22:33:13.043 - INFO: Requested media types of the result are: "text/turtle"
2026-09-28 22:33:13.044 - INFO: Query planning done in 0 ms
2026-09-28 22:33:13.044 - INFO: Result has unknown size (not computed yet)
2026-09-28 22:33:13.535 - INFO: Done processing query and sending result, total time was 492 ms
2026-09-28 22:33:13.600 - INFO: 
2026-09-28 22:33:13.600 - INFO: Request received via GET, no content type specified
2026-09-28 22:33:13.600 - INFO: Processing command "clear-cache": clear the cache (unpinned elements only)
2026-09-28 22:33:13.635 - INFO: 
2026-09-28 22:33:13.635 - INFO: Request received via POST, content type "application/x-www-form-urlencoded"
2026-09-28 22:33:13.635 - INFO: Processing the following SPARQL query:
# Tier H-vocab — title literals, large
# Goal: external-vocabulary lookup pressure with larger bounded output.
PREFIX dblp: <https://dblp.org/rdf/schema#>

CONSTRUCT { ?paper dblp:title ?title }
WHERE {
  ?paper dblp:title ?title .
}
LIMIT 100000

2026-09-28 22:33:13.635 - INFO: Requested media types of the result are: "text/turtle"
2026-09-28 22:33:13.636 - INFO: Query planning done in 0 ms
2026-09-28 22:33:13.636 - INFO: Result has unknown size (not computed yet)
2026-09-28 22:33:14.126 - INFO: Done processing query and sending result, total time was 491 ms
2026-09-28 22:33:14.189 - INFO: 
2026-09-28 22:33:14.189 - INFO: Request received via GET, no content type specified
2026-09-28 22:33:14.189 - INFO: Processing command "clear-cache": clear the cache (unpinned elements only)
2026-09-28 22:33:14.223 - INFO: 
2026-09-28 22:33:14.223 - INFO: Request received via POST, content type "application/x-www-form-urlencoded"
2026-09-28 22:33:14.223 - INFO: Processing the following SPARQL query:
# Tier H-vocab — title literals, large
# Goal: external-vocabulary lookup pressure with larger bounded output.
PREFIX dblp: <https://dblp.org/rdf/schema#>

CONSTRUCT { ?paper dblp:title ?title }
WHERE {
  ?paper dblp:title ?title .
}
LIMIT 100000

2026-09-28 22:33:14.223 - INFO: Requested media types of the result are: "text/turtle"
2026-09-28 22:33:14.224 - INFO: Query planning done in 0 ms
2026-09-28 22:33:14.224 - INFO: Result has unknown size (not computed yet)
2026-09-28 22:33:14.720 - INFO: Done processing query and sending result, total time was 496 ms
2026-09-28 22:33:14.785 - INFO: 
2026-09-28 22:33:14.785 - INFO: Request received via GET, no content type specified
2026-09-28 22:33:14.785 - INFO: Processing command "clear-cache": clear the cache (unpinned elements only)
2026-09-28 22:33:14.818 - INFO: 
2026-09-28 22:33:14.818 - INFO: Request received via POST, content type "application/x-www-form-urlencoded"
2026-09-28 22:33:14.818 - INFO: Processing the following SPARQL query:
# Tier H-vocab — title literals, large
# Goal: external-vocabulary lookup pressure with larger bounded output.
PREFIX dblp: <https://dblp.org/rdf/schema#>

CONSTRUCT { ?paper dblp:title ?title }
WHERE {
  ?paper dblp:title ?title .
}
LIMIT 100000

2026-09-28 22:33:14.818 - INFO: Requested media types of the result are: "text/turtle"
2026-09-28 22:33:14.818 - INFO: Query planning done in 0 ms
2026-09-28 22:33:14.818 - INFO: Result has unknown size (not computed yet)
2026-09-28 22:33:15.306 - INFO: Done processing query and sending result, total time was 488 ms
2026-09-28 22:33:15.370 - INFO: 
2026-09-28 22:33:15.370 - INFO: Request received via GET, no content type specified
2026-09-28 22:33:15.370 - INFO: Processing command "clear-cache": clear the cache (unpinned elements only)
2026-09-28 22:33:15.403 - INFO: 
2026-09-28 22:33:15.403 - INFO: Request received via POST, content type "application/x-www-form-urlencoded"
2026-09-28 22:33:15.404 - INFO: Processing the following SPARQL query:
# Tier H-vocab — title literals, large
# Goal: external-vocabulary lookup pressure with larger bounded output.
PREFIX dblp: <https://dblp.org/rdf/schema#>

CONSTRUCT { ?paper dblp:title ?title }
WHERE {
  ?paper dblp:title ?title .
}
LIMIT 100000

2026-09-28 22:33:15.404 - INFO: Requested media types of the result are: "text/turtle"
2026-09-28 22:33:15.404 - INFO: Query planning done in 0 ms
2026-09-28 22:33:15.404 - INFO: Result has unknown size (not computed yet)
2026-09-28 22:33:15.904 - INFO: Done processing query and sending result, total time was 500 ms
2026-09-28 22:33:15.969 - INFO: 
2026-09-28 22:33:15.969 - INFO: Request received via GET, no content type specified
2026-09-28 22:33:15.969 - INFO: Processing command "clear-cache": clear the cache (unpinned elements only)
2026-09-28 22:33:16.003 - INFO: 
2026-09-28 22:33:16.003 - INFO: Request received via POST, content type "application/x-www-form-urlencoded"
2026-09-28 22:33:16.004 - INFO: Processing the following SPARQL query:
# Tier H-vocab — title literals, large
# Goal: external-vocabulary lookup pressure with larger bounded output.
PREFIX dblp: <https://dblp.org/rdf/schema#>

CONSTRUCT { ?paper dblp:title ?title }
WHERE {
  ?paper dblp:title ?title .
}
LIMIT 100000

2026-09-28 22:33:16.004 - INFO: Requested media types of the result are: "text/turtle"
2026-09-28 22:33:16.004 - INFO: Query planning done in 0 ms
2026-09-28 22:33:16.004 - INFO: Result has unknown size (not computed yet)
2026-09-28 22:33:16.491 - INFO: Done processing query and sending result, total time was 487 ms
2026-09-28 22:33:16.555 - INFO: 
2026-09-28 22:33:16.555 - INFO: Request received via GET, no content type specified
2026-09-28 22:33:16.555 - INFO: Processing command "clear-cache": clear the cache (unpinned elements only)
2026-09-28 22:33:16.589 - INFO: 
2026-09-28 22:33:16.589 - INFO: Request received via POST, content type "application/x-www-form-urlencoded"
2026-09-28 22:33:16.589 - INFO: Processing the following SPARQL query:
# Tier H-vocab — title literals, large
# Goal: external-vocabulary lookup pressure with larger bounded output.
PREFIX dblp: <https://dblp.org/rdf/schema#>

CONSTRUCT { ?paper dblp:title ?title }
WHERE {
  ?paper dblp:title ?title .
}
LIMIT 100000

2026-09-28 22:33:16.589 - INFO: Requested media types of the result are: "text/turtle"
2026-09-28 22:33:16.589 - INFO: Query planning done in 0 ms
2026-09-28 22:33:16.589 - INFO: Result has unknown size (not computed yet)
2026-09-28 22:33:17.083 - INFO: Done processing query and sending result, total time was 494 ms
2026-09-28 22:33:17.149 - INFO: 
2026-09-28 22:33:17.149 - INFO: Request received via GET, no content type specified
2026-09-28 22:33:17.149 - INFO: Processing command "clear-cache": clear the cache (unpinned elements only)
2026-09-28 22:33:17.184 - INFO: 
2026-09-28 22:33:17.184 - INFO: Request received via POST, content type "application/x-www-form-urlencoded"
2026-09-28 22:33:17.184 - INFO: Processing the following SPARQL query:
# Tier H-vocab — title literals, large
# Goal: external-vocabulary lookup pressure with larger bounded output.
PREFIX dblp: <https://dblp.org/rdf/schema#>

CONSTRUCT { ?paper dblp:title ?title }
WHERE {
  ?paper dblp:title ?title .
}
LIMIT 100000

2026-09-28 22:33:17.184 - INFO: Requested media types of the result are: "text/turtle"
2026-09-28 22:33:17.184 - INFO: Query planning done in 0 ms
2026-09-28 22:33:17.185 - INFO: Result has unknown size (not computed yet)
2026-09-28 22:33:17.656 - INFO: Done processing query and sending result, total time was 472 ms
2026-09-28 22:33:17.722 - INFO: 
2026-09-28 22:33:17.722 - INFO: Request received via GET, no content type specified
2026-09-28 22:33:17.722 - INFO: Processing command "clear-cache": clear the cache (unpinned elements only)
2026-09-28 22:33:17.756 - INFO: 
2026-09-28 22:33:17.756 - INFO: Request received via POST, content type "application/x-www-form-urlencoded"
2026-09-28 22:33:17.756 - INFO: Processing the following SPARQL query:
# Tier H-vocab — title literals, large
# Goal: external-vocabulary lookup pressure with larger bounded output.
PREFIX dblp: <https://dblp.org/rdf/schema#>

CONSTRUCT { ?paper dblp:title ?title }
WHERE {
  ?paper dblp:title ?title .
}
LIMIT 100000

2026-09-28 22:33:17.756 - INFO: Requested media types of the result are: "text/turtle"
2026-09-28 22:33:17.756 - INFO: Query planning done in 0 ms
2026-09-28 22:33:17.757 - INFO: Result has unknown size (not computed yet)
2026-09-28 22:33:18.261 - INFO: Done processing query and sending result, total time was 505 ms
2026-09-28 22:33:18.327 - INFO: 
2026-09-28 22:33:18.327 - INFO: Request received via GET, no content type specified
2026-09-28 22:33:18.327 - INFO: Processing command "cache-stats": get cache statistics
