2026-07-30 22:52:01.436 - INFO: [1mQLever server v0.5.50-58-gbdd1a6b9, compiled on Thu Jul 30 22:03:57 CEST 2026 using git hash bdd1a6b[22m
2026-07-30 22:52:01.436 - INFO: The git hash used to build this index was "8c99fe"
2026-07-30 22:52:01.436 - INFO: Reading vocabulary from file /home/userNoPriv/code/qlever/qlever-indices/dblp/dblp.vocabulary.words ...
2026-07-30 22:52:01.451 - INFO: Done, number of words: 409,446,926
2026-07-30 22:52:01.451 - INFO: Number of words in internal vocabulary (these are also part of the external vocabulary): 409,457
2026-07-30 22:52:01.461 - INFO: Registered PSO permutation: #relations = 6, #blocks = 7,515, #triples = 234,800,838
2026-07-30 22:52:01.484 - INFO: Registered PSO permutation: #relations = 96, #blocks = 46,913, #triples = 1,464,719,701
2026-07-30 22:52:01.488 - INFO: Registered POS permutation: #relations = 6, #blocks = 7,515, #triples = 234,800,838
2026-07-30 22:52:01.512 - INFO: Registered POS permutation: #relations = 96, #blocks = 46,913, #triples = 1,464,719,701
2026-07-30 22:52:01.533 - INFO: Registered OPS permutation: #relations = 318,850,904, #blocks = 39,014, #triples = 1,464,719,701
2026-07-30 22:52:01.554 - INFO: Registered OSP permutation: #relations = 318,850,904, #blocks = 39,014, #triples = 1,464,719,701
2026-07-30 22:52:01.567 - INFO: Registered SPO permutation: #relations = 234,800,427, #blocks = 31,251, #triples = 1,464,719,701
2026-07-30 22:52:01.579 - INFO: Registered SOP permutation: #relations = 234,800,427, #blocks = 31,251, #triples = 1,464,719,701
2026-07-30 22:52:01.579 - INFO: Reading patterns from file /home/userNoPriv/code/qlever/qlever-indices/dblp/dblp.index.patterns ...
2026-07-30 22:52:01.580 - INFO: Sorting random result tables to estimate the sorting performance of this machine ...
2026-07-30 22:52:10.187 - INFO: Initializing server ...
2026-07-30 22:52:10.187 - INFO: No access token required for restricted API calls
2026-07-30 22:52:10.187 - INFO: The server is ready, listening for requests on port 7015 ...
2026-07-30 22:52:10.240 - INFO: 
2026-07-30 22:52:10.240 - INFO: Request received via GET, no content type specified
2026-07-30 22:52:10.240 - INFO: Processing command "cache-stats": get cache statistics
2026-07-30 22:52:10.249 - INFO: 
2026-07-30 22:52:10.249 - INFO: Request received via POST, content type "application/x-www-form-urlencoded"
2026-07-30 22:52:10.252 - INFO: Processing the following SPARQL query:
# Tier D3 — DISCOVER (mid-scale, export share visible)
# A venue subgraph gives a controllable, mid-scale publication workload.
PREFIX dblp: <https://dblp.org/rdf/schema#>

CONSTRUCT { ?paper ?p ?o }
WHERE {
  ?paper a dblp:Publication ;
         dblp:publishedInStream <https://dblp.org/streams/conf/stoc> ;
         ?p ?o .
}
LIMIT 100000

2026-07-30 22:52:10.252 - INFO: Requested media types of the result are: "text/turtle"
2026-07-30 22:52:10.255 - INFO: Query planning done in 5 ms
2026-07-30 22:52:10.260 - INFO: Result has unknown size (not computed yet)
2026-07-30 22:52:12.548 - INFO: Done processing query and sending result, total time was 2,299 ms
2026-07-30 22:52:12.557 - INFO: 
2026-07-30 22:52:12.557 - INFO: Request received via GET, no content type specified
2026-07-30 22:52:12.557 - INFO: Processing command "cache-stats": get cache statistics
2026-07-30 22:52:12.898 - INFO: 
2026-07-30 22:52:12.898 - INFO: Request received via POST, content type "application/x-www-form-urlencoded"
2026-07-30 22:52:12.898 - INFO: Processing the following SPARQL query:
# Tier D3 — DISCOVER (mid-scale, export share visible)
# A venue subgraph gives a controllable, mid-scale publication workload.
PREFIX dblp: <https://dblp.org/rdf/schema#>

CONSTRUCT { ?paper ?p ?o }
WHERE {
  ?paper a dblp:Publication ;
         dblp:publishedInStream <https://dblp.org/streams/conf/stoc> ;
         ?p ?o .
}
LIMIT 100000

2026-07-30 22:52:12.898 - INFO: Requested media types of the result are: "text/turtle"
2026-07-30 22:52:12.899 - INFO: Query planning done in 0 ms
2026-07-30 22:52:12.901 - INFO: Result has unknown size (not computed yet)
2026-07-30 22:52:13.003 - INFO: Done processing query and sending result, total time was 104 ms
2026-07-30 22:52:13.010 - INFO: 
2026-07-30 22:52:13.010 - INFO: Request received via GET, no content type specified
2026-07-30 22:52:13.011 - INFO: Processing command "cache-stats": get cache statistics
