OK: binary exists: /local/data-ssd/stoetzem/thesis/experiments/runs/pr59-fixedfiles-probe-part8/bin/qlever-server-base
OK: version string carries commit 51269ab4: /local/data-ssd/stoetzem/thesis/experiments/runs/pr59-fixedfiles-probe-part8/bin/qlever-server-base CIKM-2683-g51269ab4b
INFO: io_uring symbols: 4
OK: io_uring is compiled in (4 symbols)
VERDICT: PASS — binary is trustworthy for benchmarking
[2026-10-06T05:06:41Z] gate ok: base 51269ab4 md5=844982fa5846
OK: binary exists: /local/data-ssd/stoetzem/thesis/experiments/runs/pr59-fixedfiles-probe-part8/bin/qlever-server-variant
OK: version string carries commit e2a1530e: /local/data-ssd/stoetzem/thesis/experiments/runs/pr59-fixedfiles-probe-part8/bin/qlever-server-variant CIKM-2684-ge2a1530e2
INFO: io_uring symbols: 7
OK: io_uring is compiled in (7 symbols)
VERDICT: PASS — binary is trustworthy for benchmarking
[2026-10-06T05:06:42Z] gate ok: variant e2a1530e md5=f88851429d07
OK: binary exists: /local/data-ssd/stoetzem/thesis/experiments/runs/pr59-fixedfiles-probe-part8/bin/qlever-server-stats
OK: version string carries commit e6f1e855: /local/data-ssd/stoetzem/thesis/experiments/runs/pr59-fixedfiles-probe-part8/bin/qlever-server-stats CIKM-2685-ge6f1e855f
INFO: io_uring symbols: 7
OK: io_uring is compiled in (7 symbols)
VERDICT: PASS — binary is trustworthy for benchmarking
[2026-10-06T05:06:43Z] gate ok: stats e6f1e855 md5=175da7d747b1
fatal: not a git repository (or any parent up to mount point /local)
Stopping at filesystem boundary (GIT_DISCOVERY_ACROSS_FILESYSTEM not set).
fatal: not a git repository (or any parent up to mount point /local)
Stopping at filesystem boundary (GIT_DISCOVERY_ACROSS_FILESYSTEM not set).
fatal: not a git repository (or any parent up to mount point /local)
Stopping at filesystem boundary (GIT_DISCOVERY_ACROSS_FILESYSTEM not set).
fatal: not a git repository (or any parent up to mount point /local)
Stopping at filesystem boundary (GIT_DISCOVERY_ACROSS_FILESYSTEM not set).
fatal: not a git repository (or any parent up to mount point /local)
Stopping at filesystem boundary (GIT_DISCOVERY_ACROSS_FILESYSTEM not set).
rep 1/1: complete export=s e2e=29.197416452s 504927346 bytes syscr=8881594 pread64=2633 io_uring_enter=170095 read_bytes=9442918400 cpu_s=32.900000
[2026-10-06T05:07:41Z] stats H-vocab-label-large-de cold r1: elapsed=29.197416452 2026-10-06 07:07:38.595 - INFO: VOCAB_IO_STATS offsetLookups=4,441,773 offsetMissed=249,662 wordLookups=4,441,773 wordMissed=335,174 ringSqes=584,836 ringSubmits=167,383 preadv2Calls=8,878,901
fatal: not a git repository (or any parent up to mount point /local)
Stopping at filesystem boundary (GIT_DISCOVERY_ACROSS_FILESYSTEM not set).
fatal: not a git repository (or any parent up to mount point /local)
Stopping at filesystem boundary (GIT_DISCOVERY_ACROSS_FILESYSTEM not set).
fatal: not a git repository (or any parent up to mount point /local)
Stopping at filesystem boundary (GIT_DISCOVERY_ACROSS_FILESYSTEM not set).
fatal: not a git repository (or any parent up to mount point /local)
Stopping at filesystem boundary (GIT_DISCOVERY_ACROSS_FILESYSTEM not set).
fatal: not a git repository (or any parent up to mount point /local)
Stopping at filesystem boundary (GIT_DISCOVERY_ACROSS_FILESYSTEM not set).
rep 1/1: complete export=s e2e=27.264886204s 504927346 bytes syscr=8881590 pread64=2633 io_uring_enter=170902 read_bytes=9442918400 cpu_s=30.690000
[2026-10-06T05:08:40Z] stats H-vocab-label-large-de cold r2: elapsed=27.264886204 2026-10-06 07:08:38.239 - INFO: VOCAB_IO_STATS offsetLookups=4,441,773 offsetMissed=249,632 wordLookups=4,441,773 wordMissed=335,030 ringSqes=584,662 ringSubmits=167,144 preadv2Calls=8,878,901
fatal: not a git repository (or any parent up to mount point /local)
Stopping at filesystem boundary (GIT_DISCOVERY_ACROSS_FILESYSTEM not set).
fatal: not a git repository (or any parent up to mount point /local)
Stopping at filesystem boundary (GIT_DISCOVERY_ACROSS_FILESYSTEM not set).
fatal: not a git repository (or any parent up to mount point /local)
Stopping at filesystem boundary (GIT_DISCOVERY_ACROSS_FILESYSTEM not set).
fatal: not a git repository (or any parent up to mount point /local)
Stopping at filesystem boundary (GIT_DISCOVERY_ACROSS_FILESYSTEM not set).
fatal: not a git repository (or any parent up to mount point /local)
Stopping at filesystem boundary (GIT_DISCOVERY_ACROSS_FILESYSTEM not set).
rep 1/1: complete export=s e2e=16.968117010s 504927346 bytes syscr=8881566 pread64=2633 io_uring_enter=0 read_bytes=0 cpu_s=20.750000
[2026-10-06T05:09:50Z] stats H-vocab-label-large-de warm r1: elapsed=16.968117010 2026-10-06 07:09:47.634 - INFO: VOCAB_IO_STATS offsetLookups=4,441,773 offsetMissed=0 wordLookups=4,441,773 wordMissed=0 ringSqes=0 ringSubmits=0 preadv2Calls=8,878,901
fatal: not a git repository (or any parent up to mount point /local)
Stopping at filesystem boundary (GIT_DISCOVERY_ACROSS_FILESYSTEM not set).
fatal: not a git repository (or any parent up to mount point /local)
Stopping at filesystem boundary (GIT_DISCOVERY_ACROSS_FILESYSTEM not set).
fatal: not a git repository (or any parent up to mount point /local)
Stopping at filesystem boundary (GIT_DISCOVERY_ACROSS_FILESYSTEM not set).
fatal: not a git repository (or any parent up to mount point /local)
Stopping at filesystem boundary (GIT_DISCOVERY_ACROSS_FILESYSTEM not set).
fatal: not a git repository (or any parent up to mount point /local)
Stopping at filesystem boundary (GIT_DISCOVERY_ACROSS_FILESYSTEM not set).
rep 1/1: complete export=s e2e=10.934198233s 19297737 bytes syscr=1550678 pread64=1201735 io_uring_enter=174098 read_bytes=2992123904 cpu_s=8.050000
[2026-10-06T05:10:30Z] stats H-vocab-random-label-de-200k cold r1: elapsed=10.934198233 2026-10-06 07:10:27.698 - INFO: VOCAB_IO_STATS offsetLookups=176,158 offsetMissed=125,883 wordLookups=176,158 wordMissed=136,954 ringSqes=262,837 ringSubmits=174,097 preadv2Calls=348,919
fatal: not a git repository (or any parent up to mount point /local)
Stopping at filesystem boundary (GIT_DISCOVERY_ACROSS_FILESYSTEM not set).
fatal: not a git repository (or any parent up to mount point /local)
Stopping at filesystem boundary (GIT_DISCOVERY_ACROSS_FILESYSTEM not set).
fatal: not a git repository (or any parent up to mount point /local)
Stopping at filesystem boundary (GIT_DISCOVERY_ACROSS_FILESYSTEM not set).
fatal: not a git repository (or any parent up to mount point /local)
Stopping at filesystem boundary (GIT_DISCOVERY_ACROSS_FILESYSTEM not set).
fatal: not a git repository (or any parent up to mount point /local)
Stopping at filesystem boundary (GIT_DISCOVERY_ACROSS_FILESYSTEM not set).
rep 1/1: complete export=s e2e=10.818411874s 19297737 bytes syscr=1550678 pread64=1201735 io_uring_enter=174271 read_bytes=2992123904 cpu_s=7.970000
[2026-10-06T05:11:09Z] stats H-vocab-random-label-de-200k cold r2: elapsed=10.818411874 2026-10-06 07:11:06.763 - INFO: VOCAB_IO_STATS offsetLookups=176,158 offsetMissed=125,886 wordLookups=176,158 wordMissed=137,124 ringSqes=263,010 ringSubmits=174,270 preadv2Calls=348,919
fatal: not a git repository (or any parent up to mount point /local)
Stopping at filesystem boundary (GIT_DISCOVERY_ACROSS_FILESYSTEM not set).
fatal: not a git repository (or any parent up to mount point /local)
Stopping at filesystem boundary (GIT_DISCOVERY_ACROSS_FILESYSTEM not set).
fatal: not a git repository (or any parent up to mount point /local)
Stopping at filesystem boundary (GIT_DISCOVERY_ACROSS_FILESYSTEM not set).
fatal: not a git repository (or any parent up to mount point /local)
Stopping at filesystem boundary (GIT_DISCOVERY_ACROSS_FILESYSTEM not set).
fatal: not a git repository (or any parent up to mount point /local)
Stopping at filesystem boundary (GIT_DISCOVERY_ACROSS_FILESYSTEM not set).
rep 1/1: complete export=s e2e=5.256995974s 19297737 bytes syscr=1550662 pread64=1201735 io_uring_enter=0 read_bytes=0 cpu_s=5.590000
[2026-10-06T05:11:56Z] stats H-vocab-random-label-de-200k warm r1: elapsed=5.256995974 2026-10-06 07:11:53.774 - INFO: VOCAB_IO_STATS offsetLookups=176,158 offsetMissed=0 wordLookups=176,158 wordMissed=0 ringSqes=0 ringSubmits=0 preadv2Calls=348,919
fatal: not a git repository (or any parent up to mount point /local)
Stopping at filesystem boundary (GIT_DISCOVERY_ACROSS_FILESYSTEM not set).
fatal: not a git repository (or any parent up to mount point /local)
Stopping at filesystem boundary (GIT_DISCOVERY_ACROSS_FILESYSTEM not set).
fatal: not a git repository (or any parent up to mount point /local)
Stopping at filesystem boundary (GIT_DISCOVERY_ACROSS_FILESYSTEM not set).
fatal: not a git repository (or any parent up to mount point /local)
Stopping at filesystem boundary (GIT_DISCOVERY_ACROSS_FILESYSTEM not set).
fatal: not a git repository (or any parent up to mount point /local)
Stopping at filesystem boundary (GIT_DISCOVERY_ACROSS_FILESYSTEM not set).
rep 1/1: complete export=s e2e=12.036839216s 19297737 bytes syscr=1550682 pread64=1201735 io_uring_enter=174247 read_bytes=2995187712 cpu_s=9.230000
[2026-10-06T05:12:46Z] perf H-vocab-random-label-de-200k base r1:  0.09% [k] fget| 0.09% [k] fput| 0.07% [k] __io_submit_flush_completions| 0.07% [k] __io_read| 0.06% [k] __io_prep_rw
fatal: not a git repository (or any parent up to mount point /local)
Stopping at filesystem boundary (GIT_DISCOVERY_ACROSS_FILESYSTEM not set).
fatal: not a git repository (or any parent up to mount point /local)
Stopping at filesystem boundary (GIT_DISCOVERY_ACROSS_FILESYSTEM not set).
fatal: not a git repository (or any parent up to mount point /local)
Stopping at filesystem boundary (GIT_DISCOVERY_ACROSS_FILESYSTEM not set).
fatal: not a git repository (or any parent up to mount point /local)
Stopping at filesystem boundary (GIT_DISCOVERY_ACROSS_FILESYSTEM not set).
fatal: not a git repository (or any parent up to mount point /local)
Stopping at filesystem boundary (GIT_DISCOVERY_ACROSS_FILESYSTEM not set).
rep 1/1: complete export=s e2e=11.407333345s 19297737 bytes syscr=1550682 pread64=1201735 io_uring_enter=174287 read_bytes=2995187712 cpu_s=8.580000
[2026-10-06T05:13:32Z] perf H-vocab-random-label-de-200k variant r1:  0.13% [k] __io_read| 0.09% [k] fput| 0.09% [k] __io_submit_flush_completions
fatal: not a git repository (or any parent up to mount point /local)
Stopping at filesystem boundary (GIT_DISCOVERY_ACROSS_FILESYSTEM not set).
fatal: not a git repository (or any parent up to mount point /local)
Stopping at filesystem boundary (GIT_DISCOVERY_ACROSS_FILESYSTEM not set).
fatal: not a git repository (or any parent up to mount point /local)
Stopping at filesystem boundary (GIT_DISCOVERY_ACROSS_FILESYSTEM not set).
fatal: not a git repository (or any parent up to mount point /local)
Stopping at filesystem boundary (GIT_DISCOVERY_ACROSS_FILESYSTEM not set).
fatal: not a git repository (or any parent up to mount point /local)
Stopping at filesystem boundary (GIT_DISCOVERY_ACROSS_FILESYSTEM not set).
rep 1/1: complete export=s e2e=11.015947855s 19297737 bytes syscr=1550682 pread64=1201735 io_uring_enter=174323 read_bytes=2995187712 cpu_s=8.220000
[2026-10-06T05:14:19Z] perf H-vocab-random-label-de-200k variant r2:  0.12% [k] __io_read| 0.10% [k] fput| 0.07% [k] __io_submit_flush_completions
fatal: not a git repository (or any parent up to mount point /local)
Stopping at filesystem boundary (GIT_DISCOVERY_ACROSS_FILESYSTEM not set).
fatal: not a git repository (or any parent up to mount point /local)
Stopping at filesystem boundary (GIT_DISCOVERY_ACROSS_FILESYSTEM not set).
fatal: not a git repository (or any parent up to mount point /local)
Stopping at filesystem boundary (GIT_DISCOVERY_ACROSS_FILESYSTEM not set).
fatal: not a git repository (or any parent up to mount point /local)
Stopping at filesystem boundary (GIT_DISCOVERY_ACROSS_FILESYSTEM not set).
fatal: not a git repository (or any parent up to mount point /local)
Stopping at filesystem boundary (GIT_DISCOVERY_ACROSS_FILESYSTEM not set).
rep 1/1: complete export=s e2e=13.139861356s 19297737 bytes syscr=1550686 pread64=1201735 io_uring_enter=174008 read_bytes=2995187712 cpu_s=10.220000
[2026-10-06T05:15:11Z] perf H-vocab-random-label-de-200k base r2:  0.11% [k] __io_read| 0.11% [k] fget| 0.10% [k] fput| 0.06% [k] __io_submit_flush_completions
fatal: not a git repository (or any parent up to mount point /local)
Stopping at filesystem boundary (GIT_DISCOVERY_ACROSS_FILESYSTEM not set).
fatal: not a git repository (or any parent up to mount point /local)
Stopping at filesystem boundary (GIT_DISCOVERY_ACROSS_FILESYSTEM not set).
fatal: not a git repository (or any parent up to mount point /local)
Stopping at filesystem boundary (GIT_DISCOVERY_ACROSS_FILESYSTEM not set).
fatal: not a git repository (or any parent up to mount point /local)
Stopping at filesystem boundary (GIT_DISCOVERY_ACROSS_FILESYSTEM not set).
fatal: not a git repository (or any parent up to mount point /local)
Stopping at filesystem boundary (GIT_DISCOVERY_ACROSS_FILESYSTEM not set).
rep 1/1: complete export=s e2e=25.834623659s 504927346 bytes syscr=8881590 pread64=2633 io_uring_enter=172003 read_bytes=9445982208 cpu_s=29.340000
[2026-10-06T05:16:18Z] perf H-vocab-label-large-de base r1:  0.11% [k] fput| 0.08% [k] __io_read| 0.06% [k] fget
fatal: not a git repository (or any parent up to mount point /local)
Stopping at filesystem boundary (GIT_DISCOVERY_ACROSS_FILESYSTEM not set).
fatal: not a git repository (or any parent up to mount point /local)
Stopping at filesystem boundary (GIT_DISCOVERY_ACROSS_FILESYSTEM not set).
fatal: not a git repository (or any parent up to mount point /local)
Stopping at filesystem boundary (GIT_DISCOVERY_ACROSS_FILESYSTEM not set).
fatal: not a git repository (or any parent up to mount point /local)
Stopping at filesystem boundary (GIT_DISCOVERY_ACROSS_FILESYSTEM not set).
fatal: not a git repository (or any parent up to mount point /local)
Stopping at filesystem boundary (GIT_DISCOVERY_ACROSS_FILESYSTEM not set).
rep 1/1: complete export=s e2e=24.605046895s 504927346 bytes syscr=8881590 pread64=2633 io_uring_enter=172834 read_bytes=9445982208 cpu_s=28.090000
[2026-10-06T05:17:22Z] perf H-vocab-label-large-de variant r1:  0.11% [k] fput| 0.08% [k] __io_read
fatal: not a git repository (or any parent up to mount point /local)
Stopping at filesystem boundary (GIT_DISCOVERY_ACROSS_FILESYSTEM not set).
fatal: not a git repository (or any parent up to mount point /local)
Stopping at filesystem boundary (GIT_DISCOVERY_ACROSS_FILESYSTEM not set).
fatal: not a git repository (or any parent up to mount point /local)
Stopping at filesystem boundary (GIT_DISCOVERY_ACROSS_FILESYSTEM not set).
fatal: not a git repository (or any parent up to mount point /local)
Stopping at filesystem boundary (GIT_DISCOVERY_ACROSS_FILESYSTEM not set).
fatal: not a git repository (or any parent up to mount point /local)
Stopping at filesystem boundary (GIT_DISCOVERY_ACROSS_FILESYSTEM not set).
rep 1/1: complete export=s e2e=30.032361589s 504927346 bytes syscr=8881594 pread64=2633 io_uring_enter=169816 read_bytes=9445982208 cpu_s=33.830000
[2026-10-06T05:18:36Z] perf H-vocab-label-large-de variant r2:  0.11% [k] fput| 0.09% [k] __io_read
fatal: not a git repository (or any parent up to mount point /local)
Stopping at filesystem boundary (GIT_DISCOVERY_ACROSS_FILESYSTEM not set).
fatal: not a git repository (or any parent up to mount point /local)
Stopping at filesystem boundary (GIT_DISCOVERY_ACROSS_FILESYSTEM not set).
fatal: not a git repository (or any parent up to mount point /local)
Stopping at filesystem boundary (GIT_DISCOVERY_ACROSS_FILESYSTEM not set).
fatal: not a git repository (or any parent up to mount point /local)
Stopping at filesystem boundary (GIT_DISCOVERY_ACROSS_FILESYSTEM not set).
fatal: not a git repository (or any parent up to mount point /local)
Stopping at filesystem boundary (GIT_DISCOVERY_ACROSS_FILESYSTEM not set).
rep 1/1: complete export=s e2e=27.252933077s 504927346 bytes syscr=8881590 pread64=2633 io_uring_enter=171371 read_bytes=9446117376 cpu_s=30.680000
[2026-10-06T05:19:44Z] perf H-vocab-label-large-de base r2:  0.12% [k] fput| 0.09% [k] __io_read| 0.06% [k] fget
[2026-10-06T05:19:44Z] COMPLETE
