2026-08-11 13:29:58.071 - INFO: [1mQLever server v0.5.50-58-gbdd1a6b9, compiled on Fri Jul 31 12:36:09 CEST 2026 using git hash bdd1a6b[22m
2026-08-11 13:29:58.071 - INFO: The git hash used to build this index was "bdd1a6b"
2026-08-11 13:29:58.071 - INFO: Reading vocabulary from file /home/userNoPriv/code/qlever/qlever-indices/dblp/dblp.vocabulary.words ...
2026-08-11 13:29:58.088 - INFO: Done, number of words: 409,446,926
2026-08-11 13:29:58.088 - INFO: Number of words in internal vocabulary (these are also part of the external vocabulary): 409,457
2026-08-11 13:29:58.097 - INFO: Registered PSO permutation: #relations = 6, #blocks = 7,515, #triples = 234,800,838
2026-08-11 13:29:58.121 - INFO: Registered PSO permutation: #relations = 96, #blocks = 46,913, #triples = 1,464,719,701
2026-08-11 13:29:58.125 - INFO: Registered POS permutation: #relations = 6, #blocks = 7,515, #triples = 234,800,838
2026-08-11 13:29:58.148 - INFO: Registered POS permutation: #relations = 96, #blocks = 46,913, #triples = 1,464,719,701
2026-08-11 13:29:58.167 - INFO: Registered OPS permutation: #relations = 318,850,904, #blocks = 39,014, #triples = 1,464,719,701
2026-08-11 13:29:58.188 - INFO: Registered OSP permutation: #relations = 318,850,904, #blocks = 39,014, #triples = 1,464,719,701
2026-08-11 13:29:58.202 - INFO: Registered SPO permutation: #relations = 234,800,427, #blocks = 31,251, #triples = 1,464,719,701
2026-08-11 13:29:58.215 - INFO: Registered SOP permutation: #relations = 234,800,427, #blocks = 31,251, #triples = 1,464,719,701
2026-08-11 13:29:58.215 - INFO: Reading patterns from file /home/userNoPriv/code/qlever/qlever-indices/dblp/dblp.index.patterns ...
2026-08-11 13:29:58.216 - INFO: Sorting random result tables to estimate the sorting performance of this machine ...
2026-08-11 13:30:07.267 - INFO: Initializing server ...
2026-08-11 13:30:07.267 - INFO: No access token required for restricted API calls
2026-08-11 13:30:07.267 - INFO: The server is ready, listening for requests on port 7088 ...
2026-08-11 13:30:07.360 - INFO: 
2026-08-11 13:30:07.360 - INFO: Request received via POST, content type "application/x-www-form-urlencoded"
2026-08-11 13:30:07.362 - INFO: Processing the following SPARQL query:
# Tier H-vocab — title literals, large
# Goal: external-vocabulary lookup pressure with larger bounded output.
PREFIX dblp: <https://dblp.org/rdf/schema#>

CONSTRUCT { ?paper dblp:title ?title }
WHERE {
  ?paper dblp:title ?title .
}
LIMIT 100000

2026-08-11 13:30:07.362 - INFO: Requested media types of the result are: "text/turtle"
2026-08-11 13:30:07.365 - INFO: Query planning done in 4 ms
2026-08-11 13:30:07.365 - INFO: Result has unknown size (not computed yet)
2026-08-11 13:30:07.365 - INFO: Result has unknown size (not computed yet)
2026-08-11 13:30:13.357 - INFO: Export finished in 4,695 ms
2026-08-11 13:30:13.357 - INFO: Done processing query and sending result, total time was 5,997 ms
2026-08-11 13:30:13.365 - INFO: 
2026-08-11 13:30:13.365 - INFO: Request received via GET, no content type specified
2026-08-11 13:30:13.365 - INFO: Processing command "cache-stats": get cache statistics
2026-08-11 13:30:13.703 - INFO: 
2026-08-11 13:30:13.703 - INFO: Request received via POST, content type "application/x-www-form-urlencoded"
2026-08-11 13:30:13.704 - INFO: Processing the following SPARQL query:
# Tier H-vocab — title literals, large
# Goal: external-vocabulary lookup pressure with larger bounded output.
PREFIX dblp: <https://dblp.org/rdf/schema#>

CONSTRUCT { ?paper dblp:title ?title }
WHERE {
  ?paper dblp:title ?title .
}
LIMIT 100000

2026-08-11 13:30:13.704 - INFO: Requested media types of the result are: "text/turtle"
2026-08-11 13:30:13.704 - INFO: Query planning done in 0 ms
2026-08-11 13:30:13.704 - INFO: Result has unknown size (not computed yet)
2026-08-11 13:30:13.704 - INFO: Result has unknown size (not computed yet)
2026-08-11 13:30:14.151 - INFO: Export finished in 415 ms
2026-08-11 13:30:14.151 - INFO: Done processing query and sending result, total time was 447 ms
2026-08-11 13:30:14.160 - INFO: 
2026-08-11 13:30:14.160 - INFO: Request received via GET, no content type specified
2026-08-11 13:30:14.160 - INFO: Processing command "cache-stats": get cache statistics
