2026-08-10 23:56:18.871 - INFO: [1mQLever server v0.5.50-82-g65f84b43, compiled on Mon Aug 10 19:10:29 CEST 2026 using git hash 65f84b4[22m
2026-08-10 23:56:18.871 - INFO: Cleanup of previous index directories after each rebuild enabled (--rebuild-keep-previous-index-dirs original-and-most-recent)
2026-08-10 23:56:18.885 - INFO: The git hash used to build this index was "65f84b4"
2026-08-10 23:56:18.885 - INFO: Reading vocabulary from file /local/data-ssd/stoetzem/dblp/dblp.vocabulary.words ...
2026-08-10 23:56:18.899 - INFO: Done, number of words: 446,944,668
2026-08-10 23:56:18.899 - INFO: Number of words in internal vocabulary (these are also part of the external vocabulary): 446,955
2026-08-10 23:56:18.906 - INFO: Registered PSO permutation: #relations = 6, #blocks = 8,187, #triples = 255,805,025
2026-08-10 23:56:18.931 - INFO: Registered PSO permutation: #relations = 96, #blocks = 51,023, #triples = 1,593,245,022
2026-08-10 23:56:18.934 - INFO: Registered POS permutation: #relations = 6, #blocks = 8,187, #triples = 255,805,025
2026-08-10 23:56:18.958 - INFO: Registered POS permutation: #relations = 96, #blocks = 51,023, #triples = 1,593,245,022
2026-08-10 23:56:18.978 - INFO: Registered OPS permutation: #relations = 345,357,897, #blocks = 42,492, #triples = 1,593,245,022
2026-08-10 23:56:18.998 - INFO: Registered OSP permutation: #relations = 345,357,897, #blocks = 42,492, #triples = 1,593,245,022
2026-08-10 23:56:19.011 - INFO: Registered SPO permutation: #relations = 255,804,614, #blocks = 33,993, #triples = 1,593,245,022
2026-08-10 23:56:19.022 - INFO: Registered SOP permutation: #relations = 255,804,614, #blocks = 33,993, #triples = 1,593,245,022
2026-08-10 23:56:19.022 - INFO: Reading patterns from file /local/data-ssd/stoetzem/dblp/dblp.index.patterns ...
2026-08-10 23:56:19.022 - INFO: Sorting random result tables to estimate the sorting performance of this machine ...
2026-08-10 23:56:26.967 - INFO: Initializing server ...
2026-08-10 23:56:26.967 - INFO: No access token required for restricted API calls
2026-08-10 23:56:26.967 - INFO: The server is ready, listening for requests on port 7026 ...
2026-08-10 23:56:27.140 - INFO: 
2026-08-10 23:56:27.140 - INFO: Request received via POST, content type "application/x-www-form-urlencoded"
2026-08-10 23:56:27.143 - INFO: Processing the following SPARQL query:
# Tier H — dedup-heavy
# Goal: exercise CONSTRUCT result deduplication. A paper with multiple
# signatures produces repeated (?paper ?p ?o) rows through this join.
PREFIX dblp: <https://dblp.org/rdf/schema#>

CONSTRUCT { ?paper ?p ?o }
WHERE {
  ?paper a dblp:Publication ;
         dblp:publishedInStream <https://dblp.org/streams/conf/stoc> ;
         dblp:hasSignature ?sig .
  ?sig dblp:signatureCreator ?creator .
  ?paper ?p ?o .
}

2026-08-10 23:56:27.143 - INFO: Requested media types of the result are: "text/turtle"
2026-08-10 23:56:27.143 - INFO: CONSTRUCT_REQUEST_STAGE_ENTER name=planning elapsed_us=2,514
2026-08-10 23:56:27.160 - INFO: Query planning done in 19 ms
2026-08-10 23:56:27.160 - INFO: CONSTRUCT_REQUEST_STAGE_ENTER name=response_stream elapsed_us=19,954
2026-08-10 23:56:27.177 - INFO: Result has unknown size (not computed yet)
2026-08-10 23:56:27.177 - INFO: CONSTRUCT_EXPORT_DEDUPLICATOR_CONSTRUCTION_BEGIN mode=none
2026-08-10 23:56:27.177 - INFO: CONSTRUCT_EXPORT_DEDUPLICATOR_CONSTRUCTION_END mode=none enabled=false
2026-08-10 23:56:28.887 - INFO: CONSTRUCT_EXPORT_STAGE_SUMMARY construct_stream_us=1,710,045 setup_us=7 batch_evaluation_us=1,594,529 instantiation_deduplication_us=19,368 batches=383 input_rows=390,854 candidate_triples=390,854 emitted_triples=390,854
2026-08-10 23:56:28.897 - INFO: CONSTRUCT_REQUEST_STAGE_SUMMARY planning_begin_us=2,514 planning_end_us=19,953 planning_us=17,439 response_stream_begin_us=19,954 response_stream_end_us=1,756,480 response_stream_us=1,736,526 root_execution_us=39,772 non_root_stream_us=1,696,754 server_request_us=1,756,480
2026-08-10 23:56:28.897 - INFO: Done processing query and sending result, total time was 1,756 ms
2026-08-10 23:56:28.915 - INFO: 
2026-08-10 23:56:28.915 - INFO: Request received via GET, no content type specified
2026-08-10 23:56:28.915 - INFO: Processing command "cache-stats": get cache statistics
2026-08-10 23:56:28.933 - INFO: 
2026-08-10 23:56:28.933 - INFO: Request received via POST, content type "application/x-www-form-urlencoded"
2026-08-10 23:56:28.934 - INFO: Processing the following SPARQL query:
# Tier H — dedup-heavy
# Goal: exercise CONSTRUCT result deduplication. A paper with multiple
# signatures produces repeated (?paper ?p ?o) rows through this join.
PREFIX dblp: <https://dblp.org/rdf/schema#>

CONSTRUCT { ?paper ?p ?o }
WHERE {
  ?paper a dblp:Publication ;
         dblp:publishedInStream <https://dblp.org/streams/conf/stoc> ;
         dblp:hasSignature ?sig .
  ?sig dblp:signatureCreator ?creator .
  ?paper ?p ?o .
}

2026-08-10 23:56:28.934 - INFO: Requested media types of the result are: "text/turtle"
2026-08-10 23:56:28.934 - INFO: CONSTRUCT_REQUEST_STAGE_ENTER name=planning elapsed_us=279
2026-08-10 23:56:28.935 - INFO: Query planning done in 1 ms
2026-08-10 23:56:28.935 - INFO: CONSTRUCT_REQUEST_STAGE_ENTER name=response_stream elapsed_us=1,767
2026-08-10 23:56:28.947 - INFO: Result has unknown size (not computed yet)
2026-08-10 23:56:28.947 - INFO: CONSTRUCT_EXPORT_DEDUPLICATOR_CONSTRUCTION_BEGIN mode=none
2026-08-10 23:56:28.947 - INFO: CONSTRUCT_EXPORT_DEDUPLICATOR_CONSTRUCTION_END mode=none enabled=false
2026-08-10 23:56:29.199 - INFO: CONSTRUCT_EXPORT_STAGE_SUMMARY construct_stream_us=252,141 setup_us=7 batch_evaluation_us=139,128 instantiation_deduplication_us=19,047 batches=383 input_rows=390,854 candidate_triples=390,854 emitted_triples=390,854
2026-08-10 23:56:29.209 - INFO: CONSTRUCT_REQUEST_STAGE_SUMMARY planning_begin_us=279 planning_end_us=1,766 planning_us=1,487 response_stream_begin_us=1,767 response_stream_end_us=275,588 response_stream_us=273,821 root_execution_us=33,669 non_root_stream_us=240,152 server_request_us=275,588
2026-08-10 23:56:29.209 - INFO: Done processing query and sending result, total time was 275 ms
2026-08-10 23:56:29.228 - INFO: 
2026-08-10 23:56:29.228 - INFO: Request received via GET, no content type specified
2026-08-10 23:56:29.228 - INFO: Processing command "cache-stats": get cache statistics
