2026-08-10 23:59:39.347 - INFO: [1mQLever server v0.5.50-82-g65f84b43, compiled on Mon Aug 10 19:10:29 CEST 2026 using git hash 65f84b4[22m
2026-08-10 23:59:39.347 - INFO: Cleanup of previous index directories after each rebuild enabled (--rebuild-keep-previous-index-dirs original-and-most-recent)
2026-08-10 23:59:39.361 - INFO: The git hash used to build this index was "65f84b4"
2026-08-10 23:59:39.362 - INFO: Reading vocabulary from file /local/data-ssd/stoetzem/dblp/dblp.vocabulary.words ...
2026-08-10 23:59:39.375 - INFO: Done, number of words: 446,944,668
2026-08-10 23:59:39.375 - INFO: Number of words in internal vocabulary (these are also part of the external vocabulary): 446,955
2026-08-10 23:59:39.383 - INFO: Registered PSO permutation: #relations = 6, #blocks = 8,187, #triples = 255,805,025
2026-08-10 23:59:39.407 - INFO: Registered PSO permutation: #relations = 96, #blocks = 51,023, #triples = 1,593,245,022
2026-08-10 23:59:39.410 - INFO: Registered POS permutation: #relations = 6, #blocks = 8,187, #triples = 255,805,025
2026-08-10 23:59:39.434 - INFO: Registered POS permutation: #relations = 96, #blocks = 51,023, #triples = 1,593,245,022
2026-08-10 23:59:39.454 - INFO: Registered OPS permutation: #relations = 345,357,897, #blocks = 42,492, #triples = 1,593,245,022
2026-08-10 23:59:39.473 - INFO: Registered OSP permutation: #relations = 345,357,897, #blocks = 42,492, #triples = 1,593,245,022
2026-08-10 23:59:39.487 - INFO: Registered SPO permutation: #relations = 255,804,614, #blocks = 33,993, #triples = 1,593,245,022
2026-08-10 23:59:39.497 - INFO: Registered SOP permutation: #relations = 255,804,614, #blocks = 33,993, #triples = 1,593,245,022
2026-08-10 23:59:39.497 - INFO: Reading patterns from file /local/data-ssd/stoetzem/dblp/dblp.index.patterns ...
2026-08-10 23:59:39.498 - INFO: Sorting random result tables to estimate the sorting performance of this machine ...
2026-08-10 23:59:47.432 - INFO: Initializing server ...
2026-08-10 23:59:47.432 - INFO: No access token required for restricted API calls
2026-08-10 23:59:47.432 - INFO: The server is ready, listening for requests on port 7026 ...
2026-08-10 23:59:47.616 - INFO: 
2026-08-10 23:59:47.616 - INFO: Request received via POST, content type "application/x-www-form-urlencoded"
2026-08-10 23:59:47.619 - INFO: Processing the following SPARQL query:
# Tier H -- duplicate heavy through an unused VALUES binding.
# Each binding of ?duplicationWitness produces the same construct-template
# triples. This tests duplication caused by multiplicity that is independent of
# the template variables, unlike H-dedup.rq, whose multiplicity arises from a
# join through publication signatures.
PREFIX dblp: <https://dblp.org/rdf/schema#>

CONSTRUCT { ?paper ?p ?o }
WHERE {
  VALUES ?duplicationWitness { 1 2 3 4 }
  ?paper a dblp:Publication ;
         dblp:publishedInStream <https://dblp.org/streams/conf/stoc> ;
         ?p ?o .
}

2026-08-10 23:59:47.619 - INFO: Requested media types of the result are: "text/turtle"
2026-08-10 23:59:47.619 - INFO: CONSTRUCT_REQUEST_STAGE_ENTER name=planning elapsed_us=2,644
2026-08-10 23:59:47.635 - INFO: Query planning done in 18 ms
2026-08-10 23:59:47.635 - INFO: CONSTRUCT_REQUEST_STAGE_ENTER name=response_stream elapsed_us=18,840
2026-08-10 23:59:47.635 - INFO: Number of tuples in VALUES clause: 4
2026-08-10 23:59:47.635 - INFO: Number of entries in local vocabulary per column: 0
2026-08-10 23:59:47.639 - INFO: Result has unknown size (not computed yet)
2026-08-10 23:59:47.639 - INFO: CONSTRUCT_EXPORT_DEDUPLICATOR_CONSTRUCTION_BEGIN mode=none
2026-08-10 23:59:47.639 - INFO: CONSTRUCT_EXPORT_DEDUPLICATOR_CONSTRUCTION_END mode=none enabled=false
2026-08-10 23:59:49.409 - INFO: CONSTRUCT_EXPORT_STAGE_SUMMARY construct_stream_us=1,769,844 setup_us=7 batch_evaluation_us=1,613,034 instantiation_deduplication_us=28,141 batches=562 input_rows=573,752 candidate_triples=573,752 emitted_triples=573,752
2026-08-10 23:59:49.414 - INFO: CONSTRUCT_REQUEST_STAGE_SUMMARY planning_begin_us=2,644 planning_end_us=18,839 planning_us=16,195 response_stream_begin_us=18,840 response_stream_end_us=1,797,487 response_stream_us=1,778,647 root_execution_us=25,332 non_root_stream_us=1,753,315 server_request_us=1,797,487
2026-08-10 23:59:49.414 - INFO: Done processing query and sending result, total time was 1,797 ms
2026-08-10 23:59:49.433 - INFO: 
2026-08-10 23:59:49.433 - INFO: Request received via GET, no content type specified
2026-08-10 23:59:49.433 - INFO: Processing command "cache-stats": get cache statistics
2026-08-10 23:59:49.452 - INFO: 
2026-08-10 23:59:49.452 - INFO: Request received via POST, content type "application/x-www-form-urlencoded"
2026-08-10 23:59:49.452 - INFO: Processing the following SPARQL query:
# Tier H -- duplicate heavy through an unused VALUES binding.
# Each binding of ?duplicationWitness produces the same construct-template
# triples. This tests duplication caused by multiplicity that is independent of
# the template variables, unlike H-dedup.rq, whose multiplicity arises from a
# join through publication signatures.
PREFIX dblp: <https://dblp.org/rdf/schema#>

CONSTRUCT { ?paper ?p ?o }
WHERE {
  VALUES ?duplicationWitness { 1 2 3 4 }
  ?paper a dblp:Publication ;
         dblp:publishedInStream <https://dblp.org/streams/conf/stoc> ;
         ?p ?o .
}

2026-08-10 23:59:49.452 - INFO: Requested media types of the result are: "text/turtle"
2026-08-10 23:59:49.452 - INFO: CONSTRUCT_REQUEST_STAGE_ENTER name=planning elapsed_us=306
2026-08-10 23:59:49.452 - INFO: Query planning done in 0 ms
2026-08-10 23:59:49.452 - INFO: CONSTRUCT_REQUEST_STAGE_ENTER name=response_stream elapsed_us=776
2026-08-10 23:59:49.453 - INFO: Number of tuples in VALUES clause: 4
2026-08-10 23:59:49.453 - INFO: Number of entries in local vocabulary per column: 0
2026-08-10 23:59:49.456 - INFO: Result has unknown size (not computed yet)
2026-08-10 23:59:49.456 - INFO: CONSTRUCT_EXPORT_DEDUPLICATOR_CONSTRUCTION_BEGIN mode=none
2026-08-10 23:59:49.456 - INFO: CONSTRUCT_EXPORT_DEDUPLICATOR_CONSTRUCTION_END mode=none enabled=false
2026-08-10 23:59:49.765 - INFO: CONSTRUCT_EXPORT_STAGE_SUMMARY construct_stream_us=309,050 setup_us=7 batch_evaluation_us=156,548 instantiation_deduplication_us=27,718 batches=562 input_rows=573,752 candidate_triples=573,752 emitted_triples=573,752
2026-08-10 23:59:49.771 - INFO: CONSTRUCT_REQUEST_STAGE_SUMMARY planning_begin_us=306 planning_end_us=775 planning_us=469 response_stream_begin_us=776 response_stream_end_us=319,031 response_stream_us=318,255 root_execution_us=22,847 non_root_stream_us=295,408 server_request_us=319,031
2026-08-10 23:59:49.771 - INFO: Done processing query and sending result, total time was 319 ms
2026-08-10 23:59:49.790 - INFO: 
2026-08-10 23:59:49.790 - INFO: Request received via GET, no content type specified
2026-08-10 23:59:49.790 - INFO: Processing command "cache-stats": get cache statistics
