2026-08-12 19:15:12.205 - INFO: [1mQLever server CIKM-2494-gc801fe1b, compiled on Wed Aug 12 06:40:36 PM CEST 2026 using git hash c801fe1[22m
2026-08-12 19:15:12.205 - INFO: Cleanup of previous index directories after each rebuild enabled (--rebuild-keep-previous-index-dirs original-and-most-recent)
2026-08-12 19:15:12.206 - INFO: The git hash used to build this index was "65f84b4"
2026-08-12 19:15:12.206 - INFO: Reading vocabulary from file /local/data-ssd/stoetzem/dblp/dblp.vocabulary.words ...
2026-08-12 19:15:12.215 - INFO: Done, number of words: 446,944,668
2026-08-12 19:15:12.215 - INFO: Number of words in internal vocabulary (these are also part of the external vocabulary): 446,955
2026-08-12 19:15:12.226 - INFO: Registered PSO permutation: #relations = 6, #blocks = 8,187, #triples = 255,805,025
2026-08-12 19:15:12.247 - INFO: Registered PSO permutation: #relations = 96, #blocks = 51,023, #triples = 1,593,245,022
2026-08-12 19:15:12.250 - INFO: Registered POS permutation: #relations = 6, #blocks = 8,187, #triples = 255,805,025
2026-08-12 19:15:12.271 - INFO: Registered POS permutation: #relations = 96, #blocks = 51,023, #triples = 1,593,245,022
2026-08-12 19:15:12.289 - INFO: Registered OPS permutation: #relations = 345,357,897, #blocks = 42,492, #triples = 1,593,245,022
2026-08-12 19:15:12.307 - INFO: Registered OSP permutation: #relations = 345,357,897, #blocks = 42,492, #triples = 1,593,245,022
2026-08-12 19:15:12.320 - INFO: Registered SPO permutation: #relations = 255,804,614, #blocks = 33,993, #triples = 1,593,245,022
2026-08-12 19:15:12.330 - INFO: Registered SOP permutation: #relations = 255,804,614, #blocks = 33,993, #triples = 1,593,245,022
2026-08-12 19:15:12.330 - INFO: Reading patterns from file /local/data-ssd/stoetzem/dblp/dblp.index.patterns ...
2026-08-12 19:15:12.330 - INFO: Sorting random result tables to estimate the sorting performance of this machine ...
2026-08-12 19:15:16.928 - INFO: Initializing server ...
2026-08-12 19:15:16.928 - INFO: No access token required for restricted API calls
2026-08-12 19:15:16.928 - INFO: The server is ready, listening for requests on port 7015 ...
2026-08-12 19:15:17.012 - INFO: 
2026-08-12 19:15:17.012 - INFO: Request received via POST, content type "application/x-www-form-urlencoded"
2026-08-12 19:15:17.014 - INFO: Processing the following SPARQL query:
# Tier R2 — STATE (real-world, large result) — SELECT variant
# Unbounded materialization of the same DBLP venue subgraph as CSV/TSV rows.
PREFIX dblp: <https://dblp.org/rdf/schema#>

SELECT ?paper ?p ?o
WHERE {
  ?paper a dblp:Publication ;
         dblp:publishedInStream <https://dblp.org/streams/conf/stoc> ;
         ?p ?o .
}

2026-08-12 19:15:17.014 - INFO: Requested media types of the result are: "text/csv"
2026-08-12 19:15:17.017 - INFO: Query planning done in 4 ms
2026-08-12 19:15:17.021 - INFO: Result has unknown size (not computed yet)
2026-08-12 19:15:19.086 - INFO: Done processing query and sending result, total time was 2,073 ms
2026-08-12 19:15:19.105 - INFO: 
2026-08-12 19:15:19.105 - INFO: Request received via GET, no content type specified
2026-08-12 19:15:19.106 - INFO: Processing command "cache-stats": get cache statistics
