2026-08-10 23:56:08.187 - INFO: [1mQLever server v0.5.50-82-g65f84b43, compiled on Mon Aug 10 19:10:29 CEST 2026 using git hash 65f84b4[22m
2026-08-10 23:56:08.187 - INFO: Cleanup of previous index directories after each rebuild enabled (--rebuild-keep-previous-index-dirs original-and-most-recent)
2026-08-10 23:56:08.202 - INFO: The git hash used to build this index was "65f84b4"
2026-08-10 23:56:08.202 - INFO: Reading vocabulary from file /local/data-ssd/stoetzem/dblp/dblp.vocabulary.words ...
2026-08-10 23:56:08.216 - INFO: Done, number of words: 446,944,668
2026-08-10 23:56:08.216 - INFO: Number of words in internal vocabulary (these are also part of the external vocabulary): 446,955
2026-08-10 23:56:08.223 - INFO: Registered PSO permutation: #relations = 6, #blocks = 8,187, #triples = 255,805,025
2026-08-10 23:56:08.247 - INFO: Registered PSO permutation: #relations = 96, #blocks = 51,023, #triples = 1,593,245,022
2026-08-10 23:56:08.251 - INFO: Registered POS permutation: #relations = 6, #blocks = 8,187, #triples = 255,805,025
2026-08-10 23:56:08.274 - INFO: Registered POS permutation: #relations = 96, #blocks = 51,023, #triples = 1,593,245,022
2026-08-10 23:56:08.295 - INFO: Registered OPS permutation: #relations = 345,357,897, #blocks = 42,492, #triples = 1,593,245,022
2026-08-10 23:56:08.315 - INFO: Registered OSP permutation: #relations = 345,357,897, #blocks = 42,492, #triples = 1,593,245,022
2026-08-10 23:56:08.328 - INFO: Registered SPO permutation: #relations = 255,804,614, #blocks = 33,993, #triples = 1,593,245,022
2026-08-10 23:56:08.339 - INFO: Registered SOP permutation: #relations = 255,804,614, #blocks = 33,993, #triples = 1,593,245,022
2026-08-10 23:56:08.339 - INFO: Reading patterns from file /local/data-ssd/stoetzem/dblp/dblp.index.patterns ...
2026-08-10 23:56:08.339 - INFO: Sorting random result tables to estimate the sorting performance of this machine ...
2026-08-10 23:56:16.497 - INFO: Initializing server ...
2026-08-10 23:56:16.497 - INFO: No access token required for restricted API calls
2026-08-10 23:56:16.497 - INFO: The server is ready, listening for requests on port 7026 ...
2026-08-10 23:56:16.706 - INFO: 
2026-08-10 23:56:16.706 - INFO: Request received via POST, content type "application/x-www-form-urlencoded"
2026-08-10 23:56:16.709 - INFO: Processing the following SPARQL query:
# Tier H — dedup-heavy
# Goal: exercise CONSTRUCT result deduplication. A paper with multiple
# signatures produces repeated (?paper ?p ?o) rows through this join.
PREFIX dblp: <https://dblp.org/rdf/schema#>

CONSTRUCT { ?paper ?p ?o }
WHERE {
  ?paper a dblp:Publication ;
         dblp:publishedInStream <https://dblp.org/streams/conf/stoc> ;
         dblp:hasSignature ?sig .
  ?sig dblp:signatureCreator ?creator .
  ?paper ?p ?o .
}

2026-08-10 23:56:16.709 - INFO: Requested media types of the result are: "text/turtle"
2026-08-10 23:56:16.709 - INFO: CONSTRUCT_REQUEST_STAGE_ENTER name=planning elapsed_us=2,872
2026-08-10 23:56:16.726 - INFO: Query planning done in 20 ms
2026-08-10 23:56:16.726 - INFO: CONSTRUCT_REQUEST_STAGE_ENTER name=response_stream elapsed_us=20,065
2026-08-10 23:56:16.743 - INFO: Result has unknown size (not computed yet)
2026-08-10 23:56:16.743 - INFO: CONSTRUCT_EXPORT_DEDUPLICATOR_CONSTRUCTION_BEGIN mode=none
2026-08-10 23:56:16.743 - INFO: CONSTRUCT_EXPORT_DEDUPLICATOR_CONSTRUCTION_END mode=none enabled=false
2026-08-10 23:56:18.457 - INFO: CONSTRUCT_EXPORT_STAGE_SUMMARY construct_stream_us=1,713,873 setup_us=7 batch_evaluation_us=1,599,143 instantiation_deduplication_us=19,199 batches=383 input_rows=390,854 candidate_triples=390,854 emitted_triples=390,854
2026-08-10 23:56:18.468 - INFO: CONSTRUCT_REQUEST_STAGE_SUMMARY planning_begin_us=2,872 planning_end_us=20,064 planning_us=17,192 response_stream_begin_us=20,065 response_stream_end_us=1,761,521 response_stream_us=1,741,456 root_execution_us=39,230 non_root_stream_us=1,702,226 server_request_us=1,761,521
2026-08-10 23:56:18.468 - INFO: Done processing query and sending result, total time was 1,761 ms
2026-08-10 23:56:18.486 - INFO: 
2026-08-10 23:56:18.486 - INFO: Request received via GET, no content type specified
2026-08-10 23:56:18.486 - INFO: Processing command "cache-stats": get cache statistics
2026-08-10 23:56:18.508 - INFO: 
2026-08-10 23:56:18.508 - INFO: Request received via POST, content type "application/x-www-form-urlencoded"
2026-08-10 23:56:18.508 - INFO: Processing the following SPARQL query:
# Tier H — dedup-heavy
# Goal: exercise CONSTRUCT result deduplication. A paper with multiple
# signatures produces repeated (?paper ?p ?o) rows through this join.
PREFIX dblp: <https://dblp.org/rdf/schema#>

CONSTRUCT { ?paper ?p ?o }
WHERE {
  ?paper a dblp:Publication ;
         dblp:publishedInStream <https://dblp.org/streams/conf/stoc> ;
         dblp:hasSignature ?sig .
  ?sig dblp:signatureCreator ?creator .
  ?paper ?p ?o .
}

2026-08-10 23:56:18.508 - INFO: Requested media types of the result are: "text/turtle"
2026-08-10 23:56:18.508 - INFO: CONSTRUCT_REQUEST_STAGE_ENTER name=planning elapsed_us=290
2026-08-10 23:56:18.509 - INFO: Query planning done in 1 ms
2026-08-10 23:56:18.510 - INFO: CONSTRUCT_REQUEST_STAGE_ENTER name=response_stream elapsed_us=1,817
2026-08-10 23:56:18.521 - INFO: Result has unknown size (not computed yet)
2026-08-10 23:56:18.521 - INFO: CONSTRUCT_EXPORT_DEDUPLICATOR_CONSTRUCTION_BEGIN mode=none
2026-08-10 23:56:18.521 - INFO: CONSTRUCT_EXPORT_DEDUPLICATOR_CONSTRUCTION_END mode=none enabled=false
2026-08-10 23:56:18.770 - INFO: CONSTRUCT_EXPORT_STAGE_SUMMARY construct_stream_us=249,379 setup_us=7 batch_evaluation_us=138,428 instantiation_deduplication_us=19,256 batches=383 input_rows=390,854 candidate_triples=390,854 emitted_triples=390,854
2026-08-10 23:56:18.780 - INFO: CONSTRUCT_REQUEST_STAGE_SUMMARY planning_begin_us=290 planning_end_us=1,816 planning_us=1,526 response_stream_begin_us=1,817 response_stream_end_us=272,218 response_stream_us=270,401 root_execution_us=32,279 non_root_stream_us=238,122 server_request_us=272,218
2026-08-10 23:56:18.780 - INFO: Done processing query and sending result, total time was 272 ms
2026-08-10 23:56:18.799 - INFO: 
2026-08-10 23:56:18.799 - INFO: Request received via GET, no content type specified
2026-08-10 23:56:18.799 - INFO: Processing command "cache-stats": get cache statistics
