2026-08-12 19:09:47.366 - INFO: [1mQLever server CIKM-2494-gc801fe1b, compiled on Wed Aug 12 06:40:36 PM CEST 2026 using git hash c801fe1[22m
2026-08-12 19:09:47.366 - INFO: Cleanup of previous index directories after each rebuild enabled (--rebuild-keep-previous-index-dirs original-and-most-recent)
2026-08-12 19:09:47.368 - INFO: The git hash used to build this index was "65f84b4"
2026-08-12 19:09:47.368 - INFO: Reading vocabulary from file /local/data-ssd/stoetzem/dblp/dblp.vocabulary.words ...
2026-08-12 19:09:47.378 - INFO: Done, number of words: 446,944,668
2026-08-12 19:09:47.378 - INFO: Number of words in internal vocabulary (these are also part of the external vocabulary): 446,955
2026-08-12 19:09:47.384 - INFO: Registered PSO permutation: #relations = 6, #blocks = 8,187, #triples = 255,805,025
2026-08-12 19:09:47.406 - INFO: Registered PSO permutation: #relations = 96, #blocks = 51,023, #triples = 1,593,245,022
2026-08-12 19:09:47.409 - INFO: Registered POS permutation: #relations = 6, #blocks = 8,187, #triples = 255,805,025
2026-08-12 19:09:47.430 - INFO: Registered POS permutation: #relations = 96, #blocks = 51,023, #triples = 1,593,245,022
2026-08-12 19:09:47.448 - INFO: Registered OPS permutation: #relations = 345,357,897, #blocks = 42,492, #triples = 1,593,245,022
2026-08-12 19:09:47.467 - INFO: Registered OSP permutation: #relations = 345,357,897, #blocks = 42,492, #triples = 1,593,245,022
2026-08-12 19:09:47.479 - INFO: Registered SPO permutation: #relations = 255,804,614, #blocks = 33,993, #triples = 1,593,245,022
2026-08-12 19:09:47.489 - INFO: Registered SOP permutation: #relations = 255,804,614, #blocks = 33,993, #triples = 1,593,245,022
2026-08-12 19:09:47.489 - INFO: Reading patterns from file /local/data-ssd/stoetzem/dblp/dblp.index.patterns ...
2026-08-12 19:09:47.490 - INFO: Sorting random result tables to estimate the sorting performance of this machine ...
2026-08-12 19:09:52.085 - INFO: Initializing server ...
2026-08-12 19:09:52.085 - INFO: No access token required for restricted API calls
2026-08-12 19:09:52.085 - INFO: The server is ready, listening for requests on port 7015 ...
2026-08-12 19:09:52.159 - INFO: 
2026-08-12 19:09:52.159 - INFO: Request received via POST, content type "application/x-www-form-urlencoded"
2026-08-12 19:09:52.161 - INFO: Processing the following SPARQL query:
# Tier H-vocab — title literals, large, SELECT variant for profiling
# Goal: stress external-vocabulary lookup on the SELECT CSV export path.
PREFIX dblp: <https://dblp.org/rdf/schema#>

SELECT ?paper ?title
WHERE {
  ?paper dblp:title ?title .
}
LIMIT 100000

2026-08-12 19:09:52.161 - INFO: Requested media types of the result are: "text/csv"
2026-08-12 19:09:52.163 - INFO: Query planning done in 4 ms
2026-08-12 19:09:52.164 - INFO: Result has unknown size (not computed yet)
2026-08-12 19:09:57.172 - INFO: Done processing query and sending result, total time was 5,013 ms
2026-08-12 19:09:57.193 - INFO: 
2026-08-12 19:09:57.193 - INFO: Request received via GET, no content type specified
2026-08-12 19:09:57.193 - INFO: Processing command "cache-stats": get cache statistics
2026-08-12 19:09:57.212 - INFO: 
2026-08-12 19:09:57.212 - INFO: Request received via POST, content type "application/x-www-form-urlencoded"
2026-08-12 19:09:57.212 - INFO: Processing the following SPARQL query:
# Tier H-vocab — title literals, large, SELECT variant for profiling
# Goal: stress external-vocabulary lookup on the SELECT CSV export path.
PREFIX dblp: <https://dblp.org/rdf/schema#>

SELECT ?paper ?title
WHERE {
  ?paper dblp:title ?title .
}
LIMIT 100000

2026-08-12 19:09:57.212 - INFO: Requested media types of the result are: "text/csv"
2026-08-12 19:09:57.212 - INFO: Query planning done in 0 ms
2026-08-12 19:09:57.212 - INFO: Result has unknown size (not computed yet)
2026-08-12 19:09:57.612 - INFO: Done processing query and sending result, total time was 400 ms
2026-08-12 19:09:57.633 - INFO: 
2026-08-12 19:09:57.633 - INFO: Request received via GET, no content type specified
2026-08-12 19:09:57.633 - INFO: Processing command "cache-stats": get cache statistics
