2026-09-29 07:05:06.510 - INFO: [1mQLever server CIKM-2691-g476247bc2, compiled on Mon Sep 28 18:22:56 UTC 2026 using git hash 476247b[22m
2026-09-29 07:05:06.510 - INFO: Runtime parameter set from the command line: vocabulary-iouring-page-cache-fast-path=false
2026-09-29 07:05:06.510 - INFO: Runtime parameter set from the command line: vocabulary-bench-fadvise-random=true
2026-09-29 07:05:06.510 - INFO: Cleanup of previous index directories after each rebuild enabled (--rebuild-keep-previous-index-dirs original-and-most-recent)
2026-09-29 07:05:06.511 - INFO: The git hash used to build this index was "65f84b4"
2026-09-29 07:05:06.512 - INFO: Reading vocabulary from file /local/data-ssd/stoetzem/wikidata/wikidata.vocabulary.words ...
2026-09-29 07:05:19.638 - INFO: Done, number of words: 1,580,300,680
2026-09-29 07:05:19.641 - INFO: Number of words in internal vocabulary (these are also part of the external vocabulary): 777,658,536
2026-09-29 07:05:19.730 - INFO: Registered PSO permutation: #relations = 10,100, #blocks = 225,155, #triples = 6,983,973,847
2026-09-29 07:05:19.838 - INFO: Registered PSO permutation: #relations = 13,566, #blocks = 264,339, #triples = 8,220,417,022
2026-09-29 07:05:19.924 - INFO: Registered POS permutation: #relations = 10,100, #blocks = 225,155, #triples = 6,983,973,847
2026-09-29 07:05:20.035 - INFO: Registered POS permutation: #relations = 13,566, #blocks = 264,339, #triples = 8,220,417,022
2026-09-29 07:05:20.125 - INFO: Registered OPS permutation: #relations = 1,683,253,489, #blocks = 222,728, #triples = 8,220,417,022
2026-09-29 07:05:20.218 - INFO: Registered OSP permutation: #relations = 1,683,253,489, #blocks = 222,728, #triples = 8,220,417,022
2026-09-29 07:05:20.279 - INFO: Registered SPO permutation: #relations = 252,534,289, #blocks = 175,741, #triples = 8,220,417,022
2026-09-29 07:05:20.338 - INFO: Registered SOP permutation: #relations = 252,534,289, #blocks = 175,741, #triples = 8,220,417,022
2026-09-29 07:05:20.338 - INFO: Reading patterns from file /local/data-ssd/stoetzem/wikidata/wikidata.index.patterns ...
2026-09-29 07:05:21.778 - INFO: Sorting random result tables to estimate the sorting performance of this machine ...
2026-09-29 07:05:29.870 - INFO: Initializing server ...
2026-09-29 07:05:29.870 - INFO: No access token required for restricted API calls
2026-09-29 07:05:29.870 - INFO: The server is ready, listening for requests on port 7015 ...
2026-09-29 07:05:30.091 - INFO: 
2026-09-29 07:05:30.091 - INFO: Request received via POST, content type "application/x-www-form-urlencoded"
2026-09-29 07:05:30.094 - INFO: Processing the following SPARQL query:
# Tier H-vocab — German labels, large
# Physical: P+O bound scan of wdt:P31 wd:Q5 (class postings), then
# S+P bound SPO scan of rdfs:label. LANG(?label) maps label IDs to
# strings. CONSTRUCT writes entity IRI + label.
# Targets: large sequential class scan with EXTERNAL vocabulary words.
# German is not in languages-internal (only "en"), so QLever's
# shouldLiteralBeExternalized places every de literal in the external
# tier (src/index/vocabulary/Vocabulary.cpp). Same shape as
# H-vocab-label-large.rq, but every lookup is a guaranteed external
# miss on cold caches.
PREFIX wd: <http://www.wikidata.org/entity/>
PREFIX wdt: <http://www.wikidata.org/prop/direct/>
PREFIX rdfs: <http://www.w3.org/2000/01/rdf-schema#>

CONSTRUCT { ?entity rdfs:label ?label }
WHERE {
  ?entity wdt:P31 wd:Q5 .
  ?entity rdfs:label ?label .
  FILTER(LANG(?label) = "de")
}

2026-09-29 07:05:30.094 - INFO: Requested media types of the result are: "text/turtle"
2026-09-29 07:05:30.095 - INFO: Query planning done in 3 ms
2026-09-29 07:05:30.095 - INFO: Result has unknown size (not computed yet)
FASTPATH_STATS calls=11 offsetPairs=11199 offsetPairHits=0 offsetPairsRing=11199 offsetRuns=0 offsetRunHits=0 words=10178 wordHits=0 wordsRing=10178 wordBytes=97986 wordHitBytes=0 preadvCalls=0 preadvFull=0 preadvEagain=0 preadvPartial=0 fadviseCalls=11
FASTPATH_STATS calls=21 offsetPairs=21362 offsetPairHits=0 offsetPairsRing=21362 offsetRuns=0 offsetRunHits=0 words=21362 wordHits=0 wordsRing=21362 wordBytes=205809 wordHitBytes=0 preadvCalls=0 preadvFull=0 preadvEagain=0 preadvPartial=0 fadviseCalls=21
FASTPATH_STATS calls=32 offsetPairs=32589 offsetPairHits=0 offsetPairsRing=32589 offsetRuns=0 offsetRunHits=0 words=32589 wordHits=0 wordsRing=32589 wordBytes=308580 wordHitBytes=0 preadvCalls=0 preadvFull=0 preadvEagain=0 preadvPartial=0 fadviseCalls=32
FASTPATH_STATS calls=44 offsetPairs=44842 offsetPairHits=0 offsetPairsRing=44842 offsetRuns=0 offsetRunHits=0 words=44842 wordHits=0 wordsRing=44842 wordBytes=426863 wordHitBytes=0 preadvCalls=0 preadvFull=0 preadvEagain=0 preadvPartial=0 fadviseCalls=44
FASTPATH_STATS calls=60 offsetPairs=61100 offsetPairHits=0 offsetPairsRing=61100 offsetRuns=0 offsetRunHits=0 words=60086 wordHits=0 wordsRing=60086 wordBytes=604762 wordHitBytes=0 preadvCalls=0 preadvFull=0 preadvEagain=0 preadvPartial=0 fadviseCalls=60
FASTPATH_STATS calls=74 offsetPairs=75306 offsetPairHits=0 offsetPairsRing=75306 offsetRuns=0 offsetRunHits=0 words=75306 wordHits=0 wordsRing=75306 wordBytes=769963 wordHitBytes=0 preadvCalls=0 preadvFull=0 preadvEagain=0 preadvPartial=0 fadviseCalls=74
FASTPATH_STATS calls=91 offsetPairs=91339 offsetPairHits=0 offsetPairsRing=91339 offsetRuns=0 offsetRunHits=0 words=90321 wordHits=0 wordsRing=90321 wordBytes=912522 wordHitBytes=0 preadvCalls=0 preadvFull=0 preadvEagain=0 preadvPartial=0 fadviseCalls=91
FASTPATH_STATS calls=109 offsetPairs=106926 offsetPairHits=0 offsetPairsRing=106926 offsetRuns=0 offsetRunHits=0 words=106926 wordHits=0 wordsRing=106926 wordBytes=1070456 wordHitBytes=0 preadvCalls=0 preadvFull=0 preadvEagain=0 preadvPartial=0 fadviseCalls=109
FASTPATH_STATS calls=122 offsetPairs=119537 offsetPairHits=0 offsetPairsRing=119537 offsetRuns=0 offsetRunHits=0 words=119537 wordHits=0 wordsRing=119537 wordBytes=1191661 wordHitBytes=0 preadvCalls=0 preadvFull=0 preadvEagain=0 preadvPartial=0 fadviseCalls=122
FASTPATH_STATS calls=133 offsetPairs=130695 offsetPairHits=0 offsetPairsRing=130695 offsetRuns=0 offsetRunHits=0 words=130695 wordHits=0 wordsRing=130695 wordBytes=1300355 wordHitBytes=0 preadvCalls=0 preadvFull=0 preadvEagain=0 preadvPartial=0 fadviseCalls=133
FASTPATH_STATS calls=147 offsetPairs=144877 offsetPairHits=0 offsetPairsRing=144877 offsetRuns=0 offsetRunHits=0 words=144877 wordHits=0 wordsRing=144877 wordBytes=1435932 wordHitBytes=0 preadvCalls=0 preadvFull=0 preadvEagain=0 preadvPartial=0 fadviseCalls=147
FASTPATH_STATS calls=162 offsetPairs=160143 offsetPairHits=0 offsetPairsRing=160143 offsetRuns=0 offsetRunHits=0 words=160143 wordHits=0 wordsRing=160143 wordBytes=1591365 wordHitBytes=0 preadvCalls=0 preadvFull=0 preadvEagain=0 preadvPartial=0 fadviseCalls=162
FASTPATH_STATS calls=177 offsetPairs=175370 offsetPairHits=0 offsetPairsRing=175370 offsetRuns=0 offsetRunHits=0 words=175370 wordHits=0 wordsRing=175370 wordBytes=1742642 wordHitBytes=0 preadvCalls=0 preadvFull=0 preadvEagain=0 preadvPartial=0 fadviseCalls=177
FASTPATH_STATS calls=193 offsetPairs=191627 offsetPairHits=0 offsetPairsRing=191627 offsetRuns=0 offsetRunHits=0 words=191627 wordHits=0 wordsRing=191627 wordBytes=1900751 wordHitBytes=0 preadvCalls=0 preadvFull=0 preadvEagain=0 preadvPartial=0 fadviseCalls=193
FASTPATH_STATS calls=209 offsetPairs=207393 offsetPairHits=0 offsetPairsRing=207393 offsetRuns=0 offsetRunHits=0 words=207393 wordHits=0 wordsRing=207393 wordBytes=2050866 wordHitBytes=0 preadvCalls=0 preadvFull=0 preadvEagain=0 preadvPartial=0 fadviseCalls=209
FASTPATH_STATS calls=223 offsetPairs=221656 offsetPairHits=0 offsetPairsRing=221656 offsetRuns=0 offsetRunHits=0 words=221656 wordHits=0 wordsRing=221656 wordBytes=2191712 wordHitBytes=0 preadvCalls=0 preadvFull=0 preadvEagain=0 preadvPartial=0 fadviseCalls=223
FASTPATH_STATS calls=239 offsetPairs=237712 offsetPairHits=0 offsetPairsRing=237712 offsetRuns=0 offsetRunHits=0 words=236696 wordHits=0 wordsRing=236696 wordBytes=2336365 wordHitBytes=0 preadvCalls=0 preadvFull=0 preadvEagain=0 preadvPartial=0 fadviseCalls=239
FASTPATH_STATS calls=257 offsetPairs=255161 offsetPairHits=0 offsetPairsRing=255161 offsetRuns=0 offsetRunHits=0 words=255161 wordHits=0 wordsRing=255161 wordBytes=2514726 wordHitBytes=0 preadvCalls=0 preadvFull=0 preadvEagain=0 preadvPartial=0 fadviseCalls=257
FASTPATH_STATS calls=276 offsetPairs=274420 offsetPairHits=0 offsetPairsRing=274420 offsetRuns=0 offsetRunHits=0 words=274420 wordHits=0 wordsRing=274420 wordBytes=2710393 wordHitBytes=0 preadvCalls=0 preadvFull=0 preadvEagain=0 preadvPartial=0 fadviseCalls=276
FASTPATH_STATS calls=295 offsetPairs=293755 offsetPairHits=0 offsetPairsRing=293755 offsetRuns=0 offsetRunHits=0 words=293755 wordHits=0 wordsRing=293755 wordBytes=2896076 wordHitBytes=0 preadvCalls=0 preadvFull=0 preadvEagain=0 preadvPartial=0 fadviseCalls=295
FASTPATH_STATS calls=316 offsetPairs=314793 offsetPairHits=0 offsetPairsRing=314793 offsetRuns=0 offsetRunHits=0 words=313771 wordHits=0 wordsRing=313771 wordBytes=3089918 wordHitBytes=0 preadvCalls=0 preadvFull=0 preadvEagain=0 preadvPartial=0 fadviseCalls=316
FASTPATH_STATS calls=337 offsetPairs=336188 offsetPairHits=0 offsetPairsRing=336188 offsetRuns=0 offsetRunHits=0 words=336188 wordHits=0 wordsRing=336188 wordBytes=3305564 wordHitBytes=0 preadvCalls=0 preadvFull=0 preadvEagain=0 preadvPartial=0 fadviseCalls=337
FASTPATH_STATS calls=358 offsetPairs=357469 offsetPairHits=0 offsetPairsRing=357469 offsetRuns=0 offsetRunHits=0 words=357469 wordHits=0 wordsRing=357469 wordBytes=3516605 wordHitBytes=0 preadvCalls=0 preadvFull=0 preadvEagain=0 preadvPartial=0 fadviseCalls=358
FASTPATH_STATS calls=380 offsetPairs=379830 offsetPairHits=0 offsetPairsRing=379830 offsetRuns=0 offsetRunHits=0 words=379830 wordHits=0 wordsRing=379830 wordBytes=3726325 wordHitBytes=0 preadvCalls=0 preadvFull=0 preadvEagain=0 preadvPartial=0 fadviseCalls=380
FASTPATH_STATS calls=403 offsetPairs=401676 offsetPairHits=0 offsetPairsRing=401676 offsetRuns=0 offsetRunHits=0 words=401676 wordHits=0 wordsRing=401676 wordBytes=3942831 wordHitBytes=0 preadvCalls=0 preadvFull=0 preadvEagain=0 preadvPartial=0 fadviseCalls=403
FASTPATH_STATS calls=425 offsetPairs=423179 offsetPairHits=0 offsetPairsRing=423179 offsetRuns=0 offsetRunHits=0 words=423179 wordHits=0 wordsRing=423179 wordBytes=4154670 wordHitBytes=0 preadvCalls=0 preadvFull=0 preadvEagain=0 preadvPartial=0 fadviseCalls=425
FASTPATH_STATS calls=450 offsetPairs=448516 offsetPairHits=0 offsetPairsRing=448516 offsetRuns=0 offsetRunHits=0 words=448516 wordHits=0 wordsRing=448516 wordBytes=4394566 wordHitBytes=0 preadvCalls=0 preadvFull=0 preadvEagain=0 preadvPartial=0 fadviseCalls=450
FASTPATH_STATS calls=475 offsetPairs=474031 offsetPairHits=0 offsetPairsRing=474031 offsetRuns=0 offsetRunHits=0 words=473014 wordHits=0 wordsRing=473014 wordBytes=4621701 wordHitBytes=0 preadvCalls=0 preadvFull=0 preadvEagain=0 preadvPartial=0 fadviseCalls=475
FASTPATH_STATS calls=499 offsetPairs=498255 offsetPairHits=0 offsetPairsRing=498255 offsetRuns=0 offsetRunHits=0 words=498255 wordHits=0 wordsRing=498255 wordBytes=4867914 wordHitBytes=0 preadvCalls=0 preadvFull=0 preadvEagain=0 preadvPartial=0 fadviseCalls=499
FASTPATH_STATS calls=521 offsetPairs=520705 offsetPairHits=0 offsetPairsRing=520705 offsetRuns=0 offsetRunHits=0 words=520705 wordHits=0 wordsRing=520705 wordBytes=5114525 wordHitBytes=0 preadvCalls=0 preadvFull=0 preadvEagain=0 preadvPartial=0 fadviseCalls=521
FASTPATH_STATS calls=546 offsetPairs=546070 offsetPairHits=0 offsetPairsRing=546070 offsetRuns=0 offsetRunHits=0 words=546070 wordHits=0 wordsRing=546070 wordBytes=5378020 wordHitBytes=0 preadvCalls=0 preadvFull=0 preadvEagain=0 preadvPartial=0 fadviseCalls=546
FASTPATH_STATS calls=571 offsetPairs=571649 offsetPairHits=0 offsetPairsRing=571649 offsetRuns=0 offsetRunHits=0 words=571649 wordHits=0 wordsRing=571649 wordBytes=5648627 wordHitBytes=0 preadvCalls=0 preadvFull=0 preadvEagain=0 preadvPartial=0 fadviseCalls=571
FASTPATH_STATS calls=596 offsetPairs=597077 offsetPairHits=0 offsetPairsRing=597077 offsetRuns=0 offsetRunHits=0 words=597077 wordHits=0 wordsRing=597077 wordBytes=5910421 wordHitBytes=0 preadvCalls=0 preadvFull=0 preadvEagain=0 preadvPartial=0 fadviseCalls=596
FASTPATH_STATS calls=626 offsetPairs=627274 offsetPairHits=0 offsetPairsRing=627274 offsetRuns=0 offsetRunHits=0 words=626262 wordHits=0 wordsRing=626262 wordBytes=6204165 wordHitBytes=0 preadvCalls=0 preadvFull=0 preadvEagain=0 preadvPartial=0 fadviseCalls=626
FASTPATH_STATS calls=647 offsetPairs=648617 offsetPairHits=0 offsetPairsRing=648617 offsetRuns=0 offsetRunHits=0 words=648617 wordHits=0 wordsRing=648617 wordBytes=6427030 wordHitBytes=0 preadvCalls=0 preadvFull=0 preadvEagain=0 preadvPartial=0 fadviseCalls=647
FASTPATH_STATS calls=673 offsetPairs=674980 offsetPairHits=0 offsetPairsRing=674980 offsetRuns=0 offsetRunHits=0 words=673967 wordHits=0 wordsRing=673967 wordBytes=6672229 wordHitBytes=0 preadvCalls=0 preadvFull=0 preadvEagain=0 preadvPartial=0 fadviseCalls=673
FASTPATH_STATS calls=699 offsetPairs=701203 offsetPairHits=0 offsetPairsRing=701203 offsetRuns=0 offsetRunHits=0 words=701203 wordHits=0 wordsRing=701203 wordBytes=6932187 wordHitBytes=0 preadvCalls=0 preadvFull=0 preadvEagain=0 preadvPartial=0 fadviseCalls=699
FASTPATH_STATS calls=724 offsetPairs=725757 offsetPairHits=0 offsetPairsRing=725757 offsetRuns=0 offsetRunHits=0 words=725757 wordHits=0 wordsRing=725757 wordBytes=7171383 wordHitBytes=0 preadvCalls=0 preadvFull=0 preadvEagain=0 preadvPartial=0 fadviseCalls=724
FASTPATH_STATS calls=752 offsetPairs=753933 offsetPairHits=0 offsetPairsRing=753933 offsetRuns=0 offsetRunHits=0 words=753933 wordHits=0 wordsRing=753933 wordBytes=7448661 wordHitBytes=0 preadvCalls=0 preadvFull=0 preadvEagain=0 preadvPartial=0 fadviseCalls=752
FASTPATH_STATS calls=778 offsetPairs=780239 offsetPairHits=0 offsetPairsRing=780239 offsetRuns=0 offsetRunHits=0 words=780239 wordHits=0 wordsRing=780239 wordBytes=7717945 wordHitBytes=0 preadvCalls=0 preadvFull=0 preadvEagain=0 preadvPartial=0 fadviseCalls=778
FASTPATH_STATS calls=807 offsetPairs=809360 offsetPairHits=0 offsetPairsRing=809360 offsetRuns=0 offsetRunHits=0 words=808364 wordHits=0 wordsRing=808364 wordBytes=7994656 wordHitBytes=0 preadvCalls=0 preadvFull=0 preadvEagain=0 preadvPartial=0 fadviseCalls=807
FASTPATH_STATS calls=832 offsetPairs=834203 offsetPairHits=0 offsetPairsRing=834203 offsetRuns=0 offsetRunHits=0 words=834203 wordHits=0 wordsRing=834203 wordBytes=8260119 wordHitBytes=0 preadvCalls=0 preadvFull=0 preadvEagain=0 preadvPartial=0 fadviseCalls=832
FASTPATH_STATS calls=862 offsetPairs=864196 offsetPairHits=0 offsetPairsRing=864196 offsetRuns=0 offsetRunHits=0 words=864196 wordHits=0 wordsRing=864196 wordBytes=8561959 wordHitBytes=0 preadvCalls=0 preadvFull=0 preadvEagain=0 preadvPartial=0 fadviseCalls=862
FASTPATH_STATS calls=891 offsetPairs=893528 offsetPairHits=0 offsetPairsRing=893528 offsetRuns=0 offsetRunHits=0 words=893528 wordHits=0 wordsRing=893528 wordBytes=8847824 wordHitBytes=0 preadvCalls=0 preadvFull=0 preadvEagain=0 preadvPartial=0 fadviseCalls=891
FASTPATH_STATS calls=921 offsetPairs=924008 offsetPairHits=0 offsetPairsRing=924008 offsetRuns=0 offsetRunHits=0 words=922986 wordHits=0 wordsRing=922986 wordBytes=9137105 wordHitBytes=0 preadvCalls=0 preadvFull=0 preadvEagain=0 preadvPartial=0 fadviseCalls=921
FASTPATH_STATS calls=951 offsetPairs=953995 offsetPairHits=0 offsetPairsRing=953995 offsetRuns=0 offsetRunHits=0 words=953995 wordHits=0 wordsRing=953995 wordBytes=9442936 wordHitBytes=0 preadvCalls=0 preadvFull=0 preadvEagain=0 preadvPartial=0 fadviseCalls=951
FASTPATH_STATS calls=982 offsetPairs=985406 offsetPairHits=0 offsetPairsRing=985406 offsetRuns=0 offsetRunHits=0 words=985406 wordHits=0 wordsRing=985406 wordBytes=9745397 wordHitBytes=0 preadvCalls=0 preadvFull=0 preadvEagain=0 preadvPartial=0 fadviseCalls=982
FASTPATH_STATS calls=1016 offsetPairs=1019972 offsetPairHits=0 offsetPairsRing=1019972 offsetRuns=0 offsetRunHits=0 words=1019972 wordHits=0 wordsRing=1019972 wordBytes=10131168 wordHitBytes=0 preadvCalls=0 preadvFull=0 preadvEagain=0 preadvPartial=0 fadviseCalls=1016
FASTPATH_STATS calls=1050 offsetPairs=1053780 offsetPairHits=0 offsetPairsRing=1053780 offsetRuns=0 offsetRunHits=0 words=1053780 wordHits=0 wordsRing=1053780 wordBytes=10508252 wordHitBytes=0 preadvCalls=0 preadvFull=0 preadvEagain=0 preadvPartial=0 fadviseCalls=1050
FASTPATH_STATS calls=1077 offsetPairs=1081147 offsetPairHits=0 offsetPairsRing=1081147 offsetRuns=0 offsetRunHits=0 words=1081147 wordHits=0 wordsRing=1081147 wordBytes=10774561 wordHitBytes=0 preadvCalls=0 preadvFull=0 preadvEagain=0 preadvPartial=0 fadviseCalls=1077
FASTPATH_STATS calls=1106 offsetPairs=1110675 offsetPairHits=0 offsetPairsRing=1110675 offsetRuns=0 offsetRunHits=0 words=1109652 wordHits=0 wordsRing=1109652 wordBytes=11025939 wordHitBytes=0 preadvCalls=0 preadvFull=0 preadvEagain=0 preadvPartial=0 fadviseCalls=1106
FASTPATH_STATS calls=1139 offsetPairs=1143494 offsetPairHits=0 offsetPairsRing=1143494 offsetRuns=0 offsetRunHits=0 words=1143494 wordHits=0 wordsRing=1143494 wordBytes=11325950 wordHitBytes=0 preadvCalls=0 preadvFull=0 preadvEagain=0 preadvPartial=0 fadviseCalls=1139
FASTPATH_STATS calls=1170 offsetPairs=1174978 offsetPairHits=0 offsetPairsRing=1174978 offsetRuns=0 offsetRunHits=0 words=1174978 wordHits=0 wordsRing=1174978 wordBytes=11630359 wordHitBytes=0 preadvCalls=0 preadvFull=0 preadvEagain=0 preadvPartial=0 fadviseCalls=1170
FASTPATH_STATS calls=1203 offsetPairs=1208544 offsetPairHits=0 offsetPairsRing=1208544 offsetRuns=0 offsetRunHits=0 words=1208544 wordHits=0 wordsRing=1208544 wordBytes=11950971 wordHitBytes=0 preadvCalls=0 preadvFull=0 preadvEagain=0 preadvPartial=0 fadviseCalls=1203
FASTPATH_STATS calls=1232 offsetPairs=1237605 offsetPairHits=0 offsetPairsRing=1237605 offsetRuns=0 offsetRunHits=0 words=1237605 wordHits=0 wordsRing=1237605 wordBytes=12228127 wordHitBytes=0 preadvCalls=0 preadvFull=0 preadvEagain=0 preadvPartial=0 fadviseCalls=1232
FASTPATH_STATS calls=1262 offsetPairs=1268114 offsetPairHits=0 offsetPairsRing=1268114 offsetRuns=0 offsetRunHits=0 words=1268114 wordHits=0 wordsRing=1268114 wordBytes=12515288 wordHitBytes=0 preadvCalls=0 preadvFull=0 preadvEagain=0 preadvPartial=0 fadviseCalls=1262
FASTPATH_STATS calls=1296 offsetPairs=1302410 offsetPairHits=0 offsetPairsRing=1302410 offsetRuns=0 offsetRunHits=0 words=1301400 wordHits=0 wordsRing=1301400 wordBytes=12836202 wordHitBytes=0 preadvCalls=0 preadvFull=0 preadvEagain=0 preadvPartial=0 fadviseCalls=1296
FASTPATH_STATS calls=1327 offsetPairs=1333282 offsetPairHits=0 offsetPairsRing=1333282 offsetRuns=0 offsetRunHits=0 words=1333282 wordHits=0 wordsRing=1333282 wordBytes=13154031 wordHitBytes=0 preadvCalls=0 preadvFull=0 preadvEagain=0 preadvPartial=0 fadviseCalls=1327
FASTPATH_STATS calls=1354 offsetPairs=1360659 offsetPairHits=0 offsetPairsRing=1360659 offsetRuns=0 offsetRunHits=0 words=1360659 wordHits=0 wordsRing=1360659 wordBytes=13430445 wordHitBytes=0 preadvCalls=0 preadvFull=0 preadvEagain=0 preadvPartial=0 fadviseCalls=1354
FASTPATH_STATS calls=1381 offsetPairs=1388119 offsetPairHits=0 offsetPairsRing=1388119 offsetRuns=0 offsetRunHits=0 words=1388119 wordHits=0 wordsRing=1388119 wordBytes=13721572 wordHitBytes=0 preadvCalls=0 preadvFull=0 preadvEagain=0 preadvPartial=0 fadviseCalls=1381
FASTPATH_STATS calls=1418 offsetPairs=1425542 offsetPairHits=0 offsetPairsRing=1425542 offsetRuns=0 offsetRunHits=0 words=1424531 wordHits=0 wordsRing=1424531 wordBytes=14066738 wordHitBytes=0 preadvCalls=0 preadvFull=0 preadvEagain=0 preadvPartial=0 fadviseCalls=1418
FASTPATH_STATS calls=1454 offsetPairs=1461212 offsetPairHits=0 offsetPairsRing=1461212 offsetRuns=0 offsetRunHits=0 words=1461212 wordHits=0 wordsRing=1461212 wordBytes=14432443 wordHitBytes=0 preadvCalls=0 preadvFull=0 preadvEagain=0 preadvPartial=0 fadviseCalls=1454
FASTPATH_STATS calls=1491 offsetPairs=1498639 offsetPairHits=0 offsetPairsRing=1498639 offsetRuns=0 offsetRunHits=0 words=1498639 wordHits=0 wordsRing=1498639 wordBytes=14777086 wordHitBytes=0 preadvCalls=0 preadvFull=0 preadvEagain=0 preadvPartial=0 fadviseCalls=1491
FASTPATH_STATS calls=1526 offsetPairs=1534180 offsetPairHits=0 offsetPairsRing=1534180 offsetRuns=0 offsetRunHits=0 words=1534180 wordHits=0 wordsRing=1534180 wordBytes=15103120 wordHitBytes=0 preadvCalls=0 preadvFull=0 preadvEagain=0 preadvPartial=0 fadviseCalls=1526
FASTPATH_STATS calls=1560 offsetPairs=1568535 offsetPairHits=0 offsetPairsRing=1568535 offsetRuns=0 offsetRunHits=0 words=1567516 wordHits=0 wordsRing=1567516 wordBytes=15405857 wordHitBytes=0 preadvCalls=0 preadvFull=0 preadvEagain=0 preadvPartial=0 fadviseCalls=1560
FASTPATH_STATS calls=1591 offsetPairs=1600149 offsetPairHits=0 offsetPairsRing=1600149 offsetRuns=0 offsetRunHits=0 words=1600149 wordHits=0 wordsRing=1600149 wordBytes=15707626 wordHitBytes=0 preadvCalls=0 preadvFull=0 preadvEagain=0 preadvPartial=0 fadviseCalls=1591
FASTPATH_STATS calls=1626 offsetPairs=1635878 offsetPairHits=0 offsetPairsRing=1635878 offsetRuns=0 offsetRunHits=0 words=1635878 wordHits=0 wordsRing=1635878 wordBytes=16077998 wordHitBytes=0 preadvCalls=0 preadvFull=0 preadvEagain=0 preadvPartial=0 fadviseCalls=1626
FASTPATH_STATS calls=1662 offsetPairs=1671498 offsetPairHits=0 offsetPairsRing=1671498 offsetRuns=0 offsetRunHits=0 words=1671498 wordHits=0 wordsRing=1671498 wordBytes=16411510 wordHitBytes=0 preadvCalls=0 preadvFull=0 preadvEagain=0 preadvPartial=0 fadviseCalls=1662
FASTPATH_STATS calls=1701 offsetPairs=1711000 offsetPairHits=0 offsetPairsRing=1711000 offsetRuns=0 offsetRunHits=0 words=1711000 wordHits=0 wordsRing=1711000 wordBytes=16782355 wordHitBytes=0 preadvCalls=0 preadvFull=0 preadvEagain=0 preadvPartial=0 fadviseCalls=1701
FASTPATH_STATS calls=1735 offsetPairs=1745351 offsetPairHits=0 offsetPairsRing=1745351 offsetRuns=0 offsetRunHits=0 words=1744328 wordHits=0 wordsRing=1744328 wordBytes=17097094 wordHitBytes=0 preadvCalls=0 preadvFull=0 preadvEagain=0 preadvPartial=0 fadviseCalls=1735
FASTPATH_STATS calls=1766 offsetPairs=1776843 offsetPairHits=0 offsetPairsRing=1776843 offsetRuns=0 offsetRunHits=0 words=1776843 wordHits=0 wordsRing=1776843 wordBytes=17405392 wordHitBytes=0 preadvCalls=0 preadvFull=0 preadvEagain=0 preadvPartial=0 fadviseCalls=1766
FASTPATH_STATS calls=1801 offsetPairs=1812270 offsetPairHits=0 offsetPairsRing=1812270 offsetRuns=0 offsetRunHits=0 words=1812270 wordHits=0 wordsRing=1812270 wordBytes=17736343 wordHitBytes=0 preadvCalls=0 preadvFull=0 preadvEagain=0 preadvPartial=0 fadviseCalls=1801
FASTPATH_STATS calls=1837 offsetPairs=1848255 offsetPairHits=0 offsetPairsRing=1848255 offsetRuns=0 offsetRunHits=0 words=1847238 wordHits=0 wordsRing=1847238 wordBytes=18069569 wordHitBytes=0 preadvCalls=0 preadvFull=0 preadvEagain=0 preadvPartial=0 fadviseCalls=1837
FASTPATH_STATS calls=1871 offsetPairs=1882972 offsetPairHits=0 offsetPairsRing=1882972 offsetRuns=0 offsetRunHits=0 words=1882972 wordHits=0 wordsRing=1882972 wordBytes=18425871 wordHitBytes=0 preadvCalls=0 preadvFull=0 preadvEagain=0 preadvPartial=0 fadviseCalls=1871
FASTPATH_STATS calls=1905 offsetPairs=1917433 offsetPairHits=0 offsetPairsRing=1917433 offsetRuns=0 offsetRunHits=0 words=1917433 wordHits=0 wordsRing=1917433 wordBytes=18762959 wordHitBytes=0 preadvCalls=0 preadvFull=0 preadvEagain=0 preadvPartial=0 fadviseCalls=1905
FASTPATH_STATS calls=1939 offsetPairs=1952088 offsetPairHits=0 offsetPairsRing=1952088 offsetRuns=0 offsetRunHits=0 words=1952088 wordHits=0 wordsRing=1952088 wordBytes=19105833 wordHitBytes=0 preadvCalls=0 preadvFull=0 preadvEagain=0 preadvPartial=0 fadviseCalls=1939
FASTPATH_STATS calls=1975 offsetPairs=1988751 offsetPairHits=0 offsetPairsRing=1988751 offsetRuns=0 offsetRunHits=0 words=1988751 wordHits=0 wordsRing=1988751 wordBytes=19471416 wordHitBytes=0 preadvCalls=0 preadvFull=0 preadvEagain=0 preadvPartial=0 fadviseCalls=1975
FASTPATH_STATS calls=2012 offsetPairs=2026495 offsetPairHits=0 offsetPairsRing=2026495 offsetRuns=0 offsetRunHits=0 words=2025471 wordHits=0 wordsRing=2025471 wordBytes=19819850 wordHitBytes=0 preadvCalls=0 preadvFull=0 preadvEagain=0 preadvPartial=0 fadviseCalls=2012
FASTPATH_STATS calls=2048 offsetPairs=2062463 offsetPairHits=0 offsetPairsRing=2062463 offsetRuns=0 offsetRunHits=0 words=2062463 wordHits=0 wordsRing=2062463 wordBytes=20175962 wordHitBytes=0 preadvCalls=0 preadvFull=0 preadvEagain=0 preadvPartial=0 fadviseCalls=2048
FASTPATH_STATS calls=2085 offsetPairs=2100208 offsetPairHits=0 offsetPairsRing=2100208 offsetRuns=0 offsetRunHits=0 words=2100208 wordHits=0 wordsRing=2100208 wordBytes=20543411 wordHitBytes=0 preadvCalls=0 preadvFull=0 preadvEagain=0 preadvPartial=0 fadviseCalls=2085
FASTPATH_STATS calls=2124 offsetPairs=2139611 offsetPairHits=0 offsetPairsRing=2139611 offsetRuns=0 offsetRunHits=0 words=2139611 wordHits=0 wordsRing=2139611 wordBytes=20932855 wordHitBytes=0 preadvCalls=0 preadvFull=0 preadvEagain=0 preadvPartial=0 fadviseCalls=2124
FASTPATH_STATS calls=2158 offsetPairs=2174254 offsetPairHits=0 offsetPairsRing=2174254 offsetRuns=0 offsetRunHits=0 words=2174254 wordHits=0 wordsRing=2174254 wordBytes=21267236 wordHitBytes=0 preadvCalls=0 preadvFull=0 preadvEagain=0 preadvPartial=0 fadviseCalls=2158
FASTPATH_STATS calls=2192 offsetPairs=2209005 offsetPairHits=0 offsetPairsRing=2209005 offsetRuns=0 offsetRunHits=0 words=2209005 wordHits=0 wordsRing=2209005 wordBytes=21601181 wordHitBytes=0 preadvCalls=0 preadvFull=0 preadvEagain=0 preadvPartial=0 fadviseCalls=2192
FASTPATH_STATS calls=2227 offsetPairs=2244661 offsetPairHits=0 offsetPairsRing=2244661 offsetRuns=0 offsetRunHits=0 words=2244661 wordHits=0 wordsRing=2244661 wordBytes=21957330 wordHitBytes=0 preadvCalls=0 preadvFull=0 preadvEagain=0 preadvPartial=0 fadviseCalls=2227
FASTPATH_STATS calls=2258 offsetPairs=2275871 offsetPairHits=0 offsetPairsRing=2275871 offsetRuns=0 offsetRunHits=0 words=2275871 wordHits=0 wordsRing=2275871 wordBytes=22258278 wordHitBytes=0 preadvCalls=0 preadvFull=0 preadvEagain=0 preadvPartial=0 fadviseCalls=2258
FASTPATH_STATS calls=2295 offsetPairs=2313540 offsetPairHits=0 offsetPairsRing=2313540 offsetRuns=0 offsetRunHits=0 words=2313540 wordHits=0 wordsRing=2313540 wordBytes=22616365 wordHitBytes=0 preadvCalls=0 preadvFull=0 preadvEagain=0 preadvPartial=0 fadviseCalls=2295
FASTPATH_STATS calls=2337 offsetPairs=2356066 offsetPairHits=0 offsetPairsRing=2356066 offsetRuns=0 offsetRunHits=0 words=2356066 wordHits=0 wordsRing=2356066 wordBytes=23016767 wordHitBytes=0 preadvCalls=0 preadvFull=0 preadvEagain=0 preadvPartial=0 fadviseCalls=2337
FASTPATH_STATS calls=2377 offsetPairs=2396380 offsetPairHits=0 offsetPairsRing=2396380 offsetRuns=0 offsetRunHits=0 words=2396380 wordHits=0 wordsRing=2396380 wordBytes=23386157 wordHitBytes=0 preadvCalls=0 preadvFull=0 preadvEagain=0 preadvPartial=0 fadviseCalls=2377
FASTPATH_STATS calls=2416 offsetPairs=2435918 offsetPairHits=0 offsetPairsRing=2435918 offsetRuns=0 offsetRunHits=0 words=2435918 wordHits=0 wordsRing=2435918 wordBytes=23761706 wordHitBytes=0 preadvCalls=0 preadvFull=0 preadvEagain=0 preadvPartial=0 fadviseCalls=2416
FASTPATH_STATS calls=2454 offsetPairs=2474378 offsetPairHits=0 offsetPairsRing=2474378 offsetRuns=0 offsetRunHits=0 words=2473386 wordHits=0 wordsRing=2473386 wordBytes=24120042 wordHitBytes=0 preadvCalls=0 preadvFull=0 preadvEagain=0 preadvPartial=0 fadviseCalls=2454
FASTPATH_STATS calls=2484 offsetPairs=2504930 offsetPairHits=0 offsetPairsRing=2504930 offsetRuns=0 offsetRunHits=0 words=2504930 wordHits=0 wordsRing=2504930 wordBytes=24430443 wordHitBytes=0 preadvCalls=0 preadvFull=0 preadvEagain=0 preadvPartial=0 fadviseCalls=2484
FASTPATH_STATS calls=2528 offsetPairs=2549487 offsetPairHits=0 offsetPairsRing=2549487 offsetRuns=0 offsetRunHits=0 words=2548468 wordHits=0 wordsRing=2548468 wordBytes=24826693 wordHitBytes=0 preadvCalls=0 preadvFull=0 preadvEagain=0 preadvPartial=0 fadviseCalls=2528
FASTPATH_STATS calls=2568 offsetPairs=2589884 offsetPairHits=0 offsetPairsRing=2589884 offsetRuns=0 offsetRunHits=0 words=2588863 wordHits=0 wordsRing=2588863 wordBytes=25267831 wordHitBytes=0 preadvCalls=0 preadvFull=0 preadvEagain=0 preadvPartial=0 fadviseCalls=2568
FASTPATH_STATS calls=2608 offsetPairs=2630526 offsetPairHits=0 offsetPairsRing=2630526 offsetRuns=0 offsetRunHits=0 words=2629507 wordHits=0 wordsRing=2629507 wordBytes=25757796 wordHitBytes=0 preadvCalls=0 preadvFull=0 preadvEagain=0 preadvPartial=0 fadviseCalls=2608
FASTPATH_STATS calls=2641 offsetPairs=2664158 offsetPairHits=0 offsetPairsRing=2664158 offsetRuns=0 offsetRunHits=0 words=2664158 wordHits=0 wordsRing=2664158 wordBytes=26153564 wordHitBytes=0 preadvCalls=0 preadvFull=0 preadvEagain=0 preadvPartial=0 fadviseCalls=2641
FASTPATH_STATS calls=2674 offsetPairs=2696805 offsetPairHits=0 offsetPairsRing=2696805 offsetRuns=0 offsetRunHits=0 words=2696805 wordHits=0 wordsRing=2696805 wordBytes=26491118 wordHitBytes=0 preadvCalls=0 preadvFull=0 preadvEagain=0 preadvPartial=0 fadviseCalls=2674
FASTPATH_STATS calls=2715 offsetPairs=2737384 offsetPairHits=0 offsetPairsRing=2737384 offsetRuns=0 offsetRunHits=0 words=2737384 wordHits=0 wordsRing=2737384 wordBytes=26858683 wordHitBytes=0 preadvCalls=0 preadvFull=0 preadvEagain=0 preadvPartial=0 fadviseCalls=2715
FASTPATH_STATS calls=2759 offsetPairs=2779420 offsetPairHits=0 offsetPairsRing=2779420 offsetRuns=0 offsetRunHits=0 words=2779420 wordHits=0 wordsRing=2779420 wordBytes=27252612 wordHitBytes=0 preadvCalls=0 preadvFull=0 preadvEagain=0 preadvPartial=0 fadviseCalls=2759
FASTPATH_STATS calls=2803 offsetPairs=2822602 offsetPairHits=0 offsetPairsRing=2822602 offsetRuns=0 offsetRunHits=0 words=2822602 wordHits=0 wordsRing=2822602 wordBytes=27648927 wordHitBytes=0 preadvCalls=0 preadvFull=0 preadvEagain=0 preadvPartial=0 fadviseCalls=2803
FASTPATH_STATS calls=2846 offsetPairs=2865273 offsetPairHits=0 offsetPairsRing=2865273 offsetRuns=0 offsetRunHits=0 words=2864276 wordHits=0 wordsRing=2864276 wordBytes=28027901 wordHitBytes=0 preadvCalls=0 preadvFull=0 preadvEagain=0 preadvPartial=0 fadviseCalls=2846
FASTPATH_STATS calls=2887 offsetPairs=2904843 offsetPairHits=0 offsetPairsRing=2904843 offsetRuns=0 offsetRunHits=0 words=2904843 wordHits=0 wordsRing=2904843 wordBytes=28383072 wordHitBytes=0 preadvCalls=0 preadvFull=0 preadvEagain=0 preadvPartial=0 fadviseCalls=2887
FASTPATH_STATS calls=2925 offsetPairs=2942547 offsetPairHits=0 offsetPairsRing=2942547 offsetRuns=0 offsetRunHits=0 words=2941526 wordHits=0 wordsRing=2941526 wordBytes=28729405 wordHitBytes=0 preadvCalls=0 preadvFull=0 preadvEagain=0 preadvPartial=0 fadviseCalls=2925
FASTPATH_STATS calls=2960 offsetPairs=2977139 offsetPairHits=0 offsetPairsRing=2977139 offsetRuns=0 offsetRunHits=0 words=2977139 wordHits=0 wordsRing=2977139 wordBytes=29080530 wordHitBytes=0 preadvCalls=0 preadvFull=0 preadvEagain=0 preadvPartial=0 fadviseCalls=2960
FASTPATH_STATS calls=3002 offsetPairs=3018308 offsetPairHits=0 offsetPairsRing=3018308 offsetRuns=0 offsetRunHits=0 words=3018308 wordHits=0 wordsRing=3018308 wordBytes=29465772 wordHitBytes=0 preadvCalls=0 preadvFull=0 preadvEagain=0 preadvPartial=0 fadviseCalls=3002
FASTPATH_STATS calls=3045 offsetPairs=3061942 offsetPairHits=0 offsetPairsRing=3061942 offsetRuns=0 offsetRunHits=0 words=3060926 wordHits=0 wordsRing=3060926 wordBytes=29916165 wordHitBytes=0 preadvCalls=0 preadvFull=0 preadvEagain=0 preadvPartial=0 fadviseCalls=3045
FASTPATH_STATS calls=3083 offsetPairs=3100361 offsetPairHits=0 offsetPairsRing=3100361 offsetRuns=0 offsetRunHits=0 words=3100361 wordHits=0 wordsRing=3100361 wordBytes=30322230 wordHitBytes=0 preadvCalls=0 preadvFull=0 preadvEagain=0 preadvPartial=0 fadviseCalls=3083
FASTPATH_STATS calls=3122 offsetPairs=3139535 offsetPairHits=0 offsetPairsRing=3139535 offsetRuns=0 offsetRunHits=0 words=3139535 wordHits=0 wordsRing=3139535 wordBytes=30691093 wordHitBytes=0 preadvCalls=0 preadvFull=0 preadvEagain=0 preadvPartial=0 fadviseCalls=3122
FASTPATH_STATS calls=3158 offsetPairs=3176011 offsetPairHits=0 offsetPairsRing=3176011 offsetRuns=0 offsetRunHits=0 words=3176011 wordHits=0 wordsRing=3176011 wordBytes=31055085 wordHitBytes=0 preadvCalls=0 preadvFull=0 preadvEagain=0 preadvPartial=0 fadviseCalls=3158
FASTPATH_STATS calls=3197 offsetPairs=3215425 offsetPairHits=0 offsetPairsRing=3215425 offsetRuns=0 offsetRunHits=0 words=3215425 wordHits=0 wordsRing=3215425 wordBytes=31436510 wordHitBytes=0 preadvCalls=0 preadvFull=0 preadvEagain=0 preadvPartial=0 fadviseCalls=3197
FASTPATH_STATS calls=3236 offsetPairs=3255096 offsetPairHits=0 offsetPairsRing=3255096 offsetRuns=0 offsetRunHits=0 words=3255096 wordHits=0 wordsRing=3255096 wordBytes=31848342 wordHitBytes=0 preadvCalls=0 preadvFull=0 preadvEagain=0 preadvPartial=0 fadviseCalls=3236
FASTPATH_STATS calls=3279 offsetPairs=3296046 offsetPairHits=0 offsetPairsRing=3296046 offsetRuns=0 offsetRunHits=0 words=3296046 wordHits=0 wordsRing=3296046 wordBytes=32240434 wordHitBytes=0 preadvCalls=0 preadvFull=0 preadvEagain=0 preadvPartial=0 fadviseCalls=3279
FASTPATH_STATS calls=3327 offsetPairs=3339510 offsetPairHits=0 offsetPairsRing=3339510 offsetRuns=0 offsetRunHits=0 words=3339510 wordHits=0 wordsRing=3339510 wordBytes=32621492 wordHitBytes=0 preadvCalls=0 preadvFull=0 preadvEagain=0 preadvPartial=0 fadviseCalls=3327
FASTPATH_STATS calls=3368 offsetPairs=3380119 offsetPairHits=0 offsetPairsRing=3380119 offsetRuns=0 offsetRunHits=0 words=3380119 wordHits=0 wordsRing=3380119 wordBytes=33013033 wordHitBytes=0 preadvCalls=0 preadvFull=0 preadvEagain=0 preadvPartial=0 fadviseCalls=3368
FASTPATH_STATS calls=3407 offsetPairs=3419527 offsetPairHits=0 offsetPairsRing=3419527 offsetRuns=0 offsetRunHits=0 words=3418511 wordHits=0 wordsRing=3418511 wordBytes=33395078 wordHitBytes=0 preadvCalls=0 preadvFull=0 preadvEagain=0 preadvPartial=0 fadviseCalls=3407
FASTPATH_STATS calls=3444 offsetPairs=3456933 offsetPairHits=0 offsetPairsRing=3456933 offsetRuns=0 offsetRunHits=0 words=3456933 wordHits=0 wordsRing=3456933 wordBytes=33755160 wordHitBytes=0 preadvCalls=0 preadvFull=0 preadvEagain=0 preadvPartial=0 fadviseCalls=3444
FASTPATH_STATS calls=3477 offsetPairs=3489854 offsetPairHits=0 offsetPairsRing=3489854 offsetRuns=0 offsetRunHits=0 words=3489854 wordHits=0 wordsRing=3489854 wordBytes=34072618 wordHitBytes=0 preadvCalls=0 preadvFull=0 preadvEagain=0 preadvPartial=0 fadviseCalls=3477
FASTPATH_STATS calls=3521 offsetPairs=3532642 offsetPairHits=0 offsetPairsRing=3532642 offsetRuns=0 offsetRunHits=0 words=3532642 wordHits=0 wordsRing=3532642 wordBytes=34451568 wordHitBytes=0 preadvCalls=0 preadvFull=0 preadvEagain=0 preadvPartial=0 fadviseCalls=3521
FASTPATH_STATS calls=3559 offsetPairs=3570673 offsetPairHits=0 offsetPairsRing=3570673 offsetRuns=0 offsetRunHits=0 words=3570673 wordHits=0 wordsRing=3570673 wordBytes=34818749 wordHitBytes=0 preadvCalls=0 preadvFull=0 preadvEagain=0 preadvPartial=0 fadviseCalls=3559
FASTPATH_STATS calls=3601 offsetPairs=3611462 offsetPairHits=0 offsetPairsRing=3611462 offsetRuns=0 offsetRunHits=0 words=3610489 wordHits=0 wordsRing=3610489 wordBytes=35185643 wordHitBytes=0 preadvCalls=0 preadvFull=0 preadvEagain=0 preadvPartial=0 fadviseCalls=3601
FASTPATH_STATS calls=3647 offsetPairs=3655320 offsetPairHits=0 offsetPairsRing=3655320 offsetRuns=0 offsetRunHits=0 words=3654378 wordHits=0 wordsRing=3654378 wordBytes=35569877 wordHitBytes=0 preadvCalls=0 preadvFull=0 preadvEagain=0 preadvPartial=0 fadviseCalls=3647
FASTPATH_STATS calls=3685 offsetPairs=3692869 offsetPairHits=0 offsetPairsRing=3692869 offsetRuns=0 offsetRunHits=0 words=3692869 wordHits=0 wordsRing=3692869 wordBytes=36009335 wordHitBytes=0 preadvCalls=0 preadvFull=0 preadvEagain=0 preadvPartial=0 fadviseCalls=3685
FASTPATH_STATS calls=3727 offsetPairs=3733990 offsetPairHits=0 offsetPairsRing=3733990 offsetRuns=0 offsetRunHits=0 words=3732972 wordHits=0 wordsRing=3732972 wordBytes=36399400 wordHitBytes=0 preadvCalls=0 preadvFull=0 preadvEagain=0 preadvPartial=0 fadviseCalls=3727
FASTPATH_STATS calls=3770 offsetPairs=3774670 offsetPairHits=0 offsetPairsRing=3774670 offsetRuns=0 offsetRunHits=0 words=3774670 wordHits=0 wordsRing=3774670 wordBytes=36784692 wordHitBytes=0 preadvCalls=0 preadvFull=0 preadvEagain=0 preadvPartial=0 fadviseCalls=3770
FASTPATH_STATS calls=3810 offsetPairs=3815278 offsetPairHits=0 offsetPairsRing=3815278 offsetRuns=0 offsetRunHits=0 words=3815278 wordHits=0 wordsRing=3815278 wordBytes=37187286 wordHitBytes=0 preadvCalls=0 preadvFull=0 preadvEagain=0 preadvPartial=0 fadviseCalls=3810
FASTPATH_STATS calls=3848 offsetPairs=3854033 offsetPairHits=0 offsetPairsRing=3854033 offsetRuns=0 offsetRunHits=0 words=3853012 wordHits=0 wordsRing=3853012 wordBytes=37560326 wordHitBytes=0 preadvCalls=0 preadvFull=0 preadvEagain=0 preadvPartial=0 fadviseCalls=3848
FASTPATH_STATS calls=3883 offsetPairs=3888979 offsetPairHits=0 offsetPairsRing=3888979 offsetRuns=0 offsetRunHits=0 words=3887956 wordHits=0 wordsRing=3887956 wordBytes=37906763 wordHitBytes=0 preadvCalls=0 preadvFull=0 preadvEagain=0 preadvPartial=0 fadviseCalls=3883
FASTPATH_STATS calls=3924 offsetPairs=3930797 offsetPairHits=0 offsetPairsRing=3930797 offsetRuns=0 offsetRunHits=0 words=3930797 wordHits=0 wordsRing=3930797 wordBytes=38331349 wordHitBytes=0 preadvCalls=0 preadvFull=0 preadvEagain=0 preadvPartial=0 fadviseCalls=3924
FASTPATH_STATS calls=3967 offsetPairs=3974082 offsetPairHits=0 offsetPairsRing=3974082 offsetRuns=0 offsetRunHits=0 words=3974082 wordHits=0 wordsRing=3974082 wordBytes=38770135 wordHitBytes=0 preadvCalls=0 preadvFull=0 preadvEagain=0 preadvPartial=0 fadviseCalls=3967
FASTPATH_STATS calls=4019 offsetPairs=4026003 offsetPairHits=0 offsetPairsRing=4026003 offsetRuns=0 offsetRunHits=0 words=4026003 wordHits=0 wordsRing=4026003 wordBytes=39249540 wordHitBytes=0 preadvCalls=0 preadvFull=0 preadvEagain=0 preadvPartial=0 fadviseCalls=4019
FASTPATH_STATS calls=4069 offsetPairs=4075693 offsetPairHits=0 offsetPairsRing=4075693 offsetRuns=0 offsetRunHits=0 words=4074680 wordHits=0 wordsRing=4074680 wordBytes=39718933 wordHitBytes=0 preadvCalls=0 preadvFull=0 preadvEagain=0 preadvPartial=0 fadviseCalls=4069
FASTPATH_STATS calls=4118 offsetPairs=4125489 offsetPairHits=0 offsetPairsRing=4125489 offsetRuns=0 offsetRunHits=0 words=4124477 wordHits=0 wordsRing=4124477 wordBytes=40189616 wordHitBytes=0 preadvCalls=0 preadvFull=0 preadvEagain=0 preadvPartial=0 fadviseCalls=4118
FASTPATH_STATS calls=4167 offsetPairs=4175256 offsetPairHits=0 offsetPairsRing=4175256 offsetRuns=0 offsetRunHits=0 words=4174246 wordHits=0 wordsRing=4174246 wordBytes=40633883 wordHitBytes=0 preadvCalls=0 preadvFull=0 preadvEagain=0 preadvPartial=0 fadviseCalls=4167
FASTPATH_STATS calls=4214 offsetPairs=4222174 offsetPairHits=0 offsetPairsRing=4222174 offsetRuns=0 offsetRunHits=0 words=4222174 wordHits=0 wordsRing=4222174 wordBytes=41087349 wordHitBytes=0 preadvCalls=0 preadvFull=0 preadvEagain=0 preadvPartial=0 fadviseCalls=4214
FASTPATH_STATS calls=4257 offsetPairs=4266087 offsetPairHits=0 offsetPairsRing=4266087 offsetRuns=0 offsetRunHits=0 words=4266087 wordHits=0 wordsRing=4266087 wordBytes=41478851 wordHitBytes=0 preadvCalls=0 preadvFull=0 preadvEagain=0 preadvPartial=0 fadviseCalls=4257
FASTPATH_STATS calls=4297 offsetPairs=4306742 offsetPairHits=0 offsetPairsRing=4306742 offsetRuns=0 offsetRunHits=0 words=4305719 wordHits=0 wordsRing=4305719 wordBytes=41812947 wordHitBytes=0 preadvCalls=0 preadvFull=0 preadvEagain=0 preadvPartial=0 fadviseCalls=4297
FASTPATH_STATS calls=4337 offsetPairs=4347498 offsetPairHits=0 offsetPairsRing=4347498 offsetRuns=0 offsetRunHits=0 words=4347498 wordHits=0 wordsRing=4347498 wordBytes=42206395 wordHitBytes=0 preadvCalls=0 preadvFull=0 preadvEagain=0 preadvPartial=0 fadviseCalls=4337
FASTPATH_STATS calls=4375 offsetPairs=4386147 offsetPairHits=0 offsetPairsRing=4386147 offsetRuns=0 offsetRunHits=0 words=4386147 wordHits=0 wordsRing=4386147 wordBytes=42577773 wordHitBytes=0 preadvCalls=0 preadvFull=0 preadvEagain=0 preadvPartial=0 fadviseCalls=4375
FASTPATH_STATS calls=4412 offsetPairs=4422494 offsetPairHits=0 offsetPairsRing=4422494 offsetRuns=0 offsetRunHits=0 words=4421478 wordHits=0 wordsRing=4421478 wordBytes=42913864 wordHitBytes=0 preadvCalls=0 preadvFull=0 preadvEagain=0 preadvPartial=0 fadviseCalls=4412
2026-09-29 07:05:57.872 - INFO: Done processing query and sending result, total time was 27,781 ms
2026-09-29 07:05:57.890 - INFO: 
2026-09-29 07:05:57.890 - INFO: Request received via GET, no content type specified
2026-09-29 07:05:57.890 - INFO: Processing command "cache-stats": get cache statistics
