2026-09-28 23:47:16.688 - INFO: [1mQLever server v0.6.0-308-g95f657ab9, compiled on Mon Sep 28 19:27:32 UTC 2026 using git hash 95f657a[22m
2026-09-28 23:47:16.688 - INFO: Runtime parameter set from the command line: iouring-adaptive-batch-enabled=true
2026-09-28 23:47:16.688 - INFO: Cleanup of previous index directories after each rebuild enabled (--rebuild-keep-previous-index-dirs original-and-most-recent)
2026-09-28 23:47:16.689 - INFO: The git hash used to build this index was "65f84b4"
2026-09-28 23:47:16.689 - INFO: Reading vocabulary from file /local/data-ssd/stoetzem/qlever-indices/dblp/dblp.vocabulary.words ...
2026-09-28 23:47:16.700 - INFO: Done, number of words: 446,944,668
2026-09-28 23:47:16.700 - INFO: Number of words in internal vocabulary (these are also part of the external vocabulary): 446,955
2026-09-28 23:47:16.707 - INFO: Registered PSO permutation: #relations = 6, #blocks = 8,187, #triples = 255,805,025
2026-09-28 23:47:16.733 - INFO: Registered PSO permutation: #relations = 96, #blocks = 51,023, #triples = 1,593,245,022
2026-09-28 23:47:16.735 - INFO: Registered POS permutation: #relations = 6, #blocks = 8,187, #triples = 255,805,025
2026-09-28 23:47:16.754 - INFO: Registered POS permutation: #relations = 96, #blocks = 51,023, #triples = 1,593,245,022
2026-09-28 23:47:16.770 - INFO: Registered OPS permutation: #relations = 345,357,897, #blocks = 42,492, #triples = 1,593,245,022
2026-09-28 23:47:16.786 - INFO: Registered OSP permutation: #relations = 345,357,897, #blocks = 42,492, #triples = 1,593,245,022
2026-09-28 23:47:16.796 - INFO: Registered SPO permutation: #relations = 255,804,614, #blocks = 33,993, #triples = 1,593,245,022
2026-09-28 23:47:16.804 - INFO: Registered SOP permutation: #relations = 255,804,614, #blocks = 33,993, #triples = 1,593,245,022
2026-09-28 23:47:16.804 - INFO: Reading patterns from file /local/data-ssd/stoetzem/qlever-indices/dblp/dblp.index.patterns ...
2026-09-28 23:47:16.805 - INFO: Sorting random result tables to estimate the sorting performance of this machine ...
2026-09-28 23:47:25.671 - INFO: Initializing server ...
2026-09-28 23:47:25.671 - INFO: No access token required for restricted API calls
2026-09-28 23:47:25.672 - INFO: The server is ready, listening for requests on port 7015 ...
2026-09-28 23:47:25.784 - INFO: 
2026-09-28 23:47:25.784 - INFO: Request received via POST, content type "application/x-www-form-urlencoded"
2026-09-28 23:47:25.788 - INFO: Processing the following SPARQL query:
# Tier H-vocab — title literals, large
# Goal: external-vocabulary lookup pressure with larger bounded output.
PREFIX dblp: <https://dblp.org/rdf/schema#>

CONSTRUCT { ?paper dblp:title ?title }
WHERE {
  ?paper dblp:title ?title .
}
LIMIT 100000

2026-09-28 23:47:25.788 - INFO: Requested media types of the result are: "text/turtle"
2026-09-28 23:47:25.789 - INFO: Query planning done in 4 ms
2026-09-28 23:47:25.789 - INFO: Result has unknown size (not computed yet)
2026-09-28 23:47:26.219 - INFO: Done processing query and sending result, total time was 435 ms
2026-09-28 23:47:26.286 - INFO: 
2026-09-28 23:47:26.286 - INFO: Request received via POST, content type "application/x-www-form-urlencoded"
2026-09-28 23:47:26.286 - INFO: Processing the following SPARQL query:
# Tier H-vocab — title literals, large
# Goal: external-vocabulary lookup pressure with larger bounded output.
PREFIX dblp: <https://dblp.org/rdf/schema#>

CONSTRUCT { ?paper dblp:title ?title }
WHERE {
  ?paper dblp:title ?title .
}
LIMIT 100000

2026-09-28 23:47:26.286 - INFO: Requested media types of the result are: "text/turtle"
2026-09-28 23:47:26.287 - INFO: Query planning done in 0 ms
2026-09-28 23:47:26.287 - INFO: Result has unknown size (not computed yet)
2026-09-28 23:47:26.684 - INFO: Done processing query and sending result, total time was 398 ms
