[2026-10-07T11:08:46Z] PR #264 wikidata turtle_export queries=H-vocab-label-large scenarios=warm reps=3 mode=two binaries layout=ural
[2026-10-07T11:08:46Z] base:    /local/data-ssd/stoetzem/thesis/experiments/runs/internal-rank-lookup-en-warm-p12/bin/qlever-server-base (d20a4c74ab76e844364eea53a8ac144ea54729c0) args='' form=''
[2026-10-07T11:08:46Z] variant: /local/data-ssd/stoetzem/thesis/experiments/runs/internal-rank-lookup-en-warm-p12/bin/qlever-server-variant (12c10ee76289a92f09d310d4658984c19e4f3f3c) args='--set-runtime-parameter vocabulary-internal-rank-lookup=true' form=''
[2026-10-07T11:08:46Z] variant2: /local/data-ssd/stoetzem/thesis/experiments/runs/internal-rank-lookup-en-warm-p12/bin/qlever-server-variant (12c10ee76289a92f09d310d4658984c19e4f3f3c) args='--set-runtime-parameter vocabulary-internal-rank-lookup=false --set-runtime-parameter vocabulary-internal-sorted-batch-lookup=true' label='sorted-batch-12c10ee7'
[2026-10-07T11:08:46Z] !!!!!!!! load gate: load1=5.54 still >= 3 after 0s; running anyway !!!!!!!!
fatal: not a git repository (or any parent up to mount point /local)
Stopping at filesystem boundary (GIT_DISCOVERY_ACROSS_FILESYSTEM not set).
fatal: not a git repository (or any parent up to mount point /local)
Stopping at filesystem boundary (GIT_DISCOVERY_ACROSS_FILESYSTEM not set).
fatal: not a git repository (or any parent up to mount point /local)
Stopping at filesystem boundary (GIT_DISCOVERY_ACROSS_FILESYSTEM not set).
fatal: not a git repository (or any parent up to mount point /local)
Stopping at filesystem boundary (GIT_DISCOVERY_ACROSS_FILESYSTEM not set).
fatal: not a git repository (or any parent up to mount point /local)
Stopping at filesystem boundary (GIT_DISCOVERY_ACROSS_FILESYSTEM not set).
rep 1/1: complete export=s e2e=24.826845580s 1302749672 bytes syscr=9888 pread64=9836 io_uring_enter=0 read_bytes=0 cpu_s=35.010000
[2026-10-07T11:10:11Z] pr264-H-vocab-label-large-warm-base-r1 done
[2026-10-07T11:10:11Z] !!!!!!!! load gate: load1=3.48 still >= 3 after 0s; running anyway !!!!!!!!
fatal: not a git repository (or any parent up to mount point /local)
Stopping at filesystem boundary (GIT_DISCOVERY_ACROSS_FILESYSTEM not set).
fatal: not a git repository (or any parent up to mount point /local)
Stopping at filesystem boundary (GIT_DISCOVERY_ACROSS_FILESYSTEM not set).
fatal: not a git repository (or any parent up to mount point /local)
Stopping at filesystem boundary (GIT_DISCOVERY_ACROSS_FILESYSTEM not set).
fatal: not a git repository (or any parent up to mount point /local)
Stopping at filesystem boundary (GIT_DISCOVERY_ACROSS_FILESYSTEM not set).
fatal: not a git repository (or any parent up to mount point /local)
Stopping at filesystem boundary (GIT_DISCOVERY_ACROSS_FILESYSTEM not set).
rep 1/1: complete export=s e2e=19.736622805s 1302749672 bytes syscr=9876 pread64=9836 io_uring_enter=0 read_bytes=0 cpu_s=30.510000
[2026-10-07T11:11:22Z] pr264-H-vocab-label-large-warm-variant-r1 done
[2026-10-07T11:11:22Z] !!!!!!!! load gate: load1=5.83 still >= 3 after 0s; running anyway !!!!!!!!
fatal: not a git repository (or any parent up to mount point /local)
Stopping at filesystem boundary (GIT_DISCOVERY_ACROSS_FILESYSTEM not set).
fatal: not a git repository (or any parent up to mount point /local)
Stopping at filesystem boundary (GIT_DISCOVERY_ACROSS_FILESYSTEM not set).
fatal: not a git repository (or any parent up to mount point /local)
Stopping at filesystem boundary (GIT_DISCOVERY_ACROSS_FILESYSTEM not set).
fatal: not a git repository (or any parent up to mount point /local)
Stopping at filesystem boundary (GIT_DISCOVERY_ACROSS_FILESYSTEM not set).
fatal: not a git repository (or any parent up to mount point /local)
Stopping at filesystem boundary (GIT_DISCOVERY_ACROSS_FILESYSTEM not set).
rep 1/1: complete export=s e2e=29.172570231s 1302749672 bytes syscr=9896 pread64=9836 io_uring_enter=0 read_bytes=0 cpu_s=39.320000
[2026-10-07T11:12:57Z] pr264-H-vocab-label-large-warm-variant2-r1 done
[2026-10-07T11:12:57Z] !!!!!!!! load gate: load1=4.57 still >= 3 after 0s; running anyway !!!!!!!!
fatal: not a git repository (or any parent up to mount point /local)
Stopping at filesystem boundary (GIT_DISCOVERY_ACROSS_FILESYSTEM not set).
fatal: not a git repository (or any parent up to mount point /local)
Stopping at filesystem boundary (GIT_DISCOVERY_ACROSS_FILESYSTEM not set).
fatal: not a git repository (or any parent up to mount point /local)
Stopping at filesystem boundary (GIT_DISCOVERY_ACROSS_FILESYSTEM not set).
fatal: not a git repository (or any parent up to mount point /local)
Stopping at filesystem boundary (GIT_DISCOVERY_ACROSS_FILESYSTEM not set).
fatal: not a git repository (or any parent up to mount point /local)
Stopping at filesystem boundary (GIT_DISCOVERY_ACROSS_FILESYSTEM not set).
rep 1/1: complete export=s e2e=25.572680850s 1302749672 bytes syscr=9888 pread64=9836 io_uring_enter=0 read_bytes=0 cpu_s=35.550000
[2026-10-07T11:14:23Z] pr264-H-vocab-label-large-warm-variant2-r2 done
fatal: not a git repository (or any parent up to mount point /local)
Stopping at filesystem boundary (GIT_DISCOVERY_ACROSS_FILESYSTEM not set).
fatal: not a git repository (or any parent up to mount point /local)
Stopping at filesystem boundary (GIT_DISCOVERY_ACROSS_FILESYSTEM not set).
fatal: not a git repository (or any parent up to mount point /local)
Stopping at filesystem boundary (GIT_DISCOVERY_ACROSS_FILESYSTEM not set).
fatal: not a git repository (or any parent up to mount point /local)
Stopping at filesystem boundary (GIT_DISCOVERY_ACROSS_FILESYSTEM not set).
fatal: not a git repository (or any parent up to mount point /local)
Stopping at filesystem boundary (GIT_DISCOVERY_ACROSS_FILESYSTEM not set).
rep 1/1: complete export=s e2e=19.490955732s 1302749672 bytes syscr=9876 pread64=9836 io_uring_enter=0 read_bytes=0 cpu_s=30.160000
[2026-10-07T11:15:33Z] pr264-H-vocab-label-large-warm-variant-r2 done
[2026-10-07T11:15:33Z] !!!!!!!! load gate: load1=5.78 still >= 3 after 0s; running anyway !!!!!!!!
fatal: not a git repository (or any parent up to mount point /local)
Stopping at filesystem boundary (GIT_DISCOVERY_ACROSS_FILESYSTEM not set).
fatal: not a git repository (or any parent up to mount point /local)
Stopping at filesystem boundary (GIT_DISCOVERY_ACROSS_FILESYSTEM not set).
fatal: not a git repository (or any parent up to mount point /local)
Stopping at filesystem boundary (GIT_DISCOVERY_ACROSS_FILESYSTEM not set).
fatal: not a git repository (or any parent up to mount point /local)
Stopping at filesystem boundary (GIT_DISCOVERY_ACROSS_FILESYSTEM not set).
fatal: not a git repository (or any parent up to mount point /local)
Stopping at filesystem boundary (GIT_DISCOVERY_ACROSS_FILESYSTEM not set).
rep 1/1: complete export=s e2e=24.877346875s 1302749672 bytes syscr=9884 pread64=9836 io_uring_enter=0 read_bytes=0 cpu_s=35.150000
[2026-10-07T11:17:04Z] pr264-H-vocab-label-large-warm-base-r2 done
[2026-10-07T11:17:04Z] !!!!!!!! load gate: load1=3.71 still >= 3 after 0s; running anyway !!!!!!!!
fatal: not a git repository (or any parent up to mount point /local)
Stopping at filesystem boundary (GIT_DISCOVERY_ACROSS_FILESYSTEM not set).
fatal: not a git repository (or any parent up to mount point /local)
Stopping at filesystem boundary (GIT_DISCOVERY_ACROSS_FILESYSTEM not set).
fatal: not a git repository (or any parent up to mount point /local)
Stopping at filesystem boundary (GIT_DISCOVERY_ACROSS_FILESYSTEM not set).
fatal: not a git repository (or any parent up to mount point /local)
Stopping at filesystem boundary (GIT_DISCOVERY_ACROSS_FILESYSTEM not set).
fatal: not a git repository (or any parent up to mount point /local)
Stopping at filesystem boundary (GIT_DISCOVERY_ACROSS_FILESYSTEM not set).
rep 1/1: complete export=s e2e=23.048669476s 1302749672 bytes syscr=9884 pread64=9836 io_uring_enter=0 read_bytes=0 cpu_s=33.130000
[2026-10-07T11:18:24Z] pr264-H-vocab-label-large-warm-base-r3 done
fatal: not a git repository (or any parent up to mount point /local)
Stopping at filesystem boundary (GIT_DISCOVERY_ACROSS_FILESYSTEM not set).
fatal: not a git repository (or any parent up to mount point /local)
Stopping at filesystem boundary (GIT_DISCOVERY_ACROSS_FILESYSTEM not set).
fatal: not a git repository (or any parent up to mount point /local)
Stopping at filesystem boundary (GIT_DISCOVERY_ACROSS_FILESYSTEM not set).
fatal: not a git repository (or any parent up to mount point /local)
Stopping at filesystem boundary (GIT_DISCOVERY_ACROSS_FILESYSTEM not set).
fatal: not a git repository (or any parent up to mount point /local)
Stopping at filesystem boundary (GIT_DISCOVERY_ACROSS_FILESYSTEM not set).
rep 1/1: complete export=s e2e=19.620947998s 1302749672 bytes syscr=9876 pread64=9836 io_uring_enter=0 read_bytes=0 cpu_s=30.460000
[2026-10-07T11:19:35Z] pr264-H-vocab-label-large-warm-variant-r3 done
[2026-10-07T11:19:35Z] !!!!!!!! load gate: load1=5.47 still >= 3 after 0s; running anyway !!!!!!!!
fatal: not a git repository (or any parent up to mount point /local)
Stopping at filesystem boundary (GIT_DISCOVERY_ACROSS_FILESYSTEM not set).
fatal: not a git repository (or any parent up to mount point /local)
Stopping at filesystem boundary (GIT_DISCOVERY_ACROSS_FILESYSTEM not set).
fatal: not a git repository (or any parent up to mount point /local)
Stopping at filesystem boundary (GIT_DISCOVERY_ACROSS_FILESYSTEM not set).
fatal: not a git repository (or any parent up to mount point /local)
Stopping at filesystem boundary (GIT_DISCOVERY_ACROSS_FILESYSTEM not set).
fatal: not a git repository (or any parent up to mount point /local)
Stopping at filesystem boundary (GIT_DISCOVERY_ACROSS_FILESYSTEM not set).
rep 1/1: complete export=s e2e=27.551884902s 1302749672 bytes syscr=9892 pread64=9836 io_uring_enter=0 read_bytes=0 cpu_s=37.750000
[2026-10-07T11:21:10Z] pr264-H-vocab-label-large-warm-variant2-r3 done
# Three-arm run: one base run, two comparisons

## base vs variant (rank-lookup-12c10ee7)
## PR #264 A/B on wikidata (turtle_export)

- Base: `d20a4c74ab76e844364eea53a8ac144ea54729c0` stack12-22-d20a4c74; server args: `(none)`
- Variant: `12c10ee76289a92f09d310d4658984c19e4f3f3c` rank-lookup-12c10ee7; server args: `--set-runtime-parameter vocabulary-internal-rank-lookup=true`
- Binaries: two binaries; host `ural` (ural layout)
- Server query threads (`--num-simultaneous-queries`): 1
- Reps: 3 per arm, query and scenario; arms interleaved per rep, order alternating (odd reps base first, even reps variant first); cold reps run after `clear-caches`.
- Noise rule: within noise when |delta| < 1% or the min..max ranges overlap.

### Timing (elapsed_s, end to end)

| query | scenario | arm | n | median | min | max | delta vs base | verdict | correctness |
|---|---|---|---|---|---|---|---|---|---|
| H-vocab-label-large | warm | stack12-22-d20a4c74 | 3 | 24.8268 | 23.0487 | 24.8773 |  |  |  |
| H-vocab-label-large | warm | rank-lookup-12c10ee7 | 3 | 19.6209 | 19.4910 | 19.7366 | -20.97% | variant faster | identical bytes |

### Verdict

- H-vocab-label-large warm: variant faster (-20.97%); correctness: identical bytes

### Gates

- `gate-postflight-warm.log`: == POSTFLIGHT: PASS ==
- `gate-preflight-base.log`: == PREFLIGHT: PASS ==
- `gate-preflight-variant.log`: == PREFLIGHT: PASS ==
- `gate-verify-base.log`: VERDICT: PASS — binary is trustworthy for benchmarking
- `gate-verify-variant.log`: VERDICT: PASS — binary is trustworthy for benchmarking

### Problems

None: every rep complete, non-empty and correct.

Artifacts: `results.csv` (all reps), `<scenario>/<query>/<arm>/raw/` (harness output per rep), `correctness.tsv`, `build-env.txt`, `env-before.txt`, `env-after.txt`, `gate-*.log`, `driver.log`.

## base vs variant2 (sorted-batch-12c10ee7)
## PR #264 A/B on wikidata (turtle_export)

- Base: `d20a4c74ab76e844364eea53a8ac144ea54729c0` stack12-22-d20a4c74; server args: `(none)`
- Variant: `12c10ee76289a92f09d310d4658984c19e4f3f3c` sorted-batch-12c10ee7; server args: `--set-runtime-parameter vocabulary-internal-rank-lookup=false --set-runtime-parameter vocabulary-internal-sorted-batch-lookup=true`
- Binaries: two binaries; host `ural` (ural layout)
- Server query threads (`--num-simultaneous-queries`): 1
- Reps: 3 per arm, query and scenario; arms interleaved per rep, order alternating (odd reps base first, even reps variant first); cold reps run after `clear-caches`.
- Noise rule: within noise when |delta| < 1% or the min..max ranges overlap.

### Timing (elapsed_s, end to end)

| query | scenario | arm | n | median | min | max | delta vs base | verdict | correctness |
|---|---|---|---|---|---|---|---|---|---|
| H-vocab-label-large | warm | stack12-22-d20a4c74 | 3 | 24.8268 | 23.0487 | 24.8773 |  |  |  |
| H-vocab-label-large | warm | sorted-batch-12c10ee7 | 3 | 27.5519 | 25.5727 | 29.1726 | +10.98% | variant slower | identical bytes |

### Verdict

- H-vocab-label-large warm: variant slower (+10.98%); correctness: identical bytes

### Gates

- `gate-postflight-warm.log`: == POSTFLIGHT: PASS ==
- `gate-preflight-base.log`: == PREFLIGHT: PASS ==
- `gate-preflight-variant.log`: == PREFLIGHT: PASS ==
- `gate-verify-base.log`: VERDICT: PASS — binary is trustworthy for benchmarking
- `gate-verify-variant.log`: VERDICT: PASS — binary is trustworthy for benchmarking

### Problems

None: every rep complete, non-empty and correct.

Artifacts: `results.csv` (all reps), `<scenario>/<query>/<arm>/raw/` (harness output per rep), `correctness.tsv`, `build-env.txt`, `env-before.txt`, `env-after.txt`, `gate-*.log`, `driver.log`.
[2026-10-07T11:21:46Z] finished rc=0 run=/local/data-ssd/stoetzem/thesis/experiments/runs/internal-rank-lookup-en-warm-p12
