2026-09-28 23:41:12.782 - INFO: [1mQLever server v0.6.0-201-g6b71e1e55, compiled on Mon Sep 28 19:27:17 UTC 2026 using git hash 6b71e1e[22m
2026-09-28 23:41:12.782 - INFO: Cleanup of previous index directories after each rebuild enabled (--rebuild-keep-previous-index-dirs original-and-most-recent)
2026-09-28 23:41:12.782 - INFO: The git hash used to build this index was "65f84b4"
2026-09-28 23:41:12.783 - INFO: Reading vocabulary from file /local/data-ssd/stoetzem/qlever-indices/dblp/dblp.vocabulary.words ...
2026-09-28 23:41:12.793 - INFO: Done, number of words: 446,944,668
2026-09-28 23:41:12.793 - INFO: Number of words in internal vocabulary (these are also part of the external vocabulary): 446,955
2026-09-28 23:41:12.799 - INFO: Registered PSO permutation: #relations = 6, #blocks = 8,187, #triples = 255,805,025
2026-09-28 23:41:12.825 - INFO: Registered PSO permutation: #relations = 96, #blocks = 51,023, #triples = 1,593,245,022
2026-09-28 23:41:12.828 - INFO: Registered POS permutation: #relations = 6, #blocks = 8,187, #triples = 255,805,025
2026-09-28 23:41:12.855 - INFO: Registered POS permutation: #relations = 96, #blocks = 51,023, #triples = 1,593,245,022
2026-09-28 23:41:12.877 - INFO: Registered OPS permutation: #relations = 345,357,897, #blocks = 42,492, #triples = 1,593,245,022
2026-09-28 23:41:12.899 - INFO: Registered OSP permutation: #relations = 345,357,897, #blocks = 42,492, #triples = 1,593,245,022
2026-09-28 23:41:12.914 - INFO: Registered SPO permutation: #relations = 255,804,614, #blocks = 33,993, #triples = 1,593,245,022
2026-09-28 23:41:12.926 - INFO: Registered SOP permutation: #relations = 255,804,614, #blocks = 33,993, #triples = 1,593,245,022
2026-09-28 23:41:12.927 - INFO: Reading patterns from file /local/data-ssd/stoetzem/qlever-indices/dblp/dblp.index.patterns ...
2026-09-28 23:41:12.927 - INFO: Sorting random result tables to estimate the sorting performance of this machine ...
2026-09-28 23:41:23.973 - INFO: Initializing server ...
2026-09-28 23:41:23.973 - INFO: No access token required for restricted API calls
2026-09-28 23:41:23.974 - INFO: The server is ready, listening for requests on port 7015 ...
2026-09-28 23:41:24.118 - INFO: 
2026-09-28 23:41:24.118 - INFO: Request received via POST, content type "application/x-www-form-urlencoded"
2026-09-28 23:41:24.122 - INFO: Processing the following SPARQL query:
# Tier H-vocab — title literals, large
# Goal: external-vocabulary lookup pressure with larger bounded output.
PREFIX dblp: <https://dblp.org/rdf/schema#>

CONSTRUCT { ?paper dblp:title ?title }
WHERE {
  ?paper dblp:title ?title .
}
LIMIT 100000

2026-09-28 23:41:24.122 - INFO: Requested media types of the result are: "text/turtle"
2026-09-28 23:41:24.122 - INFO: Query planning done in 3 ms
2026-09-28 23:41:24.122 - INFO: Result has unknown size (not computed yet)
2026-09-28 23:41:25.776 - INFO: Done processing query and sending result, total time was 1,657 ms
2026-09-28 23:41:25.824 - INFO: 
2026-09-28 23:41:25.824 - INFO: Request received via POST, content type "application/x-www-form-urlencoded"
2026-09-28 23:41:25.824 - INFO: Processing the following SPARQL query:
# Tier H-vocab — title literals, large
# Goal: external-vocabulary lookup pressure with larger bounded output.
PREFIX dblp: <https://dblp.org/rdf/schema#>

CONSTRUCT { ?paper dblp:title ?title }
WHERE {
  ?paper dblp:title ?title .
}
LIMIT 100000

2026-09-28 23:41:25.824 - INFO: Requested media types of the result are: "text/turtle"
2026-09-28 23:41:25.825 - INFO: Query planning done in 0 ms
2026-09-28 23:41:25.825 - INFO: Result has unknown size (not computed yet)
2026-09-28 23:41:27.219 - INFO: Done processing query and sending result, total time was 1,395 ms
