[2026-09-22T01:25:03Z] WARN baseline links liburing (master merged the ring path); the arm still counts as baseline because unrouted workloads never enter the ring
[2026-09-22T01:25:03Z] binary gates ok (baseline without, variant with liburing)
[2026-09-22T01:25:03Z] preflight ok
base_commit=7bd97790e9ee6d5b2f6305fd8fd1c8000b63710b
baseline_binary=/local/data-ssd/stoetzem/binaries/qlever-server-ch7-integration
baseline_version=/local/data-ssd/stoetzem/binaries/qlever-server-ch7-integration v0.6.0-135-g84b943e4e
variant_branch=arena
variant_binary=/local/data-ssd/stoetzem/wt/bench/ch7-arena/build/qlever-server
variant_version=/local/data-ssd/stoetzem/wt/bench/ch7-arena/build/qlever-server v0.6.0-147-g2cbb5e23f
index=/local/data-ssd/stoetzem/wikidata/index-for-upgrade-new-format/wikidata
uname=7.0.0-28-generic
date=2026-09-22T01:25:03Z
[2026-09-22T01:25:05Z] === arm baseline (/local/data-ssd/stoetzem/binaries/qlever-server-ch7-integration)
[2026-09-22T01:25:26Z] server ready pid 934435 (baseline)
[2026-09-22T01:25:26Z] warmup baseline large-de (discarded)

/local/data-ssd/stoetzem/thesis/experiments/runs/wikidata-ch7-arena-ab/baseline-large-de-warm code=200 wall=15.771779s sha=dcd2b1bc77fce98409640e9a234aa92688de7ba54eeff9c0556752e814f8c5e1 cpu_proc=16.32s cpu_iowait=230.69s cpu_total=247.95s wall=15.5s n=32
Caches dropped successfully (synced, then wrote 1
 to /proc/sys/vm/drop_caches).
/local/data-ssd/stoetzem/thesis/experiments/runs/wikidata-ch7-arena-ab/baseline-large-de-cold1 code=200 wall=23.519746s sha=dcd2b1bc77fce98409640e9a234aa92688de7ba54eeff9c0556752e814f8c5e1 cpu_proc=23.76s cpu_iowait=349.34s cpu_total=375.74s wall=23.5s n=48
Caches dropped successfully (synced, then wrote 1
 to /proc/sys/vm/drop_caches).
/local/data-ssd/stoetzem/thesis/experiments/runs/wikidata-ch7-arena-ab/baseline-large-de-cold2 code=200 wall=23.685441s sha=dcd2b1bc77fce98409640e9a234aa92688de7ba54eeff9c0556752e814f8c5e1 cpu_proc=23.80s cpu_iowait=349.65s cpu_total=375.71s wall=23.5s n=48
[2026-09-22T01:27:02Z] warmup baseline scatter200k-de (discarded)

/local/data-ssd/stoetzem/thesis/experiments/runs/wikidata-ch7-arena-ab/baseline-scatter200k-de-warm code=200 wall=5.098404s sha=497dacfdffcc71ac2acc3f748140e9d6b27586f7d7b743ccdb98289101fb4ad9 cpu_proc=4.25s cpu_iowait=75.51s cpu_total=79.99s wall=5.0s n=11
Caches dropped successfully (synced, then wrote 1
 to /proc/sys/vm/drop_caches).
/local/data-ssd/stoetzem/thesis/experiments/runs/wikidata-ch7-arena-ab/baseline-scatter200k-de-cold1 code=200 wall=10.862092s sha=497dacfdffcc71ac2acc3f748140e9d6b27586f7d7b743ccdb98289101fb4ad9 cpu_proc=6.73s cpu_iowait=157.52s cpu_total=167.66s wall=10.5s n=22
Caches dropped successfully (synced, then wrote 1
 to /proc/sys/vm/drop_caches).
/local/data-ssd/stoetzem/thesis/experiments/runs/wikidata-ch7-arena-ab/baseline-scatter200k-de-cold2 code=200 wall=10.790099s sha=497dacfdffcc71ac2acc3f748140e9d6b27586f7d7b743ccdb98289101fb4ad9 cpu_proc=6.77s cpu_iowait=157.47s cpu_total=167.75s wall=10.5s n=22
[2026-09-22T01:27:56Z] server stopped (baseline)
[2026-09-22T01:28:06Z] === arm initial-ring (/local/data-ssd/stoetzem/wt/bench/ch7-arena/build/qlever-server)
[2026-09-22T01:28:29Z] server ready pid 937951 (initial-ring)
[2026-09-22T01:28:29Z] warmup initial-ring large-de (discarded)

/local/data-ssd/stoetzem/thesis/experiments/runs/wikidata-ch7-arena-ab/initial-ring-large-de-warm code=200 wall=16.366131s sha=dcd2b1bc77fce98409640e9a234aa92688de7ba54eeff9c0556752e814f8c5e1 cpu_proc=16.80s cpu_iowait=238.13s cpu_total=255.91s wall=16.0s n=33
Caches dropped successfully (synced, then wrote 1
 to /proc/sys/vm/drop_caches).
/local/data-ssd/stoetzem/thesis/experiments/runs/wikidata-ch7-arena-ab/initial-ring-large-de-cold1 code=200 wall=23.617709s sha=dcd2b1bc77fce98409640e9a234aa92688de7ba54eeff9c0556752e814f8c5e1 cpu_proc=23.80s cpu_iowait=349.96s cpu_total=375.74s wall=23.5s n=48
Caches dropped successfully (synced, then wrote 1
 to /proc/sys/vm/drop_caches).
/local/data-ssd/stoetzem/thesis/experiments/runs/wikidata-ch7-arena-ab/initial-ring-large-de-cold2 code=200 wall=24.321698s sha=dcd2b1bc77fce98409640e9a234aa92688de7ba54eeff9c0556752e814f8c5e1 cpu_proc=24.26s cpu_iowait=357.81s cpu_total=383.74s wall=24.0s n=49
[2026-09-22T01:30:13Z] warmup initial-ring scatter200k-de (discarded)

/local/data-ssd/stoetzem/thesis/experiments/runs/wikidata-ch7-arena-ab/initial-ring-scatter200k-de-warm code=200 wall=5.348415s sha=497dacfdffcc71ac2acc3f748140e9d6b27586f7d7b743ccdb98289101fb4ad9 cpu_proc=4.22s cpu_iowait=75.64s cpu_total=80.00s wall=5.0s n=11
Caches dropped successfully (synced, then wrote 1
 to /proc/sys/vm/drop_caches).
/local/data-ssd/stoetzem/thesis/experiments/runs/wikidata-ch7-arena-ab/initial-ring-scatter200k-de-cold1 code=200 wall=11.293759s sha=497dacfdffcc71ac2acc3f748140e9d6b27586f7d7b743ccdb98289101fb4ad9 cpu_proc=7.41s cpu_iowait=164.08s cpu_total=175.71s wall=11.0s n=23
Caches dropped successfully (synced, then wrote 1
 to /proc/sys/vm/drop_caches).
/local/data-ssd/stoetzem/thesis/experiments/runs/wikidata-ch7-arena-ab/initial-ring-scatter200k-de-cold2 code=200 wall=11.285626s sha=497dacfdffcc71ac2acc3f748140e9d6b27586f7d7b743ccdb98289101fb4ad9 cpu_proc=7.25s cpu_iowait=165.28s cpu_total=175.75s wall=11.0s n=23
[2026-09-22T01:31:09Z] server stopped (initial-ring)
[2026-09-22T01:31:09Z] A/B complete
