2026-10-07 22:12:33.110 - INFO: [1mQLever server CIKM-3084-g022c22472, compiled on Wed Oct  7 18:21:17 UTC 2026 using git hash 022c224[22m
2026-10-07 22:12:33.110 - INFO: Runtime parameter set from the command line: vocabulary-internal-rank-lookup=true
2026-10-07 22:12:33.110 - INFO: Runtime parameter set from the command line: vocabulary-internal-rank-prefetch-distance=16
2026-10-07 22:12:33.110 - INFO: Runtime parameter set from the command line: vocabulary-internal-rank-hugepages=true
2026-10-07 22:12:33.110 - INFO: Cleanup of previous index directories after each rebuild enabled (--rebuild-keep-previous-index-dirs original-and-most-recent)
2026-10-07 22:12:33.111 - INFO: The git hash used to build this index was "65f84b4"
2026-10-07 22:12:33.111 - INFO: Reading vocabulary from file /local/data-ssd/stoetzem/wikidata/wikidata.vocabulary.words ...
2026-10-07 22:12:46.827 - INFO: Done, number of words: 1,580,300,680
2026-10-07 22:12:46.827 - INFO: Number of words in internal vocabulary (these are also part of the external vocabulary): 777,658,536
2026-10-07 22:12:48.284 - INFO: Rank directory of the internal vocabulary: 225,757,248 bytes for 1,580,300,680 vocabulary indices
2026-10-07 22:12:48.639 - INFO: Huge pages for the rank directory requested (transparent huge pages: madvise): 226492416 of 226,492,416 allocated bytes on huge pages
2026-10-07 22:12:48.719 - INFO: Registered PSO permutation: #relations = 10,100, #blocks = 225,155, #triples = 6,983,973,847
2026-10-07 22:12:48.819 - INFO: Registered PSO permutation: #relations = 13,566, #blocks = 264,339, #triples = 8,220,417,022
2026-10-07 22:12:48.893 - INFO: Registered POS permutation: #relations = 10,100, #blocks = 225,155, #triples = 6,983,973,847
2026-10-07 22:12:48.992 - INFO: Registered POS permutation: #relations = 13,566, #blocks = 264,339, #triples = 8,220,417,022
2026-10-07 22:12:49.077 - INFO: Registered OPS permutation: #relations = 1,683,253,489, #blocks = 222,728, #triples = 8,220,417,022
2026-10-07 22:12:49.162 - INFO: Registered OSP permutation: #relations = 1,683,253,489, #blocks = 222,728, #triples = 8,220,417,022
2026-10-07 22:12:49.220 - INFO: Registered SPO permutation: #relations = 252,534,289, #blocks = 175,741, #triples = 8,220,417,022
2026-10-07 22:12:49.276 - INFO: Registered SOP permutation: #relations = 252,534,289, #blocks = 175,741, #triples = 8,220,417,022
2026-10-07 22:12:49.276 - INFO: Reading patterns from file /local/data-ssd/stoetzem/wikidata/wikidata.index.patterns ...
2026-10-07 22:12:50.696 - INFO: Sorting random result tables to estimate the sorting performance of this machine ...
2026-10-07 22:12:58.865 - INFO: Initializing server ...
2026-10-07 22:12:58.865 - INFO: ExportEngineV2 serialize posts onto queryThreadPool_ (8 threads); no extra V2 pool. Helpers stop admitting when another query is registered.
2026-10-07 22:12:58.865 - INFO: No access token required for restricted API calls
2026-10-07 22:12:58.865 - INFO: The server is ready, listening for requests on port 7015 ...
2026-10-07 22:12:58.924 - INFO: 
2026-10-07 22:12:58.924 - INFO: Request received via POST, content type "application/x-www-form-urlencoded"
2026-10-07 22:12:58.927 - INFO: Processing the following SPARQL query:
# Tier H-vocab — English labels, large (SELECT companion)
# Same WHERE clause as H-vocab-label-large.rq, but SELECT ?entity ?label
# instead of CONSTRUCT. Used by run 124 (export term-lookup perf profile)
# to attribute SELECT export CPU between vocabulary lookup and formatting.
PREFIX wd: <http://www.wikidata.org/entity/>
PREFIX wdt: <http://www.wikidata.org/prop/direct/>
PREFIX rdfs: <http://www.w3.org/2000/01/rdf-schema#>

SELECT ?entity ?label
WHERE {
  ?entity wdt:P31 wd:Q5 .
  ?entity rdfs:label ?label .
  FILTER(LANG(?label) = "en")
}

2026-10-07 22:12:58.927 - INFO: Requested media types of the result are: "text/csv"
2026-10-07 22:12:58.931 - INFO: Query planning done in 6 ms
2026-10-07 22:12:58.931 - INFO: ExportEngine: FastStreamingV2 [Reason: Fast-Path V2 selected (eligible export query with explicit or default opt-in)]
2026-10-07 22:12:58.931 - INFO: Using ExportEngineV2 for text/csv export
2026-10-07 22:12:58.931 - INFO: Result has unknown size (not computed yet)
2026-10-07 22:12:58.931 - INFO: ExportEngineV2 streaming lazy result blocks to morsels on queryThreadPool_ (no extra V2 threads)
2026-10-07 22:13:00.914 - INFO: Done processing query and sending result, total time was 1,989 ms
2026-10-07 22:13:00.933 - INFO: 
2026-10-07 22:13:00.933 - INFO: Request received via GET, no content type specified
2026-10-07 22:13:00.933 - INFO: Processing command "cache-stats": get cache statistics
2026-10-07 22:13:00.951 - INFO: 
2026-10-07 22:13:00.951 - INFO: Request received via GET, no content type specified
2026-10-07 22:13:00.951 - INFO: Processing command "clear-cache": clear the cache (unpinned elements only)
2026-10-07 22:13:00.969 - INFO: 
2026-10-07 22:13:00.969 - INFO: Request received via GET, no content type specified
2026-10-07 22:13:00.969 - INFO: Processing command "cache-stats": get cache statistics
2026-10-07 22:13:00.988 - INFO: 
2026-10-07 22:13:00.988 - INFO: Request received via POST, content type "application/x-www-form-urlencoded"
2026-10-07 22:13:00.988 - INFO: Processing the following SPARQL query:
# Tier H-vocab — English labels, large (SELECT companion)
# Same WHERE clause as H-vocab-label-large.rq, but SELECT ?entity ?label
# instead of CONSTRUCT. Used by run 124 (export term-lookup perf profile)
# to attribute SELECT export CPU between vocabulary lookup and formatting.
PREFIX wd: <http://www.wikidata.org/entity/>
PREFIX wdt: <http://www.wikidata.org/prop/direct/>
PREFIX rdfs: <http://www.w3.org/2000/01/rdf-schema#>

SELECT ?entity ?label
WHERE {
  ?entity wdt:P31 wd:Q5 .
  ?entity rdfs:label ?label .
  FILTER(LANG(?label) = "en")
}

2026-10-07 22:13:00.988 - INFO: Requested media types of the result are: "text/csv"
2026-10-07 22:13:00.989 - INFO: Query planning done in 0 ms
2026-10-07 22:13:00.989 - INFO: ExportEngine: FastStreamingV2 [Reason: Fast-Path V2 selected (eligible export query with explicit or default opt-in)]
2026-10-07 22:13:00.989 - INFO: Using ExportEngineV2 for text/csv export
2026-10-07 22:13:00.989 - INFO: Result has unknown size (not computed yet)
2026-10-07 22:13:00.989 - INFO: ExportEngineV2 streaming lazy result blocks to morsels on queryThreadPool_ (no extra V2 threads)
2026-10-07 22:13:03.136 - INFO: Done processing query and sending result, total time was 2,148 ms
2026-10-07 22:13:03.157 - INFO: 
2026-10-07 22:13:03.158 - INFO: Request received via GET, no content type specified
2026-10-07 22:13:03.158 - INFO: Processing command "clear-cache": clear the cache (unpinned elements only)
2026-10-07 22:13:03.179 - INFO: 
2026-10-07 22:13:03.179 - INFO: Request received via POST, content type "application/x-www-form-urlencoded"
2026-10-07 22:13:03.179 - INFO: Processing the following SPARQL query:
# Tier H-vocab — English labels, large (SELECT companion)
# Same WHERE clause as H-vocab-label-large.rq, but SELECT ?entity ?label
# instead of CONSTRUCT. Used by run 124 (export term-lookup perf profile)
# to attribute SELECT export CPU between vocabulary lookup and formatting.
PREFIX wd: <http://www.wikidata.org/entity/>
PREFIX wdt: <http://www.wikidata.org/prop/direct/>
PREFIX rdfs: <http://www.w3.org/2000/01/rdf-schema#>

SELECT ?entity ?label
WHERE {
  ?entity wdt:P31 wd:Q5 .
  ?entity rdfs:label ?label .
  FILTER(LANG(?label) = "en")
}

2026-10-07 22:13:03.179 - INFO: Requested media types of the result are: "text/csv"
2026-10-07 22:13:03.180 - INFO: Query planning done in 0 ms
2026-10-07 22:13:03.180 - INFO: ExportEngine: FastStreamingV2 [Reason: Fast-Path V2 selected (eligible export query with explicit or default opt-in)]
2026-10-07 22:13:03.180 - INFO: Using ExportEngineV2 for text/csv export
2026-10-07 22:13:03.180 - INFO: Result has unknown size (not computed yet)
2026-10-07 22:13:03.180 - INFO: ExportEngineV2 streaming lazy result blocks to morsels on queryThreadPool_ (no extra V2 threads)
2026-10-07 22:13:05.062 - INFO: Done processing query and sending result, total time was 1,883 ms
2026-10-07 22:13:05.081 - INFO: 
2026-10-07 22:13:05.081 - INFO: Request received via GET, no content type specified
2026-10-07 22:13:05.081 - INFO: Processing command "clear-cache": clear the cache (unpinned elements only)
2026-10-07 22:13:05.098 - INFO: 
2026-10-07 22:13:05.098 - INFO: Request received via POST, content type "application/x-www-form-urlencoded"
2026-10-07 22:13:05.099 - INFO: Processing the following SPARQL query:
# Tier H-vocab — English labels, large (SELECT companion)
# Same WHERE clause as H-vocab-label-large.rq, but SELECT ?entity ?label
# instead of CONSTRUCT. Used by run 124 (export term-lookup perf profile)
# to attribute SELECT export CPU between vocabulary lookup and formatting.
PREFIX wd: <http://www.wikidata.org/entity/>
PREFIX wdt: <http://www.wikidata.org/prop/direct/>
PREFIX rdfs: <http://www.w3.org/2000/01/rdf-schema#>

SELECT ?entity ?label
WHERE {
  ?entity wdt:P31 wd:Q5 .
  ?entity rdfs:label ?label .
  FILTER(LANG(?label) = "en")
}

2026-10-07 22:13:05.099 - INFO: Requested media types of the result are: "text/csv"
2026-10-07 22:13:05.099 - INFO: Query planning done in 0 ms
2026-10-07 22:13:05.099 - INFO: ExportEngine: FastStreamingV2 [Reason: Fast-Path V2 selected (eligible export query with explicit or default opt-in)]
2026-10-07 22:13:05.099 - INFO: Using ExportEngineV2 for text/csv export
2026-10-07 22:13:05.099 - INFO: Result has unknown size (not computed yet)
2026-10-07 22:13:05.099 - INFO: ExportEngineV2 streaming lazy result blocks to morsels on queryThreadPool_ (no extra V2 threads)
2026-10-07 22:13:07.052 - INFO: Done processing query and sending result, total time was 1,953 ms
2026-10-07 22:13:07.072 - INFO: 
2026-10-07 22:13:07.072 - INFO: Request received via GET, no content type specified
2026-10-07 22:13:07.072 - INFO: Processing command "clear-cache": clear the cache (unpinned elements only)
2026-10-07 22:13:07.089 - INFO: 
2026-10-07 22:13:07.089 - INFO: Request received via POST, content type "application/x-www-form-urlencoded"
2026-10-07 22:13:07.090 - INFO: Processing the following SPARQL query:
# Tier H-vocab — English labels, large (SELECT companion)
# Same WHERE clause as H-vocab-label-large.rq, but SELECT ?entity ?label
# instead of CONSTRUCT. Used by run 124 (export term-lookup perf profile)
# to attribute SELECT export CPU between vocabulary lookup and formatting.
PREFIX wd: <http://www.wikidata.org/entity/>
PREFIX wdt: <http://www.wikidata.org/prop/direct/>
PREFIX rdfs: <http://www.w3.org/2000/01/rdf-schema#>

SELECT ?entity ?label
WHERE {
  ?entity wdt:P31 wd:Q5 .
  ?entity rdfs:label ?label .
  FILTER(LANG(?label) = "en")
}

2026-10-07 22:13:07.090 - INFO: Requested media types of the result are: "text/csv"
2026-10-07 22:13:07.090 - INFO: Query planning done in 0 ms
2026-10-07 22:13:07.090 - INFO: ExportEngine: FastStreamingV2 [Reason: Fast-Path V2 selected (eligible export query with explicit or default opt-in)]
2026-10-07 22:13:07.090 - INFO: Using ExportEngineV2 for text/csv export
2026-10-07 22:13:07.090 - INFO: Result has unknown size (not computed yet)
2026-10-07 22:13:07.090 - INFO: ExportEngineV2 streaming lazy result blocks to morsels on queryThreadPool_ (no extra V2 threads)
2026-10-07 22:13:09.079 - INFO: Done processing query and sending result, total time was 1,989 ms
2026-10-07 22:13:09.098 - INFO: 
2026-10-07 22:13:09.098 - INFO: Request received via GET, no content type specified
2026-10-07 22:13:09.098 - INFO: Processing command "clear-cache": clear the cache (unpinned elements only)
2026-10-07 22:13:09.116 - INFO: 
2026-10-07 22:13:09.116 - INFO: Request received via POST, content type "application/x-www-form-urlencoded"
2026-10-07 22:13:09.116 - INFO: Processing the following SPARQL query:
# Tier H-vocab — English labels, large (SELECT companion)
# Same WHERE clause as H-vocab-label-large.rq, but SELECT ?entity ?label
# instead of CONSTRUCT. Used by run 124 (export term-lookup perf profile)
# to attribute SELECT export CPU between vocabulary lookup and formatting.
PREFIX wd: <http://www.wikidata.org/entity/>
PREFIX wdt: <http://www.wikidata.org/prop/direct/>
PREFIX rdfs: <http://www.w3.org/2000/01/rdf-schema#>

SELECT ?entity ?label
WHERE {
  ?entity wdt:P31 wd:Q5 .
  ?entity rdfs:label ?label .
  FILTER(LANG(?label) = "en")
}

2026-10-07 22:13:09.116 - INFO: Requested media types of the result are: "text/csv"
2026-10-07 22:13:09.117 - INFO: Query planning done in 0 ms
2026-10-07 22:13:09.117 - INFO: ExportEngine: FastStreamingV2 [Reason: Fast-Path V2 selected (eligible export query with explicit or default opt-in)]
2026-10-07 22:13:09.117 - INFO: Using ExportEngineV2 for text/csv export
2026-10-07 22:13:09.117 - INFO: Result has unknown size (not computed yet)
2026-10-07 22:13:09.117 - INFO: ExportEngineV2 streaming lazy result blocks to morsels on queryThreadPool_ (no extra V2 threads)
2026-10-07 22:13:10.897 - INFO: Done processing query and sending result, total time was 1,781 ms
2026-10-07 22:13:10.916 - INFO: 
2026-10-07 22:13:10.916 - INFO: Request received via GET, no content type specified
2026-10-07 22:13:10.916 - INFO: Processing command "clear-cache": clear the cache (unpinned elements only)
2026-10-07 22:13:10.934 - INFO: 
2026-10-07 22:13:10.934 - INFO: Request received via POST, content type "application/x-www-form-urlencoded"
2026-10-07 22:13:10.935 - INFO: Processing the following SPARQL query:
# Tier H-vocab — English labels, large (SELECT companion)
# Same WHERE clause as H-vocab-label-large.rq, but SELECT ?entity ?label
# instead of CONSTRUCT. Used by run 124 (export term-lookup perf profile)
# to attribute SELECT export CPU between vocabulary lookup and formatting.
PREFIX wd: <http://www.wikidata.org/entity/>
PREFIX wdt: <http://www.wikidata.org/prop/direct/>
PREFIX rdfs: <http://www.w3.org/2000/01/rdf-schema#>

SELECT ?entity ?label
WHERE {
  ?entity wdt:P31 wd:Q5 .
  ?entity rdfs:label ?label .
  FILTER(LANG(?label) = "en")
}

2026-10-07 22:13:10.935 - INFO: Requested media types of the result are: "text/csv"
2026-10-07 22:13:10.935 - INFO: Query planning done in 0 ms
2026-10-07 22:13:10.935 - INFO: ExportEngine: FastStreamingV2 [Reason: Fast-Path V2 selected (eligible export query with explicit or default opt-in)]
2026-10-07 22:13:10.935 - INFO: Using ExportEngineV2 for text/csv export
2026-10-07 22:13:10.935 - INFO: Result has unknown size (not computed yet)
2026-10-07 22:13:10.935 - INFO: ExportEngineV2 streaming lazy result blocks to morsels on queryThreadPool_ (no extra V2 threads)
2026-10-07 22:13:12.830 - INFO: Done processing query and sending result, total time was 1,896 ms
2026-10-07 22:13:12.849 - INFO: 
2026-10-07 22:13:12.849 - INFO: Request received via GET, no content type specified
2026-10-07 22:13:12.849 - INFO: Processing command "cache-stats": get cache statistics
