2026-07-30 22:53:55.422 - INFO: [1mQLever server v0.5.50-58-gbdd1a6b9, compiled on Thu Jul 30 22:03:57 CEST 2026 using git hash bdd1a6b[22m
2026-07-30 22:53:55.423 - INFO: The git hash used to build this index was "8c99fe"
2026-07-30 22:53:55.423 - INFO: Reading vocabulary from file /home/userNoPriv/code/qlever/qlever-indices/dblp/dblp.vocabulary.words ...
2026-07-30 22:53:55.437 - INFO: Done, number of words: 409,446,926
2026-07-30 22:53:55.437 - INFO: Number of words in internal vocabulary (these are also part of the external vocabulary): 409,457
2026-07-30 22:53:55.448 - INFO: Registered PSO permutation: #relations = 6, #blocks = 7,515, #triples = 234,800,838
2026-07-30 22:53:55.473 - INFO: Registered PSO permutation: #relations = 96, #blocks = 46,913, #triples = 1,464,719,701
2026-07-30 22:53:55.476 - INFO: Registered POS permutation: #relations = 6, #blocks = 7,515, #triples = 234,800,838
2026-07-30 22:53:55.500 - INFO: Registered POS permutation: #relations = 96, #blocks = 46,913, #triples = 1,464,719,701
2026-07-30 22:53:55.521 - INFO: Registered OPS permutation: #relations = 318,850,904, #blocks = 39,014, #triples = 1,464,719,701
2026-07-30 22:53:55.541 - INFO: Registered OSP permutation: #relations = 318,850,904, #blocks = 39,014, #triples = 1,464,719,701
2026-07-30 22:53:55.554 - INFO: Registered SPO permutation: #relations = 234,800,427, #blocks = 31,251, #triples = 1,464,719,701
2026-07-30 22:53:55.566 - INFO: Registered SOP permutation: #relations = 234,800,427, #blocks = 31,251, #triples = 1,464,719,701
2026-07-30 22:53:55.566 - INFO: Reading patterns from file /home/userNoPriv/code/qlever/qlever-indices/dblp/dblp.index.patterns ...
2026-07-30 22:53:55.567 - INFO: Sorting random result tables to estimate the sorting performance of this machine ...
2026-07-30 22:54:04.179 - INFO: Initializing server ...
2026-07-30 22:54:04.179 - INFO: No access token required for restricted API calls
2026-07-30 22:54:04.179 - INFO: The server is ready, listening for requests on port 7015 ...
2026-07-30 22:54:04.220 - INFO: 
2026-07-30 22:54:04.220 - INFO: Request received via GET, no content type specified
2026-07-30 22:54:04.220 - INFO: Processing command "cache-stats": get cache statistics
2026-07-30 22:54:04.231 - INFO: 
2026-07-30 22:54:04.231 - INFO: Request received via POST, content type "application/x-www-form-urlencoded"
2026-07-30 22:54:04.234 - INFO: Processing the following SPARQL query:
# Tier H — dedup-heavy
# Goal: exercise CONSTRUCT result deduplication. A paper with multiple
# signatures produces repeated (?paper ?p ?o) rows through this join.
PREFIX dblp: <https://dblp.org/rdf/schema#>

CONSTRUCT { ?paper ?p ?o }
WHERE {
  ?paper a dblp:Publication ;
         dblp:publishedInStream <https://dblp.org/streams/conf/stoc> ;
         dblp:hasSignature ?sig .
  ?sig dblp:signatureCreator ?creator .
  ?paper ?p ?o .
}

2026-07-30 22:54:04.234 - INFO: Requested media types of the result are: "text/turtle"
2026-07-30 22:54:04.240 - INFO: Query planning done in 9 ms
2026-07-30 22:54:04.268 - INFO: Result has unknown size (not computed yet)
2026-07-30 22:54:07.160 - INFO: Done processing query and sending result, total time was 2,928 ms
2026-07-30 22:54:07.167 - INFO: 
2026-07-30 22:54:07.167 - INFO: Request received via GET, no content type specified
2026-07-30 22:54:07.167 - INFO: Processing command "cache-stats": get cache statistics
