2026-08-10 23:55:57.725 - INFO: [1mQLever server v0.5.50-82-g65f84b43, compiled on Mon Aug 10 19:10:29 CEST 2026 using git hash 65f84b4[22m
2026-08-10 23:55:57.725 - INFO: Cleanup of previous index directories after each rebuild enabled (--rebuild-keep-previous-index-dirs original-and-most-recent)
2026-08-10 23:55:57.726 - INFO: The git hash used to build this index was "65f84b4"
2026-08-10 23:55:57.726 - INFO: Reading vocabulary from file /local/data-ssd/stoetzem/dblp/dblp.vocabulary.words ...
2026-08-10 23:55:57.740 - INFO: Done, number of words: 446,944,668
2026-08-10 23:55:57.740 - INFO: Number of words in internal vocabulary (these are also part of the external vocabulary): 446,955
2026-08-10 23:55:57.747 - INFO: Registered PSO permutation: #relations = 6, #blocks = 8,187, #triples = 255,805,025
2026-08-10 23:55:57.772 - INFO: Registered PSO permutation: #relations = 96, #blocks = 51,023, #triples = 1,593,245,022
2026-08-10 23:55:57.775 - INFO: Registered POS permutation: #relations = 6, #blocks = 8,187, #triples = 255,805,025
2026-08-10 23:55:57.799 - INFO: Registered POS permutation: #relations = 96, #blocks = 51,023, #triples = 1,593,245,022
2026-08-10 23:55:57.819 - INFO: Registered OPS permutation: #relations = 345,357,897, #blocks = 42,492, #triples = 1,593,245,022
2026-08-10 23:55:57.839 - INFO: Registered OSP permutation: #relations = 345,357,897, #blocks = 42,492, #triples = 1,593,245,022
2026-08-10 23:55:57.851 - INFO: Registered SPO permutation: #relations = 255,804,614, #blocks = 33,993, #triples = 1,593,245,022
2026-08-10 23:55:57.862 - INFO: Registered SOP permutation: #relations = 255,804,614, #blocks = 33,993, #triples = 1,593,245,022
2026-08-10 23:55:57.862 - INFO: Reading patterns from file /local/data-ssd/stoetzem/dblp/dblp.index.patterns ...
2026-08-10 23:55:57.863 - INFO: Sorting random result tables to estimate the sorting performance of this machine ...
2026-08-10 23:56:05.855 - INFO: Initializing server ...
2026-08-10 23:56:05.855 - INFO: No access token required for restricted API calls
2026-08-10 23:56:05.855 - INFO: The server is ready, listening for requests on port 7026 ...
2026-08-10 23:56:06.020 - INFO: 
2026-08-10 23:56:06.020 - INFO: Request received via POST, content type "application/x-www-form-urlencoded"
2026-08-10 23:56:06.023 - INFO: Processing the following SPARQL query:
# Tier H — dedup-heavy
# Goal: exercise CONSTRUCT result deduplication. A paper with multiple
# signatures produces repeated (?paper ?p ?o) rows through this join.
PREFIX dblp: <https://dblp.org/rdf/schema#>

CONSTRUCT { ?paper ?p ?o }
WHERE {
  ?paper a dblp:Publication ;
         dblp:publishedInStream <https://dblp.org/streams/conf/stoc> ;
         dblp:hasSignature ?sig .
  ?sig dblp:signatureCreator ?creator .
  ?paper ?p ?o .
}

2026-08-10 23:56:06.023 - INFO: Requested media types of the result are: "text/turtle"
2026-08-10 23:56:06.023 - INFO: CONSTRUCT_REQUEST_STAGE_ENTER name=planning elapsed_us=2,820
2026-08-10 23:56:06.040 - INFO: Query planning done in 19 ms
2026-08-10 23:56:06.040 - INFO: CONSTRUCT_REQUEST_STAGE_ENTER name=response_stream elapsed_us=20,055
2026-08-10 23:56:06.058 - INFO: Result has unknown size (not computed yet)
2026-08-10 23:56:06.058 - INFO: CONSTRUCT_EXPORT_DEDUPLICATOR_CONSTRUCTION_BEGIN mode=none
2026-08-10 23:56:06.058 - INFO: CONSTRUCT_EXPORT_DEDUPLICATOR_CONSTRUCTION_END mode=none enabled=false
2026-08-10 23:56:07.774 - INFO: CONSTRUCT_EXPORT_STAGE_SUMMARY construct_stream_us=1,715,776 setup_us=13 batch_evaluation_us=1,599,697 instantiation_deduplication_us=19,593 batches=383 input_rows=390,854 candidate_triples=390,854 emitted_triples=390,854
2026-08-10 23:56:07.784 - INFO: CONSTRUCT_REQUEST_STAGE_SUMMARY planning_begin_us=2,820 planning_end_us=20,054 planning_us=17,234 response_stream_begin_us=20,055 response_stream_end_us=1,763,310 response_stream_us=1,743,255 root_execution_us=40,446 non_root_stream_us=1,702,809 server_request_us=1,763,310
2026-08-10 23:56:07.784 - INFO: Done processing query and sending result, total time was 1,763 ms
2026-08-10 23:56:07.802 - INFO: 
2026-08-10 23:56:07.802 - INFO: Request received via GET, no content type specified
2026-08-10 23:56:07.802 - INFO: Processing command "cache-stats": get cache statistics
2026-08-10 23:56:07.821 - INFO: 
2026-08-10 23:56:07.821 - INFO: Request received via POST, content type "application/x-www-form-urlencoded"
2026-08-10 23:56:07.821 - INFO: Processing the following SPARQL query:
# Tier H — dedup-heavy
# Goal: exercise CONSTRUCT result deduplication. A paper with multiple
# signatures produces repeated (?paper ?p ?o) rows through this join.
PREFIX dblp: <https://dblp.org/rdf/schema#>

CONSTRUCT { ?paper ?p ?o }
WHERE {
  ?paper a dblp:Publication ;
         dblp:publishedInStream <https://dblp.org/streams/conf/stoc> ;
         dblp:hasSignature ?sig .
  ?sig dblp:signatureCreator ?creator .
  ?paper ?p ?o .
}

2026-08-10 23:56:07.821 - INFO: Requested media types of the result are: "text/turtle"
2026-08-10 23:56:07.821 - INFO: CONSTRUCT_REQUEST_STAGE_ENTER name=planning elapsed_us=292
2026-08-10 23:56:07.822 - INFO: Query planning done in 1 ms
2026-08-10 23:56:07.822 - INFO: CONSTRUCT_REQUEST_STAGE_ENTER name=response_stream elapsed_us=1,829
2026-08-10 23:56:07.834 - INFO: Result has unknown size (not computed yet)
2026-08-10 23:56:07.834 - INFO: CONSTRUCT_EXPORT_DEDUPLICATOR_CONSTRUCTION_BEGIN mode=none
2026-08-10 23:56:07.834 - INFO: CONSTRUCT_EXPORT_DEDUPLICATOR_CONSTRUCTION_END mode=none enabled=false
2026-08-10 23:56:08.086 - INFO: CONSTRUCT_EXPORT_STAGE_SUMMARY construct_stream_us=252,221 setup_us=8 batch_evaluation_us=138,992 instantiation_deduplication_us=19,378 batches=383 input_rows=390,854 candidate_triples=390,854 emitted_triples=390,854
2026-08-10 23:56:08.096 - INFO: CONSTRUCT_REQUEST_STAGE_SUMMARY planning_begin_us=292 planning_end_us=1,829 planning_us=1,537 response_stream_begin_us=1,829 response_stream_end_us=275,454 response_stream_us=273,625 root_execution_us=32,148 non_root_stream_us=241,477 server_request_us=275,454
2026-08-10 23:56:08.096 - INFO: Done processing query and sending result, total time was 275 ms
2026-08-10 23:56:08.115 - INFO: 
2026-08-10 23:56:08.115 - INFO: Request received via GET, no content type specified
2026-08-10 23:56:08.115 - INFO: Processing command "cache-stats": get cache statistics
