2026-09-28 23:05:13.277 - INFO: [1mQLever server CIKM-2691-g476247bc2, compiled on Mon Sep 28 18:22:56 UTC 2026 using git hash 476247b[22m
2026-09-28 23:05:13.277 - INFO: Runtime parameter set from the command line: vocabulary-iouring-page-cache-fast-path=false
2026-09-28 23:05:13.277 - INFO: Runtime parameter set from the command line: vocabulary-bench-fadvise-random=false
2026-09-28 23:05:13.277 - INFO: Cleanup of previous index directories after each rebuild enabled (--rebuild-keep-previous-index-dirs original-and-most-recent)
2026-09-28 23:05:13.277 - INFO: The git hash used to build this index was "65f84b4"
2026-09-28 23:05:13.278 - INFO: Reading vocabulary from file /local/data-ssd/stoetzem/qlever-indices/dblp/dblp.vocabulary.words ...
2026-09-28 23:05:13.287 - INFO: Done, number of words: 446,944,668
2026-09-28 23:05:13.287 - INFO: Number of words in internal vocabulary (these are also part of the external vocabulary): 446,955
2026-09-28 23:05:13.292 - INFO: Registered PSO permutation: #relations = 6, #blocks = 8,187, #triples = 255,805,025
2026-09-28 23:05:13.319 - INFO: Registered PSO permutation: #relations = 96, #blocks = 51,023, #triples = 1,593,245,022
2026-09-28 23:05:13.321 - INFO: Registered POS permutation: #relations = 6, #blocks = 8,187, #triples = 255,805,025
2026-09-28 23:05:13.338 - INFO: Registered POS permutation: #relations = 96, #blocks = 51,023, #triples = 1,593,245,022
2026-09-28 23:05:13.354 - INFO: Registered OPS permutation: #relations = 345,357,897, #blocks = 42,492, #triples = 1,593,245,022
2026-09-28 23:05:13.369 - INFO: Registered OSP permutation: #relations = 345,357,897, #blocks = 42,492, #triples = 1,593,245,022
2026-09-28 23:05:13.378 - INFO: Registered SPO permutation: #relations = 255,804,614, #blocks = 33,993, #triples = 1,593,245,022
2026-09-28 23:05:13.386 - INFO: Registered SOP permutation: #relations = 255,804,614, #blocks = 33,993, #triples = 1,593,245,022
2026-09-28 23:05:13.386 - INFO: Reading patterns from file /local/data-ssd/stoetzem/qlever-indices/dblp/dblp.index.patterns ...
2026-09-28 23:05:13.386 - INFO: Sorting random result tables to estimate the sorting performance of this machine ...
2026-09-28 23:05:21.350 - INFO: Initializing server ...
2026-09-28 23:05:21.350 - INFO: No access token required for restricted API calls
2026-09-28 23:05:21.351 - INFO: The server is ready, listening for requests on port 7015 ...
2026-09-28 23:05:21.629 - INFO: 
2026-09-28 23:05:21.629 - INFO: Request received via POST, content type "application/x-www-form-urlencoded"
2026-09-28 23:05:21.634 - INFO: Processing the following SPARQL query:
# Tier H — size-sweep
# Goal: isolate export cost from query-planning cost. Raise the year bound
# across runs, for example 1970, 1990, 2010, and 2023.
PREFIX dblp: <https://dblp.org/rdf/schema#>

CONSTRUCT { ?s ?p ?o }
WHERE {
  ?s a dblp:Publication ;
     dblp:yearOfPublication ?year ;
     ?p ?o .
  FILTER(?year <= "1970"^^<http://www.w3.org/2001/XMLSchema#gYear>)
}

2026-09-28 23:05:21.634 - INFO: Requested media types of the result are: "text/turtle"
2026-09-28 23:05:21.636 - INFO: Query planning done in 6 ms
2026-09-28 23:05:21.671 - INFO: Result has unknown size (not computed yet)
FASTPATH_STATS calls=210 offsetPairs=30162 offsetPairHits=0 offsetPairsRing=30162 offsetRuns=0 offsetRunHits=0 words=30162 wordHits=0 wordsRing=30162 wordBytes=514039 wordHitBytes=0 preadvCalls=0 preadvFull=0 preadvEagain=0 preadvPartial=0 fadviseCalls=0
FASTPATH_STATS calls=433 offsetPairs=61501 offsetPairHits=0 offsetPairsRing=61501 offsetRuns=0 offsetRunHits=0 words=61249 wordHits=0 wordsRing=61249 wordBytes=1009112 wordHitBytes=0 preadvCalls=0 preadvFull=0 preadvEagain=0 preadvPartial=0 fadviseCalls=0
FASTPATH_STATS calls=633 offsetPairs=90264 offsetPairHits=0 offsetPairsRing=90264 offsetRuns=0 offsetRunHits=0 words=90264 wordHits=0 wordsRing=90264 wordBytes=1514665 wordHitBytes=0 preadvCalls=0 preadvFull=0 preadvEagain=0 preadvPartial=0 fadviseCalls=0
FASTPATH_STATS calls=834 offsetPairs=119787 offsetPairHits=0 offsetPairsRing=119787 offsetRuns=0 offsetRunHits=0 words=119787 wordHits=0 wordsRing=119787 wordBytes=2010697 wordHitBytes=0 preadvCalls=0 preadvFull=0 preadvEagain=0 preadvPartial=0 fadviseCalls=0
2026-09-28 23:05:22.676 - INFO: Done processing query and sending result, total time was 1,046 ms
FASTPATH_STATS calls=984 offsetPairs=142017 offsetPairHits=0 offsetPairsRing=142017 offsetRuns=0 offsetRunHits=0 words=142017 wordHits=0 wordsRing=142017 wordBytes=2421211 wordHitBytes=0 preadvCalls=0 preadvFull=0 preadvEagain=0 preadvPartial=0 fadviseCalls=0
2026-09-28 23:05:22.740 - INFO: 
2026-09-28 23:05:22.740 - INFO: Request received via POST, content type "application/x-www-form-urlencoded"
2026-09-28 23:05:22.741 - INFO: Processing the following SPARQL query:
# Tier H — size-sweep
# Goal: isolate export cost from query-planning cost. Raise the year bound
# across runs, for example 1970, 1990, 2010, and 2023.
PREFIX dblp: <https://dblp.org/rdf/schema#>

CONSTRUCT { ?s ?p ?o }
WHERE {
  ?s a dblp:Publication ;
     dblp:yearOfPublication ?year ;
     ?p ?o .
  FILTER(?year <= "1970"^^<http://www.w3.org/2001/XMLSchema#gYear>)
}

2026-09-28 23:05:22.741 - INFO: Requested media types of the result are: "text/turtle"
2026-09-28 23:05:22.742 - INFO: Query planning done in 1 ms
2026-09-28 23:05:22.774 - INFO: Result has unknown size (not computed yet)
FASTPATH_STATS calls=1101 offsetPairs=158915 offsetPairHits=0 offsetPairsRing=158915 offsetRuns=0 offsetRunHits=0 words=158915 wordHits=0 wordsRing=158915 wordBytes=2702763 wordHitBytes=0 preadvCalls=0 preadvFull=0 preadvEagain=0 preadvPartial=0 fadviseCalls=0
FASTPATH_STATS calls=1297 offsetPairs=186709 offsetPairHits=0 offsetPairsRing=186709 offsetRuns=0 offsetRunHits=0 words=186709 wordHits=0 wordsRing=186709 wordBytes=3172389 wordHitBytes=0 preadvCalls=0 preadvFull=0 preadvEagain=0 preadvPartial=0 fadviseCalls=0
FASTPATH_STATS calls=1524 offsetPairs=218731 offsetPairHits=0 offsetPairsRing=218731 offsetRuns=0 offsetRunHits=0 words=218731 wordHits=0 wordsRing=218731 wordBytes=3698301 wordHitBytes=0 preadvCalls=0 preadvFull=0 preadvEagain=0 preadvPartial=0 fadviseCalls=0
FASTPATH_STATS calls=1733 offsetPairs=249347 offsetPairHits=0 offsetPairsRing=249347 offsetRuns=0 offsetRunHits=0 words=249101 wordHits=0 wordsRing=249101 wordBytes=4223728 wordHitBytes=0 preadvCalls=0 preadvFull=0 preadvEagain=0 preadvPartial=0 fadviseCalls=0
FASTPATH_STATS calls=1926 offsetPairs=277788 offsetPairHits=0 offsetPairsRing=277788 offsetRuns=0 offsetRunHits=0 words=277788 wordHits=0 wordsRing=277788 wordBytes=4708649 wordHitBytes=0 preadvCalls=0 preadvFull=0 preadvEagain=0 preadvPartial=0 fadviseCalls=0
2026-09-28 23:05:23.767 - INFO: Done processing query and sending result, total time was 1,026 ms
