2026-07-30 22:36:06.463 - INFO: [1mQLever server v0.5.50-58-gbdd1a6b9, compiled on Thu Jul 30 22:03:57 CEST 2026 using git hash bdd1a6b[22m
2026-07-30 22:36:06.464 - INFO: The git hash used to build this index was "8c99fe"
2026-07-30 22:36:06.464 - INFO: Reading vocabulary from file /home/userNoPriv/code/qlever/qlever-indices/dblp/dblp.vocabulary.words ...
2026-07-30 22:36:06.479 - INFO: Done, number of words: 409,446,926
2026-07-30 22:36:06.479 - INFO: Number of words in internal vocabulary (these are also part of the external vocabulary): 409,457
2026-07-30 22:36:06.489 - INFO: Registered PSO permutation: #relations = 6, #blocks = 7,515, #triples = 234,800,838
2026-07-30 22:36:06.513 - INFO: Registered PSO permutation: #relations = 96, #blocks = 46,913, #triples = 1,464,719,701
2026-07-30 22:36:06.517 - INFO: Registered POS permutation: #relations = 6, #blocks = 7,515, #triples = 234,800,838
2026-07-30 22:36:06.543 - INFO: Registered POS permutation: #relations = 96, #blocks = 46,913, #triples = 1,464,719,701
2026-07-30 22:36:06.564 - INFO: Registered OPS permutation: #relations = 318,850,904, #blocks = 39,014, #triples = 1,464,719,701
2026-07-30 22:36:06.586 - INFO: Registered OSP permutation: #relations = 318,850,904, #blocks = 39,014, #triples = 1,464,719,701
2026-07-30 22:36:06.600 - INFO: Registered SPO permutation: #relations = 234,800,427, #blocks = 31,251, #triples = 1,464,719,701
2026-07-30 22:36:06.615 - INFO: Registered SOP permutation: #relations = 234,800,427, #blocks = 31,251, #triples = 1,464,719,701
2026-07-30 22:36:06.615 - INFO: Reading patterns from file /home/userNoPriv/code/qlever/qlever-indices/dblp/dblp.index.patterns ...
2026-07-30 22:36:06.616 - INFO: Sorting random result tables to estimate the sorting performance of this machine ...
2026-07-30 22:36:15.434 - INFO: Initializing server ...
2026-07-30 22:36:15.434 - INFO: No access token required for restricted API calls
2026-07-30 22:36:15.434 - INFO: The server is ready, listening for requests on port 7015 ...
2026-07-30 22:36:15.542 - INFO: 
2026-07-30 22:36:15.542 - INFO: Request received via GET, no content type specified
2026-07-30 22:36:15.542 - INFO: Processing command "cache-stats": get cache statistics
2026-07-30 22:36:15.551 - INFO: 
2026-07-30 22:36:15.551 - INFO: Request received via POST, content type "application/x-www-form-urlencoded"
2026-07-30 22:36:15.554 - INFO: Processing the following SPARQL query:
# Tier H — format-heavy
# Goal: stress literal serialization and escaping using publication titles.
PREFIX dblp: <https://dblp.org/rdf/schema#>

CONSTRUCT { ?paper dblp:title ?title }
WHERE {
  ?paper a dblp:Publication ;
         dblp:title ?title .
}
LIMIT 100000

2026-07-30 22:36:15.554 - INFO: Requested media types of the result are: "text/turtle"
2026-07-30 22:36:15.557 - INFO: Query planning done in 5 ms
2026-07-30 22:36:15.557 - INFO: Result has unknown size (not computed yet)
2026-07-30 22:36:21.449 - INFO: Done processing query and sending result, total time was 5,897 ms
2026-07-30 22:36:21.458 - INFO: 
2026-07-30 22:36:21.458 - INFO: Request received via GET, no content type specified
2026-07-30 22:36:21.458 - INFO: Processing command "cache-stats": get cache statistics
