1694270 15:53:44.420055 pread64(5</home/userNoPriv/code/qlever/qlever-indices/dblp/dblp.vocabulary.words.external.offsets>, "7\212\20\227\0\0\0\0C\212\20\227\0\0\0\0", 16, 1689682984) = 16
1694270 15:53:44.420802 pread64(4</home/userNoPriv/code/qlever/qlever-indices/dblp/dblp.vocabulary.words.external>, "-?6CJ\200L\227\244e`\236", 12, 2534443575) = 12
1694270 15:53:44.421741 pread64(5</home/userNoPriv/code/qlever/qlever-indices/dblp/dblp.vocabulary.words.external.offsets>, "\10~\20\227\0\0\0\0\23~\20\227\0\0\0\0", 16, 1689680984) = 16
1694270 15:53:44.422130 pread64(4</home/userNoPriv/code/qlever/qlever-indices/dblp/dblp.vocabulary.words.external>, "-?6CJBWGGG\204", 11, 2534440456) = 11
1694270 15:53:44.422767 pread64(5</home/userNoPriv/code/qlever/qlever-indices/dblp/dblp.vocabulary.words.external.offsets>, "\201\204\20\227\0\0\0\0\215\204\20\227\0\0\0\0", 16, 1689681984) = 16
1694270 15:53:44.422816 pread64(4</home/userNoPriv/code/qlever/qlever-indices/dblp/dblp.vocabulary.words.external>, "-?6CJZEsvF\263q", 12, 2534442113) = 12
1694270 15:53:44.422865 pread64(5</home/userNoPriv/code/qlever/qlever-indices/dblp/dblp.vocabulary.words.external.offsets>, "f\207\20\227\0\0\0\0q\207\20\227\0\0\0\0", 16, 1689682488) = 16
1694270 15:53:44.422910 pread64(4</home/userNoPriv/code/qlever/qlever-indices/dblp/dblp.vocabulary.words.external>, "-?6CJL\355UHQw", 11, 2534442854) = 11
1694270 15:53:44.422956 pread64(5</home/userNoPriv/code/qlever/qlever-indices/dblp/dblp.vocabulary.words.external.offsets>, "\3\206\20\227\0\0\0\0\20\206\20\227\0\0\0\0", 16, 1689682240) = 16
1694270 15:53:44.423003 pread64(4</home/userNoPriv/code/qlever/qlever-indices/dblp/dblp.vocabulary.words.external>, "-?6CJLBfUOM[w", 13, 2534442499) = 13
1694270 15:53:44.423050 pread64(5</home/userNoPriv/code/qlever/qlever-indices/dblp/dblp.vocabulary.words.external.offsets>, "\313\206\20\227\0\0\0\0\325\206\20\227\0\0\0\0", 16, 1689682368) = 16
1694270 15:53:44.423096 pread64(4</home/userNoPriv/code/qlever/qlever-indices/dblp/dblp.vocabulary.words.external>, "-?6CJL\355Ub\252", 10, 2534442699) = 10
1694270 15:53:44.423148 pread64(5</home/userNoPriv/code/qlever/qlever-indices/dblp/dblp.vocabulary.words.external.offsets>, "\36\207\20\227\0\0\0\0(\207\20\227\0\0\0\0", 16, 1689682432) = 16
1694270 15:53:44.423193 pread64(4</home/userNoPriv/code/qlever/qlever-indices/dblp/dblp.vocabulary.words.external>, "-?6CJL\355UQ\270", 10, 2534442782) = 10
1694270 15:53:44.423243 pread64(5</home/userNoPriv/code/qlever/qlever-indices/dblp/dblp.vocabulary.words.external.offsets>, "G\207\20\227\0\0\0\0Q\207\20\227\0\0\0\0", 16, 1689682464) = 16
1694270 15:53:44.423289 pread64(4</home/userNoPriv/code/qlever/qlever-indices/dblp/dblp.vocabulary.words.external>, "-?6CJL\355U_\224", 10, 2534442823) = 10
1694270 15:53:44.423331 pread64(5</home/userNoPriv/code/qlever/qlever-indices/dblp/dblp.vocabulary.words.external.offsets>, "2\207\20\227\0\0\0\0<\207\20\227\0\0\0\0", 16, 1689682448) = 16
1694270 15:53:44.423375 pread64(4</home/userNoPriv/code/qlever/qlever-indices/dblp/dblp.vocabulary.words.external>, "-?6CJL\355U_\236", 10, 2534442802) = 10
1694270 15:53:44.423423 pread64(5</home/userNoPriv/code/qlever/qlever-indices/dblp/dblp.vocabulary.words.external.offsets>, "<\207\20\227\0\0\0\0G\207\20\227\0\0\0\0", 16, 1689682456) = 16
1694270 15:53:44.423469 pread64(4</home/userNoPriv/code/qlever/qlever-indices/dblp/dblp.vocabulary.words.external>, "-?6CJL\355U_g\4", 11, 2534442812) = 11
1694270 15:53:44.423524 pread64(5</home/userNoPriv/code/qlever/qlever-indices/dblp/dblp.vocabulary.words.external.offsets>, "G\207\20\227\0\0\0\0Q\207\20\227\0\0\0\0", 16, 1689682464) = 16
1694270 15:53:44.423567 pread64(4</home/userNoPriv/code/qlever/qlever-indices/dblp/dblp.vocabulary.words.external>, "-?6CJL\355U_\224", 10, 2534442823) = 10
1694270 15:53:44.423624 pread64(5</home/userNoPriv/code/qlever/qlever-indices/dblp/dblp.vocabulary.words.external.offsets>, "\220\256\216\226\0\0\0\0\234\256\216\226\0\0\0\0", 16, 1684210984) = 16
1694270 15:53:44.423665 pread64(4</home/userNoPriv/code/qlever/qlever-indices/dblp/dblp.vocabulary.words.external>, "\21\246\26F!\34 \266xU/\217", 12, 2525933200) = 12
1694270 15:53:44.423727 pread64(5</home/userNoPriv/code/qlever/qlever-indices/dblp/dblp.vocabulary.words.external.offsets>, "\2\272\216\226\0\0\0\0\23\272\216\226\0\0\0\0", 16, 1684212992) = 16
1694270 15:53:44.423773 pread64(4</home/userNoPriv/code/qlever/qlever-indices/dblp/dblp.vocabulary.words.external>, "\21\246\26FY9\201;_\31EE\26\27+\241\177", 17, 2525936130) = 17
1694270 15:53:44.423817 pread64(5</home/userNoPriv/code/qlever/qlever-indices/dblp/dblp.vocabulary.words.external.offsets>, "\200\277\216\226\0\0\0\0\211\277\216\226\0\0\0\0", 16, 1684213992) = 16
1694270 15:53:44.423859 pread64(4</home/userNoPriv/code/qlever/qlever-indices/dblp/dblp.vocabulary.words.external>, "\21\246\26F'[\336\30\17", 9, 2525937536) = 9
1694270 15:53:44.423901 pread64(5</home/userNoPriv/code/qlever/qlever-indices/dblp/dblp.vocabulary.words.external.offsets>, "N\302\216\226\0\0\0\0Y\302\216\226\0\0\0\0", 16, 1684214496) = 16
1694270 15:53:44.423949 pread64(4</home/userNoPriv/code/qlever/qlever-indices/dblp/dblp.vocabulary.words.external>, "\21\246\26F't;?+3\0", 11, 2525938254) = 11
1694270 15:53:44.423993 pread64(5</home/userNoPriv/code/qlever/qlever-indices/dblp/dblp.vocabulary.words.external.offsets>, "\255\303\216\226\0\0\0\0\277\303\216\226\0\0\0\0", 16, 1684214744) = 16
1694270 15:53:44.424037 pread64(4</home/userNoPriv/code/qlever/qlever-indices/dblp/dblp.vocabulary.words.external>, "\21\246\26F'`\33\242\35xz,h\32/\30\301\270", 18, 2525938605) = 18
1694270 15:53:44.424084 pread64(5</home/userNoPriv/code/qlever/qlever-indices/dblp/dblp.vocabulary.words.external.offsets>, "\10\303\216\226\0\0\0\0\24\303\216\226\0\0\0\0", 16, 1684214624) = 16
1694270 15:53:44.424131 pread64(4</home/userNoPriv/code/qlever/qlever-indices/dblp/dblp.vocabulary.words.external>, "\21\246\26F'tM\32#\30A\270", 12, 2525938440) = 12
1694270 15:53:44.424174 pread64(5</home/userNoPriv/code/qlever/qlever-indices/dblp/dblp.vocabulary.words.external.offsets>, "a\303\216\226\0\0\0\0l\303\216\226\0\0\0\0", 16, 1684214688) = 16
1694270 15:53:44.424217 pread64(4</home/userNoPriv/code/qlever/qlever-indices/dblp/dblp.vocabulary.words.external>, "\21\246\26F't%#/\361\177", 11, 2525938529) = 11
1694270 15:53:44.424266 pread64(5</home/userNoPriv/code/qlever/qlever-indices/dblp/dblp.vocabulary.words.external.offsets>, "4\303\216\226\0\0\0\0A\303\216\226\0\0\0\0", 16, 1684214656) = 16
1694270 15:53:44.424312 pread64(4</home/userNoPriv/code/qlever/qlever-indices/dblp/dblp.vocabulary.words.external>, "\21\246\26F't%]\0351\33\30\222", 13, 2525938484) = 13
1694270 15:53:44.424363 pread64(5</home/userNoPriv/code/qlever/qlever-indices/dblp/dblp.vocabulary.words.external.offsets>, "\35\303\216\226\0\0\0\0&\303\216\226\0\0\0\0", 16, 1684214640) = 16
1694270 15:53:44.424417 pread64(4</home/userNoPriv/code/qlever/qlever-indices/dblp/dblp.vocabulary.words.external>, "\21\246\26F't%3\2", 9, 2525938461) = 9
1694270 15:53:44.424465 pread64(5</home/userNoPriv/code/qlever/qlever-indices/dblp/dblp.vocabulary.words.external.offsets>, "\24\303\216\226\0\0\0\0\35\303\216\226\0\0\0\0", 16, 1684214632) = 16
1694270 15:53:44.424519 pread64(4</home/userNoPriv/code/qlever/qlever-indices/dblp/dblp.vocabulary.words.external>, "\21\246\26F't%3v", 9, 2525938452) = 9
1694270 15:53:44.424567 pread64(5</home/userNoPriv/code/qlever/qlever-indices/dblp/dblp.vocabulary.words.external.offsets>, "\24\303\216\226\0\0\0\0\35\303\216\226\0\0\0\0", 16, 1684214632) = 16
1694270 15:53:44.424609 pread64(4</home/userNoPriv/code/qlever/qlever-indices/dblp/dblp.vocabulary.words.external>, "\21\246\26F't%3v", 9, 2525938452) = 9
1694270 15:53:44.424663 pread64(5</home/userNoPriv/code/qlever/qlever-indices/dblp/dblp.vocabulary.words.external.offsets>, "9\326\17\227\0\0\0\0C\326\17\227\0\0\0\0", 16, 1689650984) = 16
1694270 15:53:44.425109 pread64(4</home/userNoPriv/code/qlever/qlever-indices/dblp/dblp.vocabulary.words.external>, "-?6Cn\302UE_\236", 10, 2534397497) = 10
1694270 15:53:44.425320 pread64(5</home/userNoPriv/code/qlever/qlever-indices/dblp/dblp.vocabulary.words.external.offsets>, "h\341\17\227\0\0\0\0t\341\17\227\0\0\0\0", 16, 1689652992) = 16
1694270 15:53:44.425381 pread64(4</home/userNoPriv/code/qlever/qlever-indices/dblp/dblp.vocabulary.words.external>, "-?6Cn\237LsfF_\247", 12, 2534400360) = 12
1694270 15:53:44.425582 pread64(5</home/userNoPriv/code/qlever/qlever-indices/dblp/dblp.vocabulary.words.external.offsets>, "C\347\17\227\0\0\0\0N\347\17\227\0\0\0\0", 16, 1689653992) = 16
1694270 15:53:44.425633 pread64(4</home/userNoPriv/code/qlever/qlever-indices/dblp/dblp.vocabulary.words.external>, "-?6CnDIsfh\16", 11, 2534401859) = 11
1694270 15:53:44.425677 pread64(5</home/userNoPriv/code/qlever/qlever-indices/dblp/dblp.vocabulary.words.external.offsets>, "N\344\17\227\0\0\0\0W\344\17\227\0\0\0\0", 16, 1689653496) = 16
1694270 15:53:44.425719 pread64(4</home/userNoPriv/code/qlever/qlever-indices/dblp/dblp.vocabulary.words.external>, "-?6Cn\234]F\2", 9, 2534401102) = 9
1694270 15:53:44.425761 pread64(5</home/userNoPriv/code/qlever/qlever-indices/dblp/dblp.vocabulary.words.external.offsets>, "\275\345\17\227\0\0\0\0\312\345\17\227\0\0\0\0", 16, 1689653744) = 16
1694270 15:53:44.425808 pread64(4</home/userNoPriv/code/qlever/qlever-indices/dblp/dblp.vocabulary.words.external>, "-?6CnB\223{VO\24Q\242", 13, 2534401469) = 13
1694270 15:53:44.425856 pread64(5</home/userNoPriv/code/qlever/qlever-indices/dblp/dblp.vocabulary.words.external.offsets>, "\220\346\17\227\0\0\0\0\231\346\17\227\0\0\0\0", 16, 1689653872) = 16
1694270 15:53:44.425903 pread64(4</home/userNoPriv/code/qlever/qlever-indices/dblp/dblp.vocabulary.words.external>, "-?6CnsE\240\16", 9, 2534401680) = 9
1694270 15:53:44.425945 pread64(5</home/userNoPriv/code/qlever/qlever-indices/dblp/dblp.vocabulary.words.external.offsets>, "'\346\17\227\0\0\0\0007\346\17\227\0\0\0\0", 16, 1689653808) = 16
1694270 15:53:44.425987 pread64(4</home/userNoPriv/code/qlever/qlever-indices/dblp/dblp.vocabulary.words.external>, "-?6CnB\223{VO\24NhFb\252", 16, 2534401575) = 16
1694270 15:53:44.426029 pread64(5</home/userNoPriv/code/qlever/qlever-indices/dblp/dblp.vocabulary.words.external.offsets>, "\362\345\17\227\0\0\0\0\377\345\17\227\0\0\0\0", 16, 1689653776) = 16
1694270 15:53:44.426076 pread64(4</home/userNoPriv/code/qlever/qlever-indices/dblp/dblp.vocabulary.words.external>, "-?6CnB\223{VO\24_\224", 13, 2534401522) = 13
1694270 15:53:44.426123 pread64(5</home/userNoPriv/code/qlever/qlever-indices/dblp/dblp.vocabulary.words.external.offsets>, "\327\345\17\227\0\0\0\0\345\345\17\227\0\0\0\0", 16, 1689653760) = 16
1694270 15:53:44.426171 pread64(4</home/userNoPriv/code/qlever/qlever-indices/dblp/dblp.vocabulary.words.external>, "-?6CnB\223{VO\24Q`\4", 14, 2534401495) = 14
1694270 15:53:44.426221 pread64(5</home/userNoPriv/code/qlever/qlever-indices/dblp/dblp.vocabulary.words.external.offsets>, "\312\345\17\227\0\0\0\0\327\345\17\227\0\0\0\0", 16, 1689653752) = 16
1694270 15:53:44.426268 pread64(4</home/userNoPriv/code/qlever/qlever-indices/dblp/dblp.vocabulary.words.external>, "-?6CnB\223{VO\24Q\247", 13, 2534401482) = 13
1694270 15:53:44.426318 pread64(5</home/userNoPriv/code/qlever/qlever-indices/dblp/dblp.vocabulary.words.external.offsets>, "\312\345\17\227\0\0\0\0\327\345\17\227\0\0\0\0", 16, 1689653752) = 16
1694270 15:53:44.426365 pread64(4</home/userNoPriv/code/qlever/qlever-indices/dblp/dblp.vocabulary.words.external>, "-?6CnB\223{VO\24Q\247", 13, 2534401482) = 13
1694270 15:53:44.426424 pread64(5</home/userNoPriv/code/qlever/qlever-indices/dblp/dblp.vocabulary.words.external.offsets>, "\37\321\352\224\0\0\0\0.\321\352\224\0\0\0\0", 16, 1665562984) = 16
1694270 15:53:44.427084 pread64(4</home/userNoPriv/code/qlever/qlever-indices/dblp/dblp.vocabulary.words.external>, "\0267\35Y\32\36Je3R,#;\266\n", 15, 2498416927) = 15
1694270 15:53:44.427383 pread64(5</home/userNoPriv/code/qlever/qlever-indices/dblp/dblp.vocabulary.words.external.offsets>, "\17\336\352\224\0\0\0\0\36\336\352\224\0\0\0\0", 16, 1665564992) = 16
1694270 15:53:44.427430 pread64(4</home/userNoPriv/code/qlever/qlever-indices/dblp/dblp.vocabulary.words.external>, "\0267\35Y\32\36\\7y&\"\36@DG", 15, 2498420239) = 15
1694270 15:53:44.427499 pread64(5</home/userNoPriv/code/qlever/qlever-indices/dblp/dblp.vocabulary.words.external.offsets>, "\304\344\352\224\0\0\0\0\325\344\352\224\0\0\0\0", 16, 1665565992) = 16
1694270 15:53:44.427570 pread64(4</home/userNoPriv/code/qlever/qlever-indices/dblp/dblp.vocabulary.words.external>, "\0267\35Y\32=\2043\\\"3\247\215#++Z", 17, 2498421956) = 17
1694270 15:53:44.427817 pread64(5</home/userNoPriv/code/qlever/qlever-indices/dblp/dblp.vocabulary.words.external.offsets>, "v\341\352\224\0\0\0\0\207\341\352\224\0\0\0\0", 16, 1665565496) = 16
1694270 15:53:44.427873 pread64(4</home/userNoPriv/code/qlever/qlever-indices/dblp/dblp.vocabulary.words.external>, "\0267\35Y\32=\200\224\271\35>\33040\34\336\n", 17, 2498421110) = 17
1694270 15:53:44.427927 pread64(5</home/userNoPriv/code/qlever/qlever-indices/dblp/dblp.vocabulary.words.external.offsets>, "\310\337\352\224\0\0\0\0\324\337\352\224\0\0\0\0", 16, 1665565248) = 16
1694270 15:53:44.427976 pread64(4</home/userNoPriv/code/qlever/qlever-indices/dblp/dblp.vocabulary.words.external>, "\0267\35Y\32\36\33A\315&'n", 12, 2498420680) = 12
1694270 15:53:44.428021 pread64(5</home/userNoPriv/code/qlever/qlever-indices/dblp/dblp.vocabulary.words.external.offsets>, "\371\336\352\224\0\0\0\0\5\337\352\224\0\0\0\0", 16, 1665565120) = 16
1694270 15:53:44.428068 pread64(4</home/userNoPriv/code/qlever/qlever-indices/dblp/dblp.vocabulary.words.external>, "\0267\35Y\32\36\35&\2144;Z", 12, 2498420473) = 12
1694270 15:53:44.428111 pread64(5</home/userNoPriv/code/qlever/qlever-indices/dblp/dblp.vocabulary.words.external.offsets>, "\201\336\352\224\0\0\0\0\217\336\352\224\0\0\0\0", 16, 1665565056) = 16
1694270 15:53:44.428160 pread64(4</home/userNoPriv/code/qlever/qlever-indices/dblp/dblp.vocabulary.words.external>, "\0267\35Y\32\36\\m\31A\214,\352\213", 14, 2498420353) = 14
1694270 15:53:44.428205 pread64(5</home/userNoPriv/code/qlever/qlever-indices/dblp/dblp.vocabulary.words.external.offsets>, "\277\336\352\224\0\0\0\0\320\336\352\224\0\0\0\0", 16, 1665565088) = 16
1694270 15:53:44.428254 pread64(4</home/userNoPriv/code/qlever/qlever-indices/dblp/dblp.vocabulary.words.external>, "\0267\35Y\32\36\35((M61\3152/\252\213", 17, 2498420415) = 17
1694270 15:53:44.428297 pread64(5</home/userNoPriv/code/qlever/qlever-indices/dblp/dblp.vocabulary.words.external.offsets>, "\233\336\352\224\0\0\0\0\255\336\352\224\0\0\0\0", 16, 1665565072) = 16
1694270 15:53:44.428348 pread64(4</home/userNoPriv/code/qlever/qlever-indices/dblp/dblp.vocabulary.words.external>, "\0267\35Y\32\36\35((M61\3152;.\252\272", 18, 2498420379) = 18
1694270 15:53:44.428399 pread64(5</home/userNoPriv/code/qlever/qlever-indices/dblp/dblp.vocabulary.words.external.offsets>, "\217\336\352\224\0\0\0\0\233\336\352\224\0\0\0\0", 16, 1665565064) = 16
1694270 15:53:44.428452 pread64(4</home/userNoPriv/code/qlever/qlever-indices/dblp/dblp.vocabulary.words.external>, "\0267\35Y\32\36\35\0353#\252h", 12, 2498420367) = 12
1694270 15:53:44.428506 pread64(5</home/userNoPriv/code/qlever/qlever-indices/dblp/dblp.vocabulary.words.external.offsets>, "\217\336\352\224\0\0\0\0\233\336\352\224\0\0\0\0", 16, 1665565064) = 16
1694270 15:53:44.428549 pread64(4</home/userNoPriv/code/qlever/qlever-indices/dblp/dblp.vocabulary.words.external>, "\0267\35Y\32\36\35\0353#\252h", 12, 2498420367) = 12
1694270 15:53:44.428615 pread64(5</home/userNoPriv/code/qlever/qlever-indices/dblp/dblp.vocabulary.words.external.offsets>, "\303]\20\227\0\0\0\0\313]\20\227\0\0\0\0", 16, 1689674984) = 16
1694270 15:53:44.428656 pread64(4</home/userNoPriv/code/qlever/qlever-indices/dblp/dblp.vocabulary.words.external>, "-?6\31}fG\r", 8, 2534432195) = 8
1694270 15:53:44.428698 pread64(5</home/userNoPriv/code/qlever/qlever-indices/dblp/dblp.vocabulary.words.external.offsets>, "gR\20\227\0\0\0\0sR\20\227\0\0\0\0", 16, 1689672984) = 16
1694270 15:53:44.428740 pread64(4</home/userNoPriv/code/qlever/qlever-indices/dblp/dblp.vocabulary.words.external>, "-?6\31Bf@\332BJ[\252", 12, 2534429287) = 12
1694270 15:53:44.428787 pread64(5</home/userNoPriv/code/qlever/qlever-indices/dblp/dblp.vocabulary.words.external.offsets>, "\333W\20\227\0\0\0\0\347W\20\227\0\0\0\0", 16, 1689673984) = 16
1694270 15:53:44.428834 pread64(4</home/userNoPriv/code/qlever/qlever-indices/dblp/dblp.vocabulary.words.external>, "-?6\31D\227\227\235LL\222\4", 12, 2534430683) = 12
1694270 15:53:44.428876 pread64(5</home/userNoPriv/code/qlever/qlever-indices/dblp/dblp.vocabulary.words.external.offsets>, "\fU\20\227\0\0\0\0\26U\20\227\0\0\0\0", 16, 1689673488) = 16
1694270 15:53:44.428918 pread64(4</home/userNoPriv/code/qlever/qlever-indices/dblp/dblp.vocabulary.words.external>, "-?6\31s\337\235L`\224", 10, 2534429964) = 10
1694270 15:53:44.428959 pread64(5</home/userNoPriv/code/qlever/qlever-indices/dblp/dblp.vocabulary.words.external.offsets>, "oV\20\227\0\0\0\0xV\20\227\0\0\0\0", 16, 1689673736) = 16
1694270 15:53:44.429000 pread64(4</home/userNoPriv/code/qlever/qlever-indices/dblp/dblp.vocabulary.words.external>, "-?6\31DrE`\241", 9, 2534430319) = 9
1694270 15:53:44.429042 pread64(5</home/userNoPriv/code/qlever/qlever-indices/dblp/dblp.vocabulary.words.external.offsets>, "\337U\20\227\0\0\0\0\353U\20\227\0\0\0\0", 16, 1689673616) = 16
1694270 15:53:44.429084 pread64(4</home/userNoPriv/code/qlever/qlever-indices/dblp/dblp.vocabulary.words.external>, "-?6\31B]VUYn\273q", 12, 2534430175) = 12
1694270 15:53:44.429125 pread64(5</home/userNoPriv/code/qlever/qlever-indices/dblp/dblp.vocabulary.words.external.offsets>, "-V\20\227\0\0\0\0007V\20\227\0\0\0\0", 16, 1689673680) = 16
1694270 15:53:44.429167 pread64(4</home/userNoPriv/code/qlever/qlever-indices/dblp/dblp.vocabulary.words.external>, "-?6\31DrEQd\4", 10, 2534430253) = 10
1694270 15:53:44.429209 pread64(5</home/userNoPriv/code/qlever/qlever-indices/dblp/dblp.vocabulary.words.external.offsets>, "TV\20\227\0\0\0\0]V\20\227\0\0\0\0", 16, 1689673712) = 16
1694270 15:53:44.429249 pread64(4</home/userNoPriv/code/qlever/qlever-indices/dblp/dblp.vocabulary.words.external>, "-?6\31DrE_\241", 9, 2534430292) = 9
1694270 15:53:44.429291 pread64(5</home/userNoPriv/code/qlever/qlever-indices/dblp/dblp.vocabulary.words.external.offsets>, "BV\20\227\0\0\0\0KV\20\227\0\0\0\0", 16, 1689673696) = 16
1694270 15:53:44.429332 pread64(4</home/userNoPriv/code/qlever/qlever-indices/dblp/dblp.vocabulary.words.external>, "-?6\31DrEQ\247", 9, 2534430274) = 9
1694270 15:53:44.429373 pread64(5</home/userNoPriv/code/qlever/qlever-indices/dblp/dblp.vocabulary.words.external.offsets>, "KV\20\227\0\0\0\0TV\20\227\0\0\0\0", 16, 1689673704) = 16
1694270 15:53:44.429415 pread64(4</home/userNoPriv/code/qlever/qlever-indices/dblp/dblp.vocabulary.words.external>, "-?6\31DrEQ\252", 9, 2534430283) = 9
1694270 15:53:44.429456 pread64(5</home/userNoPriv/code/qlever/qlever-indices/dblp/dblp.vocabulary.words.external.offsets>, "KV\20\227\0\0\0\0TV\20\227\0\0\0\0", 16, 1689673704) = 16
1694270 15:53:44.429504 pread64(4</home/userNoPriv/code/qlever/qlever-indices/dblp/dblp.vocabulary.words.external>, "-?6\31DrEQ\252", 9, 2534430283) = 9
1694270 15:53:44.429557 pread64(5</home/userNoPriv/code/qlever/qlever-indices/dblp/dblp.vocabulary.words.external.offsets>, "'\333\216\226\0\0\0\0003\333\216\226\0\0\0\0", 16, 1684218984) = 16
1694270 15:53:44.429599 pread64(4</home/userNoPriv/code/qlever/qlever-indices/dblp/dblp.vocabulary.words.external>, "\21\246\26F\262\214\266\0251\0303\2", 12, 2525944615) = 12
1694270 15:53:44.429641 pread64(5</home/userNoPriv/code/qlever/qlever-indices/dblp/dblp.vocabulary.words.external.offsets>, "\212\346\216\226\0\0\0\0\225\346\216\226\0\0\0\0", 16, 1684220992) = 16
1694270 15:53:44.429682 pread64(4</home/userNoPriv/code/qlever/qlever-indices/dblp/dblp.vocabulary.words.external>, "\21\246\26FN\21041\33\361\6", 11, 2525947530) = 11
1694270 15:53:44.429726 pread64(5</home/userNoPriv/code/qlever/qlever-indices/dblp/dblp.vocabulary.words.external.offsets>, "D\354\216\226\0\0\0\0P\354\216\226\0\0\0\0", 16, 1684221992) = 16
1694270 15:53:44.429768 pread64(4</home/userNoPriv/code/qlever/qlever-indices/dblp/dblp.vocabulary.words.external>, "\21\246\26F+\34,,?\260+L", 12, 2525948996) = 12
1694270 15:53:44.429828 pread64(5</home/userNoPriv/code/qlever/qlever-indices/dblp/dblp.vocabulary.words.external.offsets>, "\376\356\216\226\0\0\0\0\t\357\216\226\0\0\0\0", 16, 1684222496) = 16
1694270 15:53:44.429870 pread64(4</home/userNoPriv/code/qlever/qlever-indices/dblp/dblp.vocabulary.words.external>, "\21\246\26F/\25\33D\30\331\n", 11, 2525949694) = 11
1694270 15:53:44.429912 pread64(5</home/userNoPriv/code/qlever/qlever-indices/dblp/dblp.vocabulary.words.external.offsets>, "\266\355\216\226\0\0\0\0\301\355\216\226\0\0\0\0", 16, 1684222248) = 16
1694270 15:53:44.429965 pread64(4</home/userNoPriv/code/qlever/qlever-indices/dblp/dblp.vocabulary.words.external>, "\21\246\26F/\31E*S\31:", 11, 2525949366) = 11
1694270 15:53:44.430020 pread64(5</home/userNoPriv/code/qlever/qlever-indices/dblp/dblp.vocabulary.words.external.offsets>, "\375\354\216\226\0\0\0\0\v\355\216\226\0\0\0\0", 16, 1684222120) = 16
1694270 15:53:44.430066 pread64(4</home/userNoPriv/code/qlever/qlever-indices/dblp/dblp.vocabulary.words.external>, "\21\246\26F/\31;h2X8B\235:", 14, 2525949181) = 14
1694270 15:53:44.430111 pread64(5</home/userNoPriv/code/qlever/qlever-indices/dblp/dblp.vocabulary.words.external.offsets>, "\234\354\216\226\0\0\0\0\246\354\216\226\0\0\0\0", 16, 1684222056) = 16
1694270 15:53:44.430153 pread64(4</home/userNoPriv/code/qlever/qlever-indices/dblp/dblp.vocabulary.words.external>, "\21\246\26F/\3221\25\235:", 10, 2525949084) = 10
1694270 15:53:44.430194 pread64(5</home/userNoPriv/code/qlever/qlever-indices/dblp/dblp.vocabulary.words.external.offsets>, "n\354\216\226\0\0\0\0y\354\216\226\0\0\0\0", 16, 1684222024) = 16
1694270 15:53:44.430235 pread64(4</home/userNoPriv/code/qlever/qlever-indices/dblp/dblp.vocabulary.words.external>, "\21\246\26F/\31-R\33\30\222", 11, 2525949038) = 11
1694270 15:53:44.430277 pread64(5</home/userNoPriv/code/qlever/qlever-indices/dblp/dblp.vocabulary.words.external.offsets>, "\205\354\216\226\0\0\0\0\220\354\216\226\0\0\0\0", 16, 1684222040) = 16
1694270 15:53:44.430318 pread64(4</home/userNoPriv/code/qlever/qlever-indices/dblp/dblp.vocabulary.words.external>, "\21\246\26F/\31-]\37\331\5", 11, 2525949061) = 11
1694270 15:53:44.430360 pread64(5</home/userNoPriv/code/qlever/qlever-indices/dblp/dblp.vocabulary.words.external.offsets>, "y\354\216\226\0\0\0\0\205\354\216\226\0\0\0\0", 16, 1684222032) = 16
1694270 15:53:44.430401 pread64(4</home/userNoPriv/code/qlever/qlever-indices/dblp/dblp.vocabulary.words.external>, "\21\246\26F/\31-R\33&3\6", 12, 2525949049) = 12
1694270 15:53:44.430442 pread64(5</home/userNoPriv/code/qlever/qlever-indices/dblp/dblp.vocabulary.words.external.offsets>, "\205\354\216\226\0\0\0\0\220\354\216\226\0\0\0\0", 16, 1684222040) = 16
1694270 15:53:44.430489 pread64(4</home/userNoPriv/code/qlever/qlever-indices/dblp/dblp.vocabulary.words.external>, "\21\246\26F/\31-]\37\331\5", 11, 2525949061) = 11
1694270 15:53:44.430546 pread64(5</home/userNoPriv/code/qlever/qlever-indices/dblp/dblp.vocabulary.words.external.offsets>, "\200\361e\231\0\0\0\0\214\361e\231\0\0\0\0", 16, 1718098984) = 16
1694270 15:53:44.431711 pread64(4</home/userNoPriv/code/qlever/qlever-indices/dblp/dblp.vocabulary.words.external>, "-\226K\3L6\245E\303LY\273", 12, 2573595008) = 12
1694270 15:53:44.432027 pread64(5</home/userNoPriv/code/qlever/qlever-indices/dblp/dblp.vocabulary.words.external.offsets>, "\241\345e\231\0\0\0\0\253\345e\231\0\0\0\0", 16, 1718096984) = 16
1694270 15:53:44.432077 pread64(4</home/userNoPriv/code/qlever/qlever-indices/dblp/dblp.vocabulary.words.external>, "-\226\325S7D\240J\252x", 10, 2573591969) = 10
1694270 15:53:44.432242 pread64(5</home/userNoPriv/code/qlever/qlever-indices/dblp/dblp.vocabulary.words.external.offsets>, "\303\337e\231\0\0\0\0\316\337e\231\0\0\0\0", 16, 1718095984) = 16
1694270 15:53:44.432282 pread64(4</home/userNoPriv/code/qlever/qlever-indices/dblp/dblp.vocabulary.words.external>, "-\226\325A\36Wf9=Q ", 11, 2573590467) = 11
1694270 15:53:44.432444 pread64(5</home/userNoPriv/code/qlever/qlever-indices/dblp/dblp.vocabulary.words.external.offsets>, "\246\342e\231\0\0\0\0\266\342e\231\0\0\0\0", 16, 1718096488) = 16
1694270 15:53:44.432504 pread64(4</home/userNoPriv/code/qlever/qlever-indices/dblp/dblp.vocabulary.words.external>, "-\226\325=fZ:F\222EACA9\327i", 16, 2573591206) = 16
1694270 15:53:44.432548 pread64(5</home/userNoPriv/code/qlever/qlever-indices/dblp/dblp.vocabulary.words.external.offsets>, "=\341e\231\0\0\0\0N\341e\231\0\0\0\0", 16, 1718096240) = 16
1694270 15:53:44.432589 pread64(4</home/userNoPriv/code/qlever/qlever-indices/dblp/dblp.vocabulary.words.external>, "-\226\32586h7bFZ6G?Gr\231v", 17, 2573590845) = 17
1694270 15:53:44.432629 pread64(5</home/userNoPriv/code/qlever/qlever-indices/dblp/dblp.vocabulary.words.external.offsets>, "s\340e\231\0\0\0\0\203\340e\231\0\0\0\0", 16, 1718096112) = 16
1694270 15:53:44.432669 pread64(4</home/userNoPriv/code/qlever/qlever-indices/dblp/dblp.vocabulary.words.external>, "-\226\325Aq\226>\200E\216\253F@9j\263", 16, 2573590643) = 16
1694270 15:53:44.432711 pread64(5</home/userNoPriv/code/qlever/qlever-indices/dblp/dblp.vocabulary.words.external.offsets>, "\330\340e\231\0\0\0\0\356\340e\231\0\0\0\0", 16, 1718096176) = 16
1694270 15:53:44.432751 pread64(4</home/userNoPriv/code/qlever/qlever-indices/dblp/dblp.vocabulary.words.external>, "-\226\32586Of\337?6_<\2216@BHB8S\341\10", 22, 2573590744) = 22
1694270 15:53:44.432791 pread64(5</home/userNoPriv/code/qlever/qlever-indices/dblp/dblp.vocabulary.words.external.offsets>, "\v\341e\231\0\0\0\0\26\341e\231\0\0\0\0", 16, 1718096208) = 16
1694270 15:53:44.432831 pread64(4</home/userNoPriv/code/qlever/qlever-indices/dblp/dblp.vocabulary.words.external>, "-\226\32586\\U\270>j\16", 11, 2573590795) = 11
1694270 15:53:44.432872 pread64(5</home/userNoPriv/code/qlever/qlever-indices/dblp/dblp.vocabulary.words.external.offsets>, "\365\340e\231\0\0\0\0\0\341e\231\0\0\0\0", 16, 1718096192) = 16
1694270 15:53:44.432912 pread64(4</home/userNoPriv/code/qlever/qlever-indices/dblp/dblp.vocabulary.words.external>, "-\226\32586\\U\270>r\263", 11, 2573590773) = 11
1694270 15:53:44.432952 pread64(5</home/userNoPriv/code/qlever/qlever-indices/dblp/dblp.vocabulary.words.external.offsets>, "\356\340e\231\0\0\0\0\365\340e\231\0\0\0\0", 16, 1718096184) = 16
1694270 15:53:44.432992 pread64(4</home/userNoPriv/code/qlever/qlever-indices/dblp/dblp.vocabulary.words.external>, "-\226\3258\310e)", 7, 2573590766) = 7
1694270 15:53:44.433033 pread64(5</home/userNoPriv/code/qlever/qlever-indices/dblp/dblp.vocabulary.words.external.offsets>, "\365\340e\231\0\0\0\0\0\341e\231\0\0\0\0", 16, 1718096192) = 16
1694270 15:53:44.433073 pread64(4</home/userNoPriv/code/qlever/qlever-indices/dblp/dblp.vocabulary.words.external>, "-\226\32586\\U\270>r\263", 11, 2573590773) = 11
1694270 15:53:44.433141 pread64(5</home/userNoPriv/code/qlever/qlever-indices/dblp/dblp.vocabulary.words.external.offsets>, "=\33E\226\0\0\0\0I\33E\226\0\0\0\0", 16, 1681106984) = 16
1694270 15:53:44.433561 pread64(4</home/userNoPriv/code/qlever/qlever-indices/dblp/dblp.vocabulary.words.external>, "\21%\268F0\315\215\32++\217", 12, 2521111357) = 12
1694270 15:53:44.433857 pread64(5</home/userNoPriv/code/qlever/qlever-indices/dblp/dblp.vocabulary.words.external.offsets>, "1(E\226\0\0\0\0>(E\226\0\0\0\0", 16, 1681108992) = 16
1694270 15:53:44.433901 pread64(4</home/userNoPriv/code/qlever/qlever-indices/dblp/dblp.vocabulary.words.external>, "\21%\268F.\224].*/&}", 13, 2521114673) = 13
1694270 15:53:44.434079 pread64(5</home/userNoPriv/code/qlever/qlever-indices/dblp/dblp.vocabulary.words.external.offsets>, "\354!E\226\0\0\0\0\375!E\226\0\0\0\0", 16, 1681107992) = 16
1694270 15:53:44.434123 pread64(4</home/userNoPriv/code/qlever/qlever-indices/dblp/dblp.vocabulary.words.external>, "\21%\268F0\34Dw\"P+++*S\0", 17, 2521113068) = 17
1694270 15:53:44.434167 pread64(5</home/userNoPriv/code/qlever/qlever-indices/dblp/dblp.vocabulary.words.external.offsets>, "\16%E\226\0\0\0\0\27%E\226\0\0\0\0", 16, 1681108496) = 16
1694270 15:53:44.434210 pread64(4</home/userNoPriv/code/qlever/qlever-indices/dblp/dblp.vocabulary.words.external>, "\21%\268F.R\27\17", 9, 2521113870) = 9
1694270 15:53:44.434263 pread64(5</home/userNoPriv/code/qlever/qlever-indices/dblp/dblp.vocabulary.words.external.offsets>, "\254&E\226\0\0\0\0\270&E\226\0\0\0\0", 16, 1681108744) = 16
1694270 15:53:44.434308 pread64(4</home/userNoPriv/code/qlever/qlever-indices/dblp/dblp.vocabulary.words.external>, "\21%\268F.\25,E?\30\251", 12, 2521114284) = 12
1694270 15:53:44.434351 pread64(5</home/userNoPriv/code/qlever/qlever-indices/dblp/dblp.vocabulary.words.external.offsets>, "\202'E\226\0\0\0\0\216'E\226\0\0\0\0", 16, 1681108872) = 16
1694270 15:53:44.434395 pread64(4</home/userNoPriv/code/qlever/qlever-indices/dblp/dblp.vocabulary.words.external>, "\21%\268F.g|?#Nk", 12, 2521114498) = 12
1694270 15:53:44.434439 pread64(5</home/userNoPriv/code/qlever/qlever-indices/dblp/dblp.vocabulary.words.external.offsets>, " 'E\226\0\0\0\0,'E\226\0\0\0\0", 16, 1681108808) = 16
1694270 15:53:44.434492 pread64(4</home/userNoPriv/code/qlever/qlever-indices/dblp/dblp.vocabulary.words.external>, "\21%\268F.\33\"\255?a\6", 12, 2521114400) = 12
1694270 15:53:44.434540 pread64(5</home/userNoPriv/code/qlever/qlever-indices/dblp/dblp.vocabulary.words.external.offsets>, "Q'E\226\0\0\0\0\\'E\226\0\0\0\0", 16, 1681108840) = 16
1694270 15:53:44.434583 pread64(4</home/userNoPriv/code/qlever/qlever-indices/dblp/dblp.vocabulary.words.external>, "\21%\268F.g|?\235:", 11, 2521114449) = 11
1694270 15:53:44.434625 pread64(5</home/userNoPriv/code/qlever/qlever-indices/dblp/dblp.vocabulary.words.external.offsets>, "i'E\226\0\0\0\0u'E\226\0\0\0\0", 16, 1681108856) = 16
1694270 15:53:44.434667 pread64(4</home/userNoPriv/code/qlever/qlever-indices/dblp/dblp.vocabulary.words.external>, "\21%\268F.g|?\36N\220", 12, 2521114473) = 12
1694270 15:53:44.434707 pread64(5</home/userNoPriv/code/qlever/qlever-indices/dblp/dblp.vocabulary.words.external.offsets>, "u'E\226\0\0\0\0\202'E\226\0\0\0\0", 16, 1681108864) = 16
1694270 15:53:44.434746 pread64(4</home/userNoPriv/code/qlever/qlever-indices/dblp/dblp.vocabulary.words.external>, "\21%\268F.g|?\27#\331\0", 13, 2521114485) = 13
1694270 15:53:44.434786 pread64(5</home/userNoPriv/code/qlever/qlever-indices/dblp/dblp.vocabulary.words.external.offsets>, "\202'E\226\0\0\0\0\216'E\226\0\0\0\0", 16, 1681108872) = 16
1694270 15:53:44.434825 pread64(4</home/userNoPriv/code/qlever/qlever-indices/dblp/dblp.vocabulary.words.external>, "\21%\268F.g|?#Nk", 12, 2521114498) = 12
1694270 15:53:44.434877 pread64(5</home/userNoPriv/code/qlever/qlever-indices/dblp/dblp.vocabulary.words.external.offsets>, "\206\36]\230\0\0\0\0\220\36]\230\0\0\0\0", 16, 1705714984) = 16
1694270 15:53:44.435555 pread64(4</home/userNoPriv/code/qlever/qlever-indices/dblp/dblp.vocabulary.words.external>, "'\211Om6XU\250?j", 10, 2556239494) = 10
1694270 15:53:44.436150 pread64(5</home/userNoPriv/code/qlever/qlever-indices/dblp/dblp.vocabulary.words.external.offsets>, "\343\23]\230\0\0\0\0\356\23]\230\0\0\0\0", 16, 1705712984) = 16
1694270 15:53:44.436635 pread64(4</home/userNoPriv/code/qlever/qlever-indices/dblp/dblp.vocabulary.words.external>, "'\211OZi1Q`Vi\326", 11, 2556236771) = 11
1694270 15:53:44.436683 pread64(5</home/userNoPriv/code/qlever/qlever-indices/dblp/dblp.vocabulary.words.external.offsets>, "c\16]\230\0\0\0\0p\16]\230\0\0\0\0", 16, 1705711984) = 16
1694270 15:53:44.436727 pread64(4</home/userNoPriv/code/qlever/qlever-indices/dblp/dblp.vocabulary.words.external>, "'\211OZEgG12\362NG\333", 13, 2556235363) = 13
1694270 15:53:44.436888 pread64(5</home/userNoPriv/code/qlever/qlever-indices/dblp/dblp.vocabulary.words.external.offsets>, ";\21]\230\0\0\0\0E\21]\230\0\0\0\0", 16, 1705712488) = 16
1694270 15:53:44.436931 pread64(4</home/userNoPriv/code/qlever/qlever-indices/dblp/dblp.vocabulary.words.external>, "'\211OZ\374z\274\371R\333", 10, 2556236091) = 10
1694270 15:53:44.436975 pread64(5</home/userNoPriv/code/qlever/qlever-indices/dblp/dblp.vocabulary.words.external.offsets>, "\217\22]\230\0\0\0\0\232\22]\230\0\0\0\0", 16, 1705712736) = 16
1694270 15:53:44.437017 pread64(4</home/userNoPriv/code/qlever/qlever-indices/dblp/dblp.vocabulary.words.external>, "'\211OZi\23603NS\225", 11, 2556236431) = 11
1694270 15:53:44.437074 pread64(5</home/userNoPriv/code/qlever/qlever-indices/dblp/dblp.vocabulary.words.external.offsets>, "\342\21]\230\0\0\0\0\354\21]\230\0\0\0\0", 16, 1705712616) = 16
1694270 15:53:44.437120 pread64(4</home/userNoPriv/code/qlever/qlever-indices/dblp/dblp.vocabulary.words.external>, "'\211OZi\261\2360@x", 10, 2556236258) = 10
1694270 15:53:44.437163 pread64(5</home/userNoPriv/code/qlever/qlever-indices/dblp/dblp.vocabulary.words.external.offsets>, "B\22]\230\0\0\0\0O\22]\230\0\0\0\0", 16, 1705712680) = 16
1694270 15:53:44.437205 pread64(4</home/userNoPriv/code/qlever/qlever-indices/dblp/dblp.vocabulary.words.external>, "'\211OZi/`.l0.\351\262", 13, 2556236354) = 13
1694270 15:53:44.437248 pread64(5</home/userNoPriv/code/qlever/qlever-indices/dblp/dblp.vocabulary.words.external.offsets>, "\17\22]\230\0\0\0\0\35\22]\230\0\0\0\0", 16, 1705712648) = 16
1694270 15:53:44.437290 pread64(4</home/userNoPriv/code/qlever/qlever-indices/dblp/dblp.vocabulary.words.external>, "'\211OZi[\206QUX>J\355\16", 14, 2556236303) = 14
1694270 15:53:44.437331 pread64(5</home/userNoPriv/code/qlever/qlever-indices/dblp/dblp.vocabulary.words.external.offsets>, "\367\21]\230\0\0\0\0\2\22]\230\0\0\0\0", 16, 1705712632) = 16
1694270 15:53:44.437372 pread64(4</home/userNoPriv/code/qlever/qlever-indices/dblp/dblp.vocabulary.words.external>, "'\211OZi\261\2360@i\1", 11, 2556236279) = 11
1694270 15:53:44.437415 pread64(5</home/userNoPriv/code/qlever/qlever-indices/dblp/dblp.vocabulary.words.external.offsets>, "\2\22]\230\0\0\0\0\17\22]\230\0\0\0\0", 16, 1705712640) = 16
1694270 15:53:44.437456 pread64(4</home/userNoPriv/code/qlever/qlever-indices/dblp/dblp.vocabulary.words.external>, "'\211OZi[2388Vs\4", 13, 2556236290) = 13
1694270 15:53:44.437507 pread64(5</home/userNoPriv/code/qlever/qlever-indices/dblp/dblp.vocabulary.words.external.offsets>, "\2\22]\230\0\0\0\0\17\22]\230\0\0\0\0", 16, 1705712640) = 16
1694270 15:53:44.437549 pread64(4</home/userNoPriv/code/qlever/qlever-indices/dblp/dblp.vocabulary.words.external>, "'\211OZi[2388Vs\4", 13, 2556236290) = 13
1694270 15:53:44.437600 pread64(5</home/userNoPriv/code/qlever/qlever-indices/dblp/dblp.vocabulary.words.external.offsets>, "\220\256\216\226\0\0\0\0\234\256\216\226\0\0\0\0", 16, 1684210984) = 16
1694270 15:53:44.437641 pread64(4</home/userNoPriv/code/qlever/qlever-indices/dblp/dblp.vocabulary.words.external>, "\21\246\26F!\34 \266xU/\217", 12, 2525933200) = 12
1694270 15:53:44.437682 pread64(5</home/userNoPriv/code/qlever/qlever-indices/dblp/dblp.vocabulary.words.external.offsets>, "\332\242\216\226\0\0\0\0\342\242\216\226\0\0\0\0", 16, 1684208984) = 16
1694270 15:53:44.437723 pread64(4</home/userNoPriv/code/qlever/qlever-indices/dblp/dblp.vocabulary.words.external>, "\21\246\26F!\340+^", 8, 2525930202) = 8
1694270 15:53:44.437763 pread64(5</home/userNoPriv/code/qlever/qlever-indices/dblp/dblp.vocabulary.words.external.offsets>, "A\235\216\226\0\0\0\0K\235\216\226\0\0\0\0", 16, 1684207984) = 16
1694270 15:53:44.437803 pread64(4</home/userNoPriv/code/qlever/qlever-indices/dblp/dblp.vocabulary.words.external>, "\21\246\26F.\26\354'\244\0", 10, 2525928769) = 10
1694270 15:53:44.437843 pread64(5</home/userNoPriv/code/qlever/qlever-indices/dblp/dblp.vocabulary.words.external.offsets>, "'\240\216\226\0\0\0\0002\240\216\226\0\0\0\0", 16, 1684208488) = 16
1694270 15:53:44.437886 pread64(4</home/userNoPriv/code/qlever/qlever-indices/dblp/dblp.vocabulary.words.external>, "\21\246\26F!\336\214\212\25\317\3", 11, 2525929511) = 11
1694270 15:53:44.437927 pread64(5</home/userNoPriv/code/qlever/qlever-indices/dblp/dblp.vocabulary.words.external.offsets>, "g\241\216\226\0\0\0\0r\241\216\226\0\0\0\0", 16, 1684208736) = 16
1694270 15:53:44.437971 pread64(4</home/userNoPriv/code/qlever/qlever-indices/dblp/dblp.vocabulary.words.external>, "\21\246\26F!t;!'af", 11, 2525929831) = 11
1694270 15:53:44.438017 pread64(5</home/userNoPriv/code/qlever/qlever-indices/dblp/dblp.vocabulary.words.external.offsets>, "\323\240\216\226\0\0\0\0\333\240\216\226\0\0\0\0", 16, 1684208616) = 16
1694270 15:53:44.438067 pread64(4</home/userNoPriv/code/qlever/qlever-indices/dblp/dblp.vocabulary.words.external>, "\21\246\26F![/\17", 8, 2525929683) = 8
1694270 15:53:44.438108 pread64(5</home/userNoPriv/code/qlever/qlever-indices/dblp/dblp.vocabulary.words.external.offsets>, "\36\241\216\226\0\0\0\0'\241\216\226\0\0\0\0", 16, 1684208680) = 16
1694270 15:53:44.438153 pread64(4</home/userNoPriv/code/qlever/qlever-indices/dblp/dblp.vocabulary.words.external>, "\21\246\26F!\31\26(\17", 9, 2525929758) = 9
1694270 15:53:44.438195 pread64(5</home/userNoPriv/code/qlever/qlever-indices/dblp/dblp.vocabulary.words.external.offsets>, "I\241\216\226\0\0\0\0U\241\216\226\0\0\0\0", 16, 1684208712) = 16
1694270 15:53:44.438235 pread64(4</home/userNoPriv/code/qlever/qlever-indices/dblp/dblp.vocabulary.words.external>, "\21\246\26F!t\25=@\30\361\3", 12, 2525929801) = 12
1694270 15:53:44.438276 pread64(5</home/userNoPriv/code/qlever/qlever-indices/dblp/dblp.vocabulary.words.external.offsets>, "1\241\216\226\0\0\0\0=\241\216\226\0\0\0\0", 16, 1684208696) = 16
1694270 15:53:44.438315 pread64(4</home/userNoPriv/code/qlever/qlever-indices/dblp/dblp.vocabulary.words.external>, "\21\246\26F!t\25=!@\361\6", 12, 2525929777) = 12
1694270 15:53:44.438356 pread64(5</home/userNoPriv/code/qlever/qlever-indices/dblp/dblp.vocabulary.words.external.offsets>, "=\241\216\226\0\0\0\0I\241\216\226\0\0\0\0", 16, 1684208704) = 16
1694270 15:53:44.438396 pread64(4</home/userNoPriv/code/qlever/qlever-indices/dblp/dblp.vocabulary.words.external>, "\21\246\26F!t\25=!\301\361\177", 12, 2525929789) = 12
1694270 15:53:44.438437 pread64(5</home/userNoPriv/code/qlever/qlever-indices/dblp/dblp.vocabulary.words.external.offsets>, "I\241\216\226\0\0\0\0U\241\216\226\0\0\0\0", 16, 1684208712) = 16
1694270 15:53:44.438482 pread64(4</home/userNoPriv/code/qlever/qlever-indices/dblp/dblp.vocabulary.words.external>, "\21\246\26F!t\25=@\30\361\3", 12, 2525929801) = 12
1694279 15:53:44.439182 pread64(20</home/userNoPriv/code/qlever/qlever-indices/dblp/dblp.index.spo>, "(\265/\375\240\220\270\5\0\324j\0\204\224'B\31\f\0\0\0@()*+,-./01"..., 9664, 0) = 9664
1694279 15:53:44.439531 pread64(20</home/userNoPriv/code/qlever/qlever-indices/dblp/dblp.index.spo>, "(\265/\375\240\220\270\5\0\\\210\0JT\310\t\37\260\25\24\322\1\f\303@n_\21\320N\350\v"..., 14466, 9664) = 14466
1694279 15:53:44.439612 pread64(20</home/userNoPriv/code/qlever/qlever-indices/dblp/dblp.index.spo>, "(\265/\375\240\220\270\5\0\\r\3\254\275\2\313\276\367\0\0\0\0\240\314\315\317\320\321\322\323\324\325"..., 82592, 56509) = 82592
1694279 15:53:44.440111 pread64(20</home/userNoPriv/code/qlever/qlever-indices/dblp/dblp.index.spo>, "(\265/\375\240\220\270\5\0\204\0\0@\235\243\375\v\0\0\0@\1\0\365\377\313\v\27L\0\0\10"..., 52, 139101) = 52
1694279 15:53:44.442517 pread64(20</home/userNoPriv/code/qlever/qlever-indices/dblp/dblp.index.spo>, "(\265/\375\240`\270\3\0$\203\0\214\1\1}\370B\3\0\0\0\240~\177\200\201\202\203\204\205\206"..., 7801, 3069569018) = 7801
1694279 15:53:44.442931 pread64(20</home/userNoPriv/code/qlever/qlever-indices/dblp/dblp.index.spo>, "(\265/\375\240`\270\3\0\324\0\0h\201\242\375\v\0\0\0@\205]J\0\f\3\0\335\377C\345"..., 50, 3069576819) = 50
1694279 15:53:44.442981 pread64(20</home/userNoPriv/code/qlever/qlever-indices/dblp/dblp.index.spo>, "(\265/\375\240`\270\3\0\364\275\1\354\255\2x\242\375\v\0\0\0@\255Z\374\0n~xp\263"..., 27071, 3069576869) = 27071
1694279 15:53:44.443145 pread64(20</home/userNoPriv/code/qlever/qlever-indices/dblp/dblp.index.spo>, "(\265/\375\240`\270\3\0\204\0\0@\235\243\375\v\0\0\0@\1\0\365\377\313\v\27M\0\0\10"..., 40, 3069603940) = 40
1694279 15:53:44.443941 pread64(20</home/userNoPriv/code/qlever/qlever-indices/dblp/dblp.index.spo>, "(\265/\375\240x\270\5\0\264!\0\364\37\371\313h\f\0\0\0@\372\373\374\375\376\377\0\314\1\2"..., 3089, 152975820) = 3089
1694279 15:53:44.444217 pread64(20</home/userNoPriv/code/qlever/qlever-indices/dblp/dblp.index.spo>, "(\265/\375\240x\270\5\0\24\21\1j\326\t@#\240\25\24$\7\377\377\217\320\205\273\375\313\274J"..., 24725, 152978909) = 24725
1694279 15:53:44.444698 pread64(20</home/userNoPriv/code/qlever/qlever-indices/dblp/dblp.index.spo>, "(\265/\375\240x\270\5\0\254\v\4\354\321\3\247\37\324\2\0\0\0\240\262\275zk\5\3{\231U"..., 93885, 153089646) = 93885
1694279 15:53:44.445302 pread64(20</home/userNoPriv/code/qlever/qlever-indices/dblp/dblp.index.spo>, "(\265/\375\240x\270\5\0\204\0\0@\235\243\375\v\0\0\0@\1\0\365\377\313\v\27L\0\0\10"..., 52, 153183531) = 52
1694281 15:53:44.447016 pread64(20</home/userNoPriv/code/qlever/qlever-indices/dblp/dblp.index.spo>, "(\265/\375\240\240\270\5\0\374\"\0\304!Rq\206\f\0\0\0@STUVWXYZ[\\"..., 3133, 313907058) = 3133
1694281 15:53:44.447577 pread64(20</home/userNoPriv/code/qlever/qlever-indices/dblp/dblp.index.spo>, "(\265/\375\240\240\270\5\0\304\36\1Z\317\271@%\240%\225\34\377\377\217\320%n\365\301\364\371\220"..., 25468, 314007350) = 25468
1694281 15:53:44.447970 pread64(20</home/userNoPriv/code/qlever/qlever-indices/dblp/dblp.index.spo>, "(\265/\375\240\240\270\5\0\24\365\3\274r\3\263\331?\0\0\0\0\240\264mA7\3{\231U\f"..., 91353, 314150541) = 91353
1694281 15:53:44.448413 pread64(20</home/userNoPriv/code/qlever/qlever-indices/dblp/dblp.index.spo>, "(\265/\375\240\240\270\5\0\204\0\0@\235\243\375\v\0\0\0@\1\0\365\377\313\v\27L\0\0\10"..., 52, 314241946) = 52
1694289 15:53:44.448730 pread64(20</home/userNoPriv/code/qlever/qlever-indices/dblp/dblp.index.spo>, "(\265/\375\240\330\270\5\0\34\"\0D!v_\214\f\0\0\0@wxyz{|}~\177\200"..., 3160, 345911412) = 3160
1694289 15:53:44.448848 pread64(20</home/userNoPriv/code/qlever/qlever-indices/dblp/dblp.index.spo>, "(\265/\375\240\330\270\5\0T!\1\352\332yA#\220%\5\311\1\377\377\377k\233\320\326,\31U"..., 24559, 346006357) = 24559
1694289 15:53:44.449259 pread64(20</home/userNoPriv/code/qlever/qlever-indices/dblp/dblp.index.spo>, "(\265/\375\240\330\270\5\0\34\1\4\\q\3K\325\263\0\0\0\0\240Mj\270#\3{\231U\f"..., 92792, 346148023) = 92792
1694289 15:53:44.449987 pread64(20</home/userNoPriv/code/qlever/qlever-indices/dblp/dblp.index.spo>, "(\265/\375\240\330\270\5\0\204\0\0@\235\243\375\v\0\0\0@\1\0\365\377\313\v\27L\0\0\10"..., 52, 346240815) = 52
1694281 15:53:44.450066 pread64(20</home/userNoPriv/code/qlever/qlever-indices/dblp/dblp.index.spo>, "(\265/\375\240@\270\5\0L$\0T%se\214\f\0\0\0@tuvwxyz{|}"..., 3395, 346030916) = 3395
1694281 15:53:44.450253 pread64(20</home/userNoPriv/code/qlever/qlever-indices/dblp/dblp.index.spo>, "(\265/\375\240@\270\5\0\214\354\0z}Y5$\240\25$\205\3\377\377\217\320\205\262\375\313\274\312"..., 21559, 346126412) = 21559
1694281 15:53:44.450701 pread64(20</home/userNoPriv/code/qlever/qlever-indices/dblp/dblp.index.spo>, "(\265/\375\240@\270\5\0L\4\4\334o\3d\340\263\0\0\0\0\240e\266\238\3{\231U\f"..., 88745, 346265235) = 88745
1694281 15:53:44.451171 pread64(20</home/userNoPriv/code/qlever/qlever-indices/dblp/dblp.index.spo>, "(\265/\375\240@\270\5\0\204\0\0@\235\243\375\v\0\0\0@\1\0\365\377\313\v\27L\0\0\10"..., 52, 346353980) = 52
1694284 15:53:44.451433 pread64(20</home/userNoPriv/code/qlever/qlever-indices/dblp/dblp.index.spo>, "(\265/\375\240\300\270\5\0|#\0t#\320\300\226\f\0\0\0@\321\322\323\324\325\326\327\330\331\332"..., 3290, 403791457) = 3290
1694284 15:53:44.455146 pread64(20</home/userNoPriv/code/qlever/qlever-indices/dblp/dblp.index.spo>, "(\265/\375\240\300\270\5\0\34\374\0:\223)8$\220%\5\311\1\377\377\377k\323\372\314:M\34"..., 21802, 403864565) = 21802
1694284 15:53:44.455492 pread64(20</home/userNoPriv/code/qlever/qlever-indices/dblp/dblp.index.spo>, "(\265/\375\240\300\270\5\0\254m\4\214\276\3\211\377\246\1\0\0\0\240\212\213,E\1\3Y\231U"..., 100736, 404182472) = 100736
1694284 15:53:44.455925 pread64(20</home/userNoPriv/code/qlever/qlever-indices/dblp/dblp.index.spo>, "(\265/\375\240\300\270\5\0\204\0\0@\235\243\375\v\0\0\0@\1\0\365\377\313\v\27L\0\0\10"..., 52, 404383166) = 52
1694285 15:53:44.456318 pread64(20</home/userNoPriv/code/qlever/qlever-indices/dblp/dblp.index.spo>, "(\265/\375\240\270\270\5\0\24$\0d$&\307\226\f\0\0\0@'()*+,-./0"..., 3313, 403794747) = 3313
1694285 15:53:44.456596 pread64(20</home/userNoPriv/code/qlever/qlever-indices/dblp/dblp.index.spo>, "(\265/\375\240\270\270\5\0\214\326\0\352A\t-$\220%\5\311\1\377\377\377k\323\372\314\222!\16"..., 21311, 403843254) = 21311
1694285 15:53:44.456809 pread64(20</home/userNoPriv/code/qlever/qlever-indices/dblp/dblp.index.spo>, "(\265/\375\240\270\270\5\0\264O\4\314\257\3\254\307\246\1\0\0\0\240\255Y\231U\f\0\0\0@"..., 99958, 404283208) = 99958
1694285 15:53:44.457265 pread64(20</home/userNoPriv/code/qlever/qlever-indices/dblp/dblp.index.spo>, "(\265/\375\240\270\270\5\0\204\0\0@\235\243\375\v\0\0\0@\1\0\365\377\313\v\27L\0\0\10"..., 52, 404383218) = 52
1694286 15:53:44.457538 pread64(20</home/userNoPriv/code/qlever/qlever-indices/dblp/dblp.index.spo>, "(\265/\375\240\270\270\5\0d#\0\24#\221\315\226\f\0\0\0@\222\223\224\225\226\227\230\231\232\233"..., 3256, 404383270) = 3256
1694286 15:53:44.457719 pread64(20</home/userNoPriv/code/qlever/qlever-indices/dblp/dblp.index.spo>, "(\265/\375\240\270\270\5\0\364\376\0\352\22398$\220%\5\311\1\377\377\377k\323\372\314:M\34"..., 22194, 404389848) = 22194
1694286 15:53:44.457994 pread64(20</home/userNoPriv/code/qlever/qlever-indices/dblp/dblp.index.spo>, "(\265/\375\240\270\270\5\0\214\201\4\274\334\3Ln\247\1\0\0\0\240MY\231U\f\0\0\0@"..., 102736, 404508641) = 102736
1694286 15:53:44.458208 pread64(20</home/userNoPriv/code/qlever/qlever-indices/dblp/dblp.index.spo>, "(\265/\375\240\270\270\5\0\204\0\0@\235\243\375\v\0\0\0@\1\0\365\377\313\v\27L\0\0\10"..., 52, 404711810) = 52
1694287 15:53:44.458617 pread64(20</home/userNoPriv/code/qlever/qlever-indices/dblp/dblp.index.spo>, "(\265/\375\240h\270\5\0d$\0\204$\200b\265\f\0\0\0@\201\202\203\204\205\206\207\210\211\212"..., 3209, 566119315) = 3209
1694287 15:53:44.458995 pread64(20</home/userNoPriv/code/qlever/qlever-indices/dblp/dblp.index.spo>, "(\265/\375\240h\270\5\0l\363\0*}%5#\240\25\24$\7\377\377\217.\225\355\237S\202\34"..., 24359, 566146509) = 24359
1694287 15:53:44.459214 pread64(20</home/userNoPriv/code/qlever/qlever-indices/dblp/dblp.index.spo>, "(\265/\375\240h\270\5\0T9\4|\314\3\215\313f\1\0\0\0\240\216\374x\v\3Y\231U\f"..., 97702, 566173883) = 97702
1694287 15:53:44.460119 pread64(20</home/userNoPriv/code/qlever/qlever-indices/dblp/dblp.index.spo>, "(\265/\375\240h\270\5\0\204\0\0@\235\243\375\v\0\0\0@\1\0\365\377\313\v\27L\0\0\10"..., 52, 566271585) = 52
1694288 15:53:44.460385 +++ exited with 0 +++
1694290 15:53:44.460468 +++ exited with 0 +++
1694283 15:53:44.460528 +++ exited with 0 +++
1694282 15:53:44.460639 +++ exited with 0 +++
1694284 15:53:44.461202 +++ exited with 0 +++
1694285 15:53:44.461423 +++ exited with 0 +++
1694289 15:53:44.461539 +++ exited with 0 +++
1694286 15:53:44.461845 +++ exited with 0 +++
1694281 15:53:44.461929 +++ exited with 0 +++
1694279 15:53:44.462261 pread64(20</home/userNoPriv/code/qlever/qlever-indices/dblp/dblp.index.spo> <unfinished ...>
1694287 15:53:44.462464 +++ exited with 0 +++
1694279 15:53:44.462617 <... pread64 resumed>, "(\265/\375\240\10\270\5\0\304\37\0\24\36?\375\314\f\0\0\0@@ABCDEFGHI"..., 2969, 704213844) = 2969
1694279 15:53:44.462648 pread64(20</home/userNoPriv/code/qlever/qlever-indices/dblp/dblp.index.spo>, "(\265/\375\240\10\270\5\0D\37\1\332\326\265A$\220%\5\311\1\377\377\377k\363\360\231u\266u"..., 26629, 704242790) = 26629
1694279 15:53:44.462941 pread64(20</home/userNoPriv/code/qlever/qlever-indices/dblp/dblp.index.spo>, "(\265/\375\240\10\270\5\0Da\4\234\333\3\324b{\2\0\0\0\240\325\316\314B\3Y\231U\f"..., 101119, 704451464) = 101119
1694279 15:53:44.463362 pread64(20</home/userNoPriv/code/qlever/qlever-indices/dblp/dblp.index.spo>, "(\265/\375\240\10\270\5\0\204\0\0@\235\243\375\v\0\0\0@\1\0\365\377\313\v\27L\0\0\10"..., 52, 704647962) = 52
1694270 15:53:44.465022 pread64(5</home/userNoPriv/code/qlever/qlever-indices/dblp/dblp.vocabulary.words.external.offsets>, "\312\345\17\227\0\0\0\0\327\345\17\227\0\0\0\0", 16, 1689653752) = 16
1694270 15:53:44.465128 pread64(4</home/userNoPriv/code/qlever/qlever-indices/dblp/dblp.vocabulary.words.external>, "-?6CnB\223{VO\24Q\247", 13, 2534401482) = 13
1694270 15:53:44.465228 pread64(5</home/userNoPriv/code/qlever/qlever-indices/dblp/dblp.vocabulary.words.external.offsets>, "KV\20\227\0\0\0\0TV\20\227\0\0\0\0", 16, 1689673704) = 16
1694270 15:53:44.465302 pread64(4</home/userNoPriv/code/qlever/qlever-indices/dblp/dblp.vocabulary.words.external>, "-?6\31DrEQ\252", 9, 2534430283) = 9
1694270 15:53:44.465356 pread64(5</home/userNoPriv/code/qlever/qlever-indices/dblp/dblp.vocabulary.words.external.offsets>, "G\207\20\227\0\0\0\0Q\207\20\227\0\0\0\0", 16, 1689682464) = 16
1694270 15:53:44.465407 pread64(4</home/userNoPriv/code/qlever/qlever-indices/dblp/dblp.vocabulary.words.external>, "-?6CJL\355U_\224", 10, 2534442823) = 10
1694270 15:53:44.465496 pread64(5</home/userNoPriv/code/qlever/qlever-indices/dblp/dblp.vocabulary.words.external.offsets>, "\364\344\253\221\0\0\0\0\20\345\253\221\0\0\0\0", 16, 1609372520) = 16
1694270 15:53:44.465550 pread64(4</home/userNoPriv/code/qlever/qlever-indices/dblp/dblp.vocabulary.words.external>, "\368-D5\214.8\3 ?)+y$+\221=).3j@\262F$x\"", 28, 2443961588) = 28
1694270 15:53:44.465604 pread64(5</home/userNoPriv/code/qlever/qlever-indices/dblp/dblp.vocabulary.words.external.offsets>, "e\236\4\222\0\0\0\0\207\236\4\222\0\0\0\0", 16, 1610765032) = 16
1694270 15:53:44.466369 pread64(4</home/userNoPriv/code/qlever/qlever-indices/dblp/dblp.vocabulary.words.external>, ";\333L?v}}Yc\260Yo\202m\257\327\202_\251\332\3100\351\202\310_\251vw\251\332k"..., 34, 2449776229) = 34
1694270 15:53:44.466469 pread64(5</home/userNoPriv/code/qlever/qlever-indices/dblp/dblp.vocabulary.words.external.offsets>, "\335\236\4\222\0\0\0\0\371\236\4\222\0\0\0\0", 16, 1610765064) = 16
1694270 15:53:44.466537 pread64(4</home/userNoPriv/code/qlever/qlever-indices/dblp/dblp.vocabulary.words.external>, ";\333L?J\302YcMYm\257\327\202_\224\334S\324\\\251vz\\\342SzG", 28, 2449776349) = 28
1694270 15:53:44.466591 pread64(5</home/userNoPriv/code/qlever/qlever-indices/dblp/dblp.vocabulary.words.external.offsets>, "\264\240\4\222\0\0\0\0\313\240\4\222\0\0\0\0", 16, 1610765192) = 16
1694270 15:53:44.466642 pread64(4</home/userNoPriv/code/qlever/qlever-indices/dblp/dblp.vocabulary.words.external>, ";\333L?Jc\260Y\275Y\250\333z\251v_\\\324S\251e_G", 23, 2449776820) = 23
1694270 15:53:44.466696 pread64(5</home/userNoPriv/code/qlever/qlever-indices/dblp/dblp.vocabulary.words.external.offsets>, "\274\223\377\223\0\0\0\0\324\223\377\223\0\0\0\0", 16, 1655491280) = 16
1694270 15:53:44.466748 pread64(4</home/userNoPriv/code/qlever/qlever-indices/dblp/dblp.vocabulary.words.external>, "\30\377\227:\32$<\5\37\223\35v\377\377\213\t45\215\35<&M1", 24, 2483000252) = 24
1694270 15:53:44.466802 pread64(5</home/userNoPriv/code/qlever/qlever-indices/dblp/dblp.vocabulary.words.external.offsets>, "!\224\377\223\0\0\0\09\224\377\223\0\0\0\0", 16, 1655491312) = 16
1694270 15:53:44.466854 pread64(4</home/userNoPriv/code/qlever/qlever-indices/dblp/dblp.vocabulary.words.external>, "\30\377\227:\32$<\5\37\223\35v\377\377\213b7\246\351CMB\0351", 24, 2483000353) = 24
1694270 15:53:44.466906 pread64(5</home/userNoPriv/code/qlever/qlever-indices/dblp/dblp.vocabulary.words.external.offsets>, "\260\224\377\223\0\0\0\0\310\224\377\223\0\0\0\0", 16, 1655491360) = 16
1694270 15:53:44.466958 pread64(4</home/userNoPriv/code/qlever/qlever-indices/dblp/dblp.vocabulary.words.external>, "\30\377\227:\32$<\5\37\223\35v\377\377\213H$\35w\35<&M1", 24, 2483000496) = 24
1694270 15:53:44.467009 pread64(5</home/userNoPriv/code/qlever/qlever-indices/dblp/dblp.vocabulary.words.external.offsets>, "7\225\377\223\0\0\0\0R\225\377\223\0\0\0\0", 16, 1655491408) = 16
1694270 15:53:44.467059 pread64(4</home/userNoPriv/code/qlever/qlever-indices/dblp/dblp.vocabulary.words.external>, "\30\377\227:\32$<\5\37\223\35v\377\377\213<\34H\"\274'48!:\0351", 27, 2483000631) = 27
1694270 15:53:44.467109 pread64(5</home/userNoPriv/code/qlever/qlever-indices/dblp/dblp.vocabulary.words.external.offsets>, "R\225\377\223\0\0\0\0e\225\377\223\0\0\0\0", 16, 1655491416) = 16
1694270 15:53:44.467163 pread64(4</home/userNoPriv/code/qlever/qlever-indices/dblp/dblp.vocabulary.words.external>, "\30\377\227:\32$<\5\37\223\35v\377\377\213<\34(1", 19, 2483000658) = 19
1694270 15:53:44.467235 pread64(5</home/userNoPriv/code/qlever/qlever-indices/dblp/dblp.vocabulary.words.external.offsets>, "\n\226\377\223\0\0\0\0$\226\377\223\0\0\0\0", 16, 1655491480) = 16
1694270 15:53:44.467287 pread64(4</home/userNoPriv/code/qlever/qlever-indices/dblp/dblp.vocabulary.words.external>, "\30\377\227:\32$<\5\37\223\35v\377\377\213t\37\33(:'w\"$\0351", 26, 2483000842) = 26
1694270 15:53:44.467338 pread64(5</home/userNoPriv/code/qlever/qlever-indices/dblp/dblp.vocabulary.words.external.offsets>, "_\227\377\223\0\0\0\0|\227\377\223\0\0\0\0", 16, 1655491600) = 16
1694270 15:53:44.467382 pread64(4</home/userNoPriv/code/qlever/qlever-indices/dblp/dblp.vocabulary.words.external>, "\30\377\227:\32$<\5\37\223\35v\377\377\213\212\37\246<\216'C\34H8!:\0351", 29, 2483001183) = 29
1694270 15:53:44.467423 pread64(5</home/userNoPriv/code/qlever/qlever-indices/dblp/dblp.vocabulary.words.external.offsets>, "\232\227\377\223\0\0\0\0\267\227\377\223\0\0\0\0", 16, 1655491616) = 16
1694270 15:53:44.467463 pread64(4</home/userNoPriv/code/qlever/qlever-indices/dblp/dblp.vocabulary.words.external>, "\30\377\227:\32$<\5\37\223\35v\377\377\213'\"U7[\216P/$\35w\215\0371", 29, 2483001242) = 29
1694270 15:53:44.467515 pread64(5</home/userNoPriv/code/qlever/qlever-indices/dblp/dblp.vocabulary.words.external.offsets>, "\267\227\377\223\0\0\0\0\313\227\377\223\0\0\0\0", 16, 1655491624) = 16
1694270 15:53:44.467556 pread64(4</home/userNoPriv/code/qlever/qlever-indices/dblp/dblp.vocabulary.words.external>, "\30\377\227:\32$<\5\37\223\35v\377\377\213\34U(<1", 20, 2483001271) = 20
1694270 15:53:44.467598 pread64(5</home/userNoPriv/code/qlever/qlever-indices/dblp/dblp.vocabulary.words.external.offsets>, "\336\227\377\223\0\0\0\0\364\227\377\223\0\0\0\0", 16, 1655491640) = 16
1694270 15:53:44.467641 pread64(4</home/userNoPriv/code/qlever/qlever-indices/dblp/dblp.vocabulary.words.external>, "\30\377\227:\32$<\5\37\223\35v\377\377\213\307:Vw\345'1", 22, 2483001310) = 22
1694270 15:53:44.467682 pread64(5</home/userNoPriv/code/qlever/qlever-indices/dblp/dblp.vocabulary.words.external.offsets>, "\235\230\377\223\0\0\0\0\275\230\377\223\0\0\0\0", 16, 1655491696) = 16
1694270 15:53:44.467722 pread64(4</home/userNoPriv/code/qlever/qlever-indices/dblp/dblp.vocabulary.words.external>, "\30\377\227:\32$<\5\37\223\35v\377\377\213B$\275YM=\34H\"\274'48!:\0351", 32, 2483001501) = 32
1694270 15:53:44.467763 pread64(5</home/userNoPriv/code/qlever/qlever-indices/dblp/dblp.vocabulary.words.external.offsets>, "\201\231\377\223\0\0\0\0\233\231\377\223\0\0\0\0", 16, 1655491760) = 16
1694270 15:53:44.467804 pread64(4</home/userNoPriv/code/qlever/qlever-indices/dblp/dblp.vocabulary.words.external>, "\30\377\227:\32$<\5\37\223\35v\377\377\213B\"7\212\0375\35<x'1", 26, 2483001729) = 26
1694270 15:53:44.467845 pread64(5</home/userNoPriv/code/qlever/qlever-indices/dblp/dblp.vocabulary.words.external.offsets>, "\334\231\377\223\0\0\0\0\373\231\377\223\0\0\0\0", 16, 1655491784) = 16
1694270 15:53:44.467885 pread64(4</home/userNoPriv/code/qlever/qlever-indices/dblp/dblp.vocabulary.words.external>, "\30\377\227:\32$<\5\37\223\35v\377\377\213B\"7\212\0375\35<x'I\244$'n1", 31, 2483001820) = 31
1694270 15:53:44.467925 pread64(5</home/userNoPriv/code/qlever/qlever-indices/dblp/dblp.vocabulary.words.external.offsets>, "\373\231\377\223\0\0\0\0\37\232\377\223\0\0\0\0", 16, 1655491792) = 16
1694270 15:53:44.467965 pread64(4</home/userNoPriv/code/qlever/qlever-indices/dblp/dblp.vocabulary.words.external>, "\30\377\227:\32$<\5\37\223\35v\377\377\213B\"7\212\0375\35<x'I\244$'n]\34"..., 36, 2483001851) = 36
1694270 15:53:44.468010 pread64(5</home/userNoPriv/code/qlever/qlever-indices/dblp/dblp.vocabulary.words.external.offsets>, "\37\232\377\223\0\0\0\0H\232\377\223\0\0\0\0", 16, 1655491800) = 16
1694270 15:53:44.468050 pread64(4</home/userNoPriv/code/qlever/qlever-indices/dblp/dblp.vocabulary.words.external>, "\30\377\227:\32$<\5\37\223\35v\377\377\213B\"7\212\0375\35<x'I\244$'n]\34"..., 41, 2483001887) = 41
1694270 15:53:44.468097 pread64(5</home/userNoPriv/code/qlever/qlever-indices/dblp/dblp.vocabulary.words.external.offsets>, "\211\232\377\223\0\0\0\0\250\232\377\223\0\0\0\0", 16, 1655491824) = 16
1694270 15:53:44.468143 pread64(4</home/userNoPriv/code/qlever/qlever-indices/dblp/dblp.vocabulary.words.external>, "\30\377\227:\32$<\5\37\223\35v\377\377\213B\"7\212\0375\35<x'\0334$\35O1", 31, 2483001993) = 31
1694270 15:53:44.468189 pread64(5</home/userNoPriv/code/qlever/qlever-indices/dblp/dblp.vocabulary.words.external.offsets>, "g\234\377\223\0\0\0\0z\234\377\223\0\0\0\0", 16, 1655491968) = 16
1694270 15:53:44.468229 pread64(4</home/userNoPriv/code/qlever/qlever-indices/dblp/dblp.vocabulary.words.external>, "\30\377\227:\32$<\5\37\223\35v\377\377\2134\276\1771", 19, 2483002471) = 19
1694270 15:53:44.468270 pread64(5</home/userNoPriv/code/qlever/qlever-indices/dblp/dblp.vocabulary.words.external.offsets>, "$\235\377\223\0\0\0\0:\235\377\223\0\0\0\0", 16, 1655492032) = 16
1694270 15:53:44.468310 pread64(4</home/userNoPriv/code/qlever/qlever-indices/dblp/dblp.vocabulary.words.external>, "\30\377\227:\32$<\5\37\223\35v\377\377\213a(D(lp1", 22, 2483002660) = 22
1694270 15:53:44.468350 pread64(5</home/userNoPriv/code/qlever/qlever-indices/dblp/dblp.vocabulary.words.external.offsets>, "\202\235\377\223\0\0\0\0\237\235\377\223\0\0\0\0", 16, 1655492064) = 16
1694270 15:53:44.468389 pread64(4</home/userNoPriv/code/qlever/qlever-indices/dblp/dblp.vocabulary.words.external>, "\30\377\227:\32$<\5\37\223\35v\377\377\213M\35Y\216P8\"7\212m4\345'1", 29, 2483002754) = 29
1694270 15:53:44.468461 pread64(5</home/userNoPriv/code/qlever/qlever-indices/dblp/dblp.vocabulary.words.external.offsets>, "\202\273<\0\0\0\0\0\204\273<\0\0\0\0\0", 16, 3032064) = 16
1694270 15:53:44.468513 pread64(4</home/userNoPriv/code/qlever/qlever-indices/dblp/dblp.vocabulary.words.external>, "'E", 2, 3980162) = 2
1694270 15:53:44.468566 pread64(5</home/userNoPriv/code/qlever/qlever-indices/dblp/dblp.vocabulary.words.external.offsets>, "\216\375\7\4\0\0\0\0\220\375\7\4\0\0\0\0", 16, 59102184) = 16
1694270 15:53:44.468613 pread64(4</home/userNoPriv/code/qlever/qlever-indices/dblp/dblp.vocabulary.words.external>, "\n\3", 2, 67632526) = 2
1694270 15:53:44.468934 pread64(5</home/userNoPriv/code/qlever/qlever-indices/dblp/dblp.vocabulary.words.external.offsets>, "\230%\21\4\0\0\0\0\232%\21\4\0\0\0\0", 16, 59942152) = 16
1694270 15:53:44.468984 pread64(4</home/userNoPriv/code/qlever/qlever-indices/dblp/dblp.vocabulary.words.external>, "\4\3", 2, 68232600) = 2
1694270 15:53:44.469649 pread64(5</home/userNoPriv/code/qlever/qlever-indices/dblp/dblp.vocabulary.words.external.offsets>, "\317\206J\4\0\0\0\0\321\206J\4\0\0\0\0", 16, 65621240) = 16
1694270 15:53:44.469691 pread64(4</home/userNoPriv/code/qlever/qlever-indices/dblp/dblp.vocabulary.words.external>, "\7\3", 2, 71993039) = 2
1694270 15:53:44.469733 pread64(5</home/userNoPriv/code/qlever/qlever-indices/dblp/dblp.vocabulary.words.external.offsets>, "\267'\10\5\0\0\0\0\274'\10\5\0\0\0\0", 16, 83621344) = 16
1694270 15:53:44.469774 pread64(4</home/userNoPriv/code/qlever/qlever-indices/dblp/dblp.vocabulary.words.external>, "\34\"0t\6", 5, 84420535) = 5
1694270 15:53:44.469815 pread64(5</home/userNoPriv/code/qlever/qlever-indices/dblp/dblp.vocabulary.words.external.offsets>, "\21yb\5\0\0\0\0\23yb\5\0\0\0\0", 16, 91912288) = 16
1694270 15:53:44.470388 pread64(4</home/userNoPriv/code/qlever/qlever-indices/dblp/dblp.vocabulary.words.external>, "\6,", 2, 90339601) = 2
1694270 15:53:44.470429 pread64(5</home/userNoPriv/code/qlever/qlever-indices/dblp/dblp.vocabulary.words.external.offsets>, "^un\5\0\0\0\0dun\5\0\0\0\0", 16, 92888248) = 16
1694270 15:53:44.470471 pread64(4</home/userNoPriv/code/qlever/qlever-indices/dblp/dblp.vocabulary.words.external>, "4\v\23\t\204\200", 6, 91125086) = 6
1694270 15:53:44.471206 pread64(5</home/userNoPriv/code/qlever/qlever-indices/dblp/dblp.vocabulary.words.external.offsets>, "\206A~\5\0\0\0\0\214A~\5\0\0\0\0", 16, 94017784) = 16
1694270 15:53:44.471253 pread64(4</home/userNoPriv/code/qlever/qlever-indices/dblp/dblp.vocabulary.words.external>, "\34\23\v\2\vA", 6, 92160390) = 6
1694270 15:53:44.471299 pread64(5</home/userNoPriv/code/qlever/qlever-indices/dblp/dblp.vocabulary.words.external.offsets>, "\357\303x\n\0\0\0\0\6\304x\n\0\0\0\0", 16, 118299416) = 16
1694270 15:53:44.471339 pread64(4</home/userNoPriv/code/qlever/qlever-indices/dblp/dblp.vocabulary.words.external>, "\22av\nsR\356rSp\2012s\20\v\202\10\272\335*\347\r'", 23, 175686639) = 23
1694270 15:53:44.471613 pread64(5</home/userNoPriv/code/qlever/qlever-indices/dblp/dblp.vocabulary.words.external.offsets>, "\31\312$\20\0\0\0\0A\312$\20\0\0\0\0", 16, 176430648) = 16
1694270 15:53:44.472195 pread64(4</home/userNoPriv/code/qlever/qlever-indices/dblp/dblp.vocabulary.words.external>, "Z{\27{k{W\r*\109\27g\27s\n\202:\2708o|\233\266\351\316\224\311+A~\t"..., 40, 270846489) = 40
1694270 15:53:44.472463 pread64(5</home/userNoPriv/code/qlever/qlever-indices/dblp/dblp.vocabulary.words.external.offsets>, ",\7\"\22\0\0\0\0005\7\"\22\0\0\0\0", 16, 182531480) = 16
1694270 15:53:44.473098 pread64(4</home/userNoPriv/code/qlever/qlever-indices/dblp/dblp.vocabulary.words.external>, "HAA^{\27(\32\30", 9, 304219948) = 9
1694270 15:53:44.473400 pread64(5</home/userNoPriv/code/qlever/qlever-indices/dblp/dblp.vocabulary.words.external.offsets>, "\240\246^\22\0\0\0\0\260\246^\22\0\0\0\0", 16, 183245264) = 16
1694270 15:53:44.473891 pread64(4</home/userNoPriv/code/qlever/qlever-indices/dblp/dblp.vocabulary.words.external>, "H\351\316\224\311+A~So\7$\0\16\23=", 16, 308192928) = 16
1694270 15:53:44.474172 pread64(5</home/userNoPriv/code/qlever/qlever-indices/dblp/dblp.vocabulary.words.external.offsets>, "\252\255!\30\0\0\0\0\315\255!\30\0\0\0\0", 16, 223829912) = 16
1694270 15:53:44.474656 pread64(4</home/userNoPriv/code/qlever/qlever-indices/dblp/dblp.vocabulary.words.external>, "-J]9*e\240\31r\0233\326\24r \0,\t\37\32T'\260\6&\212\22\17e\327I\254"..., 35, 404860330) = 35
1694270 15:53:44.474927 pread64(5</home/userNoPriv/code/qlever/qlever-indices/dblp/dblp.vocabulary.words.external.offsets>, "hk\261\30\0\0\0\0\227k\261\30\0\0\0\0", 16, 225613528) = 16
1694270 15:53:44.474968 pread64(4</home/userNoPriv/code/qlever/qlever-indices/dblp/dblp.vocabulary.words.external>, "\1\27\fz\257\222e:\v\306$\253\0163%\23\34\21\177\10a\233|\"%\202*\"\r#l>"..., 47, 414280552) = 47
1694270 15:53:44.475252 pread64(5</home/userNoPriv/code/qlever/qlever-indices/dblp/dblp.vocabulary.words.external.offsets>, "\261p\314\205\0\0\0\0\310p\314\205\0\0\0\0", 16, 1528036720) = 16
1694270 15:53:44.475293 pread64(4</home/userNoPriv/code/qlever/qlever-indices/dblp/dblp.vocabulary.words.external>, "K\24\21\f\17\244\267N\2A&\16\v%k,\0\324:aY\360\27", 23, 2244767921) = 23
1694270 15:53:44.475335 pread64(5</home/userNoPriv/code/qlever/qlever-indices/dblp/dblp.vocabulary.words.external.offsets>, "\242ri\220\0\0\0\0\252ri\220\0\0\0\0", 16, 1596064600) = 16
1694270 15:53:44.475958 pread64(4</home/userNoPriv/code/qlever/qlever-indices/dblp/dblp.vocabulary.words.external>, "&KR\257-\212\212k", 8, 2422829730) = 8
1694270 15:53:44.476567 pread64(5</home/userNoPriv/code/qlever/qlever-indices/dblp/dblp.vocabulary.words.external.offsets>, "^\261j\220\0\0\0\0f\261j\220\0\0\0\0", 16, 1596137944) = 16
1694270 15:53:44.476611 pread64(4</home/userNoPriv/code/qlever/qlever-indices/dblp/dblp.vocabulary.words.external>, "&K<\270-\216\300n", 8, 2422911326) = 8
1694270 15:53:44.477008 pread64(5</home/userNoPriv/code/qlever/qlever-indices/dblp/dblp.vocabulary.words.external.offsets>, "\303\314j\220\0\0\0\0\313\314j\220\0\0\0\0", 16, 1596144912) = 16
1694270 15:53:44.477049 pread64(4</home/userNoPriv/code/qlever/qlever-indices/dblp/dblp.vocabulary.words.external>, "&KuC-\216\253M", 8, 2422918339) = 8
1694270 15:53:44.477089 pread64(5</home/userNoPriv/code/qlever/qlever-indices/dblp/dblp.vocabulary.words.external.offsets>, "\341\340\253\221\0\0\0\0\0\341\253\221\0\0\0\0", 16, 1609372208) = 16
1694270 15:53:44.477130 pread64(4</home/userNoPriv/code/qlever/qlever-indices/dblp/dblp.vocabulary.words.external>, "\368-D5\214@#+ @`@,-F @O:\n+#\344\372\211JD\273\2\"", 31, 2443960545) = 31
1694270 15:53:44.477184 pread64(5</home/userNoPriv/code/qlever/qlever-indices/dblp/dblp.vocabulary.words.external.offsets>, "=\337/\222\0\0\0\0C\337/\222\0\0\0\0", 16, 1614503272) = 16
1694270 15:53:44.477714 pread64(4</home/userNoPriv/code/qlever/qlever-indices/dblp/dblp.vocabulary.words.external>, ">P\302\303\260\t", 6, 2452610877) = 6
1694270 15:53:44.478465 pread64(5</home/userNoPriv/code/qlever/qlever-indices/dblp/dblp.vocabulary.words.external.offsets>, "R\30B\222\0\0\0\0X\30B\222\0\0\0\0", 16, 1616050320) = 16
1694270 15:53:44.478517 pread64(4</home/userNoPriv/code/qlever/qlever-indices/dblp/dblp.vocabulary.words.external>, ">l\236|\252`", 6, 2453805138) = 6
1694270 15:53:44.478560 pread64(5</home/userNoPriv/code/qlever/qlever-indices/dblp/dblp.vocabulary.words.external.offsets>, "m'B\222\0\0\0\0t'B\222\0\0\0\0", 16, 1616055336) = 16
1694270 15:53:44.478600 pread64(4</home/userNoPriv/code/qlever/qlever-indices/dblp/dblp.vocabulary.words.external>, ">l\236}r\253G", 7, 2453809005) = 7
1694270 15:53:44.478642 pread64(5</home/userNoPriv/code/qlever/qlever-indices/dblp/dblp.vocabulary.words.external.offsets>, "K`\271\222\0\0\0\0U`\271\222\0\0\0\0", 16, 1623376600) = 16
1694270 15:53:44.479159 pread64(4</home/userNoPriv/code/qlever/qlever-indices/dblp/dblp.vocabulary.words.external>, "\32\27:\23\337:\23@F/", 10, 2461622347) = 10
1694270 15:53:44.479633 pread64(5</home/userNoPriv/code/qlever/qlever-indices/dblp/dblp.vocabulary.words.external.offsets>, "U`\271\222\0\0\0\0_`\271\222\0\0\0\0", 16, 1623376608) = 16
1694270 15:53:44.479684 pread64(4</home/userNoPriv/code/qlever/qlever-indices/dblp/dblp.vocabulary.words.external>, "\32\27:\23\337:\23@h/", 10, 2461622357) = 10
1694270 15:53:44.479731 pread64(5</home/userNoPriv/code/qlever/qlever-indices/dblp/dblp.vocabulary.words.external.offsets>, "\207`\271\222\0\0\0\0\221`\271\222\0\0\0\0", 16, 1623376648) = 16
1694270 15:53:44.479777 pread64(4</home/userNoPriv/code/qlever/qlever-indices/dblp/dblp.vocabulary.words.external>, "\32\27:\23\337:\23@\201/", 10, 2461622407) = 10
1694270 15:53:44.479826 pread64(5</home/userNoPriv/code/qlever/qlever-indices/dblp/dblp.vocabulary.words.external.offsets>, "\202L\375\223\0\0\0\0\217L\375\223\0\0\0\0", 16, 1655397184) = 16
1694270 15:53:44.479870 pread64(4</home/userNoPriv/code/qlever/qlever-indices/dblp/dblp.vocabulary.words.external>, "\23<\0326z=(\343D\0374d1", 13, 2482850946) = 13
1694270 15:53:44.479914 pread64(5</home/userNoPriv/code/qlever/qlever-indices/dblp/dblp.vocabulary.words.external.offsets>, "\30\237\375\223\0\0\0\0\"\237\375\223\0\0\0\0", 16, 1655410088) = 16
1694270 15:53:44.479954 pread64(4</home/userNoPriv/code/qlever/qlever-indices/dblp/dblp.vocabulary.words.external>, "\0235\324@?0\34Y\0351", 10, 2482872088) = 10
1694270 15:53:44.479995 pread64(5</home/userNoPriv/code/qlever/qlever-indices/dblp/dblp.vocabulary.words.external.offsets>, "\370\343\375\223\0\0\0\0\6\344\375\223\0\0\0\0", 16, 1655420656) = 16
1694270 15:53:44.480035 pread64(4</home/userNoPriv/code/qlever/qlever-indices/dblp/dblp.vocabulary.words.external>, "\23D\32=Sn<z*'\"451", 14, 2482889720) = 14
1694270 15:53:44.480081 pread64(5</home/userNoPriv/code/qlever/qlever-indices/dblp/dblp.vocabulary.words.external.offsets>, "\247\223\377\223\0\0\0\0\274\223\377\223\0\0\0\0", 16, 1655491272) = 16
1694270 15:53:44.480130 pread64(4</home/userNoPriv/code/qlever/qlever-indices/dblp/dblp.vocabulary.words.external>, "\30\377\227:\32$<\5\37\223\35v\377\377\213@$4\202\1771", 21, 2483000231) = 21
1694270 15:53:44.480173 pread64(5</home/userNoPriv/code/qlever/qlever-indices/dblp/dblp.vocabulary.words.external.offsets>, "\25\231\377\223\0\0\0\0-\231\377\223\0\0\0\0", 16, 1655491728) = 16
1694270 15:53:44.480227 pread64(4</home/userNoPriv/code/qlever/qlever-indices/dblp/dblp.vocabulary.words.external>, "\30\377\227:\32$<\5\37\223\35v\377\377\2138\"7\212m4\345'1", 24, 2483001621) = 24
1694270 15:53:44.480277 pread64(5</home/userNoPriv/code/qlever/qlever-indices/dblp/dblp.vocabulary.words.external.offsets>, "r\21\255\231\0\0\0\0\177\21\255\231\0\0\0\0", 16, 1721291216) = 16
1694270 15:53:44.480791 pread64(4</home/userNoPriv/code/qlever/qlever-indices/dblp/dblp.vocabulary.words.external>, "-\355KYQI\v\226M8Me4", 13, 2578256242) = 13
1694270 15:53:44.481393 pread64(5</home/userNoPriv/code/qlever/qlever-indices/dblp/dblp.vocabulary.words.external.offsets>, "\25\376\35\244\0\0\0\0\35\376\35\244\0\0\0\0", 16, 1863864904) = 16
1694270 15:53:44.482046 pread64(4</home/userNoPriv/code/qlever/qlever-indices/dblp/dblp.vocabulary.words.external>, "\27\21V\276\214ZH\35", 8, 2753429013) = 8
1694270 15:53:44.482949 pread64(5</home/userNoPriv/code/qlever/qlever-indices/dblp/dblp.vocabulary.words.external.offsets>, "\3300\37\244\0\0\0\0\3400\37\244\0\0\0\0", 16, 1863939264) = 16
1694270 15:53:44.482997 pread64(4</home/userNoPriv/code/qlever/qlever-indices/dblp/dblp.vocabulary.words.external>, "\27\37:\371^Ej\35", 8, 2753507544) = 8
1694270 15:53:44.483581 pread64(5</home/userNoPriv/code/qlever/qlever-indices/dblp/dblp.vocabulary.words.external.offsets>, "\217M\37\244\0\0\0\0\230M\37\244\0\0\0\0", 16, 1863946408) = 16
1694270 15:53:44.483659 pread64(4</home/userNoPriv/code/qlever/qlever-indices/dblp/dblp.vocabulary.words.external>, "\27\37:<)^s\211\35", 9, 2753514895) = 9
1694270 15:53:44.483707 pread64(5</home/userNoPriv/code/qlever/qlever-indices/dblp/dblp.vocabulary.words.external.offsets>, "\377\340\311\371\0\0\0\0\5\341\311\371\0\0\0\0", 16, 3103855968) = 16
1694270 15:53:44.484412 pread64(4</home/userNoPriv/code/qlever/qlever-indices/dblp/dblp.vocabulary.words.external>, "{\203\243\355\205\217", 6, 4190757119) = 6
1694270 15:53:44.484784 pread64(5</home/userNoPriv/code/qlever/qlever-indices/dblp/dblp.vocabulary.words.external.offsets>, "\37\t'\374\0\0\0\0%\t'\374\0\0\0\0", 16, 3166329440) = 16
1694270 15:53:44.485541 pread64(4</home/userNoPriv/code/qlever/qlever-indices/dblp/dblp.vocabulary.words.external>, "~\204\354\334\300\203", 6, 4230416671) = 6
1694270 15:53:44.485858 pread64(5</home/userNoPriv/code/qlever/qlever-indices/dblp/dblp.vocabulary.words.external.offsets>, "d7e\377\0\0\0\0i7e\377\0\0\0\0", 16, 3249429976) = 16
1694270 15:53:44.486397 pread64(4</home/userNoPriv/code/qlever/qlever-indices/dblp/dblp.vocabulary.words.external>, "01\265\230j", 5, 4284823396) = 5
1694279 15:53:44.487352 +++ exited with 0 +++
1694291 15:53:44.487712 +++ exited with 0 +++
1694278 15:53:44.488208 +++ exited with 0 +++
