2026-07-30 22:33:19.751 - INFO: [1mQLever server v0.5.50-58-gbdd1a6b9, compiled on Thu Jul 30 22:03:57 CEST 2026 using git hash bdd1a6b[22m
2026-07-30 22:33:19.751 - INFO: The git hash used to build this index was "8c99fe"
2026-07-30 22:33:19.752 - INFO: Reading vocabulary from file /home/userNoPriv/code/qlever/qlever-indices/dblp/dblp.vocabulary.words ...
2026-07-30 22:33:19.767 - INFO: Done, number of words: 409,446,926
2026-07-30 22:33:19.767 - INFO: Number of words in internal vocabulary (these are also part of the external vocabulary): 409,457
2026-07-30 22:33:19.777 - INFO: Registered PSO permutation: #relations = 6, #blocks = 7,515, #triples = 234,800,838
2026-07-30 22:33:19.800 - INFO: Registered PSO permutation: #relations = 96, #blocks = 46,913, #triples = 1,464,719,701
2026-07-30 22:33:19.803 - INFO: Registered POS permutation: #relations = 6, #blocks = 7,515, #triples = 234,800,838
2026-07-30 22:33:19.827 - INFO: Registered POS permutation: #relations = 96, #blocks = 46,913, #triples = 1,464,719,701
2026-07-30 22:33:19.847 - INFO: Registered OPS permutation: #relations = 318,850,904, #blocks = 39,014, #triples = 1,464,719,701
2026-07-30 22:33:19.867 - INFO: Registered OSP permutation: #relations = 318,850,904, #blocks = 39,014, #triples = 1,464,719,701
2026-07-30 22:33:19.880 - INFO: Registered SPO permutation: #relations = 234,800,427, #blocks = 31,251, #triples = 1,464,719,701
2026-07-30 22:33:19.893 - INFO: Registered SOP permutation: #relations = 234,800,427, #blocks = 31,251, #triples = 1,464,719,701
2026-07-30 22:33:19.893 - INFO: Reading patterns from file /home/userNoPriv/code/qlever/qlever-indices/dblp/dblp.index.patterns ...
2026-07-30 22:33:19.894 - INFO: Sorting random result tables to estimate the sorting performance of this machine ...
2026-07-30 22:33:28.549 - INFO: Initializing server ...
2026-07-30 22:33:28.549 - INFO: No access token required for restricted API calls
2026-07-30 22:33:28.550 - INFO: The server is ready, listening for requests on port 7015 ...
2026-07-30 22:33:28.560 - INFO: 
2026-07-30 22:33:28.560 - INFO: Request received via GET, no content type specified
2026-07-30 22:33:28.560 - INFO: Processing command "cache-stats": get cache statistics
2026-07-30 22:33:28.568 - INFO: 
2026-07-30 22:33:28.568 - INFO: Request received via POST, content type "application/x-www-form-urlencoded"
2026-07-30 22:33:28.571 - INFO: Processing the following SPARQL query:
# Tier D2 — DISCOVER (medium duplication, realistic)
# Signature joins create moderate duplicate density without a synthetic
# multiplier; use a bounded result while tuning the concrete stream.
PREFIX dblp: <https://dblp.org/rdf/schema#>

CONSTRUCT { ?paper ?p ?o }
WHERE {
  ?paper a dblp:Publication ;
         dblp:publishedInStream <https://dblp.org/streams/conf/stoc> ;
         dblp:hasSignature ?sig .
  ?sig dblp:signatureCreator ?creator .
  ?paper ?p ?o .
}
LIMIT 100000

2026-07-30 22:33:28.571 - INFO: Requested media types of the result are: "text/turtle"
2026-07-30 22:33:28.576 - INFO: Query planning done in 7 ms
2026-07-30 22:33:28.596 - INFO: Result has unknown size (not computed yet)
2026-07-30 22:33:30.028 - INFO: Done processing query and sending result, total time was 1,459 ms
2026-07-30 22:33:30.075 - INFO: 
2026-07-30 22:33:30.075 - INFO: Request received via GET, no content type specified
2026-07-30 22:33:30.075 - INFO: Processing command "cache-stats": get cache statistics
2026-07-30 22:33:30.421 - INFO: 
2026-07-30 22:33:30.421 - INFO: Request received via POST, content type "application/x-www-form-urlencoded"
2026-07-30 22:33:30.421 - INFO: Processing the following SPARQL query:
# Tier D2 — DISCOVER (medium duplication, realistic)
# Signature joins create moderate duplicate density without a synthetic
# multiplier; use a bounded result while tuning the concrete stream.
PREFIX dblp: <https://dblp.org/rdf/schema#>

CONSTRUCT { ?paper ?p ?o }
WHERE {
  ?paper a dblp:Publication ;
         dblp:publishedInStream <https://dblp.org/streams/conf/stoc> ;
         dblp:hasSignature ?sig .
  ?sig dblp:signatureCreator ?creator .
  ?paper ?p ?o .
}
LIMIT 100000

2026-07-30 22:33:30.421 - INFO: Requested media types of the result are: "text/turtle"
2026-07-30 22:33:30.423 - INFO: Query planning done in 1 ms
2026-07-30 22:33:30.434 - INFO: Result has unknown size (not computed yet)
2026-07-30 22:33:30.510 - INFO: Done processing query and sending result, total time was 89 ms
2026-07-30 22:33:30.559 - INFO: 
2026-07-30 22:33:30.559 - INFO: Request received via GET, no content type specified
2026-07-30 22:33:30.559 - INFO: Processing command "cache-stats": get cache statistics
