2026-08-12 19:11:39.172 - INFO: [1mQLever server CIKM-2494-gc801fe1b, compiled on Wed Aug 12 06:40:36 PM CEST 2026 using git hash c801fe1[22m
2026-08-12 19:11:39.172 - INFO: Cleanup of previous index directories after each rebuild enabled (--rebuild-keep-previous-index-dirs original-and-most-recent)
2026-08-12 19:11:39.174 - INFO: The git hash used to build this index was "65f84b4"
2026-08-12 19:11:39.174 - INFO: Reading vocabulary from file /local/data-ssd/stoetzem/dblp/dblp.vocabulary.words ...
2026-08-12 19:11:39.184 - INFO: Done, number of words: 446,944,668
2026-08-12 19:11:39.184 - INFO: Number of words in internal vocabulary (these are also part of the external vocabulary): 446,955
2026-08-12 19:11:39.192 - INFO: Registered PSO permutation: #relations = 6, #blocks = 8,187, #triples = 255,805,025
2026-08-12 19:11:39.214 - INFO: Registered PSO permutation: #relations = 96, #blocks = 51,023, #triples = 1,593,245,022
2026-08-12 19:11:39.217 - INFO: Registered POS permutation: #relations = 6, #blocks = 8,187, #triples = 255,805,025
2026-08-12 19:11:39.238 - INFO: Registered POS permutation: #relations = 96, #blocks = 51,023, #triples = 1,593,245,022
2026-08-12 19:11:39.256 - INFO: Registered OPS permutation: #relations = 345,357,897, #blocks = 42,492, #triples = 1,593,245,022
2026-08-12 19:11:39.274 - INFO: Registered OSP permutation: #relations = 345,357,897, #blocks = 42,492, #triples = 1,593,245,022
2026-08-12 19:11:39.287 - INFO: Registered SPO permutation: #relations = 255,804,614, #blocks = 33,993, #triples = 1,593,245,022
2026-08-12 19:11:39.297 - INFO: Registered SOP permutation: #relations = 255,804,614, #blocks = 33,993, #triples = 1,593,245,022
2026-08-12 19:11:39.297 - INFO: Reading patterns from file /local/data-ssd/stoetzem/dblp/dblp.index.patterns ...
2026-08-12 19:11:39.297 - INFO: Sorting random result tables to estimate the sorting performance of this machine ...
2026-08-12 19:11:43.906 - INFO: Initializing server ...
2026-08-12 19:11:43.906 - INFO: No access token required for restricted API calls
2026-08-12 19:11:43.906 - INFO: The server is ready, listening for requests on port 7015 ...
2026-08-12 19:11:43.966 - INFO: 
2026-08-12 19:11:43.966 - INFO: Request received via POST, content type "application/x-www-form-urlencoded"
2026-08-12 19:11:43.968 - INFO: Processing the following SPARQL query:
# Tier H — size-sweep (SELECT variant)
# Goal: isolate SELECT CSV/TSV export cost from query-planning cost. Raise
# the year bound across runs, for example 1970, 1990, 2010, and 2023.
PREFIX dblp: <https://dblp.org/rdf/schema#>

SELECT ?s ?p ?o
WHERE {
  ?s a dblp:Publication ;
     dblp:yearOfPublication ?year ;
     ?p ?o .
  FILTER(?year <= "1970"^^<http://www.w3.org/2001/XMLSchema#gYear>)
}

2026-08-12 19:11:43.968 - INFO: Requested media types of the result are: "text/csv"
2026-08-12 19:11:43.973 - INFO: Query planning done in 7 ms
2026-08-12 19:11:44.000 - INFO: Result has unknown size (not computed yet)
2026-08-12 19:11:49.235 - INFO: Done processing query and sending result, total time was 5,268 ms
2026-08-12 19:11:49.255 - INFO: 
2026-08-12 19:11:49.255 - INFO: Request received via GET, no content type specified
2026-08-12 19:11:49.255 - INFO: Processing command "cache-stats": get cache statistics
2026-08-12 19:11:49.274 - INFO: 
2026-08-12 19:11:49.274 - INFO: Request received via POST, content type "application/x-www-form-urlencoded"
2026-08-12 19:11:49.274 - INFO: Processing the following SPARQL query:
# Tier H — size-sweep (SELECT variant)
# Goal: isolate SELECT CSV/TSV export cost from query-planning cost. Raise
# the year bound across runs, for example 1970, 1990, 2010, and 2023.
PREFIX dblp: <https://dblp.org/rdf/schema#>

SELECT ?s ?p ?o
WHERE {
  ?s a dblp:Publication ;
     dblp:yearOfPublication ?year ;
     ?p ?o .
  FILTER(?year <= "1970"^^<http://www.w3.org/2001/XMLSchema#gYear>)
}

2026-08-12 19:11:49.274 - INFO: Requested media types of the result are: "text/csv"
2026-08-12 19:11:49.275 - INFO: Query planning done in 1 ms
2026-08-12 19:11:49.296 - INFO: Result has unknown size (not computed yet)
2026-08-12 19:11:51.529 - INFO: Done processing query and sending result, total time was 2,254 ms
2026-08-12 19:11:51.551 - INFO: 
2026-08-12 19:11:51.551 - INFO: Request received via GET, no content type specified
2026-08-12 19:11:51.551 - INFO: Processing command "cache-stats": get cache statistics
