rep 1/1: complete export=s e2e=0.140110444s 1092678 bytes syscr=108 pread64=78 io_uring_enter=1014 read_bytes=15855616 cpu_s=0.070000
rep 1/1: complete export=s e2e=0.235522802s 1092678 bytes syscr=108 pread64=78 io_uring_enter=1176 read_bytes=15851520 cpu_s=0.170000
rep 1/1: complete export=s e2e=0.246736484s 1092678 bytes syscr=108 pread64=78 io_uring_enter=1172 read_bytes=15855616 cpu_s=0.190000
rep 1/1: complete export=s e2e=0.146777039s 1092678 bytes syscr=108 pread64=78 io_uring_enter=999 read_bytes=15851520 cpu_s=0.080000
rep 1/1: complete export=s e2e=0.153946223s 1092678 bytes syscr=108 pread64=78 io_uring_enter=1011 read_bytes=15851520 cpu_s=0.070000
rep 1/1: complete export=s e2e=0.226528164s 1092678 bytes syscr=108 pread64=78 io_uring_enter=1179 read_bytes=15839232 cpu_s=0.180000
rep 1/1: complete export=s e2e=0.234467105s 1092678 bytes syscr=108 pread64=78 io_uring_enter=1177 read_bytes=15851520 cpu_s=0.210000
rep 1/1: complete export=s e2e=0.139386352s 1092678 bytes syscr=108 pread64=78 io_uring_enter=1010 read_bytes=15851520 cpu_s=0.060000
rep 1/1: complete export=s e2e=0.150234315s 1092678 bytes syscr=108 pread64=78 io_uring_enter=1009 read_bytes=15851520 cpu_s=0.070000
rep 1/1: complete export=s e2e=0.249841435s 1092678 bytes syscr=108 pread64=78 io_uring_enter=1168 read_bytes=15851520 cpu_s=0.200000
rep 1/1: complete export=s e2e=0.238424529s 1092678 bytes syscr=108 pread64=78 io_uring_enter=1173 read_bytes=15851520 cpu_s=0.180000
rep 1/1: complete export=s e2e=0.139497773s 1092678 bytes syscr=108 pread64=78 io_uring_enter=1012 read_bytes=15851520 cpu_s=0.080000
rep 1/1: complete export=s e2e=0.148080035s 1092678 bytes syscr=108 pread64=78 io_uring_enter=1013 read_bytes=15851520 cpu_s=0.060000
rep 1/1: complete export=s e2e=0.243210972s 1092678 bytes syscr=108 pread64=78 io_uring_enter=1176 read_bytes=15839232 cpu_s=0.200000
rep 1/1: complete export=s e2e=0.243037535s 1092678 bytes syscr=108 pread64=78 io_uring_enter=1165 read_bytes=15839232 cpu_s=0.190000
rep 1/1: complete export=s e2e=0.148320286s 1092678 bytes syscr=108 pread64=78 io_uring_enter=1016 read_bytes=15851520 cpu_s=0.060000
rep 1/1: complete export=s e2e=0.135374300s 1092678 bytes syscr=108 pread64=78 io_uring_enter=1017 read_bytes=15851520 cpu_s=0.060000
rep 1/1: complete export=s e2e=0.243488489s 1092678 bytes syscr=108 pread64=78 io_uring_enter=1175 read_bytes=15851520 cpu_s=0.170000
rep 1/1: complete export=s e2e=0.265069662s 1092678 bytes syscr=108 pread64=78 io_uring_enter=1173 read_bytes=15839232 cpu_s=0.210000
rep 1/1: complete export=s e2e=0.145023138s 1092678 bytes syscr=108 pread64=78 io_uring_enter=1008 read_bytes=15851520 cpu_s=0.070000
=== D1 done ===
rep 1/1: complete export=s e2e=0.639097475s 11611130 bytes syscr=2664 pread64=2658 io_uring_enter=933 read_bytes=224534528 cpu_s=0.860000
rep 1/1: complete export=s e2e=2.034469665s 11611130 bytes syscr=2665 pread64=2658 io_uring_enter=2142 read_bytes=224526336 cpu_s=2.420000
rep 1/1: complete export=s e2e=1.902085687s 11611130 bytes syscr=2665 pread64=2658 io_uring_enter=2124 read_bytes=224526336 cpu_s=2.290000
rep 1/1: complete export=s e2e=0.664053889s 11611130 bytes syscr=2664 pread64=2658 io_uring_enter=867 read_bytes=224526336 cpu_s=0.870000
rep 1/1: complete export=s e2e=0.642180570s 11611130 bytes syscr=2664 pread64=2658 io_uring_enter=858 read_bytes=224526336 cpu_s=0.840000
rep 1/1: complete export=s e2e=2.058141422s 11611130 bytes syscr=2665 pread64=2658 io_uring_enter=2053 read_bytes=224526336 cpu_s=2.430000
rep 1/1: complete export=s e2e=2.059525967s 11611130 bytes syscr=2665 pread64=2658 io_uring_enter=2167 read_bytes=224526336 cpu_s=2.450000
rep 1/1: complete export=s e2e=0.674079400s 11611130 bytes syscr=2664 pread64=2658 io_uring_enter=836 read_bytes=224526336 cpu_s=0.880000
rep 1/1: complete export=s e2e=0.634850815s 11611130 bytes syscr=2664 pread64=2658 io_uring_enter=939 read_bytes=224526336 cpu_s=0.850000
rep 1/1: complete export=s e2e=1.386449463s 11611130 bytes syscr=2665 pread64=2658 io_uring_enter=2129 read_bytes=224526336 cpu_s=1.760000
rep 1/1: complete export=s e2e=2.048252277s 11611130 bytes syscr=2665 pread64=2658 io_uring_enter=2101 read_bytes=224526336 cpu_s=2.430000
rep 1/1: complete export=s e2e=0.650085313s 11611130 bytes syscr=2664 pread64=2658 io_uring_enter=903 read_bytes=224526336 cpu_s=0.860000
rep 1/1: complete export=s e2e=0.643992838s 11611130 bytes syscr=2664 pread64=2658 io_uring_enter=863 read_bytes=224534528 cpu_s=0.830000
rep 1/1: complete export=s e2e=2.070350260s 11611130 bytes syscr=2665 pread64=2658 io_uring_enter=2019 read_bytes=224526336 cpu_s=2.460000
rep 1/1: complete export=s e2e=2.034254487s 11611130 bytes syscr=2665 pread64=2658 io_uring_enter=2060 read_bytes=224526336 cpu_s=2.420000
rep 1/1: complete export=s e2e=0.625631340s 11611130 bytes syscr=2664 pread64=2658 io_uring_enter=869 read_bytes=224534528 cpu_s=0.830000
rep 1/1: complete export=s e2e=0.639057097s 11611130 bytes syscr=2664 pread64=2658 io_uring_enter=877 read_bytes=224526336 cpu_s=0.840000
rep 1/1: complete export=s e2e=2.090121330s 11611130 bytes syscr=2665 pread64=2658 io_uring_enter=2132 read_bytes=224526336 cpu_s=2.450000
rep 1/1: complete export=s e2e=1.685044345s 11611130 bytes syscr=2665 pread64=2658 io_uring_enter=2152 read_bytes=224526336 cpu_s=2.070000
rep 1/1: complete export=s e2e=0.633553448s 11611130 bytes syscr=2664 pread64=2658 io_uring_enter=901 read_bytes=224526336 cpu_s=0.840000
=== D3 done ===
rep 1/1: complete export=s e2e=0.309554616s 3905790 bytes syscr=308 pread64=218 io_uring_enter=5594 read_bytes=57532416 cpu_s=0.230000
rep 1/1: complete export=s e2e=0.846719717s 3905790 bytes syscr=308 pread64=218 io_uring_enter=6254 read_bytes=57475072 cpu_s=0.850000
rep 1/1: complete export=s e2e=0.855847882s 3905790 bytes syscr=308 pread64=218 io_uring_enter=6267 read_bytes=57458688 cpu_s=0.840000
rep 1/1: complete export=s e2e=0.278271825s 3905790 bytes syscr=308 pread64=218 io_uring_enter=5616 read_bytes=57454592 cpu_s=0.210000
rep 1/1: complete export=s e2e=0.264590497s 3905790 bytes syscr=308 pread64=218 io_uring_enter=5606 read_bytes=57470976 cpu_s=0.210000
rep 1/1: complete export=s e2e=0.616598637s 3905790 bytes syscr=308 pread64=218 io_uring_enter=6297 read_bytes=57475072 cpu_s=0.610000
rep 1/1: complete export=s e2e=0.959121712s 3905790 bytes syscr=308 pread64=218 io_uring_enter=6204 read_bytes=57466880 cpu_s=0.960000
rep 1/1: complete export=s e2e=0.281201277s 3905790 bytes syscr=308 pread64=218 io_uring_enter=5602 read_bytes=57470976 cpu_s=0.210000
rep 1/1: complete export=s e2e=0.279136863s 3905790 bytes syscr=308 pread64=218 io_uring_enter=5610 read_bytes=57470976 cpu_s=0.220000
rep 1/1: complete export=s e2e=0.850867439s 3905790 bytes syscr=308 pread64=218 io_uring_enter=6286 read_bytes=57475072 cpu_s=0.830000
rep 1/1: complete export=s e2e=0.886436425s 3905790 bytes syscr=308 pread64=218 io_uring_enter=6206 read_bytes=57487360 cpu_s=0.900000
rep 1/1: complete export=s e2e=0.282557481s 3905790 bytes syscr=308 pread64=218 io_uring_enter=5605 read_bytes=57470976 cpu_s=0.220000
rep 1/1: complete export=s e2e=0.280341319s 3905790 bytes syscr=308 pread64=218 io_uring_enter=5618 read_bytes=57470976 cpu_s=0.200000
rep 1/1: complete export=s e2e=0.756128926s 3905790 bytes syscr=308 pread64=218 io_uring_enter=6289 read_bytes=57466880 cpu_s=0.760000
rep 1/1: complete export=s e2e=0.784731619s 3905790 bytes syscr=308 pread64=218 io_uring_enter=6285 read_bytes=57466880 cpu_s=0.780000
rep 1/1: complete export=s e2e=0.276761713s 3905790 bytes syscr=308 pread64=218 io_uring_enter=5614 read_bytes=57511936 cpu_s=0.210000
rep 1/1: complete export=s e2e=0.271356869s 3905790 bytes syscr=308 pread64=218 io_uring_enter=5627 read_bytes=57491456 cpu_s=0.210000
rep 1/1: complete export=s e2e=0.835675257s 3905790 bytes syscr=308 pread64=218 io_uring_enter=6297 read_bytes=57532416 cpu_s=0.820000
rep 1/1: complete export=s e2e=0.856487119s 3905790 bytes syscr=308 pread64=218 io_uring_enter=6257 read_bytes=57487360 cpu_s=0.870000
rep 1/1: complete export=s e2e=0.283970773s 3905790 bytes syscr=308 pread64=218 io_uring_enter=5626 read_bytes=57528320 cpu_s=0.200000
=== I-iouring-stars done ===
rep 1/1: complete export=s e2e=0.165433895s 1593662 bytes syscr=172 pread64=166 io_uring_enter=3007 read_bytes=29687808 cpu_s=0.100000
rep 1/1: complete export=s e2e=0.319870649s 1593662 bytes syscr=172 pread64=166 io_uring_enter=3326 read_bytes=29614080 cpu_s=0.290000
rep 1/1: complete export=s e2e=0.339446124s 1593662 bytes syscr=172 pread64=166 io_uring_enter=3318 read_bytes=29609984 cpu_s=0.290000
rep 1/1: complete export=s e2e=0.181306153s 1593662 bytes syscr=172 pread64=166 io_uring_enter=2998 read_bytes=29712384 cpu_s=0.100000
rep 1/1: complete export=s e2e=0.173823944s 1593662 bytes syscr=172 pread64=166 io_uring_enter=2991 read_bytes=29642752 cpu_s=0.110000
rep 1/1: complete export=s e2e=0.333503232s 1593662 bytes syscr=172 pread64=166 io_uring_enter=3324 read_bytes=29609984 cpu_s=0.310000
rep 1/1: complete export=s e2e=0.343520140s 1593662 bytes syscr=172 pread64=166 io_uring_enter=3321 read_bytes=29609984 cpu_s=0.300000
rep 1/1: complete export=s e2e=0.181336726s 1593662 bytes syscr=172 pread64=166 io_uring_enter=2989 read_bytes=29712384 cpu_s=0.100000
rep 1/1: complete export=s e2e=0.170309831s 1593662 bytes syscr=172 pread64=166 io_uring_enter=2989 read_bytes=29687808 cpu_s=0.120000
rep 1/1: complete export=s e2e=0.349567163s 1593662 bytes syscr=172 pread64=166 io_uring_enter=3310 read_bytes=29614080 cpu_s=0.330000
rep 1/1: complete export=s e2e=0.351106830s 1593662 bytes syscr=172 pread64=166 io_uring_enter=3317 read_bytes=29614080 cpu_s=0.310000
rep 1/1: complete export=s e2e=0.172538183s 1593662 bytes syscr=172 pread64=166 io_uring_enter=2984 read_bytes=29687808 cpu_s=0.110000
rep 1/1: complete export=s e2e=0.189988048s 1593662 bytes syscr=172 pread64=166 io_uring_enter=2983 read_bytes=29712384 cpu_s=0.120000
rep 1/1: complete export=s e2e=0.341224882s 1593662 bytes syscr=172 pread64=166 io_uring_enter=3319 read_bytes=29609984 cpu_s=0.300000
rep 1/1: complete export=s e2e=0.351314136s 1593662 bytes syscr=172 pread64=166 io_uring_enter=3318 read_bytes=29671424 cpu_s=0.310000
rep 1/1: complete export=s e2e=0.180631001s 1593662 bytes syscr=172 pread64=166 io_uring_enter=2991 read_bytes=29712384 cpu_s=0.100000
rep 1/1: complete export=s e2e=0.191674435s 1593662 bytes syscr=172 pread64=166 io_uring_enter=2984 read_bytes=29712384 cpu_s=0.120000
rep 1/1: complete export=s e2e=0.328701773s 1593662 bytes syscr=172 pread64=166 io_uring_enter=3324 read_bytes=29609984 cpu_s=0.300000
rep 1/1: complete export=s e2e=0.367759369s 1593662 bytes syscr=172 pread64=166 io_uring_enter=3301 read_bytes=29609984 cpu_s=0.340000
rep 1/1: complete export=s e2e=0.189044417s 1593662 bytes syscr=172 pread64=166 io_uring_enter=2986 read_bytes=29687808 cpu_s=0.110000
=== I-iouring-capitals done ===
rep 1/1: complete export=s e2e=4.664164032s 4949275 bytes syscr=308937 pread64=158920 io_uring_enter=0 read_bytes=983769088 cpu_s=3.780000
rep 1/1: complete export=s e2e=4.583550403s 4949275 bytes syscr=308937 pread64=158920 io_uring_enter=0 read_bytes=983769088 cpu_s=3.570000
rep 1/1: complete export=s e2e=4.560800349s 4949275 bytes syscr=308937 pread64=158920 io_uring_enter=0 read_bytes=983769088 cpu_s=3.530000
rep 1/1: complete export=s e2e=4.567848970s 4949275 bytes syscr=308937 pread64=158920 io_uring_enter=0 read_bytes=983769088 cpu_s=3.540000
rep 1/1: complete export=s e2e=4.570431218s 4949275 bytes syscr=308937 pread64=158920 io_uring_enter=0 read_bytes=983769088 cpu_s=3.540000
rep 1/1: complete export=s e2e=4.606654570s 4949275 bytes syscr=308937 pread64=158920 io_uring_enter=0 read_bytes=983769088 cpu_s=3.590000
rep 1/1: complete export=s e2e=4.588854430s 4949275 bytes syscr=308937 pread64=158920 io_uring_enter=0 read_bytes=983769088 cpu_s=3.560000
rep 1/1: complete export=s e2e=4.545564002s 4949275 bytes syscr=308937 pread64=158920 io_uring_enter=0 read_bytes=983769088 cpu_s=3.510000
rep 1/1: complete export=s e2e=4.574976159s 4949275 bytes syscr=308937 pread64=158920 io_uring_enter=0 read_bytes=983769088 cpu_s=3.540000
rep 1/1: complete export=s e2e=4.606354088s 4949275 bytes syscr=308937 pread64=158920 io_uring_enter=0 read_bytes=983769088 cpu_s=3.620000
rep 1/1: complete export=s e2e=4.679592194s 4949275 bytes syscr=308937 pread64=158920 io_uring_enter=0 read_bytes=983769088 cpu_s=3.730000
rep 1/1: complete export=s e2e=4.536156622s 4949275 bytes syscr=308937 pread64=158920 io_uring_enter=0 read_bytes=983769088 cpu_s=3.510000
rep 1/1: complete export=s e2e=4.641702903s 4949275 bytes syscr=308937 pread64=158920 io_uring_enter=0 read_bytes=983769088 cpu_s=3.660000
rep 1/1: complete export=s e2e=4.603007643s 4949275 bytes syscr=308937 pread64=158920 io_uring_enter=0 read_bytes=983769088 cpu_s=3.650000
rep 1/1: complete export=s e2e=4.971367372s 4949275 bytes syscr=308937 pread64=158920 io_uring_enter=0 read_bytes=983769088 cpu_s=4.300000
rep 1/1: complete export=s e2e=4.552421743s 4949275 bytes syscr=308937 pread64=158920 io_uring_enter=0 read_bytes=983769088 cpu_s=3.520000
rep 1/1: complete export=s e2e=4.537953188s 4949275 bytes syscr=308937 pread64=158920 io_uring_enter=0 read_bytes=983769088 cpu_s=3.510000
rep 1/1: complete export=s e2e=4.556657659s 4949275 bytes syscr=308937 pread64=158920 io_uring_enter=0 read_bytes=983769088 cpu_s=3.550000
rep 1/1: complete export=s e2e=4.551081150s 4949275 bytes syscr=308937 pread64=158920 io_uring_enter=0 read_bytes=983769088 cpu_s=3.520000
rep 1/1: complete export=s e2e=4.581739179s 4949275 bytes syscr=308937 pread64=158920 io_uring_enter=0 read_bytes=983769088 cpu_s=3.560000
=== H-vocab-random-label done ===
rep 1/1: complete export=s e2e=22.815861476s 1302749672 bytes syscr=9847 pread64=9815 io_uring_enter=0 read_bytes=511410176 cpu_s=32.600000
rep 1/1: complete export=s e2e=22.565271601s 1302749672 bytes syscr=9847 pread64=9815 io_uring_enter=0 read_bytes=511410176 cpu_s=32.330000
rep 1/1: complete export=s e2e=22.626073774s 1302749672 bytes syscr=9847 pread64=9815 io_uring_enter=0 read_bytes=511410176 cpu_s=32.370000
rep 1/1: complete export=s e2e=22.739751872s 1302749672 bytes syscr=9847 pread64=9815 io_uring_enter=0 read_bytes=511410176 cpu_s=32.410000
rep 1/1: complete export=s e2e=22.542576495s 1302749672 bytes syscr=9847 pread64=9815 io_uring_enter=0 read_bytes=511410176 cpu_s=32.430000
rep 1/1: complete export=s e2e=22.675775710s 1302749672 bytes syscr=9847 pread64=9815 io_uring_enter=0 read_bytes=511410176 cpu_s=32.380000
rep 1/1: complete export=s e2e=22.591259638s 1302749672 bytes syscr=9847 pread64=9815 io_uring_enter=0 read_bytes=511410176 cpu_s=32.560000
rep 1/1: complete export=s e2e=22.446694358s 1302749672 bytes syscr=9847 pread64=9815 io_uring_enter=0 read_bytes=511410176 cpu_s=32.230000
rep 1/1: complete export=s e2e=22.483964301s 1302749672 bytes syscr=9847 pread64=9815 io_uring_enter=0 read_bytes=511410176 cpu_s=32.310000
rep 1/1: complete export=s e2e=22.492759455s 1302749672 bytes syscr=9847 pread64=9815 io_uring_enter=0 read_bytes=511410176 cpu_s=32.300000
rep 1/1: complete export=s e2e=22.444119320s 1302749672 bytes syscr=9847 pread64=9815 io_uring_enter=0 read_bytes=511410176 cpu_s=32.280000
rep 1/1: complete export=s e2e=22.610574948s 1302749672 bytes syscr=9847 pread64=9815 io_uring_enter=0 read_bytes=511410176 cpu_s=32.420000
rep 1/1: complete export=s e2e=22.542333919s 1302749672 bytes syscr=9847 pread64=9815 io_uring_enter=0 read_bytes=511410176 cpu_s=32.400000
rep 1/1: complete export=s e2e=22.568297323s 1302749672 bytes syscr=9847 pread64=9815 io_uring_enter=0 read_bytes=511410176 cpu_s=32.310000
rep 1/1: complete export=s e2e=22.193191681s 1302749672 bytes syscr=9847 pread64=9815 io_uring_enter=0 read_bytes=511410176 cpu_s=32.170000
rep 1/1: complete export=s e2e=22.202020687s 1302749672 bytes syscr=9847 pread64=9815 io_uring_enter=0 read_bytes=511410176 cpu_s=32.120000
rep 1/1: complete export=s e2e=23.078482853s 1302749672 bytes syscr=9848 pread64=9815 io_uring_enter=0 read_bytes=511410176 cpu_s=32.790000
rep 1/1: complete export=s e2e=22.427253541s 1302749672 bytes syscr=9847 pread64=9815 io_uring_enter=0 read_bytes=511410176 cpu_s=32.240000
rep 1/1: complete export=s e2e=22.710978861s 1302749672 bytes syscr=9847 pread64=9815 io_uring_enter=0 read_bytes=511410176 cpu_s=32.340000
rep 1/1: complete export=s e2e=22.663661186s 1302749672 bytes syscr=9847 pread64=9815 io_uring_enter=0 read_bytes=511410176 cpu_s=32.340000
=== H-vocab-label-large done ===
wrote experiments/runs/wikidata-sqpoll-active-ab-headroom/diagnosis.md
