== PREFLIGHT: /local/data-ssd/stoetzem/thesis/experiments/runs/wikidata-sqpoll-active-ab-headroom/bin/qlever-server ==
  OK   binary exists: /local/data-ssd/stoetzem/thesis/experiments/runs/wikidata-sqpoll-active-ab-headroom/bin/qlever-server
  OK   version matches commit cc308dd1b: /local/data-ssd/stoetzem/thesis/experiments/runs/wikidata-sqpoll-active-ab-headroom/bin/qlever-server v0.6.0-129-gcc308dd1b
      io_uring symbols: 5
  OK   io_uring compiled in (5 syms)
  OK   port 7015 free (no stale server)
  WARN CPU governor powersave (powersave ACCEPTED via --allow-powersave — record in artifact)
  OK   loadavg 0.00 < 0.5
  OK   venv deps (httpx/xxhash/yaml)
  OK   clear-caches present (drop_caches, true cold)
== PREFLIGHT: PASS ==
== POSTFLIGHT: experiments/runs/wikidata-sqpoll-active-ab-headroom ==
  OK   COMPLETE marker present
  OK   found results.csv files
  OK   all reps complete (no failed rows)
  OK   all reps served >0 bytes
  OK   cold reps show major_faults>0 (index mmap cold)
  OK   cold reps show read_bytes>0 and a read syscall (syscr, pread64, or io_uring_enter)
  OK   checksums stable per arm
== POSTFLIGHT: PASS ==
