2026-10-06 06:18:17.998 - INFO: [1mQLever server v0.6.0-310-gf8cca285e, compiled on Tue Sep 29 06:38:23 UTC 2026 using git hash f8cca28[22m
2026-10-06 06:18:17.998 - INFO: Cleanup of previous index directories after each rebuild enabled (--rebuild-keep-previous-index-dirs original-and-most-recent)
2026-10-06 06:18:18.000 - INFO: The git hash used to build this index was "65f84b4"
2026-10-06 06:18:18.001 - INFO: Reading vocabulary from file /local/data-ssd/stoetzem/wikidata/wikidata.vocabulary.words ...
2026-10-06 06:18:31.740 - INFO: Done, number of words: 1,580,300,680
2026-10-06 06:18:31.740 - INFO: Number of words in internal vocabulary (these are also part of the external vocabulary): 777,658,536
2026-10-06 06:18:31.825 - INFO: Registered PSO permutation: #relations = 10,100, #blocks = 225,155, #triples = 6,983,973,847
2026-10-06 06:18:31.929 - INFO: Registered PSO permutation: #relations = 13,566, #blocks = 264,339, #triples = 8,220,417,022
2026-10-06 06:18:32.008 - INFO: Registered POS permutation: #relations = 10,100, #blocks = 225,155, #triples = 6,983,973,847
2026-10-06 06:18:32.112 - INFO: Registered POS permutation: #relations = 13,566, #blocks = 264,339, #triples = 8,220,417,022
2026-10-06 06:18:32.198 - INFO: Registered OPS permutation: #relations = 1,683,253,489, #blocks = 222,728, #triples = 8,220,417,022
2026-10-06 06:18:32.283 - INFO: Registered OSP permutation: #relations = 1,683,253,489, #blocks = 222,728, #triples = 8,220,417,022
2026-10-06 06:18:32.342 - INFO: Registered SPO permutation: #relations = 252,534,289, #blocks = 175,741, #triples = 8,220,417,022
2026-10-06 06:18:32.402 - INFO: Registered SOP permutation: #relations = 252,534,289, #blocks = 175,741, #triples = 8,220,417,022
2026-10-06 06:18:32.402 - INFO: Reading patterns from file /local/data-ssd/stoetzem/wikidata/wikidata.index.patterns ...
2026-10-06 06:18:33.886 - INFO: Sorting random result tables to estimate the sorting performance of this machine ...
2026-10-06 06:18:42.514 - INFO: Initializing server ...
2026-10-06 06:18:42.515 - INFO: No access token required for restricted API calls
2026-10-06 06:18:42.515 - INFO: The server is ready, listening for requests on port 7015 ...
2026-10-06 06:18:42.817 - INFO: 
2026-10-06 06:18:42.817 - INFO: Request received via POST, content type "application/x-www-form-urlencoded"
2026-10-06 06:18:42.820 - INFO: Processing the following SPARQL query:
# Tier H-vocab — German labels, large
# Physical: P+O bound scan of wdt:P31 wd:Q5 (class postings), then
# S+P bound SPO scan of rdfs:label. LANG(?label) maps label IDs to
# strings. CONSTRUCT writes entity IRI + label.
# Targets: large sequential class scan with EXTERNAL vocabulary words.
# German is not in languages-internal (only "en"), so QLever's
# shouldLiteralBeExternalized places every de literal in the external
# tier (src/index/vocabulary/Vocabulary.cpp). Same shape as
# H-vocab-label-large.rq, but every lookup is a guaranteed external
# miss on cold caches.
PREFIX wd: <http://www.wikidata.org/entity/>
PREFIX wdt: <http://www.wikidata.org/prop/direct/>
PREFIX rdfs: <http://www.w3.org/2000/01/rdf-schema#>

CONSTRUCT { ?entity rdfs:label ?label }
WHERE {
  ?entity wdt:P31 wd:Q5 .
  ?entity rdfs:label ?label .
  FILTER(LANG(?label) = "de")
}

2026-10-06 06:18:42.820 - INFO: Requested media types of the result are: "text/turtle"
2026-10-06 06:18:42.824 - INFO: Query planning done in 6 ms
2026-10-06 06:18:42.824 - INFO: Result has unknown size (not computed yet)
2026-10-06 06:19:08.064 - INFO: Done processing query and sending result, total time was 25,246 ms
2026-10-06 06:19:08.084 - INFO: 
2026-10-06 06:19:08.084 - INFO: Request received via GET, no content type specified
2026-10-06 06:19:08.084 - INFO: Processing command "cache-stats": get cache statistics
2026-10-06 06:19:08.102 - INFO: 
2026-10-06 06:19:08.102 - INFO: Request received via GET, no content type specified
2026-10-06 06:19:08.102 - INFO: Processing command "clear-cache": clear the cache (unpinned elements only)
2026-10-06 06:19:08.120 - INFO: 
2026-10-06 06:19:08.120 - INFO: Request received via GET, no content type specified
2026-10-06 06:19:08.120 - INFO: Processing command "cache-stats": get cache statistics
2026-10-06 06:19:08.138 - INFO: 
2026-10-06 06:19:08.138 - INFO: Request received via POST, content type "application/x-www-form-urlencoded"
2026-10-06 06:19:08.139 - INFO: Processing the following SPARQL query:
# Tier H-vocab — German labels, large
# Physical: P+O bound scan of wdt:P31 wd:Q5 (class postings), then
# S+P bound SPO scan of rdfs:label. LANG(?label) maps label IDs to
# strings. CONSTRUCT writes entity IRI + label.
# Targets: large sequential class scan with EXTERNAL vocabulary words.
# German is not in languages-internal (only "en"), so QLever's
# shouldLiteralBeExternalized places every de literal in the external
# tier (src/index/vocabulary/Vocabulary.cpp). Same shape as
# H-vocab-label-large.rq, but every lookup is a guaranteed external
# miss on cold caches.
PREFIX wd: <http://www.wikidata.org/entity/>
PREFIX wdt: <http://www.wikidata.org/prop/direct/>
PREFIX rdfs: <http://www.w3.org/2000/01/rdf-schema#>

CONSTRUCT { ?entity rdfs:label ?label }
WHERE {
  ?entity wdt:P31 wd:Q5 .
  ?entity rdfs:label ?label .
  FILTER(LANG(?label) = "de")
}

2026-10-06 06:19:08.139 - INFO: Requested media types of the result are: "text/turtle"
2026-10-06 06:19:08.139 - INFO: Query planning done in 0 ms
2026-10-06 06:19:08.139 - INFO: Result has unknown size (not computed yet)
2026-10-06 06:19:24.542 - INFO: Done processing query and sending result, total time was 16,403 ms
2026-10-06 06:19:24.562 - INFO: 
2026-10-06 06:19:24.562 - INFO: Request received via GET, no content type specified
2026-10-06 06:19:24.562 - INFO: Processing command "cache-stats": get cache statistics
