2026-08-10 23:55:02.216 - INFO: [1mQLever server v0.5.50-82-g65f84b43, compiled on Mon Aug 10 19:10:29 CEST 2026 using git hash 65f84b4[22m
2026-08-10 23:55:02.216 - INFO: Cleanup of previous index directories after each rebuild enabled (--rebuild-keep-previous-index-dirs original-and-most-recent)
2026-08-10 23:55:02.218 - INFO: The git hash used to build this index was "65f84b4"
2026-08-10 23:55:02.218 - INFO: Reading vocabulary from file /local/data-ssd/stoetzem/dblp/dblp.vocabulary.words ...
2026-08-10 23:55:02.231 - INFO: Done, number of words: 446,944,668
2026-08-10 23:55:02.231 - INFO: Number of words in internal vocabulary (these are also part of the external vocabulary): 446,955
2026-08-10 23:55:02.239 - INFO: Registered PSO permutation: #relations = 6, #blocks = 8,187, #triples = 255,805,025
2026-08-10 23:55:02.263 - INFO: Registered PSO permutation: #relations = 96, #blocks = 51,023, #triples = 1,593,245,022
2026-08-10 23:55:02.266 - INFO: Registered POS permutation: #relations = 6, #blocks = 8,187, #triples = 255,805,025
2026-08-10 23:55:02.290 - INFO: Registered POS permutation: #relations = 96, #blocks = 51,023, #triples = 1,593,245,022
2026-08-10 23:55:02.310 - INFO: Registered OPS permutation: #relations = 345,357,897, #blocks = 42,492, #triples = 1,593,245,022
2026-08-10 23:55:02.330 - INFO: Registered OSP permutation: #relations = 345,357,897, #blocks = 42,492, #triples = 1,593,245,022
2026-08-10 23:55:02.343 - INFO: Registered SPO permutation: #relations = 255,804,614, #blocks = 33,993, #triples = 1,593,245,022
2026-08-10 23:55:02.354 - INFO: Registered SOP permutation: #relations = 255,804,614, #blocks = 33,993, #triples = 1,593,245,022
2026-08-10 23:55:02.354 - INFO: Reading patterns from file /local/data-ssd/stoetzem/dblp/dblp.index.patterns ...
2026-08-10 23:55:02.355 - INFO: Sorting random result tables to estimate the sorting performance of this machine ...
2026-08-10 23:55:10.289 - INFO: Initializing server ...
2026-08-10 23:55:10.289 - INFO: No access token required for restricted API calls
2026-08-10 23:55:10.289 - INFO: The server is ready, listening for requests on port 7026 ...
2026-08-10 23:55:10.488 - INFO: 
2026-08-10 23:55:10.488 - INFO: Request received via POST, content type "application/x-www-form-urlencoded"
2026-08-10 23:55:10.491 - INFO: Processing the following SPARQL query:
# Tier H — dedup-heavy
# Goal: exercise CONSTRUCT result deduplication. A paper with multiple
# signatures produces repeated (?paper ?p ?o) rows through this join.
PREFIX dblp: <https://dblp.org/rdf/schema#>

CONSTRUCT { ?paper ?p ?o }
WHERE {
  ?paper a dblp:Publication ;
         dblp:publishedInStream <https://dblp.org/streams/conf/stoc> ;
         dblp:hasSignature ?sig .
  ?sig dblp:signatureCreator ?creator .
  ?paper ?p ?o .
}

2026-08-10 23:55:10.491 - INFO: Requested media types of the result are: "text/turtle"
2026-08-10 23:55:10.491 - INFO: CONSTRUCT_REQUEST_STAGE_ENTER name=planning elapsed_us=2,494
2026-08-10 23:55:10.508 - INFO: Query planning done in 19 ms
2026-08-10 23:55:10.508 - INFO: CONSTRUCT_REQUEST_STAGE_ENTER name=response_stream elapsed_us=19,740
2026-08-10 23:55:10.525 - INFO: Result has unknown size (not computed yet)
2026-08-10 23:55:10.525 - INFO: CONSTRUCT_EXPORT_DEDUPLICATOR_CONSTRUCTION_BEGIN mode=none
2026-08-10 23:55:10.525 - INFO: CONSTRUCT_EXPORT_DEDUPLICATOR_CONSTRUCTION_END mode=none enabled=false
2026-08-10 23:55:12.241 - INFO: CONSTRUCT_EXPORT_STAGE_SUMMARY construct_stream_us=1,715,407 setup_us=6 batch_evaluation_us=1,600,286 instantiation_deduplication_us=19,380 batches=383 input_rows=390,854 candidate_triples=390,854 emitted_triples=390,854
2026-08-10 23:55:12.250 - INFO: CONSTRUCT_REQUEST_STAGE_SUMMARY planning_begin_us=2,494 planning_end_us=19,740 planning_us=17,246 response_stream_begin_us=19,740 response_stream_end_us=1,761,517 response_stream_us=1,741,777 root_execution_us=38,806 non_root_stream_us=1,702,971 server_request_us=1,761,517
2026-08-10 23:55:12.250 - INFO: Done processing query and sending result, total time was 1,761 ms
2026-08-10 23:55:12.269 - INFO: 
2026-08-10 23:55:12.269 - INFO: Request received via GET, no content type specified
2026-08-10 23:55:12.269 - INFO: Processing command "cache-stats": get cache statistics
