2026-08-12 19:14:54.506 - INFO: [1mQLever server CIKM-2494-gc801fe1b, compiled on Wed Aug 12 06:40:36 PM CEST 2026 using git hash c801fe1[22m
2026-08-12 19:14:54.506 - INFO: Cleanup of previous index directories after each rebuild enabled (--rebuild-keep-previous-index-dirs original-and-most-recent)
2026-08-12 19:14:54.507 - INFO: The git hash used to build this index was "65f84b4"
2026-08-12 19:14:54.507 - INFO: Reading vocabulary from file /local/data-ssd/stoetzem/dblp/dblp.vocabulary.words ...
2026-08-12 19:14:54.517 - INFO: Done, number of words: 446,944,668
2026-08-12 19:14:54.517 - INFO: Number of words in internal vocabulary (these are also part of the external vocabulary): 446,955
2026-08-12 19:14:54.523 - INFO: Registered PSO permutation: #relations = 6, #blocks = 8,187, #triples = 255,805,025
2026-08-12 19:14:54.545 - INFO: Registered PSO permutation: #relations = 96, #blocks = 51,023, #triples = 1,593,245,022
2026-08-12 19:14:54.548 - INFO: Registered POS permutation: #relations = 6, #blocks = 8,187, #triples = 255,805,025
2026-08-12 19:14:54.570 - INFO: Registered POS permutation: #relations = 96, #blocks = 51,023, #triples = 1,593,245,022
2026-08-12 19:14:54.588 - INFO: Registered OPS permutation: #relations = 345,357,897, #blocks = 42,492, #triples = 1,593,245,022
2026-08-12 19:14:54.606 - INFO: Registered OSP permutation: #relations = 345,357,897, #blocks = 42,492, #triples = 1,593,245,022
2026-08-12 19:14:54.619 - INFO: Registered SPO permutation: #relations = 255,804,614, #blocks = 33,993, #triples = 1,593,245,022
2026-08-12 19:14:54.629 - INFO: Registered SOP permutation: #relations = 255,804,614, #blocks = 33,993, #triples = 1,593,245,022
2026-08-12 19:14:54.629 - INFO: Reading patterns from file /local/data-ssd/stoetzem/dblp/dblp.index.patterns ...
2026-08-12 19:14:54.630 - INFO: Sorting random result tables to estimate the sorting performance of this machine ...
2026-08-12 19:14:59.262 - INFO: Initializing server ...
2026-08-12 19:14:59.262 - INFO: No access token required for restricted API calls
2026-08-12 19:14:59.262 - INFO: The server is ready, listening for requests on port 7015 ...
2026-08-12 19:14:59.552 - INFO: 
2026-08-12 19:14:59.552 - INFO: Request received via POST, content type "application/x-www-form-urlencoded"
2026-08-12 19:14:59.555 - INFO: Processing the following SPARQL query:
# Tier R1 — STATE (real-world, small result) — SELECT variant
# Bounded materialization of a real DBLP venue subgraph as CSV/TSV rows.
PREFIX dblp: <https://dblp.org/rdf/schema#>

SELECT ?paper ?p ?o
WHERE {
  ?paper a dblp:Publication ;
         dblp:publishedInStream <https://dblp.org/streams/conf/stoc> ;
         ?p ?o .
}
LIMIT 50000

2026-08-12 19:14:59.555 - INFO: Requested media types of the result are: "text/csv"
2026-08-12 19:14:59.560 - INFO: Query planning done in 7 ms
2026-08-12 19:14:59.564 - INFO: Result has unknown size (not computed yet)
2026-08-12 19:15:00.536 - INFO: Done processing query and sending result, total time was 983 ms
2026-08-12 19:15:00.556 - INFO: 
2026-08-12 19:15:00.556 - INFO: Request received via GET, no content type specified
2026-08-12 19:15:00.556 - INFO: Processing command "cache-stats": get cache statistics
2026-08-12 19:15:00.575 - INFO: 
2026-08-12 19:15:00.575 - INFO: Request received via POST, content type "application/x-www-form-urlencoded"
2026-08-12 19:15:00.575 - INFO: Processing the following SPARQL query:
# Tier R1 — STATE (real-world, small result) — SELECT variant
# Bounded materialization of a real DBLP venue subgraph as CSV/TSV rows.
PREFIX dblp: <https://dblp.org/rdf/schema#>

SELECT ?paper ?p ?o
WHERE {
  ?paper a dblp:Publication ;
         dblp:publishedInStream <https://dblp.org/streams/conf/stoc> ;
         ?p ?o .
}
LIMIT 50000

2026-08-12 19:15:00.575 - INFO: Requested media types of the result are: "text/csv"
2026-08-12 19:15:00.576 - INFO: Query planning done in 0 ms
2026-08-12 19:15:00.578 - INFO: Result has unknown size (not computed yet)
2026-08-12 19:15:00.820 - INFO: Done processing query and sending result, total time was 245 ms
2026-08-12 19:15:00.840 - INFO: 
2026-08-12 19:15:00.840 - INFO: Request received via GET, no content type specified
2026-08-12 19:15:00.840 - INFO: Processing command "cache-stats": get cache statistics
