[05:36:27] server base (67cf2ee3a7) ready on 7121
[05:36:35] server p12 (3a19a966f3) ready on 7122
[05:36:52] H-vocab-title-large-select t0 base: n=24 per_query=0.4299s ttfb_med=0.1035s
[05:37:02] H-vocab-title-large-select t0 off: n=24 per_query=0.4207s ttfb_med=0.1024s
[05:37:13] H-vocab-title-large-select t0 on: n=24 per_query=0.4244s ttfb_med=0.0381s
[05:37:24] H-vocab-title-large-select t1 off: n=24 per_query=0.4254s ttfb_med=0.1025s
[05:37:34] H-vocab-title-large-select t1 on: n=24 per_query=0.4236s ttfb_med=0.0382s
[05:37:45] H-vocab-title-large-select t1 base: n=24 per_query=0.4299s ttfb_med=0.1035s
[05:37:56] H-vocab-title-large-select t2 on: n=24 per_query=0.4248s ttfb_med=0.0383s
[05:38:06] H-vocab-title-large-select t2 base: n=25 per_query=0.4008s ttfb_med=0.1004s
[05:38:17] H-vocab-title-large-select t2 off: n=24 per_query=0.4227s ttfb_med=0.1022s
[05:38:38] H-size-select t0 base: n=5 per_query=2.4557s ttfb_med=0.1577s
[05:38:50] H-size-select t0 off: n=5 per_query=2.4536s ttfb_med=0.1593s
[05:39:03] H-size-select t0 on: n=5 per_query=2.4399s ttfb_med=0.1121s
[05:39:15] H-size-select t1 off: n=5 per_query=2.3315s ttfb_med=0.1577s
[05:39:27] H-size-select t1 on: n=5 per_query=2.4672s ttfb_med=0.1117s
[05:39:39] H-size-select t1 base: n=5 per_query=2.4240s ttfb_med=0.1588s
[05:39:51] H-size-select t2 on: n=5 per_query=2.4140s ttfb_med=0.1111s
[05:40:04] H-size-select t2 base: n=5 per_query=2.4863s ttfb_med=0.1590s
[05:40:16] H-size-select t2 off: n=5 per_query=2.4078s ttfb_med=0.1591s
[05:40:30] R2-select t0 base: n=15 per_query=0.7065s ttfb_med=0.1244s
[05:40:40] R2-select t0 off: n=15 per_query=0.6805s ttfb_med=0.1235s
[05:40:51] R2-select t0 on: n=15 per_query=0.6892s ttfb_med=0.0745s
[05:41:02] R2-select t1 off: n=15 per_query=0.7041s ttfb_med=0.1235s
[05:41:12] R2-select t1 on: n=15 per_query=0.6711s ttfb_med=0.0737s
[05:41:23] R2-select t1 base: n=15 per_query=0.6851s ttfb_med=0.1237s
[05:41:33] R2-select t2 on: n=15 per_query=0.6983s ttfb_med=0.0741s
[05:41:44] R2-select t2 base: n=15 per_query=0.7037s ttfb_med=0.1238s
[05:41:55] R2-select t2 off: n=15 per_query=0.6788s ttfb_med=0.1230s
[05:41:55] summary written; byte-identical all queries: True
