2026-07-30 22:48:31.858 - INFO: [1mQLever server v0.5.50-58-gbdd1a6b9, compiled on Thu Jul 30 22:03:57 CEST 2026 using git hash bdd1a6b[22m
2026-07-30 22:48:31.858 - INFO: The git hash used to build this index was "8c99fe"
2026-07-30 22:48:31.858 - INFO: Reading vocabulary from file /home/userNoPriv/code/qlever/qlever-indices/dblp/dblp.vocabulary.words ...
2026-07-30 22:48:31.877 - INFO: Done, number of words: 409,446,926
2026-07-30 22:48:31.877 - INFO: Number of words in internal vocabulary (these are also part of the external vocabulary): 409,457
2026-07-30 22:48:31.894 - INFO: Registered PSO permutation: #relations = 6, #blocks = 7,515, #triples = 234,800,838
2026-07-30 22:48:31.923 - INFO: Registered PSO permutation: #relations = 96, #blocks = 46,913, #triples = 1,464,719,701
2026-07-30 22:48:31.927 - INFO: Registered POS permutation: #relations = 6, #blocks = 7,515, #triples = 234,800,838
2026-07-30 22:48:31.954 - INFO: Registered POS permutation: #relations = 96, #blocks = 46,913, #triples = 1,464,719,701
2026-07-30 22:48:31.975 - INFO: Registered OPS permutation: #relations = 318,850,904, #blocks = 39,014, #triples = 1,464,719,701
2026-07-30 22:48:31.997 - INFO: Registered OSP permutation: #relations = 318,850,904, #blocks = 39,014, #triples = 1,464,719,701
2026-07-30 22:48:32.012 - INFO: Registered SPO permutation: #relations = 234,800,427, #blocks = 31,251, #triples = 1,464,719,701
2026-07-30 22:48:32.024 - INFO: Registered SOP permutation: #relations = 234,800,427, #blocks = 31,251, #triples = 1,464,719,701
2026-07-30 22:48:32.024 - INFO: Reading patterns from file /home/userNoPriv/code/qlever/qlever-indices/dblp/dblp.index.patterns ...
2026-07-30 22:48:32.025 - INFO: Sorting random result tables to estimate the sorting performance of this machine ...
2026-07-30 22:48:40.931 - INFO: Initializing server ...
2026-07-30 22:48:40.931 - INFO: No access token required for restricted API calls
2026-07-30 22:48:40.931 - INFO: The server is ready, listening for requests on port 7015 ...
2026-07-30 22:48:40.945 - INFO: 
2026-07-30 22:48:40.945 - INFO: Request received via GET, no content type specified
2026-07-30 22:48:40.945 - INFO: Processing command "cache-stats": get cache statistics
2026-07-30 22:48:40.955 - INFO: 
2026-07-30 22:48:40.955 - INFO: Request received via POST, content type "application/x-www-form-urlencoded"
2026-07-30 22:48:40.959 - INFO: Processing the following SPARQL query:
# Tier H — format-heavy
# Goal: stress literal serialization and escaping using synthetic literals.
PREFIX dblp: <https://dblp.org/rdf/schema#>

CONSTRUCT { ?paper dblp:title ?syntheticTitle }
WHERE {
  ?paper a dblp:Publication .
  BIND(CONCAT("synthetic \"quoted\" title with backslash \\\\ and tab \t for ", STR(?paper)) AS ?syntheticTitle)
}
LIMIT 100000

2026-07-30 22:48:40.959 - INFO: Requested media types of the result are: "text/turtle"
2026-07-30 22:48:40.963 - INFO: Query planning done in 7 ms
2026-07-30 22:48:40.963 - INFO: Result has unknown size (not computed yet)
2026-07-30 22:48:43.336 - INFO: Done processing query and sending result, total time was 2,381 ms
2026-07-30 22:48:43.348 - INFO: 
2026-07-30 22:48:43.348 - INFO: Request received via GET, no content type specified
2026-07-30 22:48:43.348 - INFO: Processing command "cache-stats": get cache statistics
