[2026-10-05T19:44:39Z] arm p12: /local/data-ssd/stoetzem/bin-cache/f8cca285e3d0d3400dd51be97b5ebf078cd454de/qlever-server rp=[] version=/local/data-ssd/stoetzem/bin-cache/f8cca285e3d0d3400dd51be97b5ebf078cd454de/qlever-server v0.6.0-310-gf8cca285e
[2026-10-05T19:44:39Z] arm p13-depth2: /local/data-ssd/stoetzem/bin-cache/f9fc54f69d7492a907383e244e291d29de6d8d83/qlever-server rp=[] version=/local/data-ssd/stoetzem/bin-cache/f9fc54f69d7492a907383e244e291d29de6d8d83/qlever-server v0.6.0-274-gf9fc54f69
[2026-10-05T19:44:39Z] arm p13-pipe3: /local/data-ssd/stoetzem/bin-cache/785c408e604183b5c18e233026703d64b5b09e9c/qlever-server rp=[] version=/local/data-ssd/stoetzem/bin-cache/785c408e604183b5c18e233026703d64b5b09e9c/qlever-server v0.6.0-331-g785c408e6
[2026-10-05T19:44:39Z] arm p8-presented: /local/data-ssd/stoetzem/bin-cache/51269ab4bf895211983287d1086c0a700ea43c86/qlever-server rp=[] version=/local/data-ssd/stoetzem/bin-cache/51269ab4bf895211983287d1086c0a700ea43c86/qlever-server CIKM-2683-g51269ab4b
[2026-10-05T19:44:39Z] arm thread-d2: /local/data-ssd/stoetzem/bin-cache/37530faf371e26e22947ea47c9bd9bc135d702d2/qlever-server rp=['construct-export-pipeline-depth=2'] version=/local/data-ssd/stoetzem/bin-cache/37530faf371e26e22947ea47c9bd9bc135d702d2/qlever-server CIKM-3002-g37530faf3
[2026-10-05T19:45:04Z] cold p12 H-vocab-label-large-de r1 perf=False
[2026-10-05T19:45:30Z] warm-up p12 H-vocab-label-large-de r1
[2026-10-05T19:46:34Z] cold p12 H-vocab-random-label-de-200k r1 perf=False
[2026-10-05T19:46:45Z] warm-up p12 H-vocab-random-label-de-200k r1
[2026-10-05T19:47:23Z] cold p13-depth2 H-vocab-label-large-de r1 perf=False
[2026-10-05T19:47:50Z] warm-up p13-depth2 H-vocab-label-large-de r1
[2026-10-05T19:49:06Z] cold p13-depth2 H-vocab-random-label-de-200k r1 perf=False
[2026-10-05T19:49:20Z] warm-up p13-depth2 H-vocab-random-label-de-200k r1
[2026-10-05T19:50:00Z] cold p13-pipe3 H-vocab-label-large-de r1 perf=False
[2026-10-05T19:50:26Z] warm-up p13-pipe3 H-vocab-label-large-de r1
[2026-10-05T19:51:31Z] cold p13-pipe3 H-vocab-random-label-de-200k r1 perf=False
[2026-10-05T19:51:45Z] warm-up p13-pipe3 H-vocab-random-label-de-200k r1
[2026-10-05T19:52:28Z] cold p8-presented H-vocab-label-large-de r1 perf=False
[2026-10-05T19:52:55Z] warm-up p8-presented H-vocab-label-large-de r1
[2026-10-05T19:53:58Z] cold p8-presented H-vocab-random-label-de-200k r1 perf=False
[2026-10-05T19:54:10Z] warm-up p8-presented H-vocab-random-label-de-200k r1
[2026-10-05T19:54:53Z] cold thread-d2 H-vocab-label-large-de r1 perf=False
[2026-10-05T19:55:23Z] warm-up thread-d2 H-vocab-label-large-de r1
[2026-10-05T19:56:27Z] cold thread-d2 H-vocab-random-label-de-200k r1 perf=False
[2026-10-05T19:56:38Z] warm-up thread-d2 H-vocab-random-label-de-200k r1
[2026-10-05T19:57:14Z] cold thread-d2 H-vocab-label-large-de r2 perf=True
[2026-10-05T19:57:46Z] warm-up thread-d2 H-vocab-label-large-de r2
[2026-10-05T19:59:01Z] cold thread-d2 H-vocab-random-label-de-200k r2 perf=True
[2026-10-05T19:59:16Z] warm-up thread-d2 H-vocab-random-label-de-200k r2
[2026-10-05T19:59:56Z] cold p8-presented H-vocab-label-large-de r2 perf=True
[2026-10-05T20:00:25Z] warm-up p8-presented H-vocab-label-large-de r2
[2026-10-05T20:01:31Z] cold p8-presented H-vocab-random-label-de-200k r2 perf=True
[2026-10-05T20:01:47Z] warm-up p8-presented H-vocab-random-label-de-200k r2
[2026-10-05T20:02:28Z] cold p13-pipe3 H-vocab-label-large-de r2 perf=True
[2026-10-05T20:02:55Z] warm-up p13-pipe3 H-vocab-label-large-de r2
[2026-10-05T20:04:02Z] cold p13-pipe3 H-vocab-random-label-de-200k r2 perf=True
[2026-10-05T20:04:19Z] warm-up p13-pipe3 H-vocab-random-label-de-200k r2
[2026-10-05T20:05:03Z] cold p13-depth2 H-vocab-label-large-de r2 perf=True
[2026-10-05T20:05:34Z] warm-up p13-depth2 H-vocab-label-large-de r2
[2026-10-05T20:06:42Z] cold p13-depth2 H-vocab-random-label-de-200k r2 perf=True
[2026-10-05T20:06:57Z] warm-up p13-depth2 H-vocab-random-label-de-200k r2
[2026-10-05T20:07:38Z] cold p12 H-vocab-label-large-de r2 perf=True
[2026-10-05T20:08:14Z] warm-up p12 H-vocab-label-large-de r2
[2026-10-05T20:09:25Z] cold p12 H-vocab-random-label-de-200k r2 perf=True
[2026-10-05T20:09:40Z] warm-up p12 H-vocab-random-label-de-200k r2
[2026-10-05T20:09:56Z] done; bodies identical across arms and reps: True
