2026-10-05 22:02:04.986 - INFO: [1mQLever server v0.6.0-331-g785c408e6, compiled on Tue Sep 29 06:37:38 UTC 2026 using git hash 785c408[22m
2026-10-05 22:02:04.986 - INFO: Cleanup of previous index directories after each rebuild enabled (--rebuild-keep-previous-index-dirs original-and-most-recent)
2026-10-05 22:02:04.988 - INFO: The git hash used to build this index was "65f84b4"
2026-10-05 22:02:04.988 - INFO: Reading vocabulary from file /local/data-ssd/stoetzem/wikidata/wikidata.vocabulary.words ...
2026-10-05 22:02:18.218 - INFO: Done, number of words: 1,580,300,680
2026-10-05 22:02:18.218 - INFO: Number of words in internal vocabulary (these are also part of the external vocabulary): 777,658,536
2026-10-05 22:02:18.295 - INFO: Registered PSO permutation: #relations = 10,100, #blocks = 225,155, #triples = 6,983,973,847
2026-10-05 22:02:18.391 - INFO: Registered PSO permutation: #relations = 13,566, #blocks = 264,339, #triples = 8,220,417,022
2026-10-05 22:02:18.462 - INFO: Registered POS permutation: #relations = 10,100, #blocks = 225,155, #triples = 6,983,973,847
2026-10-05 22:02:18.558 - INFO: Registered POS permutation: #relations = 13,566, #blocks = 264,339, #triples = 8,220,417,022
2026-10-05 22:02:18.641 - INFO: Registered OPS permutation: #relations = 1,683,253,489, #blocks = 222,728, #triples = 8,220,417,022
2026-10-05 22:02:18.722 - INFO: Registered OSP permutation: #relations = 1,683,253,489, #blocks = 222,728, #triples = 8,220,417,022
2026-10-05 22:02:18.778 - INFO: Registered SPO permutation: #relations = 252,534,289, #blocks = 175,741, #triples = 8,220,417,022
2026-10-05 22:02:18.833 - INFO: Registered SOP permutation: #relations = 252,534,289, #blocks = 175,741, #triples = 8,220,417,022
2026-10-05 22:02:18.833 - INFO: Reading patterns from file /local/data-ssd/stoetzem/wikidata/wikidata.index.patterns ...
2026-10-05 22:02:20.230 - INFO: Sorting random result tables to estimate the sorting performance of this machine ...
2026-10-05 22:02:28.357 - INFO: Initializing server ...
2026-10-05 22:02:28.357 - INFO: No access token required for restricted API calls
2026-10-05 22:02:28.357 - INFO: The server is ready, listening for requests on port 7047 ...
2026-10-05 22:02:29.500 - INFO: 
2026-10-05 22:02:29.500 - INFO: Request received via POST, content type "application/x-www-form-urlencoded"
2026-10-05 22:02:29.503 - INFO: Processing the following SPARQL query:
# Tier H-vocab — German labels, large
# Physical: P+O bound scan of wdt:P31 wd:Q5 (class postings), then
# S+P bound SPO scan of rdfs:label. LANG(?label) maps label IDs to
# strings. CONSTRUCT writes entity IRI + label.
# Targets: large sequential class scan with EXTERNAL vocabulary words.
# German is not in languages-internal (only "en"), so QLever's
# shouldLiteralBeExternalized places every de literal in the external
# tier (src/index/vocabulary/Vocabulary.cpp). Same shape as
# H-vocab-label-large.rq, but every lookup is a guaranteed external
# miss on cold caches.
PREFIX wd: <http://www.wikidata.org/entity/>
PREFIX wdt: <http://www.wikidata.org/prop/direct/>
PREFIX rdfs: <http://www.w3.org/2000/01/rdf-schema#>

CONSTRUCT { ?entity rdfs:label ?label }
WHERE {
  ?entity wdt:P31 wd:Q5 .
  ?entity rdfs:label ?label .
  FILTER(LANG(?label) = "de")
}

2026-10-05 22:02:29.503 - INFO: Requested media types of the result are: "text/turtle"
2026-10-05 22:02:29.507 - INFO: Query planning done in 6 ms
2026-10-05 22:02:29.507 - INFO: Result has unknown size (not computed yet)
2026-10-05 22:02:53.046 - INFO: Done processing query and sending result, total time was 23,546 ms
2026-10-05 22:02:55.533 - INFO: 
2026-10-05 22:02:55.533 - INFO: Request received via POST, content type "application/x-www-form-urlencoded"
2026-10-05 22:02:55.533 - INFO: Processing the following SPARQL query:
# Tier H-vocab — German labels, large
# Physical: P+O bound scan of wdt:P31 wd:Q5 (class postings), then
# S+P bound SPO scan of rdfs:label. LANG(?label) maps label IDs to
# strings. CONSTRUCT writes entity IRI + label.
# Targets: large sequential class scan with EXTERNAL vocabulary words.
# German is not in languages-internal (only "en"), so QLever's
# shouldLiteralBeExternalized places every de literal in the external
# tier (src/index/vocabulary/Vocabulary.cpp). Same shape as
# H-vocab-label-large.rq, but every lookup is a guaranteed external
# miss on cold caches.
PREFIX wd: <http://www.wikidata.org/entity/>
PREFIX wdt: <http://www.wikidata.org/prop/direct/>
PREFIX rdfs: <http://www.w3.org/2000/01/rdf-schema#>

CONSTRUCT { ?entity rdfs:label ?label }
WHERE {
  ?entity wdt:P31 wd:Q5 .
  ?entity rdfs:label ?label .
  FILTER(LANG(?label) = "de")
}

2026-10-05 22:02:55.533 - INFO: Requested media types of the result are: "text/turtle"
2026-10-05 22:02:55.533 - INFO: Query planning done in 0 ms
2026-10-05 22:02:55.533 - INFO: Result has unknown size (not computed yet)
2026-10-05 22:03:11.064 - INFO: Done processing query and sending result, total time was 15,531 ms
2026-10-05 22:03:12.489 - INFO: 
2026-10-05 22:03:12.489 - INFO: Request received via POST, content type "application/x-www-form-urlencoded"
2026-10-05 22:03:12.489 - INFO: Processing the following SPARQL query:
# Tier H-vocab — German labels, large
# Physical: P+O bound scan of wdt:P31 wd:Q5 (class postings), then
# S+P bound SPO scan of rdfs:label. LANG(?label) maps label IDs to
# strings. CONSTRUCT writes entity IRI + label.
# Targets: large sequential class scan with EXTERNAL vocabulary words.
# German is not in languages-internal (only "en"), so QLever's
# shouldLiteralBeExternalized places every de literal in the external
# tier (src/index/vocabulary/Vocabulary.cpp). Same shape as
# H-vocab-label-large.rq, but every lookup is a guaranteed external
# miss on cold caches.
PREFIX wd: <http://www.wikidata.org/entity/>
PREFIX wdt: <http://www.wikidata.org/prop/direct/>
PREFIX rdfs: <http://www.w3.org/2000/01/rdf-schema#>

CONSTRUCT { ?entity rdfs:label ?label }
WHERE {
  ?entity wdt:P31 wd:Q5 .
  ?entity rdfs:label ?label .
  FILTER(LANG(?label) = "de")
}

2026-10-05 22:03:12.489 - INFO: Requested media types of the result are: "text/turtle"
2026-10-05 22:03:12.490 - INFO: Query planning done in 0 ms
2026-10-05 22:03:12.490 - INFO: Result has unknown size (not computed yet)
2026-10-05 22:03:27.728 - INFO: Done processing query and sending result, total time was 15,239 ms
