2026-10-05 21:52:00.653 - INFO: [1mQLever server CIKM-2683-g51269ab4b, compiled on Mon Sep 28 16:04:41 UTC 2026 using git hash 51269ab[22m
2026-10-05 21:52:00.654 - INFO: Cleanup of previous index directories after each rebuild enabled (--rebuild-keep-previous-index-dirs original-and-most-recent)
2026-10-05 21:52:00.660 - INFO: The git hash used to build this index was "65f84b4"
2026-10-05 21:52:00.660 - INFO: Reading vocabulary from file /local/data-ssd/stoetzem/wikidata/wikidata.vocabulary.words ...
2026-10-05 21:52:16.231 - INFO: Done, number of words: 1,580,300,680
2026-10-05 21:52:16.231 - INFO: Number of words in internal vocabulary (these are also part of the external vocabulary): 777,658,536
2026-10-05 21:52:16.327 - INFO: Registered PSO permutation: #relations = 10,100, #blocks = 225,155, #triples = 6,983,973,847
2026-10-05 21:52:16.448 - INFO: Registered PSO permutation: #relations = 13,566, #blocks = 264,339, #triples = 8,220,417,022
2026-10-05 21:52:16.537 - INFO: Registered POS permutation: #relations = 10,100, #blocks = 225,155, #triples = 6,983,973,847
2026-10-05 21:52:16.655 - INFO: Registered POS permutation: #relations = 13,566, #blocks = 264,339, #triples = 8,220,417,022
2026-10-05 21:52:16.753 - INFO: Registered OPS permutation: #relations = 1,683,253,489, #blocks = 222,728, #triples = 8,220,417,022
2026-10-05 21:52:16.855 - INFO: Registered OSP permutation: #relations = 1,683,253,489, #blocks = 222,728, #triples = 8,220,417,022
2026-10-05 21:52:16.927 - INFO: Registered SPO permutation: #relations = 252,534,289, #blocks = 175,741, #triples = 8,220,417,022
2026-10-05 21:52:17.001 - INFO: Registered SOP permutation: #relations = 252,534,289, #blocks = 175,741, #triples = 8,220,417,022
2026-10-05 21:52:17.001 - INFO: Reading patterns from file /local/data-ssd/stoetzem/wikidata/wikidata.index.patterns ...
2026-10-05 21:52:18.747 - INFO: Sorting random result tables to estimate the sorting performance of this machine ...
2026-10-05 21:52:28.167 - INFO: Initializing server ...
2026-10-05 21:52:28.167 - INFO: No access token required for restricted API calls
2026-10-05 21:52:28.167 - INFO: The server is ready, listening for requests on port 7047 ...
2026-10-05 21:52:28.199 - INFO: 
2026-10-05 21:52:28.199 - INFO: Request received via POST, content type "application/x-www-form-urlencoded"
2026-10-05 21:52:28.202 - INFO: Processing the following SPARQL query:
# Tier H-vocab — German labels, large
# Physical: P+O bound scan of wdt:P31 wd:Q5 (class postings), then
# S+P bound SPO scan of rdfs:label. LANG(?label) maps label IDs to
# strings. CONSTRUCT writes entity IRI + label.
# Targets: large sequential class scan with EXTERNAL vocabulary words.
# German is not in languages-internal (only "en"), so QLever's
# shouldLiteralBeExternalized places every de literal in the external
# tier (src/index/vocabulary/Vocabulary.cpp). Same shape as
# H-vocab-label-large.rq, but every lookup is a guaranteed external
# miss on cold caches.
PREFIX wd: <http://www.wikidata.org/entity/>
PREFIX wdt: <http://www.wikidata.org/prop/direct/>
PREFIX rdfs: <http://www.w3.org/2000/01/rdf-schema#>

CONSTRUCT { ?entity rdfs:label ?label }
WHERE {
  ?entity wdt:P31 wd:Q5 .
  ?entity rdfs:label ?label .
  FILTER(LANG(?label) = "de")
}

2026-10-05 21:52:28.202 - INFO: Requested media types of the result are: "text/turtle"
2026-10-05 21:52:28.206 - INFO: Query planning done in 6 ms
2026-10-05 21:52:28.206 - INFO: Result has unknown size (not computed yet)
2026-10-05 21:52:54.825 - INFO: Done processing query and sending result, total time was 26,625 ms
2026-10-05 21:52:55.239 - INFO: 
2026-10-05 21:52:55.239 - INFO: Request received via POST, content type "application/x-www-form-urlencoded"
2026-10-05 21:52:55.239 - INFO: Processing the following SPARQL query:
# Tier H-vocab — German labels, large
# Physical: P+O bound scan of wdt:P31 wd:Q5 (class postings), then
# S+P bound SPO scan of rdfs:label. LANG(?label) maps label IDs to
# strings. CONSTRUCT writes entity IRI + label.
# Targets: large sequential class scan with EXTERNAL vocabulary words.
# German is not in languages-internal (only "en"), so QLever's
# shouldLiteralBeExternalized places every de literal in the external
# tier (src/index/vocabulary/Vocabulary.cpp). Same shape as
# H-vocab-label-large.rq, but every lookup is a guaranteed external
# miss on cold caches.
PREFIX wd: <http://www.wikidata.org/entity/>
PREFIX wdt: <http://www.wikidata.org/prop/direct/>
PREFIX rdfs: <http://www.w3.org/2000/01/rdf-schema#>

CONSTRUCT { ?entity rdfs:label ?label }
WHERE {
  ?entity wdt:P31 wd:Q5 .
  ?entity rdfs:label ?label .
  FILTER(LANG(?label) = "de")
}

2026-10-05 21:52:55.239 - INFO: Requested media types of the result are: "text/turtle"
2026-10-05 21:52:55.240 - INFO: Query planning done in 0 ms
2026-10-05 21:52:55.240 - INFO: Result has unknown size (not computed yet)
2026-10-05 21:53:12.813 - INFO: Done processing query and sending result, total time was 17,573 ms
2026-10-05 21:53:13.232 - INFO: 
2026-10-05 21:53:13.232 - INFO: Request received via POST, content type "application/x-www-form-urlencoded"
2026-10-05 21:53:13.233 - INFO: Processing the following SPARQL query:
# Tier H-vocab — German labels, large
# Physical: P+O bound scan of wdt:P31 wd:Q5 (class postings), then
# S+P bound SPO scan of rdfs:label. LANG(?label) maps label IDs to
# strings. CONSTRUCT writes entity IRI + label.
# Targets: large sequential class scan with EXTERNAL vocabulary words.
# German is not in languages-internal (only "en"), so QLever's
# shouldLiteralBeExternalized places every de literal in the external
# tier (src/index/vocabulary/Vocabulary.cpp). Same shape as
# H-vocab-label-large.rq, but every lookup is a guaranteed external
# miss on cold caches.
PREFIX wd: <http://www.wikidata.org/entity/>
PREFIX wdt: <http://www.wikidata.org/prop/direct/>
PREFIX rdfs: <http://www.w3.org/2000/01/rdf-schema#>

CONSTRUCT { ?entity rdfs:label ?label }
WHERE {
  ?entity wdt:P31 wd:Q5 .
  ?entity rdfs:label ?label .
  FILTER(LANG(?label) = "de")
}

2026-10-05 21:53:13.233 - INFO: Requested media types of the result are: "text/turtle"
2026-10-05 21:53:13.233 - INFO: Query planning done in 0 ms
2026-10-05 21:53:13.233 - INFO: Result has unknown size (not computed yet)
2026-10-05 21:53:30.618 - INFO: Done processing query and sending result, total time was 17,386 ms
