2026-10-05 21:49:35.728 - INFO: [1mQLever server v0.6.0-331-g785c408e6, compiled on Tue Sep 29 06:37:38 UTC 2026 using git hash 785c408[22m
2026-10-05 21:49:35.729 - INFO: Cleanup of previous index directories after each rebuild enabled (--rebuild-keep-previous-index-dirs original-and-most-recent)
2026-10-05 21:49:35.729 - INFO: The git hash used to build this index was "65f84b4"
2026-10-05 21:49:35.730 - INFO: Reading vocabulary from file /local/data-ssd/stoetzem/wikidata/wikidata.vocabulary.words ...
2026-10-05 21:49:49.603 - INFO: Done, number of words: 1,580,300,680
2026-10-05 21:49:49.603 - INFO: Number of words in internal vocabulary (these are also part of the external vocabulary): 777,658,536
2026-10-05 21:49:49.685 - INFO: Registered PSO permutation: #relations = 10,100, #blocks = 225,155, #triples = 6,983,973,847
2026-10-05 21:49:49.786 - INFO: Registered PSO permutation: #relations = 13,566, #blocks = 264,339, #triples = 8,220,417,022
2026-10-05 21:49:49.861 - INFO: Registered POS permutation: #relations = 10,100, #blocks = 225,155, #triples = 6,983,973,847
2026-10-05 21:49:49.966 - INFO: Registered POS permutation: #relations = 13,566, #blocks = 264,339, #triples = 8,220,417,022
2026-10-05 21:49:50.055 - INFO: Registered OPS permutation: #relations = 1,683,253,489, #blocks = 222,728, #triples = 8,220,417,022
2026-10-05 21:49:50.144 - INFO: Registered OSP permutation: #relations = 1,683,253,489, #blocks = 222,728, #triples = 8,220,417,022
2026-10-05 21:49:50.205 - INFO: Registered SPO permutation: #relations = 252,534,289, #blocks = 175,741, #triples = 8,220,417,022
2026-10-05 21:49:50.265 - INFO: Registered SOP permutation: #relations = 252,534,289, #blocks = 175,741, #triples = 8,220,417,022
2026-10-05 21:49:50.265 - INFO: Reading patterns from file /local/data-ssd/stoetzem/wikidata/wikidata.index.patterns ...
2026-10-05 21:49:51.807 - INFO: Sorting random result tables to estimate the sorting performance of this machine ...
2026-10-05 21:50:00.408 - INFO: Initializing server ...
2026-10-05 21:50:00.408 - INFO: No access token required for restricted API calls
2026-10-05 21:50:00.408 - INFO: The server is ready, listening for requests on port 7047 ...
2026-10-05 21:50:00.491 - INFO: 
2026-10-05 21:50:00.491 - INFO: Request received via POST, content type "application/x-www-form-urlencoded"
2026-10-05 21:50:00.494 - INFO: Processing the following SPARQL query:
# Tier H-vocab — German labels, large
# Physical: P+O bound scan of wdt:P31 wd:Q5 (class postings), then
# S+P bound SPO scan of rdfs:label. LANG(?label) maps label IDs to
# strings. CONSTRUCT writes entity IRI + label.
# Targets: large sequential class scan with EXTERNAL vocabulary words.
# German is not in languages-internal (only "en"), so QLever's
# shouldLiteralBeExternalized places every de literal in the external
# tier (src/index/vocabulary/Vocabulary.cpp). Same shape as
# H-vocab-label-large.rq, but every lookup is a guaranteed external
# miss on cold caches.
PREFIX wd: <http://www.wikidata.org/entity/>
PREFIX wdt: <http://www.wikidata.org/prop/direct/>
PREFIX rdfs: <http://www.w3.org/2000/01/rdf-schema#>

CONSTRUCT { ?entity rdfs:label ?label }
WHERE {
  ?entity wdt:P31 wd:Q5 .
  ?entity rdfs:label ?label .
  FILTER(LANG(?label) = "de")
}

2026-10-05 21:50:00.494 - INFO: Requested media types of the result are: "text/turtle"
2026-10-05 21:50:00.498 - INFO: Query planning done in 6 ms
2026-10-05 21:50:00.498 - INFO: Result has unknown size (not computed yet)
2026-10-05 21:50:25.626 - INFO: Done processing query and sending result, total time was 25,134 ms
2026-10-05 21:50:26.075 - INFO: 
2026-10-05 21:50:26.075 - INFO: Request received via POST, content type "application/x-www-form-urlencoded"
2026-10-05 21:50:26.075 - INFO: Processing the following SPARQL query:
# Tier H-vocab — German labels, large
# Physical: P+O bound scan of wdt:P31 wd:Q5 (class postings), then
# S+P bound SPO scan of rdfs:label. LANG(?label) maps label IDs to
# strings. CONSTRUCT writes entity IRI + label.
# Targets: large sequential class scan with EXTERNAL vocabulary words.
# German is not in languages-internal (only "en"), so QLever's
# shouldLiteralBeExternalized places every de literal in the external
# tier (src/index/vocabulary/Vocabulary.cpp). Same shape as
# H-vocab-label-large.rq, but every lookup is a guaranteed external
# miss on cold caches.
PREFIX wd: <http://www.wikidata.org/entity/>
PREFIX wdt: <http://www.wikidata.org/prop/direct/>
PREFIX rdfs: <http://www.w3.org/2000/01/rdf-schema#>

CONSTRUCT { ?entity rdfs:label ?label }
WHERE {
  ?entity wdt:P31 wd:Q5 .
  ?entity rdfs:label ?label .
  FILTER(LANG(?label) = "de")
}

2026-10-05 21:50:26.075 - INFO: Requested media types of the result are: "text/turtle"
2026-10-05 21:50:26.076 - INFO: Query planning done in 0 ms
2026-10-05 21:50:26.076 - INFO: Result has unknown size (not computed yet)
2026-10-05 21:50:42.592 - INFO: Done processing query and sending result, total time was 16,517 ms
2026-10-05 21:50:43.025 - INFO: 
2026-10-05 21:50:43.025 - INFO: Request received via POST, content type "application/x-www-form-urlencoded"
2026-10-05 21:50:43.026 - INFO: Processing the following SPARQL query:
# Tier H-vocab — German labels, large
# Physical: P+O bound scan of wdt:P31 wd:Q5 (class postings), then
# S+P bound SPO scan of rdfs:label. LANG(?label) maps label IDs to
# strings. CONSTRUCT writes entity IRI + label.
# Targets: large sequential class scan with EXTERNAL vocabulary words.
# German is not in languages-internal (only "en"), so QLever's
# shouldLiteralBeExternalized places every de literal in the external
# tier (src/index/vocabulary/Vocabulary.cpp). Same shape as
# H-vocab-label-large.rq, but every lookup is a guaranteed external
# miss on cold caches.
PREFIX wd: <http://www.wikidata.org/entity/>
PREFIX wdt: <http://www.wikidata.org/prop/direct/>
PREFIX rdfs: <http://www.w3.org/2000/01/rdf-schema#>

CONSTRUCT { ?entity rdfs:label ?label }
WHERE {
  ?entity wdt:P31 wd:Q5 .
  ?entity rdfs:label ?label .
  FILTER(LANG(?label) = "de")
}

2026-10-05 21:50:43.026 - INFO: Requested media types of the result are: "text/turtle"
2026-10-05 21:50:43.026 - INFO: Query planning done in 0 ms
2026-10-05 21:50:43.026 - INFO: Result has unknown size (not computed yet)
2026-10-05 21:50:59.274 - INFO: Done processing query and sending result, total time was 16,248 ms
