2026-07-30 22:35:39.640 - INFO: [1mQLever server v0.5.50-58-gbdd1a6b9, compiled on Thu Jul 30 22:03:57 CEST 2026 using git hash bdd1a6b[22m
2026-07-30 22:35:39.641 - INFO: The git hash used to build this index was "8c99fe"
2026-07-30 22:35:39.641 - INFO: Reading vocabulary from file /home/userNoPriv/code/qlever/qlever-indices/dblp/dblp.vocabulary.words ...
2026-07-30 22:35:39.661 - INFO: Done, number of words: 409,446,926
2026-07-30 22:35:39.661 - INFO: Number of words in internal vocabulary (these are also part of the external vocabulary): 409,457
2026-07-30 22:35:39.672 - INFO: Registered PSO permutation: #relations = 6, #blocks = 7,515, #triples = 234,800,838
2026-07-30 22:35:39.696 - INFO: Registered PSO permutation: #relations = 96, #blocks = 46,913, #triples = 1,464,719,701
2026-07-30 22:35:39.700 - INFO: Registered POS permutation: #relations = 6, #blocks = 7,515, #triples = 234,800,838
2026-07-30 22:35:39.724 - INFO: Registered POS permutation: #relations = 96, #blocks = 46,913, #triples = 1,464,719,701
2026-07-30 22:35:39.744 - INFO: Registered OPS permutation: #relations = 318,850,904, #blocks = 39,014, #triples = 1,464,719,701
2026-07-30 22:35:39.764 - INFO: Registered OSP permutation: #relations = 318,850,904, #blocks = 39,014, #triples = 1,464,719,701
2026-07-30 22:35:39.778 - INFO: Registered SPO permutation: #relations = 234,800,427, #blocks = 31,251, #triples = 1,464,719,701
2026-07-30 22:35:39.790 - INFO: Registered SOP permutation: #relations = 234,800,427, #blocks = 31,251, #triples = 1,464,719,701
2026-07-30 22:35:39.790 - INFO: Reading patterns from file /home/userNoPriv/code/qlever/qlever-indices/dblp/dblp.index.patterns ...
2026-07-30 22:35:39.791 - INFO: Sorting random result tables to estimate the sorting performance of this machine ...
2026-07-30 22:35:48.386 - INFO: Initializing server ...
2026-07-30 22:35:48.386 - INFO: No access token required for restricted API calls
2026-07-30 22:35:48.386 - INFO: The server is ready, listening for requests on port 7015 ...
2026-07-30 22:35:48.437 - INFO: 
2026-07-30 22:35:48.437 - INFO: Request received via GET, no content type specified
2026-07-30 22:35:48.437 - INFO: Processing command "cache-stats": get cache statistics
2026-07-30 22:35:48.446 - INFO: 
2026-07-30 22:35:48.446 - INFO: Request received via POST, content type "application/x-www-form-urlencoded"
2026-07-30 22:35:48.448 - INFO: Processing the following SPARQL query:
# Tier H — dedup-heavy
# Goal: exercise CONSTRUCT result deduplication. A paper with multiple
# signatures produces repeated (?paper ?p ?o) rows through this join.
PREFIX dblp: <https://dblp.org/rdf/schema#>

CONSTRUCT { ?paper ?p ?o }
WHERE {
  ?paper a dblp:Publication ;
         dblp:publishedInStream <https://dblp.org/streams/conf/stoc> ;
         dblp:hasSignature ?sig .
  ?sig dblp:signatureCreator ?creator .
  ?paper ?p ?o .
}

2026-07-30 22:35:48.448 - INFO: Requested media types of the result are: "text/turtle"
2026-07-30 22:35:48.453 - INFO: Query planning done in 7 ms
2026-07-30 22:35:48.473 - INFO: Result has unknown size (not computed yet)
2026-07-30 22:35:51.308 - INFO: Done processing query and sending result, total time was 2,862 ms
2026-07-30 22:35:51.316 - INFO: 
2026-07-30 22:35:51.316 - INFO: Request received via GET, no content type specified
2026-07-30 22:35:51.316 - INFO: Processing command "cache-stats": get cache statistics
