2026-08-10 23:53:30.798 - INFO: [1mQLever server v0.5.50-82-g65f84b43, compiled on Mon Aug 10 19:10:29 CEST 2026 using git hash 65f84b4[22m
2026-08-10 23:53:30.798 - INFO: Cleanup of previous index directories after each rebuild enabled (--rebuild-keep-previous-index-dirs original-and-most-recent)
2026-08-10 23:53:30.812 - INFO: The git hash used to build this index was "65f84b4"
2026-08-10 23:53:30.812 - INFO: Reading vocabulary from file /local/data-ssd/stoetzem/dblp/dblp.vocabulary.words ...
2026-08-10 23:53:30.826 - INFO: Done, number of words: 446,944,668
2026-08-10 23:53:30.826 - INFO: Number of words in internal vocabulary (these are also part of the external vocabulary): 446,955
2026-08-10 23:53:30.833 - INFO: Registered PSO permutation: #relations = 6, #blocks = 8,187, #triples = 255,805,025
2026-08-10 23:53:30.858 - INFO: Registered PSO permutation: #relations = 96, #blocks = 51,023, #triples = 1,593,245,022
2026-08-10 23:53:30.861 - INFO: Registered POS permutation: #relations = 6, #blocks = 8,187, #triples = 255,805,025
2026-08-10 23:53:30.885 - INFO: Registered POS permutation: #relations = 96, #blocks = 51,023, #triples = 1,593,245,022
2026-08-10 23:53:30.905 - INFO: Registered OPS permutation: #relations = 345,357,897, #blocks = 42,492, #triples = 1,593,245,022
2026-08-10 23:53:30.925 - INFO: Registered OSP permutation: #relations = 345,357,897, #blocks = 42,492, #triples = 1,593,245,022
2026-08-10 23:53:30.938 - INFO: Registered SPO permutation: #relations = 255,804,614, #blocks = 33,993, #triples = 1,593,245,022
2026-08-10 23:53:30.949 - INFO: Registered SOP permutation: #relations = 255,804,614, #blocks = 33,993, #triples = 1,593,245,022
2026-08-10 23:53:30.949 - INFO: Reading patterns from file /local/data-ssd/stoetzem/dblp/dblp.index.patterns ...
2026-08-10 23:53:30.949 - INFO: Sorting random result tables to estimate the sorting performance of this machine ...
2026-08-10 23:53:39.114 - INFO: Initializing server ...
2026-08-10 23:53:39.114 - INFO: No access token required for restricted API calls
2026-08-10 23:53:39.115 - INFO: The server is ready, listening for requests on port 7026 ...
2026-08-10 23:53:39.317 - INFO: 
2026-08-10 23:53:39.317 - INFO: Request received via POST, content type "application/x-www-form-urlencoded"
2026-08-10 23:53:39.320 - INFO: Processing the following SPARQL query:
# Tier H — size-sweep
# Goal: isolate export cost from query-planning cost. Raise the year bound
# across runs, for example 1970, 1990, 2010, and 2023.
PREFIX dblp: <https://dblp.org/rdf/schema#>

CONSTRUCT { ?s ?p ?o }
WHERE {
  ?s a dblp:Publication ;
     dblp:yearOfPublication ?year ;
     ?p ?o .
  FILTER(?year <= "1970"^^<http://www.w3.org/2001/XMLSchema#gYear>)
}

2026-08-10 23:53:39.320 - INFO: Requested media types of the result are: "text/turtle"
2026-08-10 23:53:39.320 - INFO: CONSTRUCT_REQUEST_STAGE_ENTER name=planning elapsed_us=2,729
2026-08-10 23:53:39.336 - INFO: Query planning done in 18 ms
2026-08-10 23:53:39.336 - INFO: CONSTRUCT_REQUEST_STAGE_ENTER name=response_stream elapsed_us=18,852
2026-08-10 23:53:39.366 - INFO: Result has unknown size (not computed yet)
2026-08-10 23:53:39.366 - INFO: CONSTRUCT_EXPORT_DEDUPLICATOR_CONSTRUCTION_BEGIN mode=none
2026-08-10 23:53:39.366 - INFO: CONSTRUCT_EXPORT_DEDUPLICATOR_CONSTRUCTION_END mode=none enabled=false
2026-08-10 23:53:42.923 - INFO: CONSTRUCT_EXPORT_STAGE_SUMMARY construct_stream_us=3,556,414 setup_us=7 batch_evaluation_us=3,326,997 instantiation_deduplication_us=24,326 batches=482 input_rows=490,650 candidate_triples=490,650 emitted_triples=490,650
2026-08-10 23:53:42.931 - INFO: CONSTRUCT_REQUEST_STAGE_SUMMARY planning_begin_us=2,729 planning_end_us=18,851 planning_us=16,122 response_stream_begin_us=18,852 response_stream_end_us=3,613,684 response_stream_us=3,594,832 root_execution_us=140,111 non_root_stream_us=3,454,721 server_request_us=3,613,684
2026-08-10 23:53:42.931 - INFO: Done processing query and sending result, total time was 3,613 ms
2026-08-10 23:53:42.950 - INFO: 
2026-08-10 23:53:42.950 - INFO: Request received via GET, no content type specified
2026-08-10 23:53:42.950 - INFO: Processing command "cache-stats": get cache statistics
2026-08-10 23:53:42.968 - INFO: 
2026-08-10 23:53:42.968 - INFO: Request received via POST, content type "application/x-www-form-urlencoded"
2026-08-10 23:53:42.969 - INFO: Processing the following SPARQL query:
# Tier H — size-sweep
# Goal: isolate export cost from query-planning cost. Raise the year bound
# across runs, for example 1970, 1990, 2010, and 2023.
PREFIX dblp: <https://dblp.org/rdf/schema#>

CONSTRUCT { ?s ?p ?o }
WHERE {
  ?s a dblp:Publication ;
     dblp:yearOfPublication ?year ;
     ?p ?o .
  FILTER(?year <= "1970"^^<http://www.w3.org/2001/XMLSchema#gYear>)
}

2026-08-10 23:53:42.969 - INFO: Requested media types of the result are: "text/turtle"
2026-08-10 23:53:42.969 - INFO: CONSTRUCT_REQUEST_STAGE_ENTER name=planning elapsed_us=293
2026-08-10 23:53:42.970 - INFO: Query planning done in 1 ms
2026-08-10 23:53:42.970 - INFO: CONSTRUCT_REQUEST_STAGE_ENTER name=response_stream elapsed_us=1,143
2026-08-10 23:53:42.990 - INFO: Result has unknown size (not computed yet)
2026-08-10 23:53:42.990 - INFO: CONSTRUCT_EXPORT_DEDUPLICATOR_CONSTRUCTION_BEGIN mode=none
2026-08-10 23:53:42.990 - INFO: CONSTRUCT_EXPORT_DEDUPLICATOR_CONSTRUCTION_END mode=none enabled=false
2026-08-10 23:53:43.540 - INFO: CONSTRUCT_EXPORT_STAGE_SUMMARY construct_stream_us=549,984 setup_us=7 batch_evaluation_us=340,925 instantiation_deduplication_us=23,955 batches=482 input_rows=490,650 candidate_triples=490,650 emitted_triples=490,650
2026-08-10 23:53:43.549 - INFO: CONSTRUCT_REQUEST_STAGE_SUMMARY planning_begin_us=293 planning_end_us=1,142 planning_us=849 response_stream_begin_us=1,143 response_stream_end_us=580,178 response_stream_us=579,035 root_execution_us=108,775 non_root_stream_us=470,260 server_request_us=580,178
2026-08-10 23:53:43.549 - INFO: Done processing query and sending result, total time was 580 ms
2026-08-10 23:53:43.568 - INFO: 
2026-08-10 23:53:43.568 - INFO: Request received via GET, no content type specified
2026-08-10 23:53:43.568 - INFO: Processing command "cache-stats": get cache statistics
