2026-09-28 23:54:35.526 - INFO: [1mQLever server CIKM-2668-g9bf5b86ea, compiled on Mon Sep 28 21:25:40 UTC 2026 using git hash 9bf5b86[22m
2026-09-28 23:54:35.526 - INFO: Cleanup of previous index directories after each rebuild enabled (--rebuild-keep-previous-index-dirs original-and-most-recent)
2026-09-28 23:54:35.527 - INFO: The git hash used to build this index was "65f84b4"
2026-09-28 23:54:35.527 - INFO: Reading vocabulary from file /local/data-ssd/stoetzem/qlever-indices/dblp/dblp.vocabulary.words ...
2026-09-28 23:54:35.537 - INFO: Done, number of words: 446,944,668
2026-09-28 23:54:35.537 - INFO: Number of words in internal vocabulary (these are also part of the external vocabulary): 446,955
2026-09-28 23:54:35.542 - INFO: Registered PSO permutation: #relations = 6, #blocks = 8,187, #triples = 255,805,025
2026-09-28 23:54:35.568 - INFO: Registered PSO permutation: #relations = 96, #blocks = 51,023, #triples = 1,593,245,022
2026-09-28 23:54:35.571 - INFO: Registered POS permutation: #relations = 6, #blocks = 8,187, #triples = 255,805,025
2026-09-28 23:54:35.597 - INFO: Registered POS permutation: #relations = 96, #blocks = 51,023, #triples = 1,593,245,022
2026-09-28 23:54:35.618 - INFO: Registered OPS permutation: #relations = 345,357,897, #blocks = 42,492, #triples = 1,593,245,022
2026-09-28 23:54:35.639 - INFO: Registered OSP permutation: #relations = 345,357,897, #blocks = 42,492, #triples = 1,593,245,022
2026-09-28 23:54:35.654 - INFO: Registered SPO permutation: #relations = 255,804,614, #blocks = 33,993, #triples = 1,593,245,022
2026-09-28 23:54:35.666 - INFO: Registered SOP permutation: #relations = 255,804,614, #blocks = 33,993, #triples = 1,593,245,022
2026-09-28 23:54:35.666 - INFO: Reading patterns from file /local/data-ssd/stoetzem/qlever-indices/dblp/dblp.index.patterns ...
2026-09-28 23:54:35.666 - INFO: Sorting random result tables to estimate the sorting performance of this machine ...
2026-09-28 23:54:46.942 - INFO: Initializing server ...
2026-09-28 23:54:46.942 - INFO: No access token required for restricted API calls
2026-09-28 23:54:46.942 - INFO: The server is ready, listening for requests on port 7015 ...
2026-09-28 23:54:47.203 - INFO: 
2026-09-28 23:54:47.203 - INFO: Request received via POST, content type "application/x-www-form-urlencoded"
2026-09-28 23:54:47.207 - INFO: Processing the following SPARQL query:
# Tier H-vocab — title literals, large
# Goal: external-vocabulary lookup pressure with larger bounded output.
PREFIX dblp: <https://dblp.org/rdf/schema#>

CONSTRUCT { ?paper dblp:title ?title }
WHERE {
  ?paper dblp:title ?title .
}
LIMIT 100000

2026-09-28 23:54:47.207 - INFO: Requested media types of the result are: "text/turtle"
2026-09-28 23:54:47.208 - INFO: Query planning done in 5 ms
2026-09-28 23:54:47.208 - INFO: Result has unknown size (not computed yet)
2026-09-28 23:54:52.100 - INFO: Done processing query and sending result, total time was 4,896 ms
2026-09-28 23:54:52.144 - INFO: 
2026-09-28 23:54:52.144 - INFO: Request received via POST, content type "application/x-www-form-urlencoded"
2026-09-28 23:54:52.145 - INFO: Processing the following SPARQL query:
# Tier H-vocab — title literals, large
# Goal: external-vocabulary lookup pressure with larger bounded output.
PREFIX dblp: <https://dblp.org/rdf/schema#>

CONSTRUCT { ?paper dblp:title ?title }
WHERE {
  ?paper dblp:title ?title .
}
LIMIT 100000

2026-09-28 23:54:52.145 - INFO: Requested media types of the result are: "text/turtle"
2026-09-28 23:54:52.145 - INFO: Query planning done in 0 ms
2026-09-28 23:54:52.145 - INFO: Result has unknown size (not computed yet)
2026-09-28 23:54:52.861 - INFO: Done processing query and sending result, total time was 716 ms
