[2026-09-28T18:09:08Z] PR #59 wikidata turtle_export queries=H-vocab-label-large-de scenarios=warm reps=10 mode=two binaries layout=ural
[2026-09-28T18:09:08Z] base:    /local/data-ssd/stoetzem/thesis/experiments/runs/pr59-wikidata-fixedfiles-stats-ab-v2-warm/bin/qlever-server-base (3aaff2de) args='' form=''
[2026-09-28T18:09:08Z] variant: /local/data-ssd/stoetzem/thesis/experiments/runs/pr59-wikidata-fixedfiles-stats-ab-v2-warm/bin/qlever-server-variant (27e4cb88) args='' form=''
fatal: not a git repository (or any parent up to mount point /local)
Stopping at filesystem boundary (GIT_DISCOVERY_ACROSS_FILESYSTEM not set).
fatal: not a git repository (or any parent up to mount point /local)
Stopping at filesystem boundary (GIT_DISCOVERY_ACROSS_FILESYSTEM not set).
fatal: not a git repository (or any parent up to mount point /local)
Stopping at filesystem boundary (GIT_DISCOVERY_ACROSS_FILESYSTEM not set).
fatal: not a git repository (or any parent up to mount point /local)
Stopping at filesystem boundary (GIT_DISCOVERY_ACROSS_FILESYSTEM not set).
fatal: not a git repository (or any parent up to mount point /local)
Stopping at filesystem boundary (GIT_DISCOVERY_ACROSS_FILESYSTEM not set).
rep 1/1: complete export=s e2e=18.528741964s 504927346 bytes syscr=2642 pread64=2612 io_uring_enter=6625868 read_bytes=0 cpu_s=22.250000
[2026-09-28T18:10:21Z] pr59-H-vocab-label-large-de-warm-base-r1 done
fatal: not a git repository (or any parent up to mount point /local)
Stopping at filesystem boundary (GIT_DISCOVERY_ACROSS_FILESYSTEM not set).
fatal: not a git repository (or any parent up to mount point /local)
Stopping at filesystem boundary (GIT_DISCOVERY_ACROSS_FILESYSTEM not set).
fatal: not a git repository (or any parent up to mount point /local)
Stopping at filesystem boundary (GIT_DISCOVERY_ACROSS_FILESYSTEM not set).
fatal: not a git repository (or any parent up to mount point /local)
Stopping at filesystem boundary (GIT_DISCOVERY_ACROSS_FILESYSTEM not set).
fatal: not a git repository (or any parent up to mount point /local)
Stopping at filesystem boundary (GIT_DISCOVERY_ACROSS_FILESYSTEM not set).
rep 1/1: complete export=s e2e=18.719649471s 504927346 bytes syscr=2643 pread64=2612 io_uring_enter=6625868 read_bytes=0 cpu_s=22.280000
[2026-09-28T18:11:35Z] pr59-H-vocab-label-large-de-warm-variant-r1 done
fatal: not a git repository (or any parent up to mount point /local)
Stopping at filesystem boundary (GIT_DISCOVERY_ACROSS_FILESYSTEM not set).
fatal: not a git repository (or any parent up to mount point /local)
Stopping at filesystem boundary (GIT_DISCOVERY_ACROSS_FILESYSTEM not set).
fatal: not a git repository (or any parent up to mount point /local)
Stopping at filesystem boundary (GIT_DISCOVERY_ACROSS_FILESYSTEM not set).
fatal: not a git repository (or any parent up to mount point /local)
Stopping at filesystem boundary (GIT_DISCOVERY_ACROSS_FILESYSTEM not set).
fatal: not a git repository (or any parent up to mount point /local)
Stopping at filesystem boundary (GIT_DISCOVERY_ACROSS_FILESYSTEM not set).
rep 1/1: complete export=s e2e=18.090772396s 504927346 bytes syscr=2642 pread64=2612 io_uring_enter=6625868 read_bytes=0 cpu_s=21.790000
[2026-09-28T18:12:48Z] pr59-H-vocab-label-large-de-warm-variant-r2 done
fatal: not a git repository (or any parent up to mount point /local)
Stopping at filesystem boundary (GIT_DISCOVERY_ACROSS_FILESYSTEM not set).
fatal: not a git repository (or any parent up to mount point /local)
Stopping at filesystem boundary (GIT_DISCOVERY_ACROSS_FILESYSTEM not set).
fatal: not a git repository (or any parent up to mount point /local)
Stopping at filesystem boundary (GIT_DISCOVERY_ACROSS_FILESYSTEM not set).
fatal: not a git repository (or any parent up to mount point /local)
Stopping at filesystem boundary (GIT_DISCOVERY_ACROSS_FILESYSTEM not set).
fatal: not a git repository (or any parent up to mount point /local)
Stopping at filesystem boundary (GIT_DISCOVERY_ACROSS_FILESYSTEM not set).
rep 1/1: complete export=s e2e=18.877039950s 504927346 bytes syscr=2643 pread64=2612 io_uring_enter=6625868 read_bytes=0 cpu_s=22.440000
[2026-09-28T18:14:02Z] pr59-H-vocab-label-large-de-warm-base-r2 done
fatal: not a git repository (or any parent up to mount point /local)
Stopping at filesystem boundary (GIT_DISCOVERY_ACROSS_FILESYSTEM not set).
fatal: not a git repository (or any parent up to mount point /local)
Stopping at filesystem boundary (GIT_DISCOVERY_ACROSS_FILESYSTEM not set).
fatal: not a git repository (or any parent up to mount point /local)
Stopping at filesystem boundary (GIT_DISCOVERY_ACROSS_FILESYSTEM not set).
fatal: not a git repository (or any parent up to mount point /local)
Stopping at filesystem boundary (GIT_DISCOVERY_ACROSS_FILESYSTEM not set).
fatal: not a git repository (or any parent up to mount point /local)
Stopping at filesystem boundary (GIT_DISCOVERY_ACROSS_FILESYSTEM not set).
rep 1/1: complete export=s e2e=18.826945117s 504927346 bytes syscr=2643 pread64=2612 io_uring_enter=6625868 read_bytes=0 cpu_s=22.420000
[2026-09-28T18:15:17Z] pr59-H-vocab-label-large-de-warm-base-r3 done
fatal: not a git repository (or any parent up to mount point /local)
Stopping at filesystem boundary (GIT_DISCOVERY_ACROSS_FILESYSTEM not set).
fatal: not a git repository (or any parent up to mount point /local)
Stopping at filesystem boundary (GIT_DISCOVERY_ACROSS_FILESYSTEM not set).
fatal: not a git repository (or any parent up to mount point /local)
Stopping at filesystem boundary (GIT_DISCOVERY_ACROSS_FILESYSTEM not set).
fatal: not a git repository (or any parent up to mount point /local)
Stopping at filesystem boundary (GIT_DISCOVERY_ACROSS_FILESYSTEM not set).
fatal: not a git repository (or any parent up to mount point /local)
Stopping at filesystem boundary (GIT_DISCOVERY_ACROSS_FILESYSTEM not set).
rep 1/1: complete export=s e2e=18.509889177s 504927346 bytes syscr=2643 pread64=2612 io_uring_enter=6625868 read_bytes=0 cpu_s=21.990000
[2026-09-28T18:16:31Z] pr59-H-vocab-label-large-de-warm-variant-r3 done
fatal: not a git repository (or any parent up to mount point /local)
Stopping at filesystem boundary (GIT_DISCOVERY_ACROSS_FILESYSTEM not set).
fatal: not a git repository (or any parent up to mount point /local)
Stopping at filesystem boundary (GIT_DISCOVERY_ACROSS_FILESYSTEM not set).
fatal: not a git repository (or any parent up to mount point /local)
Stopping at filesystem boundary (GIT_DISCOVERY_ACROSS_FILESYSTEM not set).
fatal: not a git repository (or any parent up to mount point /local)
Stopping at filesystem boundary (GIT_DISCOVERY_ACROSS_FILESYSTEM not set).
fatal: not a git repository (or any parent up to mount point /local)
Stopping at filesystem boundary (GIT_DISCOVERY_ACROSS_FILESYSTEM not set).
rep 1/1: complete export=s e2e=18.164137125s 504927346 bytes syscr=2642 pread64=2612 io_uring_enter=6625868 read_bytes=0 cpu_s=21.750000
[2026-09-28T18:17:45Z] pr59-H-vocab-label-large-de-warm-variant-r4 done
fatal: not a git repository (or any parent up to mount point /local)
Stopping at filesystem boundary (GIT_DISCOVERY_ACROSS_FILESYSTEM not set).
fatal: not a git repository (or any parent up to mount point /local)
Stopping at filesystem boundary (GIT_DISCOVERY_ACROSS_FILESYSTEM not set).
fatal: not a git repository (or any parent up to mount point /local)
Stopping at filesystem boundary (GIT_DISCOVERY_ACROSS_FILESYSTEM not set).
fatal: not a git repository (or any parent up to mount point /local)
Stopping at filesystem boundary (GIT_DISCOVERY_ACROSS_FILESYSTEM not set).
fatal: not a git repository (or any parent up to mount point /local)
Stopping at filesystem boundary (GIT_DISCOVERY_ACROSS_FILESYSTEM not set).
rep 1/1: complete export=s e2e=18.625658872s 504927346 bytes syscr=2643 pread64=2612 io_uring_enter=6625868 read_bytes=0 cpu_s=22.250000
[2026-09-28T18:19:00Z] pr59-H-vocab-label-large-de-warm-base-r4 done
fatal: not a git repository (or any parent up to mount point /local)
Stopping at filesystem boundary (GIT_DISCOVERY_ACROSS_FILESYSTEM not set).
fatal: not a git repository (or any parent up to mount point /local)
Stopping at filesystem boundary (GIT_DISCOVERY_ACROSS_FILESYSTEM not set).
fatal: not a git repository (or any parent up to mount point /local)
Stopping at filesystem boundary (GIT_DISCOVERY_ACROSS_FILESYSTEM not set).
fatal: not a git repository (or any parent up to mount point /local)
Stopping at filesystem boundary (GIT_DISCOVERY_ACROSS_FILESYSTEM not set).
fatal: not a git repository (or any parent up to mount point /local)
Stopping at filesystem boundary (GIT_DISCOVERY_ACROSS_FILESYSTEM not set).
rep 1/1: complete export=s e2e=18.659185543s 504927346 bytes syscr=2643 pread64=2612 io_uring_enter=6625868 read_bytes=0 cpu_s=22.270000
[2026-09-28T18:20:14Z] pr59-H-vocab-label-large-de-warm-base-r5 done
fatal: not a git repository (or any parent up to mount point /local)
Stopping at filesystem boundary (GIT_DISCOVERY_ACROSS_FILESYSTEM not set).
fatal: not a git repository (or any parent up to mount point /local)
Stopping at filesystem boundary (GIT_DISCOVERY_ACROSS_FILESYSTEM not set).
fatal: not a git repository (or any parent up to mount point /local)
Stopping at filesystem boundary (GIT_DISCOVERY_ACROSS_FILESYSTEM not set).
fatal: not a git repository (or any parent up to mount point /local)
Stopping at filesystem boundary (GIT_DISCOVERY_ACROSS_FILESYSTEM not set).
fatal: not a git repository (or any parent up to mount point /local)
Stopping at filesystem boundary (GIT_DISCOVERY_ACROSS_FILESYSTEM not set).
rep 1/1: complete export=s e2e=18.168271251s 504927346 bytes syscr=2642 pread64=2612 io_uring_enter=6625868 read_bytes=0 cpu_s=21.760000
[2026-09-28T18:21:27Z] pr59-H-vocab-label-large-de-warm-variant-r5 done
fatal: not a git repository (or any parent up to mount point /local)
Stopping at filesystem boundary (GIT_DISCOVERY_ACROSS_FILESYSTEM not set).
fatal: not a git repository (or any parent up to mount point /local)
Stopping at filesystem boundary (GIT_DISCOVERY_ACROSS_FILESYSTEM not set).
fatal: not a git repository (or any parent up to mount point /local)
Stopping at filesystem boundary (GIT_DISCOVERY_ACROSS_FILESYSTEM not set).
fatal: not a git repository (or any parent up to mount point /local)
Stopping at filesystem boundary (GIT_DISCOVERY_ACROSS_FILESYSTEM not set).
fatal: not a git repository (or any parent up to mount point /local)
Stopping at filesystem boundary (GIT_DISCOVERY_ACROSS_FILESYSTEM not set).
rep 1/1: complete export=s e2e=18.150030297s 504927346 bytes syscr=2642 pread64=2612 io_uring_enter=6625868 read_bytes=0 cpu_s=21.800000
[2026-09-28T18:22:40Z] pr59-H-vocab-label-large-de-warm-variant-r6 done
fatal: not a git repository (or any parent up to mount point /local)
Stopping at filesystem boundary (GIT_DISCOVERY_ACROSS_FILESYSTEM not set).
fatal: not a git repository (or any parent up to mount point /local)
Stopping at filesystem boundary (GIT_DISCOVERY_ACROSS_FILESYSTEM not set).
fatal: not a git repository (or any parent up to mount point /local)
Stopping at filesystem boundary (GIT_DISCOVERY_ACROSS_FILESYSTEM not set).
fatal: not a git repository (or any parent up to mount point /local)
Stopping at filesystem boundary (GIT_DISCOVERY_ACROSS_FILESYSTEM not set).
fatal: not a git repository (or any parent up to mount point /local)
Stopping at filesystem boundary (GIT_DISCOVERY_ACROSS_FILESYSTEM not set).
rep 1/1: complete export=s e2e=18.930703639s 504927346 bytes syscr=2643 pread64=2612 io_uring_enter=6625868 read_bytes=0 cpu_s=22.690000
[2026-09-28T18:23:55Z] pr59-H-vocab-label-large-de-warm-base-r6 done
fatal: not a git repository (or any parent up to mount point /local)
Stopping at filesystem boundary (GIT_DISCOVERY_ACROSS_FILESYSTEM not set).
fatal: not a git repository (or any parent up to mount point /local)
Stopping at filesystem boundary (GIT_DISCOVERY_ACROSS_FILESYSTEM not set).
fatal: not a git repository (or any parent up to mount point /local)
Stopping at filesystem boundary (GIT_DISCOVERY_ACROSS_FILESYSTEM not set).
fatal: not a git repository (or any parent up to mount point /local)
Stopping at filesystem boundary (GIT_DISCOVERY_ACROSS_FILESYSTEM not set).
fatal: not a git repository (or any parent up to mount point /local)
Stopping at filesystem boundary (GIT_DISCOVERY_ACROSS_FILESYSTEM not set).
rep 1/1: complete export=s e2e=18.620987745s 504927346 bytes syscr=2643 pread64=2612 io_uring_enter=6625868 read_bytes=0 cpu_s=22.290000
[2026-09-28T18:25:09Z] pr59-H-vocab-label-large-de-warm-base-r7 done
fatal: not a git repository (or any parent up to mount point /local)
Stopping at filesystem boundary (GIT_DISCOVERY_ACROSS_FILESYSTEM not set).
fatal: not a git repository (or any parent up to mount point /local)
Stopping at filesystem boundary (GIT_DISCOVERY_ACROSS_FILESYSTEM not set).
fatal: not a git repository (or any parent up to mount point /local)
Stopping at filesystem boundary (GIT_DISCOVERY_ACROSS_FILESYSTEM not set).
fatal: not a git repository (or any parent up to mount point /local)
Stopping at filesystem boundary (GIT_DISCOVERY_ACROSS_FILESYSTEM not set).
fatal: not a git repository (or any parent up to mount point /local)
Stopping at filesystem boundary (GIT_DISCOVERY_ACROSS_FILESYSTEM not set).
rep 1/1: complete export=s e2e=18.257401894s 504927346 bytes syscr=2642 pread64=2612 io_uring_enter=6625868 read_bytes=0 cpu_s=21.840000
[2026-09-28T18:26:23Z] pr59-H-vocab-label-large-de-warm-variant-r7 done
fatal: not a git repository (or any parent up to mount point /local)
Stopping at filesystem boundary (GIT_DISCOVERY_ACROSS_FILESYSTEM not set).
fatal: not a git repository (or any parent up to mount point /local)
Stopping at filesystem boundary (GIT_DISCOVERY_ACROSS_FILESYSTEM not set).
fatal: not a git repository (or any parent up to mount point /local)
Stopping at filesystem boundary (GIT_DISCOVERY_ACROSS_FILESYSTEM not set).
fatal: not a git repository (or any parent up to mount point /local)
Stopping at filesystem boundary (GIT_DISCOVERY_ACROSS_FILESYSTEM not set).
fatal: not a git repository (or any parent up to mount point /local)
Stopping at filesystem boundary (GIT_DISCOVERY_ACROSS_FILESYSTEM not set).
rep 1/1: complete export=s e2e=18.073297147s 504927346 bytes syscr=2642 pread64=2612 io_uring_enter=6625868 read_bytes=0 cpu_s=21.740000
[2026-09-28T18:27:36Z] pr59-H-vocab-label-large-de-warm-variant-r8 done
fatal: not a git repository (or any parent up to mount point /local)
Stopping at filesystem boundary (GIT_DISCOVERY_ACROSS_FILESYSTEM not set).
fatal: not a git repository (or any parent up to mount point /local)
Stopping at filesystem boundary (GIT_DISCOVERY_ACROSS_FILESYSTEM not set).
fatal: not a git repository (or any parent up to mount point /local)
Stopping at filesystem boundary (GIT_DISCOVERY_ACROSS_FILESYSTEM not set).
fatal: not a git repository (or any parent up to mount point /local)
Stopping at filesystem boundary (GIT_DISCOVERY_ACROSS_FILESYSTEM not set).
fatal: not a git repository (or any parent up to mount point /local)
Stopping at filesystem boundary (GIT_DISCOVERY_ACROSS_FILESYSTEM not set).
rep 1/1: complete export=s e2e=18.899028818s 504927346 bytes syscr=2643 pread64=2612 io_uring_enter=6625868 read_bytes=0 cpu_s=22.470000
[2026-09-28T18:28:51Z] pr59-H-vocab-label-large-de-warm-base-r8 done
fatal: not a git repository (or any parent up to mount point /local)
Stopping at filesystem boundary (GIT_DISCOVERY_ACROSS_FILESYSTEM not set).
fatal: not a git repository (or any parent up to mount point /local)
Stopping at filesystem boundary (GIT_DISCOVERY_ACROSS_FILESYSTEM not set).
fatal: not a git repository (or any parent up to mount point /local)
Stopping at filesystem boundary (GIT_DISCOVERY_ACROSS_FILESYSTEM not set).
fatal: not a git repository (or any parent up to mount point /local)
Stopping at filesystem boundary (GIT_DISCOVERY_ACROSS_FILESYSTEM not set).
fatal: not a git repository (or any parent up to mount point /local)
Stopping at filesystem boundary (GIT_DISCOVERY_ACROSS_FILESYSTEM not set).
rep 1/1: complete export=s e2e=19.094565328s 504927346 bytes syscr=2643 pread64=2612 io_uring_enter=6625868 read_bytes=0 cpu_s=22.660000
[2026-09-28T18:30:05Z] pr59-H-vocab-label-large-de-warm-base-r9 done
fatal: not a git repository (or any parent up to mount point /local)
Stopping at filesystem boundary (GIT_DISCOVERY_ACROSS_FILESYSTEM not set).
fatal: not a git repository (or any parent up to mount point /local)
Stopping at filesystem boundary (GIT_DISCOVERY_ACROSS_FILESYSTEM not set).
fatal: not a git repository (or any parent up to mount point /local)
Stopping at filesystem boundary (GIT_DISCOVERY_ACROSS_FILESYSTEM not set).
fatal: not a git repository (or any parent up to mount point /local)
Stopping at filesystem boundary (GIT_DISCOVERY_ACROSS_FILESYSTEM not set).
fatal: not a git repository (or any parent up to mount point /local)
Stopping at filesystem boundary (GIT_DISCOVERY_ACROSS_FILESYSTEM not set).
rep 1/1: complete export=s e2e=18.428702472s 504927346 bytes syscr=2642 pread64=2612 io_uring_enter=6625868 read_bytes=0 cpu_s=21.980000
[2026-09-28T18:31:19Z] pr59-H-vocab-label-large-de-warm-variant-r9 done
fatal: not a git repository (or any parent up to mount point /local)
Stopping at filesystem boundary (GIT_DISCOVERY_ACROSS_FILESYSTEM not set).
fatal: not a git repository (or any parent up to mount point /local)
Stopping at filesystem boundary (GIT_DISCOVERY_ACROSS_FILESYSTEM not set).
fatal: not a git repository (or any parent up to mount point /local)
Stopping at filesystem boundary (GIT_DISCOVERY_ACROSS_FILESYSTEM not set).
fatal: not a git repository (or any parent up to mount point /local)
Stopping at filesystem boundary (GIT_DISCOVERY_ACROSS_FILESYSTEM not set).
fatal: not a git repository (or any parent up to mount point /local)
Stopping at filesystem boundary (GIT_DISCOVERY_ACROSS_FILESYSTEM not set).
rep 1/1: complete export=s e2e=18.179619643s 504927346 bytes syscr=2642 pread64=2612 io_uring_enter=6625868 read_bytes=0 cpu_s=21.760000
[2026-09-28T18:32:33Z] pr59-H-vocab-label-large-de-warm-variant-r10 done
fatal: not a git repository (or any parent up to mount point /local)
Stopping at filesystem boundary (GIT_DISCOVERY_ACROSS_FILESYSTEM not set).
fatal: not a git repository (or any parent up to mount point /local)
Stopping at filesystem boundary (GIT_DISCOVERY_ACROSS_FILESYSTEM not set).
fatal: not a git repository (or any parent up to mount point /local)
Stopping at filesystem boundary (GIT_DISCOVERY_ACROSS_FILESYSTEM not set).
fatal: not a git repository (or any parent up to mount point /local)
Stopping at filesystem boundary (GIT_DISCOVERY_ACROSS_FILESYSTEM not set).
fatal: not a git repository (or any parent up to mount point /local)
Stopping at filesystem boundary (GIT_DISCOVERY_ACROSS_FILESYSTEM not set).
rep 1/1: complete export=s e2e=18.735538974s 504927346 bytes syscr=2642 pread64=2612 io_uring_enter=6625868 read_bytes=0 cpu_s=22.360000
[2026-09-28T18:33:48Z] pr59-H-vocab-label-large-de-warm-base-r10 done
# PR #59 A/B on wikidata (turtle_export)

- Base: `3aaff2de` routing-stats; server args: `(none)`
- Variant: `27e4cb88` fixedfiles-routing-stats; server args: `(none)`
- Binaries: two binaries; host `ural` (ural layout)
- Server query threads (`--num-simultaneous-queries`): 1
- Reps: 10 per arm, query and scenario; arms interleaved per rep, order alternating (odd reps base first, even reps variant first); cold reps run after `clear-caches`.
- Noise rule: within noise when |delta| < 1% or the min..max ranges overlap.

## Timing (elapsed_s, end to end)

| query | scenario | arm | n | median | min | max | delta vs base | verdict | correctness |
|---|---|---|---|---|---|---|---|---|---|
| H-vocab-label-large-de | warm | routing-stats | 10 | 18.7812 | 18.5287 | 19.0946 |  |  |  |
| H-vocab-label-large-de | warm | fixedfiles-routing-stats | 10 | 18.1739 | 18.0733 | 18.7196 | -3.23% | within noise | identical bytes |

## Verdict

- H-vocab-label-large-de warm: within noise (-3.23%); correctness: identical bytes

## Gates

- `gate-postflight-warm.log`: == POSTFLIGHT: PASS ==
- `gate-preflight-base.log`: == PREFLIGHT: PASS ==
- `gate-preflight-variant.log`: == PREFLIGHT: PASS ==
- `gate-verify-base.log`: VERDICT: PASS — binary is trustworthy for benchmarking
- `gate-verify-variant.log`: VERDICT: PASS — binary is trustworthy for benchmarking

## Problems

None: every rep complete, non-empty and correct.

Artifacts: `results.csv` (all reps), `<scenario>/<query>/<arm>/raw/` (harness output per rep), `correctness.tsv`, `build-env.txt`, `env-before.txt`, `env-after.txt`, `gate-*.log`, `driver.log`.
[2026-09-28T18:33:48Z] finished rc=0 run=/local/data-ssd/stoetzem/thesis/experiments/runs/pr59-wikidata-fixedfiles-stats-ab-v2-warm
