2026-07-30 22:56:04.333 - INFO: [1mQLever server v0.5.50-58-gbdd1a6b9, compiled on Thu Jul 30 22:03:57 CEST 2026 using git hash bdd1a6b[22m
2026-07-30 22:56:04.333 - INFO: The git hash used to build this index was "8c99fe"
2026-07-30 22:56:04.333 - INFO: Reading vocabulary from file /home/userNoPriv/code/qlever/qlever-indices/dblp/dblp.vocabulary.words ...
2026-07-30 22:56:04.348 - INFO: Done, number of words: 409,446,926
2026-07-30 22:56:04.348 - INFO: Number of words in internal vocabulary (these are also part of the external vocabulary): 409,457
2026-07-30 22:56:04.362 - INFO: Registered PSO permutation: #relations = 6, #blocks = 7,515, #triples = 234,800,838
2026-07-30 22:56:04.391 - INFO: Registered PSO permutation: #relations = 96, #blocks = 46,913, #triples = 1,464,719,701
2026-07-30 22:56:04.395 - INFO: Registered POS permutation: #relations = 6, #blocks = 7,515, #triples = 234,800,838
2026-07-30 22:56:04.421 - INFO: Registered POS permutation: #relations = 96, #blocks = 46,913, #triples = 1,464,719,701
2026-07-30 22:56:04.442 - INFO: Registered OPS permutation: #relations = 318,850,904, #blocks = 39,014, #triples = 1,464,719,701
2026-07-30 22:56:04.463 - INFO: Registered OSP permutation: #relations = 318,850,904, #blocks = 39,014, #triples = 1,464,719,701
2026-07-30 22:56:04.476 - INFO: Registered SPO permutation: #relations = 234,800,427, #blocks = 31,251, #triples = 1,464,719,701
2026-07-30 22:56:04.488 - INFO: Registered SOP permutation: #relations = 234,800,427, #blocks = 31,251, #triples = 1,464,719,701
2026-07-30 22:56:04.488 - INFO: Reading patterns from file /home/userNoPriv/code/qlever/qlever-indices/dblp/dblp.index.patterns ...
2026-07-30 22:56:04.489 - INFO: Sorting random result tables to estimate the sorting performance of this machine ...
2026-07-30 22:56:13.271 - INFO: Initializing server ...
2026-07-30 22:56:13.271 - INFO: No access token required for restricted API calls
2026-07-30 22:56:13.271 - INFO: The server is ready, listening for requests on port 7015 ...
2026-07-30 22:56:13.402 - INFO: 
2026-07-30 22:56:13.402 - INFO: Request received via GET, no content type specified
2026-07-30 22:56:13.402 - INFO: Processing command "cache-stats": get cache statistics
2026-07-30 22:56:13.410 - INFO: 
2026-07-30 22:56:13.410 - INFO: Request received via POST, content type "application/x-www-form-urlencoded"
2026-07-30 22:56:13.412 - INFO: Processing the following SPARQL query:
# Tier H-vocab — title literals, large
# Goal: external-vocabulary lookup pressure with larger bounded output.
PREFIX dblp: <https://dblp.org/rdf/schema#>

CONSTRUCT { ?paper dblp:title ?title }
WHERE {
  ?paper dblp:title ?title .
}
LIMIT 100000

2026-07-30 22:56:13.412 - INFO: Requested media types of the result are: "text/turtle"
2026-07-30 22:56:13.413 - INFO: Query planning done in 3 ms
2026-07-30 22:56:13.414 - INFO: Result has unknown size (not computed yet)
2026-07-30 22:56:20.212 - INFO: Done processing query and sending result, total time was 6,801 ms
2026-07-30 22:56:20.221 - INFO: 
2026-07-30 22:56:20.221 - INFO: Request received via GET, no content type specified
2026-07-30 22:56:20.221 - INFO: Processing command "cache-stats": get cache statistics
2026-07-30 22:56:20.584 - INFO: 
2026-07-30 22:56:20.584 - INFO: Request received via POST, content type "application/x-www-form-urlencoded"
2026-07-30 22:56:20.585 - INFO: Processing the following SPARQL query:
# Tier H-vocab — title literals, large
# Goal: external-vocabulary lookup pressure with larger bounded output.
PREFIX dblp: <https://dblp.org/rdf/schema#>

CONSTRUCT { ?paper dblp:title ?title }
WHERE {
  ?paper dblp:title ?title .
}
LIMIT 100000

2026-07-30 22:56:20.585 - INFO: Requested media types of the result are: "text/turtle"
2026-07-30 22:56:20.585 - INFO: Query planning done in 0 ms
2026-07-30 22:56:20.585 - INFO: Result has unknown size (not computed yet)
2026-07-30 22:56:20.992 - INFO: Done processing query and sending result, total time was 408 ms
2026-07-30 22:56:21.002 - INFO: 
2026-07-30 22:56:21.002 - INFO: Request received via GET, no content type specified
2026-07-30 22:56:21.002 - INFO: Processing command "cache-stats": get cache statistics
