arm base /local/data-ssd/stoetzem/bin-cache/c85718a515e75d42791f6918e8024f021617ca9a/PrefixCompressorLengthBenchmark
6c82033a5e2a1f6b8ee3907b0b0e606e6e7ebf6a3a4adc95ecad9b34ffc38ec3  /local/data-ssd/stoetzem/bin-cache/c85718a515e75d42791f6918e8024f021617ca9a/PrefixCompressorLengthBenchmark
PrefixCompressorLengthBenchmark git QLever  decompressInto=0
  base META sha=c85718a515e75d42791f6918e8024f021617ca9a
  base META ref=c85718a515e75d42791f6918e8024f021617ca9a
  base META targets=PrefixCompressorLengthBenchmark
  base META compiler=/usr/bin/g++-13 (g++-13 (Ubuntu 13.3.0-6ubuntu2~24.04.1) 13.3.0)
  base META liburing=2.15
  base META flavor=u24-hosted
  base META run=https://github.com/marvin7122/qlever/actions/runs/36456645488
  base META built_utc=2026-09-28T17:16:50Z
arm variant /local/data-ssd/stoetzem/bin-cache/0a139760b83c88249b8e79de5fc92c5faa9a8f9a/PrefixCompressorLengthBenchmark
c385813d6c8a70a922fb712aee34bde64f1d5f79c70a0a0ab6a14d2a06d10b12  /local/data-ssd/stoetzem/bin-cache/0a139760b83c88249b8e79de5fc92c5faa9a8f9a/PrefixCompressorLengthBenchmark
PrefixCompressorLengthBenchmark git QLever  decompressInto=1
  variant META sha=0a139760b83c88249b8e79de5fc92c5faa9a8f9a
  variant META ref=0a139760b83c88249b8e79de5fc92c5faa9a8f9a
  variant META targets=PrefixCompressorLengthBenchmark
  variant META compiler=/usr/bin/g++-13 (g++-13 (Ubuntu 13.3.0-6ubuntu2~24.04.1) 13.3.0)
  variant META liburing=2.15
  variant META flavor=u24-hosted
  variant META run=https://github.com/marvin7122/qlever/actions/runs/36456652265
  variant META built_utc=2026-09-28T17:16:54Z
arm final /local/data-ssd/stoetzem/bin-cache/a5b06793b648be12a7a48aef3dc7e92f8b9ce500/PrefixCompressorLengthBenchmark
48e1b9c309bc0a6dc598e3d5375f8133e893772c389f7471421e3508c1aa8497  /local/data-ssd/stoetzem/bin-cache/a5b06793b648be12a7a48aef3dc7e92f8b9ce500/PrefixCompressorLengthBenchmark
PrefixCompressorLengthBenchmark git a5b0679 decompressInto=1
  final META sha=a5b06793b648be12a7a48aef3dc7e92f8b9ce500
  final META ref=a5b06793b648be12a7a48aef3dc7e92f8b9ce500
  final META targets=PrefixCompressorLengthBenchmark
  final META compiler=/usr/bin/g++-13 (g++-13 (Ubuntu 13.3.0-6ubuntu2~24.04.1) 13.3.0)
  final META liburing=2.15
  final META flavor=u24-hosted
  final META run=https://github.com/marvin7122/qlever/actions/runs/36485894647
  final META built_utc=2026-09-28T21:27:57Z
host ural 2026-09-28T22:06:25Z
Linux ural 7.0.0-28-generic #28~24.04.1-Ubuntu SMP PREEMPT_DYNAMIC Wed Jul  1 15:50:57 UTC 2 x86_64 x86_64 x86_64 GNU/Linux
CPU(s):                                  16
Model name:                              AMD Ryzen 7 3700X 8-Core Processor
CPU(s) scaling MHz:                      73%
governor core2 powersave
loadavg-before 2.59 2.57 2.51 2/988 3273073
core 2 min_seconds 10 trials 3
== warm-up (untimed, 1 s per arm and mode)
trial=1 arm=base git=QLever  mode=decompress words=5000 passes=121516 decodes=607580000 seconds=10.000018 ns_per_word=16.459 allocs_per_word=1.0000 alloc_bytes_per_word=72.00 bytes=43138180000 checksum=f67a086f84d19dad
trial=1 arm=variant git=QLever  mode=decompress words=5000 passes=66272 decodes=331360000 seconds=10.000061 ns_per_word=30.179 allocs_per_word=1.0000 alloc_bytes_per_word=72.00 bytes=23526560000 checksum=f67a086f84d19dad
trial=1 arm=final git=a5b0679 mode=decompress words=5000 passes=120763 decodes=603815000 seconds=10.000020 ns_per_word=16.561 allocs_per_word=1.0000 alloc_bytes_per_word=72.00 bytes=42870865000 checksum=f67a086f84d19dad
trial=1 arm=base git=QLever  mode=batch-vector words=5000 passes=72912 decodes=364560000 seconds=10.000099 ns_per_word=27.431 allocs_per_word=1.0002 alloc_bytes_per_word=104.00 bytes=25883760000 checksum=f67a086f84d19dad
trial=1 arm=variant git=QLever  mode=batch-vector words=5000 passes=48867 decodes=244335000 seconds=10.000166 ns_per_word=40.928 allocs_per_word=1.0002 alloc_bytes_per_word=104.00 bytes=17347785000 checksum=f67a086f84d19dad
trial=1 arm=final git=a5b0679 mode=batch-vector words=5000 passes=73162 decodes=365810000 seconds=10.000125 ns_per_word=27.337 allocs_per_word=1.0002 alloc_bytes_per_word=104.00 bytes=25972510000 checksum=f67a086f84d19dad
trial=1 arm=variant git=QLever  mode=decompress-into words=5000 passes=140453 decodes=702265000 seconds=10.000034 ns_per_word=14.240 allocs_per_word=0.0000 alloc_bytes_per_word=0.00 bytes=49860815000 checksum=f67a086f84d19dad
trial=1 arm=final git=a5b0679 mode=decompress-into words=5000 passes=253848 decodes=1269240000 seconds=10.000001 ns_per_word=7.879 allocs_per_word=0.0000 alloc_bytes_per_word=0.00 bytes=90116040000 checksum=f67a086f84d19dad
trial=1 arm=variant git=QLever  mode=batch-arena words=5000 passes=135277 decodes=676385000 seconds=10.000060 ns_per_word=14.785 allocs_per_word=0.0000 alloc_bytes_per_word=0.00 bytes=48023335000 checksum=f67a086f84d19dad
trial=1 arm=final git=a5b0679 mode=batch-arena words=5000 passes=249123 decodes=1245615000 seconds=10.000017 ns_per_word=8.028 allocs_per_word=0.0000 alloc_bytes_per_word=0.00 bytes=88438665000 checksum=f67a086f84d19dad
trial=1 arm=base git=QLever  mode=decompress words=40000 passes=15004 decodes=600160000 seconds=10.000085 ns_per_word=16.662 allocs_per_word=1.0000 alloc_bytes_per_word=72.00 bytes=42611360000 checksum=b21ad7fc64d09e8a
trial=1 arm=variant git=QLever  mode=decompress words=40000 passes=8342 decodes=333680000 seconds=10.001182 ns_per_word=29.972 allocs_per_word=1.0000 alloc_bytes_per_word=72.00 bytes=23691280000 checksum=b21ad7fc64d09e8a
trial=1 arm=final git=a5b0679 mode=decompress words=40000 passes=13338 decodes=533520000 seconds=10.000257 ns_per_word=18.744 allocs_per_word=1.0000 alloc_bytes_per_word=72.00 bytes=37879920000 checksum=b21ad7fc64d09e8a
trial=1 arm=base git=QLever  mode=batch-vector words=40000 passes=8924 decodes=356960000 seconds=10.000172 ns_per_word=28.015 allocs_per_word=1.0000 alloc_bytes_per_word=104.00 bytes=25344160000 checksum=b21ad7fc64d09e8a
trial=1 arm=variant git=QLever  mode=batch-vector words=40000 passes=6013 decodes=240520000 seconds=10.000320 ns_per_word=41.578 allocs_per_word=1.0000 alloc_bytes_per_word=104.00 bytes=17076920000 checksum=b21ad7fc64d09e8a
trial=1 arm=final git=a5b0679 mode=batch-vector words=40000 passes=8923 decodes=356920000 seconds=10.000088 ns_per_word=28.018 allocs_per_word=1.0000 alloc_bytes_per_word=104.00 bytes=25341320000 checksum=b21ad7fc64d09e8a
trial=1 arm=variant git=QLever  mode=decompress-into words=40000 passes=17314 decodes=692560000 seconds=10.000118 ns_per_word=14.439 allocs_per_word=0.0000 alloc_bytes_per_word=0.00 bytes=49171760000 checksum=b21ad7fc64d09e8a
trial=1 arm=final git=a5b0679 mode=decompress-into words=40000 passes=31807 decodes=1272280000 seconds=10.000158 ns_per_word=7.860 allocs_per_word=0.0000 alloc_bytes_per_word=0.00 bytes=90331880000 checksum=b21ad7fc64d09e8a
trial=1 arm=variant git=QLever  mode=batch-arena words=40000 passes=16964 decodes=678560000 seconds=10.000086 ns_per_word=14.737 allocs_per_word=0.0000 alloc_bytes_per_word=0.00 bytes=48177760000 checksum=b21ad7fc64d09e8a
trial=1 arm=final git=a5b0679 mode=batch-arena words=40000 passes=31201 decodes=1248040000 seconds=10.000109 ns_per_word=8.013 allocs_per_word=0.0000 alloc_bytes_per_word=0.00 bytes=88610840000 checksum=b21ad7fc64d09e8a
trial 1 done 22:10:14 loadavg 2.39 2.42 2.45
trial=2 arm=variant git=QLever  mode=decompress words=5000 passes=66717 decodes=333585000 seconds=10.000014 ns_per_word=29.977 allocs_per_word=1.0000 alloc_bytes_per_word=72.00 bytes=23684535000 checksum=f67a086f84d19dad
trial=2 arm=final git=a5b0679 mode=decompress words=5000 passes=122210 decodes=611050000 seconds=10.000065 ns_per_word=16.365 allocs_per_word=1.0000 alloc_bytes_per_word=72.00 bytes=43384550000 checksum=f67a086f84d19dad
trial=2 arm=base git=QLever  mode=decompress words=5000 passes=121106 decodes=605530000 seconds=10.000062 ns_per_word=16.515 allocs_per_word=1.0000 alloc_bytes_per_word=72.00 bytes=42992630000 checksum=f67a086f84d19dad
trial=2 arm=variant git=QLever  mode=batch-vector words=5000 passes=48849 decodes=244245000 seconds=10.000085 ns_per_word=40.943 allocs_per_word=1.0002 alloc_bytes_per_word=104.00 bytes=17341395000 checksum=f67a086f84d19dad
trial=2 arm=final git=a5b0679 mode=batch-vector words=5000 passes=72688 decodes=363440000 seconds=10.000007 ns_per_word=27.515 allocs_per_word=1.0002 alloc_bytes_per_word=104.00 bytes=25804240000 checksum=f67a086f84d19dad
trial=2 arm=base git=QLever  mode=batch-vector words=5000 passes=73255 decodes=366275000 seconds=10.000062 ns_per_word=27.302 allocs_per_word=1.0002 alloc_bytes_per_word=104.00 bytes=26005525000 checksum=f67a086f84d19dad
trial=2 arm=variant git=QLever  mode=decompress-into words=5000 passes=139863 decodes=699315000 seconds=10.000067 ns_per_word=14.300 allocs_per_word=0.0000 alloc_bytes_per_word=0.00 bytes=49651365000 checksum=f67a086f84d19dad
trial=2 arm=final git=a5b0679 mode=decompress-into words=5000 passes=253600 decodes=1268000000 seconds=10.000039 ns_per_word=7.886 allocs_per_word=0.0000 alloc_bytes_per_word=0.00 bytes=90028000000 checksum=f67a086f84d19dad
trial=2 arm=variant git=QLever  mode=batch-arena words=5000 passes=135168 decodes=675840000 seconds=10.000025 ns_per_word=14.796 allocs_per_word=0.0000 alloc_bytes_per_word=0.00 bytes=47984640000 checksum=f67a086f84d19dad
trial=2 arm=final git=a5b0679 mode=batch-arena words=5000 passes=248679 decodes=1243395000 seconds=10.000006 ns_per_word=8.043 allocs_per_word=0.0000 alloc_bytes_per_word=0.00 bytes=88281045000 checksum=f67a086f84d19dad
trial=2 arm=variant git=QLever  mode=decompress words=40000 passes=8325 decodes=333000000 seconds=10.000333 ns_per_word=30.031 allocs_per_word=1.0000 alloc_bytes_per_word=72.00 bytes=23643000000 checksum=b21ad7fc64d09e8a
trial=2 arm=final git=a5b0679 mode=decompress words=40000 passes=14658 decodes=586320000 seconds=10.000436 ns_per_word=17.056 allocs_per_word=1.0000 alloc_bytes_per_word=72.00 bytes=41628720000 checksum=b21ad7fc64d09e8a
trial=2 arm=base git=QLever  mode=decompress words=40000 passes=15044 decodes=601760000 seconds=10.000394 ns_per_word=16.619 allocs_per_word=1.0000 alloc_bytes_per_word=72.00 bytes=42724960000 checksum=b21ad7fc64d09e8a
trial=2 arm=variant git=QLever  mode=batch-vector words=40000 passes=5992 decodes=239680000 seconds=10.001538 ns_per_word=41.729 allocs_per_word=1.0000 alloc_bytes_per_word=104.00 bytes=17017280000 checksum=b21ad7fc64d09e8a
trial=2 arm=final git=a5b0679 mode=batch-vector words=40000 passes=8872 decodes=354880000 seconds=10.000809 ns_per_word=28.181 allocs_per_word=1.0000 alloc_bytes_per_word=104.00 bytes=25196480000 checksum=b21ad7fc64d09e8a
trial=2 arm=base git=QLever  mode=batch-vector words=40000 passes=8849 decodes=353960000 seconds=10.000154 ns_per_word=28.252 allocs_per_word=1.0000 alloc_bytes_per_word=104.00 bytes=25131160000 checksum=b21ad7fc64d09e8a
trial=2 arm=variant git=QLever  mode=decompress-into words=40000 passes=17293 decodes=691720000 seconds=10.000452 ns_per_word=14.457 allocs_per_word=0.0000 alloc_bytes_per_word=0.00 bytes=49112120000 checksum=b21ad7fc64d09e8a
trial=2 arm=final git=a5b0679 mode=decompress-into words=40000 passes=30938 decodes=1237520000 seconds=10.000229 ns_per_word=8.081 allocs_per_word=0.0000 alloc_bytes_per_word=0.00 bytes=87863920000 checksum=b21ad7fc64d09e8a
trial=2 arm=variant git=QLever  mode=batch-arena words=40000 passes=16897 decodes=675880000 seconds=10.000437 ns_per_word=14.796 allocs_per_word=0.0000 alloc_bytes_per_word=0.00 bytes=47987480000 checksum=b21ad7fc64d09e8a
trial=2 arm=final git=a5b0679 mode=batch-arena words=40000 passes=31009 decodes=1240360000 seconds=10.000261 ns_per_word=8.062 allocs_per_word=0.0000 alloc_bytes_per_word=0.00 bytes=88065560000 checksum=b21ad7fc64d09e8a
trial 2 done 22:13:44 loadavg 2.26 2.37 2.43
trial=3 arm=final git=a5b0679 mode=decompress words=5000 passes=120963 decodes=604815000 seconds=10.000062 ns_per_word=16.534 allocs_per_word=1.0000 alloc_bytes_per_word=72.00 bytes=42941865000 checksum=f67a086f84d19dad
trial=3 arm=base git=QLever  mode=decompress words=5000 passes=121327 decodes=606635000 seconds=10.000076 ns_per_word=16.485 allocs_per_word=1.0000 alloc_bytes_per_word=72.00 bytes=43071085000 checksum=f67a086f84d19dad
trial=3 arm=variant git=QLever  mode=decompress words=5000 passes=66411 decodes=332055000 seconds=10.000115 ns_per_word=30.116 allocs_per_word=1.0000 alloc_bytes_per_word=72.00 bytes=23575905000 checksum=f67a086f84d19dad
trial=3 arm=final git=a5b0679 mode=batch-vector words=5000 passes=66219 decodes=331095000 seconds=10.000077 ns_per_word=30.203 allocs_per_word=1.0002 alloc_bytes_per_word=104.00 bytes=23507745000 checksum=f67a086f84d19dad
trial=3 arm=base git=QLever  mode=batch-vector words=5000 passes=72729 decodes=363645000 seconds=10.000087 ns_per_word=27.500 allocs_per_word=1.0002 alloc_bytes_per_word=104.00 bytes=25818795000 checksum=f67a086f84d19dad
trial=3 arm=variant git=QLever  mode=batch-vector words=5000 passes=48760 decodes=243800000 seconds=10.000067 ns_per_word=41.018 allocs_per_word=1.0002 alloc_bytes_per_word=104.00 bytes=17309800000 checksum=f67a086f84d19dad
trial=3 arm=final git=a5b0679 mode=decompress-into words=5000 passes=255591 decodes=1277955000 seconds=10.000018 ns_per_word=7.825 allocs_per_word=0.0000 alloc_bytes_per_word=0.00 bytes=90734805000 checksum=f67a086f84d19dad
trial=3 arm=variant git=QLever  mode=decompress-into words=5000 passes=139976 decodes=699880000 seconds=10.000043 ns_per_word=14.288 allocs_per_word=0.0000 alloc_bytes_per_word=0.00 bytes=49691480000 checksum=f67a086f84d19dad
trial=3 arm=final git=a5b0679 mode=batch-arena words=5000 passes=249931 decodes=1249655000 seconds=10.000007 ns_per_word=8.002 allocs_per_word=0.0000 alloc_bytes_per_word=0.00 bytes=88725505000 checksum=f67a086f84d19dad
trial=3 arm=variant git=QLever  mode=batch-arena words=5000 passes=136954 decodes=684770000 seconds=10.000031 ns_per_word=14.603 allocs_per_word=0.0000 alloc_bytes_per_word=0.00 bytes=48618670000 checksum=f67a086f84d19dad
trial=3 arm=final git=a5b0679 mode=decompress words=40000 passes=15012 decodes=600480000 seconds=10.000305 ns_per_word=16.654 allocs_per_word=1.0000 alloc_bytes_per_word=72.00 bytes=42634080000 checksum=b21ad7fc64d09e8a
trial=3 arm=base git=QLever  mode=decompress words=40000 passes=15059 decodes=602360000 seconds=10.000029 ns_per_word=16.601 allocs_per_word=1.0000 alloc_bytes_per_word=72.00 bytes=42767560000 checksum=b21ad7fc64d09e8a
trial=3 arm=variant git=QLever  mode=decompress words=40000 passes=8212 decodes=328480000 seconds=10.000545 ns_per_word=30.445 allocs_per_word=1.0000 alloc_bytes_per_word=72.00 bytes=23322080000 checksum=b21ad7fc64d09e8a
trial=3 arm=final git=a5b0679 mode=batch-vector words=40000 passes=8918 decodes=356720000 seconds=10.000873 ns_per_word=28.036 allocs_per_word=1.0000 alloc_bytes_per_word=104.00 bytes=25327120000 checksum=b21ad7fc64d09e8a
trial=3 arm=base git=QLever  mode=batch-vector words=40000 passes=8938 decodes=357520000 seconds=10.000424 ns_per_word=27.972 allocs_per_word=1.0000 alloc_bytes_per_word=104.00 bytes=25383920000 checksum=b21ad7fc64d09e8a
trial=3 arm=variant git=QLever  mode=batch-vector words=40000 passes=6001 decodes=240040000 seconds=10.000792 ns_per_word=41.663 allocs_per_word=1.0000 alloc_bytes_per_word=104.00 bytes=17042840000 checksum=b21ad7fc64d09e8a
trial=3 arm=final git=a5b0679 mode=decompress-into words=40000 passes=29570 decodes=1182800000 seconds=10.000212 ns_per_word=8.455 allocs_per_word=0.0000 alloc_bytes_per_word=0.00 bytes=83978800000 checksum=b21ad7fc64d09e8a
trial=3 arm=variant git=QLever  mode=decompress-into words=40000 passes=17272 decodes=690880000 seconds=10.000002 ns_per_word=14.474 allocs_per_word=0.0000 alloc_bytes_per_word=0.00 bytes=49052480000 checksum=b21ad7fc64d09e8a
trial=3 arm=final git=a5b0679 mode=batch-arena words=40000 passes=30801 decodes=1232040000 seconds=10.000131 ns_per_word=8.117 allocs_per_word=0.0000 alloc_bytes_per_word=0.00 bytes=87474840000 checksum=b21ad7fc64d09e8a
trial=3 arm=variant git=QLever  mode=batch-arena words=40000 passes=16912 decodes=676480000 seconds=10.000012 ns_per_word=14.782 allocs_per_word=0.0000 alloc_bytes_per_word=0.00 bytes=48030080000 checksum=b21ad7fc64d09e8a
trial 3 done 22:17:15 loadavg 2.38 2.35 2.40
PART4V3_EXIT=0
