2026-10-07 13:34:05.280 - INFO: [1mQLever server v0.6.0-583-g87f576742, compiled on Sat Sep 26 12:11:57 AM CEST 2026 using git hash 87f5767[22m
2026-10-07 13:34:05.280 - INFO: Cleanup of previous index directories after each rebuild enabled (--rebuild-keep-previous-index-dirs original-and-most-recent)
2026-10-07 13:34:05.281 - INFO: The git hash used to build this index was "65f84b4"
2026-10-07 13:34:05.281 - INFO: Reading vocabulary from file /local/data-ssd/stoetzem/wikidata/wikidata.vocabulary.words ...
2026-10-07 13:34:19.236 - INFO: Done, number of words: 1,580,300,680
2026-10-07 13:34:19.236 - INFO: Number of words in internal vocabulary (these are also part of the external vocabulary): 777,658,536
2026-10-07 13:34:19.323 - INFO: Registered PSO permutation: #relations = 10,100, #blocks = 225,155, #triples = 6,983,973,847
2026-10-07 13:34:19.448 - INFO: Registered PSO permutation: #relations = 13,566, #blocks = 264,339, #triples = 8,220,417,022
2026-10-07 13:34:19.540 - INFO: Registered POS permutation: #relations = 10,100, #blocks = 225,155, #triples = 6,983,973,847
2026-10-07 13:34:19.658 - INFO: Registered POS permutation: #relations = 13,566, #blocks = 264,339, #triples = 8,220,417,022
2026-10-07 13:34:19.760 - INFO: Registered OPS permutation: #relations = 1,683,253,489, #blocks = 222,728, #triples = 8,220,417,022
2026-10-07 13:34:19.864 - INFO: Registered OSP permutation: #relations = 1,683,253,489, #blocks = 222,728, #triples = 8,220,417,022
2026-10-07 13:34:19.933 - INFO: Registered SPO permutation: #relations = 252,534,289, #blocks = 175,741, #triples = 8,220,417,022
2026-10-07 13:34:20.007 - INFO: Registered SOP permutation: #relations = 252,534,289, #blocks = 175,741, #triples = 8,220,417,022
2026-10-07 13:34:20.007 - INFO: Reading patterns from file /local/data-ssd/stoetzem/wikidata/wikidata.index.patterns ...
2026-10-07 13:34:21.704 - INFO: Sorting random result tables to estimate the sorting performance of this machine ...
2026-10-07 13:34:32.380 - INFO: Initializing server ...
2026-10-07 13:34:32.380 - INFO: ExportEngineV2 serialize posts onto queryThreadPool_ (1 threads); no extra V2 pool. Helpers stop admitting when another query is registered.
2026-10-07 13:34:32.380 - INFO: No access token required for restricted API calls
2026-10-07 13:34:32.380 - INFO: The server is ready, listening for requests on port 7041 ...
2026-10-07 13:34:36.109 - INFO: 
2026-10-07 13:34:36.109 - INFO: Request received via POST, content type "application/x-www-form-urlencoded"
2026-10-07 13:34:36.119 - INFO: Processing the following SPARQL query:
# Tier H-vocab — English labels, large (SELECT companion)
# Same WHERE clause as H-vocab-label-large.rq, but SELECT ?entity ?label
# instead of CONSTRUCT. Used by run 124 (export term-lookup perf profile)
# to attribute SELECT export CPU between vocabulary lookup and formatting.
PREFIX wd: <http://www.wikidata.org/entity/>
PREFIX wdt: <http://www.wikidata.org/prop/direct/>
PREFIX rdfs: <http://www.w3.org/2000/01/rdf-schema#>

SELECT ?entity ?label
WHERE {
  ?entity wdt:P31 wd:Q5 .
  ?entity rdfs:label ?label .
  FILTER(LANG(?label) = "en")
}

2026-10-07 13:34:36.120 - INFO: Requested media types of the result are: "text/csv"
2026-10-07 13:34:36.123 - INFO: Query planning done in 14 ms
2026-10-07 13:34:36.123 - INFO: ExportEngine: FastStreamingV2 [Reason: Fast-Path V2 selected (eligible export query with explicit or default opt-in)]
2026-10-07 13:34:36.123 - INFO: Using ExportEngineV2 for text/csv export
2026-10-07 13:34:36.123 - INFO: Result has unknown size (not computed yet)
2026-10-07 13:34:36.123 - INFO: ExportEngineV2 streaming lazy result blocks to morsels on queryThreadPool_ (no extra V2 threads)
2026-10-07 13:34:53.646 - INFO: Done processing query and sending result, total time was 17,537 ms
2026-10-07 13:34:56.017 - INFO: 
2026-10-07 13:34:56.017 - INFO: Request received via POST, content type "application/x-www-form-urlencoded"
2026-10-07 13:34:56.018 - INFO: Processing the following SPARQL query:
# Tier H-vocab — English labels, large (SELECT companion)
# Same WHERE clause as H-vocab-label-large.rq, but SELECT ?entity ?label
# instead of CONSTRUCT. Used by run 124 (export term-lookup perf profile)
# to attribute SELECT export CPU between vocabulary lookup and formatting.
PREFIX wd: <http://www.wikidata.org/entity/>
PREFIX wdt: <http://www.wikidata.org/prop/direct/>
PREFIX rdfs: <http://www.w3.org/2000/01/rdf-schema#>

SELECT ?entity ?label
WHERE {
  ?entity wdt:P31 wd:Q5 .
  ?entity rdfs:label ?label .
  FILTER(LANG(?label) = "en")
}

2026-10-07 13:34:56.018 - INFO: Requested media types of the result are: "text/csv"
2026-10-07 13:34:56.019 - INFO: Query planning done in 1 ms
2026-10-07 13:34:56.019 - INFO: ExportEngine: FastStreamingV2 [Reason: Fast-Path V2 selected (eligible export query with explicit or default opt-in)]
2026-10-07 13:34:56.019 - INFO: Using ExportEngineV2 for text/csv export
2026-10-07 13:34:56.020 - INFO: Result has unknown size (not computed yet)
2026-10-07 13:34:56.020 - INFO: ExportEngineV2 streaming lazy result blocks to morsels on queryThreadPool_ (no extra V2 threads)
2026-10-07 13:35:12.357 - INFO: Done processing query and sending result, total time was 16,339 ms
2026-10-07 13:35:12.404 - INFO: 
2026-10-07 13:35:12.404 - INFO: Request received via POST, content type "application/x-www-form-urlencoded"
2026-10-07 13:35:12.404 - INFO: Processing the following SPARQL query:
# Tier H-vocab — English labels, large (SELECT companion)
# Same WHERE clause as H-vocab-label-large.rq, but SELECT ?entity ?label
# instead of CONSTRUCT. Used by run 124 (export term-lookup perf profile)
# to attribute SELECT export CPU between vocabulary lookup and formatting.
PREFIX wd: <http://www.wikidata.org/entity/>
PREFIX wdt: <http://www.wikidata.org/prop/direct/>
PREFIX rdfs: <http://www.w3.org/2000/01/rdf-schema#>

SELECT ?entity ?label
WHERE {
  ?entity wdt:P31 wd:Q5 .
  ?entity rdfs:label ?label .
  FILTER(LANG(?label) = "en")
}

2026-10-07 13:35:12.404 - INFO: Requested media types of the result are: "text/csv"
2026-10-07 13:35:12.405 - INFO: Query planning done in 0 ms
2026-10-07 13:35:12.405 - INFO: ExportEngine: FastStreamingV2 [Reason: Fast-Path V2 selected (eligible export query with explicit or default opt-in)]
2026-10-07 13:35:12.405 - INFO: Using ExportEngineV2 for text/csv export
2026-10-07 13:35:12.405 - INFO: Result has unknown size (not computed yet)
2026-10-07 13:35:12.405 - INFO: ExportEngineV2 streaming lazy result blocks to morsels on queryThreadPool_ (no extra V2 threads)
2026-10-07 13:35:26.130 - INFO: Done processing query and sending result, total time was 13,726 ms
2026-10-07 13:35:26.192 - INFO: 
2026-10-07 13:35:26.192 - INFO: Request received via POST, content type "application/x-www-form-urlencoded"
2026-10-07 13:35:26.193 - INFO: Processing the following SPARQL query:
# Tier H-vocab — English labels, large (SELECT companion)
# Same WHERE clause as H-vocab-label-large.rq, but SELECT ?entity ?label
# instead of CONSTRUCT. Used by run 124 (export term-lookup perf profile)
# to attribute SELECT export CPU between vocabulary lookup and formatting.
PREFIX wd: <http://www.wikidata.org/entity/>
PREFIX wdt: <http://www.wikidata.org/prop/direct/>
PREFIX rdfs: <http://www.w3.org/2000/01/rdf-schema#>

SELECT ?entity ?label
WHERE {
  ?entity wdt:P31 wd:Q5 .
  ?entity rdfs:label ?label .
  FILTER(LANG(?label) = "en")
}

2026-10-07 13:35:26.193 - INFO: Requested media types of the result are: "text/csv"
2026-10-07 13:35:26.194 - INFO: Query planning done in 1 ms
2026-10-07 13:35:26.194 - INFO: ExportEngine: FastStreamingV2 [Reason: Fast-Path V2 selected (eligible export query with explicit or default opt-in)]
2026-10-07 13:35:26.194 - INFO: Using ExportEngineV2 for text/csv export
2026-10-07 13:35:26.194 - INFO: Result has unknown size (not computed yet)
2026-10-07 13:35:26.194 - INFO: ExportEngineV2 streaming lazy result blocks to morsels on queryThreadPool_ (no extra V2 threads)
2026-10-07 13:35:43.531 - INFO: Done processing query and sending result, total time was 17,338 ms
2026-10-07 13:35:43.601 - INFO: 
2026-10-07 13:35:43.601 - INFO: Request received via POST, content type "application/x-www-form-urlencoded"
2026-10-07 13:35:43.602 - INFO: Processing the following SPARQL query:
# Tier H-vocab — English labels, large (SELECT companion)
# Same WHERE clause as H-vocab-label-large.rq, but SELECT ?entity ?label
# instead of CONSTRUCT. Used by run 124 (export term-lookup perf profile)
# to attribute SELECT export CPU between vocabulary lookup and formatting.
PREFIX wd: <http://www.wikidata.org/entity/>
PREFIX wdt: <http://www.wikidata.org/prop/direct/>
PREFIX rdfs: <http://www.w3.org/2000/01/rdf-schema#>

SELECT ?entity ?label
WHERE {
  ?entity wdt:P31 wd:Q5 .
  ?entity rdfs:label ?label .
  FILTER(LANG(?label) = "en")
}

2026-10-07 13:35:43.602 - INFO: Requested media types of the result are: "text/csv"
2026-10-07 13:35:43.602 - INFO: Query planning done in 1 ms
2026-10-07 13:35:43.602 - INFO: ExportEngine: FastStreamingV2 [Reason: Fast-Path V2 selected (eligible export query with explicit or default opt-in)]
2026-10-07 13:35:43.602 - INFO: Using ExportEngineV2 for text/csv export
2026-10-07 13:35:43.603 - INFO: Result has unknown size (not computed yet)
2026-10-07 13:35:43.603 - INFO: ExportEngineV2 streaming lazy result blocks to morsels on queryThreadPool_ (no extra V2 threads)
2026-10-07 13:36:00.000 - INFO: Done processing query and sending result, total time was 16,399 ms
