2026-08-12 19:09:12.314 - INFO: [1mQLever server CIKM-2494-gc801fe1b, compiled on Wed Aug 12 06:40:36 PM CEST 2026 using git hash c801fe1[22m
2026-08-12 19:09:12.314 - INFO: Cleanup of previous index directories after each rebuild enabled (--rebuild-keep-previous-index-dirs original-and-most-recent)
2026-08-12 19:09:12.315 - INFO: The git hash used to build this index was "65f84b4"
2026-08-12 19:09:12.315 - INFO: Reading vocabulary from file /local/data-ssd/stoetzem/dblp/dblp.vocabulary.words ...
2026-08-12 19:09:12.324 - INFO: Done, number of words: 446,944,668
2026-08-12 19:09:12.324 - INFO: Number of words in internal vocabulary (these are also part of the external vocabulary): 446,955
2026-08-12 19:09:12.335 - INFO: Registered PSO permutation: #relations = 6, #blocks = 8,187, #triples = 255,805,025
2026-08-12 19:09:12.356 - INFO: Registered PSO permutation: #relations = 96, #blocks = 51,023, #triples = 1,593,245,022
2026-08-12 19:09:12.359 - INFO: Registered POS permutation: #relations = 6, #blocks = 8,187, #triples = 255,805,025
2026-08-12 19:09:12.381 - INFO: Registered POS permutation: #relations = 96, #blocks = 51,023, #triples = 1,593,245,022
2026-08-12 19:09:12.399 - INFO: Registered OPS permutation: #relations = 345,357,897, #blocks = 42,492, #triples = 1,593,245,022
2026-08-12 19:09:12.417 - INFO: Registered OSP permutation: #relations = 345,357,897, #blocks = 42,492, #triples = 1,593,245,022
2026-08-12 19:09:12.430 - INFO: Registered SPO permutation: #relations = 255,804,614, #blocks = 33,993, #triples = 1,593,245,022
2026-08-12 19:09:12.440 - INFO: Registered SOP permutation: #relations = 255,804,614, #blocks = 33,993, #triples = 1,593,245,022
2026-08-12 19:09:12.440 - INFO: Reading patterns from file /local/data-ssd/stoetzem/dblp/dblp.index.patterns ...
2026-08-12 19:09:12.440 - INFO: Sorting random result tables to estimate the sorting performance of this machine ...
2026-08-12 19:09:17.056 - INFO: Initializing server ...
2026-08-12 19:09:17.056 - INFO: No access token required for restricted API calls
2026-08-12 19:09:17.056 - INFO: The server is ready, listening for requests on port 7015 ...
2026-08-12 19:09:17.133 - INFO: 
2026-08-12 19:09:17.133 - INFO: Request received via POST, content type "application/x-www-form-urlencoded"
2026-08-12 19:09:17.135 - INFO: Processing the following SPARQL query:
# Tier H-vocab — title literals, large, SELECT variant for profiling
# Goal: stress external-vocabulary lookup on the SELECT CSV export path.
PREFIX dblp: <https://dblp.org/rdf/schema#>

SELECT ?paper ?title
WHERE {
  ?paper dblp:title ?title .
}
LIMIT 100000

2026-08-12 19:09:17.135 - INFO: Requested media types of the result are: "text/csv"
2026-08-12 19:09:17.136 - INFO: Query planning done in 3 ms
2026-08-12 19:09:17.137 - INFO: Result has unknown size (not computed yet)
2026-08-12 19:09:22.102 - INFO: Done processing query and sending result, total time was 4,969 ms
2026-08-12 19:09:22.123 - INFO: 
2026-08-12 19:09:22.123 - INFO: Request received via GET, no content type specified
2026-08-12 19:09:22.123 - INFO: Processing command "cache-stats": get cache statistics
