2026-08-12 19:11:53.000 - INFO: [1mQLever server CIKM-2494-gc801fe1b, compiled on Wed Aug 12 06:40:36 PM CEST 2026 using git hash c801fe1[22m
2026-08-12 19:11:53.000 - INFO: Cleanup of previous index directories after each rebuild enabled (--rebuild-keep-previous-index-dirs original-and-most-recent)
2026-08-12 19:11:53.002 - INFO: The git hash used to build this index was "65f84b4"
2026-08-12 19:11:53.002 - INFO: Reading vocabulary from file /local/data-ssd/stoetzem/dblp/dblp.vocabulary.words ...
2026-08-12 19:11:53.012 - INFO: Done, number of words: 446,944,668
2026-08-12 19:11:53.012 - INFO: Number of words in internal vocabulary (these are also part of the external vocabulary): 446,955
2026-08-12 19:11:53.018 - INFO: Registered PSO permutation: #relations = 6, #blocks = 8,187, #triples = 255,805,025
2026-08-12 19:11:53.040 - INFO: Registered PSO permutation: #relations = 96, #blocks = 51,023, #triples = 1,593,245,022
2026-08-12 19:11:53.043 - INFO: Registered POS permutation: #relations = 6, #blocks = 8,187, #triples = 255,805,025
2026-08-12 19:11:53.065 - INFO: Registered POS permutation: #relations = 96, #blocks = 51,023, #triples = 1,593,245,022
2026-08-12 19:11:53.083 - INFO: Registered OPS permutation: #relations = 345,357,897, #blocks = 42,492, #triples = 1,593,245,022
2026-08-12 19:11:53.101 - INFO: Registered OSP permutation: #relations = 345,357,897, #blocks = 42,492, #triples = 1,593,245,022
2026-08-12 19:11:53.114 - INFO: Registered SPO permutation: #relations = 255,804,614, #blocks = 33,993, #triples = 1,593,245,022
2026-08-12 19:11:53.124 - INFO: Registered SOP permutation: #relations = 255,804,614, #blocks = 33,993, #triples = 1,593,245,022
2026-08-12 19:11:53.124 - INFO: Reading patterns from file /local/data-ssd/stoetzem/dblp/dblp.index.patterns ...
2026-08-12 19:11:53.124 - INFO: Sorting random result tables to estimate the sorting performance of this machine ...
2026-08-12 19:11:57.754 - INFO: Initializing server ...
2026-08-12 19:11:57.754 - INFO: No access token required for restricted API calls
2026-08-12 19:11:57.754 - INFO: The server is ready, listening for requests on port 7015 ...
2026-08-12 19:11:58.047 - INFO: 
2026-08-12 19:11:58.047 - INFO: Request received via POST, content type "application/x-www-form-urlencoded"
2026-08-12 19:11:58.050 - INFO: Processing the following SPARQL query:
# Tier H — size-sweep (SELECT variant)
# Goal: isolate SELECT CSV/TSV export cost from query-planning cost. Raise
# the year bound across runs, for example 1970, 1990, 2010, and 2023.
PREFIX dblp: <https://dblp.org/rdf/schema#>

SELECT ?s ?p ?o
WHERE {
  ?s a dblp:Publication ;
     dblp:yearOfPublication ?year ;
     ?p ?o .
  FILTER(?year <= "1970"^^<http://www.w3.org/2001/XMLSchema#gYear>)
}

2026-08-12 19:11:58.050 - INFO: Requested media types of the result are: "text/csv"
2026-08-12 19:11:58.074 - INFO: Query planning done in 27 ms
2026-08-12 19:11:58.097 - INFO: Result has unknown size (not computed yet)
2026-08-12 19:12:03.325 - INFO: Done processing query and sending result, total time was 5,278 ms
2026-08-12 19:12:03.346 - INFO: 
2026-08-12 19:12:03.346 - INFO: Request received via GET, no content type specified
2026-08-12 19:12:03.346 - INFO: Processing command "cache-stats": get cache statistics
2026-08-12 19:12:03.365 - INFO: 
2026-08-12 19:12:03.365 - INFO: Request received via POST, content type "application/x-www-form-urlencoded"
2026-08-12 19:12:03.366 - INFO: Processing the following SPARQL query:
# Tier H — size-sweep (SELECT variant)
# Goal: isolate SELECT CSV/TSV export cost from query-planning cost. Raise
# the year bound across runs, for example 1970, 1990, 2010, and 2023.
PREFIX dblp: <https://dblp.org/rdf/schema#>

SELECT ?s ?p ?o
WHERE {
  ?s a dblp:Publication ;
     dblp:yearOfPublication ?year ;
     ?p ?o .
  FILTER(?year <= "1970"^^<http://www.w3.org/2001/XMLSchema#gYear>)
}

2026-08-12 19:12:03.366 - INFO: Requested media types of the result are: "text/csv"
2026-08-12 19:12:03.366 - INFO: Query planning done in 1 ms
2026-08-12 19:12:03.387 - INFO: Result has unknown size (not computed yet)
2026-08-12 19:12:05.646 - INFO: Done processing query and sending result, total time was 2,280 ms
2026-08-12 19:12:05.666 - INFO: 
2026-08-12 19:12:05.666 - INFO: Request received via GET, no content type specified
2026-08-12 19:12:05.666 - INFO: Processing command "cache-stats": get cache statistics
