[2026-09-16T12:42:57Z] BIN=/local/data-ssd/stoetzem/wt/master/build/qlever-server
[2026-09-16T12:42:57Z] preflight ok (paranoid=1)
[2026-09-16T12:42:57Z] binary version: /local/data-ssd/stoetzem/wt/master/build/qlever-server v0.6.0-89-g090c76f64
[2026-09-16T12:42:59Z] server pid 2379968
[2026-09-16T12:43:28Z] server ready
[2026-09-16T12:43:28Z] warmup (2x each, discarded)
200 22.950643 1302749672
200 20.134684 674222797
200 22.951733 1302749672
200 20.210586 674222797
[2026-09-16T12:44:55Z] profiling construct (8 warm reps)
[2026-09-16T12:48:06Z] construct requests done
[2026-09-16T12:48:08Z] WARN construct: [unknown] symbols at 0.44% (symbols may be broken)
total=96.91 lookup=46.32 format=4.52 other=46.07
[2026-09-16T12:48:09Z] construct done
[2026-09-16T12:48:09Z] profiling select (8 warm reps)
[2026-09-16T12:51:07Z] select requests done
[2026-09-16T12:51:08Z] WARN select: [unknown] symbols at 0.36% (symbols may be broken)
total=98.08 lookup=55.04 format=9.04 other=34.00
[2026-09-16T12:51:10Z] select done
[2026-09-16T12:51:13Z] server stopped
[2026-09-16T12:51:13Z] ALL DONE
