2026-09-28 22:47:33.013 - INFO: [1mQLever server CIKM-2668-g0ed8f9223, compiled on Mon Sep 28 14:57:53 UTC 2026 using git hash 0ed8f92[22m
2026-09-28 22:47:33.013 - INFO: Cleanup of previous index directories after each rebuild enabled (--rebuild-keep-previous-index-dirs original-and-most-recent)
2026-09-28 22:47:33.014 - INFO: The git hash used to build this index was "65f84b4"
2026-09-28 22:47:33.014 - INFO: Reading vocabulary from file /local/data-ssd/stoetzem/qlever-indices/dblp/dblp.vocabulary.words ...
2026-09-28 22:47:33.029 - INFO: Done, number of words: 446,944,668
2026-09-28 22:47:33.029 - INFO: Number of words in internal vocabulary (these are also part of the external vocabulary): 446,955
2026-09-28 22:47:33.036 - INFO: Registered PSO permutation: #relations = 6, #blocks = 8,187, #triples = 255,805,025
2026-09-28 22:47:33.059 - INFO: Registered PSO permutation: #relations = 96, #blocks = 51,023, #triples = 1,593,245,022
2026-09-28 22:47:33.062 - INFO: Registered POS permutation: #relations = 6, #blocks = 8,187, #triples = 255,805,025
2026-09-28 22:47:33.084 - INFO: Registered POS permutation: #relations = 96, #blocks = 51,023, #triples = 1,593,245,022
2026-09-28 22:47:33.103 - INFO: Registered OPS permutation: #relations = 345,357,897, #blocks = 42,492, #triples = 1,593,245,022
2026-09-28 22:47:33.121 - INFO: Registered OSP permutation: #relations = 345,357,897, #blocks = 42,492, #triples = 1,593,245,022
2026-09-28 22:47:33.134 - INFO: Registered SPO permutation: #relations = 255,804,614, #blocks = 33,993, #triples = 1,593,245,022
2026-09-28 22:47:33.144 - INFO: Registered SOP permutation: #relations = 255,804,614, #blocks = 33,993, #triples = 1,593,245,022
2026-09-28 22:47:33.144 - INFO: Reading patterns from file /local/data-ssd/stoetzem/qlever-indices/dblp/dblp.index.patterns ...
2026-09-28 22:47:33.145 - INFO: Sorting random result tables to estimate the sorting performance of this machine ...
2026-09-28 22:47:41.155 - INFO: Initializing server ...
2026-09-28 22:47:41.155 - INFO: No access token required for restricted API calls
2026-09-28 22:47:41.155 - INFO: The server is ready, listening for requests on port 7015 ...
2026-09-28 22:47:41.351 - INFO: 
2026-09-28 22:47:41.351 - INFO: Request received via POST, content type "application/x-www-form-urlencoded"
2026-09-28 22:47:41.356 - INFO: Processing the following SPARQL query:
# Tier H — size-sweep
# Goal: isolate export cost from query-planning cost. Raise the year bound
# across runs, for example 1970, 1990, 2010, and 2023.
PREFIX dblp: <https://dblp.org/rdf/schema#>

CONSTRUCT { ?s ?p ?o }
WHERE {
  ?s a dblp:Publication ;
     dblp:yearOfPublication ?year ;
     ?p ?o .
  FILTER(?year <= "1970"^^<http://www.w3.org/2001/XMLSchema#gYear>)
}

2026-09-28 22:47:41.356 - INFO: Requested media types of the result are: "text/turtle"
2026-09-28 22:47:41.373 - INFO: Query planning done in 21 ms
2026-09-28 22:47:41.414 - INFO: Result has unknown size (not computed yet)
2026-09-28 22:47:42.592 - INFO: Done processing query and sending result, total time was 1,241 ms
2026-09-28 22:47:42.643 - INFO: 
2026-09-28 22:47:42.643 - INFO: Request received via GET, no content type specified
2026-09-28 22:47:42.643 - INFO: Processing command "cache-stats": get cache statistics
2026-09-28 22:47:42.676 - INFO: 
2026-09-28 22:47:42.676 - INFO: Request received via GET, no content type specified
2026-09-28 22:47:42.676 - INFO: Processing command "clear-cache": clear the cache (unpinned elements only)
2026-09-28 22:47:42.706 - INFO: 
2026-09-28 22:47:42.706 - INFO: Request received via GET, no content type specified
2026-09-28 22:47:42.706 - INFO: Processing command "cache-stats": get cache statistics
2026-09-28 22:47:42.737 - INFO: 
2026-09-28 22:47:42.737 - INFO: Request received via POST, content type "application/x-www-form-urlencoded"
2026-09-28 22:47:42.738 - INFO: Processing the following SPARQL query:
# Tier H — size-sweep
# Goal: isolate export cost from query-planning cost. Raise the year bound
# across runs, for example 1970, 1990, 2010, and 2023.
PREFIX dblp: <https://dblp.org/rdf/schema#>

CONSTRUCT { ?s ?p ?o }
WHERE {
  ?s a dblp:Publication ;
     dblp:yearOfPublication ?year ;
     ?p ?o .
  FILTER(?year <= "1970"^^<http://www.w3.org/2001/XMLSchema#gYear>)
}

2026-09-28 22:47:42.738 - INFO: Requested media types of the result are: "text/turtle"
2026-09-28 22:47:42.739 - INFO: Query planning done in 1 ms
2026-09-28 22:47:42.772 - INFO: Result has unknown size (not computed yet)
2026-09-28 22:47:43.789 - INFO: Done processing query and sending result, total time was 1,051 ms
2026-09-28 22:47:43.847 - INFO: 
2026-09-28 22:47:43.847 - INFO: Request received via GET, no content type specified
2026-09-28 22:47:43.847 - INFO: Processing command "clear-cache": clear the cache (unpinned elements only)
2026-09-28 22:47:43.878 - INFO: 
2026-09-28 22:47:43.878 - INFO: Request received via POST, content type "application/x-www-form-urlencoded"
2026-09-28 22:47:43.878 - INFO: Processing the following SPARQL query:
# Tier H — size-sweep
# Goal: isolate export cost from query-planning cost. Raise the year bound
# across runs, for example 1970, 1990, 2010, and 2023.
PREFIX dblp: <https://dblp.org/rdf/schema#>

CONSTRUCT { ?s ?p ?o }
WHERE {
  ?s a dblp:Publication ;
     dblp:yearOfPublication ?year ;
     ?p ?o .
  FILTER(?year <= "1970"^^<http://www.w3.org/2001/XMLSchema#gYear>)
}

2026-09-28 22:47:43.878 - INFO: Requested media types of the result are: "text/turtle"
2026-09-28 22:47:43.879 - INFO: Query planning done in 1 ms
2026-09-28 22:47:43.916 - INFO: Result has unknown size (not computed yet)
2026-09-28 22:47:44.908 - INFO: Done processing query and sending result, total time was 1,029 ms
2026-09-28 22:47:44.954 - INFO: 
2026-09-28 22:47:44.954 - INFO: Request received via GET, no content type specified
2026-09-28 22:47:44.954 - INFO: Processing command "clear-cache": clear the cache (unpinned elements only)
2026-09-28 22:47:44.998 - INFO: 
2026-09-28 22:47:44.998 - INFO: Request received via POST, content type "application/x-www-form-urlencoded"
2026-09-28 22:47:44.999 - INFO: Processing the following SPARQL query:
# Tier H — size-sweep
# Goal: isolate export cost from query-planning cost. Raise the year bound
# across runs, for example 1970, 1990, 2010, and 2023.
PREFIX dblp: <https://dblp.org/rdf/schema#>

CONSTRUCT { ?s ?p ?o }
WHERE {
  ?s a dblp:Publication ;
     dblp:yearOfPublication ?year ;
     ?p ?o .
  FILTER(?year <= "1970"^^<http://www.w3.org/2001/XMLSchema#gYear>)
}

2026-09-28 22:47:44.999 - INFO: Requested media types of the result are: "text/turtle"
2026-09-28 22:47:45.000 - INFO: Query planning done in 2 ms
2026-09-28 22:47:45.033 - INFO: Result has unknown size (not computed yet)
2026-09-28 22:47:46.065 - INFO: Done processing query and sending result, total time was 1,067 ms
2026-09-28 22:47:46.129 - INFO: 
2026-09-28 22:47:46.129 - INFO: Request received via GET, no content type specified
2026-09-28 22:47:46.129 - INFO: Processing command "clear-cache": clear the cache (unpinned elements only)
2026-09-28 22:47:46.166 - INFO: 
2026-09-28 22:47:46.166 - INFO: Request received via POST, content type "application/x-www-form-urlencoded"
2026-09-28 22:47:46.167 - INFO: Processing the following SPARQL query:
# Tier H — size-sweep
# Goal: isolate export cost from query-planning cost. Raise the year bound
# across runs, for example 1970, 1990, 2010, and 2023.
PREFIX dblp: <https://dblp.org/rdf/schema#>

CONSTRUCT { ?s ?p ?o }
WHERE {
  ?s a dblp:Publication ;
     dblp:yearOfPublication ?year ;
     ?p ?o .
  FILTER(?year <= "1970"^^<http://www.w3.org/2001/XMLSchema#gYear>)
}

2026-09-28 22:47:46.167 - INFO: Requested media types of the result are: "text/turtle"
2026-09-28 22:47:46.168 - INFO: Query planning done in 2 ms
2026-09-28 22:47:46.201 - INFO: Result has unknown size (not computed yet)
2026-09-28 22:47:47.184 - INFO: Done processing query and sending result, total time was 1,017 ms
2026-09-28 22:47:47.244 - INFO: 
2026-09-28 22:47:47.244 - INFO: Request received via GET, no content type specified
2026-09-28 22:47:47.244 - INFO: Processing command "clear-cache": clear the cache (unpinned elements only)
2026-09-28 22:47:47.277 - INFO: 
2026-09-28 22:47:47.277 - INFO: Request received via POST, content type "application/x-www-form-urlencoded"
2026-09-28 22:47:47.278 - INFO: Processing the following SPARQL query:
# Tier H — size-sweep
# Goal: isolate export cost from query-planning cost. Raise the year bound
# across runs, for example 1970, 1990, 2010, and 2023.
PREFIX dblp: <https://dblp.org/rdf/schema#>

CONSTRUCT { ?s ?p ?o }
WHERE {
  ?s a dblp:Publication ;
     dblp:yearOfPublication ?year ;
     ?p ?o .
  FILTER(?year <= "1970"^^<http://www.w3.org/2001/XMLSchema#gYear>)
}

2026-09-28 22:47:47.278 - INFO: Requested media types of the result are: "text/turtle"
2026-09-28 22:47:47.279 - INFO: Query planning done in 2 ms
2026-09-28 22:47:47.314 - INFO: Result has unknown size (not computed yet)
2026-09-28 22:47:48.328 - INFO: Done processing query and sending result, total time was 1,050 ms
2026-09-28 22:47:48.381 - INFO: 
2026-09-28 22:47:48.381 - INFO: Request received via GET, no content type specified
2026-09-28 22:47:48.381 - INFO: Processing command "clear-cache": clear the cache (unpinned elements only)
2026-09-28 22:47:48.421 - INFO: 
2026-09-28 22:47:48.421 - INFO: Request received via POST, content type "application/x-www-form-urlencoded"
2026-09-28 22:47:48.421 - INFO: Processing the following SPARQL query:
# Tier H — size-sweep
# Goal: isolate export cost from query-planning cost. Raise the year bound
# across runs, for example 1970, 1990, 2010, and 2023.
PREFIX dblp: <https://dblp.org/rdf/schema#>

CONSTRUCT { ?s ?p ?o }
WHERE {
  ?s a dblp:Publication ;
     dblp:yearOfPublication ?year ;
     ?p ?o .
  FILTER(?year <= "1970"^^<http://www.w3.org/2001/XMLSchema#gYear>)
}

2026-09-28 22:47:48.421 - INFO: Requested media types of the result are: "text/turtle"
2026-09-28 22:47:48.423 - INFO: Query planning done in 1 ms
2026-09-28 22:47:48.454 - INFO: Result has unknown size (not computed yet)
2026-09-28 22:47:49.461 - INFO: Done processing query and sending result, total time was 1,040 ms
2026-09-28 22:47:49.493 - INFO: 
2026-09-28 22:47:49.493 - INFO: Request received via GET, no content type specified
2026-09-28 22:47:49.493 - INFO: Processing command "clear-cache": clear the cache (unpinned elements only)
2026-09-28 22:47:49.524 - INFO: 
2026-09-28 22:47:49.524 - INFO: Request received via POST, content type "application/x-www-form-urlencoded"
2026-09-28 22:47:49.525 - INFO: Processing the following SPARQL query:
# Tier H — size-sweep
# Goal: isolate export cost from query-planning cost. Raise the year bound
# across runs, for example 1970, 1990, 2010, and 2023.
PREFIX dblp: <https://dblp.org/rdf/schema#>

CONSTRUCT { ?s ?p ?o }
WHERE {
  ?s a dblp:Publication ;
     dblp:yearOfPublication ?year ;
     ?p ?o .
  FILTER(?year <= "1970"^^<http://www.w3.org/2001/XMLSchema#gYear>)
}

2026-09-28 22:47:49.525 - INFO: Requested media types of the result are: "text/turtle"
2026-09-28 22:47:49.526 - INFO: Query planning done in 1 ms
2026-09-28 22:47:49.553 - INFO: Result has unknown size (not computed yet)
2026-09-28 22:47:50.528 - INFO: Done processing query and sending result, total time was 1,003 ms
2026-09-28 22:47:50.582 - INFO: 
2026-09-28 22:47:50.582 - INFO: Request received via GET, no content type specified
2026-09-28 22:47:50.582 - INFO: Processing command "clear-cache": clear the cache (unpinned elements only)
2026-09-28 22:47:50.621 - INFO: 
2026-09-28 22:47:50.621 - INFO: Request received via POST, content type "application/x-www-form-urlencoded"
2026-09-28 22:47:50.621 - INFO: Processing the following SPARQL query:
# Tier H — size-sweep
# Goal: isolate export cost from query-planning cost. Raise the year bound
# across runs, for example 1970, 1990, 2010, and 2023.
PREFIX dblp: <https://dblp.org/rdf/schema#>

CONSTRUCT { ?s ?p ?o }
WHERE {
  ?s a dblp:Publication ;
     dblp:yearOfPublication ?year ;
     ?p ?o .
  FILTER(?year <= "1970"^^<http://www.w3.org/2001/XMLSchema#gYear>)
}

2026-09-28 22:47:50.621 - INFO: Requested media types of the result are: "text/turtle"
2026-09-28 22:47:50.622 - INFO: Query planning done in 1 ms
2026-09-28 22:47:50.654 - INFO: Result has unknown size (not computed yet)
2026-09-28 22:47:51.661 - INFO: Done processing query and sending result, total time was 1,040 ms
2026-09-28 22:47:51.715 - INFO: 
2026-09-28 22:47:51.715 - INFO: Request received via GET, no content type specified
2026-09-28 22:47:51.715 - INFO: Processing command "clear-cache": clear the cache (unpinned elements only)
2026-09-28 22:47:51.749 - INFO: 
2026-09-28 22:47:51.749 - INFO: Request received via POST, content type "application/x-www-form-urlencoded"
2026-09-28 22:47:51.749 - INFO: Processing the following SPARQL query:
# Tier H — size-sweep
# Goal: isolate export cost from query-planning cost. Raise the year bound
# across runs, for example 1970, 1990, 2010, and 2023.
PREFIX dblp: <https://dblp.org/rdf/schema#>

CONSTRUCT { ?s ?p ?o }
WHERE {
  ?s a dblp:Publication ;
     dblp:yearOfPublication ?year ;
     ?p ?o .
  FILTER(?year <= "1970"^^<http://www.w3.org/2001/XMLSchema#gYear>)
}

2026-09-28 22:47:51.749 - INFO: Requested media types of the result are: "text/turtle"
2026-09-28 22:47:51.751 - INFO: Query planning done in 1 ms
2026-09-28 22:47:51.782 - INFO: Result has unknown size (not computed yet)
2026-09-28 22:47:52.820 - INFO: Done processing query and sending result, total time was 1,070 ms
2026-09-28 22:47:52.874 - INFO: 
2026-09-28 22:47:52.874 - INFO: Request received via GET, no content type specified
2026-09-28 22:47:52.874 - INFO: Processing command "clear-cache": clear the cache (unpinned elements only)
2026-09-28 22:47:52.909 - INFO: 
2026-09-28 22:47:52.909 - INFO: Request received via POST, content type "application/x-www-form-urlencoded"
2026-09-28 22:47:52.909 - INFO: Processing the following SPARQL query:
# Tier H — size-sweep
# Goal: isolate export cost from query-planning cost. Raise the year bound
# across runs, for example 1970, 1990, 2010, and 2023.
PREFIX dblp: <https://dblp.org/rdf/schema#>

CONSTRUCT { ?s ?p ?o }
WHERE {
  ?s a dblp:Publication ;
     dblp:yearOfPublication ?year ;
     ?p ?o .
  FILTER(?year <= "1970"^^<http://www.w3.org/2001/XMLSchema#gYear>)
}

2026-09-28 22:47:52.909 - INFO: Requested media types of the result are: "text/turtle"
2026-09-28 22:47:52.911 - INFO: Query planning done in 1 ms
2026-09-28 22:47:52.944 - INFO: Result has unknown size (not computed yet)
2026-09-28 22:47:53.939 - INFO: Done processing query and sending result, total time was 1,030 ms
2026-09-28 22:47:53.994 - INFO: 
2026-09-28 22:47:53.994 - INFO: Request received via GET, no content type specified
2026-09-28 22:47:53.994 - INFO: Processing command "cache-stats": get cache statistics
