2026-09-28 23:55:31.520 - INFO: [1mQLever server CIKM-2668-g9bf5b86ea, compiled on Mon Sep 28 21:25:40 UTC 2026 using git hash 9bf5b86[22m
2026-09-28 23:55:31.520 - INFO: Cleanup of previous index directories after each rebuild enabled (--rebuild-keep-previous-index-dirs original-and-most-recent)
2026-09-28 23:55:31.520 - INFO: The git hash used to build this index was "65f84b4"
2026-09-28 23:55:31.521 - INFO: Reading vocabulary from file /local/data-ssd/stoetzem/qlever-indices/dblp/dblp.vocabulary.words ...
2026-09-28 23:55:31.530 - INFO: Done, number of words: 446,944,668
2026-09-28 23:55:31.530 - INFO: Number of words in internal vocabulary (these are also part of the external vocabulary): 446,955
2026-09-28 23:55:31.535 - INFO: Registered PSO permutation: #relations = 6, #blocks = 8,187, #triples = 255,805,025
2026-09-28 23:55:31.561 - INFO: Registered PSO permutation: #relations = 96, #blocks = 51,023, #triples = 1,593,245,022
2026-09-28 23:55:31.564 - INFO: Registered POS permutation: #relations = 6, #blocks = 8,187, #triples = 255,805,025
2026-09-28 23:55:31.591 - INFO: Registered POS permutation: #relations = 96, #blocks = 51,023, #triples = 1,593,245,022
2026-09-28 23:55:31.613 - INFO: Registered OPS permutation: #relations = 345,357,897, #blocks = 42,492, #triples = 1,593,245,022
2026-09-28 23:55:31.635 - INFO: Registered OSP permutation: #relations = 345,357,897, #blocks = 42,492, #triples = 1,593,245,022
2026-09-28 23:55:31.649 - INFO: Registered SPO permutation: #relations = 255,804,614, #blocks = 33,993, #triples = 1,593,245,022
2026-09-28 23:55:31.660 - INFO: Registered SOP permutation: #relations = 255,804,614, #blocks = 33,993, #triples = 1,593,245,022
2026-09-28 23:55:31.660 - INFO: Reading patterns from file /local/data-ssd/stoetzem/qlever-indices/dblp/dblp.index.patterns ...
2026-09-28 23:55:31.661 - INFO: Sorting random result tables to estimate the sorting performance of this machine ...
2026-09-28 23:55:41.660 - INFO: Initializing server ...
2026-09-28 23:55:41.660 - INFO: No access token required for restricted API calls
2026-09-28 23:55:41.660 - INFO: The server is ready, listening for requests on port 7015 ...
2026-09-28 23:55:41.921 - INFO: 
2026-09-28 23:55:41.921 - INFO: Request received via POST, content type "application/x-www-form-urlencoded"
2026-09-28 23:55:41.924 - INFO: Processing the following SPARQL query:
# Tier H — size-sweep
# Goal: isolate export cost from query-planning cost. Raise the year bound
# across runs, for example 1970, 1990, 2010, and 2023.
PREFIX dblp: <https://dblp.org/rdf/schema#>

CONSTRUCT { ?s ?p ?o }
WHERE {
  ?s a dblp:Publication ;
     dblp:yearOfPublication ?year ;
     ?p ?o .
  FILTER(?year <= "1970"^^<http://www.w3.org/2001/XMLSchema#gYear>)
}

2026-09-28 23:55:41.924 - INFO: Requested media types of the result are: "text/turtle"
2026-09-28 23:55:41.926 - INFO: Query planning done in 5 ms
2026-09-28 23:55:41.972 - INFO: Result has unknown size (not computed yet)
2026-09-28 23:55:43.243 - INFO: Done processing query and sending result, total time was 1,322 ms
2026-09-28 23:55:43.277 - INFO: 
2026-09-28 23:55:43.277 - INFO: Request received via POST, content type "application/x-www-form-urlencoded"
2026-09-28 23:55:43.278 - INFO: Processing the following SPARQL query:
# Tier H — size-sweep
# Goal: isolate export cost from query-planning cost. Raise the year bound
# across runs, for example 1970, 1990, 2010, and 2023.
PREFIX dblp: <https://dblp.org/rdf/schema#>

CONSTRUCT { ?s ?p ?o }
WHERE {
  ?s a dblp:Publication ;
     dblp:yearOfPublication ?year ;
     ?p ?o .
  FILTER(?year <= "1970"^^<http://www.w3.org/2001/XMLSchema#gYear>)
}

2026-09-28 23:55:43.278 - INFO: Requested media types of the result are: "text/turtle"
2026-09-28 23:55:43.279 - INFO: Query planning done in 1 ms
2026-09-28 23:55:43.301 - INFO: Result has unknown size (not computed yet)
2026-09-28 23:55:44.036 - INFO: Done processing query and sending result, total time was 758 ms
