binary /local/data-ssd/stoetzem/bin-cache/0456e6c5955576282965bd1821c2b84a093dda8a/FsstDecodeAbBenchmark sha256 40dc8c828ed08a97 libjemalloc.so.2
libjemalloc.so.2
branch=bench/pr73-ab-base sha=0456e6c5955576282965bd1821c2b84a093dda8a target=FsstDecodeAbBenchmark flavor=u24 compiler=/usr/bin/c++ (c++ (Ubuntu 13.3.0-6ubuntu2~24.04.1) 13.3.0) build_type=Release cxx_flags_release=-O3 -DNDEBUG exe_linker_flags= linker=default ld profile=b3c465cfff4a profile_desc=flavor=u24 image=localhost/qlever-ci:gcc12 -DCMAKE_BUILD_TYPE=Release -DCMAKE_CXX_STANDARD=20 -DUSE_IO_URING=ON -DENABLE_BENCHMARKS=ON -DFETCHCONTENT_FULLY_DISCONNECTED=ON built_utc=2026-09-28T17:21:36Z host=wolga wq_seq=227 
binary /local/data-ssd/stoetzem/bin-cache/fa04698423899cd72c2d552a72eae3c466433baa/FsstDecodeAbBenchmark sha256 fa84c60c08a1f72e libjemalloc.so.2
libjemalloc.so.2
branch=bench/pr73-ab-variant sha=fa04698423899cd72c2d552a72eae3c466433baa target=FsstDecodeAbBenchmark flavor=u24 compiler=/usr/bin/c++ (c++ (Ubuntu 13.3.0-6ubuntu2~24.04.1) 13.3.0) build_type=Release cxx_flags_release=-O3 -DNDEBUG exe_linker_flags= linker=default ld profile=b3c465cfff4a profile_desc=flavor=u24 image=localhost/qlever-ci:gcc12 -DCMAKE_BUILD_TYPE=Release -DCMAKE_CXX_STANDARD=20 -DUSE_IO_URING=ON -DENABLE_BENCHMARKS=ON -DFETCHCONTENT_FULLY_DISCONNECTED=ON built_utc=2026-09-28T17:16:47Z host=wolga wq_seq=226 
binary /local/data-ssd/stoetzem/bin-cache/0456e6c5955576282965bd1821c2b84a093dda8a/CompressedVocabularyLookupBenchmark sha256 75f6f67d31091f3b libjemalloc.so.2
libjemalloc.so.2
branch=bench/pr73-ab-base sha=0456e6c5955576282965bd1821c2b84a093dda8a target=CompressedVocabularyLookupBenchmark flavor=u24 compiler=/usr/bin/c++ (c++ (Ubuntu 13.3.0-6ubuntu2~24.04.1) 13.3.0) build_type=Release cxx_flags_release=-O3 -DNDEBUG exe_linker_flags= linker=default ld profile=b3c465cfff4a profile_desc=flavor=u24 image=localhost/qlever-ci:gcc12 -DCMAKE_BUILD_TYPE=Release -DCMAKE_CXX_STANDARD=20 -DUSE_IO_URING=ON -DENABLE_BENCHMARKS=ON -DFETCHCONTENT_FULLY_DISCONNECTED=ON built_utc=2026-09-28T17:21:36Z host=wolga wq_seq=227 
binary /local/data-ssd/stoetzem/bin-cache/fa04698423899cd72c2d552a72eae3c466433baa/CompressedVocabularyLookupBenchmark sha256 2b6ffb7d91398ea4 libjemalloc.so.2
libjemalloc.so.2
branch=bench/pr73-ab-variant sha=fa04698423899cd72c2d552a72eae3c466433baa target=CompressedVocabularyLookupBenchmark flavor=u24 compiler=/usr/bin/c++ (c++ (Ubuntu 13.3.0-6ubuntu2~24.04.1) 13.3.0) build_type=Release cxx_flags_release=-O3 -DNDEBUG exe_linker_flags= linker=default ld profile=b3c465cfff4a profile_desc=flavor=u24 image=localhost/qlever-ci:gcc12 -DCMAKE_BUILD_TYPE=Release -DCMAKE_CXX_STANDARD=20 -DUSE_IO_URING=ON -DENABLE_BENCHMARKS=ON -DFETCHCONTENT_FULLY_DISCONNECTED=ON built_utc=2026-09-28T17:16:47Z host=wolga wq_seq=226 
binary /local/data-ssd/stoetzem/bin-cache/fa04698423899cd72c2d552a72eae3c466433baa/FsstScratchBufferBenchmark sha256 6d3d5060c4de1c59 libjemalloc.so.2
libjemalloc.so.2
branch=bench/pr73-ab-variant sha=fa04698423899cd72c2d552a72eae3c466433baa target=FsstScratchBufferBenchmark flavor=u24 compiler=/usr/bin/c++ (c++ (Ubuntu 13.3.0-6ubuntu2~24.04.1) 13.3.0) build_type=Release cxx_flags_release=-O3 -DNDEBUG exe_linker_flags= linker=default ld profile=b3c465cfff4a profile_desc=flavor=u24 image=localhost/qlever-ci:gcc12 -DCMAKE_BUILD_TYPE=Release -DCMAKE_CXX_STANDARD=20 -DUSE_IO_URING=ON -DENABLE_BENCHMARKS=ON -DFETCHCONTENT_FULLY_DISCONNECTED=ON built_utc=2026-09-28T17:16:47Z host=wolga wq_seq=226 
stages 1: R=2490 (fastest arm ~12 s)
fsstab s1 trial 1 18:52:05
fsstab s1 trial 2 18:52:45
fsstab s1 trial 3 18:53:26
fsstab s1 trial 4 18:54:07
fsstab s1 trial 5 18:54:47
fsstab s1 trial 6 18:55:28
fsstab s1 trial 7 18:56:10
fsstab s1 trial 8 18:56:51
fsstab s1 trial 9 18:57:33
fsstab s1 trial 10 18:58:14
stages 3: R=935 (fastest arm ~12 s)
fsstab s3 trial 1 18:59:42
fsstab s3 trial 2 19:00:27
fsstab s3 trial 3 19:01:11
fsstab s3 trial 4 19:01:55
fsstab s3 trial 5 19:02:38
fsstab s3 trial 6 19:03:21
fsstab s3 trial 7 19:04:05
fsstab s3 trial 8 19:04:48
fsstab s3 trial 9 19:05:32
fsstab s3 trial 10 19:06:15
vocab RV=983
vocab trial 1
vocab trial 2
vocab trial 3
vocab trial 4
vocab trial 5
vocab trial 6
vocab trial 7
vocab trial 8
vocab trial 9
vocab trial 10
scratch RS=49973
scratch trial 1
scratch trial 2
scratch trial 3
scratch trial 4
scratch trial 5
scratch trial 6
scratch trial 7
scratch trial 8
scratch trial 9
scratch trial 10
| bench | config | arm | trials | ns/item median | min | max | Δ median vs first arm | alloc requests/item | alloc bytes/item | peak live heap B | per-word buffer B | provisioned buffer B | memset % | allocator % | fsst_decompress % | instructions/item | L1d misses/item |
|---|---|---|---|---|---|---|---|---|---|---|---|---|---|---|---|---|---|
| fsstab | s1 | variant-owning | 10 | 159.37 | 158.80 | 162.21 | +0.0 % | 1.000 | 1361.1 | – | – | – | 0.1 | 4.9 | 65.0 | 2261.4 | 3.653 |
| fsstab | s1 | variant-into | 10 | 113.24 | 111.45 | 115.20 | -28.9 % | 0.000 | 0.0 | – | – | – | 0.0 | 0.1 | 92.2 | 1708.0 | 2.921 |
| fsstab | s1 | base-owning | 10 | 135.42 | 133.30 | 140.51 | -15.0 % | 1.000 | 1361.1 | – | – | – | 0.2 | 3.3 | 77.9 | 1968.0 | 4.009 |
| fsstab | s3 | variant-owning | 10 | 449.69 | 444.71 | 453.92 | +0.0 % | 3.000 | 3878.9 | – | – | – | 0.3 | 3.7 | 66.4 | 6336.3 | 6.760 |
| fsstab | s3 | variant-into | 10 | 323.30 | 314.88 | 363.08 | -28.1 % | 0.000 | 0.0 | – | – | – | 0.0 | 0.0 | 91.8 | 4841.2 | 2.932 |
| fsstab | s3 | base-owning | 10 | 377.88 | 376.74 | 381.69 | -16.0 % | 3.000 | 3878.9 | – | – | – | 0.3 | 3.5 | 78.9 | 5434.6 | 6.174 |
| vocab | real | base | 10 | 55.35 | 54.78 | 57.15 | +0.0 % | 2.000 | 229.3 | 896 | – | – | 1.1 | 14.7 | 41.5 | 681.1 | 0.399 |
| vocab | real | variant | 10 | 105.23 | 103.66 | 106.57 | +90.1 % | 2.000 | 229.3 | 896 | – | – | 0.6 | 9.7 | 21.2 | 1317.2 | 0.826 |
| scratch | arms | arm1 | 10 | 132.19 | 131.99 | 132.93 | +0.0 % | 2.000 | 144.8 | 4496 | 128 | 0 | 0.4 | 5.8 | 20.4 | 1645.8 | 0.355 |
| scratch | arms | arm2 | 10 | 45.87 | 45.80 | 46.62 | -65.3 % | 0.000 | 0.0 | 4232 | 0 | 576 | 0.0 | 0.0 | 46.0 | 742.5 | 0.283 |
| scratch | arms | arm3 | 10 | 63.09 | 62.86 | 64.49 | -52.3 % | 1.000 | 80.0 | 4432 | 64 | 512 | 0.6 | 5.9 | 37.7 | 942.5 | 0.357 |
| scratch | arms | arm4 | 10 | 40.45 | 40.39 | 40.97 | -69.4 % | 0.000 | 0.0 | 4232 | 0 | 1024 | 0.0 | 0.0 | 51.3 | 654.4 | 0.307 |
| scratch | arms | arm5 | 10 | 40.43 | 40.30 | 40.68 | -69.4 % | 0.000 | 0.0 | 4232 | 0 | 1024 | 0.0 | 0.0 | 51.5 | 654.4 | 0.279 |
| scratch | arms | arm6 | 10 | 40.41 | 40.30 | 41.11 | -69.4 % | 0.000 | 0.0 | 4232 | 0 | 576 | 0.0 | 0.0 | 50.9 | 654.4 | 0.281 |
| scratch | arms | arm0 | 10 | 80.23 | 79.51 | 83.98 | -39.3 % | 2.000 | 144.8 | 4560 | 128 | 0 | 1.1 | 9.0 | 30.4 | 1086.8 | 0.315 |
MICRO_EXIT=0
