2026-09-28 22:51:07.469 - INFO: [1mQLever server v0.6.0-188-g42785c8c9, compiled on Mon Sep 28 17:53:25 UTC 2026 using git hash 42785c8[22m
2026-09-28 22:51:07.469 - INFO: Runtime parameter set from the command line: vocabulary-iouring-page-cache-fast-path=false
2026-09-28 22:51:07.469 - INFO: Cleanup of previous index directories after each rebuild enabled (--rebuild-keep-previous-index-dirs original-and-most-recent)
2026-09-28 22:51:07.477 - INFO: The git hash used to build this index was "65f84b4"
2026-09-28 22:51:07.477 - INFO: Reading vocabulary from file /local/data-ssd/stoetzem/qlever-indices/dblp/dblp.vocabulary.words ...
2026-09-28 22:51:07.495 - INFO: Done, number of words: 446,944,668
2026-09-28 22:51:07.495 - INFO: Number of words in internal vocabulary (these are also part of the external vocabulary): 446,955
2026-09-28 22:51:07.504 - INFO: Registered PSO permutation: #relations = 6, #blocks = 8,187, #triples = 255,805,025
2026-09-28 22:51:07.526 - INFO: Registered PSO permutation: #relations = 96, #blocks = 51,023, #triples = 1,593,245,022
2026-09-28 22:51:07.529 - INFO: Registered POS permutation: #relations = 6, #blocks = 8,187, #triples = 255,805,025
2026-09-28 22:51:07.552 - INFO: Registered POS permutation: #relations = 96, #blocks = 51,023, #triples = 1,593,245,022
2026-09-28 22:51:07.570 - INFO: Registered OPS permutation: #relations = 345,357,897, #blocks = 42,492, #triples = 1,593,245,022
2026-09-28 22:51:07.589 - INFO: Registered OSP permutation: #relations = 345,357,897, #blocks = 42,492, #triples = 1,593,245,022
2026-09-28 22:51:07.601 - INFO: Registered SPO permutation: #relations = 255,804,614, #blocks = 33,993, #triples = 1,593,245,022
2026-09-28 22:51:07.611 - INFO: Registered SOP permutation: #relations = 255,804,614, #blocks = 33,993, #triples = 1,593,245,022
2026-09-28 22:51:07.611 - INFO: Reading patterns from file /local/data-ssd/stoetzem/qlever-indices/dblp/dblp.index.patterns ...
2026-09-28 22:51:07.611 - INFO: Sorting random result tables to estimate the sorting performance of this machine ...
2026-09-28 22:51:15.703 - INFO: Initializing server ...
2026-09-28 22:51:15.703 - INFO: No access token required for restricted API calls
2026-09-28 22:51:15.703 - INFO: The server is ready, listening for requests on port 7015 ...
2026-09-28 22:51:16.821 - INFO: 
2026-09-28 22:51:16.821 - INFO: Request received via POST, content type "application/x-www-form-urlencoded"
2026-09-28 22:51:16.825 - INFO: Processing the following SPARQL query:
# Tier H-vocab — title literals, large
# Goal: external-vocabulary lookup pressure with larger bounded output.
PREFIX dblp: <https://dblp.org/rdf/schema#>

CONSTRUCT { ?paper dblp:title ?title }
WHERE {
  ?paper dblp:title ?title .
}
LIMIT 100000

2026-09-28 22:51:16.825 - INFO: Requested media types of the result are: "text/turtle"
2026-09-28 22:51:16.833 - INFO: Query planning done in 11 ms
2026-09-28 22:51:16.833 - INFO: Result has unknown size (not computed yet)
2026-09-28 22:51:17.970 - INFO: Done processing query and sending result, total time was 1,148 ms
