2026-08-10 23:53:17.932 - INFO: [1mQLever server v0.5.50-82-g65f84b43, compiled on Mon Aug 10 19:10:29 CEST 2026 using git hash 65f84b4[22m
2026-08-10 23:53:17.932 - INFO: Cleanup of previous index directories after each rebuild enabled (--rebuild-keep-previous-index-dirs original-and-most-recent)
2026-08-10 23:53:17.947 - INFO: The git hash used to build this index was "65f84b4"
2026-08-10 23:53:17.947 - INFO: Reading vocabulary from file /local/data-ssd/stoetzem/dblp/dblp.vocabulary.words ...
2026-08-10 23:53:17.960 - INFO: Done, number of words: 446,944,668
2026-08-10 23:53:17.960 - INFO: Number of words in internal vocabulary (these are also part of the external vocabulary): 446,955
2026-08-10 23:53:17.968 - INFO: Registered PSO permutation: #relations = 6, #blocks = 8,187, #triples = 255,805,025
2026-08-10 23:53:17.992 - INFO: Registered PSO permutation: #relations = 96, #blocks = 51,023, #triples = 1,593,245,022
2026-08-10 23:53:17.995 - INFO: Registered POS permutation: #relations = 6, #blocks = 8,187, #triples = 255,805,025
2026-08-10 23:53:18.019 - INFO: Registered POS permutation: #relations = 96, #blocks = 51,023, #triples = 1,593,245,022
2026-08-10 23:53:18.039 - INFO: Registered OPS permutation: #relations = 345,357,897, #blocks = 42,492, #triples = 1,593,245,022
2026-08-10 23:53:18.059 - INFO: Registered OSP permutation: #relations = 345,357,897, #blocks = 42,492, #triples = 1,593,245,022
2026-08-10 23:53:18.072 - INFO: Registered SPO permutation: #relations = 255,804,614, #blocks = 33,993, #triples = 1,593,245,022
2026-08-10 23:53:18.083 - INFO: Registered SOP permutation: #relations = 255,804,614, #blocks = 33,993, #triples = 1,593,245,022
2026-08-10 23:53:18.083 - INFO: Reading patterns from file /local/data-ssd/stoetzem/dblp/dblp.index.patterns ...
2026-08-10 23:53:18.084 - INFO: Sorting random result tables to estimate the sorting performance of this machine ...
2026-08-10 23:53:26.373 - INFO: Initializing server ...
2026-08-10 23:53:26.374 - INFO: No access token required for restricted API calls
2026-08-10 23:53:26.374 - INFO: The server is ready, listening for requests on port 7026 ...
2026-08-10 23:53:26.451 - INFO: 
2026-08-10 23:53:26.451 - INFO: Request received via POST, content type "application/x-www-form-urlencoded"
2026-08-10 23:53:26.454 - INFO: Processing the following SPARQL query:
# Tier H — size-sweep
# Goal: isolate export cost from query-planning cost. Raise the year bound
# across runs, for example 1970, 1990, 2010, and 2023.
PREFIX dblp: <https://dblp.org/rdf/schema#>

CONSTRUCT { ?s ?p ?o }
WHERE {
  ?s a dblp:Publication ;
     dblp:yearOfPublication ?year ;
     ?p ?o .
  FILTER(?year <= "1970"^^<http://www.w3.org/2001/XMLSchema#gYear>)
}

2026-08-10 23:53:26.454 - INFO: Requested media types of the result are: "text/turtle"
2026-08-10 23:53:26.454 - INFO: CONSTRUCT_REQUEST_STAGE_ENTER name=planning elapsed_us=3,000
2026-08-10 23:53:26.470 - INFO: Query planning done in 19 ms
2026-08-10 23:53:26.471 - INFO: CONSTRUCT_REQUEST_STAGE_ENTER name=response_stream elapsed_us=19,260
2026-08-10 23:53:26.498 - INFO: Result has unknown size (not computed yet)
2026-08-10 23:53:26.498 - INFO: CONSTRUCT_EXPORT_DEDUPLICATOR_CONSTRUCTION_BEGIN mode=none
2026-08-10 23:53:26.498 - INFO: CONSTRUCT_EXPORT_DEDUPLICATOR_CONSTRUCTION_END mode=none enabled=false
2026-08-10 23:53:30.057 - INFO: CONSTRUCT_EXPORT_STAGE_SUMMARY construct_stream_us=3,559,695 setup_us=13 batch_evaluation_us=3,323,150 instantiation_deduplication_us=24,142 batches=482 input_rows=490,650 candidate_triples=490,650 emitted_triples=490,650
2026-08-10 23:53:30.066 - INFO: CONSTRUCT_REQUEST_STAGE_SUMMARY planning_begin_us=3,000 planning_end_us=19,259 planning_us=16,259 response_stream_begin_us=19,260 response_stream_end_us=3,614,429 response_stream_us=3,595,169 root_execution_us=143,191 non_root_stream_us=3,451,978 server_request_us=3,614,429
2026-08-10 23:53:30.066 - INFO: Done processing query and sending result, total time was 3,614 ms
2026-08-10 23:53:30.084 - INFO: 
2026-08-10 23:53:30.084 - INFO: Request received via GET, no content type specified
2026-08-10 23:53:30.084 - INFO: Processing command "cache-stats": get cache statistics
2026-08-10 23:53:30.103 - INFO: 
2026-08-10 23:53:30.103 - INFO: Request received via POST, content type "application/x-www-form-urlencoded"
2026-08-10 23:53:30.103 - INFO: Processing the following SPARQL query:
# Tier H — size-sweep
# Goal: isolate export cost from query-planning cost. Raise the year bound
# across runs, for example 1970, 1990, 2010, and 2023.
PREFIX dblp: <https://dblp.org/rdf/schema#>

CONSTRUCT { ?s ?p ?o }
WHERE {
  ?s a dblp:Publication ;
     dblp:yearOfPublication ?year ;
     ?p ?o .
  FILTER(?year <= "1970"^^<http://www.w3.org/2001/XMLSchema#gYear>)
}

2026-08-10 23:53:30.103 - INFO: Requested media types of the result are: "text/turtle"
2026-08-10 23:53:30.103 - INFO: CONSTRUCT_REQUEST_STAGE_ENTER name=planning elapsed_us=314
2026-08-10 23:53:30.104 - INFO: Query planning done in 1 ms
2026-08-10 23:53:30.104 - INFO: CONSTRUCT_REQUEST_STAGE_ENTER name=response_stream elapsed_us=1,172
2026-08-10 23:53:30.124 - INFO: Result has unknown size (not computed yet)
2026-08-10 23:53:30.124 - INFO: CONSTRUCT_EXPORT_DEDUPLICATOR_CONSTRUCTION_BEGIN mode=none
2026-08-10 23:53:30.124 - INFO: CONSTRUCT_EXPORT_DEDUPLICATOR_CONSTRUCTION_END mode=none enabled=false
2026-08-10 23:53:30.671 - INFO: CONSTRUCT_EXPORT_STAGE_SUMMARY construct_stream_us=547,840 setup_us=7 batch_evaluation_us=340,899 instantiation_deduplication_us=23,984 batches=482 input_rows=490,650 candidate_triples=490,650 emitted_triples=490,650
2026-08-10 23:53:30.680 - INFO: CONSTRUCT_REQUEST_STAGE_SUMMARY planning_begin_us=314 planning_end_us=1,171 planning_us=857 response_stream_begin_us=1,172 response_stream_end_us=577,213 response_stream_us=576,041 root_execution_us=107,583 non_root_stream_us=468,458 server_request_us=577,213
2026-08-10 23:53:30.680 - INFO: Done processing query and sending result, total time was 577 ms
2026-08-10 23:53:30.699 - INFO: 
2026-08-10 23:53:30.699 - INFO: Request received via GET, no content type specified
2026-08-10 23:53:30.699 - INFO: Processing command "cache-stats": get cache statistics
