[2026-10-07T12:05:30Z] PR #264 wikidata turtle_export queries=H-vocab-label-large-de A-scatter-disambig-label-de H-vocab-label-large scenarios=cold,warm reps=3 mode=two binaries layout=ural
[2026-10-07T12:05:30Z] base:    /local/data-ssd/stoetzem/thesis/experiments/runs/internal-rank-lookup-verdict-p12/bin/qlever-server-base (d20a4c74ab76e844364eea53a8ac144ea54729c0) args='' form=''
[2026-10-07T12:05:30Z] variant: /local/data-ssd/stoetzem/thesis/experiments/runs/internal-rank-lookup-verdict-p12/bin/qlever-server-variant (12c10ee76289a92f09d310d4658984c19e4f3f3c) args='--set-runtime-parameter vocabulary-internal-rank-lookup=true' form=''
[2026-10-07T12:06:30Z] !!!!!!!! load gate: load1=16.16 still >= 3 after 60s; running anyway !!!!!!!!
Caches dropped successfully (synced, then wrote 1
 to /proc/sys/vm/drop_caches).
fatal: not a git repository (or any parent up to mount point /local)
Stopping at filesystem boundary (GIT_DISCOVERY_ACROSS_FILESYSTEM not set).
fatal: not a git repository (or any parent up to mount point /local)
Stopping at filesystem boundary (GIT_DISCOVERY_ACROSS_FILESYSTEM not set).
fatal: not a git repository (or any parent up to mount point /local)
Stopping at filesystem boundary (GIT_DISCOVERY_ACROSS_FILESYSTEM not set).
fatal: not a git repository (or any parent up to mount point /local)
Stopping at filesystem boundary (GIT_DISCOVERY_ACROSS_FILESYSTEM not set).
fatal: not a git repository (or any parent up to mount point /local)
Stopping at filesystem boundary (GIT_DISCOVERY_ACROSS_FILESYSTEM not set).
rep 1/1: complete export=s e2e=34.708189933s 504927346 bytes syscr=8881606 pread64=2633 io_uring_enter=167985 read_bytes=9446989824 cpu_s=38.750000
[2026-10-07T12:07:46Z] pr264-H-vocab-label-large-de-cold-base-r1 done
[2026-10-07T12:08:46Z] !!!!!!!! load gate: load1=17.35 still >= 3 after 60s; running anyway !!!!!!!!
Caches dropped successfully (synced, then wrote 1
 to /proc/sys/vm/drop_caches).
fatal: not a git repository (or any parent up to mount point /local)
Stopping at filesystem boundary (GIT_DISCOVERY_ACROSS_FILESYSTEM not set).
fatal: not a git repository (or any parent up to mount point /local)
Stopping at filesystem boundary (GIT_DISCOVERY_ACROSS_FILESYSTEM not set).
fatal: not a git repository (or any parent up to mount point /local)
Stopping at filesystem boundary (GIT_DISCOVERY_ACROSS_FILESYSTEM not set).
fatal: not a git repository (or any parent up to mount point /local)
Stopping at filesystem boundary (GIT_DISCOVERY_ACROSS_FILESYSTEM not set).
fatal: not a git repository (or any parent up to mount point /local)
Stopping at filesystem boundary (GIT_DISCOVERY_ACROSS_FILESYSTEM not set).
rep 1/1: complete export=s e2e=29.865117085s 504927346 bytes syscr=8881594 pread64=2633 io_uring_enter=167016 read_bytes=9446993920 cpu_s=33.830000
[2026-10-07T12:10:04Z] pr264-H-vocab-label-large-de-cold-variant-r1 done
[2026-10-07T12:11:04Z] !!!!!!!! load gate: load1=19.16 still >= 3 after 60s; running anyway !!!!!!!!
Caches dropped successfully (synced, then wrote 1
 to /proc/sys/vm/drop_caches).
fatal: not a git repository (or any parent up to mount point /local)
Stopping at filesystem boundary (GIT_DISCOVERY_ACROSS_FILESYSTEM not set).
fatal: not a git repository (or any parent up to mount point /local)
Stopping at filesystem boundary (GIT_DISCOVERY_ACROSS_FILESYSTEM not set).
fatal: not a git repository (or any parent up to mount point /local)
Stopping at filesystem boundary (GIT_DISCOVERY_ACROSS_FILESYSTEM not set).
fatal: not a git repository (or any parent up to mount point /local)
Stopping at filesystem boundary (GIT_DISCOVERY_ACROSS_FILESYSTEM not set).
fatal: not a git repository (or any parent up to mount point /local)
Stopping at filesystem boundary (GIT_DISCOVERY_ACROSS_FILESYSTEM not set).
rep 1/1: complete export=s e2e=27.530107650s 504927346 bytes syscr=8881590 pread64=2633 io_uring_enter=168530 read_bytes=9446993920 cpu_s=31.460000
[2026-10-07T12:12:15Z] pr264-H-vocab-label-large-de-cold-variant-r2 done
[2026-10-07T12:13:15Z] !!!!!!!! load gate: load1=8.94 still >= 3 after 60s; running anyway !!!!!!!!
Caches dropped successfully (synced, then wrote 1
 to /proc/sys/vm/drop_caches).
fatal: not a git repository (or any parent up to mount point /local)
Stopping at filesystem boundary (GIT_DISCOVERY_ACROSS_FILESYSTEM not set).
fatal: not a git repository (or any parent up to mount point /local)
Stopping at filesystem boundary (GIT_DISCOVERY_ACROSS_FILESYSTEM not set).
fatal: not a git repository (or any parent up to mount point /local)
Stopping at filesystem boundary (GIT_DISCOVERY_ACROSS_FILESYSTEM not set).
fatal: not a git repository (or any parent up to mount point /local)
Stopping at filesystem boundary (GIT_DISCOVERY_ACROSS_FILESYSTEM not set).
fatal: not a git repository (or any parent up to mount point /local)
Stopping at filesystem boundary (GIT_DISCOVERY_ACROSS_FILESYSTEM not set).
rep 1/1: complete export=s e2e=24.278444132s 504927346 bytes syscr=8881582 pread64=2633 io_uring_enter=172343 read_bytes=9446989824 cpu_s=27.890000
[2026-10-07T12:14:16Z] pr264-H-vocab-label-large-de-cold-base-r2 done
[2026-10-07T12:15:16Z] !!!!!!!! load gate: load1=6.93 still >= 3 after 60s; running anyway !!!!!!!!
Caches dropped successfully (synced, then wrote 1
 to /proc/sys/vm/drop_caches).
fatal: not a git repository (or any parent up to mount point /local)
Stopping at filesystem boundary (GIT_DISCOVERY_ACROSS_FILESYSTEM not set).
fatal: not a git repository (or any parent up to mount point /local)
Stopping at filesystem boundary (GIT_DISCOVERY_ACROSS_FILESYSTEM not set).
fatal: not a git repository (or any parent up to mount point /local)
Stopping at filesystem boundary (GIT_DISCOVERY_ACROSS_FILESYSTEM not set).
fatal: not a git repository (or any parent up to mount point /local)
Stopping at filesystem boundary (GIT_DISCOVERY_ACROSS_FILESYSTEM not set).
fatal: not a git repository (or any parent up to mount point /local)
Stopping at filesystem boundary (GIT_DISCOVERY_ACROSS_FILESYSTEM not set).
rep 1/1: complete export=s e2e=26.562510304s 504927346 bytes syscr=8881590 pread64=2633 io_uring_enter=171199 read_bytes=9446989824 cpu_s=30.020000
[2026-10-07T12:16:22Z] pr264-H-vocab-label-large-de-cold-base-r3 done
[2026-10-07T12:17:22Z] !!!!!!!! load gate: load1=3.28 still >= 3 after 60s; running anyway !!!!!!!!
Caches dropped successfully (synced, then wrote 1
 to /proc/sys/vm/drop_caches).
fatal: not a git repository (or any parent up to mount point /local)
Stopping at filesystem boundary (GIT_DISCOVERY_ACROSS_FILESYSTEM not set).
fatal: not a git repository (or any parent up to mount point /local)
Stopping at filesystem boundary (GIT_DISCOVERY_ACROSS_FILESYSTEM not set).
fatal: not a git repository (or any parent up to mount point /local)
Stopping at filesystem boundary (GIT_DISCOVERY_ACROSS_FILESYSTEM not set).
fatal: not a git repository (or any parent up to mount point /local)
Stopping at filesystem boundary (GIT_DISCOVERY_ACROSS_FILESYSTEM not set).
fatal: not a git repository (or any parent up to mount point /local)
Stopping at filesystem boundary (GIT_DISCOVERY_ACROSS_FILESYSTEM not set).
rep 1/1: complete export=s e2e=29.096391407s 504927346 bytes syscr=8881590 pread64=2633 io_uring_enter=168303 read_bytes=9446993920 cpu_s=33.090000
[2026-10-07T12:18:33Z] pr264-H-vocab-label-large-de-cold-variant-r3 done
[2026-10-07T12:19:33Z] !!!!!!!! load gate: load1=16.93 still >= 3 after 60s; running anyway !!!!!!!!
fatal: not a git repository (or any parent up to mount point /local)
Stopping at filesystem boundary (GIT_DISCOVERY_ACROSS_FILESYSTEM not set).
fatal: not a git repository (or any parent up to mount point /local)
Stopping at filesystem boundary (GIT_DISCOVERY_ACROSS_FILESYSTEM not set).
fatal: not a git repository (or any parent up to mount point /local)
Stopping at filesystem boundary (GIT_DISCOVERY_ACROSS_FILESYSTEM not set).
fatal: not a git repository (or any parent up to mount point /local)
Stopping at filesystem boundary (GIT_DISCOVERY_ACROSS_FILESYSTEM not set).
fatal: not a git repository (or any parent up to mount point /local)
Stopping at filesystem boundary (GIT_DISCOVERY_ACROSS_FILESYSTEM not set).
rep 1/1: complete export=s e2e=24.228738137s 504927346 bytes syscr=8881582 pread64=2633 io_uring_enter=0 read_bytes=0 cpu_s=28.270000
[2026-10-07T12:21:12Z] pr264-H-vocab-label-large-de-warm-base-r1 done
[2026-10-07T12:22:12Z] !!!!!!!! load gate: load1=19.52 still >= 3 after 60s; running anyway !!!!!!!!
fatal: not a git repository (or any parent up to mount point /local)
Stopping at filesystem boundary (GIT_DISCOVERY_ACROSS_FILESYSTEM not set).
fatal: not a git repository (or any parent up to mount point /local)
Stopping at filesystem boundary (GIT_DISCOVERY_ACROSS_FILESYSTEM not set).
fatal: not a git repository (or any parent up to mount point /local)
Stopping at filesystem boundary (GIT_DISCOVERY_ACROSS_FILESYSTEM not set).
fatal: not a git repository (or any parent up to mount point /local)
Stopping at filesystem boundary (GIT_DISCOVERY_ACROSS_FILESYSTEM not set).
fatal: not a git repository (or any parent up to mount point /local)
Stopping at filesystem boundary (GIT_DISCOVERY_ACROSS_FILESYSTEM not set).
rep 1/1: complete export=s e2e=19.253885059s 504927346 bytes syscr=8881570 pread64=2633 io_uring_enter=0 read_bytes=0 cpu_s=23.220000
[2026-10-07T12:23:45Z] pr264-H-vocab-label-large-de-warm-variant-r1 done
[2026-10-07T12:24:45Z] !!!!!!!! load gate: load1=19.64 still >= 3 after 60s; running anyway !!!!!!!!
fatal: not a git repository (or any parent up to mount point /local)
Stopping at filesystem boundary (GIT_DISCOVERY_ACROSS_FILESYSTEM not set).
fatal: not a git repository (or any parent up to mount point /local)
Stopping at filesystem boundary (GIT_DISCOVERY_ACROSS_FILESYSTEM not set).
fatal: not a git repository (or any parent up to mount point /local)
Stopping at filesystem boundary (GIT_DISCOVERY_ACROSS_FILESYSTEM not set).
fatal: not a git repository (or any parent up to mount point /local)
Stopping at filesystem boundary (GIT_DISCOVERY_ACROSS_FILESYSTEM not set).
fatal: not a git repository (or any parent up to mount point /local)
Stopping at filesystem boundary (GIT_DISCOVERY_ACROSS_FILESYSTEM not set).
rep 1/1: complete export=s e2e=18.659494128s 504927346 bytes syscr=8881570 pread64=2633 io_uring_enter=0 read_bytes=0 cpu_s=22.680000
[2026-10-07T12:26:18Z] pr264-H-vocab-label-large-de-warm-variant-r2 done
[2026-10-07T12:27:18Z] !!!!!!!! load gate: load1=21.06 still >= 3 after 60s; running anyway !!!!!!!!
fatal: not a git repository (or any parent up to mount point /local)
Stopping at filesystem boundary (GIT_DISCOVERY_ACROSS_FILESYSTEM not set).
fatal: not a git repository (or any parent up to mount point /local)
Stopping at filesystem boundary (GIT_DISCOVERY_ACROSS_FILESYSTEM not set).
fatal: not a git repository (or any parent up to mount point /local)
Stopping at filesystem boundary (GIT_DISCOVERY_ACROSS_FILESYSTEM not set).
fatal: not a git repository (or any parent up to mount point /local)
Stopping at filesystem boundary (GIT_DISCOVERY_ACROSS_FILESYSTEM not set).
fatal: not a git repository (or any parent up to mount point /local)
Stopping at filesystem boundary (GIT_DISCOVERY_ACROSS_FILESYSTEM not set).
rep 1/1: complete export=s e2e=23.772513178s 504927346 bytes syscr=8881582 pread64=2633 io_uring_enter=0 read_bytes=0 cpu_s=27.850000
[2026-10-07T12:28:57Z] pr264-H-vocab-label-large-de-warm-base-r2 done
[2026-10-07T12:29:57Z] !!!!!!!! load gate: load1=19.70 still >= 3 after 60s; running anyway !!!!!!!!
fatal: not a git repository (or any parent up to mount point /local)
Stopping at filesystem boundary (GIT_DISCOVERY_ACROSS_FILESYSTEM not set).
fatal: not a git repository (or any parent up to mount point /local)
Stopping at filesystem boundary (GIT_DISCOVERY_ACROSS_FILESYSTEM not set).
fatal: not a git repository (or any parent up to mount point /local)
Stopping at filesystem boundary (GIT_DISCOVERY_ACROSS_FILESYSTEM not set).
fatal: not a git repository (or any parent up to mount point /local)
Stopping at filesystem boundary (GIT_DISCOVERY_ACROSS_FILESYSTEM not set).
fatal: not a git repository (or any parent up to mount point /local)
Stopping at filesystem boundary (GIT_DISCOVERY_ACROSS_FILESYSTEM not set).
rep 1/1: complete export=s e2e=23.928268079s 504927346 bytes syscr=8881582 pread64=2633 io_uring_enter=0 read_bytes=0 cpu_s=27.910000
[2026-10-07T12:31:35Z] pr264-H-vocab-label-large-de-warm-base-r3 done
[2026-10-07T12:32:35Z] !!!!!!!! load gate: load1=20.70 still >= 3 after 60s; running anyway !!!!!!!!
fatal: not a git repository (or any parent up to mount point /local)
Stopping at filesystem boundary (GIT_DISCOVERY_ACROSS_FILESYSTEM not set).
fatal: not a git repository (or any parent up to mount point /local)
Stopping at filesystem boundary (GIT_DISCOVERY_ACROSS_FILESYSTEM not set).
fatal: not a git repository (or any parent up to mount point /local)
Stopping at filesystem boundary (GIT_DISCOVERY_ACROSS_FILESYSTEM not set).
fatal: not a git repository (or any parent up to mount point /local)
Stopping at filesystem boundary (GIT_DISCOVERY_ACROSS_FILESYSTEM not set).
fatal: not a git repository (or any parent up to mount point /local)
Stopping at filesystem boundary (GIT_DISCOVERY_ACROSS_FILESYSTEM not set).
rep 1/1: complete export=s e2e=18.972075261s 504927346 bytes syscr=8881570 pread64=2633 io_uring_enter=0 read_bytes=0 cpu_s=23.070000
[2026-10-07T12:34:09Z] pr264-H-vocab-label-large-de-warm-variant-r3 done
[2026-10-07T12:35:09Z] !!!!!!!! load gate: load1=21.69 still >= 3 after 60s; running anyway !!!!!!!!
Caches dropped successfully (synced, then wrote 1
 to /proc/sys/vm/drop_caches).
fatal: not a git repository (or any parent up to mount point /local)
Stopping at filesystem boundary (GIT_DISCOVERY_ACROSS_FILESYSTEM not set).
fatal: not a git repository (or any parent up to mount point /local)
Stopping at filesystem boundary (GIT_DISCOVERY_ACROSS_FILESYSTEM not set).
fatal: not a git repository (or any parent up to mount point /local)
Stopping at filesystem boundary (GIT_DISCOVERY_ACROSS_FILESYSTEM not set).
fatal: not a git repository (or any parent up to mount point /local)
Stopping at filesystem boundary (GIT_DISCOVERY_ACROSS_FILESYSTEM not set).
fatal: not a git repository (or any parent up to mount point /local)
Stopping at filesystem boundary (GIT_DISCOVERY_ACROSS_FILESYSTEM not set).
rep 1/1: complete export=s e2e=13.800055045s 74413425 bytes syscr=1401205 pread64=1859 io_uring_enter=490839 read_bytes=6832242688 cpu_s=14.520000
[2026-10-07T12:36:04Z] pr264-A-scatter-disambig-label-de-cold-base-r1 done
[2026-10-07T12:37:04Z] !!!!!!!! load gate: load1=19.98 still >= 3 after 60s; running anyway !!!!!!!!
Caches dropped successfully (synced, then wrote 1
 to /proc/sys/vm/drop_caches).
fatal: not a git repository (or any parent up to mount point /local)
Stopping at filesystem boundary (GIT_DISCOVERY_ACROSS_FILESYSTEM not set).
fatal: not a git repository (or any parent up to mount point /local)
Stopping at filesystem boundary (GIT_DISCOVERY_ACROSS_FILESYSTEM not set).
fatal: not a git repository (or any parent up to mount point /local)
Stopping at filesystem boundary (GIT_DISCOVERY_ACROSS_FILESYSTEM not set).
fatal: not a git repository (or any parent up to mount point /local)
Stopping at filesystem boundary (GIT_DISCOVERY_ACROSS_FILESYSTEM not set).
fatal: not a git repository (or any parent up to mount point /local)
Stopping at filesystem boundary (GIT_DISCOVERY_ACROSS_FILESYSTEM not set).
rep 1/1: complete export=s e2e=13.039975265s 74413425 bytes syscr=1401205 pread64=1859 io_uring_enter=490608 read_bytes=6831632384 cpu_s=13.750000
[2026-10-07T12:37:58Z] pr264-A-scatter-disambig-label-de-cold-variant-r1 done
[2026-10-07T12:38:58Z] !!!!!!!! load gate: load1=19.66 still >= 3 after 60s; running anyway !!!!!!!!
Caches dropped successfully (synced, then wrote 1
 to /proc/sys/vm/drop_caches).
fatal: not a git repository (or any parent up to mount point /local)
Stopping at filesystem boundary (GIT_DISCOVERY_ACROSS_FILESYSTEM not set).
fatal: not a git repository (or any parent up to mount point /local)
Stopping at filesystem boundary (GIT_DISCOVERY_ACROSS_FILESYSTEM not set).
fatal: not a git repository (or any parent up to mount point /local)
Stopping at filesystem boundary (GIT_DISCOVERY_ACROSS_FILESYSTEM not set).
fatal: not a git repository (or any parent up to mount point /local)
Stopping at filesystem boundary (GIT_DISCOVERY_ACROSS_FILESYSTEM not set).
fatal: not a git repository (or any parent up to mount point /local)
Stopping at filesystem boundary (GIT_DISCOVERY_ACROSS_FILESYSTEM not set).
rep 1/1: complete export=s e2e=13.038180866s 74413425 bytes syscr=1401201 pread64=1859 io_uring_enter=490539 read_bytes=6832242688 cpu_s=13.730000
[2026-10-07T12:39:52Z] pr264-A-scatter-disambig-label-de-cold-variant-r2 done
[2026-10-07T12:40:52Z] !!!!!!!! load gate: load1=18.97 still >= 3 after 60s; running anyway !!!!!!!!
Caches dropped successfully (synced, then wrote 1
 to /proc/sys/vm/drop_caches).
fatal: not a git repository (or any parent up to mount point /local)
Stopping at filesystem boundary (GIT_DISCOVERY_ACROSS_FILESYSTEM not set).
fatal: not a git repository (or any parent up to mount point /local)
Stopping at filesystem boundary (GIT_DISCOVERY_ACROSS_FILESYSTEM not set).
fatal: not a git repository (or any parent up to mount point /local)
Stopping at filesystem boundary (GIT_DISCOVERY_ACROSS_FILESYSTEM not set).
fatal: not a git repository (or any parent up to mount point /local)
Stopping at filesystem boundary (GIT_DISCOVERY_ACROSS_FILESYSTEM not set).
fatal: not a git repository (or any parent up to mount point /local)
Stopping at filesystem boundary (GIT_DISCOVERY_ACROSS_FILESYSTEM not set).
rep 1/1: complete export=s e2e=13.074149278s 74413425 bytes syscr=1401205 pread64=1859 io_uring_enter=491359 read_bytes=6832275456 cpu_s=13.850000
[2026-10-07T12:41:47Z] pr264-A-scatter-disambig-label-de-cold-base-r2 done
[2026-10-07T12:42:47Z] !!!!!!!! load gate: load1=12.31 still >= 3 after 60s; running anyway !!!!!!!!
Caches dropped successfully (synced, then wrote 1
 to /proc/sys/vm/drop_caches).
fatal: not a git repository (or any parent up to mount point /local)
Stopping at filesystem boundary (GIT_DISCOVERY_ACROSS_FILESYSTEM not set).
fatal: not a git repository (or any parent up to mount point /local)
Stopping at filesystem boundary (GIT_DISCOVERY_ACROSS_FILESYSTEM not set).
fatal: not a git repository (or any parent up to mount point /local)
Stopping at filesystem boundary (GIT_DISCOVERY_ACROSS_FILESYSTEM not set).
fatal: not a git repository (or any parent up to mount point /local)
Stopping at filesystem boundary (GIT_DISCOVERY_ACROSS_FILESYSTEM not set).
fatal: not a git repository (or any parent up to mount point /local)
Stopping at filesystem boundary (GIT_DISCOVERY_ACROSS_FILESYSTEM not set).
rep 1/1: complete export=s e2e=12.104385954s 74413425 bytes syscr=1401201 pread64=1859 io_uring_enter=492303 read_bytes=6829346816 cpu_s=12.850000
[2026-10-07T12:43:35Z] pr264-A-scatter-disambig-label-de-cold-base-r3 done
[2026-10-07T12:44:35Z] !!!!!!!! load gate: load1=9.25 still >= 3 after 60s; running anyway !!!!!!!!
Caches dropped successfully (synced, then wrote 1
 to /proc/sys/vm/drop_caches).
fatal: not a git repository (or any parent up to mount point /local)
Stopping at filesystem boundary (GIT_DISCOVERY_ACROSS_FILESYSTEM not set).
fatal: not a git repository (or any parent up to mount point /local)
Stopping at filesystem boundary (GIT_DISCOVERY_ACROSS_FILESYSTEM not set).
fatal: not a git repository (or any parent up to mount point /local)
Stopping at filesystem boundary (GIT_DISCOVERY_ACROSS_FILESYSTEM not set).
fatal: not a git repository (or any parent up to mount point /local)
Stopping at filesystem boundary (GIT_DISCOVERY_ACROSS_FILESYSTEM not set).
fatal: not a git repository (or any parent up to mount point /local)
Stopping at filesystem boundary (GIT_DISCOVERY_ACROSS_FILESYSTEM not set).
rep 1/1: complete export=s e2e=11.155125134s 74413425 bytes syscr=1401201 pread64=1859 io_uring_enter=492445 read_bytes=6829350912 cpu_s=11.850000
[2026-10-07T12:45:24Z] pr264-A-scatter-disambig-label-de-cold-variant-r3 done
[2026-10-07T12:46:24Z] !!!!!!!! load gate: load1=6.02 still >= 3 after 60s; running anyway !!!!!!!!
fatal: not a git repository (or any parent up to mount point /local)
Stopping at filesystem boundary (GIT_DISCOVERY_ACROSS_FILESYSTEM not set).
fatal: not a git repository (or any parent up to mount point /local)
Stopping at filesystem boundary (GIT_DISCOVERY_ACROSS_FILESYSTEM not set).
fatal: not a git repository (or any parent up to mount point /local)
Stopping at filesystem boundary (GIT_DISCOVERY_ACROSS_FILESYSTEM not set).
fatal: not a git repository (or any parent up to mount point /local)
Stopping at filesystem boundary (GIT_DISCOVERY_ACROSS_FILESYSTEM not set).
fatal: not a git repository (or any parent up to mount point /local)
Stopping at filesystem boundary (GIT_DISCOVERY_ACROSS_FILESYSTEM not set).
rep 1/1: complete export=s e2e=3.101291161s 74413425 bytes syscr=5604732 pread64=7436 io_uring_enter=0 read_bytes=0 cpu_s=15.390000
[2026-10-07T12:47:20Z] pr264-A-scatter-disambig-label-de-warm-base-r1 done
fatal: not a git repository (or any parent up to mount point /local)
Stopping at filesystem boundary (GIT_DISCOVERY_ACROSS_FILESYSTEM not set).
fatal: not a git repository (or any parent up to mount point /local)
Stopping at filesystem boundary (GIT_DISCOVERY_ACROSS_FILESYSTEM not set).
fatal: not a git repository (or any parent up to mount point /local)
Stopping at filesystem boundary (GIT_DISCOVERY_ACROSS_FILESYSTEM not set).
fatal: not a git repository (or any parent up to mount point /local)
Stopping at filesystem boundary (GIT_DISCOVERY_ACROSS_FILESYSTEM not set).
fatal: not a git repository (or any parent up to mount point /local)
Stopping at filesystem boundary (GIT_DISCOVERY_ACROSS_FILESYSTEM not set).
rep 1/1: complete export=s e2e=3.111164556s 74413425 bytes syscr=5604732 pread64=7436 io_uring_enter=0 read_bytes=0 cpu_s=15.790000
[2026-10-07T12:49:26Z] pr264-A-scatter-disambig-label-de-warm-variant-r1 done
[2026-10-07T12:50:26Z] !!!!!!!! load gate: load1=14.28 still >= 3 after 60s; running anyway !!!!!!!!
fatal: not a git repository (or any parent up to mount point /local)
Stopping at filesystem boundary (GIT_DISCOVERY_ACROSS_FILESYSTEM not set).
fatal: not a git repository (or any parent up to mount point /local)
Stopping at filesystem boundary (GIT_DISCOVERY_ACROSS_FILESYSTEM not set).
fatal: not a git repository (or any parent up to mount point /local)
Stopping at filesystem boundary (GIT_DISCOVERY_ACROSS_FILESYSTEM not set).
fatal: not a git repository (or any parent up to mount point /local)
Stopping at filesystem boundary (GIT_DISCOVERY_ACROSS_FILESYSTEM not set).
fatal: not a git repository (or any parent up to mount point /local)
Stopping at filesystem boundary (GIT_DISCOVERY_ACROSS_FILESYSTEM not set).
rep 1/1: complete export=s e2e=3.054614141s 74413425 bytes syscr=5604736 pread64=7436 io_uring_enter=0 read_bytes=0 cpu_s=15.720000
[2026-10-07T12:51:32Z] pr264-A-scatter-disambig-label-de-warm-variant-r2 done
[2026-10-07T12:52:32Z] !!!!!!!! load gate: load1=15.44 still >= 3 after 60s; running anyway !!!!!!!!
fatal: not a git repository (or any parent up to mount point /local)
Stopping at filesystem boundary (GIT_DISCOVERY_ACROSS_FILESYSTEM not set).
fatal: not a git repository (or any parent up to mount point /local)
Stopping at filesystem boundary (GIT_DISCOVERY_ACROSS_FILESYSTEM not set).
fatal: not a git repository (or any parent up to mount point /local)
Stopping at filesystem boundary (GIT_DISCOVERY_ACROSS_FILESYSTEM not set).
fatal: not a git repository (or any parent up to mount point /local)
Stopping at filesystem boundary (GIT_DISCOVERY_ACROSS_FILESYSTEM not set).
fatal: not a git repository (or any parent up to mount point /local)
Stopping at filesystem boundary (GIT_DISCOVERY_ACROSS_FILESYSTEM not set).
rep 1/1: complete export=s e2e=3.898869397s 74413425 bytes syscr=4203555 pread64=5577 io_uring_enter=0 read_bytes=0 cpu_s=14.270000
[2026-10-07T12:53:38Z] pr264-A-scatter-disambig-label-de-warm-base-r2 done
[2026-10-07T12:54:38Z] !!!!!!!! load gate: load1=16.48 still >= 3 after 60s; running anyway !!!!!!!!
fatal: not a git repository (or any parent up to mount point /local)
Stopping at filesystem boundary (GIT_DISCOVERY_ACROSS_FILESYSTEM not set).
fatal: not a git repository (or any parent up to mount point /local)
Stopping at filesystem boundary (GIT_DISCOVERY_ACROSS_FILESYSTEM not set).
fatal: not a git repository (or any parent up to mount point /local)
Stopping at filesystem boundary (GIT_DISCOVERY_ACROSS_FILESYSTEM not set).
fatal: not a git repository (or any parent up to mount point /local)
Stopping at filesystem boundary (GIT_DISCOVERY_ACROSS_FILESYSTEM not set).
fatal: not a git repository (or any parent up to mount point /local)
Stopping at filesystem boundary (GIT_DISCOVERY_ACROSS_FILESYSTEM not set).
rep 1/1: complete export=s e2e=3.454912381s 74413425 bytes syscr=4203551 pread64=5577 io_uring_enter=0 read_bytes=0 cpu_s=12.750000
[2026-10-07T12:55:39Z] pr264-A-scatter-disambig-label-de-warm-base-r3 done
[2026-10-07T12:56:39Z] !!!!!!!! load gate: load1=7.88 still >= 3 after 60s; running anyway !!!!!!!!
fatal: not a git repository (or any parent up to mount point /local)
Stopping at filesystem boundary (GIT_DISCOVERY_ACROSS_FILESYSTEM not set).
fatal: not a git repository (or any parent up to mount point /local)
Stopping at filesystem boundary (GIT_DISCOVERY_ACROSS_FILESYSTEM not set).
fatal: not a git repository (or any parent up to mount point /local)
Stopping at filesystem boundary (GIT_DISCOVERY_ACROSS_FILESYSTEM not set).
fatal: not a git repository (or any parent up to mount point /local)
Stopping at filesystem boundary (GIT_DISCOVERY_ACROSS_FILESYSTEM not set).
fatal: not a git repository (or any parent up to mount point /local)
Stopping at filesystem boundary (GIT_DISCOVERY_ACROSS_FILESYSTEM not set).
rep 1/1: complete export=s e2e=2.130784192s 74413425 bytes syscr=7005905 pread64=9295 io_uring_enter=0 read_bytes=0 cpu_s=14.340000
[2026-10-07T12:57:29Z] pr264-A-scatter-disambig-label-de-warm-variant-r3 done
[2026-10-07T12:58:29Z] !!!!!!!! load gate: load1=5.29 still >= 3 after 60s; running anyway !!!!!!!!
Caches dropped successfully (synced, then wrote 1
 to /proc/sys/vm/drop_caches).
fatal: not a git repository (or any parent up to mount point /local)
Stopping at filesystem boundary (GIT_DISCOVERY_ACROSS_FILESYSTEM not set).
fatal: not a git repository (or any parent up to mount point /local)
Stopping at filesystem boundary (GIT_DISCOVERY_ACROSS_FILESYSTEM not set).
fatal: not a git repository (or any parent up to mount point /local)
Stopping at filesystem boundary (GIT_DISCOVERY_ACROSS_FILESYSTEM not set).
fatal: not a git repository (or any parent up to mount point /local)
Stopping at filesystem boundary (GIT_DISCOVERY_ACROSS_FILESYSTEM not set).
fatal: not a git repository (or any parent up to mount point /local)
Stopping at filesystem boundary (GIT_DISCOVERY_ACROSS_FILESYSTEM not set).
rep 1/1: complete export=s e2e=27.735755330s 1302749672 bytes syscr=9892 pread64=9836 io_uring_enter=0 read_bytes=515395584 cpu_s=37.720000
[2026-10-07T12:59:37Z] pr264-H-vocab-label-large-cold-base-r1 done
Caches dropped successfully (synced, then wrote 1
 to /proc/sys/vm/drop_caches).
fatal: not a git repository (or any parent up to mount point /local)
Stopping at filesystem boundary (GIT_DISCOVERY_ACROSS_FILESYSTEM not set).
fatal: not a git repository (or any parent up to mount point /local)
Stopping at filesystem boundary (GIT_DISCOVERY_ACROSS_FILESYSTEM not set).
fatal: not a git repository (or any parent up to mount point /local)
Stopping at filesystem boundary (GIT_DISCOVERY_ACROSS_FILESYSTEM not set).
fatal: not a git repository (or any parent up to mount point /local)
Stopping at filesystem boundary (GIT_DISCOVERY_ACROSS_FILESYSTEM not set).
fatal: not a git repository (or any parent up to mount point /local)
Stopping at filesystem boundary (GIT_DISCOVERY_ACROSS_FILESYSTEM not set).
rep 1/1: complete export=s e2e=23.932059785s 1302749672 bytes syscr=9884 pread64=9836 io_uring_enter=0 read_bytes=515399680 cpu_s=35.800000
[2026-10-07T13:01:41Z] pr264-H-vocab-label-large-cold-variant-r1 done
[2026-10-07T13:02:41Z] !!!!!!!! load gate: load1=14.36 still >= 3 after 60s; running anyway !!!!!!!!
Caches dropped successfully (synced, then wrote 1
 to /proc/sys/vm/drop_caches).
fatal: not a git repository (or any parent up to mount point /local)
Stopping at filesystem boundary (GIT_DISCOVERY_ACROSS_FILESYSTEM not set).
fatal: not a git repository (or any parent up to mount point /local)
Stopping at filesystem boundary (GIT_DISCOVERY_ACROSS_FILESYSTEM not set).
fatal: not a git repository (or any parent up to mount point /local)
Stopping at filesystem boundary (GIT_DISCOVERY_ACROSS_FILESYSTEM not set).
fatal: not a git repository (or any parent up to mount point /local)
Stopping at filesystem boundary (GIT_DISCOVERY_ACROSS_FILESYSTEM not set).
fatal: not a git repository (or any parent up to mount point /local)
Stopping at filesystem boundary (GIT_DISCOVERY_ACROSS_FILESYSTEM not set).
rep 1/1: complete export=s e2e=25.194743057s 1302749672 bytes syscr=9888 pread64=9836 io_uring_enter=0 read_bytes=515399680 cpu_s=36.610000
[2026-10-07T13:03:55Z] pr264-H-vocab-label-large-cold-variant-r2 done
[2026-10-07T13:04:55Z] !!!!!!!! load gate: load1=16.96 still >= 3 after 60s; running anyway !!!!!!!!
Caches dropped successfully (synced, then wrote 1
 to /proc/sys/vm/drop_caches).
fatal: not a git repository (or any parent up to mount point /local)
Stopping at filesystem boundary (GIT_DISCOVERY_ACROSS_FILESYSTEM not set).
fatal: not a git repository (or any parent up to mount point /local)
Stopping at filesystem boundary (GIT_DISCOVERY_ACROSS_FILESYSTEM not set).
fatal: not a git repository (or any parent up to mount point /local)
Stopping at filesystem boundary (GIT_DISCOVERY_ACROSS_FILESYSTEM not set).
fatal: not a git repository (or any parent up to mount point /local)
Stopping at filesystem boundary (GIT_DISCOVERY_ACROSS_FILESYSTEM not set).
fatal: not a git repository (or any parent up to mount point /local)
Stopping at filesystem boundary (GIT_DISCOVERY_ACROSS_FILESYSTEM not set).
rep 1/1: complete export=s e2e=39.101862370s 1302749672 bytes syscr=9916 pread64=9836 io_uring_enter=0 read_bytes=515395584 cpu_s=50.710000
[2026-10-07T13:06:20Z] pr264-H-vocab-label-large-cold-base-r2 done
[2026-10-07T13:07:20Z] !!!!!!!! load gate: load1=17.19 still >= 3 after 60s; running anyway !!!!!!!!
Caches dropped successfully (synced, then wrote 1
 to /proc/sys/vm/drop_caches).
fatal: not a git repository (or any parent up to mount point /local)
Stopping at filesystem boundary (GIT_DISCOVERY_ACROSS_FILESYSTEM not set).
fatal: not a git repository (or any parent up to mount point /local)
Stopping at filesystem boundary (GIT_DISCOVERY_ACROSS_FILESYSTEM not set).
fatal: not a git repository (or any parent up to mount point /local)
Stopping at filesystem boundary (GIT_DISCOVERY_ACROSS_FILESYSTEM not set).
fatal: not a git repository (or any parent up to mount point /local)
Stopping at filesystem boundary (GIT_DISCOVERY_ACROSS_FILESYSTEM not set).
fatal: not a git repository (or any parent up to mount point /local)
Stopping at filesystem boundary (GIT_DISCOVERY_ACROSS_FILESYSTEM not set).
rep 1/1: complete export=s e2e=38.557565193s 1302749672 bytes syscr=9912 pread64=9836 io_uring_enter=0 read_bytes=515395584 cpu_s=50.220000
[2026-10-07T13:08:44Z] pr264-H-vocab-label-large-cold-base-r3 done
[2026-10-07T13:09:44Z] !!!!!!!! load gate: load1=17.34 still >= 3 after 60s; running anyway !!!!!!!!
Caches dropped successfully (synced, then wrote 1
 to /proc/sys/vm/drop_caches).
fatal: not a git repository (or any parent up to mount point /local)
Stopping at filesystem boundary (GIT_DISCOVERY_ACROSS_FILESYSTEM not set).
fatal: not a git repository (or any parent up to mount point /local)
Stopping at filesystem boundary (GIT_DISCOVERY_ACROSS_FILESYSTEM not set).
fatal: not a git repository (or any parent up to mount point /local)
Stopping at filesystem boundary (GIT_DISCOVERY_ACROSS_FILESYSTEM not set).
fatal: not a git repository (or any parent up to mount point /local)
Stopping at filesystem boundary (GIT_DISCOVERY_ACROSS_FILESYSTEM not set).
fatal: not a git repository (or any parent up to mount point /local)
Stopping at filesystem boundary (GIT_DISCOVERY_ACROSS_FILESYSTEM not set).
rep 1/1: complete export=s e2e=24.411611017s 1302749672 bytes syscr=9888 pread64=9836 io_uring_enter=0 read_bytes=515399680 cpu_s=35.800000
[2026-10-07T13:10:53Z] pr264-H-vocab-label-large-cold-variant-r3 done
[2026-10-07T13:11:53Z] !!!!!!!! load gate: load1=18.66 still >= 3 after 60s; running anyway !!!!!!!!
fatal: not a git repository (or any parent up to mount point /local)
Stopping at filesystem boundary (GIT_DISCOVERY_ACROSS_FILESYSTEM not set).
fatal: not a git repository (or any parent up to mount point /local)
Stopping at filesystem boundary (GIT_DISCOVERY_ACROSS_FILESYSTEM not set).
fatal: not a git repository (or any parent up to mount point /local)
Stopping at filesystem boundary (GIT_DISCOVERY_ACROSS_FILESYSTEM not set).
fatal: not a git repository (or any parent up to mount point /local)
Stopping at filesystem boundary (GIT_DISCOVERY_ACROSS_FILESYSTEM not set).
fatal: not a git repository (or any parent up to mount point /local)
Stopping at filesystem boundary (GIT_DISCOVERY_ACROSS_FILESYSTEM not set).
rep 1/1: complete export=s e2e=38.112515626s 1302749672 bytes syscr=9916 pread64=9836 io_uring_enter=0 read_bytes=0 cpu_s=49.660000
[2026-10-07T13:13:50Z] pr264-H-vocab-label-large-warm-base-r1 done
[2026-10-07T13:14:50Z] !!!!!!!! load gate: load1=18.04 still >= 3 after 60s; running anyway !!!!!!!!
fatal: not a git repository (or any parent up to mount point /local)
Stopping at filesystem boundary (GIT_DISCOVERY_ACROSS_FILESYSTEM not set).
fatal: not a git repository (or any parent up to mount point /local)
Stopping at filesystem boundary (GIT_DISCOVERY_ACROSS_FILESYSTEM not set).
fatal: not a git repository (or any parent up to mount point /local)
Stopping at filesystem boundary (GIT_DISCOVERY_ACROSS_FILESYSTEM not set).
fatal: not a git repository (or any parent up to mount point /local)
Stopping at filesystem boundary (GIT_DISCOVERY_ACROSS_FILESYSTEM not set).
fatal: not a git repository (or any parent up to mount point /local)
Stopping at filesystem boundary (GIT_DISCOVERY_ACROSS_FILESYSTEM not set).
rep 1/1: complete export=s e2e=24.832187929s 1302749672 bytes syscr=9884 pread64=9836 io_uring_enter=0 read_bytes=0 cpu_s=36.300000
[2026-10-07T13:16:23Z] pr264-H-vocab-label-large-warm-variant-r1 done
[2026-10-07T13:17:23Z] !!!!!!!! load gate: load1=18.66 still >= 3 after 60s; running anyway !!!!!!!!
fatal: not a git repository (or any parent up to mount point /local)
Stopping at filesystem boundary (GIT_DISCOVERY_ACROSS_FILESYSTEM not set).
fatal: not a git repository (or any parent up to mount point /local)
Stopping at filesystem boundary (GIT_DISCOVERY_ACROSS_FILESYSTEM not set).
fatal: not a git repository (or any parent up to mount point /local)
Stopping at filesystem boundary (GIT_DISCOVERY_ACROSS_FILESYSTEM not set).
fatal: not a git repository (or any parent up to mount point /local)
Stopping at filesystem boundary (GIT_DISCOVERY_ACROSS_FILESYSTEM not set).
fatal: not a git repository (or any parent up to mount point /local)
Stopping at filesystem boundary (GIT_DISCOVERY_ACROSS_FILESYSTEM not set).
rep 1/1: complete export=s e2e=24.196207777s 1302749672 bytes syscr=9884 pread64=9836 io_uring_enter=0 read_bytes=0 cpu_s=35.650000
[2026-10-07T13:18:55Z] pr264-H-vocab-label-large-warm-variant-r2 done
[2026-10-07T13:19:55Z] !!!!!!!! load gate: load1=18.44 still >= 3 after 60s; running anyway !!!!!!!!
fatal: not a git repository (or any parent up to mount point /local)
Stopping at filesystem boundary (GIT_DISCOVERY_ACROSS_FILESYSTEM not set).
fatal: not a git repository (or any parent up to mount point /local)
Stopping at filesystem boundary (GIT_DISCOVERY_ACROSS_FILESYSTEM not set).
fatal: not a git repository (or any parent up to mount point /local)
Stopping at filesystem boundary (GIT_DISCOVERY_ACROSS_FILESYSTEM not set).
fatal: not a git repository (or any parent up to mount point /local)
Stopping at filesystem boundary (GIT_DISCOVERY_ACROSS_FILESYSTEM not set).
fatal: not a git repository (or any parent up to mount point /local)
Stopping at filesystem boundary (GIT_DISCOVERY_ACROSS_FILESYSTEM not set).
rep 1/1: complete export=s e2e=39.192988014s 1302749672 bytes syscr=9916 pread64=9836 io_uring_enter=0 read_bytes=0 cpu_s=50.540000
[2026-10-07T13:21:57Z] pr264-H-vocab-label-large-warm-base-r2 done
[2026-10-07T13:22:57Z] !!!!!!!! load gate: load1=17.25 still >= 3 after 60s; running anyway !!!!!!!!
fatal: not a git repository (or any parent up to mount point /local)
Stopping at filesystem boundary (GIT_DISCOVERY_ACROSS_FILESYSTEM not set).
fatal: not a git repository (or any parent up to mount point /local)
Stopping at filesystem boundary (GIT_DISCOVERY_ACROSS_FILESYSTEM not set).
fatal: not a git repository (or any parent up to mount point /local)
Stopping at filesystem boundary (GIT_DISCOVERY_ACROSS_FILESYSTEM not set).
fatal: not a git repository (or any parent up to mount point /local)
Stopping at filesystem boundary (GIT_DISCOVERY_ACROSS_FILESYSTEM not set).
fatal: not a git repository (or any parent up to mount point /local)
Stopping at filesystem boundary (GIT_DISCOVERY_ACROSS_FILESYSTEM not set).
rep 1/1: complete export=s e2e=36.098566752s 1302749672 bytes syscr=9912 pread64=9836 io_uring_enter=0 read_bytes=0 cpu_s=47.270000
[2026-10-07T13:24:54Z] pr264-H-vocab-label-large-warm-base-r3 done
[2026-10-07T13:25:02Z] !!!!!!!! terminated !!!!!!!!
