2026-09-28 23:05:33.864 - INFO: [1mQLever server CIKM-2691-g476247bc2, compiled on Mon Sep 28 18:22:56 UTC 2026 using git hash 476247b[22m
2026-09-28 23:05:33.864 - INFO: Runtime parameter set from the command line: vocabulary-iouring-page-cache-fast-path=false
2026-09-28 23:05:33.864 - INFO: Runtime parameter set from the command line: vocabulary-bench-fadvise-random=true
2026-09-28 23:05:33.864 - INFO: Cleanup of previous index directories after each rebuild enabled (--rebuild-keep-previous-index-dirs original-and-most-recent)
2026-09-28 23:05:33.865 - INFO: The git hash used to build this index was "65f84b4"
2026-09-28 23:05:33.865 - INFO: Reading vocabulary from file /local/data-ssd/stoetzem/qlever-indices/dblp/dblp.vocabulary.words ...
2026-09-28 23:05:33.875 - INFO: Done, number of words: 446,944,668
2026-09-28 23:05:33.875 - INFO: Number of words in internal vocabulary (these are also part of the external vocabulary): 446,955
2026-09-28 23:05:33.881 - INFO: Registered PSO permutation: #relations = 6, #blocks = 8,187, #triples = 255,805,025
2026-09-28 23:05:33.912 - INFO: Registered PSO permutation: #relations = 96, #blocks = 51,023, #triples = 1,593,245,022
2026-09-28 23:05:33.916 - INFO: Registered POS permutation: #relations = 6, #blocks = 8,187, #triples = 255,805,025
2026-09-28 23:05:33.935 - INFO: Registered POS permutation: #relations = 96, #blocks = 51,023, #triples = 1,593,245,022
2026-09-28 23:05:33.949 - INFO: Registered OPS permutation: #relations = 345,357,897, #blocks = 42,492, #triples = 1,593,245,022
2026-09-28 23:05:33.964 - INFO: Registered OSP permutation: #relations = 345,357,897, #blocks = 42,492, #triples = 1,593,245,022
2026-09-28 23:05:33.973 - INFO: Registered SPO permutation: #relations = 255,804,614, #blocks = 33,993, #triples = 1,593,245,022
2026-09-28 23:05:33.980 - INFO: Registered SOP permutation: #relations = 255,804,614, #blocks = 33,993, #triples = 1,593,245,022
2026-09-28 23:05:33.980 - INFO: Reading patterns from file /local/data-ssd/stoetzem/qlever-indices/dblp/dblp.index.patterns ...
2026-09-28 23:05:33.980 - INFO: Sorting random result tables to estimate the sorting performance of this machine ...
2026-09-28 23:05:41.901 - INFO: Initializing server ...
2026-09-28 23:05:41.901 - INFO: No access token required for restricted API calls
2026-09-28 23:05:41.901 - INFO: The server is ready, listening for requests on port 7015 ...
2026-09-28 23:05:42.206 - INFO: 
2026-09-28 23:05:42.206 - INFO: Request received via POST, content type "application/x-www-form-urlencoded"
2026-09-28 23:05:42.211 - INFO: Processing the following SPARQL query:
# Tier H — size-sweep
# Goal: isolate export cost from query-planning cost. Raise the year bound
# across runs, for example 1970, 1990, 2010, and 2023.
PREFIX dblp: <https://dblp.org/rdf/schema#>

CONSTRUCT { ?s ?p ?o }
WHERE {
  ?s a dblp:Publication ;
     dblp:yearOfPublication ?year ;
     ?p ?o .
  FILTER(?year <= "1970"^^<http://www.w3.org/2001/XMLSchema#gYear>)
}

2026-09-28 23:05:42.211 - INFO: Requested media types of the result are: "text/turtle"
2026-09-28 23:05:42.213 - INFO: Query planning done in 6 ms
2026-09-28 23:05:42.248 - INFO: Result has unknown size (not computed yet)
FASTPATH_STATS calls=207 offsetPairs=29856 offsetPairHits=0 offsetPairsRing=29856 offsetRuns=0 offsetRunHits=0 words=29856 wordHits=0 wordsRing=29856 wordBytes=508056 wordHitBytes=0 preadvCalls=0 preadvFull=0 preadvEagain=0 preadvPartial=0 fadviseCalls=207
FASTPATH_STATS calls=415 offsetPairs=58979 offsetPairHits=0 offsetPairsRing=58979 offsetRuns=0 offsetRunHits=0 words=58979 wordHits=0 wordsRing=58979 wordBytes=973266 wordHitBytes=0 preadvCalls=0 preadvFull=0 preadvEagain=0 preadvPartial=0 fadviseCalls=415
FASTPATH_STATS calls=621 offsetPairs=88681 offsetPairHits=0 offsetPairsRing=88681 offsetRuns=0 offsetRunHits=0 words=88681 wordHits=0 wordsRing=88681 wordBytes=1489434 wordHitBytes=0 preadvCalls=0 preadvFull=0 preadvEagain=0 preadvPartial=0 fadviseCalls=621
FASTPATH_STATS calls=816 offsetPairs=117176 offsetPairHits=0 offsetPairsRing=117176 offsetRuns=0 offsetRunHits=0 words=117176 wordHits=0 wordsRing=117176 wordBytes=1967907 wordHitBytes=0 preadvCalls=0 preadvFull=0 preadvEagain=0 preadvPartial=0 fadviseCalls=816
2026-09-28 23:05:43.287 - INFO: Done processing query and sending result, total time was 1,080 ms
FASTPATH_STATS calls=984 offsetPairs=142017 offsetPairHits=0 offsetPairsRing=142017 offsetRuns=0 offsetRunHits=0 words=142017 wordHits=0 wordsRing=142017 wordBytes=2421211 wordHitBytes=0 preadvCalls=0 preadvFull=0 preadvEagain=0 preadvPartial=0 fadviseCalls=984
2026-09-28 23:05:43.325 - INFO: 
2026-09-28 23:05:43.325 - INFO: Request received via POST, content type "application/x-www-form-urlencoded"
2026-09-28 23:05:43.326 - INFO: Processing the following SPARQL query:
# Tier H — size-sweep
# Goal: isolate export cost from query-planning cost. Raise the year bound
# across runs, for example 1970, 1990, 2010, and 2023.
PREFIX dblp: <https://dblp.org/rdf/schema#>

CONSTRUCT { ?s ?p ?o }
WHERE {
  ?s a dblp:Publication ;
     dblp:yearOfPublication ?year ;
     ?p ?o .
  FILTER(?year <= "1970"^^<http://www.w3.org/2001/XMLSchema#gYear>)
}

2026-09-28 23:05:43.326 - INFO: Requested media types of the result are: "text/turtle"
2026-09-28 23:05:43.327 - INFO: Query planning done in 1 ms
2026-09-28 23:05:43.358 - INFO: Result has unknown size (not computed yet)
FASTPATH_STATS calls=1073 offsetPairs=154691 offsetPairHits=0 offsetPairsRing=154691 offsetRuns=0 offsetRunHits=0 words=154691 wordHits=0 wordsRing=154691 wordBytes=2634303 wordHitBytes=0 preadvCalls=0 preadvFull=0 preadvEagain=0 preadvPartial=0 fadviseCalls=1073
FASTPATH_STATS calls=1271 offsetPairs=183275 offsetPairHits=0 offsetPairsRing=183275 offsetRuns=0 offsetRunHits=0 words=183275 wordHits=0 wordsRing=183275 wordBytes=3119050 wordHitBytes=0 preadvCalls=0 preadvFull=0 preadvEagain=0 preadvPartial=0 fadviseCalls=1271
FASTPATH_STATS calls=1478 offsetPairs=211944 offsetPairHits=0 offsetPairsRing=211944 offsetRuns=0 offsetRunHits=0 words=211691 wordHits=0 wordsRing=211691 wordBytes=3579391 wordHitBytes=0 preadvCalls=0 preadvFull=0 preadvEagain=0 preadvPartial=0 fadviseCalls=1478
FASTPATH_STATS calls=1669 offsetPairs=240367 offsetPairHits=0 offsetPairsRing=240367 offsetRuns=0 offsetRunHits=0 words=240094 wordHits=0 wordsRing=240094 wordBytes=4062931 wordHitBytes=0 preadvCalls=0 preadvFull=0 preadvEagain=0 preadvPartial=0 fadviseCalls=1669
FASTPATH_STATS calls=1862 offsetPairs=268481 offsetPairHits=0 offsetPairsRing=268481 offsetRuns=0 offsetRunHits=0 words=268481 wordHits=0 wordsRing=268481 wordBytes=4545040 wordHitBytes=0 preadvCalls=0 preadvFull=0 preadvEagain=0 preadvPartial=0 fadviseCalls=1862
2026-09-28 23:05:44.401 - INFO: Done processing query and sending result, total time was 1,076 ms
