2026-09-28 23:04:43.383 - INFO: [1mQLever server CIKM-2691-g476247bc2, compiled on Mon Sep 28 18:22:56 UTC 2026 using git hash 476247b[22m
2026-09-28 23:04:43.383 - INFO: Runtime parameter set from the command line: vocabulary-iouring-page-cache-fast-path=true
2026-09-28 23:04:43.383 - INFO: Runtime parameter set from the command line: vocabulary-bench-fadvise-random=true
2026-09-28 23:04:43.383 - INFO: Cleanup of previous index directories after each rebuild enabled (--rebuild-keep-previous-index-dirs original-and-most-recent)
2026-09-28 23:04:43.391 - INFO: The git hash used to build this index was "65f84b4"
2026-09-28 23:04:43.391 - INFO: Reading vocabulary from file /local/data-ssd/stoetzem/qlever-indices/dblp/dblp.vocabulary.words ...
2026-09-28 23:04:43.402 - INFO: Done, number of words: 446,944,668
2026-09-28 23:04:43.402 - INFO: Number of words in internal vocabulary (these are also part of the external vocabulary): 446,955
2026-09-28 23:04:43.409 - INFO: Registered PSO permutation: #relations = 6, #blocks = 8,187, #triples = 255,805,025
2026-09-28 23:04:43.430 - INFO: Registered PSO permutation: #relations = 96, #blocks = 51,023, #triples = 1,593,245,022
2026-09-28 23:04:43.433 - INFO: Registered POS permutation: #relations = 6, #blocks = 8,187, #triples = 255,805,025
2026-09-28 23:04:43.454 - INFO: Registered POS permutation: #relations = 96, #blocks = 51,023, #triples = 1,593,245,022
2026-09-28 23:04:43.473 - INFO: Registered OPS permutation: #relations = 345,357,897, #blocks = 42,492, #triples = 1,593,245,022
2026-09-28 23:04:43.490 - INFO: Registered OSP permutation: #relations = 345,357,897, #blocks = 42,492, #triples = 1,593,245,022
2026-09-28 23:04:43.502 - INFO: Registered SPO permutation: #relations = 255,804,614, #blocks = 33,993, #triples = 1,593,245,022
2026-09-28 23:04:43.513 - INFO: Registered SOP permutation: #relations = 255,804,614, #blocks = 33,993, #triples = 1,593,245,022
2026-09-28 23:04:43.513 - INFO: Reading patterns from file /local/data-ssd/stoetzem/qlever-indices/dblp/dblp.index.patterns ...
2026-09-28 23:04:43.513 - INFO: Sorting random result tables to estimate the sorting performance of this machine ...
2026-09-28 23:04:51.464 - INFO: Initializing server ...
2026-09-28 23:04:51.465 - INFO: No access token required for restricted API calls
2026-09-28 23:04:51.465 - INFO: The server is ready, listening for requests on port 7015 ...
2026-09-28 23:04:51.741 - INFO: 
2026-09-28 23:04:51.741 - INFO: Request received via POST, content type "application/x-www-form-urlencoded"
2026-09-28 23:04:51.745 - INFO: Processing the following SPARQL query:
# Tier H-vocab — title literals, large
# Goal: external-vocabulary lookup pressure with larger bounded output.
PREFIX dblp: <https://dblp.org/rdf/schema#>

CONSTRUCT { ?paper dblp:title ?title }
WHERE {
  ?paper dblp:title ?title .
}
LIMIT 100000

2026-09-28 23:04:51.745 - INFO: Requested media types of the result are: "text/turtle"
2026-09-28 23:04:51.753 - INFO: Query planning done in 11 ms
2026-09-28 23:04:51.753 - INFO: Result has unknown size (not computed yet)
FASTPATH_STATS calls=36 offsetPairs=36583 offsetPairHits=9569 offsetPairsRing=27014 offsetRuns=17625 offsetRunHits=9177 words=36583 wordHits=10240 wordsRing=26343 wordBytes=823813 wordHitBytes=248174 preadvCalls=35002 preadvFull=14507 preadvEagain=20432 preadvPartial=63 fadviseCalls=36
FASTPATH_STATS calls=74 offsetPairs=74254 offsetPairHits=22693 offsetPairsRing=50540 offsetRuns=34975 offsetRunHits=21951 words=73233 wordHits=19654 wordsRing=53579 wordBytes=1764408 wordHitBytes=533983 preadvCalls=70274 preadvFull=34294 preadvEagain=35850 preadvPartial=130 fadviseCalls=74
FASTPATH_STATS calls=112 offsetPairs=113070 offsetPairHits=38162 offsetPairsRing=73886 offsetRuns=54007 offsetRunHits=37088 words=112048 wordHits=30389 wordsRing=81659 wordBytes=2795784 wordHitBytes=857113 preadvCalls=107979 preadvFull=56436 preadvEagain=51344 preadvPartial=199 fadviseCalls=112
FASTPATH_STATS calls=153 offsetPairs=153985 offsetPairHits=57172 offsetPairsRing=96813 offsetRuns=74933 offsetRunHits=56026 words=152962 wordHits=45021 wordsRing=107941 wordBytes=3863948 wordHitBytes=1323503 preadvCalls=149250 preadvFull=85426 preadvEagain=63535 preadvPartial=289 fadviseCalls=153
FASTPATH_STATS calls=196 offsetPairs=196847 offsetPairHits=77875 offsetPairsRing=118972 offsetRuns=96544 offsetRunHits=76427 words=196847 wordHits=60496 wordsRing=135329 wordBytes=5064848 wordHitBytes=1866769 preadvCalls=191488 preadvFull=117792 preadvEagain=73314 preadvPartial=382 fadviseCalls=196
2026-09-28 23:04:52.788 - INFO: Done processing query and sending result, total time was 1,046 ms
