2026-09-28 23:55:18.438 - INFO: [1mQLever server CIKM-2684-ga7bf5f8fe, compiled on Mon Sep 28 21:32:02 UTC 2026 using git hash a7bf5f8[22m
2026-09-28 23:55:18.438 - INFO: Cleanup of previous index directories after each rebuild enabled (--rebuild-keep-previous-index-dirs original-and-most-recent)
2026-09-28 23:55:18.439 - INFO: The git hash used to build this index was "65f84b4"
2026-09-28 23:55:18.439 - INFO: Reading vocabulary from file /local/data-ssd/stoetzem/qlever-indices/dblp/dblp.vocabulary.words ...
2026-09-28 23:55:18.449 - INFO: Done, number of words: 446,944,668
2026-09-28 23:55:18.449 - INFO: Number of words in internal vocabulary (these are also part of the external vocabulary): 446,955
2026-09-28 23:55:18.454 - INFO: Registered PSO permutation: #relations = 6, #blocks = 8,187, #triples = 255,805,025
2026-09-28 23:55:18.481 - INFO: Registered PSO permutation: #relations = 96, #blocks = 51,023, #triples = 1,593,245,022
2026-09-28 23:55:18.484 - INFO: Registered POS permutation: #relations = 6, #blocks = 8,187, #triples = 255,805,025
2026-09-28 23:55:18.510 - INFO: Registered POS permutation: #relations = 96, #blocks = 51,023, #triples = 1,593,245,022
2026-09-28 23:55:18.532 - INFO: Registered OPS permutation: #relations = 345,357,897, #blocks = 42,492, #triples = 1,593,245,022
2026-09-28 23:55:18.554 - INFO: Registered OSP permutation: #relations = 345,357,897, #blocks = 42,492, #triples = 1,593,245,022
2026-09-28 23:55:18.568 - INFO: Registered SPO permutation: #relations = 255,804,614, #blocks = 33,993, #triples = 1,593,245,022
2026-09-28 23:55:18.579 - INFO: Registered SOP permutation: #relations = 255,804,614, #blocks = 33,993, #triples = 1,593,245,022
2026-09-28 23:55:18.579 - INFO: Reading patterns from file /local/data-ssd/stoetzem/qlever-indices/dblp/dblp.index.patterns ...
2026-09-28 23:55:18.580 - INFO: Sorting random result tables to estimate the sorting performance of this machine ...
2026-09-28 23:55:29.532 - INFO: Initializing server ...
2026-09-28 23:55:29.532 - INFO: No access token required for restricted API calls
2026-09-28 23:55:29.532 - INFO: The server is ready, listening for requests on port 7015 ...
2026-09-28 23:55:29.774 - INFO: 
2026-09-28 23:55:29.775 - INFO: Request received via POST, content type "application/x-www-form-urlencoded"
2026-09-28 23:55:29.778 - INFO: Processing the following SPARQL query:
# Tier H-vocab — title literals, large
# Goal: external-vocabulary lookup pressure with larger bounded output.
PREFIX dblp: <https://dblp.org/rdf/schema#>

CONSTRUCT { ?paper dblp:title ?title }
WHERE {
  ?paper dblp:title ?title .
}
LIMIT 100000

2026-09-28 23:55:29.778 - INFO: Requested media types of the result are: "text/turtle"
2026-09-28 23:55:29.778 - INFO: Query planning done in 3 ms
2026-09-28 23:55:29.779 - INFO: Result has unknown size (not computed yet)
2026-09-28 23:55:30.479 - INFO: Done processing query and sending result, total time was 704 ms
2026-09-28 23:55:30.526 - INFO: 
2026-09-28 23:55:30.526 - INFO: Request received via POST, content type "application/x-www-form-urlencoded"
2026-09-28 23:55:30.526 - INFO: Processing the following SPARQL query:
# Tier H-vocab — title literals, large
# Goal: external-vocabulary lookup pressure with larger bounded output.
PREFIX dblp: <https://dblp.org/rdf/schema#>

CONSTRUCT { ?paper dblp:title ?title }
WHERE {
  ?paper dblp:title ?title .
}
LIMIT 100000

2026-09-28 23:55:30.527 - INFO: Requested media types of the result are: "text/turtle"
2026-09-28 23:55:30.527 - INFO: Query planning done in 0 ms
2026-09-28 23:55:30.527 - INFO: Result has unknown size (not computed yet)
2026-09-28 23:55:31.216 - INFO: Done processing query and sending result, total time was 689 ms
