[2026-09-28T15:53:44Z] PR #59 wikidata turtle_export queries=H-vocab-label-large-de H-vocab-random-label-de-200k scenarios=cold reps=1 mode=two binaries layout=ural
[2026-09-28T15:53:44Z] base:    /local/data-ssd/stoetzem/thesis/experiments/runs/pr59-wikidata-fixedfiles-stats-ab/bin/qlever-server-base (3aaff2de) args='' form=''
[2026-09-28T15:53:44Z] variant: /local/data-ssd/stoetzem/thesis/experiments/runs/pr59-wikidata-fixedfiles-stats-ab/bin/qlever-server-variant (27e4cb88) args='' form=''
Caches dropped successfully (synced, then wrote 1
 to /proc/sys/vm/drop_caches).
fatal: not a git repository (or any parent up to mount point /local)
Stopping at filesystem boundary (GIT_DISCOVERY_ACROSS_FILESYSTEM not set).
fatal: not a git repository (or any parent up to mount point /local)
Stopping at filesystem boundary (GIT_DISCOVERY_ACROSS_FILESYSTEM not set).
fatal: not a git repository (or any parent up to mount point /local)
Stopping at filesystem boundary (GIT_DISCOVERY_ACROSS_FILESYSTEM not set).
fatal: not a git repository (or any parent up to mount point /local)
Stopping at filesystem boundary (GIT_DISCOVERY_ACROSS_FILESYSTEM not set).
fatal: not a git repository (or any parent up to mount point /local)
Stopping at filesystem boundary (GIT_DISCOVERY_ACROSS_FILESYSTEM not set).
rep 1/1: complete export=s e2e=26.840131804s 504927346 bytes syscr=2647 pread64=2612 io_uring_enter=6636767 read_bytes=9436446720 cpu_s=30.170000
[2026-09-28T15:54:41Z] pr59-H-vocab-label-large-de-cold-base-r1 done
Caches dropped successfully (synced, then wrote 1
 to /proc/sys/vm/drop_caches).
fatal: not a git repository (or any parent up to mount point /local)
Stopping at filesystem boundary (GIT_DISCOVERY_ACROSS_FILESYSTEM not set).
fatal: not a git repository (or any parent up to mount point /local)
Stopping at filesystem boundary (GIT_DISCOVERY_ACROSS_FILESYSTEM not set).
fatal: not a git repository (or any parent up to mount point /local)
Stopping at filesystem boundary (GIT_DISCOVERY_ACROSS_FILESYSTEM not set).
fatal: not a git repository (or any parent up to mount point /local)
Stopping at filesystem boundary (GIT_DISCOVERY_ACROSS_FILESYSTEM not set).
fatal: not a git repository (or any parent up to mount point /local)
Stopping at filesystem boundary (GIT_DISCOVERY_ACROSS_FILESYSTEM not set).
rep 1/1: complete export=s e2e=27.641500736s 504927346 bytes syscr=2647 pread64=2612 io_uring_enter=6636796 read_bytes=9448120320 cpu_s=31.060000
[2026-09-28T15:55:39Z] pr59-H-vocab-label-large-de-cold-variant-r1 done
Caches dropped successfully (synced, then wrote 1
 to /proc/sys/vm/drop_caches).
fatal: not a git repository (or any parent up to mount point /local)
Stopping at filesystem boundary (GIT_DISCOVERY_ACROSS_FILESYSTEM not set).
fatal: not a git repository (or any parent up to mount point /local)
Stopping at filesystem boundary (GIT_DISCOVERY_ACROSS_FILESYSTEM not set).
fatal: not a git repository (or any parent up to mount point /local)
Stopping at filesystem boundary (GIT_DISCOVERY_ACROSS_FILESYSTEM not set).
fatal: not a git repository (or any parent up to mount point /local)
Stopping at filesystem boundary (GIT_DISCOVERY_ACROSS_FILESYSTEM not set).
fatal: not a git repository (or any parent up to mount point /local)
Stopping at filesystem boundary (GIT_DISCOVERY_ACROSS_FILESYSTEM not set).
rep 1/1: complete export=s e2e=10.562619589s 19297737 bytes syscr=1201740 pread64=601720 io_uring_enter=264830 read_bytes=2989436928 cpu_s=7.710000
[2026-09-28T15:56:19Z] pr59-H-vocab-random-label-de-200k-cold-base-r1 done
Caches dropped successfully (synced, then wrote 1
 to /proc/sys/vm/drop_caches).
fatal: not a git repository (or any parent up to mount point /local)
Stopping at filesystem boundary (GIT_DISCOVERY_ACROSS_FILESYSTEM not set).
fatal: not a git repository (or any parent up to mount point /local)
Stopping at filesystem boundary (GIT_DISCOVERY_ACROSS_FILESYSTEM not set).
fatal: not a git repository (or any parent up to mount point /local)
Stopping at filesystem boundary (GIT_DISCOVERY_ACROSS_FILESYSTEM not set).
fatal: not a git repository (or any parent up to mount point /local)
Stopping at filesystem boundary (GIT_DISCOVERY_ACROSS_FILESYSTEM not set).
fatal: not a git repository (or any parent up to mount point /local)
Stopping at filesystem boundary (GIT_DISCOVERY_ACROSS_FILESYSTEM not set).
rep 1/1: complete export=s e2e=10.398422913s 19297737 bytes syscr=1201740 pread64=601720 io_uring_enter=264815 read_bytes=2992394240 cpu_s=7.560000
[2026-09-28T15:56:58Z] pr59-H-vocab-random-label-de-200k-cold-variant-r1 done
# PR #59 A/B on wikidata (turtle_export)

- Base: `3aaff2de` routing-stats; server args: `(none)`
- Variant: `27e4cb88` fixedfiles-routing-stats; server args: `(none)`
- Binaries: two binaries; host `ural` (ural layout)
- Server query threads (`--num-simultaneous-queries`): 1
- Reps: 1 per arm, query and scenario; arms interleaved per rep, order alternating (odd reps base first, even reps variant first); cold reps run after `clear-caches`.
- Noise rule: within noise when |delta| < 1% or the min..max ranges overlap.

## Timing (elapsed_s, end to end)

| query | scenario | arm | n | median | min | max | delta vs base | verdict | correctness |
|---|---|---|---|---|---|---|---|---|---|
| H-vocab-label-large-de | cold | routing-stats | 1 | 26.8401 | 26.8401 | 26.8401 |  |  |  |
| H-vocab-label-large-de | cold | fixedfiles-routing-stats | 1 | 27.6415 | 27.6415 | 27.6415 | +2.99% | variant slower | identical bytes |
| H-vocab-random-label-de-200k | cold | routing-stats | 1 | 10.5626 | 10.5626 | 10.5626 |  |  |  |
| H-vocab-random-label-de-200k | cold | fixedfiles-routing-stats | 1 | 10.3984 | 10.3984 | 10.3984 | -1.55% | variant faster | identical bytes |

## Verdict

- H-vocab-label-large-de cold: variant slower (+2.99%); correctness: identical bytes
- H-vocab-random-label-de-200k cold: variant faster (-1.55%); correctness: identical bytes

## Gates

- `gate-postflight-cold.log`: == POSTFLIGHT: PASS ==
- `gate-preflight-base.log`: == PREFLIGHT: PASS ==
- `gate-preflight-variant.log`: == PREFLIGHT: PASS ==
- `gate-verify-base.log`: VERDICT: PASS — binary is trustworthy for benchmarking
- `gate-verify-variant.log`: VERDICT: PASS — binary is trustworthy for benchmarking

## Problems

None: every rep complete, non-empty and correct.

Artifacts: `results.csv` (all reps), `<scenario>/<query>/<arm>/raw/` (harness output per rep), `correctness.tsv`, `build-env.txt`, `env-before.txt`, `env-after.txt`, `gate-*.log`, `driver.log`.
[2026-09-28T15:56:58Z] finished rc=0 run=/local/data-ssd/stoetzem/thesis/experiments/runs/pr59-wikidata-fixedfiles-stats-ab
