2026-10-07 01:05:06.194 - INFO: [1mQLever server CIKM-2801-g4dd60f853, compiled on Tue Oct  6 07:51:44 UTC 2026 using git hash 4dd60f8[22m
2026-10-07 01:05:06.194 - INFO: Cleanup of previous index directories after each rebuild enabled (--rebuild-keep-previous-index-dirs original-and-most-recent)
2026-10-07 01:05:06.195 - INFO: The git hash used to build this index was "65f84b4"
2026-10-07 01:05:06.195 - INFO: Reading vocabulary from file /local/data-ssd/stoetzem/wikidata/wikidata.vocabulary.words ...
2026-10-07 01:05:22.594 - INFO: Done, number of words: 1,580,300,680
2026-10-07 01:05:22.594 - INFO: Number of words in internal vocabulary (these are also part of the external vocabulary): 777,658,536
2026-10-07 01:05:22.699 - INFO: Registered PSO permutation: #relations = 10,100, #blocks = 225,155, #triples = 6,983,973,847
2026-10-07 01:05:22.828 - INFO: Registered PSO permutation: #relations = 13,566, #blocks = 264,339, #triples = 8,220,417,022
2026-10-07 01:05:22.926 - INFO: Registered POS permutation: #relations = 10,100, #blocks = 225,155, #triples = 6,983,973,847
2026-10-07 01:05:23.060 - INFO: Registered POS permutation: #relations = 13,566, #blocks = 264,339, #triples = 8,220,417,022
2026-10-07 01:05:23.168 - INFO: Registered OPS permutation: #relations = 1,683,253,489, #blocks = 222,728, #triples = 8,220,417,022
2026-10-07 01:05:23.276 - INFO: Registered OSP permutation: #relations = 1,683,253,489, #blocks = 222,728, #triples = 8,220,417,022
2026-10-07 01:05:23.351 - INFO: Registered SPO permutation: #relations = 252,534,289, #blocks = 175,741, #triples = 8,220,417,022
2026-10-07 01:05:23.429 - INFO: Registered SOP permutation: #relations = 252,534,289, #blocks = 175,741, #triples = 8,220,417,022
2026-10-07 01:05:23.429 - INFO: Reading patterns from file /local/data-ssd/stoetzem/wikidata/wikidata.index.patterns ...
2026-10-07 01:05:25.255 - WARN: The geo points of this index use the encoding "lat-major", which is deprecated and will not be supported for much longer; with this encoding, a spatial prefilter on points can only restrict the latitude; please build the index with the default encoding "z-order" (just omit the option `--geo-point-encoding` of `qlever-index`)
2026-10-07 01:05:25.255 - INFO: Sorting random result tables to estimate the sorting performance of this machine ...
2026-10-07 01:05:35.919 - INFO: Initializing server ...
2026-10-07 01:05:35.919 - INFO: No access token required for restricted API calls
2026-10-07 01:05:35.919 - INFO: The server is ready, listening for requests on port 7015 ...
2026-10-07 01:05:36.260 - INFO: 
2026-10-07 01:05:36.260 - INFO: Request received via POST, content type "application/x-www-form-urlencoded"
2026-10-07 01:05:36.265 - INFO: Processing the following SPARQL query:
# Scattered-read candidate (io-screen 2026-10-06): German labels of five
# unrelated sparse classes: family names (Q101352), streets (Q79007),
# asteroids (Q3863), albums (Q482994), films (Q11424).
# No VALUES: a UNION of five P+O bound class scans (~2.3M members), then the
# German label scan. The label IDs of unrelated classes interleave over the
# whole sorted vocabulary, so few reads share a page.
# Public endpoint count (2026-10): ~1.5M German labels.
PREFIX wd: <http://www.wikidata.org/entity/>
PREFIX wdt: <http://www.wikidata.org/prop/direct/>
PREFIX rdfs: <http://www.w3.org/2000/01/rdf-schema#>
PREFIX schema: <http://schema.org/>
PREFIX skos: <http://www.w3.org/2004/02/skos/core#>

CONSTRUCT { ?entity rdfs:label ?label }
WHERE {
  { ?entity wdt:P31 wd:Q101352 } UNION { ?entity wdt:P31 wd:Q79007 } UNION
  { ?entity wdt:P31 wd:Q3863 } UNION { ?entity wdt:P31 wd:Q482994 } UNION
  { ?entity wdt:P31 wd:Q11424 }
  ?entity rdfs:label ?label .
  FILTER(LANG(?label) = "de")
}

2026-10-07 01:05:36.265 - INFO: Requested media types of the result are: "text/turtle"
2026-10-07 01:05:36.268 - INFO: Query planning done in 8 ms
2026-10-07 01:05:36.269 - INFO: Result has unknown size (not computed yet)
2026-10-07 01:05:55.139 - INFO: Done processing query and sending result, total time was 18,878 ms
