2026-09-28 17:46:56.305 - INFO: [1mQLever server v0.6.0-215-g07d06bc55, compiled on Mon Sep 28 01:20:59 PM CEST 2026 using git hash 07d06bc[22m
2026-09-28 17:46:56.305 - INFO: Runtime parameter set from the command line: vocabulary-iouring-page-cache-fast-path=false
2026-09-28 17:46:56.305 - INFO: Cleanup of previous index directories after each rebuild enabled (--rebuild-keep-previous-index-dirs original-and-most-recent)
2026-09-28 17:46:56.317 - INFO: The git hash used to build this index was "65f84b4"
2026-09-28 17:46:56.317 - INFO: Reading vocabulary from file /local/data-ssd/stoetzem/wikidata/wikidata.vocabulary.words ...
2026-09-28 17:47:09.533 - INFO: Done, number of words: 1,580,300,680
2026-09-28 17:47:09.533 - INFO: Number of words in internal vocabulary (these are also part of the external vocabulary): 777,658,536
2026-09-28 17:47:09.619 - INFO: Registered PSO permutation: #relations = 10,100, #blocks = 225,155, #triples = 6,983,973,847
2026-09-28 17:47:09.724 - INFO: Registered PSO permutation: #relations = 13,566, #blocks = 264,339, #triples = 8,220,417,022
2026-09-28 17:47:09.800 - INFO: Registered POS permutation: #relations = 10,100, #blocks = 225,155, #triples = 6,983,973,847
2026-09-28 17:47:09.901 - INFO: Registered POS permutation: #relations = 13,566, #blocks = 264,339, #triples = 8,220,417,022
2026-09-28 17:47:09.985 - INFO: Registered OPS permutation: #relations = 1,683,253,489, #blocks = 222,728, #triples = 8,220,417,022
2026-09-28 17:47:10.066 - INFO: Registered OSP permutation: #relations = 1,683,253,489, #blocks = 222,728, #triples = 8,220,417,022
2026-09-28 17:47:10.121 - INFO: Registered SPO permutation: #relations = 252,534,289, #blocks = 175,741, #triples = 8,220,417,022
2026-09-28 17:47:10.175 - INFO: Registered SOP permutation: #relations = 252,534,289, #blocks = 175,741, #triples = 8,220,417,022
2026-09-28 17:47:10.175 - INFO: Reading patterns from file /local/data-ssd/stoetzem/wikidata/wikidata.index.patterns ...
2026-09-28 17:47:11.543 - INFO: Sorting random result tables to estimate the sorting performance of this machine ...
2026-09-28 17:47:19.425 - INFO: Initializing server ...
2026-09-28 17:47:19.425 - INFO: No access token required for restricted API calls
2026-09-28 17:47:19.425 - INFO: The server is ready, listening for requests on port 7015 ...
2026-09-28 17:47:19.622 - INFO: 
2026-09-28 17:47:19.622 - INFO: Request received via POST, content type "application/x-www-form-urlencoded"
2026-09-28 17:47:19.625 - INFO: Processing the following SPARQL query:
# Tier H-vocab — German labels, large
# Physical: P+O bound scan of wdt:P31 wd:Q5 (class postings), then
# S+P bound SPO scan of rdfs:label. LANG(?label) maps label IDs to
# strings. CONSTRUCT writes entity IRI + label.
# Targets: large sequential class scan with EXTERNAL vocabulary words.
# German is not in languages-internal (only "en"), so QLever's
# shouldLiteralBeExternalized places every de literal in the external
# tier (src/index/vocabulary/Vocabulary.cpp). Same shape as
# H-vocab-label-large.rq, but every lookup is a guaranteed external
# miss on cold caches.
PREFIX wd: <http://www.wikidata.org/entity/>
PREFIX wdt: <http://www.wikidata.org/prop/direct/>
PREFIX rdfs: <http://www.w3.org/2000/01/rdf-schema#>

CONSTRUCT { ?entity rdfs:label ?label }
WHERE {
  ?entity wdt:P31 wd:Q5 .
  ?entity rdfs:label ?label .
  FILTER(LANG(?label) = "de")
}

2026-09-28 17:47:19.625 - INFO: Requested media types of the result are: "text/turtle"
2026-09-28 17:47:19.648 - INFO: Query planning done in 25 ms
2026-09-28 17:47:19.648 - INFO: Result has unknown size (not computed yet)
2026-09-28 17:47:46.530 - INFO: Done processing query and sending result, total time was 26,907 ms
2026-09-28 17:47:46.549 - INFO: 
2026-09-28 17:47:46.549 - INFO: Request received via GET, no content type specified
2026-09-28 17:47:46.549 - INFO: Processing command "cache-stats": get cache statistics
2026-09-28 17:47:46.566 - INFO: 
2026-09-28 17:47:46.566 - INFO: Request received via GET, no content type specified
2026-09-28 17:47:46.566 - INFO: Processing command "clear-cache": clear the cache (unpinned elements only)
2026-09-28 17:47:46.583 - INFO: 
2026-09-28 17:47:46.583 - INFO: Request received via GET, no content type specified
2026-09-28 17:47:46.583 - INFO: Processing command "cache-stats": get cache statistics
2026-09-28 17:47:46.600 - INFO: 
2026-09-28 17:47:46.600 - INFO: Request received via POST, content type "application/x-www-form-urlencoded"
2026-09-28 17:47:46.601 - INFO: Processing the following SPARQL query:
# Tier H-vocab — German labels, large
# Physical: P+O bound scan of wdt:P31 wd:Q5 (class postings), then
# S+P bound SPO scan of rdfs:label. LANG(?label) maps label IDs to
# strings. CONSTRUCT writes entity IRI + label.
# Targets: large sequential class scan with EXTERNAL vocabulary words.
# German is not in languages-internal (only "en"), so QLever's
# shouldLiteralBeExternalized places every de literal in the external
# tier (src/index/vocabulary/Vocabulary.cpp). Same shape as
# H-vocab-label-large.rq, but every lookup is a guaranteed external
# miss on cold caches.
PREFIX wd: <http://www.wikidata.org/entity/>
PREFIX wdt: <http://www.wikidata.org/prop/direct/>
PREFIX rdfs: <http://www.w3.org/2000/01/rdf-schema#>

CONSTRUCT { ?entity rdfs:label ?label }
WHERE {
  ?entity wdt:P31 wd:Q5 .
  ?entity rdfs:label ?label .
  FILTER(LANG(?label) = "de")
}

2026-09-28 17:47:46.601 - INFO: Requested media types of the result are: "text/turtle"
2026-09-28 17:47:46.601 - INFO: Query planning done in 0 ms
2026-09-28 17:47:46.601 - INFO: Result has unknown size (not computed yet)
2026-09-28 17:48:05.481 - INFO: Done processing query and sending result, total time was 18,880 ms
2026-09-28 17:48:05.499 - INFO: 
2026-09-28 17:48:05.499 - INFO: Request received via GET, no content type specified
2026-09-28 17:48:05.499 - INFO: Processing command "cache-stats": get cache statistics
