2026-10-07 13:53:56.401 - INFO: [1mQLever server v0.6.0-583-g87f576742, compiled on Sat Sep 26 12:11:57 AM CEST 2026 using git hash 87f5767[22m
2026-10-07 13:53:56.401 - INFO: Cleanup of previous index directories after each rebuild enabled (--rebuild-keep-previous-index-dirs original-and-most-recent)
2026-10-07 13:53:56.402 - INFO: The git hash used to build this index was "65f84b4"
2026-10-07 13:53:56.402 - INFO: Reading vocabulary from file /local/data-ssd/stoetzem/wikidata/wikidata.vocabulary.words ...
2026-10-07 13:54:13.462 - INFO: Done, number of words: 1,580,300,680
2026-10-07 13:54:13.462 - INFO: Number of words in internal vocabulary (these are also part of the external vocabulary): 777,658,536
2026-10-07 13:54:13.568 - INFO: Registered PSO permutation: #relations = 10,100, #blocks = 225,155, #triples = 6,983,973,847
2026-10-07 13:54:13.696 - INFO: Registered PSO permutation: #relations = 13,566, #blocks = 264,339, #triples = 8,220,417,022
2026-10-07 13:54:13.788 - INFO: Registered POS permutation: #relations = 10,100, #blocks = 225,155, #triples = 6,983,973,847
2026-10-07 13:54:13.915 - INFO: Registered POS permutation: #relations = 13,566, #blocks = 264,339, #triples = 8,220,417,022
2026-10-07 13:54:14.025 - INFO: Registered OPS permutation: #relations = 1,683,253,489, #blocks = 222,728, #triples = 8,220,417,022
2026-10-07 13:54:14.132 - INFO: Registered OSP permutation: #relations = 1,683,253,489, #blocks = 222,728, #triples = 8,220,417,022
2026-10-07 13:54:14.208 - INFO: Registered SPO permutation: #relations = 252,534,289, #blocks = 175,741, #triples = 8,220,417,022
2026-10-07 13:54:14.280 - INFO: Registered SOP permutation: #relations = 252,534,289, #blocks = 175,741, #triples = 8,220,417,022
2026-10-07 13:54:14.280 - INFO: Reading patterns from file /local/data-ssd/stoetzem/wikidata/wikidata.index.patterns ...
2026-10-07 13:54:16.220 - INFO: Sorting random result tables to estimate the sorting performance of this machine ...
2026-10-07 13:54:27.112 - INFO: Initializing server ...
2026-10-07 13:54:27.112 - INFO: ExportEngineV2 serialize posts onto queryThreadPool_ (8 threads); no extra V2 pool. Helpers stop admitting when another query is registered.
2026-10-07 13:54:27.112 - INFO: No access token required for restricted API calls
2026-10-07 13:54:27.112 - INFO: The server is ready, listening for requests on port 7041 ...
2026-10-07 13:54:29.483 - INFO: 
2026-10-07 13:54:29.483 - INFO: Request received via POST, content type "application/x-www-form-urlencoded"
2026-10-07 13:54:29.492 - INFO: Processing the following SPARQL query:
# Tier H-vocab — English labels, large (SELECT companion)
# Same WHERE clause as H-vocab-label-large.rq, but SELECT ?entity ?label
# instead of CONSTRUCT. Used by run 124 (export term-lookup perf profile)
# to attribute SELECT export CPU between vocabulary lookup and formatting.
PREFIX wd: <http://www.wikidata.org/entity/>
PREFIX wdt: <http://www.wikidata.org/prop/direct/>
PREFIX rdfs: <http://www.w3.org/2000/01/rdf-schema#>

SELECT ?entity ?label
WHERE {
  ?entity wdt:P31 wd:Q5 .
  ?entity rdfs:label ?label .
  FILTER(LANG(?label) = "en")
}

2026-10-07 13:54:29.493 - INFO: Requested media types of the result are: "text/csv"
2026-10-07 13:54:29.497 - INFO: Query planning done in 14 ms
2026-10-07 13:54:29.497 - INFO: ExportEngine: FastStreamingV2 [Reason: Fast-Path V2 selected (eligible export query with explicit or default opt-in)]
2026-10-07 13:54:29.497 - INFO: Using ExportEngineV2 for text/csv export
2026-10-07 13:54:29.497 - INFO: Result has unknown size (not computed yet)
2026-10-07 13:54:29.498 - INFO: ExportEngineV2 streaming lazy result blocks to morsels on queryThreadPool_ (no extra V2 threads)
2026-10-07 13:54:37.117 - INFO: Done processing query and sending result, total time was 7,634 ms
2026-10-07 13:54:39.438 - INFO: 
2026-10-07 13:54:39.438 - INFO: Request received via POST, content type "application/x-www-form-urlencoded"
2026-10-07 13:54:39.439 - INFO: Processing the following SPARQL query:
# Tier H-vocab — English labels, large (SELECT companion)
# Same WHERE clause as H-vocab-label-large.rq, but SELECT ?entity ?label
# instead of CONSTRUCT. Used by run 124 (export term-lookup perf profile)
# to attribute SELECT export CPU between vocabulary lookup and formatting.
PREFIX wd: <http://www.wikidata.org/entity/>
PREFIX wdt: <http://www.wikidata.org/prop/direct/>
PREFIX rdfs: <http://www.w3.org/2000/01/rdf-schema#>

SELECT ?entity ?label
WHERE {
  ?entity wdt:P31 wd:Q5 .
  ?entity rdfs:label ?label .
  FILTER(LANG(?label) = "en")
}

2026-10-07 13:54:39.439 - INFO: Requested media types of the result are: "text/csv"
2026-10-07 13:54:39.440 - INFO: Query planning done in 1 ms
2026-10-07 13:54:39.440 - INFO: ExportEngine: FastStreamingV2 [Reason: Fast-Path V2 selected (eligible export query with explicit or default opt-in)]
2026-10-07 13:54:39.440 - INFO: Using ExportEngineV2 for text/csv export
2026-10-07 13:54:39.440 - INFO: Result has unknown size (not computed yet)
2026-10-07 13:54:39.440 - INFO: ExportEngineV2 streaming lazy result blocks to morsels on queryThreadPool_ (no extra V2 threads)
2026-10-07 13:54:47.426 - INFO: Done processing query and sending result, total time was 7,988 ms
2026-10-07 13:54:47.486 - INFO: 
2026-10-07 13:54:47.486 - INFO: Request received via POST, content type "application/x-www-form-urlencoded"
2026-10-07 13:54:47.487 - INFO: Processing the following SPARQL query:
# Tier H-vocab — English labels, large (SELECT companion)
# Same WHERE clause as H-vocab-label-large.rq, but SELECT ?entity ?label
# instead of CONSTRUCT. Used by run 124 (export term-lookup perf profile)
# to attribute SELECT export CPU between vocabulary lookup and formatting.
PREFIX wd: <http://www.wikidata.org/entity/>
PREFIX wdt: <http://www.wikidata.org/prop/direct/>
PREFIX rdfs: <http://www.w3.org/2000/01/rdf-schema#>

SELECT ?entity ?label
WHERE {
  ?entity wdt:P31 wd:Q5 .
  ?entity rdfs:label ?label .
  FILTER(LANG(?label) = "en")
}

2026-10-07 13:54:47.487 - INFO: Requested media types of the result are: "text/csv"
2026-10-07 13:54:47.488 - INFO: Query planning done in 1 ms
2026-10-07 13:54:47.488 - INFO: ExportEngine: FastStreamingV2 [Reason: Fast-Path V2 selected (eligible export query with explicit or default opt-in)]
2026-10-07 13:54:47.488 - INFO: Using ExportEngineV2 for text/csv export
2026-10-07 13:54:47.488 - INFO: Result has unknown size (not computed yet)
2026-10-07 13:54:47.488 - INFO: ExportEngineV2 streaming lazy result blocks to morsels on queryThreadPool_ (no extra V2 threads)
2026-10-07 13:54:53.614 - INFO: Done processing query and sending result, total time was 6,127 ms
2026-10-07 13:54:53.678 - INFO: 
2026-10-07 13:54:53.678 - INFO: Request received via POST, content type "application/x-www-form-urlencoded"
2026-10-07 13:54:53.678 - INFO: Processing the following SPARQL query:
# Tier H-vocab — English labels, large (SELECT companion)
# Same WHERE clause as H-vocab-label-large.rq, but SELECT ?entity ?label
# instead of CONSTRUCT. Used by run 124 (export term-lookup perf profile)
# to attribute SELECT export CPU between vocabulary lookup and formatting.
PREFIX wd: <http://www.wikidata.org/entity/>
PREFIX wdt: <http://www.wikidata.org/prop/direct/>
PREFIX rdfs: <http://www.w3.org/2000/01/rdf-schema#>

SELECT ?entity ?label
WHERE {
  ?entity wdt:P31 wd:Q5 .
  ?entity rdfs:label ?label .
  FILTER(LANG(?label) = "en")
}

2026-10-07 13:54:53.678 - INFO: Requested media types of the result are: "text/csv"
2026-10-07 13:54:53.679 - INFO: Query planning done in 0 ms
2026-10-07 13:54:53.679 - INFO: ExportEngine: FastStreamingV2 [Reason: Fast-Path V2 selected (eligible export query with explicit or default opt-in)]
2026-10-07 13:54:53.679 - INFO: Using ExportEngineV2 for text/csv export
2026-10-07 13:54:53.679 - INFO: Result has unknown size (not computed yet)
2026-10-07 13:54:53.679 - INFO: ExportEngineV2 streaming lazy result blocks to morsels on queryThreadPool_ (no extra V2 threads)
2026-10-07 13:54:59.611 - INFO: Done processing query and sending result, total time was 5,933 ms
2026-10-07 13:54:59.672 - INFO: 
2026-10-07 13:54:59.672 - INFO: Request received via POST, content type "application/x-www-form-urlencoded"
2026-10-07 13:54:59.672 - INFO: Processing the following SPARQL query:
# Tier H-vocab — English labels, large (SELECT companion)
# Same WHERE clause as H-vocab-label-large.rq, but SELECT ?entity ?label
# instead of CONSTRUCT. Used by run 124 (export term-lookup perf profile)
# to attribute SELECT export CPU between vocabulary lookup and formatting.
PREFIX wd: <http://www.wikidata.org/entity/>
PREFIX wdt: <http://www.wikidata.org/prop/direct/>
PREFIX rdfs: <http://www.w3.org/2000/01/rdf-schema#>

SELECT ?entity ?label
WHERE {
  ?entity wdt:P31 wd:Q5 .
  ?entity rdfs:label ?label .
  FILTER(LANG(?label) = "en")
}

2026-10-07 13:54:59.672 - INFO: Requested media types of the result are: "text/csv"
2026-10-07 13:54:59.673 - INFO: Query planning done in 1 ms
2026-10-07 13:54:59.675 - INFO: ExportEngine: FastStreamingV2 [Reason: Fast-Path V2 selected (eligible export query with explicit or default opt-in)]
2026-10-07 13:54:59.675 - INFO: Using ExportEngineV2 for text/csv export
2026-10-07 13:54:59.675 - INFO: Result has unknown size (not computed yet)
2026-10-07 13:54:59.676 - INFO: ExportEngineV2 streaming lazy result blocks to morsels on queryThreadPool_ (no extra V2 threads)
2026-10-07 13:55:05.145 - INFO: Done processing query and sending result, total time was 5,473 ms
