2026-07-30 22:53:42.594 - INFO: [1mQLever server v0.5.50-58-gbdd1a6b9, compiled on Thu Jul 30 22:03:57 CEST 2026 using git hash bdd1a6b[22m
2026-07-30 22:53:42.594 - INFO: The git hash used to build this index was "8c99fe"
2026-07-30 22:53:42.594 - INFO: Reading vocabulary from file /home/userNoPriv/code/qlever/qlever-indices/dblp/dblp.vocabulary.words ...
2026-07-30 22:53:42.610 - INFO: Done, number of words: 409,446,926
2026-07-30 22:53:42.610 - INFO: Number of words in internal vocabulary (these are also part of the external vocabulary): 409,457
2026-07-30 22:53:42.620 - INFO: Registered PSO permutation: #relations = 6, #blocks = 7,515, #triples = 234,800,838
2026-07-30 22:53:42.647 - INFO: Registered PSO permutation: #relations = 96, #blocks = 46,913, #triples = 1,464,719,701
2026-07-30 22:53:42.650 - INFO: Registered POS permutation: #relations = 6, #blocks = 7,515, #triples = 234,800,838
2026-07-30 22:53:42.673 - INFO: Registered POS permutation: #relations = 96, #blocks = 46,913, #triples = 1,464,719,701
2026-07-30 22:53:42.694 - INFO: Registered OPS permutation: #relations = 318,850,904, #blocks = 39,014, #triples = 1,464,719,701
2026-07-30 22:53:42.716 - INFO: Registered OSP permutation: #relations = 318,850,904, #blocks = 39,014, #triples = 1,464,719,701
2026-07-30 22:53:42.729 - INFO: Registered SPO permutation: #relations = 234,800,427, #blocks = 31,251, #triples = 1,464,719,701
2026-07-30 22:53:42.741 - INFO: Registered SOP permutation: #relations = 234,800,427, #blocks = 31,251, #triples = 1,464,719,701
2026-07-30 22:53:42.741 - INFO: Reading patterns from file /home/userNoPriv/code/qlever/qlever-indices/dblp/dblp.index.patterns ...
2026-07-30 22:53:42.742 - INFO: Sorting random result tables to estimate the sorting performance of this machine ...
2026-07-30 22:53:51.410 - INFO: Initializing server ...
2026-07-30 22:53:51.410 - INFO: No access token required for restricted API calls
2026-07-30 22:53:51.410 - INFO: The server is ready, listening for requests on port 7015 ...
2026-07-30 22:53:51.643 - INFO: 
2026-07-30 22:53:51.644 - INFO: Request received via GET, no content type specified
2026-07-30 22:53:51.644 - INFO: Processing command "cache-stats": get cache statistics
2026-07-30 22:53:51.652 - INFO: 
2026-07-30 22:53:51.652 - INFO: Request received via POST, content type "application/x-www-form-urlencoded"
2026-07-30 22:53:51.655 - INFO: Processing the following SPARQL query:
# Tier R3 — STATE (real-world, duplicate-heavy)
# Real venue export joined through author signatures, exercising deduplication.
PREFIX dblp: <https://dblp.org/rdf/schema#>

CONSTRUCT { ?paper ?p ?o }
WHERE {
  ?paper a dblp:Publication ;
         dblp:publishedInStream <https://dblp.org/streams/conf/stoc> ;
         dblp:hasSignature ?sig .
  ?sig dblp:signatureCreator ?creator .
  ?paper ?p ?o .
}
LIMIT 200000

2026-07-30 22:53:51.655 - INFO: Requested media types of the result are: "text/turtle"
2026-07-30 22:53:51.661 - INFO: Query planning done in 8 ms
2026-07-30 22:53:51.682 - INFO: Result has unknown size (not computed yet)
2026-07-30 22:53:53.630 - INFO: Done processing query and sending result, total time was 1,977 ms
2026-07-30 22:53:53.637 - INFO: 
2026-07-30 22:53:53.637 - INFO: Request received via GET, no content type specified
2026-07-30 22:53:53.637 - INFO: Processing command "cache-stats": get cache statistics
2026-07-30 22:53:53.982 - INFO: 
2026-07-30 22:53:53.982 - INFO: Request received via POST, content type "application/x-www-form-urlencoded"
2026-07-30 22:53:53.983 - INFO: Processing the following SPARQL query:
# Tier R3 — STATE (real-world, duplicate-heavy)
# Real venue export joined through author signatures, exercising deduplication.
PREFIX dblp: <https://dblp.org/rdf/schema#>

CONSTRUCT { ?paper ?p ?o }
WHERE {
  ?paper a dblp:Publication ;
         dblp:publishedInStream <https://dblp.org/streams/conf/stoc> ;
         dblp:hasSignature ?sig .
  ?sig dblp:signatureCreator ?creator .
  ?paper ?p ?o .
}
LIMIT 200000

2026-07-30 22:53:53.983 - INFO: Requested media types of the result are: "text/turtle"
2026-07-30 22:53:53.984 - INFO: Query planning done in 1 ms
2026-07-30 22:53:53.996 - INFO: Result has unknown size (not computed yet)
2026-07-30 22:53:54.138 - INFO: Done processing query and sending result, total time was 155 ms
2026-07-30 22:53:54.145 - INFO: 
2026-07-30 22:53:54.145 - INFO: Request received via GET, no content type specified
2026-07-30 22:53:54.145 - INFO: Processing command "cache-stats": get cache statistics
