2026-09-28 23:54:52.934 - INFO: [1mQLever server CIKM-2673-gf73853be2, compiled on Mon Sep 28 21:26:23 UTC 2026 using git hash f73853b[22m
2026-09-28 23:54:52.934 - INFO: Cleanup of previous index directories after each rebuild enabled (--rebuild-keep-previous-index-dirs original-and-most-recent)
2026-09-28 23:54:52.935 - INFO: The git hash used to build this index was "65f84b4"
2026-09-28 23:54:52.935 - INFO: Reading vocabulary from file /local/data-ssd/stoetzem/qlever-indices/dblp/dblp.vocabulary.words ...
2026-09-28 23:54:52.945 - INFO: Done, number of words: 446,944,668
2026-09-28 23:54:52.945 - INFO: Number of words in internal vocabulary (these are also part of the external vocabulary): 446,955
2026-09-28 23:54:52.951 - INFO: Registered PSO permutation: #relations = 6, #blocks = 8,187, #triples = 255,805,025
2026-09-28 23:54:52.977 - INFO: Registered PSO permutation: #relations = 96, #blocks = 51,023, #triples = 1,593,245,022
2026-09-28 23:54:52.980 - INFO: Registered POS permutation: #relations = 6, #blocks = 8,187, #triples = 255,805,025
2026-09-28 23:54:53.007 - INFO: Registered POS permutation: #relations = 96, #blocks = 51,023, #triples = 1,593,245,022
2026-09-28 23:54:53.029 - INFO: Registered OPS permutation: #relations = 345,357,897, #blocks = 42,492, #triples = 1,593,245,022
2026-09-28 23:54:53.052 - INFO: Registered OSP permutation: #relations = 345,357,897, #blocks = 42,492, #triples = 1,593,245,022
2026-09-28 23:54:53.067 - INFO: Registered SPO permutation: #relations = 255,804,614, #blocks = 33,993, #triples = 1,593,245,022
2026-09-28 23:54:53.079 - INFO: Registered SOP permutation: #relations = 255,804,614, #blocks = 33,993, #triples = 1,593,245,022
2026-09-28 23:54:53.079 - INFO: Reading patterns from file /local/data-ssd/stoetzem/qlever-indices/dblp/dblp.index.patterns ...
2026-09-28 23:54:53.079 - INFO: Sorting random result tables to estimate the sorting performance of this machine ...
2026-09-28 23:55:03.170 - INFO: Initializing server ...
2026-09-28 23:55:03.170 - INFO: No access token required for restricted API calls
2026-09-28 23:55:03.170 - INFO: The server is ready, listening for requests on port 7015 ...
2026-09-28 23:55:03.251 - INFO: 
2026-09-28 23:55:03.251 - INFO: Request received via POST, content type "application/x-www-form-urlencoded"
2026-09-28 23:55:03.254 - INFO: Processing the following SPARQL query:
# Tier H-vocab — title literals, large
# Goal: external-vocabulary lookup pressure with larger bounded output.
PREFIX dblp: <https://dblp.org/rdf/schema#>

CONSTRUCT { ?paper dblp:title ?title }
WHERE {
  ?paper dblp:title ?title .
}
LIMIT 100000

2026-09-28 23:55:03.254 - INFO: Requested media types of the result are: "text/turtle"
2026-09-28 23:55:03.255 - INFO: Query planning done in 3 ms
2026-09-28 23:55:03.255 - INFO: Result has unknown size (not computed yet)
2026-09-28 23:55:03.948 - INFO: Done processing query and sending result, total time was 696 ms
2026-09-28 23:55:03.994 - INFO: 
2026-09-28 23:55:03.994 - INFO: Request received via POST, content type "application/x-www-form-urlencoded"
2026-09-28 23:55:03.995 - INFO: Processing the following SPARQL query:
# Tier H-vocab — title literals, large
# Goal: external-vocabulary lookup pressure with larger bounded output.
PREFIX dblp: <https://dblp.org/rdf/schema#>

CONSTRUCT { ?paper dblp:title ?title }
WHERE {
  ?paper dblp:title ?title .
}
LIMIT 100000

2026-09-28 23:55:03.995 - INFO: Requested media types of the result are: "text/turtle"
2026-09-28 23:55:03.995 - INFO: Query planning done in 0 ms
2026-09-28 23:55:03.995 - INFO: Result has unknown size (not computed yet)
2026-09-28 23:55:04.699 - INFO: Done processing query and sending result, total time was 705 ms
