== PREFLIGHT: /local/data-ssd/stoetzem/thesis/experiments/runs/wikidata-minbatch-sweep3/qlever-server ==
  OK   binary exists: /local/data-ssd/stoetzem/thesis/experiments/runs/wikidata-minbatch-sweep3/qlever-server
  OK   version matches commit 26427fd71: /local/data-ssd/stoetzem/thesis/experiments/runs/wikidata-minbatch-sweep3/qlever-server v0.6.0-193-g26427fd71
      io_uring symbols: 6
  OK   io_uring compiled in (6 syms)
  OK   port 7015 free (no stale server)
  WARN CPU governor powersave (powersave ACCEPTED via --allow-powersave — record in artifact)
  OK   loadavg 0.13 < 0.5
  OK   venv deps (httpx/xxhash/yaml)
  OK   clear-caches present (drop_caches, true cold)
== PREFLIGHT: PASS ==
== POSTFLIGHT: /local/data-ssd/stoetzem/thesis/experiments/runs/wikidata-minbatch-sweep3 ==
  OK   COMPLETE marker present
  OK   found results.csv files
  OK   all reps complete (no failed rows)
  OK   all reps served >0 bytes
  OK   cold reps show major_faults>0 (index mmap cold)
  OK   cold reps show read_bytes>0 and a read syscall (syscr, pread64, or io_uring_enter)
  OK   checksums stable per arm
== POSTFLIGHT: PASS ==
