2026-09-28 23:04:33.347 - INFO: [1mQLever server CIKM-2691-g476247bc2, compiled on Mon Sep 28 18:22:56 UTC 2026 using git hash 476247b[22m
2026-09-28 23:04:33.347 - INFO: Runtime parameter set from the command line: vocabulary-iouring-page-cache-fast-path=false
2026-09-28 23:04:33.347 - INFO: Runtime parameter set from the command line: vocabulary-bench-fadvise-random=false
2026-09-28 23:04:33.347 - INFO: Cleanup of previous index directories after each rebuild enabled (--rebuild-keep-previous-index-dirs original-and-most-recent)
2026-09-28 23:04:33.355 - INFO: The git hash used to build this index was "65f84b4"
2026-09-28 23:04:33.355 - INFO: Reading vocabulary from file /local/data-ssd/stoetzem/qlever-indices/dblp/dblp.vocabulary.words ...
2026-09-28 23:04:33.374 - INFO: Done, number of words: 446,944,668
2026-09-28 23:04:33.374 - INFO: Number of words in internal vocabulary (these are also part of the external vocabulary): 446,955
2026-09-28 23:04:33.382 - INFO: Registered PSO permutation: #relations = 6, #blocks = 8,187, #triples = 255,805,025
2026-09-28 23:04:33.404 - INFO: Registered PSO permutation: #relations = 96, #blocks = 51,023, #triples = 1,593,245,022
2026-09-28 23:04:33.407 - INFO: Registered POS permutation: #relations = 6, #blocks = 8,187, #triples = 255,805,025
2026-09-28 23:04:33.428 - INFO: Registered POS permutation: #relations = 96, #blocks = 51,023, #triples = 1,593,245,022
2026-09-28 23:04:33.447 - INFO: Registered OPS permutation: #relations = 345,357,897, #blocks = 42,492, #triples = 1,593,245,022
2026-09-28 23:04:33.465 - INFO: Registered OSP permutation: #relations = 345,357,897, #blocks = 42,492, #triples = 1,593,245,022
2026-09-28 23:04:33.477 - INFO: Registered SPO permutation: #relations = 255,804,614, #blocks = 33,993, #triples = 1,593,245,022
2026-09-28 23:04:33.487 - INFO: Registered SOP permutation: #relations = 255,804,614, #blocks = 33,993, #triples = 1,593,245,022
2026-09-28 23:04:33.487 - INFO: Reading patterns from file /local/data-ssd/stoetzem/qlever-indices/dblp/dblp.index.patterns ...
2026-09-28 23:04:33.487 - INFO: Sorting random result tables to estimate the sorting performance of this machine ...
2026-09-28 23:04:41.502 - INFO: Initializing server ...
2026-09-28 23:04:41.502 - INFO: No access token required for restricted API calls
2026-09-28 23:04:41.502 - INFO: The server is ready, listening for requests on port 7015 ...
2026-09-28 23:04:41.696 - INFO: 
2026-09-28 23:04:41.696 - INFO: Request received via POST, content type "application/x-www-form-urlencoded"
2026-09-28 23:04:41.699 - INFO: Processing the following SPARQL query:
# Tier H-vocab — title literals, large
# Goal: external-vocabulary lookup pressure with larger bounded output.
PREFIX dblp: <https://dblp.org/rdf/schema#>

CONSTRUCT { ?paper dblp:title ?title }
WHERE {
  ?paper dblp:title ?title .
}
LIMIT 100000

2026-09-28 23:04:41.699 - INFO: Requested media types of the result are: "text/turtle"
2026-09-28 23:04:41.707 - INFO: Query planning done in 10 ms
2026-09-28 23:04:41.707 - INFO: Result has unknown size (not computed yet)
FASTPATH_STATS calls=34 offsetPairs=34555 offsetPairHits=0 offsetPairsRing=34555 offsetRuns=0 offsetRunHits=0 words=34555 wordHits=0 wordsRing=34555 wordBytes=763462 wordHitBytes=0 preadvCalls=0 preadvFull=0 preadvEagain=0 preadvPartial=0 fadviseCalls=0
FASTPATH_STATS calls=70 offsetPairs=70174 offsetPairHits=0 offsetPairsRing=70174 offsetRuns=0 offsetRunHits=0 words=70174 wordHits=0 wordsRing=70174 wordBytes=1702650 wordHitBytes=0 preadvCalls=0 preadvFull=0 preadvEagain=0 preadvPartial=0 fadviseCalls=0
FASTPATH_STATS calls=106 offsetPairs=106935 offsetPairHits=0 offsetPairsRing=106935 offsetRuns=0 offsetRunHits=0 words=105915 wordHits=0 wordsRing=105915 wordBytes=2636570 wordHitBytes=0 preadvCalls=0 preadvFull=0 preadvEagain=0 preadvPartial=0 fadviseCalls=0
FASTPATH_STATS calls=141 offsetPairs=141717 offsetPairHits=0 offsetPairsRing=141717 offsetRuns=0 offsetRunHits=0 words=140694 wordHits=0 wordsRing=140694 wordBytes=3544544 wordHitBytes=0 preadvCalls=0 preadvFull=0 preadvEagain=0 preadvPartial=0 fadviseCalls=0
FASTPATH_STATS calls=178 offsetPairs=179424 offsetPairHits=0 offsetPairsRing=179424 offsetRuns=0 offsetRunHits=0 words=179424 wordHits=0 wordsRing=179424 wordBytes=4581125 wordHitBytes=0 preadvCalls=0 preadvFull=0 preadvEagain=0 preadvPartial=0 fadviseCalls=0
2026-09-28 23:04:42.844 - INFO: Done processing query and sending result, total time was 1,147 ms
