2026-09-28 22:42:30.896 - INFO: [1mQLever server CIKM-2668-g0ed8f9223, compiled on Mon Sep 28 14:57:53 UTC 2026 using git hash 0ed8f92[22m
2026-09-28 22:42:30.897 - INFO: Cleanup of previous index directories after each rebuild enabled (--rebuild-keep-previous-index-dirs original-and-most-recent)
2026-09-28 22:42:30.899 - INFO: The git hash used to build this index was "65f84b4"
2026-09-28 22:42:30.900 - INFO: Reading vocabulary from file /local/data-ssd/stoetzem/qlever-indices/dblp/dblp.vocabulary.words ...
2026-09-28 22:42:30.917 - INFO: Done, number of words: 446,944,668
2026-09-28 22:42:30.918 - INFO: Number of words in internal vocabulary (these are also part of the external vocabulary): 446,955
2026-09-28 22:42:30.926 - INFO: Registered PSO permutation: #relations = 6, #blocks = 8,187, #triples = 255,805,025
2026-09-28 22:42:30.948 - INFO: Registered PSO permutation: #relations = 96, #blocks = 51,023, #triples = 1,593,245,022
2026-09-28 22:42:30.951 - INFO: Registered POS permutation: #relations = 6, #blocks = 8,187, #triples = 255,805,025
2026-09-28 22:42:30.974 - INFO: Registered POS permutation: #relations = 96, #blocks = 51,023, #triples = 1,593,245,022
2026-09-28 22:42:30.992 - INFO: Registered OPS permutation: #relations = 345,357,897, #blocks = 42,492, #triples = 1,593,245,022
2026-09-28 22:42:31.011 - INFO: Registered OSP permutation: #relations = 345,357,897, #blocks = 42,492, #triples = 1,593,245,022
2026-09-28 22:42:31.023 - INFO: Registered SPO permutation: #relations = 255,804,614, #blocks = 33,993, #triples = 1,593,245,022
2026-09-28 22:42:31.033 - INFO: Registered SOP permutation: #relations = 255,804,614, #blocks = 33,993, #triples = 1,593,245,022
2026-09-28 22:42:31.034 - INFO: Reading patterns from file /local/data-ssd/stoetzem/qlever-indices/dblp/dblp.index.patterns ...
2026-09-28 22:42:31.034 - INFO: Sorting random result tables to estimate the sorting performance of this machine ...
2026-09-28 22:42:38.990 - INFO: Initializing server ...
2026-09-28 22:42:38.991 - INFO: No access token required for restricted API calls
2026-09-28 22:42:38.991 - INFO: The server is ready, listening for requests on port 7015 ...
2026-09-28 22:42:39.238 - INFO: 
2026-09-28 22:42:39.238 - INFO: Request received via POST, content type "application/x-www-form-urlencoded"
2026-09-28 22:42:39.242 - INFO: Processing the following SPARQL query:
# Tier H-vocab — title literals, large
# Goal: external-vocabulary lookup pressure with larger bounded output.
PREFIX dblp: <https://dblp.org/rdf/schema#>

CONSTRUCT { ?paper dblp:title ?title }
WHERE {
  ?paper dblp:title ?title .
}
LIMIT 100000

2026-09-28 22:42:39.242 - INFO: Requested media types of the result are: "text/turtle"
2026-09-28 22:42:39.244 - INFO: Query planning done in 5 ms
2026-09-28 22:42:39.244 - INFO: Result has unknown size (not computed yet)
2026-09-28 22:42:40.397 - INFO: Done processing query and sending result, total time was 1,159 ms
2026-09-28 22:42:40.430 - INFO: 
2026-09-28 22:42:40.430 - INFO: Request received via GET, no content type specified
2026-09-28 22:42:40.430 - INFO: Processing command "cache-stats": get cache statistics
2026-09-28 22:42:40.461 - INFO: 
2026-09-28 22:42:40.461 - INFO: Request received via GET, no content type specified
2026-09-28 22:42:40.461 - INFO: Processing command "clear-cache": clear the cache (unpinned elements only)
2026-09-28 22:42:40.491 - INFO: 
2026-09-28 22:42:40.491 - INFO: Request received via GET, no content type specified
2026-09-28 22:42:40.491 - INFO: Processing command "cache-stats": get cache statistics
2026-09-28 22:42:40.522 - INFO: 
2026-09-28 22:42:40.522 - INFO: Request received via POST, content type "application/x-www-form-urlencoded"
2026-09-28 22:42:40.523 - INFO: Processing the following SPARQL query:
# Tier H-vocab — title literals, large
# Goal: external-vocabulary lookup pressure with larger bounded output.
PREFIX dblp: <https://dblp.org/rdf/schema#>

CONSTRUCT { ?paper dblp:title ?title }
WHERE {
  ?paper dblp:title ?title .
}
LIMIT 100000

2026-09-28 22:42:40.523 - INFO: Requested media types of the result are: "text/turtle"
2026-09-28 22:42:40.523 - INFO: Query planning done in 0 ms
2026-09-28 22:42:40.523 - INFO: Result has unknown size (not computed yet)
2026-09-28 22:42:41.629 - INFO: Done processing query and sending result, total time was 1,106 ms
2026-09-28 22:42:41.694 - INFO: 
2026-09-28 22:42:41.694 - INFO: Request received via GET, no content type specified
2026-09-28 22:42:41.695 - INFO: Processing command "clear-cache": clear the cache (unpinned elements only)
2026-09-28 22:42:41.730 - INFO: 
2026-09-28 22:42:41.730 - INFO: Request received via POST, content type "application/x-www-form-urlencoded"
2026-09-28 22:42:41.731 - INFO: Processing the following SPARQL query:
# Tier H-vocab — title literals, large
# Goal: external-vocabulary lookup pressure with larger bounded output.
PREFIX dblp: <https://dblp.org/rdf/schema#>

CONSTRUCT { ?paper dblp:title ?title }
WHERE {
  ?paper dblp:title ?title .
}
LIMIT 100000

2026-09-28 22:42:41.731 - INFO: Requested media types of the result are: "text/turtle"
2026-09-28 22:42:41.731 - INFO: Query planning done in 0 ms
2026-09-28 22:42:41.731 - INFO: Result has unknown size (not computed yet)
2026-09-28 22:42:42.870 - INFO: Done processing query and sending result, total time was 1,139 ms
2026-09-28 22:42:42.925 - INFO: 
2026-09-28 22:42:42.925 - INFO: Request received via GET, no content type specified
2026-09-28 22:42:42.926 - INFO: Processing command "clear-cache": clear the cache (unpinned elements only)
2026-09-28 22:42:42.963 - INFO: 
2026-09-28 22:42:42.963 - INFO: Request received via POST, content type "application/x-www-form-urlencoded"
2026-09-28 22:42:42.964 - INFO: Processing the following SPARQL query:
# Tier H-vocab — title literals, large
# Goal: external-vocabulary lookup pressure with larger bounded output.
PREFIX dblp: <https://dblp.org/rdf/schema#>

CONSTRUCT { ?paper dblp:title ?title }
WHERE {
  ?paper dblp:title ?title .
}
LIMIT 100000

2026-09-28 22:42:42.964 - INFO: Requested media types of the result are: "text/turtle"
2026-09-28 22:42:42.964 - INFO: Query planning done in 0 ms
2026-09-28 22:42:42.964 - INFO: Result has unknown size (not computed yet)
2026-09-28 22:42:44.070 - INFO: Done processing query and sending result, total time was 1,106 ms
2026-09-28 22:42:44.136 - INFO: 
2026-09-28 22:42:44.136 - INFO: Request received via GET, no content type specified
2026-09-28 22:42:44.136 - INFO: Processing command "clear-cache": clear the cache (unpinned elements only)
2026-09-28 22:42:44.175 - INFO: 
2026-09-28 22:42:44.175 - INFO: Request received via POST, content type "application/x-www-form-urlencoded"
2026-09-28 22:42:44.176 - INFO: Processing the following SPARQL query:
# Tier H-vocab — title literals, large
# Goal: external-vocabulary lookup pressure with larger bounded output.
PREFIX dblp: <https://dblp.org/rdf/schema#>

CONSTRUCT { ?paper dblp:title ?title }
WHERE {
  ?paper dblp:title ?title .
}
LIMIT 100000

2026-09-28 22:42:44.176 - INFO: Requested media types of the result are: "text/turtle"
2026-09-28 22:42:44.176 - INFO: Query planning done in 0 ms
2026-09-28 22:42:44.176 - INFO: Result has unknown size (not computed yet)
2026-09-28 22:42:45.306 - INFO: Done processing query and sending result, total time was 1,130 ms
2026-09-28 22:42:45.371 - INFO: 
2026-09-28 22:42:45.371 - INFO: Request received via GET, no content type specified
2026-09-28 22:42:45.371 - INFO: Processing command "clear-cache": clear the cache (unpinned elements only)
2026-09-28 22:42:45.407 - INFO: 
2026-09-28 22:42:45.407 - INFO: Request received via POST, content type "application/x-www-form-urlencoded"
2026-09-28 22:42:45.407 - INFO: Processing the following SPARQL query:
# Tier H-vocab — title literals, large
# Goal: external-vocabulary lookup pressure with larger bounded output.
PREFIX dblp: <https://dblp.org/rdf/schema#>

CONSTRUCT { ?paper dblp:title ?title }
WHERE {
  ?paper dblp:title ?title .
}
LIMIT 100000

2026-09-28 22:42:45.407 - INFO: Requested media types of the result are: "text/turtle"
2026-09-28 22:42:45.408 - INFO: Query planning done in 0 ms
2026-09-28 22:42:45.408 - INFO: Result has unknown size (not computed yet)
2026-09-28 22:42:46.486 - INFO: Done processing query and sending result, total time was 1,078 ms
2026-09-28 22:42:46.551 - INFO: 
2026-09-28 22:42:46.551 - INFO: Request received via GET, no content type specified
2026-09-28 22:42:46.551 - INFO: Processing command "clear-cache": clear the cache (unpinned elements only)
2026-09-28 22:42:46.586 - INFO: 
2026-09-28 22:42:46.586 - INFO: Request received via POST, content type "application/x-www-form-urlencoded"
2026-09-28 22:42:46.587 - INFO: Processing the following SPARQL query:
# Tier H-vocab — title literals, large
# Goal: external-vocabulary lookup pressure with larger bounded output.
PREFIX dblp: <https://dblp.org/rdf/schema#>

CONSTRUCT { ?paper dblp:title ?title }
WHERE {
  ?paper dblp:title ?title .
}
LIMIT 100000

2026-09-28 22:42:46.587 - INFO: Requested media types of the result are: "text/turtle"
2026-09-28 22:42:46.587 - INFO: Query planning done in 0 ms
2026-09-28 22:42:46.587 - INFO: Result has unknown size (not computed yet)
2026-09-28 22:42:47.732 - INFO: Done processing query and sending result, total time was 1,145 ms
2026-09-28 22:42:47.793 - INFO: 
2026-09-28 22:42:47.793 - INFO: Request received via GET, no content type specified
2026-09-28 22:42:47.793 - INFO: Processing command "clear-cache": clear the cache (unpinned elements only)
2026-09-28 22:42:47.831 - INFO: 
2026-09-28 22:42:47.831 - INFO: Request received via POST, content type "application/x-www-form-urlencoded"
2026-09-28 22:42:47.831 - INFO: Processing the following SPARQL query:
# Tier H-vocab — title literals, large
# Goal: external-vocabulary lookup pressure with larger bounded output.
PREFIX dblp: <https://dblp.org/rdf/schema#>

CONSTRUCT { ?paper dblp:title ?title }
WHERE {
  ?paper dblp:title ?title .
}
LIMIT 100000

2026-09-28 22:42:47.831 - INFO: Requested media types of the result are: "text/turtle"
2026-09-28 22:42:47.832 - INFO: Query planning done in 0 ms
2026-09-28 22:42:47.832 - INFO: Result has unknown size (not computed yet)
2026-09-28 22:42:49.013 - INFO: Done processing query and sending result, total time was 1,181 ms
2026-09-28 22:42:49.085 - INFO: 
2026-09-28 22:42:49.085 - INFO: Request received via GET, no content type specified
2026-09-28 22:42:49.085 - INFO: Processing command "clear-cache": clear the cache (unpinned elements only)
2026-09-28 22:42:49.117 - INFO: 
2026-09-28 22:42:49.117 - INFO: Request received via POST, content type "application/x-www-form-urlencoded"
2026-09-28 22:42:49.118 - INFO: Processing the following SPARQL query:
# Tier H-vocab — title literals, large
# Goal: external-vocabulary lookup pressure with larger bounded output.
PREFIX dblp: <https://dblp.org/rdf/schema#>

CONSTRUCT { ?paper dblp:title ?title }
WHERE {
  ?paper dblp:title ?title .
}
LIMIT 100000

2026-09-28 22:42:49.118 - INFO: Requested media types of the result are: "text/turtle"
2026-09-28 22:42:49.118 - INFO: Query planning done in 0 ms
2026-09-28 22:42:49.118 - INFO: Result has unknown size (not computed yet)
2026-09-28 22:42:50.236 - INFO: Done processing query and sending result, total time was 1,118 ms
2026-09-28 22:42:50.302 - INFO: 
2026-09-28 22:42:50.302 - INFO: Request received via GET, no content type specified
2026-09-28 22:42:50.302 - INFO: Processing command "clear-cache": clear the cache (unpinned elements only)
2026-09-28 22:42:50.338 - INFO: 
2026-09-28 22:42:50.338 - INFO: Request received via POST, content type "application/x-www-form-urlencoded"
2026-09-28 22:42:50.338 - INFO: Processing the following SPARQL query:
# Tier H-vocab — title literals, large
# Goal: external-vocabulary lookup pressure with larger bounded output.
PREFIX dblp: <https://dblp.org/rdf/schema#>

CONSTRUCT { ?paper dblp:title ?title }
WHERE {
  ?paper dblp:title ?title .
}
LIMIT 100000

2026-09-28 22:42:50.338 - INFO: Requested media types of the result are: "text/turtle"
2026-09-28 22:42:50.338 - INFO: Query planning done in 0 ms
2026-09-28 22:42:50.339 - INFO: Result has unknown size (not computed yet)
2026-09-28 22:42:51.494 - INFO: Done processing query and sending result, total time was 1,156 ms
2026-09-28 22:42:51.566 - INFO: 
2026-09-28 22:42:51.566 - INFO: Request received via GET, no content type specified
2026-09-28 22:42:51.566 - INFO: Processing command "cache-stats": get cache statistics
