2026-10-06 11:43:16.743 - INFO: [1mQLever server v0.6.0-310-gf8cca285e, compiled on Tue Sep 29 06:38:23 UTC 2026 using git hash f8cca28[22m
2026-10-06 11:43:16.743 - INFO: Cleanup of previous index directories after each rebuild enabled (--rebuild-keep-previous-index-dirs original-and-most-recent)
2026-10-06 11:43:16.745 - INFO: The git hash used to build this index was "65f84b4"
2026-10-06 11:43:16.745 - INFO: Reading vocabulary from file /local/data-ssd/stoetzem/wikidata/wikidata.vocabulary.words ...
2026-10-06 11:43:30.756 - INFO: Done, number of words: 1,580,300,680
2026-10-06 11:43:30.756 - INFO: Number of words in internal vocabulary (these are also part of the external vocabulary): 777,658,536
2026-10-06 11:43:30.841 - INFO: Registered PSO permutation: #relations = 10,100, #blocks = 225,155, #triples = 6,983,973,847
2026-10-06 11:43:30.946 - INFO: Registered PSO permutation: #relations = 13,566, #blocks = 264,339, #triples = 8,220,417,022
2026-10-06 11:43:31.021 - INFO: Registered POS permutation: #relations = 10,100, #blocks = 225,155, #triples = 6,983,973,847
2026-10-06 11:43:31.124 - INFO: Registered POS permutation: #relations = 13,566, #blocks = 264,339, #triples = 8,220,417,022
2026-10-06 11:43:31.210 - INFO: Registered OPS permutation: #relations = 1,683,253,489, #blocks = 222,728, #triples = 8,220,417,022
2026-10-06 11:43:31.295 - INFO: Registered OSP permutation: #relations = 1,683,253,489, #blocks = 222,728, #triples = 8,220,417,022
2026-10-06 11:43:31.353 - INFO: Registered SPO permutation: #relations = 252,534,289, #blocks = 175,741, #triples = 8,220,417,022
2026-10-06 11:43:31.410 - INFO: Registered SOP permutation: #relations = 252,534,289, #blocks = 175,741, #triples = 8,220,417,022
2026-10-06 11:43:31.411 - INFO: Reading patterns from file /local/data-ssd/stoetzem/wikidata/wikidata.index.patterns ...
2026-10-06 11:43:32.849 - INFO: Sorting random result tables to estimate the sorting performance of this machine ...
2026-10-06 11:43:41.070 - INFO: Initializing server ...
2026-10-06 11:43:41.070 - INFO: No access token required for restricted API calls
2026-10-06 11:43:41.071 - INFO: The server is ready, listening for requests on port 7015 ...
2026-10-06 11:43:41.314 - INFO: 
2026-10-06 11:43:41.314 - INFO: Request received via POST, content type "application/x-www-form-urlencoded"
2026-10-06 11:43:41.318 - INFO: Processing the following SPARQL query:
# Tier H-vocab — English labels, large
# Physical: P+O bound scan of wdt:P31 wd:Q5 (class postings), then
# S+P bound SPO scan of rdfs:label. LANG(?label) maps label IDs to
# strings. CONSTRUCT writes entity IRI + label.
# Targets: large sequential class scan, label vocabulary, 1.3 GiB Turtle
# serialize. Same query as wikidata-construct-humans-label-en.
PREFIX wd: <http://www.wikidata.org/entity/>
PREFIX wdt: <http://www.wikidata.org/prop/direct/>
PREFIX rdfs: <http://www.w3.org/2000/01/rdf-schema#>

CONSTRUCT { ?entity rdfs:label ?label }
WHERE {
  ?entity wdt:P31 wd:Q5 .
  ?entity rdfs:label ?label .
  FILTER(LANG(?label) = "en")
}

2026-10-06 11:43:41.318 - INFO: Requested media types of the result are: "text/turtle"
2026-10-06 11:43:41.321 - INFO: Query planning done in 6 ms
2026-10-06 11:43:41.322 - INFO: Result has unknown size (not computed yet)
2026-10-06 11:44:06.527 - INFO: Done processing query and sending result, total time was 25,212 ms
2026-10-06 11:44:06.546 - INFO: 
2026-10-06 11:44:06.546 - INFO: Request received via GET, no content type specified
2026-10-06 11:44:06.546 - INFO: Processing command "cache-stats": get cache statistics
2026-10-06 11:44:06.563 - INFO: 
2026-10-06 11:44:06.563 - INFO: Request received via GET, no content type specified
2026-10-06 11:44:06.563 - INFO: Processing command "clear-cache": clear the cache (unpinned elements only)
2026-10-06 11:44:06.581 - INFO: 
2026-10-06 11:44:06.581 - INFO: Request received via GET, no content type specified
2026-10-06 11:44:06.581 - INFO: Processing command "cache-stats": get cache statistics
2026-10-06 11:44:06.599 - INFO: 
2026-10-06 11:44:06.599 - INFO: Request received via POST, content type "application/x-www-form-urlencoded"
2026-10-06 11:44:06.599 - INFO: Processing the following SPARQL query:
# Tier H-vocab — English labels, large
# Physical: P+O bound scan of wdt:P31 wd:Q5 (class postings), then
# S+P bound SPO scan of rdfs:label. LANG(?label) maps label IDs to
# strings. CONSTRUCT writes entity IRI + label.
# Targets: large sequential class scan, label vocabulary, 1.3 GiB Turtle
# serialize. Same query as wikidata-construct-humans-label-en.
PREFIX wd: <http://www.wikidata.org/entity/>
PREFIX wdt: <http://www.wikidata.org/prop/direct/>
PREFIX rdfs: <http://www.w3.org/2000/01/rdf-schema#>

CONSTRUCT { ?entity rdfs:label ?label }
WHERE {
  ?entity wdt:P31 wd:Q5 .
  ?entity rdfs:label ?label .
  FILTER(LANG(?label) = "en")
}

2026-10-06 11:44:06.599 - INFO: Requested media types of the result are: "text/turtle"
2026-10-06 11:44:06.600 - INFO: Query planning done in 0 ms
2026-10-06 11:44:06.600 - INFO: Result has unknown size (not computed yet)
2026-10-06 11:44:31.630 - INFO: Done processing query and sending result, total time was 25,030 ms
2026-10-06 11:44:31.649 - INFO: 
2026-10-06 11:44:31.649 - INFO: Request received via GET, no content type specified
2026-10-06 11:44:31.649 - INFO: Processing command "cache-stats": get cache statistics
