2026-08-10 23:54:52.076 - INFO: [1mQLever server v0.5.50-82-g65f84b43, compiled on Mon Aug 10 19:10:29 CEST 2026 using git hash 65f84b4[22m
2026-08-10 23:54:52.076 - INFO: Cleanup of previous index directories after each rebuild enabled (--rebuild-keep-previous-index-dirs original-and-most-recent)
2026-08-10 23:54:52.078 - INFO: The git hash used to build this index was "65f84b4"
2026-08-10 23:54:52.078 - INFO: Reading vocabulary from file /local/data-ssd/stoetzem/dblp/dblp.vocabulary.words ...
2026-08-10 23:54:52.091 - INFO: Done, number of words: 446,944,668
2026-08-10 23:54:52.091 - INFO: Number of words in internal vocabulary (these are also part of the external vocabulary): 446,955
2026-08-10 23:54:52.099 - INFO: Registered PSO permutation: #relations = 6, #blocks = 8,187, #triples = 255,805,025
2026-08-10 23:54:52.123 - INFO: Registered PSO permutation: #relations = 96, #blocks = 51,023, #triples = 1,593,245,022
2026-08-10 23:54:52.126 - INFO: Registered POS permutation: #relations = 6, #blocks = 8,187, #triples = 255,805,025
2026-08-10 23:54:52.150 - INFO: Registered POS permutation: #relations = 96, #blocks = 51,023, #triples = 1,593,245,022
2026-08-10 23:54:52.170 - INFO: Registered OPS permutation: #relations = 345,357,897, #blocks = 42,492, #triples = 1,593,245,022
2026-08-10 23:54:52.190 - INFO: Registered OSP permutation: #relations = 345,357,897, #blocks = 42,492, #triples = 1,593,245,022
2026-08-10 23:54:52.203 - INFO: Registered SPO permutation: #relations = 255,804,614, #blocks = 33,993, #triples = 1,593,245,022
2026-08-10 23:54:52.214 - INFO: Registered SOP permutation: #relations = 255,804,614, #blocks = 33,993, #triples = 1,593,245,022
2026-08-10 23:54:52.214 - INFO: Reading patterns from file /local/data-ssd/stoetzem/dblp/dblp.index.patterns ...
2026-08-10 23:54:52.215 - INFO: Sorting random result tables to estimate the sorting performance of this machine ...
2026-08-10 23:55:00.164 - INFO: Initializing server ...
2026-08-10 23:55:00.164 - INFO: No access token required for restricted API calls
2026-08-10 23:55:00.165 - INFO: The server is ready, listening for requests on port 7026 ...
2026-08-10 23:55:00.348 - INFO: 
2026-08-10 23:55:00.348 - INFO: Request received via POST, content type "application/x-www-form-urlencoded"
2026-08-10 23:55:00.350 - INFO: Processing the following SPARQL query:
# Tier H — dedup-heavy
# Goal: exercise CONSTRUCT result deduplication. A paper with multiple
# signatures produces repeated (?paper ?p ?o) rows through this join.
PREFIX dblp: <https://dblp.org/rdf/schema#>

CONSTRUCT { ?paper ?p ?o }
WHERE {
  ?paper a dblp:Publication ;
         dblp:publishedInStream <https://dblp.org/streams/conf/stoc> ;
         dblp:hasSignature ?sig .
  ?sig dblp:signatureCreator ?creator .
  ?paper ?p ?o .
}

2026-08-10 23:55:00.350 - INFO: Requested media types of the result are: "text/turtle"
2026-08-10 23:55:00.350 - INFO: CONSTRUCT_REQUEST_STAGE_ENTER name=planning elapsed_us=2,378
2026-08-10 23:55:00.367 - INFO: Query planning done in 19 ms
2026-08-10 23:55:00.367 - INFO: CONSTRUCT_REQUEST_STAGE_ENTER name=response_stream elapsed_us=19,803
2026-08-10 23:55:00.385 - INFO: Result has unknown size (not computed yet)
2026-08-10 23:55:00.385 - INFO: CONSTRUCT_EXPORT_DEDUPLICATOR_CONSTRUCTION_BEGIN mode=none
2026-08-10 23:55:00.385 - INFO: CONSTRUCT_EXPORT_DEDUPLICATOR_CONSTRUCTION_END mode=none enabled=false
2026-08-10 23:55:02.105 - INFO: CONSTRUCT_EXPORT_STAGE_SUMMARY construct_stream_us=1,720,251 setup_us=7 batch_evaluation_us=1,603,610 instantiation_deduplication_us=19,476 batches=383 input_rows=390,854 candidate_triples=390,854 emitted_triples=390,854
2026-08-10 23:55:02.114 - INFO: CONSTRUCT_REQUEST_STAGE_SUMMARY planning_begin_us=2,378 planning_end_us=19,803 planning_us=17,425 response_stream_begin_us=19,803 response_stream_end_us=1,766,554 response_stream_us=1,746,751 root_execution_us=38,196 non_root_stream_us=1,708,555 server_request_us=1,766,554
2026-08-10 23:55:02.114 - INFO: Done processing query and sending result, total time was 1,766 ms
2026-08-10 23:55:02.133 - INFO: 
2026-08-10 23:55:02.133 - INFO: Request received via GET, no content type specified
2026-08-10 23:55:02.133 - INFO: Processing command "cache-stats": get cache statistics
