2026-09-28 22:32:12.592 - INFO: [1mQLever server CIKM-2667-g533f800b8, compiled on Mon Sep 28 14:40:44 UTC 2026 using git hash 533f800[22m
2026-09-28 22:32:12.592 - INFO: Cleanup of previous index directories after each rebuild enabled (--rebuild-keep-previous-index-dirs original-and-most-recent)
2026-09-28 22:32:12.601 - INFO: The git hash used to build this index was "65f84b4"
2026-09-28 22:32:12.601 - INFO: Reading vocabulary from file /local/data-ssd/stoetzem/qlever-indices/dblp/dblp.vocabulary.words ...
2026-09-28 22:32:12.619 - INFO: Done, number of words: 446,944,668
2026-09-28 22:32:12.619 - INFO: Number of words in internal vocabulary (these are also part of the external vocabulary): 446,955
2026-09-28 22:32:12.627 - INFO: Registered PSO permutation: #relations = 6, #blocks = 8,187, #triples = 255,805,025
2026-09-28 22:32:12.649 - INFO: Registered PSO permutation: #relations = 96, #blocks = 51,023, #triples = 1,593,245,022
2026-09-28 22:32:12.652 - INFO: Registered POS permutation: #relations = 6, #blocks = 8,187, #triples = 255,805,025
2026-09-28 22:32:12.673 - INFO: Registered POS permutation: #relations = 96, #blocks = 51,023, #triples = 1,593,245,022
2026-09-28 22:32:12.691 - INFO: Registered OPS permutation: #relations = 345,357,897, #blocks = 42,492, #triples = 1,593,245,022
2026-09-28 22:32:12.710 - INFO: Registered OSP permutation: #relations = 345,357,897, #blocks = 42,492, #triples = 1,593,245,022
2026-09-28 22:32:12.722 - INFO: Registered SPO permutation: #relations = 255,804,614, #blocks = 33,993, #triples = 1,593,245,022
2026-09-28 22:32:12.732 - INFO: Registered SOP permutation: #relations = 255,804,614, #blocks = 33,993, #triples = 1,593,245,022
2026-09-28 22:32:12.732 - INFO: Reading patterns from file /local/data-ssd/stoetzem/qlever-indices/dblp/dblp.index.patterns ...
2026-09-28 22:32:12.732 - INFO: Sorting random result tables to estimate the sorting performance of this machine ...
2026-09-28 22:32:20.870 - INFO: Initializing server ...
2026-09-28 22:32:20.870 - INFO: No access token required for restricted API calls
2026-09-28 22:32:20.870 - INFO: The server is ready, listening for requests on port 7015 ...
2026-09-28 22:32:21.158 - INFO: 
2026-09-28 22:32:21.158 - INFO: Request received via POST, content type "application/x-www-form-urlencoded"
2026-09-28 22:32:21.162 - INFO: Processing the following SPARQL query:
# Tier H-vocab — title literals, large
# Goal: external-vocabulary lookup pressure with larger bounded output.
PREFIX dblp: <https://dblp.org/rdf/schema#>

CONSTRUCT { ?paper dblp:title ?title }
WHERE {
  ?paper dblp:title ?title .
}
LIMIT 100000

2026-09-28 22:32:21.162 - INFO: Requested media types of the result are: "text/turtle"
2026-09-28 22:32:21.163 - INFO: Query planning done in 4 ms
2026-09-28 22:32:21.163 - INFO: Result has unknown size (not computed yet)
2026-09-28 22:32:25.878 - INFO: Done processing query and sending result, total time was 4,720 ms
2026-09-28 22:32:25.945 - INFO: 
2026-09-28 22:32:25.945 - INFO: Request received via GET, no content type specified
2026-09-28 22:32:25.945 - INFO: Processing command "cache-stats": get cache statistics
