2026-09-28 22:47:55.040 - INFO: [1mQLever server CIKM-2668-g0ed8f9223, compiled on Mon Sep 28 14:57:53 UTC 2026 using git hash 0ed8f92[22m
2026-09-28 22:47:55.040 - INFO: Cleanup of previous index directories after each rebuild enabled (--rebuild-keep-previous-index-dirs original-and-most-recent)
2026-09-28 22:47:55.041 - INFO: The git hash used to build this index was "65f84b4"
2026-09-28 22:47:55.041 - INFO: Reading vocabulary from file /local/data-ssd/stoetzem/qlever-indices/dblp/dblp.vocabulary.words ...
2026-09-28 22:47:55.060 - INFO: Done, number of words: 446,944,668
2026-09-28 22:47:55.060 - INFO: Number of words in internal vocabulary (these are also part of the external vocabulary): 446,955
2026-09-28 22:47:55.068 - INFO: Registered PSO permutation: #relations = 6, #blocks = 8,187, #triples = 255,805,025
2026-09-28 22:47:55.090 - INFO: Registered PSO permutation: #relations = 96, #blocks = 51,023, #triples = 1,593,245,022
2026-09-28 22:47:55.093 - INFO: Registered POS permutation: #relations = 6, #blocks = 8,187, #triples = 255,805,025
2026-09-28 22:47:55.115 - INFO: Registered POS permutation: #relations = 96, #blocks = 51,023, #triples = 1,593,245,022
2026-09-28 22:47:55.134 - INFO: Registered OPS permutation: #relations = 345,357,897, #blocks = 42,492, #triples = 1,593,245,022
2026-09-28 22:47:55.152 - INFO: Registered OSP permutation: #relations = 345,357,897, #blocks = 42,492, #triples = 1,593,245,022
2026-09-28 22:47:55.164 - INFO: Registered SPO permutation: #relations = 255,804,614, #blocks = 33,993, #triples = 1,593,245,022
2026-09-28 22:47:55.175 - INFO: Registered SOP permutation: #relations = 255,804,614, #blocks = 33,993, #triples = 1,593,245,022
2026-09-28 22:47:55.175 - INFO: Reading patterns from file /local/data-ssd/stoetzem/qlever-indices/dblp/dblp.index.patterns ...
2026-09-28 22:47:55.175 - INFO: Sorting random result tables to estimate the sorting performance of this machine ...
2026-09-28 22:48:03.244 - INFO: Initializing server ...
2026-09-28 22:48:03.244 - INFO: No access token required for restricted API calls
2026-09-28 22:48:03.245 - INFO: The server is ready, listening for requests on port 7015 ...
2026-09-28 22:48:03.371 - INFO: 
2026-09-28 22:48:03.371 - INFO: Request received via POST, content type "application/x-www-form-urlencoded"
2026-09-28 22:48:03.376 - INFO: Processing the following SPARQL query:
# Tier H — size-sweep
# Goal: isolate export cost from query-planning cost. Raise the year bound
# across runs, for example 1970, 1990, 2010, and 2023.
PREFIX dblp: <https://dblp.org/rdf/schema#>

CONSTRUCT { ?s ?p ?o }
WHERE {
  ?s a dblp:Publication ;
     dblp:yearOfPublication ?year ;
     ?p ?o .
  FILTER(?year <= "1970"^^<http://www.w3.org/2001/XMLSchema#gYear>)
}

2026-09-28 22:48:03.376 - INFO: Requested media types of the result are: "text/turtle"
2026-09-28 22:48:03.393 - INFO: Query planning done in 21 ms
2026-09-28 22:48:03.434 - INFO: Result has unknown size (not computed yet)
2026-09-28 22:48:04.609 - INFO: Done processing query and sending result, total time was 1,237 ms
2026-09-28 22:48:04.641 - INFO: 
2026-09-28 22:48:04.641 - INFO: Request received via GET, no content type specified
2026-09-28 22:48:04.641 - INFO: Processing command "cache-stats": get cache statistics
2026-09-28 22:48:04.672 - INFO: 
2026-09-28 22:48:04.672 - INFO: Request received via GET, no content type specified
2026-09-28 22:48:04.672 - INFO: Processing command "clear-cache": clear the cache (unpinned elements only)
2026-09-28 22:48:04.703 - INFO: 
2026-09-28 22:48:04.703 - INFO: Request received via GET, no content type specified
2026-09-28 22:48:04.703 - INFO: Processing command "cache-stats": get cache statistics
2026-09-28 22:48:04.734 - INFO: 
2026-09-28 22:48:04.734 - INFO: Request received via POST, content type "application/x-www-form-urlencoded"
2026-09-28 22:48:04.734 - INFO: Processing the following SPARQL query:
# Tier H — size-sweep
# Goal: isolate export cost from query-planning cost. Raise the year bound
# across runs, for example 1970, 1990, 2010, and 2023.
PREFIX dblp: <https://dblp.org/rdf/schema#>

CONSTRUCT { ?s ?p ?o }
WHERE {
  ?s a dblp:Publication ;
     dblp:yearOfPublication ?year ;
     ?p ?o .
  FILTER(?year <= "1970"^^<http://www.w3.org/2001/XMLSchema#gYear>)
}

2026-09-28 22:48:04.734 - INFO: Requested media types of the result are: "text/turtle"
2026-09-28 22:48:04.736 - INFO: Query planning done in 2 ms
2026-09-28 22:48:04.765 - INFO: Result has unknown size (not computed yet)
2026-09-28 22:48:05.799 - INFO: Done processing query and sending result, total time was 1,065 ms
2026-09-28 22:48:05.861 - INFO: 
2026-09-28 22:48:05.861 - INFO: Request received via GET, no content type specified
2026-09-28 22:48:05.861 - INFO: Processing command "clear-cache": clear the cache (unpinned elements only)
2026-09-28 22:48:05.892 - INFO: 
2026-09-28 22:48:05.892 - INFO: Request received via POST, content type "application/x-www-form-urlencoded"
2026-09-28 22:48:05.892 - INFO: Processing the following SPARQL query:
# Tier H — size-sweep
# Goal: isolate export cost from query-planning cost. Raise the year bound
# across runs, for example 1970, 1990, 2010, and 2023.
PREFIX dblp: <https://dblp.org/rdf/schema#>

CONSTRUCT { ?s ?p ?o }
WHERE {
  ?s a dblp:Publication ;
     dblp:yearOfPublication ?year ;
     ?p ?o .
  FILTER(?year <= "1970"^^<http://www.w3.org/2001/XMLSchema#gYear>)
}

2026-09-28 22:48:05.892 - INFO: Requested media types of the result are: "text/turtle"
2026-09-28 22:48:05.893 - INFO: Query planning done in 1 ms
2026-09-28 22:48:05.927 - INFO: Result has unknown size (not computed yet)
2026-09-28 22:48:06.953 - INFO: Done processing query and sending result, total time was 1,061 ms
2026-09-28 22:48:07.002 - INFO: 
2026-09-28 22:48:07.002 - INFO: Request received via GET, no content type specified
2026-09-28 22:48:07.002 - INFO: Processing command "clear-cache": clear the cache (unpinned elements only)
2026-09-28 22:48:07.044 - INFO: 
2026-09-28 22:48:07.045 - INFO: Request received via POST, content type "application/x-www-form-urlencoded"
2026-09-28 22:48:07.045 - INFO: Processing the following SPARQL query:
# Tier H — size-sweep
# Goal: isolate export cost from query-planning cost. Raise the year bound
# across runs, for example 1970, 1990, 2010, and 2023.
PREFIX dblp: <https://dblp.org/rdf/schema#>

CONSTRUCT { ?s ?p ?o }
WHERE {
  ?s a dblp:Publication ;
     dblp:yearOfPublication ?year ;
     ?p ?o .
  FILTER(?year <= "1970"^^<http://www.w3.org/2001/XMLSchema#gYear>)
}

2026-09-28 22:48:07.045 - INFO: Requested media types of the result are: "text/turtle"
2026-09-28 22:48:07.046 - INFO: Query planning done in 1 ms
2026-09-28 22:48:07.073 - INFO: Result has unknown size (not computed yet)
2026-09-28 22:48:08.038 - INFO: Done processing query and sending result, total time was 993 ms
2026-09-28 22:48:08.101 - INFO: 
2026-09-28 22:48:08.101 - INFO: Request received via GET, no content type specified
2026-09-28 22:48:08.101 - INFO: Processing command "clear-cache": clear the cache (unpinned elements only)
2026-09-28 22:48:08.138 - INFO: 
2026-09-28 22:48:08.138 - INFO: Request received via POST, content type "application/x-www-form-urlencoded"
2026-09-28 22:48:08.138 - INFO: Processing the following SPARQL query:
# Tier H — size-sweep
# Goal: isolate export cost from query-planning cost. Raise the year bound
# across runs, for example 1970, 1990, 2010, and 2023.
PREFIX dblp: <https://dblp.org/rdf/schema#>

CONSTRUCT { ?s ?p ?o }
WHERE {
  ?s a dblp:Publication ;
     dblp:yearOfPublication ?year ;
     ?p ?o .
  FILTER(?year <= "1970"^^<http://www.w3.org/2001/XMLSchema#gYear>)
}

2026-09-28 22:48:08.138 - INFO: Requested media types of the result are: "text/turtle"
2026-09-28 22:48:08.139 - INFO: Query planning done in 1 ms
2026-09-28 22:48:08.171 - INFO: Result has unknown size (not computed yet)
2026-09-28 22:48:09.134 - INFO: Done processing query and sending result, total time was 996 ms
2026-09-28 22:48:09.197 - INFO: 
2026-09-28 22:48:09.197 - INFO: Request received via GET, no content type specified
2026-09-28 22:48:09.197 - INFO: Processing command "clear-cache": clear the cache (unpinned elements only)
2026-09-28 22:48:09.229 - INFO: 
2026-09-28 22:48:09.230 - INFO: Request received via POST, content type "application/x-www-form-urlencoded"
2026-09-28 22:48:09.230 - INFO: Processing the following SPARQL query:
# Tier H — size-sweep
# Goal: isolate export cost from query-planning cost. Raise the year bound
# across runs, for example 1970, 1990, 2010, and 2023.
PREFIX dblp: <https://dblp.org/rdf/schema#>

CONSTRUCT { ?s ?p ?o }
WHERE {
  ?s a dblp:Publication ;
     dblp:yearOfPublication ?year ;
     ?p ?o .
  FILTER(?year <= "1970"^^<http://www.w3.org/2001/XMLSchema#gYear>)
}

2026-09-28 22:48:09.230 - INFO: Requested media types of the result are: "text/turtle"
2026-09-28 22:48:09.231 - INFO: Query planning done in 1 ms
2026-09-28 22:48:09.262 - INFO: Result has unknown size (not computed yet)
2026-09-28 22:48:10.195 - INFO: Done processing query and sending result, total time was 965 ms
2026-09-28 22:48:10.258 - INFO: 
2026-09-28 22:48:10.258 - INFO: Request received via GET, no content type specified
2026-09-28 22:48:10.258 - INFO: Processing command "clear-cache": clear the cache (unpinned elements only)
2026-09-28 22:48:10.292 - INFO: 
2026-09-28 22:48:10.292 - INFO: Request received via POST, content type "application/x-www-form-urlencoded"
2026-09-28 22:48:10.292 - INFO: Processing the following SPARQL query:
# Tier H — size-sweep
# Goal: isolate export cost from query-planning cost. Raise the year bound
# across runs, for example 1970, 1990, 2010, and 2023.
PREFIX dblp: <https://dblp.org/rdf/schema#>

CONSTRUCT { ?s ?p ?o }
WHERE {
  ?s a dblp:Publication ;
     dblp:yearOfPublication ?year ;
     ?p ?o .
  FILTER(?year <= "1970"^^<http://www.w3.org/2001/XMLSchema#gYear>)
}

2026-09-28 22:48:10.292 - INFO: Requested media types of the result are: "text/turtle"
2026-09-28 22:48:10.294 - INFO: Query planning done in 2 ms
2026-09-28 22:48:10.326 - INFO: Result has unknown size (not computed yet)
2026-09-28 22:48:11.334 - INFO: Done processing query and sending result, total time was 1,042 ms
2026-09-28 22:48:11.388 - INFO: 
2026-09-28 22:48:11.388 - INFO: Request received via GET, no content type specified
2026-09-28 22:48:11.388 - INFO: Processing command "clear-cache": clear the cache (unpinned elements only)
2026-09-28 22:48:11.423 - INFO: 
2026-09-28 22:48:11.423 - INFO: Request received via POST, content type "application/x-www-form-urlencoded"
2026-09-28 22:48:11.424 - INFO: Processing the following SPARQL query:
# Tier H — size-sweep
# Goal: isolate export cost from query-planning cost. Raise the year bound
# across runs, for example 1970, 1990, 2010, and 2023.
PREFIX dblp: <https://dblp.org/rdf/schema#>

CONSTRUCT { ?s ?p ?o }
WHERE {
  ?s a dblp:Publication ;
     dblp:yearOfPublication ?year ;
     ?p ?o .
  FILTER(?year <= "1970"^^<http://www.w3.org/2001/XMLSchema#gYear>)
}

2026-09-28 22:48:11.424 - INFO: Requested media types of the result are: "text/turtle"
2026-09-28 22:48:11.425 - INFO: Query planning done in 1 ms
2026-09-28 22:48:11.452 - INFO: Result has unknown size (not computed yet)
2026-09-28 22:48:12.443 - INFO: Done processing query and sending result, total time was 1,019 ms
2026-09-28 22:48:12.508 - INFO: 
2026-09-28 22:48:12.508 - INFO: Request received via GET, no content type specified
2026-09-28 22:48:12.508 - INFO: Processing command "clear-cache": clear the cache (unpinned elements only)
2026-09-28 22:48:12.539 - INFO: 
2026-09-28 22:48:12.539 - INFO: Request received via POST, content type "application/x-www-form-urlencoded"
2026-09-28 22:48:12.540 - INFO: Processing the following SPARQL query:
# Tier H — size-sweep
# Goal: isolate export cost from query-planning cost. Raise the year bound
# across runs, for example 1970, 1990, 2010, and 2023.
PREFIX dblp: <https://dblp.org/rdf/schema#>

CONSTRUCT { ?s ?p ?o }
WHERE {
  ?s a dblp:Publication ;
     dblp:yearOfPublication ?year ;
     ?p ?o .
  FILTER(?year <= "1970"^^<http://www.w3.org/2001/XMLSchema#gYear>)
}

2026-09-28 22:48:12.540 - INFO: Requested media types of the result are: "text/turtle"
2026-09-28 22:48:12.541 - INFO: Query planning done in 1 ms
2026-09-28 22:48:12.576 - INFO: Result has unknown size (not computed yet)
2026-09-28 22:48:13.596 - INFO: Done processing query and sending result, total time was 1,056 ms
2026-09-28 22:48:13.659 - INFO: 
2026-09-28 22:48:13.659 - INFO: Request received via GET, no content type specified
2026-09-28 22:48:13.659 - INFO: Processing command "clear-cache": clear the cache (unpinned elements only)
2026-09-28 22:48:13.694 - INFO: 
2026-09-28 22:48:13.694 - INFO: Request received via POST, content type "application/x-www-form-urlencoded"
2026-09-28 22:48:13.695 - INFO: Processing the following SPARQL query:
# Tier H — size-sweep
# Goal: isolate export cost from query-planning cost. Raise the year bound
# across runs, for example 1970, 1990, 2010, and 2023.
PREFIX dblp: <https://dblp.org/rdf/schema#>

CONSTRUCT { ?s ?p ?o }
WHERE {
  ?s a dblp:Publication ;
     dblp:yearOfPublication ?year ;
     ?p ?o .
  FILTER(?year <= "1970"^^<http://www.w3.org/2001/XMLSchema#gYear>)
}

2026-09-28 22:48:13.695 - INFO: Requested media types of the result are: "text/turtle"
2026-09-28 22:48:13.697 - INFO: Query planning done in 2 ms
2026-09-28 22:48:13.729 - INFO: Result has unknown size (not computed yet)
2026-09-28 22:48:14.750 - INFO: Done processing query and sending result, total time was 1,055 ms
2026-09-28 22:48:14.814 - INFO: 
2026-09-28 22:48:14.814 - INFO: Request received via GET, no content type specified
2026-09-28 22:48:14.814 - INFO: Processing command "clear-cache": clear the cache (unpinned elements only)
2026-09-28 22:48:14.848 - INFO: 
2026-09-28 22:48:14.848 - INFO: Request received via POST, content type "application/x-www-form-urlencoded"
2026-09-28 22:48:14.848 - INFO: Processing the following SPARQL query:
# Tier H — size-sweep
# Goal: isolate export cost from query-planning cost. Raise the year bound
# across runs, for example 1970, 1990, 2010, and 2023.
PREFIX dblp: <https://dblp.org/rdf/schema#>

CONSTRUCT { ?s ?p ?o }
WHERE {
  ?s a dblp:Publication ;
     dblp:yearOfPublication ?year ;
     ?p ?o .
  FILTER(?year <= "1970"^^<http://www.w3.org/2001/XMLSchema#gYear>)
}

2026-09-28 22:48:14.848 - INFO: Requested media types of the result are: "text/turtle"
2026-09-28 22:48:14.850 - INFO: Query planning done in 2 ms
2026-09-28 22:48:14.881 - INFO: Result has unknown size (not computed yet)
2026-09-28 22:48:15.801 - INFO: Done processing query and sending result, total time was 953 ms
2026-09-28 22:48:15.856 - INFO: 
2026-09-28 22:48:15.856 - INFO: Request received via GET, no content type specified
2026-09-28 22:48:15.856 - INFO: Processing command "cache-stats": get cache statistics
