[2026-10-07T20:58:19Z] PR #264 wikidata turtle_export queries=H-vocab-label-large scenarios=warm reps=3 mode=same binary, runtime-flag A/B layout=ural
[2026-10-07T20:58:19Z] base:    /local/data-ssd/stoetzem/thesis/experiments/runs/internal-rank-prefetch-sweep-p12-identity/bin/qlever-server-ab (6770bbf2c7e4a06793c31eff504b9526ac530c96) args='--set-runtime-parameter vocabulary-internal-rank-lookup=true --set-runtime-parameter vocabulary-internal-rank-prefetch-distance=0' form=''
[2026-10-07T20:58:19Z] variant: /local/data-ssd/stoetzem/thesis/experiments/runs/internal-rank-prefetch-sweep-p12-identity/bin/qlever-server-ab (6770bbf2c7e4a06793c31eff504b9526ac530c96) args='--set-runtime-parameter vocabulary-internal-rank-lookup=true --set-runtime-parameter vocabulary-internal-rank-prefetch-distance=4' form=''
fatal: not a git repository (or any parent up to mount point /local)
Stopping at filesystem boundary (GIT_DISCOVERY_ACROSS_FILESYSTEM not set).
fatal: not a git repository (or any parent up to mount point /local)
Stopping at filesystem boundary (GIT_DISCOVERY_ACROSS_FILESYSTEM not set).
fatal: not a git repository (or any parent up to mount point /local)
Stopping at filesystem boundary (GIT_DISCOVERY_ACROSS_FILESYSTEM not set).
fatal: not a git repository (or any parent up to mount point /local)
Stopping at filesystem boundary (GIT_DISCOVERY_ACROSS_FILESYSTEM not set).
fatal: not a git repository (or any parent up to mount point /local)
Stopping at filesystem boundary (GIT_DISCOVERY_ACROSS_FILESYSTEM not set).
rep 1/1: complete export=s e2e=24.809519938s 1302749672 bytes syscr=9888 pread64=9836 io_uring_enter=0 read_bytes=0 cpu_s=27.910000
[2026-10-07T20:59:38Z] pr264-H-vocab-label-large-warm-d0-r1 digest {"bytes": 1302749672, "lines": 11643064, "multiset": "f5e829f8d2da8bad82dce60195f2a2d8", "xxh3_128": "cf2bbf8ee8a6414f7a14ff74cec09d1b"}
[2026-10-07T20:59:38Z] pr264-H-vocab-label-large-warm-d0-r1 done
fatal: not a git repository (or any parent up to mount point /local)
Stopping at filesystem boundary (GIT_DISCOVERY_ACROSS_FILESYSTEM not set).
fatal: not a git repository (or any parent up to mount point /local)
Stopping at filesystem boundary (GIT_DISCOVERY_ACROSS_FILESYSTEM not set).
fatal: not a git repository (or any parent up to mount point /local)
Stopping at filesystem boundary (GIT_DISCOVERY_ACROSS_FILESYSTEM not set).
fatal: not a git repository (or any parent up to mount point /local)
Stopping at filesystem boundary (GIT_DISCOVERY_ACROSS_FILESYSTEM not set).
fatal: not a git repository (or any parent up to mount point /local)
Stopping at filesystem boundary (GIT_DISCOVERY_ACROSS_FILESYSTEM not set).
rep 1/1: complete export=s e2e=22.563632745s 1302749672 bytes syscr=9884 pread64=9836 io_uring_enter=0 read_bytes=0 cpu_s=25.730000
[2026-10-07T21:01:08Z] pr264-H-vocab-label-large-warm-d4-r1 digest {"bytes": 1302749672, "lines": 11643064, "multiset": "f5e829f8d2da8bad82dce60195f2a2d8", "xxh3_128": "cf2bbf8ee8a6414f7a14ff74cec09d1b"}
[2026-10-07T21:01:08Z] pr264-H-vocab-label-large-warm-d4-r1 done
fatal: not a git repository (or any parent up to mount point /local)
Stopping at filesystem boundary (GIT_DISCOVERY_ACROSS_FILESYSTEM not set).
fatal: not a git repository (or any parent up to mount point /local)
Stopping at filesystem boundary (GIT_DISCOVERY_ACROSS_FILESYSTEM not set).
fatal: not a git repository (or any parent up to mount point /local)
Stopping at filesystem boundary (GIT_DISCOVERY_ACROSS_FILESYSTEM not set).
fatal: not a git repository (or any parent up to mount point /local)
Stopping at filesystem boundary (GIT_DISCOVERY_ACROSS_FILESYSTEM not set).
fatal: not a git repository (or any parent up to mount point /local)
Stopping at filesystem boundary (GIT_DISCOVERY_ACROSS_FILESYSTEM not set).
rep 1/1: complete export=s e2e=22.288745299s 1302749672 bytes syscr=9880 pread64=9836 io_uring_enter=0 read_bytes=0 cpu_s=25.380000
[2026-10-07T21:02:36Z] pr264-H-vocab-label-large-warm-d8-r1 digest {"bytes": 1302749672, "lines": 11643064, "multiset": "f5e829f8d2da8bad82dce60195f2a2d8", "xxh3_128": "cf2bbf8ee8a6414f7a14ff74cec09d1b"}
[2026-10-07T21:02:36Z] pr264-H-vocab-label-large-warm-d8-r1 done
fatal: not a git repository (or any parent up to mount point /local)
Stopping at filesystem boundary (GIT_DISCOVERY_ACROSS_FILESYSTEM not set).
fatal: not a git repository (or any parent up to mount point /local)
Stopping at filesystem boundary (GIT_DISCOVERY_ACROSS_FILESYSTEM not set).
fatal: not a git repository (or any parent up to mount point /local)
Stopping at filesystem boundary (GIT_DISCOVERY_ACROSS_FILESYSTEM not set).
fatal: not a git repository (or any parent up to mount point /local)
Stopping at filesystem boundary (GIT_DISCOVERY_ACROSS_FILESYSTEM not set).
fatal: not a git repository (or any parent up to mount point /local)
Stopping at filesystem boundary (GIT_DISCOVERY_ACROSS_FILESYSTEM not set).
rep 1/1: complete export=s e2e=22.122795306s 1302749672 bytes syscr=9880 pread64=9836 io_uring_enter=0 read_bytes=0 cpu_s=25.200000
[2026-10-07T21:04:04Z] pr264-H-vocab-label-large-warm-d16-r1 digest {"bytes": 1302749672, "lines": 11643064, "multiset": "f5e829f8d2da8bad82dce60195f2a2d8", "xxh3_128": "cf2bbf8ee8a6414f7a14ff74cec09d1b"}
[2026-10-07T21:04:04Z] pr264-H-vocab-label-large-warm-d16-r1 done
fatal: not a git repository (or any parent up to mount point /local)
Stopping at filesystem boundary (GIT_DISCOVERY_ACROSS_FILESYSTEM not set).
fatal: not a git repository (or any parent up to mount point /local)
Stopping at filesystem boundary (GIT_DISCOVERY_ACROSS_FILESYSTEM not set).
fatal: not a git repository (or any parent up to mount point /local)
Stopping at filesystem boundary (GIT_DISCOVERY_ACROSS_FILESYSTEM not set).
fatal: not a git repository (or any parent up to mount point /local)
Stopping at filesystem boundary (GIT_DISCOVERY_ACROSS_FILESYSTEM not set).
fatal: not a git repository (or any parent up to mount point /local)
Stopping at filesystem boundary (GIT_DISCOVERY_ACROSS_FILESYSTEM not set).
rep 1/1: complete export=s e2e=22.375685349s 1302749672 bytes syscr=9880 pread64=9836 io_uring_enter=0 read_bytes=0 cpu_s=25.470000
[2026-10-07T21:05:32Z] pr264-H-vocab-label-large-warm-d32-r1 digest {"bytes": 1302749672, "lines": 11643064, "multiset": "f5e829f8d2da8bad82dce60195f2a2d8", "xxh3_128": "cf2bbf8ee8a6414f7a14ff74cec09d1b"}
[2026-10-07T21:05:32Z] pr264-H-vocab-label-large-warm-d32-r1 done
fatal: not a git repository (or any parent up to mount point /local)
Stopping at filesystem boundary (GIT_DISCOVERY_ACROSS_FILESYSTEM not set).
fatal: not a git repository (or any parent up to mount point /local)
Stopping at filesystem boundary (GIT_DISCOVERY_ACROSS_FILESYSTEM not set).
fatal: not a git repository (or any parent up to mount point /local)
Stopping at filesystem boundary (GIT_DISCOVERY_ACROSS_FILESYSTEM not set).
fatal: not a git repository (or any parent up to mount point /local)
Stopping at filesystem boundary (GIT_DISCOVERY_ACROSS_FILESYSTEM not set).
fatal: not a git repository (or any parent up to mount point /local)
Stopping at filesystem boundary (GIT_DISCOVERY_ACROSS_FILESYSTEM not set).
rep 1/1: complete export=s e2e=15.783665285s 1302749672 bytes syscr=9868 pread64=9836 io_uring_enter=0 read_bytes=0 cpu_s=18.860000
[2026-10-07T21:06:44Z] pr264-H-vocab-label-large-warm-d4-r2 digest {"bytes": 1302749672, "lines": 11643064, "multiset": "f5e829f8d2da8bad82dce60195f2a2d8", "xxh3_128": "cf2bbf8ee8a6414f7a14ff74cec09d1b"}
[2026-10-07T21:06:45Z] pr264-H-vocab-label-large-warm-d4-r2 done
fatal: not a git repository (or any parent up to mount point /local)
Stopping at filesystem boundary (GIT_DISCOVERY_ACROSS_FILESYSTEM not set).
fatal: not a git repository (or any parent up to mount point /local)
Stopping at filesystem boundary (GIT_DISCOVERY_ACROSS_FILESYSTEM not set).
fatal: not a git repository (or any parent up to mount point /local)
Stopping at filesystem boundary (GIT_DISCOVERY_ACROSS_FILESYSTEM not set).
fatal: not a git repository (or any parent up to mount point /local)
Stopping at filesystem boundary (GIT_DISCOVERY_ACROSS_FILESYSTEM not set).
fatal: not a git repository (or any parent up to mount point /local)
Stopping at filesystem boundary (GIT_DISCOVERY_ACROSS_FILESYSTEM not set).
rep 1/1: complete export=s e2e=12.533347927s 1302749672 bytes syscr=9864 pread64=9836 io_uring_enter=0 read_bytes=0 cpu_s=15.440000
[2026-10-07T21:07:45Z] pr264-H-vocab-label-large-warm-d8-r2 digest {"bytes": 1302749672, "lines": 11643064, "multiset": "f5e829f8d2da8bad82dce60195f2a2d8", "xxh3_128": "cf2bbf8ee8a6414f7a14ff74cec09d1b"}
[2026-10-07T21:07:45Z] pr264-H-vocab-label-large-warm-d8-r2 done
fatal: not a git repository (or any parent up to mount point /local)
Stopping at filesystem boundary (GIT_DISCOVERY_ACROSS_FILESYSTEM not set).
fatal: not a git repository (or any parent up to mount point /local)
Stopping at filesystem boundary (GIT_DISCOVERY_ACROSS_FILESYSTEM not set).
fatal: not a git repository (or any parent up to mount point /local)
Stopping at filesystem boundary (GIT_DISCOVERY_ACROSS_FILESYSTEM not set).
fatal: not a git repository (or any parent up to mount point /local)
Stopping at filesystem boundary (GIT_DISCOVERY_ACROSS_FILESYSTEM not set).
fatal: not a git repository (or any parent up to mount point /local)
Stopping at filesystem boundary (GIT_DISCOVERY_ACROSS_FILESYSTEM not set).
rep 1/1: complete export=s e2e=11.652255376s 1302749672 bytes syscr=9860 pread64=9836 io_uring_enter=0 read_bytes=0 cpu_s=14.440000
[2026-10-07T21:08:41Z] pr264-H-vocab-label-large-warm-d16-r2 digest {"bytes": 1302749672, "lines": 11643064, "multiset": "f5e829f8d2da8bad82dce60195f2a2d8", "xxh3_128": "cf2bbf8ee8a6414f7a14ff74cec09d1b"}
[2026-10-07T21:08:41Z] pr264-H-vocab-label-large-warm-d16-r2 done
fatal: not a git repository (or any parent up to mount point /local)
Stopping at filesystem boundary (GIT_DISCOVERY_ACROSS_FILESYSTEM not set).
fatal: not a git repository (or any parent up to mount point /local)
Stopping at filesystem boundary (GIT_DISCOVERY_ACROSS_FILESYSTEM not set).
fatal: not a git repository (or any parent up to mount point /local)
Stopping at filesystem boundary (GIT_DISCOVERY_ACROSS_FILESYSTEM not set).
fatal: not a git repository (or any parent up to mount point /local)
Stopping at filesystem boundary (GIT_DISCOVERY_ACROSS_FILESYSTEM not set).
fatal: not a git repository (or any parent up to mount point /local)
Stopping at filesystem boundary (GIT_DISCOVERY_ACROSS_FILESYSTEM not set).
rep 1/1: complete export=s e2e=16.146755663s 1302749672 bytes syscr=9868 pread64=9836 io_uring_enter=0 read_bytes=0 cpu_s=19.180000
[2026-10-07T21:09:50Z] pr264-H-vocab-label-large-warm-d32-r2 digest {"bytes": 1302749672, "lines": 11643064, "multiset": "f5e829f8d2da8bad82dce60195f2a2d8", "xxh3_128": "cf2bbf8ee8a6414f7a14ff74cec09d1b"}
[2026-10-07T21:09:51Z] pr264-H-vocab-label-large-warm-d32-r2 done
fatal: not a git repository (or any parent up to mount point /local)
Stopping at filesystem boundary (GIT_DISCOVERY_ACROSS_FILESYSTEM not set).
fatal: not a git repository (or any parent up to mount point /local)
Stopping at filesystem boundary (GIT_DISCOVERY_ACROSS_FILESYSTEM not set).
fatal: not a git repository (or any parent up to mount point /local)
Stopping at filesystem boundary (GIT_DISCOVERY_ACROSS_FILESYSTEM not set).
fatal: not a git repository (or any parent up to mount point /local)
Stopping at filesystem boundary (GIT_DISCOVERY_ACROSS_FILESYSTEM not set).
fatal: not a git repository (or any parent up to mount point /local)
Stopping at filesystem boundary (GIT_DISCOVERY_ACROSS_FILESYSTEM not set).
rep 1/1: complete export=s e2e=13.678694731s 1302749672 bytes syscr=9864 pread64=9836 io_uring_enter=0 read_bytes=0 cpu_s=16.560000
[2026-10-07T21:10:53Z] pr264-H-vocab-label-large-warm-d0-r2 digest {"bytes": 1302749672, "lines": 11643064, "multiset": "f5e829f8d2da8bad82dce60195f2a2d8", "xxh3_128": "cf2bbf8ee8a6414f7a14ff74cec09d1b"}
[2026-10-07T21:10:53Z] pr264-H-vocab-label-large-warm-d0-r2 done
fatal: not a git repository (or any parent up to mount point /local)
Stopping at filesystem boundary (GIT_DISCOVERY_ACROSS_FILESYSTEM not set).
fatal: not a git repository (or any parent up to mount point /local)
Stopping at filesystem boundary (GIT_DISCOVERY_ACROSS_FILESYSTEM not set).
fatal: not a git repository (or any parent up to mount point /local)
Stopping at filesystem boundary (GIT_DISCOVERY_ACROSS_FILESYSTEM not set).
fatal: not a git repository (or any parent up to mount point /local)
Stopping at filesystem boundary (GIT_DISCOVERY_ACROSS_FILESYSTEM not set).
fatal: not a git repository (or any parent up to mount point /local)
Stopping at filesystem boundary (GIT_DISCOVERY_ACROSS_FILESYSTEM not set).
rep 1/1: complete export=s e2e=21.908471435s 1302749672 bytes syscr=9884 pread64=9836 io_uring_enter=0 read_bytes=0 cpu_s=24.990000
[2026-10-07T21:12:08Z] pr264-H-vocab-label-large-warm-d8-r3 digest {"bytes": 1302749672, "lines": 11643064, "multiset": "f5e829f8d2da8bad82dce60195f2a2d8", "xxh3_128": "cf2bbf8ee8a6414f7a14ff74cec09d1b"}
[2026-10-07T21:12:08Z] pr264-H-vocab-label-large-warm-d8-r3 done
fatal: not a git repository (or any parent up to mount point /local)
Stopping at filesystem boundary (GIT_DISCOVERY_ACROSS_FILESYSTEM not set).
fatal: not a git repository (or any parent up to mount point /local)
Stopping at filesystem boundary (GIT_DISCOVERY_ACROSS_FILESYSTEM not set).
fatal: not a git repository (or any parent up to mount point /local)
Stopping at filesystem boundary (GIT_DISCOVERY_ACROSS_FILESYSTEM not set).
fatal: not a git repository (or any parent up to mount point /local)
Stopping at filesystem boundary (GIT_DISCOVERY_ACROSS_FILESYSTEM not set).
fatal: not a git repository (or any parent up to mount point /local)
Stopping at filesystem boundary (GIT_DISCOVERY_ACROSS_FILESYSTEM not set).
rep 1/1: complete export=s e2e=22.144004741s 1302749672 bytes syscr=9884 pread64=9836 io_uring_enter=0 read_bytes=0 cpu_s=25.260000
[2026-10-07T21:13:35Z] pr264-H-vocab-label-large-warm-d16-r3 digest {"bytes": 1302749672, "lines": 11643064, "multiset": "f5e829f8d2da8bad82dce60195f2a2d8", "xxh3_128": "cf2bbf8ee8a6414f7a14ff74cec09d1b"}
[2026-10-07T21:13:35Z] pr264-H-vocab-label-large-warm-d16-r3 done
fatal: not a git repository (or any parent up to mount point /local)
Stopping at filesystem boundary (GIT_DISCOVERY_ACROSS_FILESYSTEM not set).
fatal: not a git repository (or any parent up to mount point /local)
Stopping at filesystem boundary (GIT_DISCOVERY_ACROSS_FILESYSTEM not set).
fatal: not a git repository (or any parent up to mount point /local)
Stopping at filesystem boundary (GIT_DISCOVERY_ACROSS_FILESYSTEM not set).
fatal: not a git repository (or any parent up to mount point /local)
Stopping at filesystem boundary (GIT_DISCOVERY_ACROSS_FILESYSTEM not set).
fatal: not a git repository (or any parent up to mount point /local)
Stopping at filesystem boundary (GIT_DISCOVERY_ACROSS_FILESYSTEM not set).
rep 1/1: complete export=s e2e=22.676754288s 1302749672 bytes syscr=9880 pread64=9836 io_uring_enter=0 read_bytes=0 cpu_s=25.690000
[2026-10-07T21:15:03Z] pr264-H-vocab-label-large-warm-d32-r3 digest {"bytes": 1302749672, "lines": 11643064, "multiset": "f5e829f8d2da8bad82dce60195f2a2d8", "xxh3_128": "cf2bbf8ee8a6414f7a14ff74cec09d1b"}
[2026-10-07T21:15:03Z] pr264-H-vocab-label-large-warm-d32-r3 done
fatal: not a git repository (or any parent up to mount point /local)
Stopping at filesystem boundary (GIT_DISCOVERY_ACROSS_FILESYSTEM not set).
fatal: not a git repository (or any parent up to mount point /local)
Stopping at filesystem boundary (GIT_DISCOVERY_ACROSS_FILESYSTEM not set).
fatal: not a git repository (or any parent up to mount point /local)
Stopping at filesystem boundary (GIT_DISCOVERY_ACROSS_FILESYSTEM not set).
fatal: not a git repository (or any parent up to mount point /local)
Stopping at filesystem boundary (GIT_DISCOVERY_ACROSS_FILESYSTEM not set).
fatal: not a git repository (or any parent up to mount point /local)
Stopping at filesystem boundary (GIT_DISCOVERY_ACROSS_FILESYSTEM not set).
rep 1/1: complete export=s e2e=25.687217217s 1302749672 bytes syscr=9888 pread64=9836 io_uring_enter=0 read_bytes=0 cpu_s=28.800000
[2026-10-07T21:16:37Z] pr264-H-vocab-label-large-warm-d0-r3 digest {"bytes": 1302749672, "lines": 11643064, "multiset": "f5e829f8d2da8bad82dce60195f2a2d8", "xxh3_128": "cf2bbf8ee8a6414f7a14ff74cec09d1b"}
[2026-10-07T21:16:37Z] pr264-H-vocab-label-large-warm-d0-r3 done
fatal: not a git repository (or any parent up to mount point /local)
Stopping at filesystem boundary (GIT_DISCOVERY_ACROSS_FILESYSTEM not set).
fatal: not a git repository (or any parent up to mount point /local)
Stopping at filesystem boundary (GIT_DISCOVERY_ACROSS_FILESYSTEM not set).
fatal: not a git repository (or any parent up to mount point /local)
Stopping at filesystem boundary (GIT_DISCOVERY_ACROSS_FILESYSTEM not set).
fatal: not a git repository (or any parent up to mount point /local)
Stopping at filesystem boundary (GIT_DISCOVERY_ACROSS_FILESYSTEM not set).
fatal: not a git repository (or any parent up to mount point /local)
Stopping at filesystem boundary (GIT_DISCOVERY_ACROSS_FILESYSTEM not set).
rep 1/1: complete export=s e2e=22.591811047s 1302749672 bytes syscr=9880 pread64=9836 io_uring_enter=0 read_bytes=0 cpu_s=25.620000
[2026-10-07T21:18:05Z] pr264-H-vocab-label-large-warm-d4-r3 digest {"bytes": 1302749672, "lines": 11643064, "multiset": "f5e829f8d2da8bad82dce60195f2a2d8", "xxh3_128": "cf2bbf8ee8a6414f7a14ff74cec09d1b"}
[2026-10-07T21:18:05Z] pr264-H-vocab-label-large-warm-d4-r3 done
### warm / H-vocab-label-large

| # | arm | n | wall s | Δ wall vs d0 | verdict | TTFB s | CPU s | wall−CPU s | export-thread CPU s | wall−export-thread s | aqu-sz | util max | read GiB | RSS growth MiB |
|---|---|---|---|---|---|---|---|---|---|---|---|---|---|---|
| 1 | d0 | 3 | 24.81 [13.68–25.69] |  |  | 0.06 [0.04–0.07] | 27.91 [16.56–28.80] | -3.10 [-3.11–-2.88] | 23.20 [12.68–24.06] | 1.61 [1.00–1.63] | 0.0 [0.0–0.9] | 0.00 [0.00–0.03] | 0.00 [0.00–0.00] | 24 [24–25] |
| 2 | d4 | 3 | 22.56 [15.78–22.59] | -9.1 % | no change | 0.06 [0.05–0.06] | 25.62 [18.86–25.73] | -3.08 [-3.17–-3.03] | 20.91 [14.49–21.04] | 1.52 [1.29–1.68] | 0.0 [0.0–0.0] | 0.00 [0.00–0.00] | 0.00 [0.00–0.00] | 25 [23–25] |
| 3 | d8 | 3 | 21.91 [12.53–22.29] | -11.7 % | no change | 0.07 [0.04–0.07] | 24.99 [15.44–25.38] | -3.08 [-3.09–-2.91] | 20.22 [11.33–20.73] | 1.56 [1.20–1.69] | 0.0 [0.0–0.0] | 0.00 [0.00–0.00] | 0.00 [0.00–0.00] | 25 [25–25] |
| 4 | d16 | 3 | 22.12 [11.65–22.14] | -10.8 % | no change | 0.06 [0.04–0.06] | 25.20 [14.44–25.26] | -3.08 [-3.12–-2.79] | 20.55 [10.61–20.62] | 1.50 [1.04–1.59] | 0.0 [0.0–0.0] | 0.00 [0.00–0.00] | 0.00 [0.00–0.00] | 23 [23–24] |
| 5 | d32 | 3 | 22.38 [16.15–22.68] | -9.8 % | no change | 0.06 [0.05–0.06] | 25.47 [19.18–25.69] | -3.03 [-3.09–-3.01] | 20.77 [14.85–20.91] | 1.61 [1.30–1.77] | 0.0 [0.0–0.0] | 0.00 [0.00–0.00] | 0.00 [0.00–0.00] | 22 [22–26] |

Distinct output digests for H-vocab-label-large over all arms/reps/scenarios: 1 (1 = identical)

[2026-10-07T21:18:06Z] finished rc=0 run=/local/data-ssd/stoetzem/thesis/experiments/runs/internal-rank-prefetch-sweep-p12-identity
