2026-09-18 00:02:50.708 - INFO: [1mQLever server v0.6.0-89-g090c76f64, compiled on Wed Sep 16 01:11:26 PM CEST 2026 using git hash 090c76f[22m
2026-09-18 00:02:50.708 - INFO: Cleanup of previous index directories after each rebuild enabled (--rebuild-keep-previous-index-dirs original-and-most-recent)
2026-09-18 00:02:50.720 - INFO: The git hash used to build this index was "65f84b4"
2026-09-18 00:02:50.720 - INFO: Reading vocabulary from file /local/data-ssd/stoetzem/wikidata/wikidata.vocabulary.words ...
2026-09-18 00:03:07.679 - INFO: Done, number of words: 1,580,300,680
2026-09-18 00:03:07.679 - INFO: Number of words in internal vocabulary (these are also part of the external vocabulary): 777,658,536
2026-09-18 00:03:07.758 - INFO: Registered PSO permutation: #relations = 10,100, #blocks = 225,155, #triples = 6,983,973,847
2026-09-18 00:03:07.856 - INFO: Registered PSO permutation: #relations = 13,566, #blocks = 264,339, #triples = 8,220,417,022
2026-09-18 00:03:07.929 - INFO: Registered POS permutation: #relations = 10,100, #blocks = 225,155, #triples = 6,983,973,847
2026-09-18 00:03:08.027 - INFO: Registered POS permutation: #relations = 13,566, #blocks = 264,339, #triples = 8,220,417,022
2026-09-18 00:03:08.109 - INFO: Registered OPS permutation: #relations = 1,683,253,489, #blocks = 222,728, #triples = 8,220,417,022
2026-09-18 00:03:08.192 - INFO: Registered OSP permutation: #relations = 1,683,253,489, #blocks = 222,728, #triples = 8,220,417,022
2026-09-18 00:03:08.248 - INFO: Registered SPO permutation: #relations = 252,534,289, #blocks = 175,741, #triples = 8,220,417,022
2026-09-18 00:03:08.304 - INFO: Registered SOP permutation: #relations = 252,534,289, #blocks = 175,741, #triples = 8,220,417,022
2026-09-18 00:03:08.304 - INFO: Reading patterns from file /local/data-ssd/stoetzem/wikidata/wikidata.index.patterns ...
2026-09-18 00:03:10.124 - INFO: Sorting random result tables to estimate the sorting performance of this machine ...
2026-09-18 00:03:18.017 - INFO: Initializing server ...
2026-09-18 00:03:18.017 - INFO: No access token required for restricted API calls
2026-09-18 00:03:18.017 - INFO: The server is ready, listening for requests on port 7022 ...
2026-09-18 00:03:18.591 - INFO: 
2026-09-18 00:03:18.591 - INFO: Request received via POST, content type "application/x-www-form-urlencoded"
2026-09-18 00:03:18.594 - INFO: Processing the following SPARQL query:
# Tier H-vocab — English labels, large
# Physical: P+O bound scan of wdt:P31 wd:Q5 (class postings), then
# S+P bound SPO scan of rdfs:label. LANG(?label) maps label IDs to
# strings. CONSTRUCT writes entity IRI + label.
# Targets: large sequential class scan, label vocabulary, 1.3 GiB Turtle
# serialize. Same query as wikidata-construct-humans-label-en.
PREFIX wd: <http://www.wikidata.org/entity/>
PREFIX wdt: <http://www.wikidata.org/prop/direct/>
PREFIX rdfs: <http://www.w3.org/2000/01/rdf-schema#>

CONSTRUCT { ?entity rdfs:label ?label }
WHERE {
  ?entity wdt:P31 wd:Q5 .
  ?entity rdfs:label ?label .
  FILTER(LANG(?label) = "en")
}

2026-09-18 00:03:18.594 - INFO: Requested media types of the result are: "text/turtle"
2026-09-18 00:03:18.606 - INFO: Query planning done in 15 ms
2026-09-18 00:03:18.606 - INFO: Result has unknown size (not computed yet)
2026-09-18 00:03:41.213 - INFO: Done processing query and sending result, total time was 22,622 ms
2026-09-18 00:03:41.265 - INFO: 
2026-09-18 00:03:41.265 - INFO: Request received via POST, content type "application/x-www-form-urlencoded"
2026-09-18 00:03:41.266 - INFO: Processing the following SPARQL query:
# Tier H-vocab — English labels, large
# Physical: P+O bound scan of wdt:P31 wd:Q5 (class postings), then
# S+P bound SPO scan of rdfs:label. LANG(?label) maps label IDs to
# strings. CONSTRUCT writes entity IRI + label.
# Targets: large sequential class scan, label vocabulary, 1.3 GiB Turtle
# serialize. Same query as wikidata-construct-humans-label-en.
PREFIX wd: <http://www.wikidata.org/entity/>
PREFIX wdt: <http://www.wikidata.org/prop/direct/>
PREFIX rdfs: <http://www.w3.org/2000/01/rdf-schema#>

CONSTRUCT { ?entity rdfs:label ?label }
WHERE {
  ?entity wdt:P31 wd:Q5 .
  ?entity rdfs:label ?label .
  FILTER(LANG(?label) = "en")
}

2026-09-18 00:03:41.266 - INFO: Requested media types of the result are: "text/turtle"
2026-09-18 00:03:41.267 - INFO: Query planning done in 1 ms
2026-09-18 00:03:41.267 - INFO: Result has unknown size (not computed yet)
2026-09-18 00:04:04.075 - INFO: Done processing query and sending result, total time was 22,809 ms
2026-09-18 00:04:04.920 - INFO: 
2026-09-18 00:04:04.920 - INFO: Request received via POST, content type "application/x-www-form-urlencoded"
2026-09-18 00:04:04.920 - INFO: Processing the following SPARQL query:
# Tier H-vocab — English labels, large
# Physical: P+O bound scan of wdt:P31 wd:Q5 (class postings), then
# S+P bound SPO scan of rdfs:label. LANG(?label) maps label IDs to
# strings. CONSTRUCT writes entity IRI + label.
# Targets: large sequential class scan, label vocabulary, 1.3 GiB Turtle
# serialize. Same query as wikidata-construct-humans-label-en.
PREFIX wd: <http://www.wikidata.org/entity/>
PREFIX wdt: <http://www.wikidata.org/prop/direct/>
PREFIX rdfs: <http://www.w3.org/2000/01/rdf-schema#>

CONSTRUCT { ?entity rdfs:label ?label }
WHERE {
  ?entity wdt:P31 wd:Q5 .
  ?entity rdfs:label ?label .
  FILTER(LANG(?label) = "en")
}

2026-09-18 00:04:04.920 - INFO: Requested media types of the result are: "text/turtle"
2026-09-18 00:04:04.923 - INFO: Query planning done in 3 ms
2026-09-18 00:04:04.923 - INFO: Result has unknown size (not computed yet)
2026-09-18 00:04:27.126 - INFO: Done processing query and sending result, total time was 22,206 ms
2026-09-18 00:04:27.969 - INFO: 
2026-09-18 00:04:27.969 - INFO: Request received via POST, content type "application/x-www-form-urlencoded"
2026-09-18 00:04:27.970 - INFO: Processing the following SPARQL query:
# Tier H-vocab — English labels, large
# Physical: P+O bound scan of wdt:P31 wd:Q5 (class postings), then
# S+P bound SPO scan of rdfs:label. LANG(?label) maps label IDs to
# strings. CONSTRUCT writes entity IRI + label.
# Targets: large sequential class scan, label vocabulary, 1.3 GiB Turtle
# serialize. Same query as wikidata-construct-humans-label-en.
PREFIX wd: <http://www.wikidata.org/entity/>
PREFIX wdt: <http://www.wikidata.org/prop/direct/>
PREFIX rdfs: <http://www.w3.org/2000/01/rdf-schema#>

CONSTRUCT { ?entity rdfs:label ?label }
WHERE {
  ?entity wdt:P31 wd:Q5 .
  ?entity rdfs:label ?label .
  FILTER(LANG(?label) = "en")
}

2026-09-18 00:04:27.970 - INFO: Requested media types of the result are: "text/turtle"
2026-09-18 00:04:27.973 - INFO: Query planning done in 4 ms
2026-09-18 00:04:27.973 - INFO: Result has unknown size (not computed yet)
2026-09-18 00:04:50.644 - INFO: Done processing query and sending result, total time was 22,675 ms
2026-09-18 00:04:51.425 - INFO: 
2026-09-18 00:04:51.425 - INFO: Request received via POST, content type "application/x-www-form-urlencoded"
2026-09-18 00:04:51.426 - INFO: Processing the following SPARQL query:
# Tier H-vocab — English labels, large
# Physical: P+O bound scan of wdt:P31 wd:Q5 (class postings), then
# S+P bound SPO scan of rdfs:label. LANG(?label) maps label IDs to
# strings. CONSTRUCT writes entity IRI + label.
# Targets: large sequential class scan, label vocabulary, 1.3 GiB Turtle
# serialize. Same query as wikidata-construct-humans-label-en.
PREFIX wd: <http://www.wikidata.org/entity/>
PREFIX wdt: <http://www.wikidata.org/prop/direct/>
PREFIX rdfs: <http://www.w3.org/2000/01/rdf-schema#>

CONSTRUCT { ?entity rdfs:label ?label }
WHERE {
  ?entity wdt:P31 wd:Q5 .
  ?entity rdfs:label ?label .
  FILTER(LANG(?label) = "en")
}

2026-09-18 00:04:51.426 - INFO: Requested media types of the result are: "text/turtle"
2026-09-18 00:04:51.429 - INFO: Query planning done in 4 ms
2026-09-18 00:04:51.429 - INFO: Result has unknown size (not computed yet)
2026-09-18 00:05:13.980 - INFO: Done processing query and sending result, total time was 22,555 ms
