2026-09-28 17:39:43.086 - INFO: [1mQLever server v0.6.0-215-g07d06bc55, compiled on Mon Sep 28 01:20:59 PM CEST 2026 using git hash 07d06bc[22m
2026-09-28 17:39:43.086 - INFO: Runtime parameter set from the command line: vocabulary-iouring-page-cache-fast-path=false
2026-09-28 17:39:43.086 - INFO: Cleanup of previous index directories after each rebuild enabled (--rebuild-keep-previous-index-dirs original-and-most-recent)
2026-09-28 17:39:43.087 - INFO: The git hash used to build this index was "65f84b4"
2026-09-28 17:39:43.088 - INFO: Reading vocabulary from file /local/data-ssd/stoetzem/wikidata/wikidata.vocabulary.words ...
2026-09-28 17:39:56.057 - INFO: Done, number of words: 1,580,300,680
2026-09-28 17:39:56.057 - INFO: Number of words in internal vocabulary (these are also part of the external vocabulary): 777,658,536
2026-09-28 17:39:56.133 - INFO: Registered PSO permutation: #relations = 10,100, #blocks = 225,155, #triples = 6,983,973,847
2026-09-28 17:39:56.228 - INFO: Registered PSO permutation: #relations = 13,566, #blocks = 264,339, #triples = 8,220,417,022
2026-09-28 17:39:56.297 - INFO: Registered POS permutation: #relations = 10,100, #blocks = 225,155, #triples = 6,983,973,847
2026-09-28 17:39:56.392 - INFO: Registered POS permutation: #relations = 13,566, #blocks = 264,339, #triples = 8,220,417,022
2026-09-28 17:39:56.471 - INFO: Registered OPS permutation: #relations = 1,683,253,489, #blocks = 222,728, #triples = 8,220,417,022
2026-09-28 17:39:56.551 - INFO: Registered OSP permutation: #relations = 1,683,253,489, #blocks = 222,728, #triples = 8,220,417,022
2026-09-28 17:39:56.606 - INFO: Registered SPO permutation: #relations = 252,534,289, #blocks = 175,741, #triples = 8,220,417,022
2026-09-28 17:39:56.660 - INFO: Registered SOP permutation: #relations = 252,534,289, #blocks = 175,741, #triples = 8,220,417,022
2026-09-28 17:39:56.660 - INFO: Reading patterns from file /local/data-ssd/stoetzem/wikidata/wikidata.index.patterns ...
2026-09-28 17:39:58.028 - INFO: Sorting random result tables to estimate the sorting performance of this machine ...
2026-09-28 17:40:06.143 - INFO: Initializing server ...
2026-09-28 17:40:06.143 - INFO: No access token required for restricted API calls
2026-09-28 17:40:06.143 - INFO: The server is ready, listening for requests on port 7015 ...
2026-09-28 17:40:06.424 - INFO: 
2026-09-28 17:40:06.424 - INFO: Request received via POST, content type "application/x-www-form-urlencoded"
2026-09-28 17:40:06.427 - INFO: Processing the following SPARQL query:
# Tier H-vocab — German labels, large
# Physical: P+O bound scan of wdt:P31 wd:Q5 (class postings), then
# S+P bound SPO scan of rdfs:label. LANG(?label) maps label IDs to
# strings. CONSTRUCT writes entity IRI + label.
# Targets: large sequential class scan with EXTERNAL vocabulary words.
# German is not in languages-internal (only "en"), so QLever's
# shouldLiteralBeExternalized places every de literal in the external
# tier (src/index/vocabulary/Vocabulary.cpp). Same shape as
# H-vocab-label-large.rq, but every lookup is a guaranteed external
# miss on cold caches.
PREFIX wd: <http://www.wikidata.org/entity/>
PREFIX wdt: <http://www.wikidata.org/prop/direct/>
PREFIX rdfs: <http://www.w3.org/2000/01/rdf-schema#>

CONSTRUCT { ?entity rdfs:label ?label }
WHERE {
  ?entity wdt:P31 wd:Q5 .
  ?entity rdfs:label ?label .
  FILTER(LANG(?label) = "de")
}

2026-09-28 17:40:06.427 - INFO: Requested media types of the result are: "text/turtle"
2026-09-28 17:40:06.428 - INFO: Query planning done in 3 ms
2026-09-28 17:40:06.428 - INFO: Result has unknown size (not computed yet)
2026-09-28 17:40:33.447 - INFO: Done processing query and sending result, total time was 27,022 ms
2026-09-28 17:40:33.467 - INFO: 
2026-09-28 17:40:33.467 - INFO: Request received via GET, no content type specified
2026-09-28 17:40:33.467 - INFO: Processing command "cache-stats": get cache statistics
