[2026-09-28T20:25:01Z] server memory cap: MemoryMax=2G (2147483648 B), MemorySwapMax=0, user scope; preflight memory.max=2147483648
[2026-09-28T20:25:02Z] PR #3526 dblp turtle_export queries=H-vocab-title-large H-size scenarios=cold,warm reps=3 mode=two binaries layout=fleet
[2026-09-28T20:25:02Z] base:    /local/data-ssd/stoetzem/wolga-dblp-lane/runs/wolga-dblp-cap2g-3526-vs-3525/bin/qlever-server-base (533f800b87ffd1857291e27bc1ce63dacc1ca003) args='' form=''
[2026-09-28T20:25:02Z] variant: /local/data-ssd/stoetzem/wolga-dblp-lane/runs/wolga-dblp-cap2g-3526-vs-3525/bin/qlever-server-variant (0ed8f9223497196d8979accb24ac737becc42f2b) args='' form=''
/local/data-ssd/stoetzem/qlever-indices/dblp/dblp.index.ops
/local/data-ssd/stoetzem/qlever-indices/dblp/dblp.index.ops.meta
/local/data-ssd/stoetzem/qlever-indices/dblp/dblp.index.osp
/local/data-ssd/stoetzem/qlever-indices/dblp/dblp.index.osp.meta
/local/data-ssd/stoetzem/qlever-indices/dblp/dblp.index.patterns
/local/data-ssd/stoetzem/qlever-indices/dblp/dblp.index.pos
/local/data-ssd/stoetzem/qlever-indices/dblp/dblp.index.pos.meta
/local/data-ssd/stoetzem/qlever-indices/dblp/dblp.index.pso
/local/data-ssd/stoetzem/qlever-indices/dblp/dblp.index.pso.meta
/local/data-ssd/stoetzem/qlever-indices/dblp/dblp.index.sop
/local/data-ssd/stoetzem/qlever-indices/dblp/dblp.index.sop.meta
/local/data-ssd/stoetzem/qlever-indices/dblp/dblp.index.spo
/local/data-ssd/stoetzem/qlever-indices/dblp/dblp.index.spo.meta
/local/data-ssd/stoetzem/qlever-indices/dblp/dblp.internal.index.pos
/local/data-ssd/stoetzem/qlever-indices/dblp/dblp.internal.index.pos.meta
/local/data-ssd/stoetzem/qlever-indices/dblp/dblp.internal.index.pso
/local/data-ssd/stoetzem/qlever-indices/dblp/dblp.internal.index.pso.meta
/local/data-ssd/stoetzem/qlever-indices/dblp/dblp.meta-data.json
/local/data-ssd/stoetzem/qlever-indices/dblp/dblp.settings.json
/local/data-ssd/stoetzem/qlever-indices/dblp/dblp.vocabulary.codebooks
/local/data-ssd/stoetzem/qlever-indices/dblp/dblp.vocabulary.words.external
/local/data-ssd/stoetzem/qlever-indices/dblp/dblp.vocabulary.words.external.offsets
/local/data-ssd/stoetzem/qlever-indices/dblp/dblp.vocabulary.words.internal
/local/data-ssd/stoetzem/qlever-indices/dblp/dblp.vocabulary.words.internal.ids
our-files-only cold: evicted /local/data-ssd/stoetzem/qlever-indices/dblp/dblp.* resident_before=0B resident_after=0B (fincore)
fatal: not a git repository (or any parent up to mount point /local)
Stopping at filesystem boundary (GIT_DISCOVERY_ACROSS_FILESYSTEM not set).
fatal: not a git repository (or any parent up to mount point /local)
Stopping at filesystem boundary (GIT_DISCOVERY_ACROSS_FILESYSTEM not set).
fatal: not a git repository (or any parent up to mount point /local)
Stopping at filesystem boundary (GIT_DISCOVERY_ACROSS_FILESYSTEM not set).
fatal: not a git repository (or any parent up to mount point /local)
Stopping at filesystem boundary (GIT_DISCOVERY_ACROSS_FILESYSTEM not set).
fatal: not a git repository (or any parent up to mount point /local)
Stopping at filesystem boundary (GIT_DISCOVERY_ACROSS_FILESYSTEM not set).
rep 1/1: complete export=s e2e=4.820109703s 15532320 bytes syscr=398387 pread64=199229 io_uring_enter=0 read_bytes=743403520 cpu_s=1.410000
[2026-09-28T20:26:17Z] pr3526-H-vocab-title-large-cold-base-r1 done
/local/data-ssd/stoetzem/qlever-indices/dblp/dblp.index.ops
/local/data-ssd/stoetzem/qlever-indices/dblp/dblp.index.ops.meta
/local/data-ssd/stoetzem/qlever-indices/dblp/dblp.index.osp
/local/data-ssd/stoetzem/qlever-indices/dblp/dblp.index.osp.meta
/local/data-ssd/stoetzem/qlever-indices/dblp/dblp.index.patterns
/local/data-ssd/stoetzem/qlever-indices/dblp/dblp.index.pos
/local/data-ssd/stoetzem/qlever-indices/dblp/dblp.index.pos.meta
/local/data-ssd/stoetzem/qlever-indices/dblp/dblp.index.pso
/local/data-ssd/stoetzem/qlever-indices/dblp/dblp.index.pso.meta
/local/data-ssd/stoetzem/qlever-indices/dblp/dblp.index.sop
/local/data-ssd/stoetzem/qlever-indices/dblp/dblp.index.sop.meta
/local/data-ssd/stoetzem/qlever-indices/dblp/dblp.index.spo
/local/data-ssd/stoetzem/qlever-indices/dblp/dblp.index.spo.meta
/local/data-ssd/stoetzem/qlever-indices/dblp/dblp.internal.index.pos
/local/data-ssd/stoetzem/qlever-indices/dblp/dblp.internal.index.pos.meta
/local/data-ssd/stoetzem/qlever-indices/dblp/dblp.internal.index.pso
/local/data-ssd/stoetzem/qlever-indices/dblp/dblp.internal.index.pso.meta
/local/data-ssd/stoetzem/qlever-indices/dblp/dblp.meta-data.json
/local/data-ssd/stoetzem/qlever-indices/dblp/dblp.metrics-log.jsonl
/local/data-ssd/stoetzem/qlever-indices/dblp/dblp.server.resource-usage-log.tsv
/local/data-ssd/stoetzem/qlever-indices/dblp/dblp.settings.json
/local/data-ssd/stoetzem/qlever-indices/dblp/dblp.vocabulary.codebooks
/local/data-ssd/stoetzem/qlever-indices/dblp/dblp.vocabulary.words.external
/local/data-ssd/stoetzem/qlever-indices/dblp/dblp.vocabulary.words.external.offsets
/local/data-ssd/stoetzem/qlever-indices/dblp/dblp.vocabulary.words.internal
/local/data-ssd/stoetzem/qlever-indices/dblp/dblp.vocabulary.words.internal.ids
our-files-only cold: evicted /local/data-ssd/stoetzem/qlever-indices/dblp/dblp.* resident_before=809742336B resident_after=0B (fincore)
fatal: not a git repository (or any parent up to mount point /local)
Stopping at filesystem boundary (GIT_DISCOVERY_ACROSS_FILESYSTEM not set).
fatal: not a git repository (or any parent up to mount point /local)
Stopping at filesystem boundary (GIT_DISCOVERY_ACROSS_FILESYSTEM not set).
fatal: not a git repository (or any parent up to mount point /local)
Stopping at filesystem boundary (GIT_DISCOVERY_ACROSS_FILESYSTEM not set).
fatal: not a git repository (or any parent up to mount point /local)
Stopping at filesystem boundary (GIT_DISCOVERY_ACROSS_FILESYSTEM not set).
fatal: not a git repository (or any parent up to mount point /local)
Stopping at filesystem boundary (GIT_DISCOVERY_ACROSS_FILESYSTEM not set).
rep 1/1: complete export=s e2e=1.716003821s 15532320 bytes syscr=171 pread64=123 io_uring_enter=298273 read_bytes=716308480 cpu_s=5.150000
[2026-09-28T20:26:29Z] pr3526-H-vocab-title-large-cold-variant-r1 done
/local/data-ssd/stoetzem/qlever-indices/dblp/dblp.index.ops
/local/data-ssd/stoetzem/qlever-indices/dblp/dblp.index.ops.meta
/local/data-ssd/stoetzem/qlever-indices/dblp/dblp.index.osp
/local/data-ssd/stoetzem/qlever-indices/dblp/dblp.index.osp.meta
/local/data-ssd/stoetzem/qlever-indices/dblp/dblp.index.patterns
/local/data-ssd/stoetzem/qlever-indices/dblp/dblp.index.pos
/local/data-ssd/stoetzem/qlever-indices/dblp/dblp.index.pos.meta
/local/data-ssd/stoetzem/qlever-indices/dblp/dblp.index.pso
/local/data-ssd/stoetzem/qlever-indices/dblp/dblp.index.pso.meta
/local/data-ssd/stoetzem/qlever-indices/dblp/dblp.index.sop
/local/data-ssd/stoetzem/qlever-indices/dblp/dblp.index.sop.meta
/local/data-ssd/stoetzem/qlever-indices/dblp/dblp.index.spo
/local/data-ssd/stoetzem/qlever-indices/dblp/dblp.index.spo.meta
/local/data-ssd/stoetzem/qlever-indices/dblp/dblp.internal.index.pos
/local/data-ssd/stoetzem/qlever-indices/dblp/dblp.internal.index.pos.meta
/local/data-ssd/stoetzem/qlever-indices/dblp/dblp.internal.index.pso
/local/data-ssd/stoetzem/qlever-indices/dblp/dblp.internal.index.pso.meta
/local/data-ssd/stoetzem/qlever-indices/dblp/dblp.meta-data.json
/local/data-ssd/stoetzem/qlever-indices/dblp/dblp.metrics-log.jsonl
/local/data-ssd/stoetzem/qlever-indices/dblp/dblp.server.resource-usage-log.tsv
/local/data-ssd/stoetzem/qlever-indices/dblp/dblp.settings.json
/local/data-ssd/stoetzem/qlever-indices/dblp/dblp.vocabulary.codebooks
/local/data-ssd/stoetzem/qlever-indices/dblp/dblp.vocabulary.words.external
/local/data-ssd/stoetzem/qlever-indices/dblp/dblp.vocabulary.words.external.offsets
/local/data-ssd/stoetzem/qlever-indices/dblp/dblp.vocabulary.words.internal
/local/data-ssd/stoetzem/qlever-indices/dblp/dblp.vocabulary.words.internal.ids
our-files-only cold: evicted /local/data-ssd/stoetzem/qlever-indices/dblp/dblp.* resident_before=694190080B resident_after=0B (fincore)
fatal: not a git repository (or any parent up to mount point /local)
Stopping at filesystem boundary (GIT_DISCOVERY_ACROSS_FILESYSTEM not set).
fatal: not a git repository (or any parent up to mount point /local)
Stopping at filesystem boundary (GIT_DISCOVERY_ACROSS_FILESYSTEM not set).
fatal: not a git repository (or any parent up to mount point /local)
Stopping at filesystem boundary (GIT_DISCOVERY_ACROSS_FILESYSTEM not set).
fatal: not a git repository (or any parent up to mount point /local)
Stopping at filesystem boundary (GIT_DISCOVERY_ACROSS_FILESYSTEM not set).
fatal: not a git repository (or any parent up to mount point /local)
Stopping at filesystem boundary (GIT_DISCOVERY_ACROSS_FILESYSTEM not set).
rep 1/1: complete export=s e2e=1.254768300s 15532320 bytes syscr=167 pread64=123 io_uring_enter=299065 read_bytes=717193216 cpu_s=5.130000
[2026-09-28T20:32:11Z] pr3526-H-vocab-title-large-cold-variant-r2 done
/local/data-ssd/stoetzem/qlever-indices/dblp/dblp.index.ops
/local/data-ssd/stoetzem/qlever-indices/dblp/dblp.index.ops.meta
/local/data-ssd/stoetzem/qlever-indices/dblp/dblp.index.osp
/local/data-ssd/stoetzem/qlever-indices/dblp/dblp.index.osp.meta
/local/data-ssd/stoetzem/qlever-indices/dblp/dblp.index.patterns
/local/data-ssd/stoetzem/qlever-indices/dblp/dblp.index.pos
/local/data-ssd/stoetzem/qlever-indices/dblp/dblp.index.pos.meta
/local/data-ssd/stoetzem/qlever-indices/dblp/dblp.index.pso
/local/data-ssd/stoetzem/qlever-indices/dblp/dblp.index.pso.meta
/local/data-ssd/stoetzem/qlever-indices/dblp/dblp.index.sop
/local/data-ssd/stoetzem/qlever-indices/dblp/dblp.index.sop.meta
/local/data-ssd/stoetzem/qlever-indices/dblp/dblp.index.spo
/local/data-ssd/stoetzem/qlever-indices/dblp/dblp.index.spo.meta
/local/data-ssd/stoetzem/qlever-indices/dblp/dblp.internal.index.pos
/local/data-ssd/stoetzem/qlever-indices/dblp/dblp.internal.index.pos.meta
/local/data-ssd/stoetzem/qlever-indices/dblp/dblp.internal.index.pso
/local/data-ssd/stoetzem/qlever-indices/dblp/dblp.internal.index.pso.meta
/local/data-ssd/stoetzem/qlever-indices/dblp/dblp.meta-data.json
/local/data-ssd/stoetzem/qlever-indices/dblp/dblp.metrics-log.jsonl
/local/data-ssd/stoetzem/qlever-indices/dblp/dblp.server.resource-usage-log.tsv
/local/data-ssd/stoetzem/qlever-indices/dblp/dblp.settings.json
/local/data-ssd/stoetzem/qlever-indices/dblp/dblp.vocabulary.codebooks
/local/data-ssd/stoetzem/qlever-indices/dblp/dblp.vocabulary.words.external
/local/data-ssd/stoetzem/qlever-indices/dblp/dblp.vocabulary.words.external.offsets
/local/data-ssd/stoetzem/qlever-indices/dblp/dblp.vocabulary.words.internal
/local/data-ssd/stoetzem/qlever-indices/dblp/dblp.vocabulary.words.internal.ids
our-files-only cold: evicted /local/data-ssd/stoetzem/qlever-indices/dblp/dblp.* resident_before=783527936B resident_after=0B (fincore)
fatal: not a git repository (or any parent up to mount point /local)
Stopping at filesystem boundary (GIT_DISCOVERY_ACROSS_FILESYSTEM not set).
fatal: not a git repository (or any parent up to mount point /local)
Stopping at filesystem boundary (GIT_DISCOVERY_ACROSS_FILESYSTEM not set).
fatal: not a git repository (or any parent up to mount point /local)
Stopping at filesystem boundary (GIT_DISCOVERY_ACROSS_FILESYSTEM not set).
fatal: not a git repository (or any parent up to mount point /local)
Stopping at filesystem boundary (GIT_DISCOVERY_ACROSS_FILESYSTEM not set).
fatal: not a git repository (or any parent up to mount point /local)
Stopping at filesystem boundary (GIT_DISCOVERY_ACROSS_FILESYSTEM not set).
rep 1/1: complete export=s e2e=4.795107101s 15532320 bytes syscr=398387 pread64=199229 io_uring_enter=0 read_bytes=743407616 cpu_s=1.390000
[2026-09-28T20:32:26Z] pr3526-H-vocab-title-large-cold-base-r2 done
/local/data-ssd/stoetzem/qlever-indices/dblp/dblp.index.ops
/local/data-ssd/stoetzem/qlever-indices/dblp/dblp.index.ops.meta
/local/data-ssd/stoetzem/qlever-indices/dblp/dblp.index.osp
/local/data-ssd/stoetzem/qlever-indices/dblp/dblp.index.osp.meta
/local/data-ssd/stoetzem/qlever-indices/dblp/dblp.index.patterns
/local/data-ssd/stoetzem/qlever-indices/dblp/dblp.index.pos
/local/data-ssd/stoetzem/qlever-indices/dblp/dblp.index.pos.meta
/local/data-ssd/stoetzem/qlever-indices/dblp/dblp.index.pso
/local/data-ssd/stoetzem/qlever-indices/dblp/dblp.index.pso.meta
/local/data-ssd/stoetzem/qlever-indices/dblp/dblp.index.sop
/local/data-ssd/stoetzem/qlever-indices/dblp/dblp.index.sop.meta
/local/data-ssd/stoetzem/qlever-indices/dblp/dblp.index.spo
/local/data-ssd/stoetzem/qlever-indices/dblp/dblp.index.spo.meta
/local/data-ssd/stoetzem/qlever-indices/dblp/dblp.internal.index.pos
/local/data-ssd/stoetzem/qlever-indices/dblp/dblp.internal.index.pos.meta
/local/data-ssd/stoetzem/qlever-indices/dblp/dblp.internal.index.pso
/local/data-ssd/stoetzem/qlever-indices/dblp/dblp.internal.index.pso.meta
/local/data-ssd/stoetzem/qlever-indices/dblp/dblp.meta-data.json
/local/data-ssd/stoetzem/qlever-indices/dblp/dblp.metrics-log.jsonl
/local/data-ssd/stoetzem/qlever-indices/dblp/dblp.server.resource-usage-log.tsv
/local/data-ssd/stoetzem/qlever-indices/dblp/dblp.settings.json
/local/data-ssd/stoetzem/qlever-indices/dblp/dblp.vocabulary.codebooks
/local/data-ssd/stoetzem/qlever-indices/dblp/dblp.vocabulary.words.external
/local/data-ssd/stoetzem/qlever-indices/dblp/dblp.vocabulary.words.external.offsets
/local/data-ssd/stoetzem/qlever-indices/dblp/dblp.vocabulary.words.internal
/local/data-ssd/stoetzem/qlever-indices/dblp/dblp.vocabulary.words.internal.ids
our-files-only cold: evicted /local/data-ssd/stoetzem/qlever-indices/dblp/dblp.* resident_before=809742336B resident_after=0B (fincore)
fatal: not a git repository (or any parent up to mount point /local)
Stopping at filesystem boundary (GIT_DISCOVERY_ACROSS_FILESYSTEM not set).
fatal: not a git repository (or any parent up to mount point /local)
Stopping at filesystem boundary (GIT_DISCOVERY_ACROSS_FILESYSTEM not set).
fatal: not a git repository (or any parent up to mount point /local)
Stopping at filesystem boundary (GIT_DISCOVERY_ACROSS_FILESYSTEM not set).
fatal: not a git repository (or any parent up to mount point /local)
Stopping at filesystem boundary (GIT_DISCOVERY_ACROSS_FILESYSTEM not set).
fatal: not a git repository (or any parent up to mount point /local)
Stopping at filesystem boundary (GIT_DISCOVERY_ACROSS_FILESYSTEM not set).
rep 1/1: complete export=s e2e=4.718947137s 15532320 bytes syscr=398387 pread64=199229 io_uring_enter=0 read_bytes=743407616 cpu_s=1.340000
[2026-09-28T20:32:42Z] pr3526-H-vocab-title-large-cold-base-r3 done
/local/data-ssd/stoetzem/qlever-indices/dblp/dblp.index.ops
/local/data-ssd/stoetzem/qlever-indices/dblp/dblp.index.ops.meta
/local/data-ssd/stoetzem/qlever-indices/dblp/dblp.index.osp
/local/data-ssd/stoetzem/qlever-indices/dblp/dblp.index.osp.meta
/local/data-ssd/stoetzem/qlever-indices/dblp/dblp.index.patterns
/local/data-ssd/stoetzem/qlever-indices/dblp/dblp.index.pos
/local/data-ssd/stoetzem/qlever-indices/dblp/dblp.index.pos.meta
/local/data-ssd/stoetzem/qlever-indices/dblp/dblp.index.pso
/local/data-ssd/stoetzem/qlever-indices/dblp/dblp.index.pso.meta
/local/data-ssd/stoetzem/qlever-indices/dblp/dblp.index.sop
/local/data-ssd/stoetzem/qlever-indices/dblp/dblp.index.sop.meta
/local/data-ssd/stoetzem/qlever-indices/dblp/dblp.index.spo
/local/data-ssd/stoetzem/qlever-indices/dblp/dblp.index.spo.meta
/local/data-ssd/stoetzem/qlever-indices/dblp/dblp.internal.index.pos
/local/data-ssd/stoetzem/qlever-indices/dblp/dblp.internal.index.pos.meta
/local/data-ssd/stoetzem/qlever-indices/dblp/dblp.internal.index.pso
/local/data-ssd/stoetzem/qlever-indices/dblp/dblp.internal.index.pso.meta
/local/data-ssd/stoetzem/qlever-indices/dblp/dblp.meta-data.json
/local/data-ssd/stoetzem/qlever-indices/dblp/dblp.metrics-log.jsonl
/local/data-ssd/stoetzem/qlever-indices/dblp/dblp.server.resource-usage-log.tsv
/local/data-ssd/stoetzem/qlever-indices/dblp/dblp.settings.json
/local/data-ssd/stoetzem/qlever-indices/dblp/dblp.vocabulary.codebooks
/local/data-ssd/stoetzem/qlever-indices/dblp/dblp.vocabulary.words.external
/local/data-ssd/stoetzem/qlever-indices/dblp/dblp.vocabulary.words.external.offsets
/local/data-ssd/stoetzem/qlever-indices/dblp/dblp.vocabulary.words.internal
/local/data-ssd/stoetzem/qlever-indices/dblp/dblp.vocabulary.words.internal.ids
our-files-only cold: evicted /local/data-ssd/stoetzem/qlever-indices/dblp/dblp.* resident_before=809742336B resident_after=0B (fincore)
fatal: not a git repository (or any parent up to mount point /local)
Stopping at filesystem boundary (GIT_DISCOVERY_ACROSS_FILESYSTEM not set).
fatal: not a git repository (or any parent up to mount point /local)
Stopping at filesystem boundary (GIT_DISCOVERY_ACROSS_FILESYSTEM not set).
fatal: not a git repository (or any parent up to mount point /local)
Stopping at filesystem boundary (GIT_DISCOVERY_ACROSS_FILESYSTEM not set).
fatal: not a git repository (or any parent up to mount point /local)
Stopping at filesystem boundary (GIT_DISCOVERY_ACROSS_FILESYSTEM not set).
fatal: not a git repository (or any parent up to mount point /local)
Stopping at filesystem boundary (GIT_DISCOVERY_ACROSS_FILESYSTEM not set).
rep 1/1: complete export=s e2e=1.235171092s 15532320 bytes syscr=167 pread64=123 io_uring_enter=298763 read_bytes=724705280 cpu_s=5.020000
[2026-09-28T20:32:53Z] pr3526-H-vocab-title-large-cold-variant-r3 done
fatal: not a git repository (or any parent up to mount point /local)
Stopping at filesystem boundary (GIT_DISCOVERY_ACROSS_FILESYSTEM not set).
fatal: not a git repository (or any parent up to mount point /local)
Stopping at filesystem boundary (GIT_DISCOVERY_ACROSS_FILESYSTEM not set).
fatal: not a git repository (or any parent up to mount point /local)
Stopping at filesystem boundary (GIT_DISCOVERY_ACROSS_FILESYSTEM not set).
fatal: not a git repository (or any parent up to mount point /local)
Stopping at filesystem boundary (GIT_DISCOVERY_ACROSS_FILESYSTEM not set).
fatal: not a git repository (or any parent up to mount point /local)
Stopping at filesystem boundary (GIT_DISCOVERY_ACROSS_FILESYSTEM not set).
rep 1/1: complete export=s e2e=0.530945810s 15532320 bytes syscr=7569225 pread64=3785351 io_uring_enter=0 read_bytes=0 cpu_s=14.140000
[2026-09-28T20:33:19Z] pr3526-H-vocab-title-large-warm-base-r1 done
fatal: not a git repository (or any parent up to mount point /local)
Stopping at filesystem boundary (GIT_DISCOVERY_ACROSS_FILESYSTEM not set).
fatal: not a git repository (or any parent up to mount point /local)
Stopping at filesystem boundary (GIT_DISCOVERY_ACROSS_FILESYSTEM not set).
fatal: not a git repository (or any parent up to mount point /local)
Stopping at filesystem boundary (GIT_DISCOVERY_ACROSS_FILESYSTEM not set).
fatal: not a git repository (or any parent up to mount point /local)
Stopping at filesystem boundary (GIT_DISCOVERY_ACROSS_FILESYSTEM not set).
fatal: not a git repository (or any parent up to mount point /local)
Stopping at filesystem boundary (GIT_DISCOVERY_ACROSS_FILESYSTEM not set).
rep 1/1: complete export=s e2e=1.150347380s 15532320 bytes syscr=1527 pread64=1107 io_uring_enter=2671330 read_bytes=0 cpu_s=36.840000
[2026-09-28T20:33:41Z] pr3526-H-vocab-title-large-warm-variant-r1 done
fatal: not a git repository (or any parent up to mount point /local)
Stopping at filesystem boundary (GIT_DISCOVERY_ACROSS_FILESYSTEM not set).
fatal: not a git repository (or any parent up to mount point /local)
Stopping at filesystem boundary (GIT_DISCOVERY_ACROSS_FILESYSTEM not set).
fatal: not a git repository (or any parent up to mount point /local)
Stopping at filesystem boundary (GIT_DISCOVERY_ACROSS_FILESYSTEM not set).
fatal: not a git repository (or any parent up to mount point /local)
Stopping at filesystem boundary (GIT_DISCOVERY_ACROSS_FILESYSTEM not set).
fatal: not a git repository (or any parent up to mount point /local)
Stopping at filesystem boundary (GIT_DISCOVERY_ACROSS_FILESYSTEM not set).
rep 1/1: complete export=s e2e=1.148365093s 15532320 bytes syscr=1527 pread64=1107 io_uring_enter=2671571 read_bytes=0 cpu_s=36.900000
[2026-09-28T20:34:02Z] pr3526-H-vocab-title-large-warm-variant-r2 done
fatal: not a git repository (or any parent up to mount point /local)
Stopping at filesystem boundary (GIT_DISCOVERY_ACROSS_FILESYSTEM not set).
fatal: not a git repository (or any parent up to mount point /local)
Stopping at filesystem boundary (GIT_DISCOVERY_ACROSS_FILESYSTEM not set).
fatal: not a git repository (or any parent up to mount point /local)
Stopping at filesystem boundary (GIT_DISCOVERY_ACROSS_FILESYSTEM not set).
fatal: not a git repository (or any parent up to mount point /local)
Stopping at filesystem boundary (GIT_DISCOVERY_ACROSS_FILESYSTEM not set).
fatal: not a git repository (or any parent up to mount point /local)
Stopping at filesystem boundary (GIT_DISCOVERY_ACROSS_FILESYSTEM not set).
rep 1/1: complete export=s e2e=0.542789888s 15532320 bytes syscr=7569225 pread64=3785351 io_uring_enter=0 read_bytes=0 cpu_s=14.300000
[2026-09-28T20:34:28Z] pr3526-H-vocab-title-large-warm-base-r2 done
fatal: not a git repository (or any parent up to mount point /local)
Stopping at filesystem boundary (GIT_DISCOVERY_ACROSS_FILESYSTEM not set).
fatal: not a git repository (or any parent up to mount point /local)
Stopping at filesystem boundary (GIT_DISCOVERY_ACROSS_FILESYSTEM not set).
fatal: not a git repository (or any parent up to mount point /local)
Stopping at filesystem boundary (GIT_DISCOVERY_ACROSS_FILESYSTEM not set).
fatal: not a git repository (or any parent up to mount point /local)
Stopping at filesystem boundary (GIT_DISCOVERY_ACROSS_FILESYSTEM not set).
fatal: not a git repository (or any parent up to mount point /local)
Stopping at filesystem boundary (GIT_DISCOVERY_ACROSS_FILESYSTEM not set).
rep 1/1: complete export=s e2e=0.538845255s 15532320 bytes syscr=7569225 pread64=3785351 io_uring_enter=0 read_bytes=0 cpu_s=14.210000
[2026-09-28T20:34:54Z] pr3526-H-vocab-title-large-warm-base-r3 done
fatal: not a git repository (or any parent up to mount point /local)
Stopping at filesystem boundary (GIT_DISCOVERY_ACROSS_FILESYSTEM not set).
fatal: not a git repository (or any parent up to mount point /local)
Stopping at filesystem boundary (GIT_DISCOVERY_ACROSS_FILESYSTEM not set).
fatal: not a git repository (or any parent up to mount point /local)
Stopping at filesystem boundary (GIT_DISCOVERY_ACROSS_FILESYSTEM not set).
fatal: not a git repository (or any parent up to mount point /local)
Stopping at filesystem boundary (GIT_DISCOVERY_ACROSS_FILESYSTEM not set).
fatal: not a git repository (or any parent up to mount point /local)
Stopping at filesystem boundary (GIT_DISCOVERY_ACROSS_FILESYSTEM not set).
rep 1/1: complete export=s e2e=1.159237446s 15532320 bytes syscr=1527 pread64=1107 io_uring_enter=2671354 read_bytes=0 cpu_s=36.910000
[2026-09-28T20:35:16Z] pr3526-H-vocab-title-large-warm-variant-r3 done
/local/data-ssd/stoetzem/qlever-indices/dblp/dblp.index.ops
/local/data-ssd/stoetzem/qlever-indices/dblp/dblp.index.ops.meta
/local/data-ssd/stoetzem/qlever-indices/dblp/dblp.index.osp
/local/data-ssd/stoetzem/qlever-indices/dblp/dblp.index.osp.meta
/local/data-ssd/stoetzem/qlever-indices/dblp/dblp.index.patterns
/local/data-ssd/stoetzem/qlever-indices/dblp/dblp.index.pos
/local/data-ssd/stoetzem/qlever-indices/dblp/dblp.index.pos.meta
/local/data-ssd/stoetzem/qlever-indices/dblp/dblp.index.pso
/local/data-ssd/stoetzem/qlever-indices/dblp/dblp.index.pso.meta
/local/data-ssd/stoetzem/qlever-indices/dblp/dblp.index.sop
/local/data-ssd/stoetzem/qlever-indices/dblp/dblp.index.sop.meta
/local/data-ssd/stoetzem/qlever-indices/dblp/dblp.index.spo
/local/data-ssd/stoetzem/qlever-indices/dblp/dblp.index.spo.meta
/local/data-ssd/stoetzem/qlever-indices/dblp/dblp.internal.index.pos
/local/data-ssd/stoetzem/qlever-indices/dblp/dblp.internal.index.pos.meta
/local/data-ssd/stoetzem/qlever-indices/dblp/dblp.internal.index.pso
/local/data-ssd/stoetzem/qlever-indices/dblp/dblp.internal.index.pso.meta
/local/data-ssd/stoetzem/qlever-indices/dblp/dblp.meta-data.json
/local/data-ssd/stoetzem/qlever-indices/dblp/dblp.metrics-log.jsonl
/local/data-ssd/stoetzem/qlever-indices/dblp/dblp.server.resource-usage-log.tsv
/local/data-ssd/stoetzem/qlever-indices/dblp/dblp.settings.json
/local/data-ssd/stoetzem/qlever-indices/dblp/dblp.vocabulary.codebooks
/local/data-ssd/stoetzem/qlever-indices/dblp/dblp.vocabulary.words.external
/local/data-ssd/stoetzem/qlever-indices/dblp/dblp.vocabulary.words.external.offsets
/local/data-ssd/stoetzem/qlever-indices/dblp/dblp.vocabulary.words.internal
/local/data-ssd/stoetzem/qlever-indices/dblp/dblp.vocabulary.words.internal.ids
our-files-only cold: evicted /local/data-ssd/stoetzem/qlever-indices/dblp/dblp.* resident_before=789606400B resident_after=0B (fincore)
fatal: not a git repository (or any parent up to mount point /local)
Stopping at filesystem boundary (GIT_DISCOVERY_ACROSS_FILESYSTEM not set).
fatal: not a git repository (or any parent up to mount point /local)
Stopping at filesystem boundary (GIT_DISCOVERY_ACROSS_FILESYSTEM not set).
fatal: not a git repository (or any parent up to mount point /local)
Stopping at filesystem boundary (GIT_DISCOVERY_ACROSS_FILESYSTEM not set).
fatal: not a git repository (or any parent up to mount point /local)
Stopping at filesystem boundary (GIT_DISCOVERY_ACROSS_FILESYSTEM not set).
fatal: not a git repository (or any parent up to mount point /local)
Stopping at filesystem boundary (GIT_DISCOVERY_ACROSS_FILESYSTEM not set).
rep 1/1: complete export=s e2e=3.916960268s 61418523 bytes syscr=285480 pread64=143367 io_uring_enter=0 read_bytes=487165952 cpu_s=1.890000
[2026-09-28T20:35:31Z] pr3526-H-size-cold-base-r1 done
/local/data-ssd/stoetzem/qlever-indices/dblp/dblp.index.ops
/local/data-ssd/stoetzem/qlever-indices/dblp/dblp.index.ops.meta
/local/data-ssd/stoetzem/qlever-indices/dblp/dblp.index.osp
/local/data-ssd/stoetzem/qlever-indices/dblp/dblp.index.osp.meta
/local/data-ssd/stoetzem/qlever-indices/dblp/dblp.index.patterns
/local/data-ssd/stoetzem/qlever-indices/dblp/dblp.index.pos
/local/data-ssd/stoetzem/qlever-indices/dblp/dblp.index.pos.meta
/local/data-ssd/stoetzem/qlever-indices/dblp/dblp.index.pso
/local/data-ssd/stoetzem/qlever-indices/dblp/dblp.index.pso.meta
/local/data-ssd/stoetzem/qlever-indices/dblp/dblp.index.sop
/local/data-ssd/stoetzem/qlever-indices/dblp/dblp.index.sop.meta
/local/data-ssd/stoetzem/qlever-indices/dblp/dblp.index.spo
/local/data-ssd/stoetzem/qlever-indices/dblp/dblp.index.spo.meta
/local/data-ssd/stoetzem/qlever-indices/dblp/dblp.internal.index.pos
/local/data-ssd/stoetzem/qlever-indices/dblp/dblp.internal.index.pos.meta
/local/data-ssd/stoetzem/qlever-indices/dblp/dblp.internal.index.pso
/local/data-ssd/stoetzem/qlever-indices/dblp/dblp.internal.index.pso.meta
/local/data-ssd/stoetzem/qlever-indices/dblp/dblp.meta-data.json
/local/data-ssd/stoetzem/qlever-indices/dblp/dblp.metrics-log.jsonl
/local/data-ssd/stoetzem/qlever-indices/dblp/dblp.server.resource-usage-log.tsv
/local/data-ssd/stoetzem/qlever-indices/dblp/dblp.settings.json
/local/data-ssd/stoetzem/qlever-indices/dblp/dblp.vocabulary.codebooks
/local/data-ssd/stoetzem/qlever-indices/dblp/dblp.vocabulary.words.external
/local/data-ssd/stoetzem/qlever-indices/dblp/dblp.vocabulary.words.external.offsets
/local/data-ssd/stoetzem/qlever-indices/dblp/dblp.vocabulary.words.internal
/local/data-ssd/stoetzem/qlever-indices/dblp/dblp.vocabulary.words.internal.ids
our-files-only cold: evicted /local/data-ssd/stoetzem/qlever-indices/dblp/dblp.* resident_before=553504768B resident_after=0B (fincore)
fatal: not a git repository (or any parent up to mount point /local)
Stopping at filesystem boundary (GIT_DISCOVERY_ACROSS_FILESYSTEM not set).
fatal: not a git repository (or any parent up to mount point /local)
Stopping at filesystem boundary (GIT_DISCOVERY_ACROSS_FILESYSTEM not set).
fatal: not a git repository (or any parent up to mount point /local)
Stopping at filesystem boundary (GIT_DISCOVERY_ACROSS_FILESYSTEM not set).
fatal: not a git repository (or any parent up to mount point /local)
Stopping at filesystem boundary (GIT_DISCOVERY_ACROSS_FILESYSTEM not set).
fatal: not a git repository (or any parent up to mount point /local)
Stopping at filesystem boundary (GIT_DISCOVERY_ACROSS_FILESYSTEM not set).
rep 1/1: complete export=s e2e=1.277221451s 61418523 bytes syscr=1438 pread64=1350 io_uring_enter=12102 read_bytes=474722304 cpu_s=4.780000
[2026-09-28T20:35:42Z] pr3526-H-size-cold-variant-r1 done
/local/data-ssd/stoetzem/qlever-indices/dblp/dblp.index.ops
/local/data-ssd/stoetzem/qlever-indices/dblp/dblp.index.ops.meta
/local/data-ssd/stoetzem/qlever-indices/dblp/dblp.index.osp
/local/data-ssd/stoetzem/qlever-indices/dblp/dblp.index.osp.meta
/local/data-ssd/stoetzem/qlever-indices/dblp/dblp.index.patterns
/local/data-ssd/stoetzem/qlever-indices/dblp/dblp.index.pos
/local/data-ssd/stoetzem/qlever-indices/dblp/dblp.index.pos.meta
/local/data-ssd/stoetzem/qlever-indices/dblp/dblp.index.pso
/local/data-ssd/stoetzem/qlever-indices/dblp/dblp.index.pso.meta
/local/data-ssd/stoetzem/qlever-indices/dblp/dblp.index.sop
/local/data-ssd/stoetzem/qlever-indices/dblp/dblp.index.sop.meta
/local/data-ssd/stoetzem/qlever-indices/dblp/dblp.index.spo
/local/data-ssd/stoetzem/qlever-indices/dblp/dblp.index.spo.meta
/local/data-ssd/stoetzem/qlever-indices/dblp/dblp.internal.index.pos
/local/data-ssd/stoetzem/qlever-indices/dblp/dblp.internal.index.pos.meta
/local/data-ssd/stoetzem/qlever-indices/dblp/dblp.internal.index.pso
/local/data-ssd/stoetzem/qlever-indices/dblp/dblp.internal.index.pso.meta
/local/data-ssd/stoetzem/qlever-indices/dblp/dblp.meta-data.json
/local/data-ssd/stoetzem/qlever-indices/dblp/dblp.metrics-log.jsonl
/local/data-ssd/stoetzem/qlever-indices/dblp/dblp.server.resource-usage-log.tsv
/local/data-ssd/stoetzem/qlever-indices/dblp/dblp.settings.json
/local/data-ssd/stoetzem/qlever-indices/dblp/dblp.vocabulary.codebooks
/local/data-ssd/stoetzem/qlever-indices/dblp/dblp.vocabulary.words.external
/local/data-ssd/stoetzem/qlever-indices/dblp/dblp.vocabulary.words.external.offsets
/local/data-ssd/stoetzem/qlever-indices/dblp/dblp.vocabulary.words.internal
/local/data-ssd/stoetzem/qlever-indices/dblp/dblp.vocabulary.words.internal.ids
our-files-only cold: evicted /local/data-ssd/stoetzem/qlever-indices/dblp/dblp.* resident_before=541061120B resident_after=0B (fincore)
fatal: not a git repository (or any parent up to mount point /local)
Stopping at filesystem boundary (GIT_DISCOVERY_ACROSS_FILESYSTEM not set).
fatal: not a git repository (or any parent up to mount point /local)
Stopping at filesystem boundary (GIT_DISCOVERY_ACROSS_FILESYSTEM not set).
fatal: not a git repository (or any parent up to mount point /local)
Stopping at filesystem boundary (GIT_DISCOVERY_ACROSS_FILESYSTEM not set).
fatal: not a git repository (or any parent up to mount point /local)
Stopping at filesystem boundary (GIT_DISCOVERY_ACROSS_FILESYSTEM not set).
fatal: not a git repository (or any parent up to mount point /local)
Stopping at filesystem boundary (GIT_DISCOVERY_ACROSS_FILESYSTEM not set).
rep 1/1: complete export=s e2e=1.319170152s 61418523 bytes syscr=1438 pread64=1350 io_uring_enter=11963 read_bytes=470392832 cpu_s=4.780000
[2026-09-28T20:35:54Z] pr3526-H-size-cold-variant-r2 done
/local/data-ssd/stoetzem/qlever-indices/dblp/dblp.index.ops
/local/data-ssd/stoetzem/qlever-indices/dblp/dblp.index.ops.meta
/local/data-ssd/stoetzem/qlever-indices/dblp/dblp.index.osp
/local/data-ssd/stoetzem/qlever-indices/dblp/dblp.index.osp.meta
/local/data-ssd/stoetzem/qlever-indices/dblp/dblp.index.patterns
/local/data-ssd/stoetzem/qlever-indices/dblp/dblp.index.pos
/local/data-ssd/stoetzem/qlever-indices/dblp/dblp.index.pos.meta
/local/data-ssd/stoetzem/qlever-indices/dblp/dblp.index.pso
/local/data-ssd/stoetzem/qlever-indices/dblp/dblp.index.pso.meta
/local/data-ssd/stoetzem/qlever-indices/dblp/dblp.index.sop
/local/data-ssd/stoetzem/qlever-indices/dblp/dblp.index.sop.meta
/local/data-ssd/stoetzem/qlever-indices/dblp/dblp.index.spo
/local/data-ssd/stoetzem/qlever-indices/dblp/dblp.index.spo.meta
/local/data-ssd/stoetzem/qlever-indices/dblp/dblp.internal.index.pos
/local/data-ssd/stoetzem/qlever-indices/dblp/dblp.internal.index.pos.meta
/local/data-ssd/stoetzem/qlever-indices/dblp/dblp.internal.index.pso
/local/data-ssd/stoetzem/qlever-indices/dblp/dblp.internal.index.pso.meta
/local/data-ssd/stoetzem/qlever-indices/dblp/dblp.meta-data.json
/local/data-ssd/stoetzem/qlever-indices/dblp/dblp.metrics-log.jsonl
/local/data-ssd/stoetzem/qlever-indices/dblp/dblp.server.resource-usage-log.tsv
/local/data-ssd/stoetzem/qlever-indices/dblp/dblp.settings.json
/local/data-ssd/stoetzem/qlever-indices/dblp/dblp.vocabulary.codebooks
/local/data-ssd/stoetzem/qlever-indices/dblp/dblp.vocabulary.words.external
/local/data-ssd/stoetzem/qlever-indices/dblp/dblp.vocabulary.words.external.offsets
/local/data-ssd/stoetzem/qlever-indices/dblp/dblp.vocabulary.words.internal
/local/data-ssd/stoetzem/qlever-indices/dblp/dblp.vocabulary.words.internal.ids
our-files-only cold: evicted /local/data-ssd/stoetzem/qlever-indices/dblp/dblp.* resident_before=536731648B resident_after=0B (fincore)
fatal: not a git repository (or any parent up to mount point /local)
Stopping at filesystem boundary (GIT_DISCOVERY_ACROSS_FILESYSTEM not set).
fatal: not a git repository (or any parent up to mount point /local)
Stopping at filesystem boundary (GIT_DISCOVERY_ACROSS_FILESYSTEM not set).
fatal: not a git repository (or any parent up to mount point /local)
Stopping at filesystem boundary (GIT_DISCOVERY_ACROSS_FILESYSTEM not set).
fatal: not a git repository (or any parent up to mount point /local)
Stopping at filesystem boundary (GIT_DISCOVERY_ACROSS_FILESYSTEM not set).
fatal: not a git repository (or any parent up to mount point /local)
Stopping at filesystem boundary (GIT_DISCOVERY_ACROSS_FILESYSTEM not set).
rep 1/1: complete export=s e2e=3.923240199s 61418523 bytes syscr=285480 pread64=143367 io_uring_enter=0 read_bytes=487165952 cpu_s=1.890000
[2026-09-28T20:36:08Z] pr3526-H-size-cold-base-r2 done
/local/data-ssd/stoetzem/qlever-indices/dblp/dblp.index.ops
/local/data-ssd/stoetzem/qlever-indices/dblp/dblp.index.ops.meta
/local/data-ssd/stoetzem/qlever-indices/dblp/dblp.index.osp
/local/data-ssd/stoetzem/qlever-indices/dblp/dblp.index.osp.meta
/local/data-ssd/stoetzem/qlever-indices/dblp/dblp.index.patterns
/local/data-ssd/stoetzem/qlever-indices/dblp/dblp.index.pos
/local/data-ssd/stoetzem/qlever-indices/dblp/dblp.index.pos.meta
/local/data-ssd/stoetzem/qlever-indices/dblp/dblp.index.pso
/local/data-ssd/stoetzem/qlever-indices/dblp/dblp.index.pso.meta
/local/data-ssd/stoetzem/qlever-indices/dblp/dblp.index.sop
/local/data-ssd/stoetzem/qlever-indices/dblp/dblp.index.sop.meta
/local/data-ssd/stoetzem/qlever-indices/dblp/dblp.index.spo
/local/data-ssd/stoetzem/qlever-indices/dblp/dblp.index.spo.meta
/local/data-ssd/stoetzem/qlever-indices/dblp/dblp.internal.index.pos
/local/data-ssd/stoetzem/qlever-indices/dblp/dblp.internal.index.pos.meta
/local/data-ssd/stoetzem/qlever-indices/dblp/dblp.internal.index.pso
/local/data-ssd/stoetzem/qlever-indices/dblp/dblp.internal.index.pso.meta
/local/data-ssd/stoetzem/qlever-indices/dblp/dblp.meta-data.json
/local/data-ssd/stoetzem/qlever-indices/dblp/dblp.metrics-log.jsonl
/local/data-ssd/stoetzem/qlever-indices/dblp/dblp.server.resource-usage-log.tsv
/local/data-ssd/stoetzem/qlever-indices/dblp/dblp.settings.json
/local/data-ssd/stoetzem/qlever-indices/dblp/dblp.vocabulary.codebooks
/local/data-ssd/stoetzem/qlever-indices/dblp/dblp.vocabulary.words.external
/local/data-ssd/stoetzem/qlever-indices/dblp/dblp.vocabulary.words.external.offsets
/local/data-ssd/stoetzem/qlever-indices/dblp/dblp.vocabulary.words.internal
/local/data-ssd/stoetzem/qlever-indices/dblp/dblp.vocabulary.words.internal.ids
our-files-only cold: evicted /local/data-ssd/stoetzem/qlever-indices/dblp/dblp.* resident_before=553508864B resident_after=0B (fincore)
fatal: not a git repository (or any parent up to mount point /local)
Stopping at filesystem boundary (GIT_DISCOVERY_ACROSS_FILESYSTEM not set).
fatal: not a git repository (or any parent up to mount point /local)
Stopping at filesystem boundary (GIT_DISCOVERY_ACROSS_FILESYSTEM not set).
fatal: not a git repository (or any parent up to mount point /local)
Stopping at filesystem boundary (GIT_DISCOVERY_ACROSS_FILESYSTEM not set).
fatal: not a git repository (or any parent up to mount point /local)
Stopping at filesystem boundary (GIT_DISCOVERY_ACROSS_FILESYSTEM not set).
fatal: not a git repository (or any parent up to mount point /local)
Stopping at filesystem boundary (GIT_DISCOVERY_ACROSS_FILESYSTEM not set).
rep 1/1: complete export=s e2e=3.919560258s 61418523 bytes syscr=285480 pread64=143367 io_uring_enter=0 read_bytes=487165952 cpu_s=1.890000
[2026-09-28T20:36:23Z] pr3526-H-size-cold-base-r3 done
/local/data-ssd/stoetzem/qlever-indices/dblp/dblp.index.ops
/local/data-ssd/stoetzem/qlever-indices/dblp/dblp.index.ops.meta
/local/data-ssd/stoetzem/qlever-indices/dblp/dblp.index.osp
/local/data-ssd/stoetzem/qlever-indices/dblp/dblp.index.osp.meta
/local/data-ssd/stoetzem/qlever-indices/dblp/dblp.index.patterns
/local/data-ssd/stoetzem/qlever-indices/dblp/dblp.index.pos
/local/data-ssd/stoetzem/qlever-indices/dblp/dblp.index.pos.meta
/local/data-ssd/stoetzem/qlever-indices/dblp/dblp.index.pso
/local/data-ssd/stoetzem/qlever-indices/dblp/dblp.index.pso.meta
/local/data-ssd/stoetzem/qlever-indices/dblp/dblp.index.sop
/local/data-ssd/stoetzem/qlever-indices/dblp/dblp.index.sop.meta
/local/data-ssd/stoetzem/qlever-indices/dblp/dblp.index.spo
/local/data-ssd/stoetzem/qlever-indices/dblp/dblp.index.spo.meta
/local/data-ssd/stoetzem/qlever-indices/dblp/dblp.internal.index.pos
/local/data-ssd/stoetzem/qlever-indices/dblp/dblp.internal.index.pos.meta
/local/data-ssd/stoetzem/qlever-indices/dblp/dblp.internal.index.pso
/local/data-ssd/stoetzem/qlever-indices/dblp/dblp.internal.index.pso.meta
/local/data-ssd/stoetzem/qlever-indices/dblp/dblp.meta-data.json
/local/data-ssd/stoetzem/qlever-indices/dblp/dblp.metrics-log.jsonl
/local/data-ssd/stoetzem/qlever-indices/dblp/dblp.server.resource-usage-log.tsv
/local/data-ssd/stoetzem/qlever-indices/dblp/dblp.settings.json
/local/data-ssd/stoetzem/qlever-indices/dblp/dblp.vocabulary.codebooks
/local/data-ssd/stoetzem/qlever-indices/dblp/dblp.vocabulary.words.external
/local/data-ssd/stoetzem/qlever-indices/dblp/dblp.vocabulary.words.external.offsets
/local/data-ssd/stoetzem/qlever-indices/dblp/dblp.vocabulary.words.internal
/local/data-ssd/stoetzem/qlever-indices/dblp/dblp.vocabulary.words.internal.ids
our-files-only cold: evicted /local/data-ssd/stoetzem/qlever-indices/dblp/dblp.* resident_before=553504768B resident_after=0B (fincore)
fatal: not a git repository (or any parent up to mount point /local)
Stopping at filesystem boundary (GIT_DISCOVERY_ACROSS_FILESYSTEM not set).
fatal: not a git repository (or any parent up to mount point /local)
Stopping at filesystem boundary (GIT_DISCOVERY_ACROSS_FILESYSTEM not set).
fatal: not a git repository (or any parent up to mount point /local)
Stopping at filesystem boundary (GIT_DISCOVERY_ACROSS_FILESYSTEM not set).
fatal: not a git repository (or any parent up to mount point /local)
Stopping at filesystem boundary (GIT_DISCOVERY_ACROSS_FILESYSTEM not set).
fatal: not a git repository (or any parent up to mount point /local)
Stopping at filesystem boundary (GIT_DISCOVERY_ACROSS_FILESYSTEM not set).
rep 1/1: complete export=s e2e=1.291679972s 61418523 bytes syscr=1438 pread64=1350 io_uring_enter=12006 read_bytes=472875008 cpu_s=4.750000
[2026-09-28T20:36:34Z] pr3526-H-size-cold-variant-r3 done
fatal: not a git repository (or any parent up to mount point /local)
Stopping at filesystem boundary (GIT_DISCOVERY_ACROSS_FILESYSTEM not set).
fatal: not a git repository (or any parent up to mount point /local)
Stopping at filesystem boundary (GIT_DISCOVERY_ACROSS_FILESYSTEM not set).
fatal: not a git repository (or any parent up to mount point /local)
Stopping at filesystem boundary (GIT_DISCOVERY_ACROSS_FILESYSTEM not set).
fatal: not a git repository (or any parent up to mount point /local)
Stopping at filesystem boundary (GIT_DISCOVERY_ACROSS_FILESYSTEM not set).
fatal: not a git repository (or any parent up to mount point /local)
Stopping at filesystem boundary (GIT_DISCOVERY_ACROSS_FILESYSTEM not set).
rep 1/1: complete export=s e2e=0.749659505s 61418523 bytes syscr=3996628 pread64=2007138 io_uring_enter=0 read_bytes=0 cpu_s=20.300000
[2026-09-28T20:36:59Z] pr3526-H-size-warm-base-r1 done
fatal: not a git repository (or any parent up to mount point /local)
Stopping at filesystem boundary (GIT_DISCOVERY_ACROSS_FILESYSTEM not set).
fatal: not a git repository (or any parent up to mount point /local)
Stopping at filesystem boundary (GIT_DISCOVERY_ACROSS_FILESYSTEM not set).
fatal: not a git repository (or any parent up to mount point /local)
Stopping at filesystem boundary (GIT_DISCOVERY_ACROSS_FILESYSTEM not set).
fatal: not a git repository (or any parent up to mount point /local)
Stopping at filesystem boundary (GIT_DISCOVERY_ACROSS_FILESYSTEM not set).
fatal: not a git repository (or any parent up to mount point /local)
Stopping at filesystem boundary (GIT_DISCOVERY_ACROSS_FILESYSTEM not set).
rep 1/1: complete export=s e2e=1.075029227s 61418523 bytes syscr=14404 pread64=13500 io_uring_enter=86584 read_bytes=0 cpu_s=38.430000
[2026-09-28T20:37:21Z] pr3526-H-size-warm-variant-r1 done
fatal: not a git repository (or any parent up to mount point /local)
Stopping at filesystem boundary (GIT_DISCOVERY_ACROSS_FILESYSTEM not set).
fatal: not a git repository (or any parent up to mount point /local)
Stopping at filesystem boundary (GIT_DISCOVERY_ACROSS_FILESYSTEM not set).
fatal: not a git repository (or any parent up to mount point /local)
Stopping at filesystem boundary (GIT_DISCOVERY_ACROSS_FILESYSTEM not set).
fatal: not a git repository (or any parent up to mount point /local)
Stopping at filesystem boundary (GIT_DISCOVERY_ACROSS_FILESYSTEM not set).
fatal: not a git repository (or any parent up to mount point /local)
Stopping at filesystem boundary (GIT_DISCOVERY_ACROSS_FILESYSTEM not set).
rep 1/1: complete export=s e2e=1.085137442s 61418523 bytes syscr=14404 pread64=13500 io_uring_enter=86517 read_bytes=0 cpu_s=38.720000
[2026-09-28T20:37:44Z] pr3526-H-size-warm-variant-r2 done
fatal: not a git repository (or any parent up to mount point /local)
Stopping at filesystem boundary (GIT_DISCOVERY_ACROSS_FILESYSTEM not set).
fatal: not a git repository (or any parent up to mount point /local)
Stopping at filesystem boundary (GIT_DISCOVERY_ACROSS_FILESYSTEM not set).
fatal: not a git repository (or any parent up to mount point /local)
Stopping at filesystem boundary (GIT_DISCOVERY_ACROSS_FILESYSTEM not set).
fatal: not a git repository (or any parent up to mount point /local)
Stopping at filesystem boundary (GIT_DISCOVERY_ACROSS_FILESYSTEM not set).
fatal: not a git repository (or any parent up to mount point /local)
Stopping at filesystem boundary (GIT_DISCOVERY_ACROSS_FILESYSTEM not set).
rep 1/1: complete export=s e2e=0.754594123s 61418523 bytes syscr=3996628 pread64=2007138 io_uring_enter=0 read_bytes=0 cpu_s=20.390000
[2026-09-28T20:38:09Z] pr3526-H-size-warm-base-r2 done
fatal: not a git repository (or any parent up to mount point /local)
Stopping at filesystem boundary (GIT_DISCOVERY_ACROSS_FILESYSTEM not set).
fatal: not a git repository (or any parent up to mount point /local)
Stopping at filesystem boundary (GIT_DISCOVERY_ACROSS_FILESYSTEM not set).
fatal: not a git repository (or any parent up to mount point /local)
Stopping at filesystem boundary (GIT_DISCOVERY_ACROSS_FILESYSTEM not set).
fatal: not a git repository (or any parent up to mount point /local)
Stopping at filesystem boundary (GIT_DISCOVERY_ACROSS_FILESYSTEM not set).
fatal: not a git repository (or any parent up to mount point /local)
Stopping at filesystem boundary (GIT_DISCOVERY_ACROSS_FILESYSTEM not set).
rep 1/1: complete export=s e2e=0.757020193s 61418523 bytes syscr=3996628 pread64=2007138 io_uring_enter=0 read_bytes=0 cpu_s=20.340000
[2026-09-28T20:38:35Z] pr3526-H-size-warm-base-r3 done
fatal: not a git repository (or any parent up to mount point /local)
Stopping at filesystem boundary (GIT_DISCOVERY_ACROSS_FILESYSTEM not set).
fatal: not a git repository (or any parent up to mount point /local)
Stopping at filesystem boundary (GIT_DISCOVERY_ACROSS_FILESYSTEM not set).
fatal: not a git repository (or any parent up to mount point /local)
Stopping at filesystem boundary (GIT_DISCOVERY_ACROSS_FILESYSTEM not set).
fatal: not a git repository (or any parent up to mount point /local)
Stopping at filesystem boundary (GIT_DISCOVERY_ACROSS_FILESYSTEM not set).
fatal: not a git repository (or any parent up to mount point /local)
Stopping at filesystem boundary (GIT_DISCOVERY_ACROSS_FILESYSTEM not set).
rep 1/1: complete export=s e2e=1.062377189s 61418523 bytes syscr=14404 pread64=13500 io_uring_enter=86498 read_bytes=0 cpu_s=37.930000
[2026-09-28T20:38:57Z] pr3526-H-size-warm-variant-r3 done
# PR #3526 A/B on dblp (turtle_export)

- Base: `533f800b87ffd1857291e27bc1ce63dacc1ca003` p6-3525; server args: `(none)`
- Variant: `0ed8f9223497196d8979accb24ac737becc42f2b` p7-3526-routing; server args: `(none)`
- Binaries: two binaries; host `wolga` (fleet layout)
- Server query threads (`--num-simultaneous-queries`): 1
- **Simulated out-of-memory regime**: every arm's qlever-server ran under a cgroup v2 cap `MemoryMax=2G`, `MemorySwapMax=0` (user `systemd-run --scope`); the cap charges the page cache, so the index cannot stay fully cached. Samples: 198; scope memory.max 2147483648 B; peak memory.current 0.87 GiB; max oom_kill 0.
- io_uring use: not recorded (no perf stat output).
- Reps: 3 per arm, query and scenario; arms interleaved per rep, order alternating (odd reps base first, even reps variant first); cold reps run after `clear-caches`.
- Noise rule: within noise when |delta| < 1% or the min..max ranges overlap.

## Timing (elapsed_s, end to end)

| query | scenario | arm | n | median | min | max | delta vs base | verdict | correctness |
|---|---|---|---|---|---|---|---|---|---|
| H-vocab-title-large | cold | p6-3525 | 3 | 4.7951 | 4.7189 | 4.8201 |  |  |  |
| H-vocab-title-large | cold | p7-3526-routing | 3 | 1.2548 | 1.2352 | 1.7160 | -73.83% | variant faster | identical bytes |
| H-vocab-title-large | warm | p6-3525 | 3 | 0.5388 | 0.5309 | 0.5428 |  |  |  |
| H-vocab-title-large | warm | p7-3526-routing | 3 | 1.1503 | 1.1484 | 1.1592 | +113.48% | variant slower | identical bytes |
| H-size | cold | p6-3525 | 3 | 3.9196 | 3.9170 | 3.9232 |  |  |  |
| H-size | cold | p7-3526-routing | 3 | 1.2917 | 1.2772 | 1.3192 | -67.05% | variant faster | identical bytes |
| H-size | warm | p6-3525 | 3 | 0.7546 | 0.7497 | 0.7570 |  |  |  |
| H-size | warm | p7-3526-routing | 3 | 1.0750 | 1.0624 | 1.0851 | +42.46% | variant slower | identical bytes |

## Verdict

- H-vocab-title-large cold: variant faster (-73.83%); correctness: identical bytes
- H-vocab-title-large warm: variant slower (+113.48%); correctness: identical bytes
- H-size cold: variant faster (-67.05%); correctness: identical bytes
- H-size warm: variant slower (+42.46%); correctness: identical bytes

## Gates

- `gate-postflight-cold.log`: == POSTFLIGHT: PASS ==
- `gate-postflight-warm.log`: == POSTFLIGHT: PASS ==
- `gate-preflight-base.log`: == PREFLIGHT: PASS ==
- `gate-preflight-variant.log`: == PREFLIGHT: PASS ==
- `gate-verify-base.log`: VERDICT: PASS — binary is trustworthy for benchmarking
- `gate-verify-variant.log`: VERDICT: PASS — binary is trustworthy for benchmarking

## Problems

None: every rep complete, non-empty and correct.

Artifacts: `results.csv` (all reps), `<scenario>/<query>/<arm>/raw/` (harness output per rep), `correctness.tsv`, `build-env.txt`, `env-before.txt`, `env-after.txt`, `gate-*.log`, `driver.log`.
[2026-09-28T20:38:57Z] finished rc=0 run=/local/data-ssd/stoetzem/wolga-dblp-lane/runs/wolga-dblp-cap2g-3526-vs-3525
