[2026-10-07T21:47:51Z] PR #264 wikidata turtle_export queries=H-vocab-label-large-de scenarios=warm reps=3 mode=same binary, runtime-flag A/B layout=ural
[2026-10-07T21:47:51Z] base:    /local/data-ssd/stoetzem/thesis/experiments/runs/internal-rank-prefetch-hugepages-grid-p12-de-warm/bin/qlever-server-ab (6770bbf2c7e4a06793c31eff504b9526ac530c96) args='--set-runtime-parameter vocabulary-internal-rank-lookup=true --set-runtime-parameter vocabulary-internal-rank-prefetch-distance=0 --set-runtime-parameter vocabulary-internal-rank-hugepages=false' form=''
[2026-10-07T21:47:51Z] variant: /local/data-ssd/stoetzem/thesis/experiments/runs/internal-rank-prefetch-hugepages-grid-p12-de-warm/bin/qlever-server-ab (6770bbf2c7e4a06793c31eff504b9526ac530c96) args='--set-runtime-parameter vocabulary-internal-rank-lookup=true --set-runtime-parameter vocabulary-internal-rank-prefetch-distance=8 --set-runtime-parameter vocabulary-internal-rank-hugepages=false' form=''
fatal: not a git repository (or any parent up to mount point /local)
Stopping at filesystem boundary (GIT_DISCOVERY_ACROSS_FILESYSTEM not set).
fatal: not a git repository (or any parent up to mount point /local)
Stopping at filesystem boundary (GIT_DISCOVERY_ACROSS_FILESYSTEM not set).
fatal: not a git repository (or any parent up to mount point /local)
Stopping at filesystem boundary (GIT_DISCOVERY_ACROSS_FILESYSTEM not set).
fatal: not a git repository (or any parent up to mount point /local)
Stopping at filesystem boundary (GIT_DISCOVERY_ACROSS_FILESYSTEM not set).
fatal: not a git repository (or any parent up to mount point /local)
Stopping at filesystem boundary (GIT_DISCOVERY_ACROSS_FILESYSTEM not set).
rep 1/1: complete export=s e2e=14.976070838s 504927346 bytes syscr=8881562 pread64=2633 io_uring_enter=0 read_bytes=0 cpu_s=15.870000
[2026-10-07T21:49:03Z] pr264-H-vocab-label-large-de-warm-rank-r1 digest {"bytes": 504927346, "lines": 4515802, "multiset": "75eb7a67996ae056829a3d17083d349b", "xxh3_128": "667b4be896acd8fd34c3a99219789510"}
[2026-10-07T21:49:03Z] pr264-H-vocab-label-large-de-warm-rank-r1 done
fatal: not a git repository (or any parent up to mount point /local)
Stopping at filesystem boundary (GIT_DISCOVERY_ACROSS_FILESYSTEM not set).
fatal: not a git repository (or any parent up to mount point /local)
Stopping at filesystem boundary (GIT_DISCOVERY_ACROSS_FILESYSTEM not set).
fatal: not a git repository (or any parent up to mount point /local)
Stopping at filesystem boundary (GIT_DISCOVERY_ACROSS_FILESYSTEM not set).
fatal: not a git repository (or any parent up to mount point /local)
Stopping at filesystem boundary (GIT_DISCOVERY_ACROSS_FILESYSTEM not set).
fatal: not a git repository (or any parent up to mount point /local)
Stopping at filesystem boundary (GIT_DISCOVERY_ACROSS_FILESYSTEM not set).
rep 1/1: complete export=s e2e=12.908722147s 504927346 bytes syscr=8881558 pread64=2633 io_uring_enter=0 read_bytes=0 cpu_s=13.770000
[2026-10-07T21:50:11Z] pr264-H-vocab-label-large-de-warm-pf8-r1 digest {"bytes": 504927346, "lines": 4515802, "multiset": "75eb7a67996ae056829a3d17083d349b", "xxh3_128": "667b4be896acd8fd34c3a99219789510"}
[2026-10-07T21:50:11Z] pr264-H-vocab-label-large-de-warm-pf8-r1 done
fatal: not a git repository (or any parent up to mount point /local)
Stopping at filesystem boundary (GIT_DISCOVERY_ACROSS_FILESYSTEM not set).
fatal: not a git repository (or any parent up to mount point /local)
Stopping at filesystem boundary (GIT_DISCOVERY_ACROSS_FILESYSTEM not set).
fatal: not a git repository (or any parent up to mount point /local)
Stopping at filesystem boundary (GIT_DISCOVERY_ACROSS_FILESYSTEM not set).
fatal: not a git repository (or any parent up to mount point /local)
Stopping at filesystem boundary (GIT_DISCOVERY_ACROSS_FILESYSTEM not set).
fatal: not a git repository (or any parent up to mount point /local)
Stopping at filesystem boundary (GIT_DISCOVERY_ACROSS_FILESYSTEM not set).
rep 1/1: complete export=s e2e=12.054834826s 504927346 bytes syscr=8881558 pread64=2633 io_uring_enter=0 read_bytes=0 cpu_s=12.910000
[2026-10-07T21:51:14Z] pr264-H-vocab-label-large-de-warm-hp-r1 digest {"bytes": 504927346, "lines": 4515802, "multiset": "75eb7a67996ae056829a3d17083d349b", "xxh3_128": "667b4be896acd8fd34c3a99219789510"}
[2026-10-07T21:51:15Z] pr264-H-vocab-label-large-de-warm-hp-r1 done
fatal: not a git repository (or any parent up to mount point /local)
Stopping at filesystem boundary (GIT_DISCOVERY_ACROSS_FILESYSTEM not set).
fatal: not a git repository (or any parent up to mount point /local)
Stopping at filesystem boundary (GIT_DISCOVERY_ACROSS_FILESYSTEM not set).
fatal: not a git repository (or any parent up to mount point /local)
Stopping at filesystem boundary (GIT_DISCOVERY_ACROSS_FILESYSTEM not set).
fatal: not a git repository (or any parent up to mount point /local)
Stopping at filesystem boundary (GIT_DISCOVERY_ACROSS_FILESYSTEM not set).
fatal: not a git repository (or any parent up to mount point /local)
Stopping at filesystem boundary (GIT_DISCOVERY_ACROSS_FILESYSTEM not set).
rep 1/1: complete export=s e2e=11.136764358s 504927346 bytes syscr=8881558 pread64=2633 io_uring_enter=0 read_bytes=0 cpu_s=11.940000
[2026-10-07T21:52:17Z] pr264-H-vocab-label-large-de-warm-pf8-hp-r1 digest {"bytes": 504927346, "lines": 4515802, "multiset": "75eb7a67996ae056829a3d17083d349b", "xxh3_128": "667b4be896acd8fd34c3a99219789510"}
[2026-10-07T21:52:17Z] pr264-H-vocab-label-large-de-warm-pf8-hp-r1 done
fatal: not a git repository (or any parent up to mount point /local)
Stopping at filesystem boundary (GIT_DISCOVERY_ACROSS_FILESYSTEM not set).
fatal: not a git repository (or any parent up to mount point /local)
Stopping at filesystem boundary (GIT_DISCOVERY_ACROSS_FILESYSTEM not set).
fatal: not a git repository (or any parent up to mount point /local)
Stopping at filesystem boundary (GIT_DISCOVERY_ACROSS_FILESYSTEM not set).
fatal: not a git repository (or any parent up to mount point /local)
Stopping at filesystem boundary (GIT_DISCOVERY_ACROSS_FILESYSTEM not set).
fatal: not a git repository (or any parent up to mount point /local)
Stopping at filesystem boundary (GIT_DISCOVERY_ACROSS_FILESYSTEM not set).
rep 1/1: complete export=s e2e=13.833478307s 504927346 bytes syscr=8881566 pread64=2633 io_uring_enter=0 read_bytes=0 cpu_s=14.730000
[2026-10-07T21:53:30Z] pr264-H-vocab-label-large-de-warm-pf8-r2 digest {"bytes": 504927346, "lines": 4515802, "multiset": "75eb7a67996ae056829a3d17083d349b", "xxh3_128": "667b4be896acd8fd34c3a99219789510"}
[2026-10-07T21:53:30Z] pr264-H-vocab-label-large-de-warm-pf8-r2 done
fatal: not a git repository (or any parent up to mount point /local)
Stopping at filesystem boundary (GIT_DISCOVERY_ACROSS_FILESYSTEM not set).
fatal: not a git repository (or any parent up to mount point /local)
Stopping at filesystem boundary (GIT_DISCOVERY_ACROSS_FILESYSTEM not set).
fatal: not a git repository (or any parent up to mount point /local)
Stopping at filesystem boundary (GIT_DISCOVERY_ACROSS_FILESYSTEM not set).
fatal: not a git repository (or any parent up to mount point /local)
Stopping at filesystem boundary (GIT_DISCOVERY_ACROSS_FILESYSTEM not set).
fatal: not a git repository (or any parent up to mount point /local)
Stopping at filesystem boundary (GIT_DISCOVERY_ACROSS_FILESYSTEM not set).
rep 1/1: complete export=s e2e=12.119889983s 504927346 bytes syscr=8881562 pread64=2633 io_uring_enter=0 read_bytes=0 cpu_s=13.010000
[2026-10-07T21:54:34Z] pr264-H-vocab-label-large-de-warm-hp-r2 digest {"bytes": 504927346, "lines": 4515802, "multiset": "75eb7a67996ae056829a3d17083d349b", "xxh3_128": "667b4be896acd8fd34c3a99219789510"}
[2026-10-07T21:54:34Z] pr264-H-vocab-label-large-de-warm-hp-r2 done
fatal: not a git repository (or any parent up to mount point /local)
Stopping at filesystem boundary (GIT_DISCOVERY_ACROSS_FILESYSTEM not set).
fatal: not a git repository (or any parent up to mount point /local)
Stopping at filesystem boundary (GIT_DISCOVERY_ACROSS_FILESYSTEM not set).
fatal: not a git repository (or any parent up to mount point /local)
Stopping at filesystem boundary (GIT_DISCOVERY_ACROSS_FILESYSTEM not set).
fatal: not a git repository (or any parent up to mount point /local)
Stopping at filesystem boundary (GIT_DISCOVERY_ACROSS_FILESYSTEM not set).
fatal: not a git repository (or any parent up to mount point /local)
Stopping at filesystem boundary (GIT_DISCOVERY_ACROSS_FILESYSTEM not set).
rep 1/1: complete export=s e2e=15.473524256s 504927346 bytes syscr=8881566 pread64=2633 io_uring_enter=0 read_bytes=0 cpu_s=16.430000
[2026-10-07T21:55:42Z] pr264-H-vocab-label-large-de-warm-pf8-hp-r2 digest {"bytes": 504927346, "lines": 4515802, "multiset": "75eb7a67996ae056829a3d17083d349b", "xxh3_128": "667b4be896acd8fd34c3a99219789510"}
[2026-10-07T21:55:42Z] pr264-H-vocab-label-large-de-warm-pf8-hp-r2 done
fatal: not a git repository (or any parent up to mount point /local)
Stopping at filesystem boundary (GIT_DISCOVERY_ACROSS_FILESYSTEM not set).
fatal: not a git repository (or any parent up to mount point /local)
Stopping at filesystem boundary (GIT_DISCOVERY_ACROSS_FILESYSTEM not set).
fatal: not a git repository (or any parent up to mount point /local)
Stopping at filesystem boundary (GIT_DISCOVERY_ACROSS_FILESYSTEM not set).
fatal: not a git repository (or any parent up to mount point /local)
Stopping at filesystem boundary (GIT_DISCOVERY_ACROSS_FILESYSTEM not set).
fatal: not a git repository (or any parent up to mount point /local)
Stopping at filesystem boundary (GIT_DISCOVERY_ACROSS_FILESYSTEM not set).
rep 1/1: complete export=s e2e=13.004166659s 504927346 bytes syscr=8881558 pread64=2633 io_uring_enter=0 read_bytes=0 cpu_s=13.930000
[2026-10-07T21:56:53Z] pr264-H-vocab-label-large-de-warm-rank-r2 digest {"bytes": 504927346, "lines": 4515802, "multiset": "75eb7a67996ae056829a3d17083d349b", "xxh3_128": "667b4be896acd8fd34c3a99219789510"}
[2026-10-07T21:56:53Z] pr264-H-vocab-label-large-de-warm-rank-r2 done
fatal: not a git repository (or any parent up to mount point /local)
Stopping at filesystem boundary (GIT_DISCOVERY_ACROSS_FILESYSTEM not set).
fatal: not a git repository (or any parent up to mount point /local)
Stopping at filesystem boundary (GIT_DISCOVERY_ACROSS_FILESYSTEM not set).
fatal: not a git repository (or any parent up to mount point /local)
Stopping at filesystem boundary (GIT_DISCOVERY_ACROSS_FILESYSTEM not set).
fatal: not a git repository (or any parent up to mount point /local)
Stopping at filesystem boundary (GIT_DISCOVERY_ACROSS_FILESYSTEM not set).
fatal: not a git repository (or any parent up to mount point /local)
Stopping at filesystem boundary (GIT_DISCOVERY_ACROSS_FILESYSTEM not set).
rep 1/1: complete export=s e2e=11.588451412s 504927346 bytes syscr=8881558 pread64=2633 io_uring_enter=0 read_bytes=0 cpu_s=12.360000
[2026-10-07T21:57:56Z] pr264-H-vocab-label-large-de-warm-hp-r3 digest {"bytes": 504927346, "lines": 4515802, "multiset": "75eb7a67996ae056829a3d17083d349b", "xxh3_128": "667b4be896acd8fd34c3a99219789510"}
[2026-10-07T21:57:56Z] pr264-H-vocab-label-large-de-warm-hp-r3 done
fatal: not a git repository (or any parent up to mount point /local)
Stopping at filesystem boundary (GIT_DISCOVERY_ACROSS_FILESYSTEM not set).
fatal: not a git repository (or any parent up to mount point /local)
Stopping at filesystem boundary (GIT_DISCOVERY_ACROSS_FILESYSTEM not set).
fatal: not a git repository (or any parent up to mount point /local)
Stopping at filesystem boundary (GIT_DISCOVERY_ACROSS_FILESYSTEM not set).
fatal: not a git repository (or any parent up to mount point /local)
Stopping at filesystem boundary (GIT_DISCOVERY_ACROSS_FILESYSTEM not set).
fatal: not a git repository (or any parent up to mount point /local)
Stopping at filesystem boundary (GIT_DISCOVERY_ACROSS_FILESYSTEM not set).
rep 1/1: complete export=s e2e=14.981140841s 504927346 bytes syscr=8881566 pread64=2633 io_uring_enter=0 read_bytes=0 cpu_s=15.920000
[2026-10-07T21:59:07Z] pr264-H-vocab-label-large-de-warm-pf8-hp-r3 digest {"bytes": 504927346, "lines": 4515802, "multiset": "75eb7a67996ae056829a3d17083d349b", "xxh3_128": "667b4be896acd8fd34c3a99219789510"}
[2026-10-07T21:59:07Z] pr264-H-vocab-label-large-de-warm-pf8-hp-r3 done
fatal: not a git repository (or any parent up to mount point /local)
Stopping at filesystem boundary (GIT_DISCOVERY_ACROSS_FILESYSTEM not set).
fatal: not a git repository (or any parent up to mount point /local)
Stopping at filesystem boundary (GIT_DISCOVERY_ACROSS_FILESYSTEM not set).
fatal: not a git repository (or any parent up to mount point /local)
Stopping at filesystem boundary (GIT_DISCOVERY_ACROSS_FILESYSTEM not set).
fatal: not a git repository (or any parent up to mount point /local)
Stopping at filesystem boundary (GIT_DISCOVERY_ACROSS_FILESYSTEM not set).
fatal: not a git repository (or any parent up to mount point /local)
Stopping at filesystem boundary (GIT_DISCOVERY_ACROSS_FILESYSTEM not set).
rep 1/1: complete export=s e2e=12.955285196s 504927346 bytes syscr=8881562 pread64=2633 io_uring_enter=0 read_bytes=0 cpu_s=13.850000
[2026-10-07T22:00:16Z] pr264-H-vocab-label-large-de-warm-rank-r3 digest {"bytes": 504927346, "lines": 4515802, "multiset": "75eb7a67996ae056829a3d17083d349b", "xxh3_128": "667b4be896acd8fd34c3a99219789510"}
[2026-10-07T22:00:16Z] pr264-H-vocab-label-large-de-warm-rank-r3 done
fatal: not a git repository (or any parent up to mount point /local)
Stopping at filesystem boundary (GIT_DISCOVERY_ACROSS_FILESYSTEM not set).
fatal: not a git repository (or any parent up to mount point /local)
Stopping at filesystem boundary (GIT_DISCOVERY_ACROSS_FILESYSTEM not set).
fatal: not a git repository (or any parent up to mount point /local)
Stopping at filesystem boundary (GIT_DISCOVERY_ACROSS_FILESYSTEM not set).
fatal: not a git repository (or any parent up to mount point /local)
Stopping at filesystem boundary (GIT_DISCOVERY_ACROSS_FILESYSTEM not set).
fatal: not a git repository (or any parent up to mount point /local)
Stopping at filesystem boundary (GIT_DISCOVERY_ACROSS_FILESYSTEM not set).
rep 1/1: complete export=s e2e=11.849181627s 504927346 bytes syscr=8881558 pread64=2633 io_uring_enter=0 read_bytes=0 cpu_s=12.770000
[2026-10-07T22:01:20Z] pr264-H-vocab-label-large-de-warm-pf8-r3 digest {"bytes": 504927346, "lines": 4515802, "multiset": "75eb7a67996ae056829a3d17083d349b", "xxh3_128": "667b4be896acd8fd34c3a99219789510"}
[2026-10-07T22:01:20Z] pr264-H-vocab-label-large-de-warm-pf8-r3 done
### warm / H-vocab-label-large-de

| # | arm | n | wall s | Δ wall vs rank | verdict | TTFB s | CPU s | wall−CPU s | export-thread CPU s | wall−export-thread s | aqu-sz | util max | read GiB | RSS growth MiB | anon growth MiB | anon peak MiB |
|---|---|---|---|---|---|---|---|---|---|---|---|---|---|---|---|---|
| 1 | rank | 3 | 13.00 [12.96–14.98] |  |  | 0.05 [0.05–0.06] | 13.93 [13.85–15.87] | -0.89 [-0.93–-0.89] | 12.59 [12.51–14.57] | 0.41 [0.41–0.45] | 0.0 [0.0–0.1] | 0.00 [0.00–0.05] | 0.00 [0.00–0.00] | 22 [21–23] | 22 [21–23] | 23106 [23105–23106] |
| 2 | pf8 | 3 | 12.91 [11.85–13.83] | -0.7 % | no change | 0.05 [0.05–0.05] | 13.77 [12.77–14.73] | -0.90 [-0.92–-0.86] | 12.47 [11.37–13.45] | 0.44 [0.38–0.48] | 0.0 [0.0–0.0] | 0.00 [0.00–0.00] | 0.00 [0.00–0.00] | 24 [20–24] | 24 [20–24] | 23107 [23104–23108] |
| 3 | hp | 3 | 12.05 [11.59–12.12] | -7.3 % | faster | 0.05 [0.05–0.06] | 12.91 [12.36–13.01] | -0.86 [-0.89–-0.77] | 11.60 [11.23–11.65] | 0.40 [0.36–0.52] | 0.0 [0.0–0.0] | 0.00 [0.00–0.00] | 0.00 [0.00–0.00] | 25 [23–25] | 25 [23–25] | 23107 [23107–23109] |
| 4 | pf8-hp | 3 | 14.98 [11.14–15.47] | +15.2 % | no change | 0.05 [0.05–0.06] | 15.92 [11.94–16.43] | -0.94 [-0.96–-0.80] | 14.48 [10.70–14.86] | 0.50 [0.44–0.61] | 0.0 [0.0–0.0] | 0.00 [0.00–0.00] | 0.00 [0.00–0.00] | 21 [19–23] | 21 [19–23] | 23106 [23104–23108] |

Distinct output digests for H-vocab-label-large-de over all arms/reps/scenarios: 1 (1 = identical)

[2026-10-07T22:01:20Z] finished rc=0 run=/local/data-ssd/stoetzem/thesis/experiments/runs/internal-rank-prefetch-hugepages-grid-p12-de-warm
