2026-09-28 23:45:18.917 - INFO: [1mQLever server v0.6.0-230-g67cf2ee3a, compiled on Mon Sep 28 19:27:43 UTC 2026 using git hash 67cf2ee[22m
2026-09-28 23:45:18.917 - INFO: Runtime parameter set from the command line: use-fast-export-stream-formatter=false
2026-09-28 23:45:18.917 - INFO: Cleanup of previous index directories after each rebuild enabled (--rebuild-keep-previous-index-dirs original-and-most-recent)
2026-09-28 23:45:18.918 - INFO: The git hash used to build this index was "65f84b4"
2026-09-28 23:45:18.918 - INFO: Reading vocabulary from file /local/data-ssd/stoetzem/qlever-indices/dblp/dblp.vocabulary.words ...
2026-09-28 23:45:18.925 - INFO: Done, number of words: 446,944,668
2026-09-28 23:45:18.925 - INFO: Number of words in internal vocabulary (these are also part of the external vocabulary): 446,955
2026-09-28 23:45:18.929 - INFO: Registered PSO permutation: #relations = 6, #blocks = 8,187, #triples = 255,805,025
2026-09-28 23:45:18.949 - INFO: Registered PSO permutation: #relations = 96, #blocks = 51,023, #triples = 1,593,245,022
2026-09-28 23:45:18.951 - INFO: Registered POS permutation: #relations = 6, #blocks = 8,187, #triples = 255,805,025
2026-09-28 23:45:18.970 - INFO: Registered POS permutation: #relations = 96, #blocks = 51,023, #triples = 1,593,245,022
2026-09-28 23:45:18.986 - INFO: Registered OPS permutation: #relations = 345,357,897, #blocks = 42,492, #triples = 1,593,245,022
2026-09-28 23:45:19.003 - INFO: Registered OSP permutation: #relations = 345,357,897, #blocks = 42,492, #triples = 1,593,245,022
2026-09-28 23:45:19.013 - INFO: Registered SPO permutation: #relations = 255,804,614, #blocks = 33,993, #triples = 1,593,245,022
2026-09-28 23:45:19.021 - INFO: Registered SOP permutation: #relations = 255,804,614, #blocks = 33,993, #triples = 1,593,245,022
2026-09-28 23:45:19.022 - INFO: Reading patterns from file /local/data-ssd/stoetzem/qlever-indices/dblp/dblp.index.patterns ...
2026-09-28 23:45:19.022 - INFO: Sorting random result tables to estimate the sorting performance of this machine ...
2026-09-28 23:45:28.035 - INFO: Initializing server ...
2026-09-28 23:45:28.035 - INFO: No access token required for restricted API calls
2026-09-28 23:45:28.036 - INFO: The server is ready, listening for requests on port 7015 ...
2026-09-28 23:45:28.289 - INFO: 
2026-09-28 23:45:28.291 - INFO: Request received via POST, content type "application/x-www-form-urlencoded"
2026-09-28 23:45:28.296 - INFO: Processing the following SPARQL query:
# Tier H — size-sweep
# Goal: isolate export cost from query-planning cost. Raise the year bound
# across runs, for example 1970, 1990, 2010, and 2023.
PREFIX dblp: <https://dblp.org/rdf/schema#>

CONSTRUCT { ?s ?p ?o }
WHERE {
  ?s a dblp:Publication ;
     dblp:yearOfPublication ?year ;
     ?p ?o .
  FILTER(?year <= "1970"^^<http://www.w3.org/2001/XMLSchema#gYear>)
}

2026-09-28 23:45:28.297 - INFO: Requested media types of the result are: "text/turtle"
2026-09-28 23:45:28.304 - INFO: Query planning done in 13 ms
2026-09-28 23:45:28.436 - INFO: Result has unknown size (not computed yet)
2026-09-28 23:45:29.351 - INFO: Done processing query and sending result, total time was 1,060 ms
2026-09-28 23:45:29.414 - INFO: 
2026-09-28 23:45:29.414 - INFO: Request received via POST, content type "application/x-www-form-urlencoded"
2026-09-28 23:45:29.415 - INFO: Processing the following SPARQL query:
# Tier H — size-sweep
# Goal: isolate export cost from query-planning cost. Raise the year bound
# across runs, for example 1970, 1990, 2010, and 2023.
PREFIX dblp: <https://dblp.org/rdf/schema#>

CONSTRUCT { ?s ?p ?o }
WHERE {
  ?s a dblp:Publication ;
     dblp:yearOfPublication ?year ;
     ?p ?o .
  FILTER(?year <= "1970"^^<http://www.w3.org/2001/XMLSchema#gYear>)
}

2026-09-28 23:45:29.415 - INFO: Requested media types of the result are: "text/turtle"
2026-09-28 23:45:29.416 - INFO: Query planning done in 1 ms
2026-09-28 23:45:29.450 - INFO: Result has unknown size (not computed yet)
2026-09-28 23:45:30.243 - INFO: Done processing query and sending result, total time was 828 ms
