[2026-09-29T07:19:51Z] server memory cap: MemoryMax=2G (2147483648 B), MemorySwapMax=0, user scope; preflight memory.max=2147483648
[2026-09-29T07:19:59Z] PR #3539 dblp turtle_export queries=H-size scenarios=warm reps=3 mode=two binaries layout=ural
[2026-09-29T07:19:59Z] base:    /local/data-ssd/stoetzem/thesis/experiments/runs/stack-p12-vs-3529-turtle-lane-3a19a96/bin/qlever-server-base (67cf2ee3a7640acb2eac4438ba40b883f691f99f) args='' form=''
[2026-09-29T07:19:59Z] variant: /local/data-ssd/stoetzem/thesis/experiments/runs/stack-p12-vs-3529-turtle-lane-3a19a96/bin/qlever-server-variant (3a19a966f3023c91f345aa59b6ad85ab89655bcf) args='--set-runtime-parameter adaptive-export-chunk-size=false' form=''
[2026-09-29T07:19:59Z] variant2: /local/data-ssd/stoetzem/thesis/experiments/runs/stack-p12-vs-3529-turtle-lane-3a19a96/bin/qlever-server-variant (3a19a966f3023c91f345aa59b6ad85ab89655bcf) args='--set-runtime-parameter adaptive-export-chunk-size=true' label='p12-flag-on'
fatal: not a git repository (or any parent up to mount point /local)
Stopping at filesystem boundary (GIT_DISCOVERY_ACROSS_FILESYSTEM not set).
fatal: not a git repository (or any parent up to mount point /local)
Stopping at filesystem boundary (GIT_DISCOVERY_ACROSS_FILESYSTEM not set).
fatal: not a git repository (or any parent up to mount point /local)
Stopping at filesystem boundary (GIT_DISCOVERY_ACROSS_FILESYSTEM not set).
fatal: not a git repository (or any parent up to mount point /local)
Stopping at filesystem boundary (GIT_DISCOVERY_ACROSS_FILESYSTEM not set).
fatal: not a git repository (or any parent up to mount point /local)
Stopping at filesystem boundary (GIT_DISCOVERY_ACROSS_FILESYSTEM not set).
rep 1/1: complete export=s e2e=0.691354980s 61418523 bytes syscr=3725484 pread64=21570 io_uring_enter=0 read_bytes=0 cpu_s=15.100000
[2026-09-29T07:20:20Z] pr3539-H-size-warm-base-r1 done
fatal: not a git repository (or any parent up to mount point /local)
Stopping at filesystem boundary (GIT_DISCOVERY_ACROSS_FILESYSTEM not set).
fatal: not a git repository (or any parent up to mount point /local)
Stopping at filesystem boundary (GIT_DISCOVERY_ACROSS_FILESYSTEM not set).
fatal: not a git repository (or any parent up to mount point /local)
Stopping at filesystem boundary (GIT_DISCOVERY_ACROSS_FILESYSTEM not set).
fatal: not a git repository (or any parent up to mount point /local)
Stopping at filesystem boundary (GIT_DISCOVERY_ACROSS_FILESYSTEM not set).
fatal: not a git repository (or any parent up to mount point /local)
Stopping at filesystem boundary (GIT_DISCOVERY_ACROSS_FILESYSTEM not set).
rep 1/1: complete export=s e2e=0.691308218s 61418523 bytes syscr=3725484 pread64=21570 io_uring_enter=0 read_bytes=0 cpu_s=15.490000
[2026-09-29T07:20:42Z] pr3539-H-size-warm-variant-r1 done
fatal: not a git repository (or any parent up to mount point /local)
Stopping at filesystem boundary (GIT_DISCOVERY_ACROSS_FILESYSTEM not set).
fatal: not a git repository (or any parent up to mount point /local)
Stopping at filesystem boundary (GIT_DISCOVERY_ACROSS_FILESYSTEM not set).
fatal: not a git repository (or any parent up to mount point /local)
Stopping at filesystem boundary (GIT_DISCOVERY_ACROSS_FILESYSTEM not set).
fatal: not a git repository (or any parent up to mount point /local)
Stopping at filesystem boundary (GIT_DISCOVERY_ACROSS_FILESYSTEM not set).
fatal: not a git repository (or any parent up to mount point /local)
Stopping at filesystem boundary (GIT_DISCOVERY_ACROSS_FILESYSTEM not set).
rep 1/1: complete export=s e2e=0.673241486s 61418523 bytes syscr=3725480 pread64=21570 io_uring_enter=0 read_bytes=0 cpu_s=14.980000
[2026-09-29T07:21:03Z] pr3539-H-size-warm-variant2-r1 done
fatal: not a git repository (or any parent up to mount point /local)
Stopping at filesystem boundary (GIT_DISCOVERY_ACROSS_FILESYSTEM not set).
fatal: not a git repository (or any parent up to mount point /local)
Stopping at filesystem boundary (GIT_DISCOVERY_ACROSS_FILESYSTEM not set).
fatal: not a git repository (or any parent up to mount point /local)
Stopping at filesystem boundary (GIT_DISCOVERY_ACROSS_FILESYSTEM not set).
fatal: not a git repository (or any parent up to mount point /local)
Stopping at filesystem boundary (GIT_DISCOVERY_ACROSS_FILESYSTEM not set).
fatal: not a git repository (or any parent up to mount point /local)
Stopping at filesystem boundary (GIT_DISCOVERY_ACROSS_FILESYSTEM not set).
rep 1/1: complete export=s e2e=0.691100158s 61418523 bytes syscr=3725484 pread64=21570 io_uring_enter=0 read_bytes=0 cpu_s=15.330000
[2026-09-29T07:21:25Z] pr3539-H-size-warm-variant2-r2 done
fatal: not a git repository (or any parent up to mount point /local)
Stopping at filesystem boundary (GIT_DISCOVERY_ACROSS_FILESYSTEM not set).
fatal: not a git repository (or any parent up to mount point /local)
Stopping at filesystem boundary (GIT_DISCOVERY_ACROSS_FILESYSTEM not set).
fatal: not a git repository (or any parent up to mount point /local)
Stopping at filesystem boundary (GIT_DISCOVERY_ACROSS_FILESYSTEM not set).
fatal: not a git repository (or any parent up to mount point /local)
Stopping at filesystem boundary (GIT_DISCOVERY_ACROSS_FILESYSTEM not set).
fatal: not a git repository (or any parent up to mount point /local)
Stopping at filesystem boundary (GIT_DISCOVERY_ACROSS_FILESYSTEM not set).
rep 1/1: complete export=s e2e=0.676658299s 61418523 bytes syscr=3725484 pread64=21570 io_uring_enter=0 read_bytes=0 cpu_s=14.980000
[2026-09-29T07:21:46Z] pr3539-H-size-warm-variant-r2 done
fatal: not a git repository (or any parent up to mount point /local)
Stopping at filesystem boundary (GIT_DISCOVERY_ACROSS_FILESYSTEM not set).
fatal: not a git repository (or any parent up to mount point /local)
Stopping at filesystem boundary (GIT_DISCOVERY_ACROSS_FILESYSTEM not set).
fatal: not a git repository (or any parent up to mount point /local)
Stopping at filesystem boundary (GIT_DISCOVERY_ACROSS_FILESYSTEM not set).
fatal: not a git repository (or any parent up to mount point /local)
Stopping at filesystem boundary (GIT_DISCOVERY_ACROSS_FILESYSTEM not set).
fatal: not a git repository (or any parent up to mount point /local)
Stopping at filesystem boundary (GIT_DISCOVERY_ACROSS_FILESYSTEM not set).
rep 1/1: complete export=s e2e=0.697702839s 61418523 bytes syscr=3725484 pread64=21570 io_uring_enter=0 read_bytes=0 cpu_s=15.250000
[2026-09-29T07:22:08Z] pr3539-H-size-warm-base-r2 done
fatal: not a git repository (or any parent up to mount point /local)
Stopping at filesystem boundary (GIT_DISCOVERY_ACROSS_FILESYSTEM not set).
fatal: not a git repository (or any parent up to mount point /local)
Stopping at filesystem boundary (GIT_DISCOVERY_ACROSS_FILESYSTEM not set).
fatal: not a git repository (or any parent up to mount point /local)
Stopping at filesystem boundary (GIT_DISCOVERY_ACROSS_FILESYSTEM not set).
fatal: not a git repository (or any parent up to mount point /local)
Stopping at filesystem boundary (GIT_DISCOVERY_ACROSS_FILESYSTEM not set).
fatal: not a git repository (or any parent up to mount point /local)
Stopping at filesystem boundary (GIT_DISCOVERY_ACROSS_FILESYSTEM not set).
rep 1/1: complete export=s e2e=0.683416180s 61418523 bytes syscr=3725484 pread64=21570 io_uring_enter=0 read_bytes=0 cpu_s=15.160000
[2026-09-29T07:22:29Z] pr3539-H-size-warm-base-r3 done
fatal: not a git repository (or any parent up to mount point /local)
Stopping at filesystem boundary (GIT_DISCOVERY_ACROSS_FILESYSTEM not set).
fatal: not a git repository (or any parent up to mount point /local)
Stopping at filesystem boundary (GIT_DISCOVERY_ACROSS_FILESYSTEM not set).
fatal: not a git repository (or any parent up to mount point /local)
Stopping at filesystem boundary (GIT_DISCOVERY_ACROSS_FILESYSTEM not set).
fatal: not a git repository (or any parent up to mount point /local)
Stopping at filesystem boundary (GIT_DISCOVERY_ACROSS_FILESYSTEM not set).
fatal: not a git repository (or any parent up to mount point /local)
Stopping at filesystem boundary (GIT_DISCOVERY_ACROSS_FILESYSTEM not set).
rep 1/1: complete export=s e2e=0.679751572s 61418523 bytes syscr=3725484 pread64=21570 io_uring_enter=0 read_bytes=0 cpu_s=15.180000
[2026-09-29T07:22:51Z] pr3539-H-size-warm-variant-r3 done
fatal: not a git repository (or any parent up to mount point /local)
Stopping at filesystem boundary (GIT_DISCOVERY_ACROSS_FILESYSTEM not set).
fatal: not a git repository (or any parent up to mount point /local)
Stopping at filesystem boundary (GIT_DISCOVERY_ACROSS_FILESYSTEM not set).
fatal: not a git repository (or any parent up to mount point /local)
Stopping at filesystem boundary (GIT_DISCOVERY_ACROSS_FILESYSTEM not set).
fatal: not a git repository (or any parent up to mount point /local)
Stopping at filesystem boundary (GIT_DISCOVERY_ACROSS_FILESYSTEM not set).
fatal: not a git repository (or any parent up to mount point /local)
Stopping at filesystem boundary (GIT_DISCOVERY_ACROSS_FILESYSTEM not set).
rep 1/1: complete export=s e2e=0.686247938s 61418523 bytes syscr=3725484 pread64=21570 io_uring_enter=0 read_bytes=0 cpu_s=15.010000
[2026-09-29T07:23:12Z] pr3539-H-size-warm-variant2-r3 done
# Three-arm run: one base run, two comparisons

## base vs variant (p12-flag-off)
## PR #3539 A/B on dblp (turtle_export)

- Base: `67cf2ee3a7640acb2eac4438ba40b883f691f99f` part11-3529; server args: `(none)`
- Variant: `3a19a966f3023c91f345aa59b6ad85ab89655bcf` p12-flag-off; server args: `--set-runtime-parameter adaptive-export-chunk-size=false`
- Binaries: two binaries; host `ural` (ural layout)
- Server query threads (`--num-simultaneous-queries`): 1
- **Simulated out-of-memory regime**: every arm's qlever-server ran under a cgroup v2 cap `MemoryMax=2G`, `MemorySwapMax=0` (user `systemd-run --scope`); the cap charges the page cache, so the index cannot stay fully cached. No memcap samples recorded.
- Reps: 3 per arm, query and scenario; arms interleaved per rep, order alternating (odd reps base first, even reps variant first); cold reps run after `clear-caches`.
- Noise rule: within noise when |delta| < 1% or the min..max ranges overlap.

### Timing (elapsed_s, end to end)

| query | scenario | arm | n | median | min | max | delta vs base | verdict | correctness |
|---|---|---|---|---|---|---|---|---|---|
| H-size | warm | part11-3529 | 3 | 0.6914 | 0.6834 | 0.6977 |  |  |  |
| H-size | warm | p12-flag-off | 3 | 0.6798 | 0.6767 | 0.6913 | -1.68% | within noise | identical bytes |

### Verdict

- H-size warm: within noise (-1.68%); correctness: identical bytes

### Gates

- `gate-postflight-warm.log`: == POSTFLIGHT: PASS ==
- `gate-preflight-base.log`: == PREFLIGHT: PASS ==
- `gate-preflight-variant.log`: == PREFLIGHT: PASS ==
- `gate-verify-base.log`: VERDICT: PASS — binary is trustworthy for benchmarking
- `gate-verify-variant.log`: VERDICT: PASS — binary is trustworthy for benchmarking

### Problems

None: every rep complete, non-empty and correct.

Artifacts: `results.csv` (all reps), `<scenario>/<query>/<arm>/raw/` (harness output per rep), `correctness.tsv`, `build-env.txt`, `env-before.txt`, `env-after.txt`, `gate-*.log`, `driver.log`.

## base vs variant2 (p12-flag-on)
## PR #3539 A/B on dblp (turtle_export)

- Base: `67cf2ee3a7640acb2eac4438ba40b883f691f99f` part11-3529; server args: `(none)`
- Variant: `3a19a966f3023c91f345aa59b6ad85ab89655bcf` p12-flag-on; server args: `--set-runtime-parameter adaptive-export-chunk-size=true`
- Binaries: two binaries; host `ural` (ural layout)
- Server query threads (`--num-simultaneous-queries`): 1
- **Simulated out-of-memory regime**: every arm's qlever-server ran under a cgroup v2 cap `MemoryMax=2G`, `MemorySwapMax=0` (user `systemd-run --scope`); the cap charges the page cache, so the index cannot stay fully cached. No memcap samples recorded.
- Reps: 3 per arm, query and scenario; arms interleaved per rep, order alternating (odd reps base first, even reps variant first); cold reps run after `clear-caches`.
- Noise rule: within noise when |delta| < 1% or the min..max ranges overlap.

### Timing (elapsed_s, end to end)

| query | scenario | arm | n | median | min | max | delta vs base | verdict | correctness |
|---|---|---|---|---|---|---|---|---|---|
| H-size | warm | part11-3529 | 3 | 0.6914 | 0.6834 | 0.6977 |  |  |  |
| H-size | warm | p12-flag-on | 3 | 0.6862 | 0.6732 | 0.6911 | -0.74% | within noise | identical bytes |

### Verdict

- H-size warm: within noise (-0.74%); correctness: identical bytes

### Gates

- `gate-postflight-warm.log`: == POSTFLIGHT: PASS ==
- `gate-preflight-base.log`: == PREFLIGHT: PASS ==
- `gate-preflight-variant.log`: == PREFLIGHT: PASS ==
- `gate-verify-base.log`: VERDICT: PASS — binary is trustworthy for benchmarking
- `gate-verify-variant.log`: VERDICT: PASS — binary is trustworthy for benchmarking

### Problems

None: every rep complete, non-empty and correct.

Artifacts: `results.csv` (all reps), `<scenario>/<query>/<arm>/raw/` (harness output per rep), `correctness.tsv`, `build-env.txt`, `env-before.txt`, `env-after.txt`, `gate-*.log`, `driver.log`.
[2026-09-29T07:23:13Z] finished rc=0 run=/local/data-ssd/stoetzem/thesis/experiments/runs/stack-p12-vs-3529-turtle-lane-3a19a96
