2026-09-27 00:28:02.628 - INFO: [1mQLever server v0.6.0-206-gc8f70dff8, compiled on Sun Sep 27 12:26:37 AM CEST 2026 using git hash c8f70df[22m
2026-09-27 00:28:02.628 - INFO: Runtime parameter set from the command line: use-swar-export-delimiters=false
2026-09-27 00:28:02.628 - INFO: Cleanup of previous index directories after each rebuild enabled (--rebuild-keep-previous-index-dirs original-and-most-recent)
2026-09-27 00:28:02.630 - INFO: The git hash used to build this index was "65f84b4"
2026-09-27 00:28:02.630 - INFO: Reading vocabulary from file /local/data-ssd/stoetzem/dblp/dblp.vocabulary.words ...
2026-09-27 00:28:02.640 - INFO: Done, number of words: 446,944,668
2026-09-27 00:28:02.640 - INFO: Number of words in internal vocabulary (these are also part of the external vocabulary): 446,955
2026-09-27 00:28:02.646 - INFO: Registered PSO permutation: #relations = 6, #blocks = 8,187, #triples = 255,805,025
2026-09-27 00:28:02.669 - INFO: Registered PSO permutation: #relations = 96, #blocks = 51,023, #triples = 1,593,245,022
2026-09-27 00:28:02.672 - INFO: Registered POS permutation: #relations = 6, #blocks = 8,187, #triples = 255,805,025
2026-09-27 00:28:02.693 - INFO: Registered POS permutation: #relations = 96, #blocks = 51,023, #triples = 1,593,245,022
2026-09-27 00:28:02.712 - INFO: Registered OPS permutation: #relations = 345,357,897, #blocks = 42,492, #triples = 1,593,245,022
2026-09-27 00:28:02.731 - INFO: Registered OSP permutation: #relations = 345,357,897, #blocks = 42,492, #triples = 1,593,245,022
2026-09-27 00:28:02.743 - INFO: Registered SPO permutation: #relations = 255,804,614, #blocks = 33,993, #triples = 1,593,245,022
2026-09-27 00:28:02.753 - INFO: Registered SOP permutation: #relations = 255,804,614, #blocks = 33,993, #triples = 1,593,245,022
2026-09-27 00:28:02.753 - INFO: Reading patterns from file /local/data-ssd/stoetzem/dblp/dblp.index.patterns ...
2026-09-27 00:28:02.754 - INFO: Sorting random result tables to estimate the sorting performance of this machine ...
2026-09-27 00:28:10.769 - INFO: Initializing server ...
2026-09-27 00:28:10.769 - INFO: No access token required for restricted API calls
2026-09-27 00:28:10.770 - INFO: The server is ready, listening for requests on port 7015 ...
2026-09-27 00:28:10.933 - INFO: 
2026-09-27 00:28:10.933 - INFO: Request received via POST, content type "application/x-www-form-urlencoded"
2026-09-27 00:28:10.935 - INFO: Processing the following SPARQL query:
# Tier H — size-sweep (SELECT variant)
# Goal: isolate SELECT CSV/TSV export cost from query-planning cost. Raise
# the year bound across runs, for example 1970, 1990, 2010, and 2023.
PREFIX dblp: <https://dblp.org/rdf/schema#>

SELECT ?s ?p ?o
WHERE {
  ?s a dblp:Publication ;
     dblp:yearOfPublication ?year ;
     ?p ?o .
  FILTER(?year <= "1970"^^<http://www.w3.org/2001/XMLSchema#gYear>)
}

2026-09-27 00:28:10.935 - INFO: Requested media types of the result are: "text/tab-separated-values"
2026-09-27 00:28:10.960 - INFO: Query planning done in 26 ms
2026-09-27 00:28:10.990 - INFO: Result has unknown size (not computed yet)
2026-09-27 00:28:16.617 - INFO: Done processing query and sending result, total time was 5,684 ms
2026-09-27 00:28:16.637 - INFO: 
2026-09-27 00:28:16.637 - INFO: Request received via GET, no content type specified
2026-09-27 00:28:16.637 - INFO: Processing command "cache-stats": get cache statistics
2026-09-27 00:28:16.656 - INFO: 
2026-09-27 00:28:16.656 - INFO: Request received via GET, no content type specified
2026-09-27 00:28:16.656 - INFO: Processing command "clear-cache": clear the cache (unpinned elements only)
2026-09-27 00:28:16.674 - INFO: 
2026-09-27 00:28:16.674 - INFO: Request received via GET, no content type specified
2026-09-27 00:28:16.674 - INFO: Processing command "cache-stats": get cache statistics
2026-09-27 00:28:16.694 - INFO: 
2026-09-27 00:28:16.694 - INFO: Request received via POST, content type "application/x-www-form-urlencoded"
2026-09-27 00:28:16.694 - INFO: Processing the following SPARQL query:
# Tier H — size-sweep (SELECT variant)
# Goal: isolate SELECT CSV/TSV export cost from query-planning cost. Raise
# the year bound across runs, for example 1970, 1990, 2010, and 2023.
PREFIX dblp: <https://dblp.org/rdf/schema#>

SELECT ?s ?p ?o
WHERE {
  ?s a dblp:Publication ;
     dblp:yearOfPublication ?year ;
     ?p ?o .
  FILTER(?year <= "1970"^^<http://www.w3.org/2001/XMLSchema#gYear>)
}

2026-09-27 00:28:16.694 - INFO: Requested media types of the result are: "text/tab-separated-values"
2026-09-27 00:28:16.695 - INFO: Query planning done in 1 ms
2026-09-27 00:28:16.718 - INFO: Result has unknown size (not computed yet)
2026-09-27 00:28:19.292 - INFO: Done processing query and sending result, total time was 2,598 ms
2026-09-27 00:28:19.314 - INFO: 
2026-09-27 00:28:19.314 - INFO: Request received via GET, no content type specified
2026-09-27 00:28:19.314 - INFO: Processing command "cache-stats": get cache statistics
