2026-10-07 14:58:33.301 - INFO: [1mQLever server CIKM-2911-gd20a4c74a, compiled on Wed Oct  7 09:38:21 UTC 2026 using git hash d20a4c7[22m
2026-10-07 14:58:33.301 - INFO: Cleanup of previous index directories after each rebuild enabled (--rebuild-keep-previous-index-dirs original-and-most-recent)
2026-10-07 14:58:33.302 - INFO: The git hash used to build this index was "65f84b4"
2026-10-07 14:58:33.302 - INFO: Reading vocabulary from file /local/data-ssd/stoetzem/wikidata/wikidata.vocabulary.words ...
2026-10-07 14:58:47.606 - INFO: Done, number of words: 1,580,300,680
2026-10-07 14:58:47.606 - INFO: Number of words in internal vocabulary (these are also part of the external vocabulary): 777,658,536
2026-10-07 14:58:47.695 - INFO: Registered PSO permutation: #relations = 10,100, #blocks = 225,155, #triples = 6,983,973,847
2026-10-07 14:58:47.804 - INFO: Registered PSO permutation: #relations = 13,566, #blocks = 264,339, #triples = 8,220,417,022
2026-10-07 14:58:47.883 - INFO: Registered POS permutation: #relations = 10,100, #blocks = 225,155, #triples = 6,983,973,847
2026-10-07 14:58:47.992 - INFO: Registered POS permutation: #relations = 13,566, #blocks = 264,339, #triples = 8,220,417,022
2026-10-07 14:58:48.086 - INFO: Registered OPS permutation: #relations = 1,683,253,489, #blocks = 222,728, #triples = 8,220,417,022
2026-10-07 14:58:48.175 - INFO: Registered OSP permutation: #relations = 1,683,253,489, #blocks = 222,728, #triples = 8,220,417,022
2026-10-07 14:58:48.235 - INFO: Registered SPO permutation: #relations = 252,534,289, #blocks = 175,741, #triples = 8,220,417,022
2026-10-07 14:58:48.293 - INFO: Registered SOP permutation: #relations = 252,534,289, #blocks = 175,741, #triples = 8,220,417,022
2026-10-07 14:58:48.293 - INFO: Reading patterns from file /local/data-ssd/stoetzem/wikidata/wikidata.index.patterns ...
2026-10-07 14:58:49.825 - WARN: The geo points of this index use the encoding "lat-major", which is deprecated and will not be supported for much longer; with this encoding, a spatial prefilter on points can only restrict the latitude; please build the index with the default encoding "z-order" (just omit the option `--geo-point-encoding` of `qlever-index`)
2026-10-07 14:58:49.825 - INFO: Sorting random result tables to estimate the sorting performance of this machine ...
2026-10-07 14:58:58.706 - INFO: Initializing server ...
2026-10-07 14:58:58.706 - INFO: No access token required for restricted API calls
2026-10-07 14:58:58.706 - INFO: The server is ready, listening for requests on port 7015 ...
2026-10-07 14:58:59.395 - INFO: 
2026-10-07 14:58:59.395 - INFO: Request received via POST, content type "application/x-www-form-urlencoded"
2026-10-07 14:58:59.399 - INFO: Processing the following SPARQL query:
# Tier H-vocab — English labels, large
# Physical: P+O bound scan of wdt:P31 wd:Q5 (class postings), then
# S+P bound SPO scan of rdfs:label. LANG(?label) maps label IDs to
# strings. CONSTRUCT writes entity IRI + label.
# Targets: large sequential class scan, label vocabulary, 1.3 GiB Turtle
# serialize. Same query as wikidata-construct-humans-label-en.
PREFIX wd: <http://www.wikidata.org/entity/>
PREFIX wdt: <http://www.wikidata.org/prop/direct/>
PREFIX rdfs: <http://www.w3.org/2000/01/rdf-schema#>

CONSTRUCT { ?entity rdfs:label ?label }
WHERE {
  ?entity wdt:P31 wd:Q5 .
  ?entity rdfs:label ?label .
  FILTER(LANG(?label) = "en")
}

2026-10-07 14:58:59.399 - INFO: Requested media types of the result are: "text/turtle"
2026-10-07 14:58:59.400 - INFO: Query planning done in 4 ms
2026-10-07 14:58:59.400 - INFO: Result has unknown size (not computed yet)
2026-10-07 14:59:27.054 - INFO: Done processing query and sending result, total time was 27,658 ms
2026-10-07 14:59:27.090 - INFO: 
2026-10-07 14:59:27.090 - INFO: Request received via GET, no content type specified
2026-10-07 14:59:27.090 - INFO: Processing command "cache-stats": get cache statistics
