2026-09-28 23:01:43.266 - INFO: Finished writing compressed vocabulary, size = 7219 B [uncompressed = 141.3 kB, ratio = 5%]
2026-09-28 23:01:43.266 - INFO: Reading vocabulary from file /local/data-ssd/stoetzem/bench-tmp/p9-polyvocab/polyVocabLookupBatchMicroC.words ...
2026-09-28 23:01:43.266 - WARN: io_uring is compiled in but unavailable at runtime (io_uring_queue_init failed in IoUringManager. In file "../../../src/util/IoUringManager.cpp" at line 154); falling back to synchronous pread for vocabulary lookups
2026-09-28 23:01:43.266 - INFO: Done, number of words: 2048
2026-09-28 23:01:43.266 - INFO: Number of words in internal vocabulary (these are also part of the external vocabulary): 2048
2026-09-28 23:01:43.267 - INFO: Reading vocabulary from file /local/data-ssd/stoetzem/bench-tmp/p9-polyvocab/polyVocabLookupBatchMicroU ...
2026-09-28 23:01:43.267 - WARN: io_uring is compiled in but unavailable at runtime (io_uring_queue_init failed in IoUringManager. In file "../../../src/util/IoUringManager.cpp" at line 154); falling back to synchronous pread for vocabulary lookups
2026-09-28 23:01:43.267 - INFO: Done, number of words: 2048
2026-09-28 23:01:43.267 - INFO: Number of words in internal vocabulary (these are also part of the external vocabulary): 2048
2026-09-28 23:01:43.267 - INFO: Reading vocabulary from file /local/data-ssd/stoetzem/bench-tmp/p9-polyvocab/polyVocabLookupBatchMicroC.words ...
2026-09-28 23:01:43.267 - WARN: io_uring is compiled in but unavailable at runtime (io_uring_queue_init failed in IoUringManager. In file "../../../src/util/IoUringManager.cpp" at line 154); falling back to synchronous pread for vocabulary lookups
2026-09-28 23:01:43.267 - INFO: Done, number of words: 2048
2026-09-28 23:01:43.267 - INFO: Number of words in internal vocabulary (these are also part of the external vocabulary): 2048
2026-09-28 23:01:43.267 - INFO: Reading vocabulary from file /local/data-ssd/stoetzem/bench-tmp/p9-polyvocab/polyVocabLookupBatchMicroU ...
2026-09-28 23:01:43.268 - WARN: io_uring is compiled in but unavailable at runtime (io_uring_queue_init failed in IoUringManager. In file "../../../src/util/IoUringManager.cpp" at line 154); falling back to synchronous pread for vocabulary lookups
2026-09-28 23:01:43.268 - INFO: Done, number of words: 2048
2026-09-28 23:01:43.268 - INFO: Number of words in internal vocabulary (these are also part of the external vocabulary): 2048
2026-09-28 23:01:43.268 - INFO: Running measurement "batched lookupBatch with builder of group Synthetic micro-batches: 2,048 lookups into 2,048 words (on-disk uncompressed, copy path)" ...
2026-09-28 23:01:55.751 - INFO: Done in 12.483 seconds.
##########################################################################
# Benchmark class 'PolymorphicVocabulary::lookupBatch (synthetic micro)' #
##########################################################################
General metadata: {"time-of-measurement":"2026-09-28 23:01:43.268"}

No configuration options were defined.

####################
# Group benchmarks #
####################
Group 'Synthetic micro-batches: 2,048 lookups into 2,048 words (on-disk uncompressed, copy path)'
    Measurements:
    
        Single measurement 'batched lookupBatch with builder'
            time: 12.483s
    
    Tables: None

