2026-09-28 23:01:30.487 - INFO: Finished writing compressed vocabulary, size = 7219 B [uncompressed = 141.3 kB, ratio = 5%]
2026-09-28 23:01:30.487 - INFO: Reading vocabulary from file /local/data-ssd/stoetzem/bench-tmp/p9-polyvocab/polyVocabLookupBatchMicroC.words ...
2026-09-28 23:01:30.487 - INFO: Done, number of words: 2048
2026-09-28 23:01:30.487 - INFO: Number of words in internal vocabulary (these are also part of the external vocabulary): 2048
2026-09-28 23:01:30.488 - INFO: Reading vocabulary from file /local/data-ssd/stoetzem/bench-tmp/p9-polyvocab/polyVocabLookupBatchMicroU ...
2026-09-28 23:01:30.488 - INFO: Done, number of words: 2048
2026-09-28 23:01:30.488 - INFO: Number of words in internal vocabulary (these are also part of the external vocabulary): 2048
2026-09-28 23:01:30.488 - INFO: Reading vocabulary from file /local/data-ssd/stoetzem/bench-tmp/p9-polyvocab/polyVocabLookupBatchMicroC.words ...
2026-09-28 23:01:30.489 - INFO: Done, number of words: 2048
2026-09-28 23:01:30.489 - INFO: Number of words in internal vocabulary (these are also part of the external vocabulary): 2048
2026-09-28 23:01:30.489 - INFO: Reading vocabulary from file /local/data-ssd/stoetzem/bench-tmp/p9-polyvocab/polyVocabLookupBatchMicroU ...
2026-09-28 23:01:30.489 - INFO: Done, number of words: 2048
2026-09-28 23:01:30.489 - INFO: Number of words in internal vocabulary (these are also part of the external vocabulary): 2048
2026-09-28 23:01:30.489 - INFO: Running measurement "batched lookupBatch with builder of group Synthetic micro-batches: 2,048 lookups into 2,048 words (on-disk uncompressed, copy path)" ...
2026-09-28 23:01:42.935 - INFO: Done in 12.4465 seconds.
##########################################################################
# Benchmark class 'PolymorphicVocabulary::lookupBatch (synthetic micro)' #
##########################################################################
General metadata: {"time-of-measurement":"2026-09-28 23:01:30.489"}

No configuration options were defined.

####################
# Group benchmarks #
####################
Group 'Synthetic micro-batches: 2,048 lookups into 2,048 words (on-disk uncompressed, copy path)'
    Measurements:
    
        Single measurement 'batched lookupBatch with builder'
            time: 12.4465s
    
    Tables: None

