2026-09-28 23:00:24.938 - INFO: Finished writing compressed vocabulary, size = 7219 B [uncompressed = 141.3 kB, ratio = 5%]
2026-09-28 23:00:24.938 - INFO: Reading vocabulary from file /local/data-ssd/stoetzem/bench-tmp/p9-polyvocab/polyVocabLookupBatchMicroC.words ...
2026-09-28 23:00:24.938 - INFO: Done, number of words: 2048
2026-09-28 23:00:24.938 - INFO: Number of words in internal vocabulary (these are also part of the external vocabulary): 2048
2026-09-28 23:00:24.939 - INFO: Reading vocabulary from file /local/data-ssd/stoetzem/bench-tmp/p9-polyvocab/polyVocabLookupBatchMicroU ...
2026-09-28 23:00:24.939 - INFO: Done, number of words: 2048
2026-09-28 23:00:24.939 - INFO: Number of words in internal vocabulary (these are also part of the external vocabulary): 2048
2026-09-28 23:00:24.939 - INFO: Reading vocabulary from file /local/data-ssd/stoetzem/bench-tmp/p9-polyvocab/polyVocabLookupBatchMicroC.words ...
2026-09-28 23:00:24.939 - INFO: Done, number of words: 2048
2026-09-28 23:00:24.939 - INFO: Number of words in internal vocabulary (these are also part of the external vocabulary): 2048
2026-09-28 23:00:24.939 - INFO: Reading vocabulary from file /local/data-ssd/stoetzem/bench-tmp/p9-polyvocab/polyVocabLookupBatchMicroU ...
2026-09-28 23:00:24.940 - INFO: Done, number of words: 2048
2026-09-28 23:00:24.940 - INFO: Number of words in internal vocabulary (these are also part of the external vocabulary): 2048
2026-09-28 23:00:24.940 - INFO: Running measurement "concrete lookupBatch (no dispatch) of group Synthetic micro-batches: 2,048 lookups into 2,048 words (on-disk compressed, builder path)" ...
2026-09-28 23:00:36.127 - INFO: Done in 11.1869 seconds.
##########################################################################
# Benchmark class 'PolymorphicVocabulary::lookupBatch (synthetic micro)' #
##########################################################################
General metadata: {"time-of-measurement":"2026-09-28 23:00:24.940"}

No configuration options were defined.

####################
# Group benchmarks #
####################
Group 'Synthetic micro-batches: 2,048 lookups into 2,048 words (on-disk compressed, builder path)'
    Measurements:
    
        Single measurement 'concrete lookupBatch (no dispatch)'
            time: 11.1869s
    
    Tables: None

