2026-09-28 23:03:10.865 - INFO: Finished writing compressed vocabulary, size = 223.5 kB [uncompressed = 3.9 MB, ratio = 5%]
2026-09-28 23:03:10.865 - INFO: Reading vocabulary from file /local/data-ssd/stoetzem/bench-tmp/p9-polyvocab/polyVocabLookupBatchEndToEnd/vocab.words ...
2026-09-28 23:03:10.865 - WARN: io_uring is compiled in but unavailable at runtime (io_uring_queue_init failed in IoUringManager. In file "../../../src/util/IoUringManager.cpp" at line 154); falling back to synchronous pread for vocabulary lookups
2026-09-28 23:03:10.865 - INFO: Done, number of words: 50000
2026-09-28 23:03:10.865 - INFO: Number of words in internal vocabulary (these are also part of the external vocabulary): 50000
2026-09-28 23:03:10.865 - INFO: Reading vocabulary from file /local/data-ssd/stoetzem/bench-tmp/p9-polyvocab/polyVocabLookupBatchEndToEnd/vocab.words ...
2026-09-28 23:03:10.866 - WARN: io_uring is compiled in but unavailable at runtime (io_uring_queue_init failed in IoUringManager. In file "../../../src/util/IoUringManager.cpp" at line 154); falling back to synchronous pread for vocabulary lookups
2026-09-28 23:03:10.866 - INFO: Done, number of words: 50000
2026-09-28 23:03:10.866 - INFO: Number of words in internal vocabulary (these are also part of the external vocabulary): 50000
2026-09-28 23:03:10.866 - INFO: Running measurement "batched lookupBatch with builder of group End to end: 50,000 words (on-disk compressed), 100,000 lookups per batch" ...
2026-09-28 23:03:23.095 - INFO: Done in 12.2291 seconds.
#####################################################################
# Benchmark class 'PolymorphicVocabulary::lookupBatch (end to end)' #
#####################################################################
General metadata: {"time-of-measurement":"2026-09-28 23:03:10.866"}

No configuration options were defined.

####################
# Group benchmarks #
####################
Group 'End to end: 50,000 words (on-disk compressed), 100,000 lookups per batch'
    Measurements:
    
        Single measurement 'batched lookupBatch with builder'
            time: 12.2291s
    
    Tables: None

