2026-09-28 23:01:56.071 - INFO: Finished writing compressed vocabulary, size = 7219 B [uncompressed = 141.3 kB, ratio = 5%]
2026-09-28 23:01:56.071 - INFO: Reading vocabulary from file /local/data-ssd/stoetzem/bench-tmp/p9-polyvocab/polyVocabLookupBatchMicroC.words ...
2026-09-28 23:01:56.072 - INFO: Done, number of words: 2048
2026-09-28 23:01:56.072 - INFO: Number of words in internal vocabulary (these are also part of the external vocabulary): 2048
2026-09-28 23:01:56.072 - INFO: Reading vocabulary from file /local/data-ssd/stoetzem/bench-tmp/p9-polyvocab/polyVocabLookupBatchMicroU ...
2026-09-28 23:01:56.073 - INFO: Done, number of words: 2048
2026-09-28 23:01:56.073 - INFO: Number of words in internal vocabulary (these are also part of the external vocabulary): 2048
2026-09-28 23:01:56.073 - INFO: Reading vocabulary from file /local/data-ssd/stoetzem/bench-tmp/p9-polyvocab/polyVocabLookupBatchMicroC.words ...
2026-09-28 23:01:56.073 - INFO: Done, number of words: 2048
2026-09-28 23:01:56.073 - INFO: Number of words in internal vocabulary (these are also part of the external vocabulary): 2048
2026-09-28 23:01:56.073 - INFO: Reading vocabulary from file /local/data-ssd/stoetzem/bench-tmp/p9-polyvocab/polyVocabLookupBatchMicroU ...
2026-09-28 23:01:56.073 - INFO: Done, number of words: 2048
2026-09-28 23:01:56.073 - INFO: Number of words in internal vocabulary (these are also part of the external vocabulary): 2048
2026-09-28 23:01:56.073 - INFO: Running measurement "concrete lookupBatch (no dispatch) of group Synthetic micro-batches: 2,048 lookups into 2,048 words (on-disk uncompressed, copy path)" ...
2026-09-28 23:02:07.019 - INFO: Done in 10.9453 seconds.
##########################################################################
# Benchmark class 'PolymorphicVocabulary::lookupBatch (synthetic micro)' #
##########################################################################
General metadata: {"time-of-measurement":"2026-09-28 23:01:56.073"}

No configuration options were defined.

####################
# Group benchmarks #
####################
Group 'Synthetic micro-batches: 2,048 lookups into 2,048 words (on-disk uncompressed, copy path)'
    Measurements:
    
        Single measurement 'concrete lookupBatch (no dispatch)'
            time: 10.9453s
    
    Tables: None

