2026-09-28 23:03:23.469 - INFO: Finished writing compressed vocabulary, size = 223.5 kB [uncompressed = 3.9 MB, ratio = 5%]
2026-09-28 23:03:23.469 - INFO: Reading vocabulary from file /local/data-ssd/stoetzem/bench-tmp/p9-polyvocab/polyVocabLookupBatchEndToEnd/vocab.words ...
2026-09-28 23:03:23.469 - INFO: Done, number of words: 50000
2026-09-28 23:03:23.469 - INFO: Number of words in internal vocabulary (these are also part of the external vocabulary): 50000
2026-09-28 23:03:23.469 - INFO: Reading vocabulary from file /local/data-ssd/stoetzem/bench-tmp/p9-polyvocab/polyVocabLookupBatchEndToEnd/vocab.words ...
2026-09-28 23:03:23.470 - INFO: Done, number of words: 50000
2026-09-28 23:03:23.470 - INFO: Number of words in internal vocabulary (these are also part of the external vocabulary): 50000
2026-09-28 23:03:23.470 - INFO: Running measurement "concrete lookupBatch (no dispatch) of group End to end: 50,000 words (on-disk compressed), 100,000 lookups per batch" ...
2026-09-28 23:03:35.681 - INFO: Done in 12.2107 seconds.
#####################################################################
# Benchmark class 'PolymorphicVocabulary::lookupBatch (end to end)' #
#####################################################################
General metadata: {"time-of-measurement":"2026-09-28 23:03:23.470"}

No configuration options were defined.

####################
# Group benchmarks #
####################
Group 'End to end: 50,000 words (on-disk compressed), 100,000 lookups per batch'
    Measurements:
    
        Single measurement 'concrete lookupBatch (no dispatch)'
            time: 12.2107s
    
    Tables: None

