2026-09-28 22:59:25.443 - INFO: Finished writing compressed vocabulary, size = 7219 B [uncompressed = 141.3 kB, ratio = 5%]
2026-09-28 22:59:25.443 - INFO: Reading vocabulary from file /local/data-ssd/stoetzem/bench-tmp/p9-polyvocab/polyVocabLookupBatchMicroC.words ...
2026-09-28 22:59:25.443 - INFO: Done, number of words: 2048
2026-09-28 22:59:25.443 - INFO: Number of words in internal vocabulary (these are also part of the external vocabulary): 2048
2026-09-28 22:59:25.444 - INFO: Reading vocabulary from file /local/data-ssd/stoetzem/bench-tmp/p9-polyvocab/polyVocabLookupBatchMicroU ...
2026-09-28 22:59:25.444 - INFO: Done, number of words: 2048
2026-09-28 22:59:25.444 - INFO: Number of words in internal vocabulary (these are also part of the external vocabulary): 2048
2026-09-28 22:59:25.444 - INFO: Reading vocabulary from file /local/data-ssd/stoetzem/bench-tmp/p9-polyvocab/polyVocabLookupBatchMicroC.words ...
2026-09-28 22:59:25.444 - INFO: Done, number of words: 2048
2026-09-28 22:59:25.444 - INFO: Number of words in internal vocabulary (these are also part of the external vocabulary): 2048
2026-09-28 22:59:25.444 - INFO: Reading vocabulary from file /local/data-ssd/stoetzem/bench-tmp/p9-polyvocab/polyVocabLookupBatchMicroU ...
2026-09-28 22:59:25.444 - INFO: Done, number of words: 2048
2026-09-28 22:59:25.444 - INFO: Number of words in internal vocabulary (these are also part of the external vocabulary): 2048
2026-09-28 22:59:25.445 - INFO: Running measurement "sequential operator[] of group Synthetic micro-batches: 2,048 lookups into 2,048 words (on-disk compressed, builder path)" ...
2026-09-28 22:59:43.207 - INFO: Done in 17.7624 seconds.
##########################################################################
# Benchmark class 'PolymorphicVocabulary::lookupBatch (synthetic micro)' #
##########################################################################
General metadata: {"time-of-measurement":"2026-09-28 22:59:25.445"}

No configuration options were defined.

####################
# Group benchmarks #
####################
Group 'Synthetic micro-batches: 2,048 lookups into 2,048 words (on-disk compressed, builder path)'
    Measurements:
    
        Single measurement 'sequential operator[]'
            time: 17.7624s
    
    Tables: None

