2026-09-28 23:00:01.916 - INFO: Finished writing compressed vocabulary, size = 7219 B [uncompressed = 141.3 kB, ratio = 5%]
2026-09-28 23:00:01.917 - INFO: Reading vocabulary from file /local/data-ssd/stoetzem/bench-tmp/p9-polyvocab/polyVocabLookupBatchMicroC.words ...
2026-09-28 23:00:01.917 - INFO: Done, number of words: 2048
2026-09-28 23:00:01.917 - INFO: Number of words in internal vocabulary (these are also part of the external vocabulary): 2048
2026-09-28 23:00:01.919 - INFO: Reading vocabulary from file /local/data-ssd/stoetzem/bench-tmp/p9-polyvocab/polyVocabLookupBatchMicroU ...
2026-09-28 23:00:01.919 - INFO: Done, number of words: 2048
2026-09-28 23:00:01.919 - INFO: Number of words in internal vocabulary (these are also part of the external vocabulary): 2048
2026-09-28 23:00:01.919 - INFO: Reading vocabulary from file /local/data-ssd/stoetzem/bench-tmp/p9-polyvocab/polyVocabLookupBatchMicroC.words ...
2026-09-28 23:00:01.919 - INFO: Done, number of words: 2048
2026-09-28 23:00:01.919 - INFO: Number of words in internal vocabulary (these are also part of the external vocabulary): 2048
2026-09-28 23:00:01.919 - INFO: Reading vocabulary from file /local/data-ssd/stoetzem/bench-tmp/p9-polyvocab/polyVocabLookupBatchMicroU ...
2026-09-28 23:00:01.919 - INFO: Done, number of words: 2048
2026-09-28 23:00:01.919 - INFO: Number of words in internal vocabulary (these are also part of the external vocabulary): 2048
2026-09-28 23:00:01.920 - INFO: Running measurement "batched lookupBatch with builder of group Synthetic micro-batches: 2,048 lookups into 2,048 words (on-disk compressed, builder path)" ...
2026-09-28 23:00:13.131 - INFO: Done in 11.2111 seconds.
##########################################################################
# Benchmark class 'PolymorphicVocabulary::lookupBatch (synthetic micro)' #
##########################################################################
General metadata: {"time-of-measurement":"2026-09-28 23:00:01.920"}

No configuration options were defined.

####################
# Group benchmarks #
####################
Group 'Synthetic micro-batches: 2,048 lookups into 2,048 words (on-disk compressed, builder path)'
    Measurements:
    
        Single measurement 'batched lookupBatch with builder'
            time: 11.2111s
    
    Tables: None

