2026-09-28 23:00:36.431 - INFO: Finished writing compressed vocabulary, size = 7219 B [uncompressed = 141.3 kB, ratio = 5%]
2026-09-28 23:00:36.431 - INFO: Reading vocabulary from file /local/data-ssd/stoetzem/bench-tmp/p9-polyvocab/polyVocabLookupBatchMicroC.words ...
2026-09-28 23:00:36.431 - WARN: io_uring is compiled in but unavailable at runtime (io_uring_queue_init failed in IoUringManager. In file "../../../src/util/IoUringManager.cpp" at line 154); falling back to synchronous pread for vocabulary lookups
2026-09-28 23:00:36.431 - INFO: Done, number of words: 2048
2026-09-28 23:00:36.431 - INFO: Number of words in internal vocabulary (these are also part of the external vocabulary): 2048
2026-09-28 23:00:36.432 - INFO: Reading vocabulary from file /local/data-ssd/stoetzem/bench-tmp/p9-polyvocab/polyVocabLookupBatchMicroU ...
2026-09-28 23:00:36.432 - WARN: io_uring is compiled in but unavailable at runtime (io_uring_queue_init failed in IoUringManager. In file "../../../src/util/IoUringManager.cpp" at line 154); falling back to synchronous pread for vocabulary lookups
2026-09-28 23:00:36.432 - INFO: Done, number of words: 2048
2026-09-28 23:00:36.432 - INFO: Number of words in internal vocabulary (these are also part of the external vocabulary): 2048
2026-09-28 23:00:36.432 - INFO: Reading vocabulary from file /local/data-ssd/stoetzem/bench-tmp/p9-polyvocab/polyVocabLookupBatchMicroC.words ...
2026-09-28 23:00:36.432 - WARN: io_uring is compiled in but unavailable at runtime (io_uring_queue_init failed in IoUringManager. In file "../../../src/util/IoUringManager.cpp" at line 154); falling back to synchronous pread for vocabulary lookups
2026-09-28 23:00:36.432 - INFO: Done, number of words: 2048
2026-09-28 23:00:36.432 - INFO: Number of words in internal vocabulary (these are also part of the external vocabulary): 2048
2026-09-28 23:00:36.432 - INFO: Reading vocabulary from file /local/data-ssd/stoetzem/bench-tmp/p9-polyvocab/polyVocabLookupBatchMicroU ...
2026-09-28 23:00:36.432 - WARN: io_uring is compiled in but unavailable at runtime (io_uring_queue_init failed in IoUringManager. In file "../../../src/util/IoUringManager.cpp" at line 154); falling back to synchronous pread for vocabulary lookups
2026-09-28 23:00:36.432 - INFO: Done, number of words: 2048
2026-09-28 23:00:36.432 - INFO: Number of words in internal vocabulary (these are also part of the external vocabulary): 2048
2026-09-28 23:00:36.433 - INFO: Running measurement "concrete lookupBatch (no dispatch) of group Synthetic micro-batches: 2,048 lookups into 2,048 words (on-disk compressed, builder path)" ...
2026-09-28 23:00:47.672 - INFO: Done in 11.2398 seconds.
##########################################################################
# Benchmark class 'PolymorphicVocabulary::lookupBatch (synthetic micro)' #
##########################################################################
General metadata: {"time-of-measurement":"2026-09-28 23:00:36.433"}

No configuration options were defined.

####################
# Group benchmarks #
####################
Group 'Synthetic micro-batches: 2,048 lookups into 2,048 words (on-disk compressed, builder path)'
    Measurements:
    
        Single measurement 'concrete lookupBatch (no dispatch)'
            time: 11.2398s
    
    Tables: None

