2026-10-07 22:35:53.151 - INFO: [1mQLever server CIKM-3084-g022c22472, compiled on Wed Oct  7 18:21:17 UTC 2026 using git hash 022c224[22m
2026-10-07 22:35:53.151 - INFO: Runtime parameter set from the command line: vocabulary-internal-rank-lookup=false
2026-10-07 22:35:53.152 - INFO: Cleanup of previous index directories after each rebuild enabled (--rebuild-keep-previous-index-dirs original-and-most-recent)
2026-10-07 22:35:53.152 - INFO: The git hash used to build this index was "65f84b4"
2026-10-07 22:35:53.152 - INFO: Reading vocabulary from file /local/data-ssd/stoetzem/wikidata/wikidata.vocabulary.words ...
2026-10-07 22:36:09.278 - INFO: Done, number of words: 1,580,300,680
2026-10-07 22:36:09.278 - INFO: Number of words in internal vocabulary (these are also part of the external vocabulary): 777,658,536
2026-10-07 22:36:09.377 - INFO: Registered PSO permutation: #relations = 10,100, #blocks = 225,155, #triples = 6,983,973,847
2026-10-07 22:36:09.504 - INFO: Registered PSO permutation: #relations = 13,566, #blocks = 264,339, #triples = 8,220,417,022
2026-10-07 22:36:09.599 - INFO: Registered POS permutation: #relations = 10,100, #blocks = 225,155, #triples = 6,983,973,847
2026-10-07 22:36:09.720 - INFO: Registered POS permutation: #relations = 13,566, #blocks = 264,339, #triples = 8,220,417,022
2026-10-07 22:36:09.825 - INFO: Registered OPS permutation: #relations = 1,683,253,489, #blocks = 222,728, #triples = 8,220,417,022
2026-10-07 22:36:09.927 - INFO: Registered OSP permutation: #relations = 1,683,253,489, #blocks = 222,728, #triples = 8,220,417,022
2026-10-07 22:36:10.000 - INFO: Registered SPO permutation: #relations = 252,534,289, #blocks = 175,741, #triples = 8,220,417,022
2026-10-07 22:36:10.075 - INFO: Registered SOP permutation: #relations = 252,534,289, #blocks = 175,741, #triples = 8,220,417,022
2026-10-07 22:36:10.075 - INFO: Reading patterns from file /local/data-ssd/stoetzem/wikidata/wikidata.index.patterns ...
2026-10-07 22:36:11.864 - INFO: Sorting random result tables to estimate the sorting performance of this machine ...
2026-10-07 22:36:22.599 - INFO: Initializing server ...
2026-10-07 22:36:22.600 - INFO: ExportEngineV2 serialize posts onto queryThreadPool_ (8 threads); no extra V2 pool. Helpers stop admitting when another query is registered.
2026-10-07 22:36:22.600 - INFO: No access token required for restricted API calls
2026-10-07 22:36:22.600 - INFO: The server is ready, listening for requests on port 7015 ...
2026-10-07 22:36:22.756 - INFO: 
2026-10-07 22:36:22.756 - INFO: Request received via POST, content type "application/x-www-form-urlencoded"
2026-10-07 22:36:22.760 - INFO: Processing the following SPARQL query:
# Tier H-vocab — German labels of all humans, SELECT CSV (combo v2 + rank
# lookup run, 2026-10-07). Same prefixes and WHERE clause as
# incoming/pr162-queries/H-vocab-label-large-de.rq, but SELECT instead of
# CONSTRUCT. German literals are external (on disk): every label lookup goes
# through the on-disk vocabulary, so this query measures SSD reads.
PREFIX wd: <http://www.wikidata.org/entity/>
PREFIX wdt: <http://www.wikidata.org/prop/direct/>
PREFIX rdfs: <http://www.w3.org/2000/01/rdf-schema#>

SELECT ?person ?name WHERE {
  ?person wdt:P31 wd:Q5 .
  ?person rdfs:label ?name .
  FILTER(LANG(?name) = "de")
}

2026-10-07 22:36:22.760 - INFO: Requested media types of the result are: "text/csv"
2026-10-07 22:36:22.765 - INFO: Query planning done in 8 ms
2026-10-07 22:36:22.765 - INFO: ExportEngine: LegacyV1 [Reason: Legacy V1 selected (explicitly requested via query parameter or header override)]
2026-10-07 22:36:22.765 - INFO: Result has unknown size (not computed yet)
2026-10-07 22:38:07.074 - INFO: Done processing query and sending result, total time was 104,317 ms
2026-10-07 22:38:07.102 - INFO: 
2026-10-07 22:38:07.102 - INFO: Request received via GET, no content type specified
2026-10-07 22:38:07.102 - INFO: Processing command "cache-stats": get cache statistics
2026-10-07 22:38:07.129 - INFO: 
2026-10-07 22:38:07.129 - INFO: Request received via GET, no content type specified
2026-10-07 22:38:07.129 - INFO: Processing command "clear-cache": clear the cache (unpinned elements only)
2026-10-07 22:38:07.157 - INFO: 
2026-10-07 22:38:07.157 - INFO: Request received via GET, no content type specified
2026-10-07 22:38:07.157 - INFO: Processing command "cache-stats": get cache statistics
2026-10-07 22:38:07.188 - INFO: 
2026-10-07 22:38:07.188 - INFO: Request received via POST, content type "application/x-www-form-urlencoded"
2026-10-07 22:38:07.189 - INFO: Processing the following SPARQL query:
# Tier H-vocab — German labels of all humans, SELECT CSV (combo v2 + rank
# lookup run, 2026-10-07). Same prefixes and WHERE clause as
# incoming/pr162-queries/H-vocab-label-large-de.rq, but SELECT instead of
# CONSTRUCT. German literals are external (on disk): every label lookup goes
# through the on-disk vocabulary, so this query measures SSD reads.
PREFIX wd: <http://www.wikidata.org/entity/>
PREFIX wdt: <http://www.wikidata.org/prop/direct/>
PREFIX rdfs: <http://www.w3.org/2000/01/rdf-schema#>

SELECT ?person ?name WHERE {
  ?person wdt:P31 wd:Q5 .
  ?person rdfs:label ?name .
  FILTER(LANG(?name) = "de")
}

2026-10-07 22:38:07.189 - INFO: Requested media types of the result are: "text/csv"
2026-10-07 22:38:07.189 - INFO: Query planning done in 0 ms
2026-10-07 22:38:07.189 - INFO: ExportEngine: LegacyV1 [Reason: Legacy V1 selected (explicitly requested via query parameter or header override)]
2026-10-07 22:38:07.189 - INFO: Result has unknown size (not computed yet)
2026-10-07 22:38:32.482 - INFO: Done processing query and sending result, total time was 25,294 ms
2026-10-07 22:38:32.507 - INFO: 
2026-10-07 22:38:32.507 - INFO: Request received via GET, no content type specified
2026-10-07 22:38:32.507 - INFO: Processing command "cache-stats": get cache statistics
