2026-10-07 21:22:38.940 - INFO: [1mQLever server CIKM-2732-ga752a4571, compiled on Tue Oct  6 07:51:09 UTC 2026 using git hash a752a45[22m
2026-10-07 21:22:38.941 - INFO: Cleanup of previous index directories after each rebuild enabled (--rebuild-keep-previous-index-dirs original-and-most-recent)
2026-10-07 21:22:38.941 - INFO: The git hash used to build this index was "65f84b4"
2026-10-07 21:22:38.941 - INFO: Reading vocabulary from file /local/data-ssd/stoetzem/wikidata/wikidata.vocabulary.words ...
2026-10-07 21:22:52.464 - INFO: Done, number of words: 1,580,300,680
2026-10-07 21:22:52.464 - INFO: Number of words in internal vocabulary (these are also part of the external vocabulary): 777,658,536
2026-10-07 21:22:52.543 - INFO: Registered PSO permutation: #relations = 10,100, #blocks = 225,155, #triples = 6,983,973,847
2026-10-07 21:22:52.643 - INFO: Registered PSO permutation: #relations = 13,566, #blocks = 264,339, #triples = 8,220,417,022
2026-10-07 21:22:52.717 - INFO: Registered POS permutation: #relations = 10,100, #blocks = 225,155, #triples = 6,983,973,847
2026-10-07 21:22:52.816 - INFO: Registered POS permutation: #relations = 13,566, #blocks = 264,339, #triples = 8,220,417,022
2026-10-07 21:22:52.899 - INFO: Registered OPS permutation: #relations = 1,683,253,489, #blocks = 222,728, #triples = 8,220,417,022
2026-10-07 21:22:52.983 - INFO: Registered OSP permutation: #relations = 1,683,253,489, #blocks = 222,728, #triples = 8,220,417,022
2026-10-07 21:22:53.041 - INFO: Registered SPO permutation: #relations = 252,534,289, #blocks = 175,741, #triples = 8,220,417,022
2026-10-07 21:22:53.098 - INFO: Registered SOP permutation: #relations = 252,534,289, #blocks = 175,741, #triples = 8,220,417,022
2026-10-07 21:22:53.098 - INFO: Reading patterns from file /local/data-ssd/stoetzem/wikidata/wikidata.index.patterns ...
2026-10-07 21:22:54.534 - WARN: The geo points of this index use the encoding "lat-major", which is deprecated and will not be supported for much longer; with this encoding, a spatial prefilter on points can only restrict the latitude; please build the index with the default encoding "z-order" (just omit the option `--geo-point-encoding` of `qlever-index`)
2026-10-07 21:22:54.534 - INFO: Sorting random result tables to estimate the sorting performance of this machine ...
2026-10-07 21:23:02.903 - INFO: Initializing server ...
2026-10-07 21:23:02.903 - INFO: No access token required for restricted API calls
2026-10-07 21:23:02.904 - INFO: The server is ready, listening for requests on port 7015 ...
2026-10-07 21:23:03.000 - INFO: 
2026-10-07 21:23:03.000 - INFO: Request received via POST, content type "application/x-www-form-urlencoded"
2026-10-07 21:23:03.004 - INFO: Processing the following SPARQL query:
# Scattered-read candidate (io-screen 2026-10-06): German labels of all Wikimedia disambiguation pages (Q4167410).
# No VALUES: one P+O bound class scan (wdt:P31 wd:Q4167410), then the German
# label scan. German literals are in the external (on-disk) vocabulary.
# A sparse class spreads its label IDs over the sorted vocabulary, so few
# reads share a page. Public endpoint count (2026-10): ~0.70M German labels.
PREFIX wd: <http://www.wikidata.org/entity/>
PREFIX wdt: <http://www.wikidata.org/prop/direct/>
PREFIX rdfs: <http://www.w3.org/2000/01/rdf-schema#>
PREFIX schema: <http://schema.org/>
PREFIX skos: <http://www.w3.org/2004/02/skos/core#>

CONSTRUCT { ?entity rdfs:label ?label }
WHERE {
  ?entity wdt:P31 wd:Q4167410 .
  ?entity rdfs:label ?label .
  FILTER(LANG(?label) = "de")
}

2026-10-07 21:23:03.004 - INFO: Requested media types of the result are: "text/turtle"
2026-10-07 21:23:03.005 - INFO: Query planning done in 5 ms
2026-10-07 21:23:03.005 - INFO: Result has unknown size (not computed yet)
2026-10-07 21:24:16.534 - INFO: Done processing query and sending result, total time was 73,534 ms
2026-10-07 21:24:16.556 - INFO: 
2026-10-07 21:24:16.556 - INFO: Request received via GET, no content type specified
2026-10-07 21:24:16.556 - INFO: Processing command "cache-stats": get cache statistics
2026-10-07 21:24:16.578 - INFO: 
2026-10-07 21:24:16.578 - INFO: Request received via GET, no content type specified
2026-10-07 21:24:16.578 - INFO: Processing command "clear-cache": clear the cache (unpinned elements only)
2026-10-07 21:24:16.601 - INFO: 
2026-10-07 21:24:16.601 - INFO: Request received via GET, no content type specified
2026-10-07 21:24:16.601 - INFO: Processing command "cache-stats": get cache statistics
2026-10-07 21:24:16.624 - INFO: 
2026-10-07 21:24:16.624 - INFO: Request received via POST, content type "application/x-www-form-urlencoded"
2026-10-07 21:24:16.625 - INFO: Processing the following SPARQL query:
# Scattered-read candidate (io-screen 2026-10-06): German labels of all Wikimedia disambiguation pages (Q4167410).
# No VALUES: one P+O bound class scan (wdt:P31 wd:Q4167410), then the German
# label scan. German literals are in the external (on-disk) vocabulary.
# A sparse class spreads its label IDs over the sorted vocabulary, so few
# reads share a page. Public endpoint count (2026-10): ~0.70M German labels.
PREFIX wd: <http://www.wikidata.org/entity/>
PREFIX wdt: <http://www.wikidata.org/prop/direct/>
PREFIX rdfs: <http://www.w3.org/2000/01/rdf-schema#>
PREFIX schema: <http://schema.org/>
PREFIX skos: <http://www.w3.org/2004/02/skos/core#>

CONSTRUCT { ?entity rdfs:label ?label }
WHERE {
  ?entity wdt:P31 wd:Q4167410 .
  ?entity rdfs:label ?label .
  FILTER(LANG(?label) = "de")
}

2026-10-07 21:24:16.625 - INFO: Requested media types of the result are: "text/turtle"
2026-10-07 21:24:16.625 - INFO: Query planning done in 0 ms
2026-10-07 21:24:16.625 - INFO: Result has unknown size (not computed yet)
2026-10-07 21:24:20.249 - INFO: Done processing query and sending result, total time was 3,624 ms
2026-10-07 21:24:20.274 - INFO: 
2026-10-07 21:24:20.274 - INFO: Request received via GET, no content type specified
2026-10-07 21:24:20.274 - INFO: Processing command "clear-cache": clear the cache (unpinned elements only)
2026-10-07 21:24:20.305 - INFO: 
2026-10-07 21:24:20.305 - INFO: Request received via POST, content type "application/x-www-form-urlencoded"
2026-10-07 21:24:20.305 - INFO: Processing the following SPARQL query:
# Scattered-read candidate (io-screen 2026-10-06): German labels of all Wikimedia disambiguation pages (Q4167410).
# No VALUES: one P+O bound class scan (wdt:P31 wd:Q4167410), then the German
# label scan. German literals are in the external (on-disk) vocabulary.
# A sparse class spreads its label IDs over the sorted vocabulary, so few
# reads share a page. Public endpoint count (2026-10): ~0.70M German labels.
PREFIX wd: <http://www.wikidata.org/entity/>
PREFIX wdt: <http://www.wikidata.org/prop/direct/>
PREFIX rdfs: <http://www.w3.org/2000/01/rdf-schema#>
PREFIX schema: <http://schema.org/>
PREFIX skos: <http://www.w3.org/2004/02/skos/core#>

CONSTRUCT { ?entity rdfs:label ?label }
WHERE {
  ?entity wdt:P31 wd:Q4167410 .
  ?entity rdfs:label ?label .
  FILTER(LANG(?label) = "de")
}

2026-10-07 21:24:20.305 - INFO: Requested media types of the result are: "text/turtle"
2026-10-07 21:24:20.305 - INFO: Query planning done in 0 ms
2026-10-07 21:24:20.305 - INFO: Result has unknown size (not computed yet)
2026-10-07 21:24:24.024 - INFO: Done processing query and sending result, total time was 3,719 ms
2026-10-07 21:24:24.054 - INFO: 
2026-10-07 21:24:24.054 - INFO: Request received via GET, no content type specified
2026-10-07 21:24:24.054 - INFO: Processing command "clear-cache": clear the cache (unpinned elements only)
2026-10-07 21:24:24.080 - INFO: 
2026-10-07 21:24:24.080 - INFO: Request received via POST, content type "application/x-www-form-urlencoded"
2026-10-07 21:24:24.080 - INFO: Processing the following SPARQL query:
# Scattered-read candidate (io-screen 2026-10-06): German labels of all Wikimedia disambiguation pages (Q4167410).
# No VALUES: one P+O bound class scan (wdt:P31 wd:Q4167410), then the German
# label scan. German literals are in the external (on-disk) vocabulary.
# A sparse class spreads its label IDs over the sorted vocabulary, so few
# reads share a page. Public endpoint count (2026-10): ~0.70M German labels.
PREFIX wd: <http://www.wikidata.org/entity/>
PREFIX wdt: <http://www.wikidata.org/prop/direct/>
PREFIX rdfs: <http://www.w3.org/2000/01/rdf-schema#>
PREFIX schema: <http://schema.org/>
PREFIX skos: <http://www.w3.org/2004/02/skos/core#>

CONSTRUCT { ?entity rdfs:label ?label }
WHERE {
  ?entity wdt:P31 wd:Q4167410 .
  ?entity rdfs:label ?label .
  FILTER(LANG(?label) = "de")
}

2026-10-07 21:24:24.080 - INFO: Requested media types of the result are: "text/turtle"
2026-10-07 21:24:24.080 - INFO: Query planning done in 0 ms
2026-10-07 21:24:24.080 - INFO: Result has unknown size (not computed yet)
2026-10-07 21:24:27.684 - INFO: Done processing query and sending result, total time was 3,604 ms
2026-10-07 21:24:27.707 - INFO: 
2026-10-07 21:24:27.707 - INFO: Request received via GET, no content type specified
2026-10-07 21:24:27.707 - INFO: Processing command "cache-stats": get cache statistics
