2026-09-28 23:43:45.532 - INFO: [1mQLever server CIKM-2667-g533f800b8, compiled on Mon Sep 28 14:40:44 UTC 2026 using git hash 533f800[22m
2026-09-28 23:43:45.532 - INFO: Cleanup of previous index directories after each rebuild enabled (--rebuild-keep-previous-index-dirs original-and-most-recent)
2026-09-28 23:43:45.533 - INFO: The git hash used to build this index was "65f84b4"
2026-09-28 23:43:45.533 - INFO: Reading vocabulary from file /local/data-ssd/stoetzem/qlever-indices/dblp/dblp.vocabulary.words ...
2026-09-28 23:43:45.552 - INFO: Done, number of words: 446,944,668
2026-09-28 23:43:45.552 - INFO: Number of words in internal vocabulary (these are also part of the external vocabulary): 446,955
2026-09-28 23:43:45.559 - INFO: Registered PSO permutation: #relations = 6, #blocks = 8,187, #triples = 255,805,025
2026-09-28 23:43:45.584 - INFO: Registered PSO permutation: #relations = 96, #blocks = 51,023, #triples = 1,593,245,022
2026-09-28 23:43:45.588 - INFO: Registered POS permutation: #relations = 6, #blocks = 8,187, #triples = 255,805,025
2026-09-28 23:43:45.614 - INFO: Registered POS permutation: #relations = 96, #blocks = 51,023, #triples = 1,593,245,022
2026-09-28 23:43:45.635 - INFO: Registered OPS permutation: #relations = 345,357,897, #blocks = 42,492, #triples = 1,593,245,022
2026-09-28 23:43:45.656 - INFO: Registered OSP permutation: #relations = 345,357,897, #blocks = 42,492, #triples = 1,593,245,022
2026-09-28 23:43:45.669 - INFO: Registered SPO permutation: #relations = 255,804,614, #blocks = 33,993, #triples = 1,593,245,022
2026-09-28 23:43:45.681 - INFO: Registered SOP permutation: #relations = 255,804,614, #blocks = 33,993, #triples = 1,593,245,022
2026-09-28 23:43:45.681 - INFO: Reading patterns from file /local/data-ssd/stoetzem/qlever-indices/dblp/dblp.index.patterns ...
2026-09-28 23:43:45.682 - INFO: Sorting random result tables to estimate the sorting performance of this machine ...
2026-09-28 23:43:54.336 - INFO: Initializing server ...
2026-09-28 23:43:54.336 - INFO: No access token required for restricted API calls
2026-09-28 23:43:54.336 - INFO: The server is ready, listening for requests on port 7015 ...
2026-09-28 23:43:54.609 - INFO: 
2026-09-28 23:43:54.609 - INFO: Request received via POST, content type "application/x-www-form-urlencoded"
2026-09-28 23:43:54.613 - INFO: Processing the following SPARQL query:
# Tier H — size-sweep
# Goal: isolate export cost from query-planning cost. Raise the year bound
# across runs, for example 1970, 1990, 2010, and 2023.
PREFIX dblp: <https://dblp.org/rdf/schema#>

CONSTRUCT { ?s ?p ?o }
WHERE {
  ?s a dblp:Publication ;
     dblp:yearOfPublication ?year ;
     ?p ?o .
  FILTER(?year <= "1970"^^<http://www.w3.org/2001/XMLSchema#gYear>)
}

2026-09-28 23:43:54.613 - INFO: Requested media types of the result are: "text/turtle"
2026-09-28 23:43:54.616 - INFO: Query planning done in 6 ms
2026-09-28 23:43:54.649 - INFO: Result has unknown size (not computed yet)
2026-09-28 23:44:00.481 - INFO: Done processing query and sending result, total time was 5,871 ms
