2026-10-07 13:59:56.170 - INFO: [1mQLever server CIKM-3080-g112f76a70, compiled on Wed Oct  7 10:17:30 UTC 2026 using git hash 112f76a[22m
2026-10-07 13:59:56.170 - INFO: Cleanup of previous index directories after each rebuild enabled (--rebuild-keep-previous-index-dirs original-and-most-recent)
2026-10-07 13:59:56.171 - INFO: The git hash used to build this index was "65f84b4"
2026-10-07 13:59:56.171 - INFO: Reading vocabulary from file /local/data-ssd/stoetzem/wikidata/wikidata.vocabulary.words ...
2026-10-07 14:00:10.934 - INFO: Done, number of words: 1,580,300,680
2026-10-07 14:00:10.934 - INFO: Number of words in internal vocabulary (these are also part of the external vocabulary): 777,658,536
2026-10-07 14:00:11.023 - INFO: Registered PSO permutation: #relations = 10,100, #blocks = 225,155, #triples = 6,983,973,847
2026-10-07 14:00:11.139 - INFO: Registered PSO permutation: #relations = 13,566, #blocks = 264,339, #triples = 8,220,417,022
2026-10-07 14:00:11.225 - INFO: Registered POS permutation: #relations = 10,100, #blocks = 225,155, #triples = 6,983,973,847
2026-10-07 14:00:11.331 - INFO: Registered POS permutation: #relations = 13,566, #blocks = 264,339, #triples = 8,220,417,022
2026-10-07 14:00:11.419 - INFO: Registered OPS permutation: #relations = 1,683,253,489, #blocks = 222,728, #triples = 8,220,417,022
2026-10-07 14:00:11.507 - INFO: Registered OSP permutation: #relations = 1,683,253,489, #blocks = 222,728, #triples = 8,220,417,022
2026-10-07 14:00:11.567 - INFO: Registered SPO permutation: #relations = 252,534,289, #blocks = 175,741, #triples = 8,220,417,022
2026-10-07 14:00:11.626 - INFO: Registered SOP permutation: #relations = 252,534,289, #blocks = 175,741, #triples = 8,220,417,022
2026-10-07 14:00:11.626 - INFO: Reading patterns from file /local/data-ssd/stoetzem/wikidata/wikidata.index.patterns ...
2026-10-07 14:00:13.182 - INFO: Sorting random result tables to estimate the sorting performance of this machine ...
2026-10-07 14:00:22.001 - INFO: Initializing server ...
2026-10-07 14:00:22.001 - INFO: ExportEngineV2 serialize posts onto queryThreadPool_ (2 threads); no extra V2 pool. Helpers stop admitting when another query is registered.
2026-10-07 14:00:22.001 - INFO: No access token required for restricted API calls
2026-10-07 14:00:22.001 - INFO: The server is ready, listening for requests on port 7041 ...
2026-10-07 14:00:25.117 - INFO: 
2026-10-07 14:00:25.117 - INFO: Request received via POST, content type "application/x-www-form-urlencoded"
2026-10-07 14:00:25.126 - INFO: Processing the following SPARQL query:
# Tier H-vocab — English labels, large (SELECT companion)
# Same WHERE clause as H-vocab-label-large.rq, but SELECT ?entity ?label
# instead of CONSTRUCT. Used by run 124 (export term-lookup perf profile)
# to attribute SELECT export CPU between vocabulary lookup and formatting.
PREFIX wd: <http://www.wikidata.org/entity/>
PREFIX wdt: <http://www.wikidata.org/prop/direct/>
PREFIX rdfs: <http://www.w3.org/2000/01/rdf-schema#>

SELECT ?entity ?label
WHERE {
  ?entity wdt:P31 wd:Q5 .
  ?entity rdfs:label ?label .
  FILTER(LANG(?label) = "en")
}

2026-10-07 14:00:25.127 - INFO: Requested media types of the result are: "text/csv"
2026-10-07 14:00:25.129 - INFO: Query planning done in 11 ms
2026-10-07 14:00:25.129 - INFO: ExportEngine: FastStreamingV2 [Reason: Fast-Path V2 selected (eligible export query with explicit or default opt-in)]
2026-10-07 14:00:25.129 - INFO: Using ExportEngineV2 for text/csv export
2026-10-07 14:00:25.130 - INFO: Result has unknown size (not computed yet)
2026-10-07 14:00:25.130 - INFO: ExportEngineV2 streaming lazy result blocks to morsels on queryThreadPool_ (no extra V2 threads)
2026-10-07 14:00:33.424 - INFO: V2DIAG coordinator tid 3,126,105 submitted 1,422 morsels, consumed 1,422, files /local/data-ssd/stoetzem/thesis/experiments/runs/v2-utilisation-diag/B/j2/v2diag-spool/v2diag-3125313-1-4924479785667298-*.csv
2026-10-07 14:00:33.426 - INFO: Done processing query and sending result, total time was 8,308 ms
2026-10-07 14:00:34.912 - INFO: 
2026-10-07 14:00:34.912 - INFO: Request received via POST, content type "application/x-www-form-urlencoded"
2026-10-07 14:00:34.912 - INFO: Processing the following SPARQL query:
# Tier H-vocab — English labels, large (SELECT companion)
# Same WHERE clause as H-vocab-label-large.rq, but SELECT ?entity ?label
# instead of CONSTRUCT. Used by run 124 (export term-lookup perf profile)
# to attribute SELECT export CPU between vocabulary lookup and formatting.
PREFIX wd: <http://www.wikidata.org/entity/>
PREFIX wdt: <http://www.wikidata.org/prop/direct/>
PREFIX rdfs: <http://www.w3.org/2000/01/rdf-schema#>

SELECT ?entity ?label
WHERE {
  ?entity wdt:P31 wd:Q5 .
  ?entity rdfs:label ?label .
  FILTER(LANG(?label) = "en")
}

2026-10-07 14:00:34.912 - INFO: Requested media types of the result are: "text/csv"
2026-10-07 14:00:34.913 - INFO: Query planning done in 0 ms
2026-10-07 14:00:34.913 - INFO: ExportEngine: FastStreamingV2 [Reason: Fast-Path V2 selected (eligible export query with explicit or default opt-in)]
2026-10-07 14:00:34.913 - INFO: Using ExportEngineV2 for text/csv export
2026-10-07 14:00:34.913 - INFO: Result has unknown size (not computed yet)
2026-10-07 14:00:34.913 - INFO: ExportEngineV2 streaming lazy result blocks to morsels on queryThreadPool_ (no extra V2 threads)
2026-10-07 14:00:43.307 - INFO: V2DIAG coordinator tid 3,126,598 submitted 1,422 morsels, consumed 1,422, files /local/data-ssd/stoetzem/thesis/experiments/runs/v2-utilisation-diag/B/j2/v2diag-spool/v2diag-3125313-2-4924489668916049-*.csv
2026-10-07 14:00:43.308 - INFO: Done processing query and sending result, total time was 8,396 ms
2026-10-07 14:00:44.355 - INFO: 
2026-10-07 14:00:44.355 - INFO: Request received via POST, content type "application/x-www-form-urlencoded"
2026-10-07 14:00:44.355 - INFO: Processing the following SPARQL query:
# Tier H-vocab — English labels, large (SELECT companion)
# Same WHERE clause as H-vocab-label-large.rq, but SELECT ?entity ?label
# instead of CONSTRUCT. Used by run 124 (export term-lookup perf profile)
# to attribute SELECT export CPU between vocabulary lookup and formatting.
PREFIX wd: <http://www.wikidata.org/entity/>
PREFIX wdt: <http://www.wikidata.org/prop/direct/>
PREFIX rdfs: <http://www.w3.org/2000/01/rdf-schema#>

SELECT ?entity ?label
WHERE {
  ?entity wdt:P31 wd:Q5 .
  ?entity rdfs:label ?label .
  FILTER(LANG(?label) = "en")
}

2026-10-07 14:00:44.355 - INFO: Requested media types of the result are: "text/csv"
2026-10-07 14:00:44.356 - INFO: Query planning done in 0 ms
2026-10-07 14:00:44.356 - INFO: ExportEngine: FastStreamingV2 [Reason: Fast-Path V2 selected (eligible export query with explicit or default opt-in)]
2026-10-07 14:00:44.356 - INFO: Using ExportEngineV2 for text/csv export
2026-10-07 14:00:44.356 - INFO: Result has unknown size (not computed yet)
2026-10-07 14:00:44.356 - INFO: ExportEngineV2 streaming lazy result blocks to morsels on queryThreadPool_ (no extra V2 threads)
2026-10-07 14:00:52.563 - INFO: V2DIAG coordinator tid 3,126,839 submitted 1,422 morsels, consumed 1,422, files /local/data-ssd/stoetzem/thesis/experiments/runs/v2-utilisation-diag/B/j2/v2diag-spool/v2diag-3125313-3-4924498924894808-*.csv
2026-10-07 14:00:52.564 - INFO: Done processing query and sending result, total time was 8,209 ms
