[2026-09-29T10:40:51Z] preflight ok (purpose=thesis run=36545447717)
[2026-09-29T10:40:51Z] fetching hosted binary for run 36545447717
artifact bin-30f03ee02da14a81dbc76b52ee4f3506fb0b92dc (id 11022497593) from run 36545447717
sha=30f03ee02da14a81dbc76b52ee4f3506fb0b92dc
ref=bench/idcache-bypass
targets=qlever-server
compiler=/usr/bin/g++-13 (g++-13 (Ubuntu 13.3.0-6ubuntu2~24.04.1) 13.3.0)
liburing=2.15
flavor=u24-hosted
run=https://github.com/marvin7122/qlever/actions/runs/36545447717
built_utc=2026-09-29T09:01:02Z
INSTALLED /local/data-ssd/stoetzem/bin-cache/30f03ee02da14a81dbc76b52ee4f3506fb0b92dc/qlever-server
OK   qlever-server --version (exit 0): /local/data-ssd/stoetzem/bin-cache/30f03ee02da14a81dbc76b52ee4f3506fb0b92dc/qlever-server v0.6.0-417-g30f03ee02
bin dir: /local/data-ssd/stoetzem/bin-cache/30f03ee02da14a81dbc76b52ee4f3506fb0b92dc  (by branch: /local/data-ssd/stoetzem/bin-cache/by-branch/bench/idcache-bypass/)
[2026-09-29T10:40:54Z] binary version: /local/data-ssd/stoetzem/bin-cache/30f03ee02da14a81dbc76b52ee4f3506fb0b92dc/qlever-server v0.6.0-417-g30f03ee02
[2026-09-29T10:40:54Z] --version gate ok (30f03ee02)
purpose=thesis
branch=bench/idcache-bypass
expect_sha=30f03ee02
binary=/local/data-ssd/stoetzem/bin-cache/30f03ee02da14a81dbc76b52ee4f3506fb0b92dc/qlever-server
binary_version=/local/data-ssd/stoetzem/bin-cache/30f03ee02da14a81dbc76b52ee4f3506fb0b92dc/qlever-server v0.6.0-417-g30f03ee02
binary_sha256=4653d007d50ad7c860b093c7216de311804782e0d3f6c8faf5802e193d5753ef
index=/local/data-ssd/stoetzem/wikidata/index-for-upgrade-new-format/wikidata
uname=7.0.0-28-generic
date=2026-09-29T10:40:54Z
[2026-09-29T10:41:20Z] server ready pid 4180869 (arm cache-on flag=false)
[2026-09-29T10:45:03Z] preflight ok (purpose=thesis run=36545447717)
[2026-09-29T10:45:03Z] fetching hosted binary for run 36545447717
artifact bin-30f03ee02da14a81dbc76b52ee4f3506fb0b92dc (id 11022497593) from run 36545447717
sha=30f03ee02da14a81dbc76b52ee4f3506fb0b92dc
ref=bench/idcache-bypass
targets=qlever-server
compiler=/usr/bin/g++-13 (g++-13 (Ubuntu 13.3.0-6ubuntu2~24.04.1) 13.3.0)
liburing=2.15
flavor=u24-hosted
run=https://github.com/marvin7122/qlever/actions/runs/36545447717
built_utc=2026-09-29T09:01:02Z
KEEP /local/data-ssd/stoetzem/bin-cache/30f03ee02da14a81dbc76b52ee4f3506fb0b92dc/qlever-server (exists; FORCE=1 to overwrite)
OK   qlever-server --version (exit 0): /local/data-ssd/stoetzem/bin-cache/30f03ee02da14a81dbc76b52ee4f3506fb0b92dc/qlever-server v0.6.0-417-g30f03ee02
bin dir: /local/data-ssd/stoetzem/bin-cache/30f03ee02da14a81dbc76b52ee4f3506fb0b92dc  (by branch: /local/data-ssd/stoetzem/bin-cache/by-branch/bench/idcache-bypass/)
[2026-09-29T10:45:06Z] binary version: /local/data-ssd/stoetzem/bin-cache/30f03ee02da14a81dbc76b52ee4f3506fb0b92dc/qlever-server v0.6.0-417-g30f03ee02
[2026-09-29T10:45:06Z] --version gate ok (30f03ee02)
purpose=thesis
branch=bench/idcache-bypass
expect_sha=30f03ee02
binary=/local/data-ssd/stoetzem/bin-cache/30f03ee02da14a81dbc76b52ee4f3506fb0b92dc/qlever-server
binary_version=/local/data-ssd/stoetzem/bin-cache/30f03ee02da14a81dbc76b52ee4f3506fb0b92dc/qlever-server v0.6.0-417-g30f03ee02
binary_sha256=4653d007d50ad7c860b093c7216de311804782e0d3f6c8faf5802e193d5753ef
index=/local/data-ssd/stoetzem/wikidata/index-for-upgrade-new-format/wikidata
uname=7.0.0-28-generic
date=2026-09-29T10:45:06Z
[2026-09-29T10:45:29Z] server ready pid 4183940 (arm cache-on flag=false)
[2026-09-29T10:45:30Z] warmup cache-on large-de-warm (discarded)

/local/data-ssd/stoetzem/thesis/experiments/runs/idcache-bypass-ab/cache-on-large-de-warm code=200 wall=15.374772s sha=dcd2b1bc77fce98409640e9a234aa92688de7ba54eeff9c0556752e814f8c5e1 cpu_proc=15.83s cpu_iowait=221.23s cpu_total=239.98s wall=15.0s n=31
[2026-09-29T10:46:15Z] server stopped (cache-on)
[2026-09-29T10:46:42Z] server ready pid 4184607 (arm cache-off flag=true)
[2026-09-29T10:46:42Z] warmup cache-off large-de-warm (discarded)

/local/data-ssd/stoetzem/thesis/experiments/runs/idcache-bypass-ab/cache-off-large-de-warm code=200 wall=14.906395s sha=dcd2b1bc77fce98409640e9a234aa92688de7ba54eeff9c0556752e814f8c5e1 cpu_proc=15.31s cpu_iowait=213.91s cpu_total=231.99s wall=14.5s n=30
[2026-09-29T10:47:17Z] server stopped (cache-off)
[2026-09-29T10:47:44Z] server ready pid 4185030 (arm cache-on flag=false)
[2026-09-29T10:47:44Z] warmup cache-on dup-warm (discarded)

/local/data-ssd/stoetzem/thesis/experiments/runs/idcache-bypass-ab/cache-on-dup-warm code=200 wall=1.238985s sha=82f663b1dfdc0332ff99f84fa2a2a424496050846b26d26c42842f85f03b4399 cpu_proc=1.54s cpu_iowait=14.34s cpu_total=15.99s wall=1.0s n=3
[2026-09-29T10:47:52Z] server stopped (cache-on)
[2026-09-29T10:48:18Z] server ready pid 4185300 (arm cache-off flag=true)
[2026-09-29T10:48:18Z] warmup cache-off dup-warm (discarded)

/local/data-ssd/stoetzem/thesis/experiments/runs/idcache-bypass-ab/cache-off-dup-warm code=200 wall=1.347687s sha=82f663b1dfdc0332ff99f84fa2a2a424496050846b26d26c42842f85f03b4399 cpu_proc=1.49s cpu_iowait=13.19s cpu_total=15.97s wall=1.0s n=3
[2026-09-29T10:48:27Z] server stopped (cache-off)
[2026-09-29T10:48:52Z] server ready pid 4185633 (arm cache-on flag=false)
Caches dropped successfully (synced, then wrote 1
 to /proc/sys/vm/drop_caches).
/local/data-ssd/stoetzem/thesis/experiments/runs/idcache-bypass-ab/cache-on-large-de-t1 code=200 wall=23.669688s sha=dcd2b1bc77fce98409640e9a234aa92688de7ba54eeff9c0556752e814f8c5e1 cpu_proc=23.92s cpu_iowait=349.76s cpu_total=375.83s wall=23.5s n=48
[2026-09-29T10:49:25Z] server stopped (cache-on)
[2026-09-29T10:49:53Z] server ready pid 4185992 (arm cache-off flag=true)
Caches dropped successfully (synced, then wrote 1
 to /proc/sys/vm/drop_caches).
/local/data-ssd/stoetzem/thesis/experiments/runs/idcache-bypass-ab/cache-off-large-de-t1 code=200 wall=22.679840s sha=dcd2b1bc77fce98409640e9a234aa92688de7ba54eeff9c0556752e814f8c5e1 cpu_proc=22.94s cpu_iowait=333.19s cpu_total=359.81s wall=22.5s n=46
[2026-09-29T10:50:24Z] server stopped (cache-off)
[2026-09-29T10:50:53Z] server ready pid 4186451 (arm cache-off flag=true)
Caches dropped successfully (synced, then wrote 1
 to /proc/sys/vm/drop_caches).
/local/data-ssd/stoetzem/thesis/experiments/runs/idcache-bypass-ab/cache-off-large-de-t2 code=200 wall=22.665982s sha=dcd2b1bc77fce98409640e9a234aa92688de7ba54eeff9c0556752e814f8c5e1 cpu_proc=22.95s cpu_iowait=334.67s cpu_total=359.84s wall=22.5s n=46
[2026-09-29T10:51:24Z] server stopped (cache-off)
[2026-09-29T10:51:53Z] server ready pid 4186935 (arm cache-on flag=false)
Caches dropped successfully (synced, then wrote 1
 to /proc/sys/vm/drop_caches).
/local/data-ssd/stoetzem/thesis/experiments/runs/idcache-bypass-ab/cache-on-large-de-t2 code=200 wall=23.257662s sha=dcd2b1bc77fce98409640e9a234aa92688de7ba54eeff9c0556752e814f8c5e1 cpu_proc=23.45s cpu_iowait=342.10s cpu_total=367.77s wall=23.0s n=47
[2026-09-29T10:52:25Z] server stopped (cache-on)
[2026-09-29T10:52:53Z] server ready pid 4187502 (arm cache-on flag=false)
Caches dropped successfully (synced, then wrote 1
 to /proc/sys/vm/drop_caches).
/local/data-ssd/stoetzem/thesis/experiments/runs/idcache-bypass-ab/cache-on-large-de-t3 code=200 wall=23.589805s sha=dcd2b1bc77fce98409640e9a234aa92688de7ba54eeff9c0556752e814f8c5e1 cpu_proc=23.93s cpu_iowait=346.31s cpu_total=375.75s wall=23.5s n=48
[2026-09-29T10:53:26Z] server stopped (cache-on)
[2026-09-29T10:53:54Z] server ready pid 4188156 (arm cache-off flag=true)
Caches dropped successfully (synced, then wrote 1
 to /proc/sys/vm/drop_caches).
/local/data-ssd/stoetzem/thesis/experiments/runs/idcache-bypass-ab/cache-off-large-de-t3 code=200 wall=22.799584s sha=dcd2b1bc77fce98409640e9a234aa92688de7ba54eeff9c0556752e814f8c5e1 cpu_proc=22.94s cpu_iowait=333.18s cpu_total=359.87s wall=22.5s n=46
[2026-09-29T10:54:25Z] server stopped (cache-off)
[2026-09-29T10:54:53Z] server ready pid 4188593 (arm cache-on flag=false)
Caches dropped successfully (synced, then wrote 1
 to /proc/sys/vm/drop_caches).
/local/data-ssd/stoetzem/thesis/experiments/runs/idcache-bypass-ab/cache-on-dup-t1 code=200 wall=1.709684s sha=82f663b1dfdc0332ff99f84fa2a2a424496050846b26d26c42842f85f03b4399 cpu_proc=1.98s cpu_iowait=21.82s cpu_total=23.93s wall=1.5s n=4
[2026-09-29T10:55:04Z] server stopped (cache-on)
[2026-09-29T10:55:32Z] server ready pid 4188916 (arm cache-off flag=true)
Caches dropped successfully (synced, then wrote 1
 to /proc/sys/vm/drop_caches).
/local/data-ssd/stoetzem/thesis/experiments/runs/idcache-bypass-ab/cache-off-dup-t1 code=200 wall=1.718407s sha=82f663b1dfdc0332ff99f84fa2a2a424496050846b26d26c42842f85f03b4399 cpu_proc=1.98s cpu_iowait=21.27s cpu_total=23.95s wall=1.5s n=4
[2026-09-29T10:55:41Z] server stopped (cache-off)
[2026-09-29T10:56:09Z] server ready pid 4189234 (arm cache-off flag=true)
Caches dropped successfully (synced, then wrote 1
 to /proc/sys/vm/drop_caches).
/local/data-ssd/stoetzem/thesis/experiments/runs/idcache-bypass-ab/cache-off-dup-t2 code=200 wall=1.715171s sha=82f663b1dfdc0332ff99f84fa2a2a424496050846b26d26c42842f85f03b4399 cpu_proc=2.01s cpu_iowait=21.82s cpu_total=23.96s wall=1.5s n=4
[2026-09-29T10:56:18Z] server stopped (cache-off)
[2026-09-29T10:56:47Z] server ready pid 4189637 (arm cache-on flag=false)
Caches dropped successfully (synced, then wrote 1
 to /proc/sys/vm/drop_caches).
/local/data-ssd/stoetzem/thesis/experiments/runs/idcache-bypass-ab/cache-on-dup-t2 code=200 wall=1.728392s sha=82f663b1dfdc0332ff99f84fa2a2a424496050846b26d26c42842f85f03b4399 cpu_proc=1.99s cpu_iowait=21.67s cpu_total=23.95s wall=1.5s n=4
[2026-09-29T10:56:55Z] server stopped (cache-on)
[2026-09-29T10:57:24Z] server ready pid 4190157 (arm cache-on flag=false)
Caches dropped successfully (synced, then wrote 1
 to /proc/sys/vm/drop_caches).
/local/data-ssd/stoetzem/thesis/experiments/runs/idcache-bypass-ab/cache-on-dup-t3 code=200 wall=1.699895s sha=82f663b1dfdc0332ff99f84fa2a2a424496050846b26d26c42842f85f03b4399 cpu_proc=1.97s cpu_iowait=21.82s cpu_total=23.96s wall=1.5s n=4
[2026-09-29T10:57:33Z] server stopped (cache-on)
[2026-09-29T10:58:01Z] server ready pid 4190479 (arm cache-off flag=true)
Caches dropped successfully (synced, then wrote 1
 to /proc/sys/vm/drop_caches).
/local/data-ssd/stoetzem/thesis/experiments/runs/idcache-bypass-ab/cache-off-dup-t3 code=200 wall=1.713167s sha=82f663b1dfdc0332ff99f84fa2a2a424496050846b26d26c42842f85f03b4399 cpu_proc=2.00s cpu_iowait=21.80s cpu_total=23.95s wall=1.5s n=4
[2026-09-29T10:58:10Z] server stopped (cache-off)
large-de cache-on: wall median=23.59s min=23.26s max=23.67s trials=['23.67', '23.26', '23.59']
large-de cache-off: wall median=22.68s min=22.67s max=22.80s trials=['22.68', '22.67', '22.80']
large-de delta bypass-vs-cache: -3.86% (off=22.68s on=23.59s)
large-de: bodies byte-identical across arms and trials
dup cache-on: wall median=1.71s min=1.70s max=1.73s trials=['1.71', '1.73', '1.70']
dup cache-off: wall median=1.72s min=1.71s max=1.72s trials=['1.72', '1.72', '1.71']
dup delta bypass-vs-cache: +0.32% (off=1.72s on=1.71s)
WARN dup: a cold trial is below 10 s
dup: bodies byte-identical across arms and trials
SUMMARY: PASS
[2026-09-29T10:58:15Z] A/B complete
