2026-09-29 12:57:01.030 - INFO: [1mQLever server v0.6.0-417-g30f03ee02, compiled on Tue Sep 29 08:54:12 UTC 2026 using git hash 30f03ee[22m
2026-09-29 12:57:01.030 - INFO: Runtime parameter set from the command line: construct-disable-id-cache=false
2026-09-29 12:57:01.030 - INFO: Cleanup of previous index directories after each rebuild enabled (--rebuild-keep-previous-index-dirs original-and-most-recent)
2026-09-29 12:57:01.030 - INFO: The git hash used to build this index was "65f84b4"
2026-09-29 12:57:01.030 - INFO: Reading vocabulary from file /local/data-ssd/stoetzem/wikidata/index-for-upgrade-new-format/wikidata.vocabulary.words ...
2026-09-29 12:57:14.206 - INFO: Done, number of words: 1,580,300,680
2026-09-29 12:57:14.206 - INFO: Number of words in internal vocabulary (these are also part of the external vocabulary): 777,658,536
2026-09-29 12:57:14.291 - INFO: Registered PSO permutation: #relations = 10,100, #blocks = 225,155, #triples = 6,983,973,847
2026-09-29 12:57:14.394 - INFO: Registered PSO permutation: #relations = 13,566, #blocks = 264,339, #triples = 8,220,417,022
2026-09-29 12:57:14.470 - INFO: Registered POS permutation: #relations = 10,100, #blocks = 225,155, #triples = 6,983,973,847
2026-09-29 12:57:14.572 - INFO: Registered POS permutation: #relations = 13,566, #blocks = 264,339, #triples = 8,220,417,022
2026-09-29 12:57:14.660 - INFO: Registered OPS permutation: #relations = 1,683,253,489, #blocks = 222,728, #triples = 8,220,417,022
2026-09-29 12:57:14.746 - INFO: Registered OSP permutation: #relations = 1,683,253,489, #blocks = 222,728, #triples = 8,220,417,022
2026-09-29 12:57:14.805 - INFO: Registered SPO permutation: #relations = 252,534,289, #blocks = 175,741, #triples = 8,220,417,022
2026-09-29 12:57:14.864 - INFO: Registered SOP permutation: #relations = 252,534,289, #blocks = 175,741, #triples = 8,220,417,022
2026-09-29 12:57:14.864 - INFO: Reading patterns from file /local/data-ssd/stoetzem/wikidata/index-for-upgrade-new-format/wikidata.index.patterns ...
2026-09-29 12:57:16.345 - INFO: Sorting random result tables to estimate the sorting performance of this machine ...
2026-09-29 12:57:24.257 - INFO: Initializing server ...
2026-09-29 12:57:24.257 - INFO: No access token required for restricted API calls
2026-09-29 12:57:24.258 - INFO: The server is ready, listening for requests on port 7031 ...
2026-09-29 12:57:27.124 - INFO: 
2026-09-29 12:57:27.124 - INFO: Request received via POST, content type "application/x-www-form-urlencoded"
2026-09-29 12:57:27.130 - INFO: Processing the following SPARQL query:
# Duplication-heavy IdCache workload (H-dedup-values shape, sized for >=10 s
# cold on Wikidata truthy). VALUES binds a witness unused in the template, so
# each distinct (?entity,?p,?o) row repeats exactly 4x consecutively: 75% of
# row-cells repeat an Id seen 1-3 rows earlier. Dedup mode none (default).
PREFIX wd: <http://www.wikidata.org/entity/>
PREFIX wdt: <http://www.wikidata.org/prop/direct/>
CONSTRUCT { ?entity ?p ?o }
WHERE {
  VALUES ?duplicationWitness { 1 2 3 4 }
  ?entity wdt:P31 wd:Q11424 ;
          ?p ?o .
}
LIMIT 1200000

2026-09-29 12:57:27.130 - INFO: Requested media types of the result are: "text/turtle"
2026-09-29 12:57:27.133 - INFO: Query planning done in 8 ms
2026-09-29 12:57:27.133 - INFO: Number of tuples in VALUES clause: 4
2026-09-29 12:57:27.133 - INFO: Number of entries in local vocabulary per column: 0
2026-09-29 12:57:27.139 - INFO: Result has unknown size (not computed yet)
2026-09-29 12:57:28.823 - INFO: Done processing query and sending result, total time was 1,698 ms
