2026-09-29 12:57:38.505 - INFO: [1mQLever server v0.6.0-417-g30f03ee02, compiled on Tue Sep 29 08:54:12 UTC 2026 using git hash 30f03ee[22m
2026-09-29 12:57:38.505 - INFO: Runtime parameter set from the command line: construct-disable-id-cache=true
2026-09-29 12:57:38.505 - INFO: Cleanup of previous index directories after each rebuild enabled (--rebuild-keep-previous-index-dirs original-and-most-recent)
2026-09-29 12:57:38.506 - INFO: The git hash used to build this index was "65f84b4"
2026-09-29 12:57:38.506 - INFO: Reading vocabulary from file /local/data-ssd/stoetzem/wikidata/index-for-upgrade-new-format/wikidata.vocabulary.words ...
2026-09-29 12:57:51.353 - INFO: Done, number of words: 1,580,300,680
2026-09-29 12:57:51.353 - INFO: Number of words in internal vocabulary (these are also part of the external vocabulary): 777,658,536
2026-09-29 12:57:51.428 - INFO: Registered PSO permutation: #relations = 10,100, #blocks = 225,155, #triples = 6,983,973,847
2026-09-29 12:57:51.522 - INFO: Registered PSO permutation: #relations = 13,566, #blocks = 264,339, #triples = 8,220,417,022
2026-09-29 12:57:51.591 - INFO: Registered POS permutation: #relations = 10,100, #blocks = 225,155, #triples = 6,983,973,847
2026-09-29 12:57:51.684 - INFO: Registered POS permutation: #relations = 13,566, #blocks = 264,339, #triples = 8,220,417,022
2026-09-29 12:57:51.764 - INFO: Registered OPS permutation: #relations = 1,683,253,489, #blocks = 222,728, #triples = 8,220,417,022
2026-09-29 12:57:51.843 - INFO: Registered OSP permutation: #relations = 1,683,253,489, #blocks = 222,728, #triples = 8,220,417,022
2026-09-29 12:57:51.905 - INFO: Registered SPO permutation: #relations = 252,534,289, #blocks = 175,741, #triples = 8,220,417,022
2026-09-29 12:57:51.965 - INFO: Registered SOP permutation: #relations = 252,534,289, #blocks = 175,741, #triples = 8,220,417,022
2026-09-29 12:57:51.965 - INFO: Reading patterns from file /local/data-ssd/stoetzem/wikidata/index-for-upgrade-new-format/wikidata.index.patterns ...
2026-09-29 12:57:53.439 - INFO: Sorting random result tables to estimate the sorting performance of this machine ...
2026-09-29 12:58:01.514 - INFO: Initializing server ...
2026-09-29 12:58:01.514 - INFO: No access token required for restricted API calls
2026-09-29 12:58:01.514 - INFO: The server is ready, listening for requests on port 7031 ...
2026-09-29 12:58:03.985 - INFO: 
2026-09-29 12:58:03.985 - INFO: Request received via POST, content type "application/x-www-form-urlencoded"
2026-09-29 12:58:03.991 - INFO: Processing the following SPARQL query:
# Duplication-heavy IdCache workload (H-dedup-values shape, sized for >=10 s
# cold on Wikidata truthy). VALUES binds a witness unused in the template, so
# each distinct (?entity,?p,?o) row repeats exactly 4x consecutively: 75% of
# row-cells repeat an Id seen 1-3 rows earlier. Dedup mode none (default).
PREFIX wd: <http://www.wikidata.org/entity/>
PREFIX wdt: <http://www.wikidata.org/prop/direct/>
CONSTRUCT { ?entity ?p ?o }
WHERE {
  VALUES ?duplicationWitness { 1 2 3 4 }
  ?entity wdt:P31 wd:Q11424 ;
          ?p ?o .
}
LIMIT 1200000

2026-09-29 12:58:03.992 - INFO: Requested media types of the result are: "text/turtle"
2026-09-29 12:58:03.994 - INFO: Query planning done in 8 ms
2026-09-29 12:58:03.994 - INFO: Number of tuples in VALUES clause: 4
2026-09-29 12:58:03.994 - INFO: Number of entries in local vocabulary per column: 0
2026-09-29 12:58:04.001 - INFO: Result has unknown size (not computed yet)
2026-09-29 12:58:05.698 - INFO: Done processing query and sending result, total time was 1,712 ms
