2026-09-28 23:53:31.479 - INFO: [1mQLever server v0.6.0-308-g95f657ab9, compiled on Mon Sep 28 19:27:32 UTC 2026 using git hash 95f657a[22m
2026-09-28 23:53:31.479 - INFO: Cleanup of previous index directories after each rebuild enabled (--rebuild-keep-previous-index-dirs original-and-most-recent)
2026-09-28 23:53:31.487 - INFO: The git hash used to build this index was "65f84b4"
2026-09-28 23:53:31.487 - INFO: Reading vocabulary from file /local/data-ssd/stoetzem/qlever-indices/dblp/dblp.vocabulary.words ...
2026-09-28 23:53:31.506 - INFO: Done, number of words: 446,944,668
2026-09-28 23:53:31.506 - INFO: Number of words in internal vocabulary (these are also part of the external vocabulary): 446,955
2026-09-28 23:53:31.514 - INFO: Registered PSO permutation: #relations = 6, #blocks = 8,187, #triples = 255,805,025
2026-09-28 23:53:31.537 - INFO: Registered PSO permutation: #relations = 96, #blocks = 51,023, #triples = 1,593,245,022
2026-09-28 23:53:31.540 - INFO: Registered POS permutation: #relations = 6, #blocks = 8,187, #triples = 255,805,025
2026-09-28 23:53:31.563 - INFO: Registered POS permutation: #relations = 96, #blocks = 51,023, #triples = 1,593,245,022
2026-09-28 23:53:31.582 - INFO: Registered OPS permutation: #relations = 345,357,897, #blocks = 42,492, #triples = 1,593,245,022
2026-09-28 23:53:31.602 - INFO: Registered OSP permutation: #relations = 345,357,897, #blocks = 42,492, #triples = 1,593,245,022
2026-09-28 23:53:31.614 - INFO: Registered SPO permutation: #relations = 255,804,614, #blocks = 33,993, #triples = 1,593,245,022
2026-09-28 23:53:31.625 - INFO: Registered SOP permutation: #relations = 255,804,614, #blocks = 33,993, #triples = 1,593,245,022
2026-09-28 23:53:31.625 - INFO: Reading patterns from file /local/data-ssd/stoetzem/qlever-indices/dblp/dblp.index.patterns ...
2026-09-28 23:53:31.625 - INFO: Sorting random result tables to estimate the sorting performance of this machine ...
2026-09-28 23:53:40.504 - INFO: Initializing server ...
2026-09-28 23:53:40.505 - INFO: No access token required for restricted API calls
2026-09-28 23:53:40.505 - INFO: The server is ready, listening for requests on port 7015 ...
2026-09-28 23:53:40.822 - INFO: 
2026-09-28 23:53:40.822 - INFO: Request received via POST, content type "application/x-www-form-urlencoded"
2026-09-28 23:53:40.827 - INFO: Processing the following SPARQL query:
# Tier H — size-sweep
# Goal: isolate export cost from query-planning cost. Raise the year bound
# across runs, for example 1970, 1990, 2010, and 2023.
PREFIX dblp: <https://dblp.org/rdf/schema#>

CONSTRUCT { ?s ?p ?o }
WHERE {
  ?s a dblp:Publication ;
     dblp:yearOfPublication ?year ;
     ?p ?o .
  FILTER(?year <= "1970"^^<http://www.w3.org/2001/XMLSchema#gYear>)
}

2026-09-28 23:53:40.827 - INFO: Requested media types of the result are: "text/turtle"
2026-09-28 23:53:40.844 - INFO: Query planning done in 21 ms
2026-09-28 23:53:40.886 - INFO: Result has unknown size (not computed yet)
2026-09-28 23:53:41.999 - INFO: Done processing query and sending result, total time was 1,176 ms
