2026-09-28 23:50:22.691 - INFO: [1mQLever server v0.6.0-274-gf9fc54f69, compiled on Mon Sep 28 19:28:07 UTC 2026 using git hash f9fc54f[22m
2026-09-28 23:50:22.691 - INFO: Cleanup of previous index directories after each rebuild enabled (--rebuild-keep-previous-index-dirs original-and-most-recent)
2026-09-28 23:50:22.700 - INFO: The git hash used to build this index was "65f84b4"
2026-09-28 23:50:22.700 - INFO: Reading vocabulary from file /local/data-ssd/stoetzem/qlever-indices/dblp/dblp.vocabulary.words ...
2026-09-28 23:50:22.718 - INFO: Done, number of words: 446,944,668
2026-09-28 23:50:22.718 - INFO: Number of words in internal vocabulary (these are also part of the external vocabulary): 446,955
2026-09-28 23:50:22.730 - INFO: Registered PSO permutation: #relations = 6, #blocks = 8,187, #triples = 255,805,025
2026-09-28 23:50:22.764 - INFO: Registered PSO permutation: #relations = 96, #blocks = 51,023, #triples = 1,593,245,022
2026-09-28 23:50:22.769 - INFO: Registered POS permutation: #relations = 6, #blocks = 8,187, #triples = 255,805,025
2026-09-28 23:50:22.802 - INFO: Registered POS permutation: #relations = 96, #blocks = 51,023, #triples = 1,593,245,022
2026-09-28 23:50:22.829 - INFO: Registered OPS permutation: #relations = 345,357,897, #blocks = 42,492, #triples = 1,593,245,022
2026-09-28 23:50:22.856 - INFO: Registered OSP permutation: #relations = 345,357,897, #blocks = 42,492, #triples = 1,593,245,022
2026-09-28 23:50:22.874 - INFO: Registered SPO permutation: #relations = 255,804,614, #blocks = 33,993, #triples = 1,593,245,022
2026-09-28 23:50:22.889 - INFO: Registered SOP permutation: #relations = 255,804,614, #blocks = 33,993, #triples = 1,593,245,022
2026-09-28 23:50:22.889 - INFO: Reading patterns from file /local/data-ssd/stoetzem/qlever-indices/dblp/dblp.index.patterns ...
2026-09-28 23:50:22.890 - INFO: Sorting random result tables to estimate the sorting performance of this machine ...
2026-09-28 23:50:33.714 - INFO: Initializing server ...
2026-09-28 23:50:33.714 - INFO: No access token required for restricted API calls
2026-09-28 23:50:33.714 - INFO: The server is ready, listening for requests on port 7015 ...
2026-09-28 23:50:34.027 - INFO: 
2026-09-28 23:50:34.027 - INFO: Request received via POST, content type "application/x-www-form-urlencoded"
2026-09-28 23:50:34.032 - INFO: Processing the following SPARQL query:
# Tier H — size-sweep
# Goal: isolate export cost from query-planning cost. Raise the year bound
# across runs, for example 1970, 1990, 2010, and 2023.
PREFIX dblp: <https://dblp.org/rdf/schema#>

CONSTRUCT { ?s ?p ?o }
WHERE {
  ?s a dblp:Publication ;
     dblp:yearOfPublication ?year ;
     ?p ?o .
  FILTER(?year <= "1970"^^<http://www.w3.org/2001/XMLSchema#gYear>)
}

2026-09-28 23:50:34.032 - INFO: Requested media types of the result are: "text/turtle"
2026-09-28 23:50:34.049 - INFO: Query planning done in 21 ms
2026-09-28 23:50:34.092 - INFO: Result has unknown size (not computed yet)
2026-09-28 23:50:46.254 - INFO: Done processing query and sending result, total time was 12,226 ms
