2026-10-07 22:41:52.014 - INFO: [1mQLever server CIKM-3084-g022c22472, compiled on Wed Oct  7 18:21:17 UTC 2026 using git hash 022c224[22m
2026-10-07 22:41:52.014 - INFO: Runtime parameter set from the command line: vocabulary-internal-rank-lookup=true
2026-10-07 22:41:52.014 - INFO: Runtime parameter set from the command line: vocabulary-internal-rank-prefetch-distance=16
2026-10-07 22:41:52.014 - INFO: Runtime parameter set from the command line: vocabulary-internal-rank-hugepages=true
2026-10-07 22:41:52.014 - INFO: Cleanup of previous index directories after each rebuild enabled (--rebuild-keep-previous-index-dirs original-and-most-recent)
2026-10-07 22:41:52.015 - INFO: The git hash used to build this index was "65f84b4"
2026-10-07 22:41:52.015 - INFO: Reading vocabulary from file /local/data-ssd/stoetzem/wikidata/wikidata.vocabulary.words ...
2026-10-07 22:42:08.113 - INFO: Done, number of words: 1,580,300,680
2026-10-07 22:42:08.113 - INFO: Number of words in internal vocabulary (these are also part of the external vocabulary): 777,658,536
2026-10-07 22:42:09.992 - INFO: Rank directory of the internal vocabulary: 225,757,248 bytes for 1,580,300,680 vocabulary indices
2026-10-07 22:42:10.433 - INFO: Huge pages for the rank directory requested (transparent huge pages: madvise): 226492416 of 226,492,416 allocated bytes on huge pages
2026-10-07 22:42:10.535 - INFO: Registered PSO permutation: #relations = 10,100, #blocks = 225,155, #triples = 6,983,973,847
2026-10-07 22:42:10.662 - INFO: Registered PSO permutation: #relations = 13,566, #blocks = 264,339, #triples = 8,220,417,022
2026-10-07 22:42:10.758 - INFO: Registered POS permutation: #relations = 10,100, #blocks = 225,155, #triples = 6,983,973,847
2026-10-07 22:42:10.889 - INFO: Registered POS permutation: #relations = 13,566, #blocks = 264,339, #triples = 8,220,417,022
2026-10-07 22:42:11.007 - INFO: Registered OPS permutation: #relations = 1,683,253,489, #blocks = 222,728, #triples = 8,220,417,022
2026-10-07 22:42:11.114 - INFO: Registered OSP permutation: #relations = 1,683,253,489, #blocks = 222,728, #triples = 8,220,417,022
2026-10-07 22:42:11.189 - INFO: Registered SPO permutation: #relations = 252,534,289, #blocks = 175,741, #triples = 8,220,417,022
2026-10-07 22:42:11.262 - INFO: Registered SOP permutation: #relations = 252,534,289, #blocks = 175,741, #triples = 8,220,417,022
2026-10-07 22:42:11.262 - INFO: Reading patterns from file /local/data-ssd/stoetzem/wikidata/wikidata.index.patterns ...
2026-10-07 22:42:13.039 - INFO: Sorting random result tables to estimate the sorting performance of this machine ...
2026-10-07 22:42:23.791 - INFO: Initializing server ...
2026-10-07 22:42:23.791 - INFO: ExportEngineV2 serialize posts onto queryThreadPool_ (8 threads); no extra V2 pool. Helpers stop admitting when another query is registered.
2026-10-07 22:42:23.791 - INFO: No access token required for restricted API calls
2026-10-07 22:42:23.791 - INFO: The server is ready, listening for requests on port 7015 ...
2026-10-07 22:42:23.880 - INFO: 
2026-10-07 22:42:23.880 - INFO: Request received via POST, content type "application/x-www-form-urlencoded"
2026-10-07 22:42:23.883 - INFO: Processing the following SPARQL query:
# Tier H-vocab — German labels of all humans, SELECT CSV (combo v2 + rank
# lookup run, 2026-10-07). Same prefixes and WHERE clause as
# incoming/pr162-queries/H-vocab-label-large-de.rq, but SELECT instead of
# CONSTRUCT. German literals are external (on disk): every label lookup goes
# through the on-disk vocabulary, so this query measures SSD reads.
PREFIX wd: <http://www.wikidata.org/entity/>
PREFIX wdt: <http://www.wikidata.org/prop/direct/>
PREFIX rdfs: <http://www.w3.org/2000/01/rdf-schema#>

SELECT ?person ?name WHERE {
  ?person wdt:P31 wd:Q5 .
  ?person rdfs:label ?name .
  FILTER(LANG(?name) = "de")
}

2026-10-07 22:42:23.883 - INFO: Requested media types of the result are: "text/csv"
2026-10-07 22:42:23.884 - INFO: Query planning done in 4 ms
2026-10-07 22:42:23.885 - INFO: ExportEngine: FastStreamingV2 [Reason: Fast-Path V2 selected (eligible export query with explicit or default opt-in)]
2026-10-07 22:42:23.885 - INFO: Using ExportEngineV2 for text/csv export
2026-10-07 22:42:23.885 - INFO: Result has unknown size (not computed yet)
2026-10-07 22:42:23.885 - INFO: ExportEngineV2 streaming lazy result blocks to morsels on queryThreadPool_ (no extra V2 threads)
2026-10-07 22:42:32.996 - INFO: Done processing query and sending result, total time was 9,116 ms
2026-10-07 22:42:33.022 - INFO: 
2026-10-07 22:42:33.022 - INFO: Request received via GET, no content type specified
2026-10-07 22:42:33.022 - INFO: Processing command "cache-stats": get cache statistics
2026-10-07 22:42:33.051 - INFO: 
2026-10-07 22:42:33.051 - INFO: Request received via GET, no content type specified
2026-10-07 22:42:33.051 - INFO: Processing command "clear-cache": clear the cache (unpinned elements only)
2026-10-07 22:42:33.078 - INFO: 
2026-10-07 22:42:33.078 - INFO: Request received via GET, no content type specified
2026-10-07 22:42:33.078 - INFO: Processing command "cache-stats": get cache statistics
2026-10-07 22:42:33.105 - INFO: 
2026-10-07 22:42:33.105 - INFO: Request received via POST, content type "application/x-www-form-urlencoded"
2026-10-07 22:42:33.106 - INFO: Processing the following SPARQL query:
# Tier H-vocab — German labels of all humans, SELECT CSV (combo v2 + rank
# lookup run, 2026-10-07). Same prefixes and WHERE clause as
# incoming/pr162-queries/H-vocab-label-large-de.rq, but SELECT instead of
# CONSTRUCT. German literals are external (on disk): every label lookup goes
# through the on-disk vocabulary, so this query measures SSD reads.
PREFIX wd: <http://www.wikidata.org/entity/>
PREFIX wdt: <http://www.wikidata.org/prop/direct/>
PREFIX rdfs: <http://www.w3.org/2000/01/rdf-schema#>

SELECT ?person ?name WHERE {
  ?person wdt:P31 wd:Q5 .
  ?person rdfs:label ?name .
  FILTER(LANG(?name) = "de")
}

2026-10-07 22:42:33.106 - INFO: Requested media types of the result are: "text/csv"
2026-10-07 22:42:33.106 - INFO: Query planning done in 0 ms
2026-10-07 22:42:33.106 - INFO: ExportEngine: FastStreamingV2 [Reason: Fast-Path V2 selected (eligible export query with explicit or default opt-in)]
2026-10-07 22:42:33.106 - INFO: Using ExportEngineV2 for text/csv export
2026-10-07 22:42:33.107 - INFO: Result has unknown size (not computed yet)
2026-10-07 22:42:33.107 - INFO: ExportEngineV2 streaming lazy result blocks to morsels on queryThreadPool_ (no extra V2 threads)
2026-10-07 22:42:37.516 - INFO: Done processing query and sending result, total time was 4,411 ms
2026-10-07 22:42:37.541 - INFO: 
2026-10-07 22:42:37.541 - INFO: Request received via GET, no content type specified
2026-10-07 22:42:37.541 - INFO: Processing command "clear-cache": clear the cache (unpinned elements only)
2026-10-07 22:42:37.573 - INFO: 
2026-10-07 22:42:37.573 - INFO: Request received via POST, content type "application/x-www-form-urlencoded"
2026-10-07 22:42:37.574 - INFO: Processing the following SPARQL query:
# Tier H-vocab — German labels of all humans, SELECT CSV (combo v2 + rank
# lookup run, 2026-10-07). Same prefixes and WHERE clause as
# incoming/pr162-queries/H-vocab-label-large-de.rq, but SELECT instead of
# CONSTRUCT. German literals are external (on disk): every label lookup goes
# through the on-disk vocabulary, so this query measures SSD reads.
PREFIX wd: <http://www.wikidata.org/entity/>
PREFIX wdt: <http://www.wikidata.org/prop/direct/>
PREFIX rdfs: <http://www.w3.org/2000/01/rdf-schema#>

SELECT ?person ?name WHERE {
  ?person wdt:P31 wd:Q5 .
  ?person rdfs:label ?name .
  FILTER(LANG(?name) = "de")
}

2026-10-07 22:42:37.574 - INFO: Requested media types of the result are: "text/csv"
2026-10-07 22:42:37.574 - INFO: Query planning done in 0 ms
2026-10-07 22:42:37.574 - INFO: ExportEngine: FastStreamingV2 [Reason: Fast-Path V2 selected (eligible export query with explicit or default opt-in)]
2026-10-07 22:42:37.574 - INFO: Using ExportEngineV2 for text/csv export
2026-10-07 22:42:37.575 - INFO: Result has unknown size (not computed yet)
2026-10-07 22:42:37.575 - INFO: ExportEngineV2 streaming lazy result blocks to morsels on queryThreadPool_ (no extra V2 threads)
2026-10-07 22:42:41.838 - INFO: Done processing query and sending result, total time was 4,264 ms
2026-10-07 22:42:41.861 - INFO: 
2026-10-07 22:42:41.861 - INFO: Request received via GET, no content type specified
2026-10-07 22:42:41.861 - INFO: Processing command "clear-cache": clear the cache (unpinned elements only)
2026-10-07 22:42:41.887 - INFO: 
2026-10-07 22:42:41.887 - INFO: Request received via POST, content type "application/x-www-form-urlencoded"
2026-10-07 22:42:41.887 - INFO: Processing the following SPARQL query:
# Tier H-vocab — German labels of all humans, SELECT CSV (combo v2 + rank
# lookup run, 2026-10-07). Same prefixes and WHERE clause as
# incoming/pr162-queries/H-vocab-label-large-de.rq, but SELECT instead of
# CONSTRUCT. German literals are external (on disk): every label lookup goes
# through the on-disk vocabulary, so this query measures SSD reads.
PREFIX wd: <http://www.wikidata.org/entity/>
PREFIX wdt: <http://www.wikidata.org/prop/direct/>
PREFIX rdfs: <http://www.w3.org/2000/01/rdf-schema#>

SELECT ?person ?name WHERE {
  ?person wdt:P31 wd:Q5 .
  ?person rdfs:label ?name .
  FILTER(LANG(?name) = "de")
}

2026-10-07 22:42:41.887 - INFO: Requested media types of the result are: "text/csv"
2026-10-07 22:42:41.888 - INFO: Query planning done in 0 ms
2026-10-07 22:42:41.888 - INFO: ExportEngine: FastStreamingV2 [Reason: Fast-Path V2 selected (eligible export query with explicit or default opt-in)]
2026-10-07 22:42:41.888 - INFO: Using ExportEngineV2 for text/csv export
2026-10-07 22:42:41.888 - INFO: Result has unknown size (not computed yet)
2026-10-07 22:42:41.888 - INFO: ExportEngineV2 streaming lazy result blocks to morsels on queryThreadPool_ (no extra V2 threads)
2026-10-07 22:42:46.482 - INFO: Done processing query and sending result, total time was 4,594 ms
2026-10-07 22:42:46.512 - INFO: 
2026-10-07 22:42:46.512 - INFO: Request received via GET, no content type specified
2026-10-07 22:42:46.512 - INFO: Processing command "cache-stats": get cache statistics
