2026-08-10 23:55:12.340 - INFO: [1mQLever server v0.5.50-82-g65f84b43, compiled on Mon Aug 10 19:10:29 CEST 2026 using git hash 65f84b4[22m
2026-08-10 23:55:12.340 - INFO: Cleanup of previous index directories after each rebuild enabled (--rebuild-keep-previous-index-dirs original-and-most-recent)
2026-08-10 23:55:12.342 - INFO: The git hash used to build this index was "65f84b4"
2026-08-10 23:55:12.342 - INFO: Reading vocabulary from file /local/data-ssd/stoetzem/dblp/dblp.vocabulary.words ...
2026-08-10 23:55:12.356 - INFO: Done, number of words: 446,944,668
2026-08-10 23:55:12.356 - INFO: Number of words in internal vocabulary (these are also part of the external vocabulary): 446,955
2026-08-10 23:55:12.363 - INFO: Registered PSO permutation: #relations = 6, #blocks = 8,187, #triples = 255,805,025
2026-08-10 23:55:12.387 - INFO: Registered PSO permutation: #relations = 96, #blocks = 51,023, #triples = 1,593,245,022
2026-08-10 23:55:12.391 - INFO: Registered POS permutation: #relations = 6, #blocks = 8,187, #triples = 255,805,025
2026-08-10 23:55:12.414 - INFO: Registered POS permutation: #relations = 96, #blocks = 51,023, #triples = 1,593,245,022
2026-08-10 23:55:12.434 - INFO: Registered OPS permutation: #relations = 345,357,897, #blocks = 42,492, #triples = 1,593,245,022
2026-08-10 23:55:12.454 - INFO: Registered OSP permutation: #relations = 345,357,897, #blocks = 42,492, #triples = 1,593,245,022
2026-08-10 23:55:12.467 - INFO: Registered SPO permutation: #relations = 255,804,614, #blocks = 33,993, #triples = 1,593,245,022
2026-08-10 23:55:12.478 - INFO: Registered SOP permutation: #relations = 255,804,614, #blocks = 33,993, #triples = 1,593,245,022
2026-08-10 23:55:12.478 - INFO: Reading patterns from file /local/data-ssd/stoetzem/dblp/dblp.index.patterns ...
2026-08-10 23:55:12.479 - INFO: Sorting random result tables to estimate the sorting performance of this machine ...
2026-08-10 23:55:20.395 - INFO: Initializing server ...
2026-08-10 23:55:20.395 - INFO: No access token required for restricted API calls
2026-08-10 23:55:20.395 - INFO: The server is ready, listening for requests on port 7026 ...
2026-08-10 23:55:20.612 - INFO: 
2026-08-10 23:55:20.612 - INFO: Request received via POST, content type "application/x-www-form-urlencoded"
2026-08-10 23:55:20.615 - INFO: Processing the following SPARQL query:
# Tier H — dedup-heavy
# Goal: exercise CONSTRUCT result deduplication. A paper with multiple
# signatures produces repeated (?paper ?p ?o) rows through this join.
PREFIX dblp: <https://dblp.org/rdf/schema#>

CONSTRUCT { ?paper ?p ?o }
WHERE {
  ?paper a dblp:Publication ;
         dblp:publishedInStream <https://dblp.org/streams/conf/stoc> ;
         dblp:hasSignature ?sig .
  ?sig dblp:signatureCreator ?creator .
  ?paper ?p ?o .
}

2026-08-10 23:55:20.615 - INFO: Requested media types of the result are: "text/turtle"
2026-08-10 23:55:20.615 - INFO: CONSTRUCT_REQUEST_STAGE_ENTER name=planning elapsed_us=2,375
2026-08-10 23:55:20.632 - INFO: Query planning done in 19 ms
2026-08-10 23:55:20.632 - INFO: CONSTRUCT_REQUEST_STAGE_ENTER name=response_stream elapsed_us=19,544
2026-08-10 23:55:20.649 - INFO: Result has unknown size (not computed yet)
2026-08-10 23:55:20.649 - INFO: CONSTRUCT_EXPORT_DEDUPLICATOR_CONSTRUCTION_BEGIN mode=none
2026-08-10 23:55:20.649 - INFO: CONSTRUCT_EXPORT_DEDUPLICATOR_CONSTRUCTION_END mode=none enabled=false
2026-08-10 23:55:22.368 - INFO: CONSTRUCT_EXPORT_STAGE_SUMMARY construct_stream_us=1,718,402 setup_us=7 batch_evaluation_us=1,602,758 instantiation_deduplication_us=19,305 batches=383 input_rows=390,854 candidate_triples=390,854 emitted_triples=390,854
2026-08-10 23:55:22.377 - INFO: CONSTRUCT_REQUEST_STAGE_SUMMARY planning_begin_us=2,375 planning_end_us=19,543 planning_us=17,168 response_stream_begin_us=19,544 response_stream_end_us=1,764,959 response_stream_us=1,745,415 root_execution_us=37,959 non_root_stream_us=1,707,456 server_request_us=1,764,959
2026-08-10 23:55:22.377 - INFO: Done processing query and sending result, total time was 1,764 ms
2026-08-10 23:55:22.397 - INFO: 
2026-08-10 23:55:22.397 - INFO: Request received via GET, no content type specified
2026-08-10 23:55:22.397 - INFO: Processing command "cache-stats": get cache statistics
