[2026-09-29T12:28:07Z] PR #3547 wikidata turtle_export queries=H-vocab-random-label-de-200k scenarios=warm reps=3 mode=two binaries layout=ural
[2026-09-29T12:28:07Z] base:    /local/data-ssd/stoetzem/thesis/experiments/runs/nowait8-flagoff-nopreload/bin/qlever-server-base (0ed8f9223497196d8979accb24ac737becc42f2b) args='' form=''
[2026-09-29T12:28:07Z] variant: /local/data-ssd/stoetzem/thesis/experiments/runs/nowait8-flagoff-nopreload/bin/qlever-server-variant (51269ab4bf895211983287d1086c0a700ea43c86) args='--set-runtime-parameter vocabulary-iouring-page-cache-fast-path=false' form=''
[2026-09-29T12:28:07Z] variant2: /local/data-ssd/stoetzem/thesis/experiments/runs/nowait8-flagoff-nopreload/bin/qlever-server-variant (51269ab4bf895211983287d1086c0a700ea43c86) args='--set-runtime-parameter vocabulary-iouring-page-cache-fast-path=true' label='nowait-fastpath-on'
[2026-09-29T12:28:07Z] !!!!!!!! syscall counter not built: disabled in pr-ab-tools-fast5-nopreload (#3547 research loop) !!!!!!!!
[2026-09-29T12:28:07Z] fastab: arms ['base', 'variant', 'variant2'], warm servers 2 (toggle-rp=True), scenarios warm, reps 3, early-stop True (gap > 10%), min-measure-s 10, screening False (cold: ['H-vocab-random-label-de-200k']), load gate 0.5 CPUs on [0, 1, 2, 3, 8, 9, 10, 11], pin server [0, 1, 2] client 3, cycles True, serving files 25 (200.7 GiB), MemAvailable 106.1 GiB
[2026-09-29T12:28:12Z] load gate warm-start: foreign load 2.04 CPUs > 0.5, waiting
[2026-09-29T12:32:39Z] warm servers: warm-base port 7041 ready 22.4s rss 22.3 GiB; warm-variant+variant2 port 7042 ready 22.4s rss 22.3 GiB; MemAvailable 73.0 GiB
[2026-09-29T12:32:51Z] warm-up H-vocab-random-label-de-200k base: HTTP 200 9.46s
[2026-09-29T12:32:56Z] warm-up H-vocab-random-label-de-200k variant: HTTP 200 4.54s
[2026-09-29T12:33:00Z] warm-up H-vocab-random-label-de-200k variant2: HTTP 200 4.33s
[2026-09-29T12:33:14Z] pr3547-H-vocab-random-label-de-200k-warm-base-r1 done: complete 4.486s x3 (warm-base)
[2026-09-29T12:33:28Z] pr3547-H-vocab-random-label-de-200k-warm-variant-r1 done: complete 4.543s x3 (warm-variant+variant2)
[2026-09-29T12:33:42Z] pr3547-H-vocab-random-label-de-200k-warm-variant2-r1 done: complete 4.469s x3 (warm-variant+variant2)
[2026-09-29T12:33:56Z] pr3547-H-vocab-random-label-de-200k-warm-variant2-r2 done: complete 4.462s x3 (warm-variant+variant2)
[2026-09-29T12:34:09Z] pr3547-H-vocab-random-label-de-200k-warm-variant-r2 done: complete 4.520s x3 (warm-variant+variant2)
[2026-09-29T12:34:23Z] pr3547-H-vocab-random-label-de-200k-warm-base-r2 done: complete 4.471s x3 (warm-base)
[2026-09-29T12:34:23Z] early stop: H-vocab-random-label-de-200k warm cycles CV < 1% in every arm after 2 trials
[2026-09-29T12:34:23Z] early stop: H-vocab-random-label-de-200k warm after 2 trials
[2026-09-29T12:34:23Z] warm servers after trials: warm-base rss 22.6 GiB; warm-variant+variant2 rss 22.6 GiB; MemAvailable 73.1 GiB
[2026-09-29T12:34:28Z] phase warm took 381 s
[2026-09-29T12:34:28Z] measuring wall time: 381 s
# Three-arm run: one base run, two comparisons

## base vs variant (nowait-fastpath-off)
## PR #3547 A/B on wikidata (turtle_export)

- Base: `0ed8f9223497196d8979accb24ac737becc42f2b` p7-3526; server args: `(none)`
- Variant: `51269ab4bf895211983287d1086c0a700ea43c86` nowait-fastpath-off; server args: `--set-runtime-parameter vocabulary-iouring-page-cache-fast-path=false`
- Binaries: two binaries; host `ural` (ural layout)
- Server query threads (`--num-simultaneous-queries`): 1
- Trials: up to 3 per arm, query and scenario; a cell stops after 2 trials when every variant's min..max range is disjoint from base's by more than 10% of the base median, or (warm) when every arm's cycles CV is below 1 % (`adaptive.tsv`); column n gives the trials per cell. Arms interleaved per trial, order alternating (odd trials base first, even trials reversed).
- Pinning: server CPUs 0-2, client/driver CPU 3; SMT siblings of both kept free of our work
- Output sink: timed executions discard the body (byte count + streamed xxh3_128 only); each arm's body is captured once per query in an untimed execution (the warm-up) and digested; a trial is correct when its xxh3 equals its arm's captured body and that body equals base's.
- warm: one long-running server per binary for all queries and trials (runtime-parameter-only arms share a server; parameters switched over HTTP before each measurement and verified in the reply); one untimed warm-up per arm and query; QLever's result cache cleared before every execution and verified empty (`cache-stats`), so every execution recomputes; each measurement loops the query until >= 10 s, elapsed = per-query mean.
- Noise rule: within noise when |delta| < 1% or the min..max ranges overlap.

### Timing (elapsed_s, end to end)

| query | scenario | arm | n | median | min | max | delta vs base | verdict | correctness |
|---|---|---|---|---|---|---|---|---|---|
| H-vocab-random-label-de-200k | warm | p7-3526 | 2 | 4.4787 | 4.4713 | 4.4861 |  |  |  |
| H-vocab-random-label-de-200k | warm | nowait-fastpath-off | 2 | 4.5315 | 4.5196 | 4.5435 | +1.18% | variant slower | identical bytes |

### Cycles (perf stat on the server process tree, user+kernel, per query)

Warm rows are CPU-bound: their verdict is stated on cycles (same noise rule); wall time is reported above. CV = coefficient of variation over the trials of one cell.

| query | scenario | arm | n | median Gcycles | min | max | delta vs base | verdict | CV cycles | CV wall |
|---|---|---|---|---|---|---|---|---|---|---|
| H-vocab-random-label-de-200k | warm | p7-3526 | 2 | 19.217 | 19.208 | 19.226 |  |  | 0.05% | 0.17% |
| H-vocab-random-label-de-200k | warm | nowait-fastpath-off | 2 | 19.578 | 19.539 | 19.617 | +1.88% | variant slower | 0.20% | 0.26% |

### Verdict

- H-vocab-random-label-de-200k warm: variant slower (+1.18%); correctness: identical bytes
- H-vocab-random-label-de-200k warm, on cycles (verdict basis for warm rows): variant slower (+1.88%)

### Gates

- `gate-postflight-warm.log`: == POSTFLIGHT: PASS ==
- `gate-preflight-base.log`: == PREFLIGHT: PASS ==
- `gate-preflight-variant.log`: == PREFLIGHT: PASS ==
- `gate-verify-base.log`: VERDICT: PASS — binary is trustworthy for benchmarking
- `gate-verify-variant.log`: VERDICT: PASS — binary is trustworthy for benchmarking

### Problems

None: every rep complete, non-empty and correct.

Artifacts: `results.csv` (all reps), `<scenario>/<query>/<arm>/raw/` (harness output per rep), `correctness.tsv`, `build-env.txt`, `env-before.txt`, `env-after.txt`, `gate-*.log`, `driver.log`.

## base vs variant2 (nowait-fastpath-on)
## PR #3547 A/B on wikidata (turtle_export)

- Base: `0ed8f9223497196d8979accb24ac737becc42f2b` p7-3526; server args: `(none)`
- Variant: `51269ab4bf895211983287d1086c0a700ea43c86` nowait-fastpath-on; server args: `--set-runtime-parameter vocabulary-iouring-page-cache-fast-path=true`
- Binaries: two binaries; host `ural` (ural layout)
- Server query threads (`--num-simultaneous-queries`): 1
- Trials: up to 3 per arm, query and scenario; a cell stops after 2 trials when every variant's min..max range is disjoint from base's by more than 10% of the base median, or (warm) when every arm's cycles CV is below 1 % (`adaptive.tsv`); column n gives the trials per cell. Arms interleaved per trial, order alternating (odd trials base first, even trials reversed).
- Pinning: server CPUs 0-2, client/driver CPU 3; SMT siblings of both kept free of our work
- Output sink: timed executions discard the body (byte count + streamed xxh3_128 only); each arm's body is captured once per query in an untimed execution (the warm-up) and digested; a trial is correct when its xxh3 equals its arm's captured body and that body equals base's.
- warm: one long-running server per binary for all queries and trials (runtime-parameter-only arms share a server; parameters switched over HTTP before each measurement and verified in the reply); one untimed warm-up per arm and query; QLever's result cache cleared before every execution and verified empty (`cache-stats`), so every execution recomputes; each measurement loops the query until >= 10 s, elapsed = per-query mean.
- Noise rule: within noise when |delta| < 1% or the min..max ranges overlap.

### Timing (elapsed_s, end to end)

| query | scenario | arm | n | median | min | max | delta vs base | verdict | correctness |
|---|---|---|---|---|---|---|---|---|---|
| H-vocab-random-label-de-200k | warm | p7-3526 | 2 | 4.4787 | 4.4713 | 4.4861 |  |  |  |
| H-vocab-random-label-de-200k | warm | nowait-fastpath-on | 2 | 4.4655 | 4.4623 | 4.4687 | -0.30% | within noise | identical bytes |

### Cycles (perf stat on the server process tree, user+kernel, per query)

Warm rows are CPU-bound: their verdict is stated on cycles (same noise rule); wall time is reported above. CV = coefficient of variation over the trials of one cell.

| query | scenario | arm | n | median Gcycles | min | max | delta vs base | verdict | CV cycles | CV wall |
|---|---|---|---|---|---|---|---|---|---|---|
| H-vocab-random-label-de-200k | warm | p7-3526 | 2 | 19.217 | 19.208 | 19.226 |  |  | 0.05% | 0.17% |
| H-vocab-random-label-de-200k | warm | nowait-fastpath-on | 2 | 19.078 | 19.005 | 19.151 | -0.72% | within noise | 0.38% | 0.07% |

### Verdict

- H-vocab-random-label-de-200k warm: within noise (-0.30%); correctness: identical bytes
- H-vocab-random-label-de-200k warm, on cycles (verdict basis for warm rows): within noise (-0.72%)

### Gates

- `gate-postflight-warm.log`: == POSTFLIGHT: PASS ==
- `gate-preflight-base.log`: == PREFLIGHT: PASS ==
- `gate-preflight-variant.log`: == PREFLIGHT: PASS ==
- `gate-verify-base.log`: VERDICT: PASS — binary is trustworthy for benchmarking
- `gate-verify-variant.log`: VERDICT: PASS — binary is trustworthy for benchmarking

### Problems

None: every rep complete, non-empty and correct.

Artifacts: `results.csv` (all reps), `<scenario>/<query>/<arm>/raw/` (harness output per rep), `correctness.tsv`, `build-env.txt`, `env-before.txt`, `env-after.txt`, `gate-*.log`, `driver.log`.
[2026-09-29T12:34:28Z] finished rc=0 run=/local/data-ssd/stoetzem/thesis/experiments/runs/nowait8-flagoff-nopreload
