2026-07-30 22:55:06.415 - INFO: [1mQLever server v0.5.50-58-gbdd1a6b9, compiled on Thu Jul 30 22:03:57 CEST 2026 using git hash bdd1a6b[22m
2026-07-30 22:55:06.416 - INFO: The git hash used to build this index was "8c99fe"
2026-07-30 22:55:06.416 - INFO: Reading vocabulary from file /home/userNoPriv/code/qlever/qlever-indices/dblp/dblp.vocabulary.words ...
2026-07-30 22:55:06.433 - INFO: Done, number of words: 409,446,926
2026-07-30 22:55:06.433 - INFO: Number of words in internal vocabulary (these are also part of the external vocabulary): 409,457
2026-07-30 22:55:06.444 - INFO: Registered PSO permutation: #relations = 6, #blocks = 7,515, #triples = 234,800,838
2026-07-30 22:55:06.468 - INFO: Registered PSO permutation: #relations = 96, #blocks = 46,913, #triples = 1,464,719,701
2026-07-30 22:55:06.472 - INFO: Registered POS permutation: #relations = 6, #blocks = 7,515, #triples = 234,800,838
2026-07-30 22:55:06.495 - INFO: Registered POS permutation: #relations = 96, #blocks = 46,913, #triples = 1,464,719,701
2026-07-30 22:55:06.515 - INFO: Registered OPS permutation: #relations = 318,850,904, #blocks = 39,014, #triples = 1,464,719,701
2026-07-30 22:55:06.536 - INFO: Registered OSP permutation: #relations = 318,850,904, #blocks = 39,014, #triples = 1,464,719,701
2026-07-30 22:55:06.549 - INFO: Registered SPO permutation: #relations = 234,800,427, #blocks = 31,251, #triples = 1,464,719,701
2026-07-30 22:55:06.562 - INFO: Registered SOP permutation: #relations = 234,800,427, #blocks = 31,251, #triples = 1,464,719,701
2026-07-30 22:55:06.562 - INFO: Reading patterns from file /home/userNoPriv/code/qlever/qlever-indices/dblp/dblp.index.patterns ...
2026-07-30 22:55:06.563 - INFO: Sorting random result tables to estimate the sorting performance of this machine ...
2026-07-30 22:55:15.339 - INFO: Initializing server ...
2026-07-30 22:55:15.339 - INFO: No access token required for restricted API calls
2026-07-30 22:55:15.339 - INFO: The server is ready, listening for requests on port 7015 ...
2026-07-30 22:55:15.498 - INFO: 
2026-07-30 22:55:15.498 - INFO: Request received via GET, no content type specified
2026-07-30 22:55:15.498 - INFO: Processing command "cache-stats": get cache statistics
2026-07-30 22:55:15.507 - INFO: 
2026-07-30 22:55:15.507 - INFO: Request received via POST, content type "application/x-www-form-urlencoded"
2026-07-30 22:55:15.509 - INFO: Processing the following SPARQL query:
# Tier H — size-sweep
# Goal: isolate export cost from query-planning cost. Raise the year bound
# across runs, for example 1970, 1990, 2010, and 2023.
PREFIX dblp: <https://dblp.org/rdf/schema#>

CONSTRUCT { ?s ?p ?o }
WHERE {
  ?s a dblp:Publication ;
     dblp:yearOfPublication ?year ;
     ?p ?o .
  FILTER(?year <= "1970"^^<http://www.w3.org/2001/XMLSchema#gYear>)
}

2026-07-30 22:55:15.510 - INFO: Requested media types of the result are: "text/turtle"
2026-07-30 22:55:15.513 - INFO: Query planning done in 5 ms
2026-07-30 22:55:15.539 - INFO: Result has unknown size (not computed yet)
2026-07-30 22:55:21.114 - INFO: Done processing query and sending result, total time was 5,607 ms
2026-07-30 22:55:21.122 - INFO: 
2026-07-30 22:55:21.122 - INFO: Request received via GET, no content type specified
2026-07-30 22:55:21.122 - INFO: Processing command "cache-stats": get cache statistics
2026-07-30 22:55:21.479 - INFO: 
2026-07-30 22:55:21.479 - INFO: Request received via POST, content type "application/x-www-form-urlencoded"
2026-07-30 22:55:21.479 - INFO: Processing the following SPARQL query:
# Tier H — size-sweep
# Goal: isolate export cost from query-planning cost. Raise the year bound
# across runs, for example 1970, 1990, 2010, and 2023.
PREFIX dblp: <https://dblp.org/rdf/schema#>

CONSTRUCT { ?s ?p ?o }
WHERE {
  ?s a dblp:Publication ;
     dblp:yearOfPublication ?year ;
     ?p ?o .
  FILTER(?year <= "1970"^^<http://www.w3.org/2001/XMLSchema#gYear>)
}

2026-07-30 22:55:21.479 - INFO: Requested media types of the result are: "text/turtle"
2026-07-30 22:55:21.480 - INFO: Query planning done in 1 ms
2026-07-30 22:55:21.490 - INFO: Result has unknown size (not computed yet)
2026-07-30 22:55:22.019 - INFO: Done processing query and sending result, total time was 540 ms
2026-07-30 22:55:22.029 - INFO: 
2026-07-30 22:55:22.029 - INFO: Request received via GET, no content type specified
2026-07-30 22:55:22.029 - INFO: Processing command "cache-stats": get cache statistics
