2026-09-28 23:05:03.022 - INFO: [1mQLever server CIKM-2691-g476247bc2, compiled on Mon Sep 28 18:22:56 UTC 2026 using git hash 476247b[22m
2026-09-28 23:05:03.022 - INFO: Runtime parameter set from the command line: vocabulary-iouring-page-cache-fast-path=true
2026-09-28 23:05:03.022 - INFO: Runtime parameter set from the command line: vocabulary-bench-fadvise-random=false
2026-09-28 23:05:03.022 - INFO: Cleanup of previous index directories after each rebuild enabled (--rebuild-keep-previous-index-dirs original-and-most-recent)
2026-09-28 23:05:03.023 - INFO: The git hash used to build this index was "65f84b4"
2026-09-28 23:05:03.023 - INFO: Reading vocabulary from file /local/data-ssd/stoetzem/qlever-indices/dblp/dblp.vocabulary.words ...
2026-09-28 23:05:03.030 - INFO: Done, number of words: 446,944,668
2026-09-28 23:05:03.030 - INFO: Number of words in internal vocabulary (these are also part of the external vocabulary): 446,955
2026-09-28 23:05:03.034 - INFO: Registered PSO permutation: #relations = 6, #blocks = 8,187, #triples = 255,805,025
2026-09-28 23:05:03.053 - INFO: Registered PSO permutation: #relations = 96, #blocks = 51,023, #triples = 1,593,245,022
2026-09-28 23:05:03.054 - INFO: Registered POS permutation: #relations = 6, #blocks = 8,187, #triples = 255,805,025
2026-09-28 23:05:03.072 - INFO: Registered POS permutation: #relations = 96, #blocks = 51,023, #triples = 1,593,245,022
2026-09-28 23:05:03.087 - INFO: Registered OPS permutation: #relations = 345,357,897, #blocks = 42,492, #triples = 1,593,245,022
2026-09-28 23:05:03.102 - INFO: Registered OSP permutation: #relations = 345,357,897, #blocks = 42,492, #triples = 1,593,245,022
2026-09-28 23:05:03.111 - INFO: Registered SPO permutation: #relations = 255,804,614, #blocks = 33,993, #triples = 1,593,245,022
2026-09-28 23:05:03.119 - INFO: Registered SOP permutation: #relations = 255,804,614, #blocks = 33,993, #triples = 1,593,245,022
2026-09-28 23:05:03.119 - INFO: Reading patterns from file /local/data-ssd/stoetzem/qlever-indices/dblp/dblp.index.patterns ...
2026-09-28 23:05:03.119 - INFO: Sorting random result tables to estimate the sorting performance of this machine ...
2026-09-28 23:05:11.045 - INFO: Initializing server ...
2026-09-28 23:05:11.045 - INFO: No access token required for restricted API calls
2026-09-28 23:05:11.045 - INFO: The server is ready, listening for requests on port 7015 ...
2026-09-28 23:05:11.385 - INFO: 
2026-09-28 23:05:11.385 - INFO: Request received via POST, content type "application/x-www-form-urlencoded"
2026-09-28 23:05:11.390 - INFO: Processing the following SPARQL query:
# Tier H — size-sweep
# Goal: isolate export cost from query-planning cost. Raise the year bound
# across runs, for example 1970, 1990, 2010, and 2023.
PREFIX dblp: <https://dblp.org/rdf/schema#>

CONSTRUCT { ?s ?p ?o }
WHERE {
  ?s a dblp:Publication ;
     dblp:yearOfPublication ?year ;
     ?p ?o .
  FILTER(?year <= "1970"^^<http://www.w3.org/2001/XMLSchema#gYear>)
}

2026-09-28 23:05:11.390 - INFO: Requested media types of the result are: "text/turtle"
2026-09-28 23:05:11.400 - INFO: Query planning done in 15 ms
2026-09-28 23:05:11.450 - INFO: Result has unknown size (not computed yet)
FASTPATH_STATS calls=205 offsetPairs=29624 offsetPairHits=24352 offsetPairsRing=5272 offsetRuns=26600 offsetRunHits=21688 words=29624 wordHits=21974 wordsRing=7423 wordBytes=503127 wordHitBytes=285861 preadvCalls=52206 preadvFull=40480 preadvEagain=11697 preadvPartial=29 fadviseCalls=0
FASTPATH_STATS calls=403 offsetPairs=57466 offsetPairHits=49750 offsetPairsRing=7716 offsetRuns=50895 offsetRunHits=43983 words=57466 wordHits=45669 wordsRing=11797 wordBytes=949297 wordHitBytes=610073 preadvCalls=99952 preadvFull=82686 preadvEagain=17221 preadvPartial=45 fadviseCalls=0
FASTPATH_STATS calls=627 offsetPairs=89576 offsetPairHits=79960 offsetPairsRing=9616 offsetRuns=79633 offsetRunHits=71214 words=89576 wordHits=73846 wordsRing=15730 wordBytes=1503877 wordHitBytes=1026863 preadvCalls=156176 preadvFull=134136 preadvEagain=21979 preadvPartial=61 fadviseCalls=0
FASTPATH_STATS calls=832 offsetPairs=119603 offsetPairHits=108150 offsetPairsRing=11453 offsetRuns=105733 offsetRunHits=95904 words=119603 wordHits=100350 wordsRing=19253 wordBytes=2007748 wordHitBytes=1424796 preadvCalls=207374 preadvFull=181156 preadvEagain=26140 preadvPartial=78 fadviseCalls=0
2026-09-28 23:05:12.478 - INFO: Done processing query and sending result, total time was 1,092 ms
FASTPATH_STATS calls=984 offsetPairs=142017 offsetPairHits=129578 offsetPairsRing=12439 offsetRuns=125824 offsetRunHits=115210 words=142017 wordHits=120407 wordsRing=21610 wordBytes=2421211 wordHitBytes=1749873 preadvCalls=246926 preadvFull=217905 preadvEagain=28929 preadvPartial=92 fadviseCalls=0
2026-09-28 23:05:12.510 - INFO: 
2026-09-28 23:05:12.510 - INFO: Request received via POST, content type "application/x-www-form-urlencoded"
2026-09-28 23:05:12.510 - INFO: Processing the following SPARQL query:
# Tier H — size-sweep
# Goal: isolate export cost from query-planning cost. Raise the year bound
# across runs, for example 1970, 1990, 2010, and 2023.
PREFIX dblp: <https://dblp.org/rdf/schema#>

CONSTRUCT { ?s ?p ?o }
WHERE {
  ?s a dblp:Publication ;
     dblp:yearOfPublication ?year ;
     ?p ?o .
  FILTER(?year <= "1970"^^<http://www.w3.org/2001/XMLSchema#gYear>)
}

2026-09-28 23:05:12.510 - INFO: Requested media types of the result are: "text/turtle"
2026-09-28 23:05:12.511 - INFO: Query planning done in 1 ms
2026-09-28 23:05:12.533 - INFO: Result has unknown size (not computed yet)
FASTPATH_STATS calls=1191 offsetPairs=171873 offsetPairHits=159434 offsetPairsRing=12439 offsetRuns=152644 offsetRunHits=142030 words=171873 wordHits=150263 wordsRing=21610 wordBytes=2929267 wordHitBytes=2257929 preadvCalls=299605 preadvFull=270584 preadvEagain=28929 preadvPartial=92 fadviseCalls=0
FASTPATH_STATS calls=1486 offsetPairs=213093 offsetPairHits=200654 offsetPairsRing=12439 offsetRuns=188642 offsetRunHits=178028 words=213093 wordHits=191232 wordsRing=21610 wordBytes=3604297 wordHitBytes=2928150 preadvCalls=370004 preadvFull=340983 preadvEagain=28929 preadvPartial=92 fadviseCalls=0
FASTPATH_STATS calls=1818 offsetPairs=261804 offsetPairHits=249365 offsetPairsRing=12439 offsetRuns=231722 offsetRunHits=221108 words=261804 wordHits=240194 wordsRing=21610 wordBytes=4431908 wordHitBytes=3760570 preadvCalls=454627 preadvFull=425606 preadvEagain=28929 preadvPartial=92 fadviseCalls=0
2026-09-28 23:05:13.223 - INFO: Done processing query and sending result, total time was 712 ms
