2026-08-09 20:22:57.268 - INFO: [1mQLever server v0.5.50-82-g65f84b43, compiled on Sun Aug  9 20:05:34 CEST 2026 using git hash 65f84b4[22m
2026-08-09 20:22:57.268 - INFO: Cleanup of previous index directories after each rebuild enabled (--rebuild-keep-previous-index-dirs original-and-most-recent)
2026-08-09 20:22:57.276 - INFO: The git hash used to build this index was "bdd1a6b"
2026-08-09 20:22:57.276 - INFO: Reading vocabulary from file /home/userNoPriv/code/qlever/qlever-indices/dblp/dblp.vocabulary.words ...
2026-08-09 20:22:57.316 - INFO: Done, number of words: 409,446,926
2026-08-09 20:22:57.316 - INFO: Number of words in internal vocabulary (these are also part of the external vocabulary): 409,457
2026-08-09 20:22:57.332 - INFO: Registered PSO permutation: #relations = 6, #blocks = 7,515, #triples = 234,800,838
2026-08-09 20:22:57.358 - INFO: Registered PSO permutation: #relations = 96, #blocks = 46,913, #triples = 1,464,719,701
2026-08-09 20:22:57.362 - INFO: Registered POS permutation: #relations = 6, #blocks = 7,515, #triples = 234,800,838
2026-08-09 20:22:57.391 - INFO: Registered POS permutation: #relations = 96, #blocks = 46,913, #triples = 1,464,719,701
2026-08-09 20:22:57.418 - INFO: Registered OPS permutation: #relations = 318,850,904, #blocks = 39,014, #triples = 1,464,719,701
2026-08-09 20:22:57.443 - INFO: Registered OSP permutation: #relations = 318,850,904, #blocks = 39,014, #triples = 1,464,719,701
2026-08-09 20:22:57.461 - INFO: Registered SPO permutation: #relations = 234,800,427, #blocks = 31,251, #triples = 1,464,719,701
2026-08-09 20:22:57.476 - INFO: Registered SOP permutation: #relations = 234,800,427, #blocks = 31,251, #triples = 1,464,719,701
2026-08-09 20:22:57.476 - INFO: Reading patterns from file /home/userNoPriv/code/qlever/qlever-indices/dblp/dblp.index.patterns ...
2026-08-09 20:22:57.477 - INFO: Sorting random result tables to estimate the sorting performance of this machine ...
2026-08-09 20:23:05.775 - INFO: Initializing server ...
2026-08-09 20:23:05.775 - INFO: No access token required for restricted API calls
2026-08-09 20:23:05.775 - INFO: The server is ready, listening for requests on port 7025 ...
2026-08-09 20:23:05.974 - INFO: 
2026-08-09 20:23:05.974 - INFO: Request received via GET, no content type specified
2026-08-09 20:23:05.974 - INFO: Processing command "cache-stats": get cache statistics
2026-08-09 20:23:05.983 - INFO: 
2026-08-09 20:23:05.983 - INFO: Request received via POST, content type "application/x-www-form-urlencoded"
2026-08-09 20:23:05.986 - INFO: Processing the following SPARQL query:
# Tier H — dedup-heavy
# Goal: exercise CONSTRUCT result deduplication. A paper with multiple
# signatures produces repeated (?paper ?p ?o) rows through this join.
PREFIX dblp: <https://dblp.org/rdf/schema#>

CONSTRUCT { ?paper ?p ?o }
WHERE {
  ?paper a dblp:Publication ;
         dblp:publishedInStream <https://dblp.org/streams/conf/stoc> ;
         dblp:hasSignature ?sig .
  ?sig dblp:signatureCreator ?creator .
  ?paper ?p ?o .
}

2026-08-09 20:23:05.986 - INFO: Requested media types of the result are: "application/n-triples"
2026-08-09 20:23:05.997 - INFO: Query planning done in 14 ms
2026-08-09 20:23:06.023 - INFO: Result has unknown size (not computed yet)
2026-08-09 20:23:09.819 - INFO: Done processing query and sending result, total time was 3,836 ms
