2026-09-27 00:27:10.383 - INFO: [1mQLever server v0.6.0-206-gc8f70dff8, compiled on Sun Sep 27 12:26:37 AM CEST 2026 using git hash c8f70df[22m
2026-09-27 00:27:10.383 - INFO: Runtime parameter set from the command line: use-swar-export-delimiters=false
2026-09-27 00:27:10.383 - INFO: Cleanup of previous index directories after each rebuild enabled (--rebuild-keep-previous-index-dirs original-and-most-recent)
2026-09-27 00:27:10.383 - INFO: The git hash used to build this index was "65f84b4"
2026-09-27 00:27:10.383 - INFO: Reading vocabulary from file /local/data-ssd/stoetzem/dblp/dblp.vocabulary.words ...
2026-09-27 00:27:10.392 - INFO: Done, number of words: 446,944,668
2026-09-27 00:27:10.392 - INFO: Number of words in internal vocabulary (these are also part of the external vocabulary): 446,955
2026-09-27 00:27:10.399 - INFO: Registered PSO permutation: #relations = 6, #blocks = 8,187, #triples = 255,805,025
2026-09-27 00:27:10.421 - INFO: Registered PSO permutation: #relations = 96, #blocks = 51,023, #triples = 1,593,245,022
2026-09-27 00:27:10.424 - INFO: Registered POS permutation: #relations = 6, #blocks = 8,187, #triples = 255,805,025
2026-09-27 00:27:10.447 - INFO: Registered POS permutation: #relations = 96, #blocks = 51,023, #triples = 1,593,245,022
2026-09-27 00:27:10.466 - INFO: Registered OPS permutation: #relations = 345,357,897, #blocks = 42,492, #triples = 1,593,245,022
2026-09-27 00:27:10.486 - INFO: Registered OSP permutation: #relations = 345,357,897, #blocks = 42,492, #triples = 1,593,245,022
2026-09-27 00:27:10.499 - INFO: Registered SPO permutation: #relations = 255,804,614, #blocks = 33,993, #triples = 1,593,245,022
2026-09-27 00:27:10.510 - INFO: Registered SOP permutation: #relations = 255,804,614, #blocks = 33,993, #triples = 1,593,245,022
2026-09-27 00:27:10.510 - INFO: Reading patterns from file /local/data-ssd/stoetzem/dblp/dblp.index.patterns ...
2026-09-27 00:27:10.510 - INFO: Sorting random result tables to estimate the sorting performance of this machine ...
2026-09-27 00:27:18.857 - INFO: Initializing server ...
2026-09-27 00:27:18.857 - INFO: No access token required for restricted API calls
2026-09-27 00:27:18.857 - INFO: The server is ready, listening for requests on port 7015 ...
2026-09-27 00:27:18.935 - INFO: 
2026-09-27 00:27:18.935 - INFO: Request received via POST, content type "application/x-www-form-urlencoded"
2026-09-27 00:27:18.937 - INFO: Processing the following SPARQL query:
# Tier H — size-sweep (SELECT variant)
# Goal: isolate SELECT CSV/TSV export cost from query-planning cost. Raise
# the year bound across runs, for example 1970, 1990, 2010, and 2023.
PREFIX dblp: <https://dblp.org/rdf/schema#>

SELECT ?s ?p ?o
WHERE {
  ?s a dblp:Publication ;
     dblp:yearOfPublication ?year ;
     ?p ?o .
  FILTER(?year <= "1970"^^<http://www.w3.org/2001/XMLSchema#gYear>)
}

2026-09-27 00:27:18.937 - INFO: Requested media types of the result are: "text/tab-separated-values"
2026-09-27 00:27:18.942 - INFO: Query planning done in 7 ms
2026-09-27 00:27:18.965 - INFO: Result has unknown size (not computed yet)
2026-09-27 00:27:24.551 - INFO: Done processing query and sending result, total time was 5,616 ms
2026-09-27 00:27:24.571 - INFO: 
2026-09-27 00:27:24.571 - INFO: Request received via GET, no content type specified
2026-09-27 00:27:24.571 - INFO: Processing command "cache-stats": get cache statistics
2026-09-27 00:27:24.590 - INFO: 
2026-09-27 00:27:24.590 - INFO: Request received via GET, no content type specified
2026-09-27 00:27:24.590 - INFO: Processing command "clear-cache": clear the cache (unpinned elements only)
2026-09-27 00:27:24.608 - INFO: 
2026-09-27 00:27:24.608 - INFO: Request received via GET, no content type specified
2026-09-27 00:27:24.608 - INFO: Processing command "cache-stats": get cache statistics
2026-09-27 00:27:24.627 - INFO: 
2026-09-27 00:27:24.627 - INFO: Request received via POST, content type "application/x-www-form-urlencoded"
2026-09-27 00:27:24.628 - INFO: Processing the following SPARQL query:
# Tier H — size-sweep (SELECT variant)
# Goal: isolate SELECT CSV/TSV export cost from query-planning cost. Raise
# the year bound across runs, for example 1970, 1990, 2010, and 2023.
PREFIX dblp: <https://dblp.org/rdf/schema#>

SELECT ?s ?p ?o
WHERE {
  ?s a dblp:Publication ;
     dblp:yearOfPublication ?year ;
     ?p ?o .
  FILTER(?year <= "1970"^^<http://www.w3.org/2001/XMLSchema#gYear>)
}

2026-09-27 00:27:24.628 - INFO: Requested media types of the result are: "text/tab-separated-values"
2026-09-27 00:27:24.629 - INFO: Query planning done in 1 ms
2026-09-27 00:27:24.645 - INFO: Result has unknown size (not computed yet)
2026-09-27 00:27:27.304 - INFO: Done processing query and sending result, total time was 2,676 ms
2026-09-27 00:27:27.325 - INFO: 
2026-09-27 00:27:27.325 - INFO: Request received via GET, no content type specified
2026-09-27 00:27:27.325 - INFO: Processing command "cache-stats": get cache statistics
