[2026-09-29T05:00:29Z] PR #3547 wikidata turtle_export queries=H-vocab-label-large-de H-vocab-random-label-de-200k scenarios=cold reps=3 mode=same binary, runtime-flag A/B layout=ural
[2026-09-29T05:00:29Z] base:    /local/data-ssd/stoetzem/thesis/experiments/runs/nowait8-readahead-fadv-random/bin/qlever-server-ab (476247bc24a11b831d3898bf7886e4cbb6cad920) args='--set-runtime-parameter vocabulary-iouring-page-cache-fast-path=false --set-runtime-parameter vocabulary-bench-fadvise-random=true' form=''
[2026-09-29T05:00:29Z] variant: /local/data-ssd/stoetzem/thesis/experiments/runs/nowait8-readahead-fadv-random/bin/qlever-server-ab (476247bc24a11b831d3898bf7886e4cbb6cad920) args='--set-runtime-parameter vocabulary-iouring-page-cache-fast-path=true --set-runtime-parameter vocabulary-bench-fadvise-random=true' form=''
[2026-09-29T05:00:29Z] variant2: /local/data-ssd/stoetzem/thesis/experiments/runs/nowait8-readahead-fadv-random/bin/qlever-server-ab (476247bc24a11b831d3898bf7886e4cbb6cad920) args='--set-runtime-parameter vocabulary-iouring-page-cache-fast-path=true --set-runtime-parameter vocabulary-bench-fadvise-random=false' label='fastpath-on-normal'
Caches dropped successfully (synced, then wrote 1
 to /proc/sys/vm/drop_caches).
fatal: not a git repository (or any parent up to mount point /local)
Stopping at filesystem boundary (GIT_DISCOVERY_ACROSS_FILESYSTEM not set).
fatal: not a git repository (or any parent up to mount point /local)
Stopping at filesystem boundary (GIT_DISCOVERY_ACROSS_FILESYSTEM not set).
fatal: not a git repository (or any parent up to mount point /local)
Stopping at filesystem boundary (GIT_DISCOVERY_ACROSS_FILESYSTEM not set).
fatal: not a git repository (or any parent up to mount point /local)
Stopping at filesystem boundary (GIT_DISCOVERY_ACROSS_FILESYSTEM not set).
fatal: not a git repository (or any parent up to mount point /local)
Stopping at filesystem boundary (GIT_DISCOVERY_ACROSS_FILESYSTEM not set).
rep 1/1: complete export=s e2e=27.785123577s 504927346 bytes syscr=2689 pread64=2633 io_uring_enter=6643445 read_bytes=4359741440 cpu_s=30.770000
[2026-09-29T05:01:26Z] pr3547-H-vocab-label-large-de-cold-base-r1 done
Caches dropped successfully (synced, then wrote 1
 to /proc/sys/vm/drop_caches).
fatal: not a git repository (or any parent up to mount point /local)
Stopping at filesystem boundary (GIT_DISCOVERY_ACROSS_FILESYSTEM not set).
fatal: not a git repository (or any parent up to mount point /local)
Stopping at filesystem boundary (GIT_DISCOVERY_ACROSS_FILESYSTEM not set).
fatal: not a git repository (or any parent up to mount point /local)
Stopping at filesystem boundary (GIT_DISCOVERY_ACROSS_FILESYSTEM not set).
fatal: not a git repository (or any parent up to mount point /local)
Stopping at filesystem boundary (GIT_DISCOVERY_ACROSS_FILESYSTEM not set).
fatal: not a git repository (or any parent up to mount point /local)
Stopping at filesystem boundary (GIT_DISCOVERY_ACROSS_FILESYSTEM not set).
rep 1/1: complete export=s e2e=23.529197030s 504927346 bytes syscr=8881582 pread64=2633 io_uring_enter=290992 read_bytes=4359741440 cpu_s=26.780000
[2026-09-29T05:02:20Z] pr3547-H-vocab-label-large-de-cold-variant-r1 done
Caches dropped successfully (synced, then wrote 1
 to /proc/sys/vm/drop_caches).
fatal: not a git repository (or any parent up to mount point /local)
Stopping at filesystem boundary (GIT_DISCOVERY_ACROSS_FILESYSTEM not set).
fatal: not a git repository (or any parent up to mount point /local)
Stopping at filesystem boundary (GIT_DISCOVERY_ACROSS_FILESYSTEM not set).
fatal: not a git repository (or any parent up to mount point /local)
Stopping at filesystem boundary (GIT_DISCOVERY_ACROSS_FILESYSTEM not set).
fatal: not a git repository (or any parent up to mount point /local)
Stopping at filesystem boundary (GIT_DISCOVERY_ACROSS_FILESYSTEM not set).
fatal: not a git repository (or any parent up to mount point /local)
Stopping at filesystem boundary (GIT_DISCOVERY_ACROSS_FILESYSTEM not set).
rep 1/1: complete export=s e2e=23.744297335s 504927346 bytes syscr=8881582 pread64=2633 io_uring_enter=172100 read_bytes=9442918400 cpu_s=26.950000
[2026-09-29T05:03:14Z] pr3547-H-vocab-label-large-de-cold-variant2-r1 done
Caches dropped successfully (synced, then wrote 1
 to /proc/sys/vm/drop_caches).
fatal: not a git repository (or any parent up to mount point /local)
Stopping at filesystem boundary (GIT_DISCOVERY_ACROSS_FILESYSTEM not set).
fatal: not a git repository (or any parent up to mount point /local)
Stopping at filesystem boundary (GIT_DISCOVERY_ACROSS_FILESYSTEM not set).
fatal: not a git repository (or any parent up to mount point /local)
Stopping at filesystem boundary (GIT_DISCOVERY_ACROSS_FILESYSTEM not set).
fatal: not a git repository (or any parent up to mount point /local)
Stopping at filesystem boundary (GIT_DISCOVERY_ACROSS_FILESYSTEM not set).
fatal: not a git repository (or any parent up to mount point /local)
Stopping at filesystem boundary (GIT_DISCOVERY_ACROSS_FILESYSTEM not set).
rep 1/1: complete export=s e2e=23.768215561s 504927346 bytes syscr=8881582 pread64=2633 io_uring_enter=172816 read_bytes=9442918400 cpu_s=27.010000
[2026-09-29T05:04:08Z] pr3547-H-vocab-label-large-de-cold-variant2-r2 done
Caches dropped successfully (synced, then wrote 1
 to /proc/sys/vm/drop_caches).
fatal: not a git repository (or any parent up to mount point /local)
Stopping at filesystem boundary (GIT_DISCOVERY_ACROSS_FILESYSTEM not set).
fatal: not a git repository (or any parent up to mount point /local)
Stopping at filesystem boundary (GIT_DISCOVERY_ACROSS_FILESYSTEM not set).
fatal: not a git repository (or any parent up to mount point /local)
Stopping at filesystem boundary (GIT_DISCOVERY_ACROSS_FILESYSTEM not set).
fatal: not a git repository (or any parent up to mount point /local)
Stopping at filesystem boundary (GIT_DISCOVERY_ACROSS_FILESYSTEM not set).
fatal: not a git repository (or any parent up to mount point /local)
Stopping at filesystem boundary (GIT_DISCOVERY_ACROSS_FILESYSTEM not set).
rep 1/1: complete export=s e2e=23.826297989s 504927346 bytes syscr=8881582 pread64=2633 io_uring_enter=290815 read_bytes=4359741440 cpu_s=27.050000
[2026-09-29T05:05:03Z] pr3547-H-vocab-label-large-de-cold-variant-r2 done
Caches dropped successfully (synced, then wrote 1
 to /proc/sys/vm/drop_caches).
fatal: not a git repository (or any parent up to mount point /local)
Stopping at filesystem boundary (GIT_DISCOVERY_ACROSS_FILESYSTEM not set).
fatal: not a git repository (or any parent up to mount point /local)
Stopping at filesystem boundary (GIT_DISCOVERY_ACROSS_FILESYSTEM not set).
fatal: not a git repository (or any parent up to mount point /local)
Stopping at filesystem boundary (GIT_DISCOVERY_ACROSS_FILESYSTEM not set).
fatal: not a git repository (or any parent up to mount point /local)
Stopping at filesystem boundary (GIT_DISCOVERY_ACROSS_FILESYSTEM not set).
fatal: not a git repository (or any parent up to mount point /local)
Stopping at filesystem boundary (GIT_DISCOVERY_ACROSS_FILESYSTEM not set).
rep 1/1: complete export=s e2e=27.849385656s 504927346 bytes syscr=2689 pread64=2633 io_uring_enter=6643348 read_bytes=4359741440 cpu_s=30.820000
[2026-09-29T05:06:02Z] pr3547-H-vocab-label-large-de-cold-base-r2 done
Caches dropped successfully (synced, then wrote 1
 to /proc/sys/vm/drop_caches).
fatal: not a git repository (or any parent up to mount point /local)
Stopping at filesystem boundary (GIT_DISCOVERY_ACROSS_FILESYSTEM not set).
fatal: not a git repository (or any parent up to mount point /local)
Stopping at filesystem boundary (GIT_DISCOVERY_ACROSS_FILESYSTEM not set).
fatal: not a git repository (or any parent up to mount point /local)
Stopping at filesystem boundary (GIT_DISCOVERY_ACROSS_FILESYSTEM not set).
fatal: not a git repository (or any parent up to mount point /local)
Stopping at filesystem boundary (GIT_DISCOVERY_ACROSS_FILESYSTEM not set).
fatal: not a git repository (or any parent up to mount point /local)
Stopping at filesystem boundary (GIT_DISCOVERY_ACROSS_FILESYSTEM not set).
rep 1/1: complete export=s e2e=27.927174628s 504927346 bytes syscr=2689 pread64=2633 io_uring_enter=6643348 read_bytes=4359741440 cpu_s=30.850000
[2026-09-29T05:07:00Z] pr3547-H-vocab-label-large-de-cold-base-r3 done
Caches dropped successfully (synced, then wrote 1
 to /proc/sys/vm/drop_caches).
fatal: not a git repository (or any parent up to mount point /local)
Stopping at filesystem boundary (GIT_DISCOVERY_ACROSS_FILESYSTEM not set).
fatal: not a git repository (or any parent up to mount point /local)
Stopping at filesystem boundary (GIT_DISCOVERY_ACROSS_FILESYSTEM not set).
fatal: not a git repository (or any parent up to mount point /local)
Stopping at filesystem boundary (GIT_DISCOVERY_ACROSS_FILESYSTEM not set).
fatal: not a git repository (or any parent up to mount point /local)
Stopping at filesystem boundary (GIT_DISCOVERY_ACROSS_FILESYSTEM not set).
fatal: not a git repository (or any parent up to mount point /local)
Stopping at filesystem boundary (GIT_DISCOVERY_ACROSS_FILESYSTEM not set).
rep 1/1: complete export=s e2e=23.808055167s 504927346 bytes syscr=8881582 pread64=2633 io_uring_enter=290827 read_bytes=4359741440 cpu_s=27.020000
[2026-09-29T05:07:53Z] pr3547-H-vocab-label-large-de-cold-variant-r3 done
Caches dropped successfully (synced, then wrote 1
 to /proc/sys/vm/drop_caches).
fatal: not a git repository (or any parent up to mount point /local)
Stopping at filesystem boundary (GIT_DISCOVERY_ACROSS_FILESYSTEM not set).
fatal: not a git repository (or any parent up to mount point /local)
Stopping at filesystem boundary (GIT_DISCOVERY_ACROSS_FILESYSTEM not set).
fatal: not a git repository (or any parent up to mount point /local)
Stopping at filesystem boundary (GIT_DISCOVERY_ACROSS_FILESYSTEM not set).
fatal: not a git repository (or any parent up to mount point /local)
Stopping at filesystem boundary (GIT_DISCOVERY_ACROSS_FILESYSTEM not set).
fatal: not a git repository (or any parent up to mount point /local)
Stopping at filesystem boundary (GIT_DISCOVERY_ACROSS_FILESYSTEM not set).
rep 1/1: complete export=s e2e=24.057449998s 504927346 bytes syscr=8881582 pread64=2633 io_uring_enter=172884 read_bytes=9442918400 cpu_s=27.120000
[2026-09-29T05:08:48Z] pr3547-H-vocab-label-large-de-cold-variant2-r3 done
Caches dropped successfully (synced, then wrote 1
 to /proc/sys/vm/drop_caches).
fatal: not a git repository (or any parent up to mount point /local)
Stopping at filesystem boundary (GIT_DISCOVERY_ACROSS_FILESYSTEM not set).
fatal: not a git repository (or any parent up to mount point /local)
Stopping at filesystem boundary (GIT_DISCOVERY_ACROSS_FILESYSTEM not set).
fatal: not a git repository (or any parent up to mount point /local)
Stopping at filesystem boundary (GIT_DISCOVERY_ACROSS_FILESYSTEM not set).
fatal: not a git repository (or any parent up to mount point /local)
Stopping at filesystem boundary (GIT_DISCOVERY_ACROSS_FILESYSTEM not set).
fatal: not a git repository (or any parent up to mount point /local)
Stopping at filesystem boundary (GIT_DISCOVERY_ACROSS_FILESYSTEM not set).
rep 1/1: complete export=s e2e=10.762222849s 19297737 bytes syscr=1201759 pread64=1201735 io_uring_enter=264957 read_bytes=2690748416 cpu_s=7.900000
[2026-09-29T05:09:28Z] pr3547-H-vocab-random-label-de-200k-cold-base-r1 done
Caches dropped successfully (synced, then wrote 1
 to /proc/sys/vm/drop_caches).
fatal: not a git repository (or any parent up to mount point /local)
Stopping at filesystem boundary (GIT_DISCOVERY_ACROSS_FILESYSTEM not set).
fatal: not a git repository (or any parent up to mount point /local)
Stopping at filesystem boundary (GIT_DISCOVERY_ACROSS_FILESYSTEM not set).
fatal: not a git repository (or any parent up to mount point /local)
Stopping at filesystem boundary (GIT_DISCOVERY_ACROSS_FILESYSTEM not set).
fatal: not a git repository (or any parent up to mount point /local)
Stopping at filesystem boundary (GIT_DISCOVERY_ACROSS_FILESYSTEM not set).
fatal: not a git repository (or any parent up to mount point /local)
Stopping at filesystem boundary (GIT_DISCOVERY_ACROSS_FILESYSTEM not set).
rep 1/1: complete export=s e2e=10.780348554s 19297737 bytes syscr=1550674 pread64=1201735 io_uring_enter=188651 read_bytes=2690748416 cpu_s=7.930000
[2026-09-29T05:10:07Z] pr3547-H-vocab-random-label-de-200k-cold-variant-r1 done
Caches dropped successfully (synced, then wrote 1
 to /proc/sys/vm/drop_caches).
fatal: not a git repository (or any parent up to mount point /local)
Stopping at filesystem boundary (GIT_DISCOVERY_ACROSS_FILESYSTEM not set).
fatal: not a git repository (or any parent up to mount point /local)
Stopping at filesystem boundary (GIT_DISCOVERY_ACROSS_FILESYSTEM not set).
fatal: not a git repository (or any parent up to mount point /local)
Stopping at filesystem boundary (GIT_DISCOVERY_ACROSS_FILESYSTEM not set).
fatal: not a git repository (or any parent up to mount point /local)
Stopping at filesystem boundary (GIT_DISCOVERY_ACROSS_FILESYSTEM not set).
fatal: not a git repository (or any parent up to mount point /local)
Stopping at filesystem boundary (GIT_DISCOVERY_ACROSS_FILESYSTEM not set).
rep 1/1: complete export=s e2e=10.991500540s 19297737 bytes syscr=1550678 pread64=1201735 io_uring_enter=174115 read_bytes=2992123904 cpu_s=8.180000
[2026-09-29T05:10:47Z] pr3547-H-vocab-random-label-de-200k-cold-variant2-r1 done
Caches dropped successfully (synced, then wrote 1
 to /proc/sys/vm/drop_caches).
fatal: not a git repository (or any parent up to mount point /local)
Stopping at filesystem boundary (GIT_DISCOVERY_ACROSS_FILESYSTEM not set).
fatal: not a git repository (or any parent up to mount point /local)
Stopping at filesystem boundary (GIT_DISCOVERY_ACROSS_FILESYSTEM not set).
fatal: not a git repository (or any parent up to mount point /local)
Stopping at filesystem boundary (GIT_DISCOVERY_ACROSS_FILESYSTEM not set).
fatal: not a git repository (or any parent up to mount point /local)
Stopping at filesystem boundary (GIT_DISCOVERY_ACROSS_FILESYSTEM not set).
fatal: not a git repository (or any parent up to mount point /local)
Stopping at filesystem boundary (GIT_DISCOVERY_ACROSS_FILESYSTEM not set).
rep 1/1: complete export=s e2e=10.665938021s 19297737 bytes syscr=1550674 pread64=1201735 io_uring_enter=174356 read_bytes=2992123904 cpu_s=7.830000
[2026-09-29T05:11:25Z] pr3547-H-vocab-random-label-de-200k-cold-variant2-r2 done
Caches dropped successfully (synced, then wrote 1
 to /proc/sys/vm/drop_caches).
fatal: not a git repository (or any parent up to mount point /local)
Stopping at filesystem boundary (GIT_DISCOVERY_ACROSS_FILESYSTEM not set).
fatal: not a git repository (or any parent up to mount point /local)
Stopping at filesystem boundary (GIT_DISCOVERY_ACROSS_FILESYSTEM not set).
fatal: not a git repository (or any parent up to mount point /local)
Stopping at filesystem boundary (GIT_DISCOVERY_ACROSS_FILESYSTEM not set).
fatal: not a git repository (or any parent up to mount point /local)
Stopping at filesystem boundary (GIT_DISCOVERY_ACROSS_FILESYSTEM not set).
fatal: not a git repository (or any parent up to mount point /local)
Stopping at filesystem boundary (GIT_DISCOVERY_ACROSS_FILESYSTEM not set).
rep 1/1: complete export=s e2e=10.827194397s 19297737 bytes syscr=1550678 pread64=1201735 io_uring_enter=188654 read_bytes=2690748416 cpu_s=7.970000
[2026-09-29T05:12:05Z] pr3547-H-vocab-random-label-de-200k-cold-variant-r2 done
Caches dropped successfully (synced, then wrote 1
 to /proc/sys/vm/drop_caches).
fatal: not a git repository (or any parent up to mount point /local)
Stopping at filesystem boundary (GIT_DISCOVERY_ACROSS_FILESYSTEM not set).
fatal: not a git repository (or any parent up to mount point /local)
Stopping at filesystem boundary (GIT_DISCOVERY_ACROSS_FILESYSTEM not set).
fatal: not a git repository (or any parent up to mount point /local)
Stopping at filesystem boundary (GIT_DISCOVERY_ACROSS_FILESYSTEM not set).
fatal: not a git repository (or any parent up to mount point /local)
Stopping at filesystem boundary (GIT_DISCOVERY_ACROSS_FILESYSTEM not set).
fatal: not a git repository (or any parent up to mount point /local)
Stopping at filesystem boundary (GIT_DISCOVERY_ACROSS_FILESYSTEM not set).
rep 1/1: complete export=s e2e=11.011965593s 19297737 bytes syscr=1201759 pread64=1201735 io_uring_enter=264840 read_bytes=2690748416 cpu_s=8.090000
[2026-09-29T05:12:44Z] pr3547-H-vocab-random-label-de-200k-cold-base-r2 done
Caches dropped successfully (synced, then wrote 1
 to /proc/sys/vm/drop_caches).
fatal: not a git repository (or any parent up to mount point /local)
Stopping at filesystem boundary (GIT_DISCOVERY_ACROSS_FILESYSTEM not set).
fatal: not a git repository (or any parent up to mount point /local)
Stopping at filesystem boundary (GIT_DISCOVERY_ACROSS_FILESYSTEM not set).
fatal: not a git repository (or any parent up to mount point /local)
Stopping at filesystem boundary (GIT_DISCOVERY_ACROSS_FILESYSTEM not set).
fatal: not a git repository (or any parent up to mount point /local)
Stopping at filesystem boundary (GIT_DISCOVERY_ACROSS_FILESYSTEM not set).
fatal: not a git repository (or any parent up to mount point /local)
Stopping at filesystem boundary (GIT_DISCOVERY_ACROSS_FILESYSTEM not set).
rep 1/1: complete export=s e2e=11.103880792s 19297737 bytes syscr=1201755 pread64=1201735 io_uring_enter=264812 read_bytes=2690748416 cpu_s=8.190000
[2026-09-29T05:13:23Z] pr3547-H-vocab-random-label-de-200k-cold-base-r3 done
Caches dropped successfully (synced, then wrote 1
 to /proc/sys/vm/drop_caches).
fatal: not a git repository (or any parent up to mount point /local)
Stopping at filesystem boundary (GIT_DISCOVERY_ACROSS_FILESYSTEM not set).
fatal: not a git repository (or any parent up to mount point /local)
Stopping at filesystem boundary (GIT_DISCOVERY_ACROSS_FILESYSTEM not set).
fatal: not a git repository (or any parent up to mount point /local)
Stopping at filesystem boundary (GIT_DISCOVERY_ACROSS_FILESYSTEM not set).
fatal: not a git repository (or any parent up to mount point /local)
Stopping at filesystem boundary (GIT_DISCOVERY_ACROSS_FILESYSTEM not set).
fatal: not a git repository (or any parent up to mount point /local)
Stopping at filesystem boundary (GIT_DISCOVERY_ACROSS_FILESYSTEM not set).
rep 1/1: complete export=s e2e=10.716884032s 19297737 bytes syscr=1550674 pread64=1201735 io_uring_enter=188656 read_bytes=2690748416 cpu_s=7.880000
[2026-09-29T05:14:02Z] pr3547-H-vocab-random-label-de-200k-cold-variant-r3 done
Caches dropped successfully (synced, then wrote 1
 to /proc/sys/vm/drop_caches).
fatal: not a git repository (or any parent up to mount point /local)
Stopping at filesystem boundary (GIT_DISCOVERY_ACROSS_FILESYSTEM not set).
fatal: not a git repository (or any parent up to mount point /local)
Stopping at filesystem boundary (GIT_DISCOVERY_ACROSS_FILESYSTEM not set).
fatal: not a git repository (or any parent up to mount point /local)
Stopping at filesystem boundary (GIT_DISCOVERY_ACROSS_FILESYSTEM not set).
fatal: not a git repository (or any parent up to mount point /local)
Stopping at filesystem boundary (GIT_DISCOVERY_ACROSS_FILESYSTEM not set).
fatal: not a git repository (or any parent up to mount point /local)
Stopping at filesystem boundary (GIT_DISCOVERY_ACROSS_FILESYSTEM not set).
rep 1/1: complete export=s e2e=11.013147246s 19297737 bytes syscr=1550678 pread64=1201735 io_uring_enter=174095 read_bytes=2992123904 cpu_s=8.140000
[2026-09-29T05:14:41Z] pr3547-H-vocab-random-label-de-200k-cold-variant2-r3 done
# Three-arm run: one base run, two comparisons

## base vs variant (fastpath-on-fadv-random)
## PR #3547 A/B on wikidata (turtle_export)

- Base: `476247bc24a11b831d3898bf7886e4cbb6cad920` fastpath-off-fadv-random; server args: `--set-runtime-parameter vocabulary-iouring-page-cache-fast-path=false --set-runtime-parameter vocabulary-bench-fadvise-random=true`
- Variant: `476247bc24a11b831d3898bf7886e4cbb6cad920` fastpath-on-fadv-random; server args: `--set-runtime-parameter vocabulary-iouring-page-cache-fast-path=true --set-runtime-parameter vocabulary-bench-fadvise-random=true`
- Binaries: same binary, runtime-flag A/B; host `ural` (ural layout)
- Server query threads (`--num-simultaneous-queries`): 1
- Reps: 3 per arm, query and scenario; arms interleaved per rep, order alternating (odd reps base first, even reps variant first); cold reps run after `clear-caches`.
- Noise rule: within noise when |delta| < 1% or the min..max ranges overlap.

### Timing (elapsed_s, end to end)

| query | scenario | arm | n | median | min | max | delta vs base | verdict | correctness |
|---|---|---|---|---|---|---|---|---|---|
| H-vocab-label-large-de | cold | fastpath-off-fadv-random | 3 | 27.8494 | 27.7851 | 27.9272 |  |  |  |
| H-vocab-label-large-de | cold | fastpath-on-fadv-random | 3 | 23.8081 | 23.5292 | 23.8263 | -14.51% | variant faster | identical bytes |
| H-vocab-random-label-de-200k | cold | fastpath-off-fadv-random | 3 | 11.0120 | 10.7622 | 11.1039 |  |  |  |
| H-vocab-random-label-de-200k | cold | fastpath-on-fadv-random | 3 | 10.7803 | 10.7169 | 10.8272 | -2.10% | within noise | identical bytes |

### Verdict

- H-vocab-label-large-de cold: variant faster (-14.51%); correctness: identical bytes
- H-vocab-random-label-de-200k cold: within noise (-2.10%); correctness: identical bytes

### Gates

- `gate-postflight-cold.log`: == POSTFLIGHT: PASS ==
- `gate-preflight-base.log`: == PREFLIGHT: PASS ==
- `gate-preflight-variant.log`: == PREFLIGHT: PASS ==
- `gate-verify-base.log`: VERDICT: PASS — binary is trustworthy for benchmarking
- `gate-verify-variant.log`: VERDICT: PASS — binary is trustworthy for benchmarking

### Problems

None: every rep complete, non-empty and correct.

Artifacts: `results.csv` (all reps), `<scenario>/<query>/<arm>/raw/` (harness output per rep), `correctness.tsv`, `build-env.txt`, `env-before.txt`, `env-after.txt`, `gate-*.log`, `driver.log`.

## base vs variant2 (fastpath-on-normal)
## PR #3547 A/B on wikidata (turtle_export)

- Base: `476247bc24a11b831d3898bf7886e4cbb6cad920` fastpath-off-fadv-random; server args: `--set-runtime-parameter vocabulary-iouring-page-cache-fast-path=false --set-runtime-parameter vocabulary-bench-fadvise-random=true`
- Variant: `476247bc24a11b831d3898bf7886e4cbb6cad920` fastpath-on-normal; server args: `--set-runtime-parameter vocabulary-iouring-page-cache-fast-path=true --set-runtime-parameter vocabulary-bench-fadvise-random=false`
- Binaries: same binary, runtime-flag A/B; host `ural` (ural layout)
- Server query threads (`--num-simultaneous-queries`): 1
- Reps: 3 per arm, query and scenario; arms interleaved per rep, order alternating (odd reps base first, even reps variant first); cold reps run after `clear-caches`.
- Noise rule: within noise when |delta| < 1% or the min..max ranges overlap.

### Timing (elapsed_s, end to end)

| query | scenario | arm | n | median | min | max | delta vs base | verdict | correctness |
|---|---|---|---|---|---|---|---|---|---|
| H-vocab-label-large-de | cold | fastpath-off-fadv-random | 3 | 27.8494 | 27.7851 | 27.9272 |  |  |  |
| H-vocab-label-large-de | cold | fastpath-on-normal | 3 | 23.7682 | 23.7443 | 24.0574 | -14.65% | variant faster | identical bytes |
| H-vocab-random-label-de-200k | cold | fastpath-off-fadv-random | 3 | 11.0120 | 10.7622 | 11.1039 |  |  |  |
| H-vocab-random-label-de-200k | cold | fastpath-on-normal | 3 | 10.9915 | 10.6659 | 11.0131 | -0.19% | within noise | identical bytes |

### Verdict

- H-vocab-label-large-de cold: variant faster (-14.65%); correctness: identical bytes
- H-vocab-random-label-de-200k cold: within noise (-0.19%); correctness: identical bytes

### Gates

- `gate-postflight-cold.log`: == POSTFLIGHT: PASS ==
- `gate-preflight-base.log`: == PREFLIGHT: PASS ==
- `gate-preflight-variant.log`: == PREFLIGHT: PASS ==
- `gate-verify-base.log`: VERDICT: PASS — binary is trustworthy for benchmarking
- `gate-verify-variant.log`: VERDICT: PASS — binary is trustworthy for benchmarking

### Problems

None: every rep complete, non-empty and correct.

Artifacts: `results.csv` (all reps), `<scenario>/<query>/<arm>/raw/` (harness output per rep), `correctness.tsv`, `build-env.txt`, `env-before.txt`, `env-after.txt`, `gate-*.log`, `driver.log`.
[2026-09-29T05:14:41Z] finished rc=0 run=/local/data-ssd/stoetzem/thesis/experiments/runs/nowait8-readahead-fadv-random
