2026-10-07 23:27:50.336 - INFO: [1mQLever server CIKM-2802-g77a41c663, compiled on Tue Oct  6 12:40:58 UTC 2026 using git hash 77a41c6[22m
2026-10-07 23:27:50.336 - INFO: Cleanup of previous index directories after each rebuild enabled (--rebuild-keep-previous-index-dirs original-and-most-recent)
2026-10-07 23:27:50.337 - INFO: The git hash used to build this index was "65f84b4"
2026-10-07 23:27:50.337 - INFO: Reading vocabulary from file /local/data-ssd/stoetzem/qlever-indices/wikidata-3159/wikidata.vocabulary.words ...
2026-10-07 23:28:13.428 - INFO: Done, number of words: 1,580,300,680
2026-10-07 23:28:13.428 - INFO: Number of words in internal vocabulary (these are also part of the external vocabulary): 777,658,536
2026-10-07 23:28:13.538 - INFO: Registered PSO permutation: #relations = 10,100, #blocks = 225,155, #triples = 6,983,973,847
2026-10-07 23:28:13.674 - INFO: Registered PSO permutation: #relations = 13,566, #blocks = 264,339, #triples = 8,220,417,022
2026-10-07 23:28:13.770 - INFO: Registered POS permutation: #relations = 10,100, #blocks = 225,155, #triples = 6,983,973,847
2026-10-07 23:28:13.894 - INFO: Registered POS permutation: #relations = 13,566, #blocks = 264,339, #triples = 8,220,417,022
2026-10-07 23:28:14.009 - INFO: Registered OPS permutation: #relations = 1,683,253,489, #blocks = 222,728, #triples = 8,220,417,022
2026-10-07 23:28:14.124 - INFO: Registered OSP permutation: #relations = 1,683,253,489, #blocks = 222,728, #triples = 8,220,417,022
2026-10-07 23:28:14.208 - INFO: Registered SPO permutation: #relations = 252,534,289, #blocks = 175,741, #triples = 8,220,417,022
2026-10-07 23:28:14.284 - INFO: Registered SOP permutation: #relations = 252,534,289, #blocks = 175,741, #triples = 8,220,417,022
2026-10-07 23:28:14.284 - INFO: Reading patterns from file /local/data-ssd/stoetzem/qlever-indices/wikidata-3159/wikidata.index.patterns ...
2026-10-07 23:28:16.517 - WARN: The geo points of this index use the encoding "lat-major", which is deprecated and will not be supported for much longer; with this encoding, a spatial prefilter on points can only restrict the latitude; please build the index with the default encoding "z-order" (just omit the option `--geo-point-encoding` of `qlever-index`)
2026-10-07 23:28:16.517 - INFO: Sorting random result tables to estimate the sorting performance of this machine ...
2026-10-07 23:28:27.418 - INFO: Initializing server ...
2026-10-07 23:28:27.418 - INFO: No access token required for restricted API calls
2026-10-07 23:28:27.418 - INFO: The server is ready, listening for requests on port 7015 ...
2026-10-07 23:28:27.733 - INFO: 
2026-10-07 23:28:27.733 - INFO: Request received via POST, content type "application/x-www-form-urlencoded"
2026-10-07 23:28:27.738 - INFO: Processing the following SPARQL query:
# Scattered-read candidate (io-screen 2026-10-06): German labels of all Wikimedia disambiguation pages (Q4167410).
# No VALUES: one P+O bound class scan (wdt:P31 wd:Q4167410), then the German
# label scan. German literals are in the external (on-disk) vocabulary.
# A sparse class spreads its label IDs over the sorted vocabulary, so few
# reads share a page. Public endpoint count (2026-10): ~0.70M German labels.
PREFIX wd: <http://www.wikidata.org/entity/>
PREFIX wdt: <http://www.wikidata.org/prop/direct/>
PREFIX rdfs: <http://www.w3.org/2000/01/rdf-schema#>
PREFIX schema: <http://schema.org/>
PREFIX skos: <http://www.w3.org/2004/02/skos/core#>

CONSTRUCT { ?entity rdfs:label ?label }
WHERE {
  ?entity wdt:P31 wd:Q4167410 .
  ?entity rdfs:label ?label .
  FILTER(LANG(?label) = "de")
}

2026-10-07 23:28:27.738 - INFO: Requested media types of the result are: "text/turtle"
2026-10-07 23:28:27.739 - INFO: Query planning done in 5 ms
2026-10-07 23:28:27.739 - INFO: Result has unknown size (not computed yet)
2026-10-07 23:28:37.334 - INFO: Done processing query and sending result, total time was 9,600 ms
2026-10-07 23:28:37.374 - INFO: 
2026-10-07 23:28:37.374 - INFO: Request received via GET, no content type specified
2026-10-07 23:28:37.374 - INFO: Processing command "cache-stats": get cache statistics
2026-10-07 23:28:37.420 - INFO: 
2026-10-07 23:28:37.420 - INFO: Request received via GET, no content type specified
2026-10-07 23:28:37.420 - INFO: Processing command "clear-cache": clear the cache (unpinned elements only)
2026-10-07 23:28:37.463 - INFO: 
2026-10-07 23:28:37.463 - INFO: Request received via GET, no content type specified
2026-10-07 23:28:37.463 - INFO: Processing command "cache-stats": get cache statistics
2026-10-07 23:28:37.507 - INFO: 
2026-10-07 23:28:37.507 - INFO: Request received via POST, content type "application/x-www-form-urlencoded"
2026-10-07 23:28:37.507 - INFO: Processing the following SPARQL query:
# Scattered-read candidate (io-screen 2026-10-06): German labels of all Wikimedia disambiguation pages (Q4167410).
# No VALUES: one P+O bound class scan (wdt:P31 wd:Q4167410), then the German
# label scan. German literals are in the external (on-disk) vocabulary.
# A sparse class spreads its label IDs over the sorted vocabulary, so few
# reads share a page. Public endpoint count (2026-10): ~0.70M German labels.
PREFIX wd: <http://www.wikidata.org/entity/>
PREFIX wdt: <http://www.wikidata.org/prop/direct/>
PREFIX rdfs: <http://www.w3.org/2000/01/rdf-schema#>
PREFIX schema: <http://schema.org/>
PREFIX skos: <http://www.w3.org/2004/02/skos/core#>

CONSTRUCT { ?entity rdfs:label ?label }
WHERE {
  ?entity wdt:P31 wd:Q4167410 .
  ?entity rdfs:label ?label .
  FILTER(LANG(?label) = "de")
}

2026-10-07 23:28:37.507 - INFO: Requested media types of the result are: "text/turtle"
2026-10-07 23:28:37.508 - INFO: Query planning done in 0 ms
2026-10-07 23:28:37.508 - INFO: Result has unknown size (not computed yet)
2026-10-07 23:28:41.782 - INFO: Done processing query and sending result, total time was 4,275 ms
2026-10-07 23:28:41.832 - INFO: 
2026-10-07 23:28:41.832 - INFO: Request received via GET, no content type specified
2026-10-07 23:28:41.832 - INFO: Processing command "clear-cache": clear the cache (unpinned elements only)
2026-10-07 23:28:41.878 - INFO: 
2026-10-07 23:28:41.878 - INFO: Request received via POST, content type "application/x-www-form-urlencoded"
2026-10-07 23:28:41.879 - INFO: Processing the following SPARQL query:
# Scattered-read candidate (io-screen 2026-10-06): German labels of all Wikimedia disambiguation pages (Q4167410).
# No VALUES: one P+O bound class scan (wdt:P31 wd:Q4167410), then the German
# label scan. German literals are in the external (on-disk) vocabulary.
# A sparse class spreads its label IDs over the sorted vocabulary, so few
# reads share a page. Public endpoint count (2026-10): ~0.70M German labels.
PREFIX wd: <http://www.wikidata.org/entity/>
PREFIX wdt: <http://www.wikidata.org/prop/direct/>
PREFIX rdfs: <http://www.w3.org/2000/01/rdf-schema#>
PREFIX schema: <http://schema.org/>
PREFIX skos: <http://www.w3.org/2004/02/skos/core#>

CONSTRUCT { ?entity rdfs:label ?label }
WHERE {
  ?entity wdt:P31 wd:Q4167410 .
  ?entity rdfs:label ?label .
  FILTER(LANG(?label) = "de")
}

2026-10-07 23:28:41.879 - INFO: Requested media types of the result are: "text/turtle"
2026-10-07 23:28:41.879 - INFO: Query planning done in 0 ms
2026-10-07 23:28:41.879 - INFO: Result has unknown size (not computed yet)
2026-10-07 23:28:45.930 - INFO: Done processing query and sending result, total time was 4,052 ms
2026-10-07 23:28:45.972 - INFO: 
2026-10-07 23:28:45.972 - INFO: Request received via GET, no content type specified
2026-10-07 23:28:45.972 - INFO: Processing command "clear-cache": clear the cache (unpinned elements only)
2026-10-07 23:28:46.017 - INFO: 
2026-10-07 23:28:46.017 - INFO: Request received via POST, content type "application/x-www-form-urlencoded"
2026-10-07 23:28:46.017 - INFO: Processing the following SPARQL query:
# Scattered-read candidate (io-screen 2026-10-06): German labels of all Wikimedia disambiguation pages (Q4167410).
# No VALUES: one P+O bound class scan (wdt:P31 wd:Q4167410), then the German
# label scan. German literals are in the external (on-disk) vocabulary.
# A sparse class spreads its label IDs over the sorted vocabulary, so few
# reads share a page. Public endpoint count (2026-10): ~0.70M German labels.
PREFIX wd: <http://www.wikidata.org/entity/>
PREFIX wdt: <http://www.wikidata.org/prop/direct/>
PREFIX rdfs: <http://www.w3.org/2000/01/rdf-schema#>
PREFIX schema: <http://schema.org/>
PREFIX skos: <http://www.w3.org/2004/02/skos/core#>

CONSTRUCT { ?entity rdfs:label ?label }
WHERE {
  ?entity wdt:P31 wd:Q4167410 .
  ?entity rdfs:label ?label .
  FILTER(LANG(?label) = "de")
}

2026-10-07 23:28:46.017 - INFO: Requested media types of the result are: "text/turtle"
2026-10-07 23:28:46.018 - INFO: Query planning done in 0 ms
2026-10-07 23:28:46.018 - INFO: Result has unknown size (not computed yet)
2026-10-07 23:28:49.989 - INFO: Done processing query and sending result, total time was 3,972 ms
2026-10-07 23:28:50.031 - INFO: 
2026-10-07 23:28:50.031 - INFO: Request received via GET, no content type specified
2026-10-07 23:28:50.031 - INFO: Processing command "cache-stats": get cache statistics
