[2026-10-07T19:48:39Z] PR #120 wikidata csv_export queries=H-vocab-label-large-select scenarios=cold,warm reps=3 mode=two binaries layout=ural
[2026-10-07T19:48:39Z] base:    /local/data-ssd/stoetzem/thesis/experiments/runs/v2-fewer-copies-ab-j8-wolga/bin/qlever-server-base (87f57674) args='' form='fast-export=1'
[2026-10-07T19:48:39Z] variant: /local/data-ssd/stoetzem/thesis/experiments/runs/v2-fewer-copies-ab-j8-wolga/bin/qlever-server-variant (719615ab) args='' form='fast-export=1'
[2026-10-07T19:49:39Z] !!!!!!!! load gate: load1=16.20 still >= 3 after 60s; running anyway !!!!!!!!
Caches dropped successfully (synced, then wrote 1
 to /proc/sys/vm/drop_caches).
fatal: not a git repository (or any parent up to mount point /local)
Stopping at filesystem boundary (GIT_DISCOVERY_ACROSS_FILESYSTEM not set).
fatal: not a git repository (or any parent up to mount point /local)
Stopping at filesystem boundary (GIT_DISCOVERY_ACROSS_FILESYSTEM not set).
fatal: not a git repository (or any parent up to mount point /local)
Stopping at filesystem boundary (GIT_DISCOVERY_ACROSS_FILESYSTEM not set).
fatal: not a git repository (or any parent up to mount point /local)
Stopping at filesystem boundary (GIT_DISCOVERY_ACROSS_FILESYSTEM not set).
fatal: not a git repository (or any parent up to mount point /local)
Stopping at filesystem boundary (GIT_DISCOVERY_ACROSS_FILESYSTEM not set).
rep 1/1: complete export=s e2e=4.807134959s 674222797 bytes syscr=9833 pread64=9812 io_uring_enter=0 read_bytes=505868288 cpu_s=35.000000
[2026-10-07T19:50:42Z] pr120-H-vocab-label-large-select-cold-base-r1 done
[2026-10-07T19:51:42Z] !!!!!!!! load gate: load1=15.92 still >= 3 after 60s; running anyway !!!!!!!!
Caches dropped successfully (synced, then wrote 1
 to /proc/sys/vm/drop_caches).
fatal: not a git repository (or any parent up to mount point /local)
Stopping at filesystem boundary (GIT_DISCOVERY_ACROSS_FILESYSTEM not set).
fatal: not a git repository (or any parent up to mount point /local)
Stopping at filesystem boundary (GIT_DISCOVERY_ACROSS_FILESYSTEM not set).
fatal: not a git repository (or any parent up to mount point /local)
Stopping at filesystem boundary (GIT_DISCOVERY_ACROSS_FILESYSTEM not set).
fatal: not a git repository (or any parent up to mount point /local)
Stopping at filesystem boundary (GIT_DISCOVERY_ACROSS_FILESYSTEM not set).
fatal: not a git repository (or any parent up to mount point /local)
Stopping at filesystem boundary (GIT_DISCOVERY_ACROSS_FILESYSTEM not set).
rep 1/1: complete export=s e2e=5.116101618s 674222797 bytes syscr=9833 pread64=9812 io_uring_enter=0 read_bytes=505782272 cpu_s=33.340000
[2026-10-07T19:52:45Z] pr120-H-vocab-label-large-select-cold-variant-r1 done
[2026-10-07T19:53:45Z] !!!!!!!! load gate: load1=14.72 still >= 3 after 60s; running anyway !!!!!!!!
Caches dropped successfully (synced, then wrote 1
 to /proc/sys/vm/drop_caches).
fatal: not a git repository (or any parent up to mount point /local)
Stopping at filesystem boundary (GIT_DISCOVERY_ACROSS_FILESYSTEM not set).
fatal: not a git repository (or any parent up to mount point /local)
Stopping at filesystem boundary (GIT_DISCOVERY_ACROSS_FILESYSTEM not set).
fatal: not a git repository (or any parent up to mount point /local)
Stopping at filesystem boundary (GIT_DISCOVERY_ACROSS_FILESYSTEM not set).
fatal: not a git repository (or any parent up to mount point /local)
Stopping at filesystem boundary (GIT_DISCOVERY_ACROSS_FILESYSTEM not set).
fatal: not a git repository (or any parent up to mount point /local)
Stopping at filesystem boundary (GIT_DISCOVERY_ACROSS_FILESYSTEM not set).
rep 1/1: complete export=s e2e=4.570583490s 674222797 bytes syscr=9832 pread64=9812 io_uring_enter=0 read_bytes=505782272 cpu_s=33.970000
[2026-10-07T19:54:43Z] pr120-H-vocab-label-large-select-cold-variant-r2 done
[2026-10-07T19:55:43Z] !!!!!!!! load gate: load1=11.21 still >= 3 after 60s; running anyway !!!!!!!!
Caches dropped successfully (synced, then wrote 1
 to /proc/sys/vm/drop_caches).
fatal: not a git repository (or any parent up to mount point /local)
Stopping at filesystem boundary (GIT_DISCOVERY_ACROSS_FILESYSTEM not set).
fatal: not a git repository (or any parent up to mount point /local)
Stopping at filesystem boundary (GIT_DISCOVERY_ACROSS_FILESYSTEM not set).
fatal: not a git repository (or any parent up to mount point /local)
Stopping at filesystem boundary (GIT_DISCOVERY_ACROSS_FILESYSTEM not set).
fatal: not a git repository (or any parent up to mount point /local)
Stopping at filesystem boundary (GIT_DISCOVERY_ACROSS_FILESYSTEM not set).
fatal: not a git repository (or any parent up to mount point /local)
Stopping at filesystem boundary (GIT_DISCOVERY_ACROSS_FILESYSTEM not set).
rep 1/1: complete export=s e2e=4.058375902s 674222797 bytes syscr=9832 pread64=9812 io_uring_enter=0 read_bytes=505782272 cpu_s=34.910000
[2026-10-07T19:56:39Z] pr120-H-vocab-label-large-select-cold-base-r2 done
[2026-10-07T19:57:39Z] !!!!!!!! load gate: load1=8.53 still >= 3 after 60s; running anyway !!!!!!!!
Caches dropped successfully (synced, then wrote 1
 to /proc/sys/vm/drop_caches).
fatal: not a git repository (or any parent up to mount point /local)
Stopping at filesystem boundary (GIT_DISCOVERY_ACROSS_FILESYSTEM not set).
fatal: not a git repository (or any parent up to mount point /local)
Stopping at filesystem boundary (GIT_DISCOVERY_ACROSS_FILESYSTEM not set).
fatal: not a git repository (or any parent up to mount point /local)
Stopping at filesystem boundary (GIT_DISCOVERY_ACROSS_FILESYSTEM not set).
fatal: not a git repository (or any parent up to mount point /local)
Stopping at filesystem boundary (GIT_DISCOVERY_ACROSS_FILESYSTEM not set).
fatal: not a git repository (or any parent up to mount point /local)
Stopping at filesystem boundary (GIT_DISCOVERY_ACROSS_FILESYSTEM not set).
rep 1/1: complete export=s e2e=3.765013257s 674222797 bytes syscr=9832 pread64=9812 io_uring_enter=0 read_bytes=505782272 cpu_s=34.130000
[2026-10-07T19:58:30Z] pr120-H-vocab-label-large-select-cold-base-r3 done
[2026-10-07T19:59:30Z] !!!!!!!! load gate: load1=6.49 still >= 3 after 60s; running anyway !!!!!!!!
Caches dropped successfully (synced, then wrote 1
 to /proc/sys/vm/drop_caches).
fatal: not a git repository (or any parent up to mount point /local)
Stopping at filesystem boundary (GIT_DISCOVERY_ACROSS_FILESYSTEM not set).
fatal: not a git repository (or any parent up to mount point /local)
Stopping at filesystem boundary (GIT_DISCOVERY_ACROSS_FILESYSTEM not set).
fatal: not a git repository (or any parent up to mount point /local)
Stopping at filesystem boundary (GIT_DISCOVERY_ACROSS_FILESYSTEM not set).
fatal: not a git repository (or any parent up to mount point /local)
Stopping at filesystem boundary (GIT_DISCOVERY_ACROSS_FILESYSTEM not set).
fatal: not a git repository (or any parent up to mount point /local)
Stopping at filesystem boundary (GIT_DISCOVERY_ACROSS_FILESYSTEM not set).
rep 1/1: complete export=s e2e=3.520927204s 674222797 bytes syscr=9832 pread64=9812 io_uring_enter=0 read_bytes=505782272 cpu_s=32.210000
[2026-10-07T20:00:19Z] pr120-H-vocab-label-large-select-cold-variant-r3 done
[2026-10-07T20:01:19Z] !!!!!!!! load gate: load1=5.09 still >= 3 after 60s; running anyway !!!!!!!!
fatal: not a git repository (or any parent up to mount point /local)
Stopping at filesystem boundary (GIT_DISCOVERY_ACROSS_FILESYSTEM not set).
fatal: not a git repository (or any parent up to mount point /local)
Stopping at filesystem boundary (GIT_DISCOVERY_ACROSS_FILESYSTEM not set).
fatal: not a git repository (or any parent up to mount point /local)
Stopping at filesystem boundary (GIT_DISCOVERY_ACROSS_FILESYSTEM not set).
fatal: not a git repository (or any parent up to mount point /local)
Stopping at filesystem boundary (GIT_DISCOVERY_ACROSS_FILESYSTEM not set).
fatal: not a git repository (or any parent up to mount point /local)
Stopping at filesystem boundary (GIT_DISCOVERY_ACROSS_FILESYSTEM not set).
rep 1/1: complete export=s e2e=3.987465239s 674222797 bytes syscr=29496 pread64=29436 io_uring_enter=0 read_bytes=0 cpu_s=102.140000
[2026-10-07T20:02:26Z] pr120-H-vocab-label-large-select-warm-base-r1 done
[2026-10-07T20:03:26Z] !!!!!!!! load gate: load1=12.98 still >= 3 after 60s; running anyway !!!!!!!!
fatal: not a git repository (or any parent up to mount point /local)
Stopping at filesystem boundary (GIT_DISCOVERY_ACROSS_FILESYSTEM not set).
fatal: not a git repository (or any parent up to mount point /local)
Stopping at filesystem boundary (GIT_DISCOVERY_ACROSS_FILESYSTEM not set).
fatal: not a git repository (or any parent up to mount point /local)
Stopping at filesystem boundary (GIT_DISCOVERY_ACROSS_FILESYSTEM not set).
fatal: not a git repository (or any parent up to mount point /local)
Stopping at filesystem boundary (GIT_DISCOVERY_ACROSS_FILESYSTEM not set).
fatal: not a git repository (or any parent up to mount point /local)
Stopping at filesystem boundary (GIT_DISCOVERY_ACROSS_FILESYSTEM not set).
rep 1/1: complete export=s e2e=3.771988197s 674222797 bytes syscr=29496 pread64=29436 io_uring_enter=0 read_bytes=0 cpu_s=98.910000
[2026-10-07T20:04:38Z] pr120-H-vocab-label-large-select-warm-variant-r1 done
[2026-10-07T20:05:38Z] !!!!!!!! load gate: load1=13.49 still >= 3 after 60s; running anyway !!!!!!!!
fatal: not a git repository (or any parent up to mount point /local)
Stopping at filesystem boundary (GIT_DISCOVERY_ACROSS_FILESYSTEM not set).
fatal: not a git repository (or any parent up to mount point /local)
Stopping at filesystem boundary (GIT_DISCOVERY_ACROSS_FILESYSTEM not set).
fatal: not a git repository (or any parent up to mount point /local)
Stopping at filesystem boundary (GIT_DISCOVERY_ACROSS_FILESYSTEM not set).
fatal: not a git repository (or any parent up to mount point /local)
Stopping at filesystem boundary (GIT_DISCOVERY_ACROSS_FILESYSTEM not set).
fatal: not a git repository (or any parent up to mount point /local)
Stopping at filesystem boundary (GIT_DISCOVERY_ACROSS_FILESYSTEM not set).
rep 1/1: complete export=s e2e=4.156818516s 674222797 bytes syscr=29497 pread64=29436 io_uring_enter=0 read_bytes=0 cpu_s=97.220000
[2026-10-07T20:06:50Z] pr120-H-vocab-label-large-select-warm-variant-r2 done
[2026-10-07T20:07:50Z] !!!!!!!! load gate: load1=14.70 still >= 3 after 60s; running anyway !!!!!!!!
fatal: not a git repository (or any parent up to mount point /local)
Stopping at filesystem boundary (GIT_DISCOVERY_ACROSS_FILESYSTEM not set).
fatal: not a git repository (or any parent up to mount point /local)
Stopping at filesystem boundary (GIT_DISCOVERY_ACROSS_FILESYSTEM not set).
fatal: not a git repository (or any parent up to mount point /local)
Stopping at filesystem boundary (GIT_DISCOVERY_ACROSS_FILESYSTEM not set).
fatal: not a git repository (or any parent up to mount point /local)
Stopping at filesystem boundary (GIT_DISCOVERY_ACROSS_FILESYSTEM not set).
fatal: not a git repository (or any parent up to mount point /local)
Stopping at filesystem boundary (GIT_DISCOVERY_ACROSS_FILESYSTEM not set).
rep 1/1: complete export=s e2e=4.190849989s 674222797 bytes syscr=29496 pread64=29436 io_uring_enter=0 read_bytes=0 cpu_s=100.310000
[2026-10-07T20:09:03Z] pr120-H-vocab-label-large-select-warm-base-r2 done
[2026-10-07T20:10:03Z] !!!!!!!! load gate: load1=14.03 still >= 3 after 60s; running anyway !!!!!!!!
fatal: not a git repository (or any parent up to mount point /local)
Stopping at filesystem boundary (GIT_DISCOVERY_ACROSS_FILESYSTEM not set).
fatal: not a git repository (or any parent up to mount point /local)
Stopping at filesystem boundary (GIT_DISCOVERY_ACROSS_FILESYSTEM not set).
fatal: not a git repository (or any parent up to mount point /local)
Stopping at filesystem boundary (GIT_DISCOVERY_ACROSS_FILESYSTEM not set).
fatal: not a git repository (or any parent up to mount point /local)
Stopping at filesystem boundary (GIT_DISCOVERY_ACROSS_FILESYSTEM not set).
fatal: not a git repository (or any parent up to mount point /local)
Stopping at filesystem boundary (GIT_DISCOVERY_ACROSS_FILESYSTEM not set).
rep 1/1: complete export=s e2e=3.584848582s 674222797 bytes syscr=29496 pread64=29436 io_uring_enter=0 read_bytes=0 cpu_s=100.050000
[2026-10-07T20:11:08Z] pr120-H-vocab-label-large-select-warm-base-r3 done
[2026-10-07T20:12:08Z] !!!!!!!! load gate: load1=5.96 still >= 3 after 60s; running anyway !!!!!!!!
fatal: not a git repository (or any parent up to mount point /local)
Stopping at filesystem boundary (GIT_DISCOVERY_ACROSS_FILESYSTEM not set).
fatal: not a git repository (or any parent up to mount point /local)
Stopping at filesystem boundary (GIT_DISCOVERY_ACROSS_FILESYSTEM not set).
fatal: not a git repository (or any parent up to mount point /local)
Stopping at filesystem boundary (GIT_DISCOVERY_ACROSS_FILESYSTEM not set).
fatal: not a git repository (or any parent up to mount point /local)
Stopping at filesystem boundary (GIT_DISCOVERY_ACROSS_FILESYSTEM not set).
fatal: not a git repository (or any parent up to mount point /local)
Stopping at filesystem boundary (GIT_DISCOVERY_ACROSS_FILESYSTEM not set).
rep 1/1: complete export=s e2e=3.804743488s 674222797 bytes syscr=29496 pread64=29436 io_uring_enter=0 read_bytes=4096 cpu_s=99.930000
[2026-10-07T20:13:10Z] pr120-H-vocab-label-large-select-warm-variant-r3 done
# PR #120 A/B on wikidata (csv_export)

- Base: `87f57674` v2-87f57674; server args: `(none)`
- Variant: `719615ab` v2-fewer-copies-719615ab; server args: `(none)`
- Binaries: two binaries; host `wolga` (ural layout)
- Request form fields: base `fast-export=1`; variant `fast-export=1`
- Server query threads (`--num-simultaneous-queries`): 8
- Reps: 3 per arm, query and scenario; arms interleaved per rep, order alternating (odd reps base first, even reps variant first); cold reps run after `clear-caches`.
- Noise rule: within noise when |delta| < 1% or the min..max ranges overlap.

## Timing (elapsed_s, end to end)

| query | scenario | arm | n | median | min | max | delta vs base | verdict | correctness |
|---|---|---|---|---|---|---|---|---|---|
| H-vocab-label-large-select | cold | v2-87f57674 | 3 | 4.0584 | 3.7650 | 4.8071 |  |  |  |
| H-vocab-label-large-select | cold | v2-fewer-copies-719615ab | 3 | 4.5706 | 3.5209 | 5.1161 | +12.62% | within noise | equal as multiset (order differs) |
| H-vocab-label-large-select | warm | v2-87f57674 | 3 | 3.9875 | 3.5848 | 4.1908 |  |  |  |
| H-vocab-label-large-select | warm | v2-fewer-copies-719615ab | 3 | 3.8047 | 3.7720 | 4.1568 | -4.58% | within noise | equal as multiset (order differs) |

## Verdict

- H-vocab-label-large-select cold: within noise (+12.62%); correctness: equal as multiset (order differs)
- H-vocab-label-large-select warm: within noise (-4.58%); correctness: equal as multiset (order differs)

## Gates

- `gate-postflight-cold.log`: == POSTFLIGHT: PASS ==
- `gate-postflight-warm.log`: == POSTFLIGHT: PASS ==
- `gate-preflight-base.log`: == PREFLIGHT: PASS ==
- `gate-preflight-variant.log`: == PREFLIGHT: PASS ==
- `gate-verify-base.log`: VERDICT: PASS — binary is trustworthy for benchmarking
- `gate-verify-variant.log`: VERDICT: PASS — binary is trustworthy for benchmarking

## Problems

None: every rep complete, non-empty and correct.

Artifacts: `results.csv` (all reps), `<scenario>/<query>/<arm>/raw/` (harness output per rep), `correctness.tsv`, `build-env.txt`, `env-before.txt`, `env-after.txt`, `gate-*.log`, `driver.log`.
[2026-10-07T20:13:40Z] finished rc=0 run=/local/data-ssd/stoetzem/thesis/experiments/runs/v2-fewer-copies-ab-j8-wolga
