2026-09-28 23:52:57.981 - INFO: [1mQLever server v0.6.0-308-g95f657ab9, compiled on Mon Sep 28 19:27:32 UTC 2026 using git hash 95f657a[22m
2026-09-28 23:52:57.981 - INFO: Cleanup of previous index directories after each rebuild enabled (--rebuild-keep-previous-index-dirs original-and-most-recent)
2026-09-28 23:52:57.982 - INFO: The git hash used to build this index was "65f84b4"
2026-09-28 23:52:57.982 - INFO: Reading vocabulary from file /local/data-ssd/stoetzem/qlever-indices/dblp/dblp.vocabulary.words ...
2026-09-28 23:52:57.991 - INFO: Done, number of words: 446,944,668
2026-09-28 23:52:57.991 - INFO: Number of words in internal vocabulary (these are also part of the external vocabulary): 446,955
2026-09-28 23:52:57.995 - INFO: Registered PSO permutation: #relations = 6, #blocks = 8,187, #triples = 255,805,025
2026-09-28 23:52:58.015 - INFO: Registered PSO permutation: #relations = 96, #blocks = 51,023, #triples = 1,593,245,022
2026-09-28 23:52:58.017 - INFO: Registered POS permutation: #relations = 6, #blocks = 8,187, #triples = 255,805,025
2026-09-28 23:52:58.037 - INFO: Registered POS permutation: #relations = 96, #blocks = 51,023, #triples = 1,593,245,022
2026-09-28 23:52:58.054 - INFO: Registered OPS permutation: #relations = 345,357,897, #blocks = 42,492, #triples = 1,593,245,022
2026-09-28 23:52:58.070 - INFO: Registered OSP permutation: #relations = 345,357,897, #blocks = 42,492, #triples = 1,593,245,022
2026-09-28 23:52:58.081 - INFO: Registered SPO permutation: #relations = 255,804,614, #blocks = 33,993, #triples = 1,593,245,022
2026-09-28 23:52:58.090 - INFO: Registered SOP permutation: #relations = 255,804,614, #blocks = 33,993, #triples = 1,593,245,022
2026-09-28 23:52:58.090 - INFO: Reading patterns from file /local/data-ssd/stoetzem/qlever-indices/dblp/dblp.index.patterns ...
2026-09-28 23:52:58.090 - INFO: Sorting random result tables to estimate the sorting performance of this machine ...
2026-09-28 23:53:06.642 - INFO: Initializing server ...
2026-09-28 23:53:06.642 - INFO: No access token required for restricted API calls
2026-09-28 23:53:06.642 - INFO: The server is ready, listening for requests on port 7015 ...
2026-09-28 23:53:06.853 - INFO: 
2026-09-28 23:53:06.853 - INFO: Request received via POST, content type "application/x-www-form-urlencoded"
2026-09-28 23:53:06.857 - INFO: Processing the following SPARQL query:
# Tier H — size-sweep
# Goal: isolate export cost from query-planning cost. Raise the year bound
# across runs, for example 1970, 1990, 2010, and 2023.
PREFIX dblp: <https://dblp.org/rdf/schema#>

CONSTRUCT { ?s ?p ?o }
WHERE {
  ?s a dblp:Publication ;
     dblp:yearOfPublication ?year ;
     ?p ?o .
  FILTER(?year <= "1970"^^<http://www.w3.org/2001/XMLSchema#gYear>)
}

2026-09-28 23:53:06.857 - INFO: Requested media types of the result are: "text/turtle"
2026-09-28 23:53:06.867 - INFO: Query planning done in 13 ms
2026-09-28 23:53:06.913 - INFO: Result has unknown size (not computed yet)
2026-09-28 23:53:08.030 - INFO: Done processing query and sending result, total time was 1,177 ms
2026-09-28 23:53:08.063 - INFO: 
2026-09-28 23:53:08.063 - INFO: Request received via POST, content type "application/x-www-form-urlencoded"
2026-09-28 23:53:08.064 - INFO: Processing the following SPARQL query:
# Tier H — size-sweep
# Goal: isolate export cost from query-planning cost. Raise the year bound
# across runs, for example 1970, 1990, 2010, and 2023.
PREFIX dblp: <https://dblp.org/rdf/schema#>

CONSTRUCT { ?s ?p ?o }
WHERE {
  ?s a dblp:Publication ;
     dblp:yearOfPublication ?year ;
     ?p ?o .
  FILTER(?year <= "1970"^^<http://www.w3.org/2001/XMLSchema#gYear>)
}

2026-09-28 23:53:08.064 - INFO: Requested media types of the result are: "text/turtle"
2026-09-28 23:53:08.066 - INFO: Query planning done in 2 ms
2026-09-28 23:53:08.096 - INFO: Result has unknown size (not computed yet)
2026-09-28 23:53:09.379 - INFO: Done processing query and sending result, total time was 1,315 ms
