2026-09-28 22:37:45.381 - INFO: [1mQLever server CIKM-2667-g533f800b8, compiled on Mon Sep 28 14:40:44 UTC 2026 using git hash 533f800[22m
2026-09-28 22:37:45.382 - INFO: Cleanup of previous index directories after each rebuild enabled (--rebuild-keep-previous-index-dirs original-and-most-recent)
2026-09-28 22:37:45.383 - INFO: The git hash used to build this index was "65f84b4"
2026-09-28 22:37:45.383 - INFO: Reading vocabulary from file /local/data-ssd/stoetzem/qlever-indices/dblp/dblp.vocabulary.words ...
2026-09-28 22:37:45.401 - INFO: Done, number of words: 446,944,668
2026-09-28 22:37:45.401 - INFO: Number of words in internal vocabulary (these are also part of the external vocabulary): 446,955
2026-09-28 22:37:45.409 - INFO: Registered PSO permutation: #relations = 6, #blocks = 8,187, #triples = 255,805,025
2026-09-28 22:37:45.432 - INFO: Registered PSO permutation: #relations = 96, #blocks = 51,023, #triples = 1,593,245,022
2026-09-28 22:37:45.435 - INFO: Registered POS permutation: #relations = 6, #blocks = 8,187, #triples = 255,805,025
2026-09-28 22:37:45.457 - INFO: Registered POS permutation: #relations = 96, #blocks = 51,023, #triples = 1,593,245,022
2026-09-28 22:37:45.476 - INFO: Registered OPS permutation: #relations = 345,357,897, #blocks = 42,492, #triples = 1,593,245,022
2026-09-28 22:37:45.495 - INFO: Registered OSP permutation: #relations = 345,357,897, #blocks = 42,492, #triples = 1,593,245,022
2026-09-28 22:37:45.507 - INFO: Registered SPO permutation: #relations = 255,804,614, #blocks = 33,993, #triples = 1,593,245,022
2026-09-28 22:37:45.518 - INFO: Registered SOP permutation: #relations = 255,804,614, #blocks = 33,993, #triples = 1,593,245,022
2026-09-28 22:37:45.518 - INFO: Reading patterns from file /local/data-ssd/stoetzem/qlever-indices/dblp/dblp.index.patterns ...
2026-09-28 22:37:45.519 - INFO: Sorting random result tables to estimate the sorting performance of this machine ...
2026-09-28 22:37:53.589 - INFO: Initializing server ...
2026-09-28 22:37:53.589 - INFO: No access token required for restricted API calls
2026-09-28 22:37:53.589 - INFO: The server is ready, listening for requests on port 7015 ...
2026-09-28 22:37:53.712 - INFO: 
2026-09-28 22:37:53.712 - INFO: Request received via POST, content type "application/x-www-form-urlencoded"
2026-09-28 22:37:53.716 - INFO: Processing the following SPARQL query:
# Tier H — size-sweep
# Goal: isolate export cost from query-planning cost. Raise the year bound
# across runs, for example 1970, 1990, 2010, and 2023.
PREFIX dblp: <https://dblp.org/rdf/schema#>

CONSTRUCT { ?s ?p ?o }
WHERE {
  ?s a dblp:Publication ;
     dblp:yearOfPublication ?year ;
     ?p ?o .
  FILTER(?year <= "1970"^^<http://www.w3.org/2001/XMLSchema#gYear>)
}

2026-09-28 22:37:53.716 - INFO: Requested media types of the result are: "text/turtle"
2026-09-28 22:37:53.732 - INFO: Query planning done in 20 ms
2026-09-28 22:37:53.773 - INFO: Result has unknown size (not computed yet)
2026-09-28 22:37:57.527 - INFO: Done processing query and sending result, total time was 3,814 ms
2026-09-28 22:37:57.588 - INFO: 
2026-09-28 22:37:57.588 - INFO: Request received via GET, no content type specified
2026-09-28 22:37:57.588 - INFO: Processing command "cache-stats": get cache statistics
2026-09-28 22:37:57.628 - INFO: 
2026-09-28 22:37:57.628 - INFO: Request received via GET, no content type specified
2026-09-28 22:37:57.628 - INFO: Processing command "clear-cache": clear the cache (unpinned elements only)
2026-09-28 22:37:57.658 - INFO: 
2026-09-28 22:37:57.658 - INFO: Request received via GET, no content type specified
2026-09-28 22:37:57.658 - INFO: Processing command "cache-stats": get cache statistics
2026-09-28 22:37:57.689 - INFO: 
2026-09-28 22:37:57.689 - INFO: Request received via POST, content type "application/x-www-form-urlencoded"
2026-09-28 22:37:57.689 - INFO: Processing the following SPARQL query:
# Tier H — size-sweep
# Goal: isolate export cost from query-planning cost. Raise the year bound
# across runs, for example 1970, 1990, 2010, and 2023.
PREFIX dblp: <https://dblp.org/rdf/schema#>

CONSTRUCT { ?s ?p ?o }
WHERE {
  ?s a dblp:Publication ;
     dblp:yearOfPublication ?year ;
     ?p ?o .
  FILTER(?year <= "1970"^^<http://www.w3.org/2001/XMLSchema#gYear>)
}

2026-09-28 22:37:57.689 - INFO: Requested media types of the result are: "text/turtle"
2026-09-28 22:37:57.690 - INFO: Query planning done in 1 ms
2026-09-28 22:37:57.722 - INFO: Result has unknown size (not computed yet)
2026-09-28 22:37:58.423 - INFO: Done processing query and sending result, total time was 734 ms
2026-09-28 22:37:58.478 - INFO: 
2026-09-28 22:37:58.478 - INFO: Request received via GET, no content type specified
2026-09-28 22:37:58.478 - INFO: Processing command "clear-cache": clear the cache (unpinned elements only)
2026-09-28 22:37:58.509 - INFO: 
2026-09-28 22:37:58.509 - INFO: Request received via POST, content type "application/x-www-form-urlencoded"
2026-09-28 22:37:58.510 - INFO: Processing the following SPARQL query:
# Tier H — size-sweep
# Goal: isolate export cost from query-planning cost. Raise the year bound
# across runs, for example 1970, 1990, 2010, and 2023.
PREFIX dblp: <https://dblp.org/rdf/schema#>

CONSTRUCT { ?s ?p ?o }
WHERE {
  ?s a dblp:Publication ;
     dblp:yearOfPublication ?year ;
     ?p ?o .
  FILTER(?year <= "1970"^^<http://www.w3.org/2001/XMLSchema#gYear>)
}

2026-09-28 22:37:58.510 - INFO: Requested media types of the result are: "text/turtle"
2026-09-28 22:37:58.511 - INFO: Query planning done in 1 ms
2026-09-28 22:37:58.544 - INFO: Result has unknown size (not computed yet)
2026-09-28 22:37:59.235 - INFO: Done processing query and sending result, total time was 725 ms
2026-09-28 22:37:59.298 - INFO: 
2026-09-28 22:37:59.298 - INFO: Request received via GET, no content type specified
2026-09-28 22:37:59.298 - INFO: Processing command "clear-cache": clear the cache (unpinned elements only)
2026-09-28 22:37:59.329 - INFO: 
2026-09-28 22:37:59.329 - INFO: Request received via POST, content type "application/x-www-form-urlencoded"
2026-09-28 22:37:59.329 - INFO: Processing the following SPARQL query:
# Tier H — size-sweep
# Goal: isolate export cost from query-planning cost. Raise the year bound
# across runs, for example 1970, 1990, 2010, and 2023.
PREFIX dblp: <https://dblp.org/rdf/schema#>

CONSTRUCT { ?s ?p ?o }
WHERE {
  ?s a dblp:Publication ;
     dblp:yearOfPublication ?year ;
     ?p ?o .
  FILTER(?year <= "1970"^^<http://www.w3.org/2001/XMLSchema#gYear>)
}

2026-09-28 22:37:59.329 - INFO: Requested media types of the result are: "text/turtle"
2026-09-28 22:37:59.330 - INFO: Query planning done in 1 ms
2026-09-28 22:37:59.359 - INFO: Result has unknown size (not computed yet)
2026-09-28 22:38:00.047 - INFO: Done processing query and sending result, total time was 717 ms
2026-09-28 22:38:00.108 - INFO: 
2026-09-28 22:38:00.108 - INFO: Request received via GET, no content type specified
2026-09-28 22:38:00.108 - INFO: Processing command "clear-cache": clear the cache (unpinned elements only)
2026-09-28 22:38:00.143 - INFO: 
2026-09-28 22:38:00.143 - INFO: Request received via POST, content type "application/x-www-form-urlencoded"
2026-09-28 22:38:00.143 - INFO: Processing the following SPARQL query:
# Tier H — size-sweep
# Goal: isolate export cost from query-planning cost. Raise the year bound
# across runs, for example 1970, 1990, 2010, and 2023.
PREFIX dblp: <https://dblp.org/rdf/schema#>

CONSTRUCT { ?s ?p ?o }
WHERE {
  ?s a dblp:Publication ;
     dblp:yearOfPublication ?year ;
     ?p ?o .
  FILTER(?year <= "1970"^^<http://www.w3.org/2001/XMLSchema#gYear>)
}

2026-09-28 22:38:00.143 - INFO: Requested media types of the result are: "text/turtle"
2026-09-28 22:38:00.145 - INFO: Query planning done in 2 ms
2026-09-28 22:38:00.178 - INFO: Result has unknown size (not computed yet)
2026-09-28 22:38:00.865 - INFO: Done processing query and sending result, total time was 722 ms
2026-09-28 22:38:00.919 - INFO: 
2026-09-28 22:38:00.919 - INFO: Request received via GET, no content type specified
2026-09-28 22:38:00.919 - INFO: Processing command "clear-cache": clear the cache (unpinned elements only)
2026-09-28 22:38:00.951 - INFO: 
2026-09-28 22:38:00.951 - INFO: Request received via POST, content type "application/x-www-form-urlencoded"
2026-09-28 22:38:00.951 - INFO: Processing the following SPARQL query:
# Tier H — size-sweep
# Goal: isolate export cost from query-planning cost. Raise the year bound
# across runs, for example 1970, 1990, 2010, and 2023.
PREFIX dblp: <https://dblp.org/rdf/schema#>

CONSTRUCT { ?s ?p ?o }
WHERE {
  ?s a dblp:Publication ;
     dblp:yearOfPublication ?year ;
     ?p ?o .
  FILTER(?year <= "1970"^^<http://www.w3.org/2001/XMLSchema#gYear>)
}

2026-09-28 22:38:00.951 - INFO: Requested media types of the result are: "text/turtle"
2026-09-28 22:38:00.953 - INFO: Query planning done in 2 ms
2026-09-28 22:38:00.987 - INFO: Result has unknown size (not computed yet)
2026-09-28 22:38:01.695 - INFO: Done processing query and sending result, total time was 744 ms
2026-09-28 22:38:01.757 - INFO: 
2026-09-28 22:38:01.757 - INFO: Request received via GET, no content type specified
2026-09-28 22:38:01.757 - INFO: Processing command "clear-cache": clear the cache (unpinned elements only)
2026-09-28 22:38:01.788 - INFO: 
2026-09-28 22:38:01.788 - INFO: Request received via POST, content type "application/x-www-form-urlencoded"
2026-09-28 22:38:01.788 - INFO: Processing the following SPARQL query:
# Tier H — size-sweep
# Goal: isolate export cost from query-planning cost. Raise the year bound
# across runs, for example 1970, 1990, 2010, and 2023.
PREFIX dblp: <https://dblp.org/rdf/schema#>

CONSTRUCT { ?s ?p ?o }
WHERE {
  ?s a dblp:Publication ;
     dblp:yearOfPublication ?year ;
     ?p ?o .
  FILTER(?year <= "1970"^^<http://www.w3.org/2001/XMLSchema#gYear>)
}

2026-09-28 22:38:01.788 - INFO: Requested media types of the result are: "text/turtle"
2026-09-28 22:38:01.790 - INFO: Query planning done in 2 ms
2026-09-28 22:38:01.822 - INFO: Result has unknown size (not computed yet)
2026-09-28 22:38:02.510 - INFO: Done processing query and sending result, total time was 722 ms
2026-09-28 22:38:02.576 - INFO: 
2026-09-28 22:38:02.576 - INFO: Request received via GET, no content type specified
2026-09-28 22:38:02.576 - INFO: Processing command "clear-cache": clear the cache (unpinned elements only)
2026-09-28 22:38:02.609 - INFO: 
2026-09-28 22:38:02.609 - INFO: Request received via POST, content type "application/x-www-form-urlencoded"
2026-09-28 22:38:02.609 - INFO: Processing the following SPARQL query:
# Tier H — size-sweep
# Goal: isolate export cost from query-planning cost. Raise the year bound
# across runs, for example 1970, 1990, 2010, and 2023.
PREFIX dblp: <https://dblp.org/rdf/schema#>

CONSTRUCT { ?s ?p ?o }
WHERE {
  ?s a dblp:Publication ;
     dblp:yearOfPublication ?year ;
     ?p ?o .
  FILTER(?year <= "1970"^^<http://www.w3.org/2001/XMLSchema#gYear>)
}

2026-09-28 22:38:02.609 - INFO: Requested media types of the result are: "text/turtle"
2026-09-28 22:38:02.611 - INFO: Query planning done in 2 ms
2026-09-28 22:38:02.644 - INFO: Result has unknown size (not computed yet)
2026-09-28 22:38:03.334 - INFO: Done processing query and sending result, total time was 725 ms
2026-09-28 22:38:03.397 - INFO: 
2026-09-28 22:38:03.397 - INFO: Request received via GET, no content type specified
2026-09-28 22:38:03.397 - INFO: Processing command "clear-cache": clear the cache (unpinned elements only)
2026-09-28 22:38:03.430 - INFO: 
2026-09-28 22:38:03.430 - INFO: Request received via POST, content type "application/x-www-form-urlencoded"
2026-09-28 22:38:03.430 - INFO: Processing the following SPARQL query:
# Tier H — size-sweep
# Goal: isolate export cost from query-planning cost. Raise the year bound
# across runs, for example 1970, 1990, 2010, and 2023.
PREFIX dblp: <https://dblp.org/rdf/schema#>

CONSTRUCT { ?s ?p ?o }
WHERE {
  ?s a dblp:Publication ;
     dblp:yearOfPublication ?year ;
     ?p ?o .
  FILTER(?year <= "1970"^^<http://www.w3.org/2001/XMLSchema#gYear>)
}

2026-09-28 22:38:03.430 - INFO: Requested media types of the result are: "text/turtle"
2026-09-28 22:38:03.432 - INFO: Query planning done in 2 ms
2026-09-28 22:38:03.466 - INFO: Result has unknown size (not computed yet)
2026-09-28 22:38:04.149 - INFO: Done processing query and sending result, total time was 719 ms
2026-09-28 22:38:04.211 - INFO: 
2026-09-28 22:38:04.211 - INFO: Request received via GET, no content type specified
2026-09-28 22:38:04.211 - INFO: Processing command "clear-cache": clear the cache (unpinned elements only)
2026-09-28 22:38:04.242 - INFO: 
2026-09-28 22:38:04.242 - INFO: Request received via POST, content type "application/x-www-form-urlencoded"
2026-09-28 22:38:04.242 - INFO: Processing the following SPARQL query:
# Tier H — size-sweep
# Goal: isolate export cost from query-planning cost. Raise the year bound
# across runs, for example 1970, 1990, 2010, and 2023.
PREFIX dblp: <https://dblp.org/rdf/schema#>

CONSTRUCT { ?s ?p ?o }
WHERE {
  ?s a dblp:Publication ;
     dblp:yearOfPublication ?year ;
     ?p ?o .
  FILTER(?year <= "1970"^^<http://www.w3.org/2001/XMLSchema#gYear>)
}

2026-09-28 22:38:04.242 - INFO: Requested media types of the result are: "text/turtle"
2026-09-28 22:38:04.244 - INFO: Query planning done in 1 ms
2026-09-28 22:38:04.276 - INFO: Result has unknown size (not computed yet)
2026-09-28 22:38:04.974 - INFO: Done processing query and sending result, total time was 732 ms
2026-09-28 22:38:05.038 - INFO: 
2026-09-28 22:38:05.038 - INFO: Request received via GET, no content type specified
2026-09-28 22:38:05.038 - INFO: Processing command "clear-cache": clear the cache (unpinned elements only)
2026-09-28 22:38:05.070 - INFO: 
2026-09-28 22:38:05.070 - INFO: Request received via POST, content type "application/x-www-form-urlencoded"
2026-09-28 22:38:05.070 - INFO: Processing the following SPARQL query:
# Tier H — size-sweep
# Goal: isolate export cost from query-planning cost. Raise the year bound
# across runs, for example 1970, 1990, 2010, and 2023.
PREFIX dblp: <https://dblp.org/rdf/schema#>

CONSTRUCT { ?s ?p ?o }
WHERE {
  ?s a dblp:Publication ;
     dblp:yearOfPublication ?year ;
     ?p ?o .
  FILTER(?year <= "1970"^^<http://www.w3.org/2001/XMLSchema#gYear>)
}

2026-09-28 22:38:05.070 - INFO: Requested media types of the result are: "text/turtle"
2026-09-28 22:38:05.071 - INFO: Query planning done in 1 ms
2026-09-28 22:38:05.104 - INFO: Result has unknown size (not computed yet)
2026-09-28 22:38:05.789 - INFO: Done processing query and sending result, total time was 718 ms
2026-09-28 22:38:05.852 - INFO: 
2026-09-28 22:38:05.852 - INFO: Request received via GET, no content type specified
2026-09-28 22:38:05.852 - INFO: Processing command "clear-cache": clear the cache (unpinned elements only)
2026-09-28 22:38:05.883 - INFO: 
2026-09-28 22:38:05.883 - INFO: Request received via POST, content type "application/x-www-form-urlencoded"
2026-09-28 22:38:05.883 - INFO: Processing the following SPARQL query:
# Tier H — size-sweep
# Goal: isolate export cost from query-planning cost. Raise the year bound
# across runs, for example 1970, 1990, 2010, and 2023.
PREFIX dblp: <https://dblp.org/rdf/schema#>

CONSTRUCT { ?s ?p ?o }
WHERE {
  ?s a dblp:Publication ;
     dblp:yearOfPublication ?year ;
     ?p ?o .
  FILTER(?year <= "1970"^^<http://www.w3.org/2001/XMLSchema#gYear>)
}

2026-09-28 22:38:05.883 - INFO: Requested media types of the result are: "text/turtle"
2026-09-28 22:38:05.885 - INFO: Query planning done in 2 ms
2026-09-28 22:38:05.918 - INFO: Result has unknown size (not computed yet)
2026-09-28 22:38:06.575 - INFO: Done processing query and sending result, total time was 692 ms
2026-09-28 22:38:06.622 - INFO: 
2026-09-28 22:38:06.622 - INFO: Request received via GET, no content type specified
2026-09-28 22:38:06.623 - INFO: Processing command "clear-cache": clear the cache (unpinned elements only)
2026-09-28 22:38:06.653 - INFO: 
2026-09-28 22:38:06.653 - INFO: Request received via POST, content type "application/x-www-form-urlencoded"
2026-09-28 22:38:06.654 - INFO: Processing the following SPARQL query:
# Tier H — size-sweep
# Goal: isolate export cost from query-planning cost. Raise the year bound
# across runs, for example 1970, 1990, 2010, and 2023.
PREFIX dblp: <https://dblp.org/rdf/schema#>

CONSTRUCT { ?s ?p ?o }
WHERE {
  ?s a dblp:Publication ;
     dblp:yearOfPublication ?year ;
     ?p ?o .
  FILTER(?year <= "1970"^^<http://www.w3.org/2001/XMLSchema#gYear>)
}

2026-09-28 22:38:06.654 - INFO: Requested media types of the result are: "text/turtle"
2026-09-28 22:38:06.655 - INFO: Query planning done in 1 ms
2026-09-28 22:38:06.684 - INFO: Result has unknown size (not computed yet)
2026-09-28 22:38:07.368 - INFO: Done processing query and sending result, total time was 714 ms
2026-09-28 22:38:07.430 - INFO: 
2026-09-28 22:38:07.430 - INFO: Request received via GET, no content type specified
2026-09-28 22:38:07.431 - INFO: Processing command "clear-cache": clear the cache (unpinned elements only)
2026-09-28 22:38:07.461 - INFO: 
2026-09-28 22:38:07.461 - INFO: Request received via POST, content type "application/x-www-form-urlencoded"
2026-09-28 22:38:07.462 - INFO: Processing the following SPARQL query:
# Tier H — size-sweep
# Goal: isolate export cost from query-planning cost. Raise the year bound
# across runs, for example 1970, 1990, 2010, and 2023.
PREFIX dblp: <https://dblp.org/rdf/schema#>

CONSTRUCT { ?s ?p ?o }
WHERE {
  ?s a dblp:Publication ;
     dblp:yearOfPublication ?year ;
     ?p ?o .
  FILTER(?year <= "1970"^^<http://www.w3.org/2001/XMLSchema#gYear>)
}

2026-09-28 22:38:07.462 - INFO: Requested media types of the result are: "text/turtle"
2026-09-28 22:38:07.463 - INFO: Query planning done in 1 ms
2026-09-28 22:38:07.497 - INFO: Result has unknown size (not computed yet)
2026-09-28 22:38:08.172 - INFO: Done processing query and sending result, total time was 710 ms
2026-09-28 22:38:08.234 - INFO: 
2026-09-28 22:38:08.235 - INFO: Request received via GET, no content type specified
2026-09-28 22:38:08.235 - INFO: Processing command "clear-cache": clear the cache (unpinned elements only)
2026-09-28 22:38:08.266 - INFO: 
2026-09-28 22:38:08.266 - INFO: Request received via POST, content type "application/x-www-form-urlencoded"
2026-09-28 22:38:08.267 - INFO: Processing the following SPARQL query:
# Tier H — size-sweep
# Goal: isolate export cost from query-planning cost. Raise the year bound
# across runs, for example 1970, 1990, 2010, and 2023.
PREFIX dblp: <https://dblp.org/rdf/schema#>

CONSTRUCT { ?s ?p ?o }
WHERE {
  ?s a dblp:Publication ;
     dblp:yearOfPublication ?year ;
     ?p ?o .
  FILTER(?year <= "1970"^^<http://www.w3.org/2001/XMLSchema#gYear>)
}

2026-09-28 22:38:08.267 - INFO: Requested media types of the result are: "text/turtle"
2026-09-28 22:38:08.268 - INFO: Query planning done in 1 ms
2026-09-28 22:38:08.297 - INFO: Result has unknown size (not computed yet)
2026-09-28 22:38:08.985 - INFO: Done processing query and sending result, total time was 718 ms
2026-09-28 22:38:09.047 - INFO: 
2026-09-28 22:38:09.047 - INFO: Request received via GET, no content type specified
2026-09-28 22:38:09.047 - INFO: Processing command "cache-stats": get cache statistics
