2026-10-08 00:43:31.380 - INFO: [1mQLever server CIKM-2911-gd20a4c74a, compiled on Wed Oct  7 09:38:21 UTC 2026 using git hash d20a4c7[22m
2026-10-08 00:43:31.380 - INFO: Cleanup of previous index directories after each rebuild enabled (--rebuild-keep-previous-index-dirs original-and-most-recent)
2026-10-08 00:43:31.382 - INFO: The git hash used to build this index was "65f84b4"
2026-10-08 00:43:31.382 - INFO: Reading vocabulary from file /local/data-ssd/stoetzem/wikidata/wikidata.vocabulary.words ...
2026-10-08 00:43:46.025 - INFO: Done, number of words: 1,580,300,680
2026-10-08 00:43:46.025 - INFO: Number of words in internal vocabulary (these are also part of the external vocabulary): 777,658,536
2026-10-08 00:43:46.114 - INFO: Registered PSO permutation: #relations = 10,100, #blocks = 225,155, #triples = 6,983,973,847
2026-10-08 00:43:46.224 - INFO: Registered PSO permutation: #relations = 13,566, #blocks = 264,339, #triples = 8,220,417,022
2026-10-08 00:43:46.301 - INFO: Registered POS permutation: #relations = 10,100, #blocks = 225,155, #triples = 6,983,973,847
2026-10-08 00:43:46.408 - INFO: Registered POS permutation: #relations = 13,566, #blocks = 264,339, #triples = 8,220,417,022
2026-10-08 00:43:46.499 - INFO: Registered OPS permutation: #relations = 1,683,253,489, #blocks = 222,728, #triples = 8,220,417,022
2026-10-08 00:43:46.587 - INFO: Registered OSP permutation: #relations = 1,683,253,489, #blocks = 222,728, #triples = 8,220,417,022
2026-10-08 00:43:46.647 - INFO: Registered SPO permutation: #relations = 252,534,289, #blocks = 175,741, #triples = 8,220,417,022
2026-10-08 00:43:46.706 - INFO: Registered SOP permutation: #relations = 252,534,289, #blocks = 175,741, #triples = 8,220,417,022
2026-10-08 00:43:46.706 - INFO: Reading patterns from file /local/data-ssd/stoetzem/wikidata/wikidata.index.patterns ...
2026-10-08 00:43:48.250 - WARN: The geo points of this index use the encoding "lat-major", which is deprecated and will not be supported for much longer; with this encoding, a spatial prefilter on points can only restrict the latitude; please build the index with the default encoding "z-order" (just omit the option `--geo-point-encoding` of `qlever-index`)
2026-10-08 00:43:48.250 - INFO: Sorting random result tables to estimate the sorting performance of this machine ...
2026-10-08 00:43:57.457 - INFO: Initializing server ...
2026-10-08 00:43:57.457 - INFO: No access token required for restricted API calls
2026-10-08 00:43:57.457 - INFO: The server is ready, listening for requests on port 7015 ...
2026-10-08 00:43:57.707 - INFO: 
2026-10-08 00:43:57.707 - INFO: Request received via POST, content type "application/x-www-form-urlencoded"
2026-10-08 00:43:57.711 - INFO: Processing the following SPARQL query:
# Tier H-vocab — English labels, large
# Physical: P+O bound scan of wdt:P31 wd:Q5 (class postings), then
# S+P bound SPO scan of rdfs:label. LANG(?label) maps label IDs to
# strings. CONSTRUCT writes entity IRI + label.
# Targets: large sequential class scan, label vocabulary, 1.3 GiB Turtle
# serialize. Same query as wikidata-construct-humans-label-en.
PREFIX wd: <http://www.wikidata.org/entity/>
PREFIX wdt: <http://www.wikidata.org/prop/direct/>
PREFIX rdfs: <http://www.w3.org/2000/01/rdf-schema#>

CONSTRUCT { ?entity rdfs:label ?label }
WHERE {
  ?entity wdt:P31 wd:Q5 .
  ?entity rdfs:label ?label .
  FILTER(LANG(?label) = "en")
}

2026-10-08 00:43:57.711 - INFO: Requested media types of the result are: "text/turtle"
2026-10-08 00:43:57.714 - INFO: Query planning done in 6 ms
2026-10-08 00:43:57.714 - INFO: Result has unknown size (not computed yet)
2026-10-08 00:44:24.503 - INFO: Done processing query and sending result, total time was 26,795 ms
2026-10-08 00:44:24.521 - INFO: 
2026-10-08 00:44:24.521 - INFO: Request received via GET, no content type specified
2026-10-08 00:44:24.521 - INFO: Processing command "cache-stats": get cache statistics
2026-10-08 00:44:24.539 - INFO: 
2026-10-08 00:44:24.539 - INFO: Request received via GET, no content type specified
2026-10-08 00:44:24.539 - INFO: Processing command "clear-cache": clear the cache (unpinned elements only)
2026-10-08 00:44:24.557 - INFO: 
2026-10-08 00:44:24.557 - INFO: Request received via GET, no content type specified
2026-10-08 00:44:24.557 - INFO: Processing command "cache-stats": get cache statistics
2026-10-08 00:44:26.080 - INFO: 
2026-10-08 00:44:26.081 - INFO: Request received via POST, content type "application/x-www-form-urlencoded"
2026-10-08 00:44:26.081 - INFO: Processing the following SPARQL query:
# Tier H-vocab — English labels, large
# Physical: P+O bound scan of wdt:P31 wd:Q5 (class postings), then
# S+P bound SPO scan of rdfs:label. LANG(?label) maps label IDs to
# strings. CONSTRUCT writes entity IRI + label.
# Targets: large sequential class scan, label vocabulary, 1.3 GiB Turtle
# serialize. Same query as wikidata-construct-humans-label-en.
PREFIX wd: <http://www.wikidata.org/entity/>
PREFIX wdt: <http://www.wikidata.org/prop/direct/>
PREFIX rdfs: <http://www.w3.org/2000/01/rdf-schema#>

CONSTRUCT { ?entity rdfs:label ?label }
WHERE {
  ?entity wdt:P31 wd:Q5 .
  ?entity rdfs:label ?label .
  FILTER(LANG(?label) = "en")
}

2026-10-08 00:44:26.081 - INFO: Requested media types of the result are: "text/turtle"
2026-10-08 00:44:26.081 - INFO: Query planning done in 0 ms
2026-10-08 00:44:26.081 - INFO: Result has unknown size (not computed yet)
2026-10-08 00:44:52.071 - INFO: Done processing query and sending result, total time was 25,990 ms
2026-10-08 00:44:53.165 - INFO: 
2026-10-08 00:44:53.165 - INFO: Request received via GET, no content type specified
2026-10-08 00:44:53.165 - INFO: Processing command "cache-stats": get cache statistics
