2026-10-06 05:46:37.793 - INFO: [1mQLever server CIKM-2893-gf08433901, compiled on Mon Oct  5 16:55:19 UTC 2026 using git hash f084339[22m
2026-10-06 05:46:37.793 - INFO: Cleanup of previous index directories after each rebuild enabled (--rebuild-keep-previous-index-dirs original-and-most-recent)
2026-10-06 05:46:37.795 - INFO: The git hash used to build this index was "65f84b4"
2026-10-06 05:46:37.795 - INFO: Reading vocabulary from file /local/data-ssd/stoetzem/wikidata/wikidata.vocabulary.words ...
2026-10-06 05:46:52.074 - INFO: Done, number of words: 1,580,300,680
2026-10-06 05:46:52.074 - INFO: Number of words in internal vocabulary (these are also part of the external vocabulary): 777,658,536
2026-10-06 05:46:52.154 - INFO: Registered PSO permutation: #relations = 10,100, #blocks = 225,155, #triples = 6,983,973,847
2026-10-06 05:46:52.253 - INFO: Registered PSO permutation: #relations = 13,566, #blocks = 264,339, #triples = 8,220,417,022
2026-10-06 05:46:52.327 - INFO: Registered POS permutation: #relations = 10,100, #blocks = 225,155, #triples = 6,983,973,847
2026-10-06 05:46:52.428 - INFO: Registered POS permutation: #relations = 13,566, #blocks = 264,339, #triples = 8,220,417,022
2026-10-06 05:46:52.512 - INFO: Registered OPS permutation: #relations = 1,683,253,489, #blocks = 222,728, #triples = 8,220,417,022
2026-10-06 05:46:52.598 - INFO: Registered OSP permutation: #relations = 1,683,253,489, #blocks = 222,728, #triples = 8,220,417,022
2026-10-06 05:46:52.657 - INFO: Registered SPO permutation: #relations = 252,534,289, #blocks = 175,741, #triples = 8,220,417,022
2026-10-06 05:46:52.715 - INFO: Registered SOP permutation: #relations = 252,534,289, #blocks = 175,741, #triples = 8,220,417,022
2026-10-06 05:46:52.715 - INFO: Reading patterns from file /local/data-ssd/stoetzem/wikidata/wikidata.index.patterns ...
2026-10-06 05:46:54.212 - INFO: Sorting random result tables to estimate the sorting performance of this machine ...
2026-10-06 05:47:02.449 - INFO: Initializing server ...
2026-10-06 05:47:02.449 - INFO: No access token required for restricted API calls
2026-10-06 05:47:02.449 - INFO: The server is ready, listening for requests on port 7015 ...
2026-10-06 05:47:02.599 - INFO: 
2026-10-06 05:47:02.599 - INFO: Request received via POST, content type "application/x-www-form-urlencoded"
2026-10-06 05:47:02.602 - INFO: Processing the following SPARQL query:
# Tier H-vocab — German labels, large
# Physical: P+O bound scan of wdt:P31 wd:Q5 (class postings), then
# S+P bound SPO scan of rdfs:label. LANG(?label) maps label IDs to
# strings. CONSTRUCT writes entity IRI + label.
# Targets: large sequential class scan with EXTERNAL vocabulary words.
# German is not in languages-internal (only "en"), so QLever's
# shouldLiteralBeExternalized places every de literal in the external
# tier (src/index/vocabulary/Vocabulary.cpp). Same shape as
# H-vocab-label-large.rq, but every lookup is a guaranteed external
# miss on cold caches.
PREFIX wd: <http://www.wikidata.org/entity/>
PREFIX wdt: <http://www.wikidata.org/prop/direct/>
PREFIX rdfs: <http://www.w3.org/2000/01/rdf-schema#>

CONSTRUCT { ?entity rdfs:label ?label }
WHERE {
  ?entity wdt:P31 wd:Q5 .
  ?entity rdfs:label ?label .
  FILTER(LANG(?label) = "de")
}

2026-10-06 05:47:02.602 - INFO: Requested media types of the result are: "text/turtle"
2026-10-06 05:47:02.606 - INFO: Query planning done in 6 ms
2026-10-06 05:47:02.606 - INFO: Result has unknown size (not computed yet)
2026-10-06 05:48:16.583 - INFO: Done processing query and sending result, total time was 73,984 ms
2026-10-06 05:48:16.606 - INFO: 
2026-10-06 05:48:16.606 - INFO: Request received via GET, no content type specified
2026-10-06 05:48:16.606 - INFO: Processing command "cache-stats": get cache statistics
2026-10-06 05:48:16.624 - INFO: 
2026-10-06 05:48:16.625 - INFO: Request received via GET, no content type specified
2026-10-06 05:48:16.625 - INFO: Processing command "clear-cache": clear the cache (unpinned elements only)
2026-10-06 05:48:16.643 - INFO: 
2026-10-06 05:48:16.643 - INFO: Request received via GET, no content type specified
2026-10-06 05:48:16.643 - INFO: Processing command "cache-stats": get cache statistics
2026-10-06 05:48:16.662 - INFO: 
2026-10-06 05:48:16.662 - INFO: Request received via POST, content type "application/x-www-form-urlencoded"
2026-10-06 05:48:16.662 - INFO: Processing the following SPARQL query:
# Tier H-vocab — German labels, large
# Physical: P+O bound scan of wdt:P31 wd:Q5 (class postings), then
# S+P bound SPO scan of rdfs:label. LANG(?label) maps label IDs to
# strings. CONSTRUCT writes entity IRI + label.
# Targets: large sequential class scan with EXTERNAL vocabulary words.
# German is not in languages-internal (only "en"), so QLever's
# shouldLiteralBeExternalized places every de literal in the external
# tier (src/index/vocabulary/Vocabulary.cpp). Same shape as
# H-vocab-label-large.rq, but every lookup is a guaranteed external
# miss on cold caches.
PREFIX wd: <http://www.wikidata.org/entity/>
PREFIX wdt: <http://www.wikidata.org/prop/direct/>
PREFIX rdfs: <http://www.w3.org/2000/01/rdf-schema#>

CONSTRUCT { ?entity rdfs:label ?label }
WHERE {
  ?entity wdt:P31 wd:Q5 .
  ?entity rdfs:label ?label .
  FILTER(LANG(?label) = "de")
}

2026-10-06 05:48:16.662 - INFO: Requested media types of the result are: "text/turtle"
2026-10-06 05:48:16.662 - INFO: Query planning done in 0 ms
2026-10-06 05:48:16.663 - INFO: Result has unknown size (not computed yet)
2026-10-06 05:48:36.175 - INFO: Done processing query and sending result, total time was 19,512 ms
2026-10-06 05:48:36.195 - INFO: 
2026-10-06 05:48:36.195 - INFO: Request received via GET, no content type specified
2026-10-06 05:48:36.195 - INFO: Processing command "cache-stats": get cache statistics
