2026-09-28 23:55:04.774 - INFO: [1mQLever server CIKM-2679-g56f87bdf1, compiled on Mon Sep 28 21:26:56 UTC 2026 using git hash 56f87bd[22m
2026-09-28 23:55:04.774 - INFO: Cleanup of previous index directories after each rebuild enabled (--rebuild-keep-previous-index-dirs original-and-most-recent)
2026-09-28 23:55:04.775 - INFO: The git hash used to build this index was "65f84b4"
2026-09-28 23:55:04.775 - INFO: Reading vocabulary from file /local/data-ssd/stoetzem/qlever-indices/dblp/dblp.vocabulary.words ...
2026-09-28 23:55:04.785 - INFO: Done, number of words: 446,944,668
2026-09-28 23:55:04.785 - INFO: Number of words in internal vocabulary (these are also part of the external vocabulary): 446,955
2026-09-28 23:55:04.790 - INFO: Registered PSO permutation: #relations = 6, #blocks = 8,187, #triples = 255,805,025
2026-09-28 23:55:04.815 - INFO: Registered PSO permutation: #relations = 96, #blocks = 51,023, #triples = 1,593,245,022
2026-09-28 23:55:04.818 - INFO: Registered POS permutation: #relations = 6, #blocks = 8,187, #triples = 255,805,025
2026-09-28 23:55:04.844 - INFO: Registered POS permutation: #relations = 96, #blocks = 51,023, #triples = 1,593,245,022
2026-09-28 23:55:04.866 - INFO: Registered OPS permutation: #relations = 345,357,897, #blocks = 42,492, #triples = 1,593,245,022
2026-09-28 23:55:04.888 - INFO: Registered OSP permutation: #relations = 345,357,897, #blocks = 42,492, #triples = 1,593,245,022
2026-09-28 23:55:04.902 - INFO: Registered SPO permutation: #relations = 255,804,614, #blocks = 33,993, #triples = 1,593,245,022
2026-09-28 23:55:04.913 - INFO: Registered SOP permutation: #relations = 255,804,614, #blocks = 33,993, #triples = 1,593,245,022
2026-09-28 23:55:04.914 - INFO: Reading patterns from file /local/data-ssd/stoetzem/qlever-indices/dblp/dblp.index.patterns ...
2026-09-28 23:55:04.914 - INFO: Sorting random result tables to estimate the sorting performance of this machine ...
2026-09-28 23:55:16.713 - INFO: Initializing server ...
2026-09-28 23:55:16.713 - INFO: No access token required for restricted API calls
2026-09-28 23:55:16.714 - INFO: The server is ready, listening for requests on port 7015 ...
2026-09-28 23:55:16.868 - INFO: 
2026-09-28 23:55:16.868 - INFO: Request received via POST, content type "application/x-www-form-urlencoded"
2026-09-28 23:55:16.871 - INFO: Processing the following SPARQL query:
# Tier H-vocab — title literals, large
# Goal: external-vocabulary lookup pressure with larger bounded output.
PREFIX dblp: <https://dblp.org/rdf/schema#>

CONSTRUCT { ?paper dblp:title ?title }
WHERE {
  ?paper dblp:title ?title .
}
LIMIT 100000

2026-09-28 23:55:16.871 - INFO: Requested media types of the result are: "text/turtle"
2026-09-28 23:55:16.872 - INFO: Query planning done in 3 ms
2026-09-28 23:55:16.872 - INFO: Result has unknown size (not computed yet)
2026-09-28 23:55:17.601 - INFO: Done processing query and sending result, total time was 733 ms
2026-09-28 23:55:17.648 - INFO: 
2026-09-28 23:55:17.648 - INFO: Request received via POST, content type "application/x-www-form-urlencoded"
2026-09-28 23:55:17.648 - INFO: Processing the following SPARQL query:
# Tier H-vocab — title literals, large
# Goal: external-vocabulary lookup pressure with larger bounded output.
PREFIX dblp: <https://dblp.org/rdf/schema#>

CONSTRUCT { ?paper dblp:title ?title }
WHERE {
  ?paper dblp:title ?title .
}
LIMIT 100000

2026-09-28 23:55:17.648 - INFO: Requested media types of the result are: "text/turtle"
2026-09-28 23:55:17.649 - INFO: Query planning done in 0 ms
2026-09-28 23:55:17.649 - INFO: Result has unknown size (not computed yet)
2026-09-28 23:55:18.363 - INFO: Done processing query and sending result, total time was 715 ms
