=== [wq] bench /home/stoetzem/incoming/wikidata-routing-ab-newindex.sh /local/data-ssd/stoetzem/binaries/qlever-server-bench_ch7-integration /local/data-ssd/stoetzem/binaries/qlever-server-bench_ch7-format wikidata-format-ab-era2 bench/ch7-format bench-ch7-integration-84b943e4e5-io_uring uring-vs-uring ##QBRANCH=bench/ch7-format on Ural ===
Qlever branch verified: bench/ch7-format @ b0a5ac7086
HEAD is now at b0a5ac708 Revert "fix(export): iterate VocabBatchLookupResult without dereference"
QLEVER OK: /local/data-ssd/stoetzem/wt/bench/ch7-format @ b0a5ac7086 (= origin/bench/ch7-format)
BENCH REF: bench/ch7-format @ b0a5ac7086baa67565d8318a9bfa3c9526856c93
[2026-09-22T14:04:50Z] binary gates ok (both arms link liburing)
[2026-09-22T14:04:50Z] preflight ok
base_commit=7bd97790e9ee6d5b2f6305fd8fd1c8000b63710b
baseline_binary=/local/data-ssd/stoetzem/binaries/qlever-server-bench_ch7-integration
baseline_version=/local/data-ssd/stoetzem/binaries/qlever-server-bench_ch7-integration v0.6.0-135-g84b943e4e
variant_branch=bench/ch7-format
variant_binary=/local/data-ssd/stoetzem/binaries/qlever-server-bench_ch7-format
variant_version=/local/data-ssd/stoetzem/binaries/qlever-server-bench_ch7-format v0.6.0-137-gb0a5ac708
index=/local/data-ssd/stoetzem/wikidata/index-for-upgrade-new-format/wikidata
uname=7.0.0-28-generic
date=2026-09-22T14:04:50Z
[2026-09-22T14:04:52Z] === arm baseline (/local/data-ssd/stoetzem/binaries/qlever-server-bench_ch7-integration)
[2026-09-22T14:05:15Z] server ready pid 1700515 (baseline)
[2026-09-22T14:05:15Z] warmup baseline large-de (discarded)
200	16.423693	504927346	sha256=dcd2b1bc77fce98409640e9a234aa92688de7ba54eeff9c0556752e814f8c5e1	rbytes=0
/local/data-ssd/stoetzem/thesis/experiments/runs/wikidata-format-ab-era2/baseline-large-de-warm code=200 wall=16.423693s sha=dcd2b1bc77fce98409640e9a234aa92688de7ba54eeff9c0556752e814f8c5e1 cpu_proc=16.76s cpu_iowait=238.48s cpu_total=256.00s wall=16.0s n=33
200	24.048335	504927346	sha256=dcd2b1bc77fce98409640e9a234aa92688de7ba54eeff9c0556752e814f8c5e1	rbytes=9435959296
/local/data-ssd/stoetzem/thesis/experiments/runs/wikidata-format-ab-era2/baseline-large-de-cold1 code=200 wall=24.048335s sha=dcd2b1bc77fce98409640e9a234aa92688de7ba54eeff9c0556752e814f8c5e1 cpu_proc=24.29s cpu_iowait=358.47s cpu_total=383.88s wall=24.0s n=49
200	23.504555	504927346	sha256=dcd2b1bc77fce98409640e9a234aa92688de7ba54eeff9c0556752e814f8c5e1	rbytes=9436454912
/local/data-ssd/stoetzem/thesis/experiments/runs/wikidata-format-ab-era2/baseline-large-de-cold2 code=200 wall=23.504555s sha=dcd2b1bc77fce98409640e9a234aa92688de7ba54eeff9c0556752e814f8c5e1 cpu_proc=23.23s cpu_iowait=343.57s cpu_total=367.89s wall=23.0s n=47
[2026-09-22T14:06:58Z] warmup baseline scatter200k-de (discarded)
200	5.175137	19297737	sha256=497dacfdffcc71ac2acc3f748140e9d6b27586f7d7b743ccdb98289101fb4ad9	rbytes=0
/local/data-ssd/stoetzem/thesis/experiments/runs/wikidata-format-ab-era2/baseline-scatter200k-de-warm code=200 wall=5.175137s sha=497dacfdffcc71ac2acc3f748140e9d6b27586f7d7b743ccdb98289101fb4ad9 cpu_proc=4.28s cpu_iowait=75.65s cpu_total=80.03s wall=5.0s n=11
200	10.889602	19297737	sha256=497dacfdffcc71ac2acc3f748140e9d6b27586f7d7b743ccdb98289101fb4ad9	rbytes=2992013312
/local/data-ssd/stoetzem/thesis/experiments/runs/wikidata-format-ab-era2/baseline-scatter200k-de-cold1 code=200 wall=10.889602s sha=497dacfdffcc71ac2acc3f748140e9d6b27586f7d7b743ccdb98289101fb4ad9 cpu_proc=6.76s cpu_iowait=158.09s cpu_total=167.73s wall=10.5s n=22
200	10.953263	19297737	sha256=497dacfdffcc71ac2acc3f748140e9d6b27586f7d7b743ccdb98289101fb4ad9	rbytes=2990469120
/local/data-ssd/stoetzem/thesis/experiments/runs/wikidata-format-ab-era2/baseline-scatter200k-de-cold2 code=200 wall=10.953263s sha=497dacfdffcc71ac2acc3f748140e9d6b27586f7d7b743ccdb98289101fb4ad9 cpu_proc=6.73s cpu_iowait=158.09s cpu_total=167.74s wall=10.5s n=22
[2026-09-22T14:07:51Z] server stopped (baseline)
[2026-09-22T14:08:01Z] === arm initial-ring (/local/data-ssd/stoetzem/binaries/qlever-server-bench_ch7-format)
[2026-09-22T14:08:24Z] server ready pid 1701668 (initial-ring)
[2026-09-22T14:08:24Z] warmup initial-ring large-de (discarded)
200	16.072881	504927346	sha256=dcd2b1bc77fce98409640e9a234aa92688de7ba54eeff9c0556752e814f8c5e1	rbytes=0
/local/data-ssd/stoetzem/thesis/experiments/runs/wikidata-format-ab-era2/initial-ring-large-de-warm code=200 wall=16.072881s sha=dcd2b1bc77fce98409640e9a234aa92688de7ba54eeff9c0556752e814f8c5e1 cpu_proc=16.79s cpu_iowait=238.44s cpu_total=256.03s wall=16.0s n=33
200	23.702159	504927346	sha256=dcd2b1bc77fce98409640e9a234aa92688de7ba54eeff9c0556752e814f8c5e1	rbytes=9435648000
/local/data-ssd/stoetzem/thesis/experiments/runs/wikidata-format-ab-era2/initial-ring-large-de-cold1 code=200 wall=23.702159s sha=dcd2b1bc77fce98409640e9a234aa92688de7ba54eeff9c0556752e814f8c5e1 cpu_proc=23.76s cpu_iowait=351.04s cpu_total=375.87s wall=23.5s n=48
200	23.872493	504927346	sha256=dcd2b1bc77fce98409640e9a234aa92688de7ba54eeff9c0556752e814f8c5e1	rbytes=9435459584
/local/data-ssd/stoetzem/thesis/experiments/runs/wikidata-format-ab-era2/initial-ring-large-de-cold2 code=200 wall=23.872493s sha=dcd2b1bc77fce98409640e9a234aa92688de7ba54eeff9c0556752e814f8c5e1 cpu_proc=23.78s cpu_iowait=350.96s cpu_total=375.82s wall=23.5s n=48
[2026-09-22T14:10:07Z] warmup initial-ring scatter200k-de (discarded)
200	4.982693	19297737	sha256=497dacfdffcc71ac2acc3f748140e9d6b27586f7d7b743ccdb98289101fb4ad9	rbytes=0
/local/data-ssd/stoetzem/thesis/experiments/runs/wikidata-format-ab-era2/initial-ring-scatter200k-de-warm code=200 wall=4.982693s sha=497dacfdffcc71ac2acc3f748140e9d6b27586f7d7b743ccdb98289101fb4ad9 cpu_proc=4.25s cpu_iowait=75.57s cpu_total=80.07s wall=5.0s n=11
200	10.946221	19297737	sha256=497dacfdffcc71ac2acc3f748140e9d6b27586f7d7b743ccdb98289101fb4ad9	rbytes=2992013312
/local/data-ssd/stoetzem/thesis/experiments/runs/wikidata-format-ab-era2/initial-ring-scatter200k-de-cold1 code=200 wall=10.946221s sha=497dacfdffcc71ac2acc3f748140e9d6b27586f7d7b743ccdb98289101fb4ad9 cpu_proc=6.77s cpu_iowait=157.96s cpu_total=167.81s wall=10.5s n=22
200	10.854153	19297737	sha256=497dacfdffcc71ac2acc3f748140e9d6b27586f7d7b743ccdb98289101fb4ad9	rbytes=2992013312
/local/data-ssd/stoetzem/thesis/experiments/runs/wikidata-format-ab-era2/initial-ring-scatter200k-de-cold2 code=200 wall=10.854153s sha=497dacfdffcc71ac2acc3f748140e9d6b27586f7d7b743ccdb98289101fb4ad9 cpu_proc=6.74s cpu_iowait=158.00s cpu_total=167.75s wall=10.5s n=22
[2026-09-22T14:11:00Z] server stopped (initial-ring)
# Initial-ring A/B on German-label exports (Wikidata truthy)

Baseline: bench-ch7-integration-84b943e4e5-io_uring. Variant: bench/ch7-format.
Method: per arm 1 warm + 2 cold reps per workload with sampler.

## large-de-warm baseline vs initial-ring
baseline:     200	16.423693	504927346	sha256=dcd2b1bc77fce98409640e9a234aa92688de7ba54eeff9c0556752e814f8c5e1	rbytes=0
initial-ring: 200	16.072881	504927346	sha256=dcd2b1bc77fce98409640e9a234aa92688de7ba54eeff9c0556752e814f8c5e1	rbytes=0

## large-de-cold1 baseline vs initial-ring
baseline:     200	24.048335	504927346	sha256=dcd2b1bc77fce98409640e9a234aa92688de7ba54eeff9c0556752e814f8c5e1	rbytes=9435959296
initial-ring: 200	23.702159	504927346	sha256=dcd2b1bc77fce98409640e9a234aa92688de7ba54eeff9c0556752e814f8c5e1	rbytes=9435648000

## large-de-cold2 baseline vs initial-ring
baseline:     200	23.504555	504927346	sha256=dcd2b1bc77fce98409640e9a234aa92688de7ba54eeff9c0556752e814f8c5e1	rbytes=9436454912
initial-ring: 200	23.872493	504927346	sha256=dcd2b1bc77fce98409640e9a234aa92688de7ba54eeff9c0556752e814f8c5e1	rbytes=9435459584

## scatter200k-de-warm baseline vs initial-ring
baseline:     200	5.175137	19297737	sha256=497dacfdffcc71ac2acc3f748140e9d6b27586f7d7b743ccdb98289101fb4ad9	rbytes=0
initial-ring: 200	4.982693	19297737	sha256=497dacfdffcc71ac2acc3f748140e9d6b27586f7d7b743ccdb98289101fb4ad9	rbytes=0

## scatter200k-de-cold1 baseline vs initial-ring
baseline:     200	10.889602	19297737	sha256=497dacfdffcc71ac2acc3f748140e9d6b27586f7d7b743ccdb98289101fb4ad9	rbytes=2992013312
initial-ring: 200	10.946221	19297737	sha256=497dacfdffcc71ac2acc3f748140e9d6b27586f7d7b743ccdb98289101fb4ad9	rbytes=2992013312

## scatter200k-de-cold2 baseline vs initial-ring
baseline:     200	10.953263	19297737	sha256=497dacfdffcc71ac2acc3f748140e9d6b27586f7d7b743ccdb98289101fb4ad9	rbytes=2990469120
initial-ring: 200	10.854153	19297737	sha256=497dacfdffcc71ac2acc3f748140e9d6b27586f7d7b743ccdb98289101fb4ad9	rbytes=2992013312

[2026-09-22T14:11:00Z] A/B complete
WQ_DONE seq=4397 type=bench exit=0
