2026-09-28 23:06:05.102 - INFO: [1mQLever server CIKM-2691-g476247bc2, compiled on Mon Sep 28 18:22:56 UTC 2026 using git hash 476247b[22m
2026-09-28 23:06:05.103 - INFO: Runtime parameter set from the command line: vocabulary-iouring-page-cache-fast-path=true
2026-09-28 23:06:05.103 - INFO: Runtime parameter set from the command line: vocabulary-bench-fadvise-random=true
2026-09-28 23:06:05.103 - INFO: Cleanup of previous index directories after each rebuild enabled (--rebuild-keep-previous-index-dirs original-and-most-recent)
2026-09-28 23:06:05.111 - INFO: The git hash used to build this index was "65f84b4"
2026-09-28 23:06:05.111 - INFO: Reading vocabulary from file /local/data-ssd/stoetzem/qlever-indices/dblp/dblp.vocabulary.words ...
2026-09-28 23:06:05.129 - INFO: Done, number of words: 446,944,668
2026-09-28 23:06:05.129 - INFO: Number of words in internal vocabulary (these are also part of the external vocabulary): 446,955
2026-09-28 23:06:05.137 - INFO: Registered PSO permutation: #relations = 6, #blocks = 8,187, #triples = 255,805,025
2026-09-28 23:06:05.159 - INFO: Registered PSO permutation: #relations = 96, #blocks = 51,023, #triples = 1,593,245,022
2026-09-28 23:06:05.162 - INFO: Registered POS permutation: #relations = 6, #blocks = 8,187, #triples = 255,805,025
2026-09-28 23:06:05.183 - INFO: Registered POS permutation: #relations = 96, #blocks = 51,023, #triples = 1,593,245,022
2026-09-28 23:06:05.201 - INFO: Registered OPS permutation: #relations = 345,357,897, #blocks = 42,492, #triples = 1,593,245,022
2026-09-28 23:06:05.219 - INFO: Registered OSP permutation: #relations = 345,357,897, #blocks = 42,492, #triples = 1,593,245,022
2026-09-28 23:06:05.231 - INFO: Registered SPO permutation: #relations = 255,804,614, #blocks = 33,993, #triples = 1,593,245,022
2026-09-28 23:06:05.241 - INFO: Registered SOP permutation: #relations = 255,804,614, #blocks = 33,993, #triples = 1,593,245,022
2026-09-28 23:06:05.241 - INFO: Reading patterns from file /local/data-ssd/stoetzem/qlever-indices/dblp/dblp.index.patterns ...
2026-09-28 23:06:05.241 - INFO: Sorting random result tables to estimate the sorting performance of this machine ...
2026-09-28 23:06:13.135 - INFO: Initializing server ...
2026-09-28 23:06:13.135 - INFO: No access token required for restricted API calls
2026-09-28 23:06:13.135 - INFO: The server is ready, listening for requests on port 7015 ...
2026-09-28 23:06:13.458 - INFO: 
2026-09-28 23:06:13.458 - INFO: Request received via POST, content type "application/x-www-form-urlencoded"
2026-09-28 23:06:13.463 - INFO: Processing the following SPARQL query:
# Tier H — size-sweep
# Goal: isolate export cost from query-planning cost. Raise the year bound
# across runs, for example 1970, 1990, 2010, and 2023.
PREFIX dblp: <https://dblp.org/rdf/schema#>

CONSTRUCT { ?s ?p ?o }
WHERE {
  ?s a dblp:Publication ;
     dblp:yearOfPublication ?year ;
     ?p ?o .
  FILTER(?year <= "1970"^^<http://www.w3.org/2001/XMLSchema#gYear>)
}

2026-09-28 23:06:13.463 - INFO: Requested media types of the result are: "text/turtle"
2026-09-28 23:06:13.480 - INFO: Query planning done in 22 ms
2026-09-28 23:06:13.523 - INFO: Result has unknown size (not computed yet)
FASTPATH_STATS calls=182 offsetPairs=26149 offsetPairHits=18147 offsetPairsRing=8002 offsetRuns=23341 offsetRunHits=15982 words=26149 wordHits=16983 wordsRing=9166 wordBytes=438777 wordHitBytes=186617 preadvCalls=45836 preadvFull=30195 preadvEagain=15604 preadvPartial=37 fadviseCalls=182
FASTPATH_STATS calls=338 offsetPairs=48316 offsetPairHits=34830 offsetPairsRing=13224 offsetRuns=42535 offsetRunHits=30634 words=48054 wordHits=32283 wordsRing=15771 wordBytes=802986 wordHitBytes=384161 preadvCalls=83544 preadvFull=57833 preadvEagain=25647 preadvPartial=64 fadviseCalls=338
FASTPATH_STATS calls=546 offsetPairs=77640 offsetPairHits=60197 offsetPairsRing=17443 offsetRuns=68805 offsetRunHits=53422 words=77640 wordHits=55615 wordsRing=22025 wordBytes=1292563 wordHitBytes=691604 preadvCalls=135013 preadvFull=100762 preadvEagain=34154 preadvPartial=97 fadviseCalls=546
FASTPATH_STATS calls=739 offsetPairs=105924 offsetPairHits=84428 offsetPairsRing=21496 offsetRuns=93792 offsetRunHits=75070 words=105924 wordHits=77360 wordsRing=28320 wordBytes=1781512 wordHitBytes=998203 preadvCalls=183782 preadvFull=141166 preadvEagain=42489 preadvPartial=127 fadviseCalls=739
FASTPATH_STATS calls=936 offsetPairs=134888 offsetPairHits=109874 offsetPairsRing=25014 offsetRuns=119524 offsetRunHits=98101 words=134636 wordHits=100717 wordsRing=33919 wordBytes=2267251 wordHitBytes=1342066 preadvCalls=234320 preadvFull=184726 preadvEagain=49438 preadvPartial=156 fadviseCalls=936
2026-09-28 23:06:14.637 - INFO: Done processing query and sending result, total time was 1,179 ms
