2026-10-08 02:40:35.374 - INFO: [1mQLever server CIKM-3095-g60efca19a, compiled on Wed Oct  7 21:02:12 UTC 2026 using git hash 60efca1[22m
2026-10-08 02:40:35.374 - INFO: Cleanup of previous index directories after each rebuild enabled (--rebuild-keep-previous-index-dirs original-and-most-recent)
2026-10-08 02:40:35.376 - INFO: The git hash used to build this index was "65f84b4"
2026-10-08 02:40:35.377 - INFO: Reading vocabulary from file /local/data-ssd/stoetzem/wikidata/wikidata.vocabulary.words ...
2026-10-08 02:40:51.704 - INFO: Done, number of words: 1,580,300,680
2026-10-08 02:40:51.704 - INFO: Number of words in internal vocabulary (these are also part of the external vocabulary): 777,658,536
2026-10-08 02:40:51.810 - INFO: Registered PSO permutation: #relations = 10,100, #blocks = 225,155, #triples = 6,983,973,847
2026-10-08 02:40:51.933 - INFO: Registered PSO permutation: #relations = 13,566, #blocks = 264,339, #triples = 8,220,417,022
2026-10-08 02:40:52.028 - INFO: Registered POS permutation: #relations = 10,100, #blocks = 225,155, #triples = 6,983,973,847
2026-10-08 02:40:52.148 - INFO: Registered POS permutation: #relations = 13,566, #blocks = 264,339, #triples = 8,220,417,022
2026-10-08 02:40:52.258 - INFO: Registered OPS permutation: #relations = 1,683,253,489, #blocks = 222,728, #triples = 8,220,417,022
2026-10-08 02:40:52.370 - INFO: Registered OSP permutation: #relations = 1,683,253,489, #blocks = 222,728, #triples = 8,220,417,022
2026-10-08 02:40:52.448 - INFO: Registered SPO permutation: #relations = 252,534,289, #blocks = 175,741, #triples = 8,220,417,022
2026-10-08 02:40:52.518 - INFO: Registered SOP permutation: #relations = 252,534,289, #blocks = 175,741, #triples = 8,220,417,022
2026-10-08 02:40:52.518 - INFO: Reading patterns from file /local/data-ssd/stoetzem/wikidata/wikidata.index.patterns ...
2026-10-08 02:40:54.305 - INFO: Sorting random result tables to estimate the sorting performance of this machine ...
2026-10-08 02:41:04.832 - INFO: Initializing server ...
2026-10-08 02:41:04.832 - INFO: ExportEngineV2 serialize posts onto queryThreadPool_ (8 threads); no extra V2 pool. Helpers stop admitting when another query is registered.
2026-10-08 02:41:04.832 - INFO: No access token required for restricted API calls
2026-10-08 02:41:04.833 - INFO: The server is ready, listening for requests on port 7015 ...
2026-10-08 02:41:04.975 - INFO: 
2026-10-08 02:41:04.975 - INFO: Request received via POST, content type "application/x-www-form-urlencoded"
2026-10-08 02:41:04.979 - INFO: Processing the following SPARQL query:
# Tier H-vocab — German labels, large
# Physical: P+O bound scan of wdt:P31 wd:Q5 (class postings), then
# S+P bound SPO scan of rdfs:label. LANG(?label) maps label IDs to
# strings. CONSTRUCT writes entity IRI + label.
# Targets: large sequential class scan with EXTERNAL vocabulary words.
# German is not in languages-internal (only "en"), so QLever's
# shouldLiteralBeExternalized places every de literal in the external
# tier (src/index/vocabulary/Vocabulary.cpp). Same shape as
# H-vocab-label-large.rq, but every lookup is a guaranteed external
# miss on cold caches.
PREFIX wd: <http://www.wikidata.org/entity/>
PREFIX wdt: <http://www.wikidata.org/prop/direct/>
PREFIX rdfs: <http://www.w3.org/2000/01/rdf-schema#>

CONSTRUCT { ?entity rdfs:label ?label }
WHERE {
  ?entity wdt:P31 wd:Q5 .
  ?entity rdfs:label ?label .
  FILTER(LANG(?label) = "de")
}

2026-10-08 02:41:04.980 - INFO: Requested media types of the result are: "text/turtle"
2026-10-08 02:41:04.983 - INFO: Query planning done in 8 ms
2026-10-08 02:41:04.984 - INFO: ExportEngine: FastStreamingV2 [Reason: Fast-Path V2 selected (eligible export query with explicit or default opt-in)]
2026-10-08 02:41:04.984 - INFO: Using ExportEngineV2 for text/turtle export
2026-10-08 02:41:04.985 - INFO: Result has unknown size (not computed yet)
2026-10-08 02:41:04.985 - INFO: ExportEngineV2 streaming lazy result blocks to morsels on queryThreadPool_ (no extra V2 threads)
2026-10-08 02:41:14.787 - INFO: Done processing query and sending result, total time was 9,811 ms
2026-10-08 02:41:14.816 - INFO: 
2026-10-08 02:41:14.816 - INFO: Request received via GET, no content type specified
2026-10-08 02:41:14.816 - INFO: Processing command "cache-stats": get cache statistics
2026-10-08 02:41:14.847 - INFO: 
2026-10-08 02:41:14.847 - INFO: Request received via GET, no content type specified
2026-10-08 02:41:14.847 - INFO: Processing command "clear-cache": clear the cache (unpinned elements only)
2026-10-08 02:41:14.875 - INFO: 
2026-10-08 02:41:14.875 - INFO: Request received via GET, no content type specified
2026-10-08 02:41:14.875 - INFO: Processing command "cache-stats": get cache statistics
2026-10-08 02:41:14.907 - INFO: 
2026-10-08 02:41:14.907 - INFO: Request received via POST, content type "application/x-www-form-urlencoded"
2026-10-08 02:41:14.907 - INFO: Processing the following SPARQL query:
# Tier H-vocab — German labels, large
# Physical: P+O bound scan of wdt:P31 wd:Q5 (class postings), then
# S+P bound SPO scan of rdfs:label. LANG(?label) maps label IDs to
# strings. CONSTRUCT writes entity IRI + label.
# Targets: large sequential class scan with EXTERNAL vocabulary words.
# German is not in languages-internal (only "en"), so QLever's
# shouldLiteralBeExternalized places every de literal in the external
# tier (src/index/vocabulary/Vocabulary.cpp). Same shape as
# H-vocab-label-large.rq, but every lookup is a guaranteed external
# miss on cold caches.
PREFIX wd: <http://www.wikidata.org/entity/>
PREFIX wdt: <http://www.wikidata.org/prop/direct/>
PREFIX rdfs: <http://www.w3.org/2000/01/rdf-schema#>

CONSTRUCT { ?entity rdfs:label ?label }
WHERE {
  ?entity wdt:P31 wd:Q5 .
  ?entity rdfs:label ?label .
  FILTER(LANG(?label) = "de")
}

2026-10-08 02:41:14.907 - INFO: Requested media types of the result are: "text/turtle"
2026-10-08 02:41:14.908 - INFO: Query planning done in 0 ms
2026-10-08 02:41:14.908 - INFO: ExportEngine: FastStreamingV2 [Reason: Fast-Path V2 selected (eligible export query with explicit or default opt-in)]
2026-10-08 02:41:14.908 - INFO: Using ExportEngineV2 for text/turtle export
2026-10-08 02:41:14.908 - INFO: Result has unknown size (not computed yet)
2026-10-08 02:41:14.908 - INFO: ExportEngineV2 streaming lazy result blocks to morsels on queryThreadPool_ (no extra V2 threads)
2026-10-08 02:41:20.928 - INFO: Done processing query and sending result, total time was 6,021 ms
2026-10-08 02:41:20.962 - INFO: 
2026-10-08 02:41:20.962 - INFO: Request received via GET, no content type specified
2026-10-08 02:41:20.962 - INFO: Processing command "clear-cache": clear the cache (unpinned elements only)
2026-10-08 02:41:20.996 - INFO: 
2026-10-08 02:41:20.996 - INFO: Request received via POST, content type "application/x-www-form-urlencoded"
2026-10-08 02:41:20.996 - INFO: Processing the following SPARQL query:
# Tier H-vocab — German labels, large
# Physical: P+O bound scan of wdt:P31 wd:Q5 (class postings), then
# S+P bound SPO scan of rdfs:label. LANG(?label) maps label IDs to
# strings. CONSTRUCT writes entity IRI + label.
# Targets: large sequential class scan with EXTERNAL vocabulary words.
# German is not in languages-internal (only "en"), so QLever's
# shouldLiteralBeExternalized places every de literal in the external
# tier (src/index/vocabulary/Vocabulary.cpp). Same shape as
# H-vocab-label-large.rq, but every lookup is a guaranteed external
# miss on cold caches.
PREFIX wd: <http://www.wikidata.org/entity/>
PREFIX wdt: <http://www.wikidata.org/prop/direct/>
PREFIX rdfs: <http://www.w3.org/2000/01/rdf-schema#>

CONSTRUCT { ?entity rdfs:label ?label }
WHERE {
  ?entity wdt:P31 wd:Q5 .
  ?entity rdfs:label ?label .
  FILTER(LANG(?label) = "de")
}

2026-10-08 02:41:20.996 - INFO: Requested media types of the result are: "text/turtle"
2026-10-08 02:41:20.997 - INFO: Query planning done in 0 ms
2026-10-08 02:41:20.997 - INFO: ExportEngine: FastStreamingV2 [Reason: Fast-Path V2 selected (eligible export query with explicit or default opt-in)]
2026-10-08 02:41:20.997 - INFO: Using ExportEngineV2 for text/turtle export
2026-10-08 02:41:20.997 - INFO: Result has unknown size (not computed yet)
2026-10-08 02:41:20.997 - INFO: ExportEngineV2 streaming lazy result blocks to morsels on queryThreadPool_ (no extra V2 threads)
2026-10-08 02:41:26.684 - INFO: Done processing query and sending result, total time was 5,688 ms
2026-10-08 02:41:26.710 - INFO: 
2026-10-08 02:41:26.710 - INFO: Request received via GET, no content type specified
2026-10-08 02:41:26.710 - INFO: Processing command "cache-stats": get cache statistics
