2026-10-07 21:20:43.129 - INFO: [1mQLever server CIKM-2732-ga752a4571, compiled on Tue Oct  6 07:51:09 UTC 2026 using git hash a752a45[22m
2026-10-07 21:20:43.129 - INFO: Cleanup of previous index directories after each rebuild enabled (--rebuild-keep-previous-index-dirs original-and-most-recent)
2026-10-07 21:20:43.129 - INFO: The git hash used to build this index was "65f84b4"
2026-10-07 21:20:43.130 - INFO: Reading vocabulary from file /local/data-ssd/stoetzem/wikidata/wikidata.vocabulary.words ...
2026-10-07 21:20:58.935 - INFO: Done, number of words: 1,580,300,680
2026-10-07 21:20:58.935 - INFO: Number of words in internal vocabulary (these are also part of the external vocabulary): 777,658,536
2026-10-07 21:20:59.031 - INFO: Registered PSO permutation: #relations = 10,100, #blocks = 225,155, #triples = 6,983,973,847
2026-10-07 21:20:59.147 - INFO: Registered PSO permutation: #relations = 13,566, #blocks = 264,339, #triples = 8,220,417,022
2026-10-07 21:20:59.234 - INFO: Registered POS permutation: #relations = 10,100, #blocks = 225,155, #triples = 6,983,973,847
2026-10-07 21:20:59.356 - INFO: Registered POS permutation: #relations = 13,566, #blocks = 264,339, #triples = 8,220,417,022
2026-10-07 21:20:59.456 - INFO: Registered OPS permutation: #relations = 1,683,253,489, #blocks = 222,728, #triples = 8,220,417,022
2026-10-07 21:20:59.559 - INFO: Registered OSP permutation: #relations = 1,683,253,489, #blocks = 222,728, #triples = 8,220,417,022
2026-10-07 21:20:59.627 - INFO: Registered SPO permutation: #relations = 252,534,289, #blocks = 175,741, #triples = 8,220,417,022
2026-10-07 21:20:59.697 - INFO: Registered SOP permutation: #relations = 252,534,289, #blocks = 175,741, #triples = 8,220,417,022
2026-10-07 21:20:59.697 - INFO: Reading patterns from file /local/data-ssd/stoetzem/wikidata/wikidata.index.patterns ...
2026-10-07 21:21:01.399 - WARN: The geo points of this index use the encoding "lat-major", which is deprecated and will not be supported for much longer; with this encoding, a spatial prefilter on points can only restrict the latitude; please build the index with the default encoding "z-order" (just omit the option `--geo-point-encoding` of `qlever-index`)
2026-10-07 21:21:01.399 - INFO: Sorting random result tables to estimate the sorting performance of this machine ...
2026-10-07 21:21:11.457 - INFO: Initializing server ...
2026-10-07 21:21:11.457 - INFO: No access token required for restricted API calls
2026-10-07 21:21:11.457 - INFO: The server is ready, listening for requests on port 7015 ...
2026-10-07 21:21:11.707 - INFO: 
2026-10-07 21:21:11.707 - INFO: Request received via POST, content type "application/x-www-form-urlencoded"
2026-10-07 21:21:11.710 - INFO: Processing the following SPARQL query:
# Scattered-read candidate (io-screen 2026-10-06): German labels of all Wikimedia disambiguation pages (Q4167410).
# No VALUES: one P+O bound class scan (wdt:P31 wd:Q4167410), then the German
# label scan. German literals are in the external (on-disk) vocabulary.
# A sparse class spreads its label IDs over the sorted vocabulary, so few
# reads share a page. Public endpoint count (2026-10): ~0.70M German labels.
PREFIX wd: <http://www.wikidata.org/entity/>
PREFIX wdt: <http://www.wikidata.org/prop/direct/>
PREFIX rdfs: <http://www.w3.org/2000/01/rdf-schema#>
PREFIX schema: <http://schema.org/>
PREFIX skos: <http://www.w3.org/2004/02/skos/core#>

CONSTRUCT { ?entity rdfs:label ?label }
WHERE {
  ?entity wdt:P31 wd:Q4167410 .
  ?entity rdfs:label ?label .
  FILTER(LANG(?label) = "de")
}

2026-10-07 21:21:11.710 - INFO: Requested media types of the result are: "text/turtle"
2026-10-07 21:21:11.711 - INFO: Query planning done in 4 ms
2026-10-07 21:21:11.711 - INFO: Result has unknown size (not computed yet)
2026-10-07 21:22:21.434 - INFO: Done processing query and sending result, total time was 69,727 ms
2026-10-07 21:22:21.451 - INFO: 
2026-10-07 21:22:21.451 - INFO: Request received via GET, no content type specified
2026-10-07 21:22:21.451 - INFO: Processing command "cache-stats": get cache statistics
2026-10-07 21:22:21.470 - INFO: 
2026-10-07 21:22:21.470 - INFO: Request received via GET, no content type specified
2026-10-07 21:22:21.470 - INFO: Processing command "clear-cache": clear the cache (unpinned elements only)
2026-10-07 21:22:21.493 - INFO: 
2026-10-07 21:22:21.493 - INFO: Request received via GET, no content type specified
2026-10-07 21:22:21.493 - INFO: Processing command "cache-stats": get cache statistics
2026-10-07 21:22:21.511 - INFO: 
2026-10-07 21:22:21.511 - INFO: Request received via POST, content type "application/x-www-form-urlencoded"
2026-10-07 21:22:21.511 - INFO: Processing the following SPARQL query:
# Scattered-read candidate (io-screen 2026-10-06): German labels of all Wikimedia disambiguation pages (Q4167410).
# No VALUES: one P+O bound class scan (wdt:P31 wd:Q4167410), then the German
# label scan. German literals are in the external (on-disk) vocabulary.
# A sparse class spreads its label IDs over the sorted vocabulary, so few
# reads share a page. Public endpoint count (2026-10): ~0.70M German labels.
PREFIX wd: <http://www.wikidata.org/entity/>
PREFIX wdt: <http://www.wikidata.org/prop/direct/>
PREFIX rdfs: <http://www.w3.org/2000/01/rdf-schema#>
PREFIX schema: <http://schema.org/>
PREFIX skos: <http://www.w3.org/2004/02/skos/core#>

CONSTRUCT { ?entity rdfs:label ?label }
WHERE {
  ?entity wdt:P31 wd:Q4167410 .
  ?entity rdfs:label ?label .
  FILTER(LANG(?label) = "de")
}

2026-10-07 21:22:21.511 - INFO: Requested media types of the result are: "text/turtle"
2026-10-07 21:22:21.512 - INFO: Query planning done in 0 ms
2026-10-07 21:22:21.512 - INFO: Result has unknown size (not computed yet)
2026-10-07 21:22:24.576 - INFO: Done processing query and sending result, total time was 3,065 ms
2026-10-07 21:22:24.596 - INFO: 
2026-10-07 21:22:24.596 - INFO: Request received via GET, no content type specified
2026-10-07 21:22:24.596 - INFO: Processing command "clear-cache": clear the cache (unpinned elements only)
2026-10-07 21:22:24.618 - INFO: 
2026-10-07 21:22:24.618 - INFO: Request received via POST, content type "application/x-www-form-urlencoded"
2026-10-07 21:22:24.619 - INFO: Processing the following SPARQL query:
# Scattered-read candidate (io-screen 2026-10-06): German labels of all Wikimedia disambiguation pages (Q4167410).
# No VALUES: one P+O bound class scan (wdt:P31 wd:Q4167410), then the German
# label scan. German literals are in the external (on-disk) vocabulary.
# A sparse class spreads its label IDs over the sorted vocabulary, so few
# reads share a page. Public endpoint count (2026-10): ~0.70M German labels.
PREFIX wd: <http://www.wikidata.org/entity/>
PREFIX wdt: <http://www.wikidata.org/prop/direct/>
PREFIX rdfs: <http://www.w3.org/2000/01/rdf-schema#>
PREFIX schema: <http://schema.org/>
PREFIX skos: <http://www.w3.org/2004/02/skos/core#>

CONSTRUCT { ?entity rdfs:label ?label }
WHERE {
  ?entity wdt:P31 wd:Q4167410 .
  ?entity rdfs:label ?label .
  FILTER(LANG(?label) = "de")
}

2026-10-07 21:22:24.619 - INFO: Requested media types of the result are: "text/turtle"
2026-10-07 21:22:24.619 - INFO: Query planning done in 1 ms
2026-10-07 21:22:24.619 - INFO: Result has unknown size (not computed yet)
2026-10-07 21:22:27.664 - INFO: Done processing query and sending result, total time was 3,046 ms
2026-10-07 21:22:27.684 - INFO: 
2026-10-07 21:22:27.684 - INFO: Request received via GET, no content type specified
2026-10-07 21:22:27.684 - INFO: Processing command "clear-cache": clear the cache (unpinned elements only)
2026-10-07 21:22:27.701 - INFO: 
2026-10-07 21:22:27.701 - INFO: Request received via POST, content type "application/x-www-form-urlencoded"
2026-10-07 21:22:27.702 - INFO: Processing the following SPARQL query:
# Scattered-read candidate (io-screen 2026-10-06): German labels of all Wikimedia disambiguation pages (Q4167410).
# No VALUES: one P+O bound class scan (wdt:P31 wd:Q4167410), then the German
# label scan. German literals are in the external (on-disk) vocabulary.
# A sparse class spreads its label IDs over the sorted vocabulary, so few
# reads share a page. Public endpoint count (2026-10): ~0.70M German labels.
PREFIX wd: <http://www.wikidata.org/entity/>
PREFIX wdt: <http://www.wikidata.org/prop/direct/>
PREFIX rdfs: <http://www.w3.org/2000/01/rdf-schema#>
PREFIX schema: <http://schema.org/>
PREFIX skos: <http://www.w3.org/2004/02/skos/core#>

CONSTRUCT { ?entity rdfs:label ?label }
WHERE {
  ?entity wdt:P31 wd:Q4167410 .
  ?entity rdfs:label ?label .
  FILTER(LANG(?label) = "de")
}

2026-10-07 21:22:27.702 - INFO: Requested media types of the result are: "text/turtle"
2026-10-07 21:22:27.702 - INFO: Query planning done in 0 ms
2026-10-07 21:22:27.702 - INFO: Result has unknown size (not computed yet)
2026-10-07 21:22:30.850 - INFO: Done processing query and sending result, total time was 3,148 ms
2026-10-07 21:22:30.872 - INFO: 
2026-10-07 21:22:30.872 - INFO: Request received via GET, no content type specified
2026-10-07 21:22:30.872 - INFO: Processing command "clear-cache": clear the cache (unpinned elements only)
2026-10-07 21:22:30.894 - INFO: 
2026-10-07 21:22:30.894 - INFO: Request received via POST, content type "application/x-www-form-urlencoded"
2026-10-07 21:22:30.894 - INFO: Processing the following SPARQL query:
# Scattered-read candidate (io-screen 2026-10-06): German labels of all Wikimedia disambiguation pages (Q4167410).
# No VALUES: one P+O bound class scan (wdt:P31 wd:Q4167410), then the German
# label scan. German literals are in the external (on-disk) vocabulary.
# A sparse class spreads its label IDs over the sorted vocabulary, so few
# reads share a page. Public endpoint count (2026-10): ~0.70M German labels.
PREFIX wd: <http://www.wikidata.org/entity/>
PREFIX wdt: <http://www.wikidata.org/prop/direct/>
PREFIX rdfs: <http://www.w3.org/2000/01/rdf-schema#>
PREFIX schema: <http://schema.org/>
PREFIX skos: <http://www.w3.org/2004/02/skos/core#>

CONSTRUCT { ?entity rdfs:label ?label }
WHERE {
  ?entity wdt:P31 wd:Q4167410 .
  ?entity rdfs:label ?label .
  FILTER(LANG(?label) = "de")
}

2026-10-07 21:22:30.894 - INFO: Requested media types of the result are: "text/turtle"
2026-10-07 21:22:30.894 - INFO: Query planning done in 0 ms
2026-10-07 21:22:30.894 - INFO: Result has unknown size (not computed yet)
2026-10-07 21:22:33.965 - INFO: Done processing query and sending result, total time was 3,071 ms
2026-10-07 21:22:33.987 - INFO: 
2026-10-07 21:22:33.987 - INFO: Request received via GET, no content type specified
2026-10-07 21:22:33.987 - INFO: Processing command "cache-stats": get cache statistics
