2026-09-28 23:00:14.146 - INFO: [1mQLever server v0.6.0-217-ga1d6c06e3, compiled on Mon Sep 28 19:27:41 UTC 2026 using git hash a1d6c06[22m
2026-09-28 23:00:14.146 - INFO: Cleanup of previous index directories after each rebuild enabled (--rebuild-keep-previous-index-dirs original-and-most-recent)
2026-09-28 23:00:14.155 - INFO: The git hash used to build this index was "65f84b4"
2026-09-28 23:00:14.155 - INFO: Reading vocabulary from file /local/data-ssd/stoetzem/qlever-indices/dblp/dblp.vocabulary.words ...
2026-09-28 23:00:14.175 - INFO: Done, number of words: 446,944,668
2026-09-28 23:00:14.175 - INFO: Number of words in internal vocabulary (these are also part of the external vocabulary): 446,955
2026-09-28 23:00:14.187 - INFO: Registered PSO permutation: #relations = 6, #blocks = 8,187, #triples = 255,805,025
2026-09-28 23:00:14.211 - INFO: Registered PSO permutation: #relations = 96, #blocks = 51,023, #triples = 1,593,245,022
2026-09-28 23:00:14.214 - INFO: Registered POS permutation: #relations = 6, #blocks = 8,187, #triples = 255,805,025
2026-09-28 23:00:14.237 - INFO: Registered POS permutation: #relations = 96, #blocks = 51,023, #triples = 1,593,245,022
2026-09-28 23:00:14.256 - INFO: Registered OPS permutation: #relations = 345,357,897, #blocks = 42,492, #triples = 1,593,245,022
2026-09-28 23:00:14.276 - INFO: Registered OSP permutation: #relations = 345,357,897, #blocks = 42,492, #triples = 1,593,245,022
2026-09-28 23:00:14.288 - INFO: Registered SPO permutation: #relations = 255,804,614, #blocks = 33,993, #triples = 1,593,245,022
2026-09-28 23:00:14.299 - INFO: Registered SOP permutation: #relations = 255,804,614, #blocks = 33,993, #triples = 1,593,245,022
2026-09-28 23:00:14.299 - INFO: Reading patterns from file /local/data-ssd/stoetzem/qlever-indices/dblp/dblp.index.patterns ...
2026-09-28 23:00:14.300 - INFO: Sorting random result tables to estimate the sorting performance of this machine ...
2026-09-28 23:00:22.385 - INFO: Initializing server ...
2026-09-28 23:00:22.386 - INFO: No access token required for restricted API calls
2026-09-28 23:00:22.386 - INFO: The server is ready, listening for requests on port 7015 ...
2026-09-28 23:00:22.721 - INFO: 
2026-09-28 23:00:22.721 - INFO: Request received via POST, content type "application/x-www-form-urlencoded"
2026-09-28 23:00:22.726 - INFO: Processing the following SPARQL query:
# Tier H-vocab — title literals, large
# Goal: external-vocabulary lookup pressure with larger bounded output.
PREFIX dblp: <https://dblp.org/rdf/schema#>

CONSTRUCT { ?paper dblp:title ?title }
WHERE {
  ?paper dblp:title ?title .
}
LIMIT 100000

2026-09-28 23:00:22.726 - INFO: Requested media types of the result are: "text/turtle"
2026-09-28 23:00:22.729 - INFO: Query planning done in 7 ms
2026-09-28 23:00:22.731 - INFO: Result has unknown size (not computed yet)
2026-09-28 23:00:31.877 - INFO: Done processing query and sending result, total time was 9,155 ms
