2026-08-10 23:57:56.240 - INFO: [1mQLever server v0.5.50-82-g65f84b43, compiled on Mon Aug 10 19:10:29 CEST 2026 using git hash 65f84b4[22m
2026-08-10 23:57:56.240 - INFO: Cleanup of previous index directories after each rebuild enabled (--rebuild-keep-previous-index-dirs original-and-most-recent)
2026-08-10 23:57:56.240 - INFO: The git hash used to build this index was "65f84b4"
2026-08-10 23:57:56.240 - INFO: Reading vocabulary from file /local/data-ssd/stoetzem/dblp/dblp.vocabulary.words ...
2026-08-10 23:57:56.254 - INFO: Done, number of words: 446,944,668
2026-08-10 23:57:56.254 - INFO: Number of words in internal vocabulary (these are also part of the external vocabulary): 446,955
2026-08-10 23:57:56.262 - INFO: Registered PSO permutation: #relations = 6, #blocks = 8,187, #triples = 255,805,025
2026-08-10 23:57:56.286 - INFO: Registered PSO permutation: #relations = 96, #blocks = 51,023, #triples = 1,593,245,022
2026-08-10 23:57:56.289 - INFO: Registered POS permutation: #relations = 6, #blocks = 8,187, #triples = 255,805,025
2026-08-10 23:57:56.313 - INFO: Registered POS permutation: #relations = 96, #blocks = 51,023, #triples = 1,593,245,022
2026-08-10 23:57:56.333 - INFO: Registered OPS permutation: #relations = 345,357,897, #blocks = 42,492, #triples = 1,593,245,022
2026-08-10 23:57:56.353 - INFO: Registered OSP permutation: #relations = 345,357,897, #blocks = 42,492, #triples = 1,593,245,022
2026-08-10 23:57:56.366 - INFO: Registered SPO permutation: #relations = 255,804,614, #blocks = 33,993, #triples = 1,593,245,022
2026-08-10 23:57:56.377 - INFO: Registered SOP permutation: #relations = 255,804,614, #blocks = 33,993, #triples = 1,593,245,022
2026-08-10 23:57:56.377 - INFO: Reading patterns from file /local/data-ssd/stoetzem/dblp/dblp.index.patterns ...
2026-08-10 23:57:56.377 - INFO: Sorting random result tables to estimate the sorting performance of this machine ...
2026-08-10 23:58:04.315 - INFO: Initializing server ...
2026-08-10 23:58:04.315 - INFO: No access token required for restricted API calls
2026-08-10 23:58:04.315 - INFO: The server is ready, listening for requests on port 7026 ...
2026-08-10 23:58:04.512 - INFO: 
2026-08-10 23:58:04.512 - INFO: Request received via POST, content type "application/x-www-form-urlencoded"
2026-08-10 23:58:04.514 - INFO: Processing the following SPARQL query:
# Tier H -- duplicate heavy through an unused VALUES binding.
# Each binding of ?duplicationWitness produces the same construct-template
# triples. This tests duplication caused by multiplicity that is independent of
# the template variables, unlike H-dedup.rq, whose multiplicity arises from a
# join through publication signatures.
PREFIX dblp: <https://dblp.org/rdf/schema#>

CONSTRUCT { ?paper ?p ?o }
WHERE {
  VALUES ?duplicationWitness { 1 2 3 4 }
  ?paper a dblp:Publication ;
         dblp:publishedInStream <https://dblp.org/streams/conf/stoc> ;
         ?p ?o .
}

2026-08-10 23:58:04.514 - INFO: Requested media types of the result are: "text/turtle"
2026-08-10 23:58:04.514 - INFO: CONSTRUCT_REQUEST_STAGE_ENTER name=planning elapsed_us=2,708
2026-08-10 23:58:04.531 - INFO: Query planning done in 18 ms
2026-08-10 23:58:04.531 - INFO: CONSTRUCT_REQUEST_STAGE_ENTER name=response_stream elapsed_us=18,796
2026-08-10 23:58:04.531 - INFO: Number of tuples in VALUES clause: 4
2026-08-10 23:58:04.531 - INFO: Number of entries in local vocabulary per column: 0
2026-08-10 23:58:04.535 - INFO: Result has unknown size (not computed yet)
2026-08-10 23:58:04.535 - INFO: CONSTRUCT_EXPORT_DEDUPLICATOR_CONSTRUCTION_BEGIN mode=none
2026-08-10 23:58:04.535 - INFO: CONSTRUCT_EXPORT_DEDUPLICATOR_CONSTRUCTION_END mode=none enabled=false
2026-08-10 23:58:06.308 - INFO: CONSTRUCT_EXPORT_STAGE_SUMMARY construct_stream_us=1,773,388 setup_us=12 batch_evaluation_us=1,615,425 instantiation_deduplication_us=28,086 batches=562 input_rows=573,752 candidate_triples=573,752 emitted_triples=573,752
2026-08-10 23:58:06.313 - INFO: CONSTRUCT_REQUEST_STAGE_SUMMARY planning_begin_us=2,708 planning_end_us=18,795 planning_us=16,087 response_stream_begin_us=18,796 response_stream_end_us=1,801,593 response_stream_us=1,782,797 root_execution_us=26,374 non_root_stream_us=1,756,423 server_request_us=1,801,593
2026-08-10 23:58:06.313 - INFO: Done processing query and sending result, total time was 1,801 ms
2026-08-10 23:58:06.334 - INFO: 
2026-08-10 23:58:06.334 - INFO: Request received via GET, no content type specified
2026-08-10 23:58:06.334 - INFO: Processing command "cache-stats": get cache statistics
