2026-10-07 13:45:00.759 - INFO: [1mQLever server v0.6.0-583-g87f576742, compiled on Sat Sep 26 12:11:57 AM CEST 2026 using git hash 87f5767[22m
2026-10-07 13:45:00.760 - INFO: Cleanup of previous index directories after each rebuild enabled (--rebuild-keep-previous-index-dirs original-and-most-recent)
2026-10-07 13:45:00.760 - INFO: The git hash used to build this index was "65f84b4"
2026-10-07 13:45:00.760 - INFO: Reading vocabulary from file /local/data-ssd/stoetzem/wikidata/wikidata.vocabulary.words ...
2026-10-07 13:45:18.017 - INFO: Done, number of words: 1,580,300,680
2026-10-07 13:45:18.017 - INFO: Number of words in internal vocabulary (these are also part of the external vocabulary): 777,658,536
2026-10-07 13:45:18.130 - INFO: Registered PSO permutation: #relations = 10,100, #blocks = 225,155, #triples = 6,983,973,847
2026-10-07 13:45:18.266 - INFO: Registered PSO permutation: #relations = 13,566, #blocks = 264,339, #triples = 8,220,417,022
2026-10-07 13:45:18.369 - INFO: Registered POS permutation: #relations = 10,100, #blocks = 225,155, #triples = 6,983,973,847
2026-10-07 13:45:18.504 - INFO: Registered POS permutation: #relations = 13,566, #blocks = 264,339, #triples = 8,220,417,022
2026-10-07 13:45:18.621 - INFO: Registered OPS permutation: #relations = 1,683,253,489, #blocks = 222,728, #triples = 8,220,417,022
2026-10-07 13:45:18.736 - INFO: Registered OSP permutation: #relations = 1,683,253,489, #blocks = 222,728, #triples = 8,220,417,022
2026-10-07 13:45:18.817 - INFO: Registered SPO permutation: #relations = 252,534,289, #blocks = 175,741, #triples = 8,220,417,022
2026-10-07 13:45:18.894 - INFO: Registered SOP permutation: #relations = 252,534,289, #blocks = 175,741, #triples = 8,220,417,022
2026-10-07 13:45:18.894 - INFO: Reading patterns from file /local/data-ssd/stoetzem/wikidata/wikidata.index.patterns ...
2026-10-07 13:45:20.842 - INFO: Sorting random result tables to estimate the sorting performance of this machine ...
2026-10-07 13:45:32.458 - INFO: Initializing server ...
2026-10-07 13:45:32.458 - INFO: ExportEngineV2 serialize posts onto queryThreadPool_ (8 threads); no extra V2 pool. Helpers stop admitting when another query is registered.
2026-10-07 13:45:32.458 - INFO: No access token required for restricted API calls
2026-10-07 13:45:32.459 - INFO: The server is ready, listening for requests on port 7041 ...
2026-10-07 13:45:35.355 - INFO: 
2026-10-07 13:45:35.355 - INFO: Request received via POST, content type "application/x-www-form-urlencoded"
2026-10-07 13:45:35.364 - INFO: Processing the following SPARQL query:
# Tier H-vocab — English labels, large (SELECT companion)
# Same WHERE clause as H-vocab-label-large.rq, but SELECT ?entity ?label
# instead of CONSTRUCT. Used by run 124 (export term-lookup perf profile)
# to attribute SELECT export CPU between vocabulary lookup and formatting.
PREFIX wd: <http://www.wikidata.org/entity/>
PREFIX wdt: <http://www.wikidata.org/prop/direct/>
PREFIX rdfs: <http://www.w3.org/2000/01/rdf-schema#>

SELECT ?entity ?label
WHERE {
  ?entity wdt:P31 wd:Q5 .
  ?entity rdfs:label ?label .
  FILTER(LANG(?label) = "en")
}

2026-10-07 13:45:35.365 - INFO: Requested media types of the result are: "text/csv"
2026-10-07 13:45:35.368 - INFO: Query planning done in 13 ms
2026-10-07 13:45:35.368 - INFO: ExportEngine: FastStreamingV2 [Reason: Fast-Path V2 selected (eligible export query with explicit or default opt-in)]
2026-10-07 13:45:35.368 - INFO: Using ExportEngineV2 for text/csv export
2026-10-07 13:45:35.370 - INFO: Result has unknown size (not computed yet)
2026-10-07 13:45:35.370 - INFO: ExportEngineV2 streaming lazy result blocks to morsels on queryThreadPool_ (no extra V2 threads)
2026-10-07 13:45:48.923 - INFO: Done processing query and sending result, total time was 13,567 ms
2026-10-07 13:45:51.243 - INFO: 
2026-10-07 13:45:51.243 - INFO: Request received via POST, content type "application/x-www-form-urlencoded"
2026-10-07 13:45:51.243 - INFO: Processing the following SPARQL query:
# Tier H-vocab — English labels, large (SELECT companion)
# Same WHERE clause as H-vocab-label-large.rq, but SELECT ?entity ?label
# instead of CONSTRUCT. Used by run 124 (export term-lookup perf profile)
# to attribute SELECT export CPU between vocabulary lookup and formatting.
PREFIX wd: <http://www.wikidata.org/entity/>
PREFIX wdt: <http://www.wikidata.org/prop/direct/>
PREFIX rdfs: <http://www.w3.org/2000/01/rdf-schema#>

SELECT ?entity ?label
WHERE {
  ?entity wdt:P31 wd:Q5 .
  ?entity rdfs:label ?label .
  FILTER(LANG(?label) = "en")
}

2026-10-07 13:45:51.243 - INFO: Requested media types of the result are: "text/csv"
2026-10-07 13:45:51.244 - INFO: Query planning done in 1 ms
2026-10-07 13:45:51.245 - INFO: ExportEngine: FastStreamingV2 [Reason: Fast-Path V2 selected (eligible export query with explicit or default opt-in)]
2026-10-07 13:45:51.245 - INFO: Using ExportEngineV2 for text/csv export
2026-10-07 13:45:51.246 - INFO: Result has unknown size (not computed yet)
2026-10-07 13:45:51.246 - INFO: ExportEngineV2 streaming lazy result blocks to morsels on queryThreadPool_ (no extra V2 threads)
2026-10-07 13:46:02.966 - INFO: Done processing query and sending result, total time was 11,723 ms
2026-10-07 13:46:03.091 - INFO: 
2026-10-07 13:46:03.091 - INFO: Request received via POST, content type "application/x-www-form-urlencoded"
2026-10-07 13:46:03.098 - INFO: Processing the following SPARQL query:
# Tier H-vocab — English labels, large (SELECT companion)
# Same WHERE clause as H-vocab-label-large.rq, but SELECT ?entity ?label
# instead of CONSTRUCT. Used by run 124 (export term-lookup perf profile)
# to attribute SELECT export CPU between vocabulary lookup and formatting.
PREFIX wd: <http://www.wikidata.org/entity/>
PREFIX wdt: <http://www.wikidata.org/prop/direct/>
PREFIX rdfs: <http://www.w3.org/2000/01/rdf-schema#>

SELECT ?entity ?label
WHERE {
  ?entity wdt:P31 wd:Q5 .
  ?entity rdfs:label ?label .
  FILTER(LANG(?label) = "en")
}

2026-10-07 13:46:03.098 - INFO: Requested media types of the result are: "text/csv"
2026-10-07 13:46:03.098 - INFO: Query planning done in 6 ms
2026-10-07 13:46:03.098 - INFO: ExportEngine: FastStreamingV2 [Reason: Fast-Path V2 selected (eligible export query with explicit or default opt-in)]
2026-10-07 13:46:03.098 - INFO: Using ExportEngineV2 for text/csv export
2026-10-07 13:46:03.098 - INFO: Result has unknown size (not computed yet)
2026-10-07 13:46:03.098 - INFO: ExportEngineV2 streaming lazy result blocks to morsels on queryThreadPool_ (no extra V2 threads)
2026-10-07 13:46:16.329 - INFO: Done processing query and sending result, total time was 13,237 ms
2026-10-07 13:46:16.474 - INFO: 
2026-10-07 13:46:16.474 - INFO: Request received via POST, content type "application/x-www-form-urlencoded"
2026-10-07 13:46:16.474 - INFO: Processing the following SPARQL query:
# Tier H-vocab — English labels, large (SELECT companion)
# Same WHERE clause as H-vocab-label-large.rq, but SELECT ?entity ?label
# instead of CONSTRUCT. Used by run 124 (export term-lookup perf profile)
# to attribute SELECT export CPU between vocabulary lookup and formatting.
PREFIX wd: <http://www.wikidata.org/entity/>
PREFIX wdt: <http://www.wikidata.org/prop/direct/>
PREFIX rdfs: <http://www.w3.org/2000/01/rdf-schema#>

SELECT ?entity ?label
WHERE {
  ?entity wdt:P31 wd:Q5 .
  ?entity rdfs:label ?label .
  FILTER(LANG(?label) = "en")
}

2026-10-07 13:46:16.474 - INFO: Requested media types of the result are: "text/csv"
2026-10-07 13:46:16.475 - INFO: Query planning done in 1 ms
2026-10-07 13:46:16.475 - INFO: ExportEngine: FastStreamingV2 [Reason: Fast-Path V2 selected (eligible export query with explicit or default opt-in)]
2026-10-07 13:46:16.475 - INFO: Using ExportEngineV2 for text/csv export
2026-10-07 13:46:16.476 - INFO: Result has unknown size (not computed yet)
2026-10-07 13:46:16.476 - INFO: ExportEngineV2 streaming lazy result blocks to morsels on queryThreadPool_ (no extra V2 threads)
2026-10-07 13:46:28.382 - INFO: Done processing query and sending result, total time was 11,907 ms
2026-10-07 13:46:28.469 - INFO: 
2026-10-07 13:46:28.469 - INFO: Request received via POST, content type "application/x-www-form-urlencoded"
2026-10-07 13:46:28.469 - INFO: Processing the following SPARQL query:
# Tier H-vocab — English labels, large (SELECT companion)
# Same WHERE clause as H-vocab-label-large.rq, but SELECT ?entity ?label
# instead of CONSTRUCT. Used by run 124 (export term-lookup perf profile)
# to attribute SELECT export CPU between vocabulary lookup and formatting.
PREFIX wd: <http://www.wikidata.org/entity/>
PREFIX wdt: <http://www.wikidata.org/prop/direct/>
PREFIX rdfs: <http://www.w3.org/2000/01/rdf-schema#>

SELECT ?entity ?label
WHERE {
  ?entity wdt:P31 wd:Q5 .
  ?entity rdfs:label ?label .
  FILTER(LANG(?label) = "en")
}

2026-10-07 13:46:28.470 - INFO: Requested media types of the result are: "text/csv"
2026-10-07 13:46:28.470 - INFO: Query planning done in 1 ms
2026-10-07 13:46:28.470 - INFO: ExportEngine: FastStreamingV2 [Reason: Fast-Path V2 selected (eligible export query with explicit or default opt-in)]
2026-10-07 13:46:28.470 - INFO: Using ExportEngineV2 for text/csv export
2026-10-07 13:46:28.470 - INFO: Result has unknown size (not computed yet)
2026-10-07 13:46:28.470 - INFO: ExportEngineV2 streaming lazy result blocks to morsels on queryThreadPool_ (no extra V2 threads)
2026-10-07 13:46:37.671 - INFO: Done processing query and sending result, total time was 9,202 ms
2026-10-07 13:46:37.766 - INFO: 
2026-10-07 13:46:37.766 - INFO: Request received via POST, content type "application/x-www-form-urlencoded"
2026-10-07 13:46:37.767 - INFO: Processing the following SPARQL query:
# Tier H-vocab — English labels, large (SELECT companion)
# Same WHERE clause as H-vocab-label-large.rq, but SELECT ?entity ?label
# instead of CONSTRUCT. Used by run 124 (export term-lookup perf profile)
# to attribute SELECT export CPU between vocabulary lookup and formatting.
PREFIX wd: <http://www.wikidata.org/entity/>
PREFIX wdt: <http://www.wikidata.org/prop/direct/>
PREFIX rdfs: <http://www.w3.org/2000/01/rdf-schema#>

SELECT ?entity ?label
WHERE {
  ?entity wdt:P31 wd:Q5 .
  ?entity rdfs:label ?label .
  FILTER(LANG(?label) = "en")
}

2026-10-07 13:46:37.767 - INFO: Requested media types of the result are: "text/csv"
2026-10-07 13:46:37.767 - INFO: Query planning done in 1 ms
2026-10-07 13:46:37.767 - INFO: ExportEngine: LegacyV1 [Reason: Legacy V1 selected (explicitly requested via query parameter or header override)]
2026-10-07 13:46:37.767 - INFO: Result has unknown size (not computed yet)
2026-10-07 13:47:10.005 - INFO: Done processing query and sending result, total time was 32,239 ms
