2026-10-07 22:10:08.060 - INFO: [1mQLever server v0.6.0-583-g87f576742, compiled on Sat Sep 26 12:11:57 AM CEST 2026 using git hash 87f5767[22m
2026-10-07 22:10:08.060 - INFO: Cleanup of previous index directories after each rebuild enabled (--rebuild-keep-previous-index-dirs original-and-most-recent)
2026-10-07 22:10:08.061 - INFO: The git hash used to build this index was "65f84b4"
2026-10-07 22:10:08.061 - INFO: Reading vocabulary from file /local/data-ssd/stoetzem/qlever-indices/wikidata-3159/wikidata.vocabulary.words ...
2026-10-07 22:10:28.978 - INFO: Done, number of words: 1,580,300,680
2026-10-07 22:10:28.978 - INFO: Number of words in internal vocabulary (these are also part of the external vocabulary): 777,658,536
2026-10-07 22:10:29.069 - INFO: Registered PSO permutation: #relations = 10,100, #blocks = 225,155, #triples = 6,983,973,847
2026-10-07 22:10:29.198 - INFO: Registered PSO permutation: #relations = 13,566, #blocks = 264,339, #triples = 8,220,417,022
2026-10-07 22:10:29.290 - INFO: Registered POS permutation: #relations = 10,100, #blocks = 225,155, #triples = 6,983,973,847
2026-10-07 22:10:29.424 - INFO: Registered POS permutation: #relations = 13,566, #blocks = 264,339, #triples = 8,220,417,022
2026-10-07 22:10:29.527 - INFO: Registered OPS permutation: #relations = 1,683,253,489, #blocks = 222,728, #triples = 8,220,417,022
2026-10-07 22:10:29.644 - INFO: Registered OSP permutation: #relations = 1,683,253,489, #blocks = 222,728, #triples = 8,220,417,022
2026-10-07 22:10:29.721 - INFO: Registered SPO permutation: #relations = 252,534,289, #blocks = 175,741, #triples = 8,220,417,022
2026-10-07 22:10:29.794 - INFO: Registered SOP permutation: #relations = 252,534,289, #blocks = 175,741, #triples = 8,220,417,022
2026-10-07 22:10:29.794 - INFO: Reading patterns from file /local/data-ssd/stoetzem/qlever-indices/wikidata-3159/wikidata.index.patterns ...
2026-10-07 22:10:32.030 - INFO: Sorting random result tables to estimate the sorting performance of this machine ...
2026-10-07 22:10:41.919 - INFO: Initializing server ...
2026-10-07 22:10:41.919 - INFO: ExportEngineV2 serialize posts onto queryThreadPool_ (8 threads); no extra V2 pool. Helpers stop admitting when another query is registered.
2026-10-07 22:10:41.919 - INFO: No access token required for restricted API calls
2026-10-07 22:10:41.920 - INFO: The server is ready, listening for requests on port 7015 ...
2026-10-07 22:10:42.192 - INFO: 
2026-10-07 22:10:42.192 - INFO: Request received via POST, content type "application/x-www-form-urlencoded"
2026-10-07 22:10:42.195 - INFO: Processing the following SPARQL query:
# Tier H-vocab — English labels, large (SELECT companion)
# Same WHERE clause as H-vocab-label-large.rq, but SELECT ?entity ?label
# instead of CONSTRUCT. Used by run 124 (export term-lookup perf profile)
# to attribute SELECT export CPU between vocabulary lookup and formatting.
PREFIX wd: <http://www.wikidata.org/entity/>
PREFIX wdt: <http://www.wikidata.org/prop/direct/>
PREFIX rdfs: <http://www.w3.org/2000/01/rdf-schema#>

SELECT ?entity ?label
WHERE {
  ?entity wdt:P31 wd:Q5 .
  ?entity rdfs:label ?label .
  FILTER(LANG(?label) = "en")
}

2026-10-07 22:10:42.195 - INFO: Requested media types of the result are: "text/csv"
2026-10-07 22:10:42.199 - INFO: Query planning done in 6 ms
2026-10-07 22:10:42.199 - INFO: ExportEngine: FastStreamingV2 [Reason: Fast-Path V2 selected (eligible export query with explicit or default opt-in)]
2026-10-07 22:10:42.199 - INFO: Using ExportEngineV2 for text/csv export
2026-10-07 22:10:42.199 - INFO: Result has unknown size (not computed yet)
2026-10-07 22:10:42.199 - INFO: ExportEngineV2 streaming lazy result blocks to morsels on queryThreadPool_ (no extra V2 threads)
2026-10-07 22:10:45.855 - INFO: Done processing query and sending result, total time was 3,662 ms
2026-10-07 22:10:45.891 - INFO: 
2026-10-07 22:10:45.891 - INFO: Request received via GET, no content type specified
2026-10-07 22:10:45.891 - INFO: Processing command "cache-stats": get cache statistics
2026-10-07 22:10:45.937 - INFO: 
2026-10-07 22:10:45.937 - INFO: Request received via GET, no content type specified
2026-10-07 22:10:45.937 - INFO: Processing command "clear-cache": clear the cache (unpinned elements only)
2026-10-07 22:10:45.975 - INFO: 
2026-10-07 22:10:45.976 - INFO: Request received via GET, no content type specified
2026-10-07 22:10:45.976 - INFO: Processing command "cache-stats": get cache statistics
2026-10-07 22:10:46.013 - INFO: 
2026-10-07 22:10:46.013 - INFO: Request received via POST, content type "application/x-www-form-urlencoded"
2026-10-07 22:10:46.013 - INFO: Processing the following SPARQL query:
# Tier H-vocab — English labels, large (SELECT companion)
# Same WHERE clause as H-vocab-label-large.rq, but SELECT ?entity ?label
# instead of CONSTRUCT. Used by run 124 (export term-lookup perf profile)
# to attribute SELECT export CPU between vocabulary lookup and formatting.
PREFIX wd: <http://www.wikidata.org/entity/>
PREFIX wdt: <http://www.wikidata.org/prop/direct/>
PREFIX rdfs: <http://www.w3.org/2000/01/rdf-schema#>

SELECT ?entity ?label
WHERE {
  ?entity wdt:P31 wd:Q5 .
  ?entity rdfs:label ?label .
  FILTER(LANG(?label) = "en")
}

2026-10-07 22:10:46.013 - INFO: Requested media types of the result are: "text/csv"
2026-10-07 22:10:46.013 - INFO: Query planning done in 0 ms
2026-10-07 22:10:46.014 - INFO: ExportEngine: FastStreamingV2 [Reason: Fast-Path V2 selected (eligible export query with explicit or default opt-in)]
2026-10-07 22:10:46.014 - INFO: Using ExportEngineV2 for text/csv export
2026-10-07 22:10:46.014 - INFO: Result has unknown size (not computed yet)
2026-10-07 22:10:46.014 - INFO: ExportEngineV2 streaming lazy result blocks to morsels on queryThreadPool_ (no extra V2 threads)
2026-10-07 22:10:49.789 - INFO: Done processing query and sending result, total time was 3,776 ms
2026-10-07 22:10:49.826 - INFO: 
2026-10-07 22:10:49.826 - INFO: Request received via GET, no content type specified
2026-10-07 22:10:49.826 - INFO: Processing command "clear-cache": clear the cache (unpinned elements only)
2026-10-07 22:10:49.862 - INFO: 
2026-10-07 22:10:49.862 - INFO: Request received via POST, content type "application/x-www-form-urlencoded"
2026-10-07 22:10:49.863 - INFO: Processing the following SPARQL query:
# Tier H-vocab — English labels, large (SELECT companion)
# Same WHERE clause as H-vocab-label-large.rq, but SELECT ?entity ?label
# instead of CONSTRUCT. Used by run 124 (export term-lookup perf profile)
# to attribute SELECT export CPU between vocabulary lookup and formatting.
PREFIX wd: <http://www.wikidata.org/entity/>
PREFIX wdt: <http://www.wikidata.org/prop/direct/>
PREFIX rdfs: <http://www.w3.org/2000/01/rdf-schema#>

SELECT ?entity ?label
WHERE {
  ?entity wdt:P31 wd:Q5 .
  ?entity rdfs:label ?label .
  FILTER(LANG(?label) = "en")
}

2026-10-07 22:10:49.863 - INFO: Requested media types of the result are: "text/csv"
2026-10-07 22:10:49.863 - INFO: Query planning done in 0 ms
2026-10-07 22:10:49.863 - INFO: ExportEngine: FastStreamingV2 [Reason: Fast-Path V2 selected (eligible export query with explicit or default opt-in)]
2026-10-07 22:10:49.863 - INFO: Using ExportEngineV2 for text/csv export
2026-10-07 22:10:49.864 - INFO: Result has unknown size (not computed yet)
2026-10-07 22:10:49.864 - INFO: ExportEngineV2 streaming lazy result blocks to morsels on queryThreadPool_ (no extra V2 threads)
2026-10-07 22:10:53.377 - INFO: Done processing query and sending result, total time was 3,514 ms
2026-10-07 22:10:53.419 - INFO: 
2026-10-07 22:10:53.419 - INFO: Request received via GET, no content type specified
2026-10-07 22:10:53.419 - INFO: Processing command "clear-cache": clear the cache (unpinned elements only)
2026-10-07 22:10:53.461 - INFO: 
2026-10-07 22:10:53.461 - INFO: Request received via POST, content type "application/x-www-form-urlencoded"
2026-10-07 22:10:53.462 - INFO: Processing the following SPARQL query:
# Tier H-vocab — English labels, large (SELECT companion)
# Same WHERE clause as H-vocab-label-large.rq, but SELECT ?entity ?label
# instead of CONSTRUCT. Used by run 124 (export term-lookup perf profile)
# to attribute SELECT export CPU between vocabulary lookup and formatting.
PREFIX wd: <http://www.wikidata.org/entity/>
PREFIX wdt: <http://www.wikidata.org/prop/direct/>
PREFIX rdfs: <http://www.w3.org/2000/01/rdf-schema#>

SELECT ?entity ?label
WHERE {
  ?entity wdt:P31 wd:Q5 .
  ?entity rdfs:label ?label .
  FILTER(LANG(?label) = "en")
}

2026-10-07 22:10:53.462 - INFO: Requested media types of the result are: "text/csv"
2026-10-07 22:10:53.462 - INFO: Query planning done in 1 ms
2026-10-07 22:10:53.462 - INFO: ExportEngine: FastStreamingV2 [Reason: Fast-Path V2 selected (eligible export query with explicit or default opt-in)]
2026-10-07 22:10:53.462 - INFO: Using ExportEngineV2 for text/csv export
2026-10-07 22:10:53.462 - INFO: Result has unknown size (not computed yet)
2026-10-07 22:10:53.462 - INFO: ExportEngineV2 streaming lazy result blocks to morsels on queryThreadPool_ (no extra V2 threads)
2026-10-07 22:10:56.814 - INFO: Done processing query and sending result, total time was 3,352 ms
2026-10-07 22:10:56.847 - INFO: 
2026-10-07 22:10:56.847 - INFO: Request received via GET, no content type specified
2026-10-07 22:10:56.847 - INFO: Processing command "cache-stats": get cache statistics
