2026-09-29 04:50:54.128 - INFO: [1mQLever server v0.6.0-242-g91267256d, compiled on Mon Sep 28 20:41:08 UTC 2026 using git hash 9126725[22m
2026-09-29 04:50:54.128 - INFO: Runtime parameter set from the command line: use-fast-export-stream-formatter=false
2026-09-29 04:50:54.128 - INFO: Cleanup of previous index directories after each rebuild enabled (--rebuild-keep-previous-index-dirs original-and-most-recent)
2026-09-29 04:50:54.129 - INFO: The git hash used to build this index was "65f84b4"
2026-09-29 04:50:54.129 - INFO: Reading vocabulary from file /local/data-ssd/stoetzem/dblp/dblp.vocabulary.words ...
2026-09-29 04:50:54.135 - INFO: Done, number of words: 446,944,668
2026-09-29 04:50:54.135 - INFO: Number of words in internal vocabulary (these are also part of the external vocabulary): 446,955
2026-09-29 04:50:54.139 - INFO: Registered PSO permutation: #relations = 6, #blocks = 8,187, #triples = 255,805,025
2026-09-29 04:50:54.159 - INFO: Registered PSO permutation: #relations = 96, #blocks = 51,023, #triples = 1,593,245,022
2026-09-29 04:50:54.161 - INFO: Registered POS permutation: #relations = 6, #blocks = 8,187, #triples = 255,805,025
2026-09-29 04:50:54.180 - INFO: Registered POS permutation: #relations = 96, #blocks = 51,023, #triples = 1,593,245,022
2026-09-29 04:50:54.196 - INFO: Registered OPS permutation: #relations = 345,357,897, #blocks = 42,492, #triples = 1,593,245,022
2026-09-29 04:50:54.211 - INFO: Registered OSP permutation: #relations = 345,357,897, #blocks = 42,492, #triples = 1,593,245,022
2026-09-29 04:50:54.222 - INFO: Registered SPO permutation: #relations = 255,804,614, #blocks = 33,993, #triples = 1,593,245,022
2026-09-29 04:50:54.230 - INFO: Registered SOP permutation: #relations = 255,804,614, #blocks = 33,993, #triples = 1,593,245,022
2026-09-29 04:50:54.230 - INFO: Reading patterns from file /local/data-ssd/stoetzem/dblp/dblp.index.patterns ...
2026-09-29 04:50:54.230 - INFO: Sorting random result tables to estimate the sorting performance of this machine ...
2026-09-29 04:51:02.376 - INFO: Initializing server ...
2026-09-29 04:51:02.376 - INFO: No access token required for restricted API calls
2026-09-29 04:51:02.377 - INFO: The server is ready, listening for requests on port 7304 ...
2026-09-29 04:53:13.813 - INFO: 
2026-09-29 04:53:13.813 - INFO: Request received via GET, no content type specified
2026-09-29 04:53:13.813 - INFO: Processing command "clear-cache": clear the cache (unpinned elements only)
2026-09-29 04:53:13.832 - INFO: 
2026-09-29 04:53:13.832 - INFO: Request received via POST, content type "application/x-www-form-urlencoded"
2026-09-29 04:53:13.834 - INFO: Processing the following SPARQL query:
# Tier H-vocab — title literals, large
# Goal: external-vocabulary lookup pressure with larger bounded output.
PREFIX dblp: <https://dblp.org/rdf/schema#>

CONSTRUCT { ?paper dblp:title ?title }
WHERE {
  ?paper dblp:title ?title .
}
LIMIT 100000

2026-09-29 04:53:13.834 - INFO: Requested media types of the result are: "text/turtle"
2026-09-29 04:53:13.834 - INFO: Query planning done in 2 ms
2026-09-29 04:53:13.835 - INFO: Result has unknown size (not computed yet)
2026-09-29 04:53:14.124 - INFO: Heap allocations during the export: 849,088 (548,419,576 bytes)
2026-09-29 04:53:14.141 - INFO: Done processing query and sending result, total time was 309 ms
2026-09-29 04:55:34.696 - INFO: 
2026-09-29 04:55:34.696 - INFO: Request received via GET, no content type specified
2026-09-29 04:55:34.696 - INFO: Processing command "clear-cache": clear the cache (unpinned elements only)
2026-09-29 04:55:34.714 - INFO: 
2026-09-29 04:55:34.714 - INFO: Request received via POST, content type "application/x-www-form-urlencoded"
2026-09-29 04:55:34.714 - INFO: Processing the following SPARQL query:
# Tier H-vocab — title literals, 1,000,000 rows (10x H-vocab-title-large)
# Goal: the H-vocab-title-large shape with a response long enough (several
# seconds warm) for a timing verdict on the per-literal formatting cost.
PREFIX dblp: <https://dblp.org/rdf/schema#>

CONSTRUCT { ?paper dblp:title ?title }
WHERE {
  ?paper dblp:title ?title .
}
LIMIT 1000000

2026-09-29 04:55:34.714 - INFO: Requested media types of the result are: "text/turtle"
2026-09-29 04:55:34.714 - INFO: Query planning done in 0 ms
2026-09-29 04:55:34.715 - INFO: Result has unknown size (not computed yet)
2026-09-29 04:55:37.561 - INFO: Heap allocations during the export: 9,154,797 (5,882,252,020 bytes)
2026-09-29 04:55:37.578 - INFO: Done processing query and sending result, total time was 2,864 ms
2026-09-29 04:57:48.343 - INFO: 
2026-09-29 04:57:48.343 - INFO: Request received via GET, no content type specified
2026-09-29 04:57:48.343 - INFO: Processing command "clear-cache": clear the cache (unpinned elements only)
2026-09-29 04:57:48.361 - INFO: 
2026-09-29 04:57:48.361 - INFO: Request received via POST, content type "application/x-www-form-urlencoded"
2026-09-29 04:57:48.362 - INFO: Processing the following SPARQL query:
# Tier H — size-sweep
# Goal: isolate export cost from query-planning cost. Raise the year bound
# across runs, for example 1970, 1990, 2010, and 2023.
PREFIX dblp: <https://dblp.org/rdf/schema#>

CONSTRUCT { ?s ?p ?o }
WHERE {
  ?s a dblp:Publication ;
     dblp:yearOfPublication ?year ;
     ?p ?o .
  FILTER(?year <= "1970"^^<http://www.w3.org/2001/XMLSchema#gYear>)
}

2026-09-29 04:57:48.362 - INFO: Requested media types of the result are: "text/turtle"
2026-09-29 04:57:48.363 - INFO: Query planning done in 2 ms
2026-09-29 04:57:48.380 - INFO: Result has unknown size (not computed yet)
2026-09-29 04:57:48.937 - INFO: Heap allocations during the export: 2,371,413 (946,665,088 bytes)
2026-09-29 04:57:48.944 - INFO: Done processing query and sending result, total time was 582 ms
2026-09-29 05:00:49.787 - INFO: 
2026-09-29 05:00:49.787 - INFO: Request received via GET, no content type specified
2026-09-29 05:00:49.787 - INFO: Processing command "clear-cache": clear the cache (unpinned elements only)
2026-09-29 05:00:49.805 - INFO: 
2026-09-29 05:00:49.805 - INFO: Request received via POST, content type "application/x-www-form-urlencoded"
2026-09-29 05:00:49.805 - INFO: Processing the following SPARQL query:
# Tier H — size-sweep, year <= 1990
# Goal: isolate export cost from query-planning cost. Raise the year bound
# across runs, for example 1970, 1990, 2010, and 2023.
PREFIX dblp: <https://dblp.org/rdf/schema#>

CONSTRUCT { ?s ?p ?o }
WHERE {
  ?s a dblp:Publication ;
     dblp:yearOfPublication ?year ;
     ?p ?o .
  FILTER(?year <= "1990"^^<http://www.w3.org/2001/XMLSchema#gYear>)
}

2026-09-29 05:00:49.805 - INFO: Requested media types of the result are: "text/turtle"
2026-09-29 05:00:49.806 - INFO: Query planning done in 1 ms
2026-09-29 05:00:49.875 - INFO: Result has unknown size (not computed yet)
2026-09-29 05:00:56.143 - INFO: Heap allocations during the export: 31,270,078 (11,354,965,897 bytes)
2026-09-29 05:00:56.151 - INFO: Done processing query and sending result, total time was 6,346 ms
