2026-09-29 04:51:03.103 - INFO: [1mQLever server v0.6.0-242-g91267256d, compiled on Mon Sep 28 20:41:08 UTC 2026 using git hash 9126725[22m
2026-09-29 04:51:03.103 - INFO: Runtime parameter set from the command line: use-fast-export-stream-formatter=true
2026-09-29 04:51:03.103 - INFO: Cleanup of previous index directories after each rebuild enabled (--rebuild-keep-previous-index-dirs original-and-most-recent)
2026-09-29 04:51:03.103 - INFO: The git hash used to build this index was "65f84b4"
2026-09-29 04:51:03.103 - INFO: Reading vocabulary from file /local/data-ssd/stoetzem/dblp/dblp.vocabulary.words ...
2026-09-29 04:51:03.110 - INFO: Done, number of words: 446,944,668
2026-09-29 04:51:03.110 - INFO: Number of words in internal vocabulary (these are also part of the external vocabulary): 446,955
2026-09-29 04:51:03.114 - INFO: Registered PSO permutation: #relations = 6, #blocks = 8,187, #triples = 255,805,025
2026-09-29 04:51:03.133 - INFO: Registered PSO permutation: #relations = 96, #blocks = 51,023, #triples = 1,593,245,022
2026-09-29 04:51:03.135 - INFO: Registered POS permutation: #relations = 6, #blocks = 8,187, #triples = 255,805,025
2026-09-29 04:51:03.154 - INFO: Registered POS permutation: #relations = 96, #blocks = 51,023, #triples = 1,593,245,022
2026-09-29 04:51:03.170 - INFO: Registered OPS permutation: #relations = 345,357,897, #blocks = 42,492, #triples = 1,593,245,022
2026-09-29 04:51:03.186 - INFO: Registered OSP permutation: #relations = 345,357,897, #blocks = 42,492, #triples = 1,593,245,022
2026-09-29 04:51:03.197 - INFO: Registered SPO permutation: #relations = 255,804,614, #blocks = 33,993, #triples = 1,593,245,022
2026-09-29 04:51:03.205 - INFO: Registered SOP permutation: #relations = 255,804,614, #blocks = 33,993, #triples = 1,593,245,022
2026-09-29 04:51:03.205 - INFO: Reading patterns from file /local/data-ssd/stoetzem/dblp/dblp.index.patterns ...
2026-09-29 04:51:03.205 - INFO: Sorting random result tables to estimate the sorting performance of this machine ...
2026-09-29 04:51:11.233 - INFO: Initializing server ...
2026-09-29 04:51:11.233 - INFO: No access token required for restricted API calls
2026-09-29 04:51:11.233 - INFO: The server is ready, listening for requests on port 7305 ...
2026-09-29 04:53:15.163 - INFO: 
2026-09-29 04:53:15.163 - INFO: Request received via GET, no content type specified
2026-09-29 04:53:15.163 - INFO: Processing command "clear-cache": clear the cache (unpinned elements only)
2026-09-29 04:53:15.181 - INFO: 
2026-09-29 04:53:15.181 - INFO: Request received via POST, content type "application/x-www-form-urlencoded"
2026-09-29 04:53:15.183 - INFO: Processing the following SPARQL query:
# Tier H-vocab — title literals, large
# Goal: external-vocabulary lookup pressure with larger bounded output.
PREFIX dblp: <https://dblp.org/rdf/schema#>

CONSTRUCT { ?paper dblp:title ?title }
WHERE {
  ?paper dblp:title ?title .
}
LIMIT 100000

2026-09-29 04:53:15.183 - INFO: Requested media types of the result are: "text/turtle"
2026-09-29 04:53:15.184 - INFO: Query planning done in 2 ms
2026-09-29 04:53:15.184 - INFO: Result has unknown size (not computed yet)
2026-09-29 04:53:15.458 - INFO: Heap allocations during the export: 386,146 (527,158,248 bytes)
2026-09-29 04:53:15.475 - INFO: Done processing query and sending result, total time was 294 ms
2026-09-29 04:55:38.601 - INFO: 
2026-09-29 04:55:38.601 - INFO: Request received via GET, no content type specified
2026-09-29 04:55:38.601 - INFO: Processing command "clear-cache": clear the cache (unpinned elements only)
2026-09-29 04:55:38.619 - INFO: 
2026-09-29 04:55:38.619 - INFO: Request received via POST, content type "application/x-www-form-urlencoded"
2026-09-29 04:55:38.619 - INFO: Processing the following SPARQL query:
# Tier H-vocab — title literals, 1,000,000 rows (10x H-vocab-title-large)
# Goal: the H-vocab-title-large shape with a response long enough (several
# seconds warm) for a timing verdict on the per-literal formatting cost.
PREFIX dblp: <https://dblp.org/rdf/schema#>

CONSTRUCT { ?paper dblp:title ?title }
WHERE {
  ?paper dblp:title ?title .
}
LIMIT 1000000

2026-09-29 04:55:38.619 - INFO: Requested media types of the result are: "text/turtle"
2026-09-29 04:55:38.620 - INFO: Query planning done in 0 ms
2026-09-29 04:55:38.620 - INFO: Result has unknown size (not computed yet)
2026-09-29 04:55:41.218 - INFO: Heap allocations during the export: 4,178,747 (5,640,792,901 bytes)
2026-09-29 04:55:41.234 - INFO: Done processing query and sending result, total time was 2,615 ms
2026-09-29 04:57:49.964 - INFO: 
2026-09-29 04:57:49.964 - INFO: Request received via GET, no content type specified
2026-09-29 04:57:49.964 - INFO: Processing command "clear-cache": clear the cache (unpinned elements only)
2026-09-29 04:57:49.982 - INFO: 
2026-09-29 04:57:49.982 - INFO: Request received via POST, content type "application/x-www-form-urlencoded"
2026-09-29 04:57:49.983 - INFO: Processing the following SPARQL query:
# Tier H — size-sweep
# Goal: isolate export cost from query-planning cost. Raise the year bound
# across runs, for example 1970, 1990, 2010, and 2023.
PREFIX dblp: <https://dblp.org/rdf/schema#>

CONSTRUCT { ?s ?p ?o }
WHERE {
  ?s a dblp:Publication ;
     dblp:yearOfPublication ?year ;
     ?p ?o .
  FILTER(?year <= "1970"^^<http://www.w3.org/2001/XMLSchema#gYear>)
}

2026-09-29 04:57:49.983 - INFO: Requested media types of the result are: "text/turtle"
2026-09-29 04:57:49.985 - INFO: Query planning done in 2 ms
2026-09-29 04:57:50.000 - INFO: Result has unknown size (not computed yet)
2026-09-29 04:57:50.512 - INFO: Heap allocations during the export: 519,344 (886,998,547 bytes)
2026-09-29 04:57:50.518 - INFO: Done processing query and sending result, total time was 536 ms
2026-09-29 05:00:57.172 - INFO: 
2026-09-29 05:00:57.172 - INFO: Request received via GET, no content type specified
2026-09-29 05:00:57.172 - INFO: Processing command "clear-cache": clear the cache (unpinned elements only)
2026-09-29 05:00:57.190 - INFO: 
2026-09-29 05:00:57.190 - INFO: Request received via POST, content type "application/x-www-form-urlencoded"
2026-09-29 05:00:57.190 - INFO: Processing the following SPARQL query:
# Tier H — size-sweep, year <= 1990
# Goal: isolate export cost from query-planning cost. Raise the year bound
# across runs, for example 1970, 1990, 2010, and 2023.
PREFIX dblp: <https://dblp.org/rdf/schema#>

CONSTRUCT { ?s ?p ?o }
WHERE {
  ?s a dblp:Publication ;
     dblp:yearOfPublication ?year ;
     ?p ?o .
  FILTER(?year <= "1990"^^<http://www.w3.org/2001/XMLSchema#gYear>)
}

2026-09-29 05:00:57.190 - INFO: Requested media types of the result are: "text/turtle"
2026-09-29 05:00:57.191 - INFO: Query planning done in 1 ms
2026-09-29 05:00:57.260 - INFO: Result has unknown size (not computed yet)
2026-09-29 05:01:03.028 - INFO: Heap allocations during the export: 6,787,658 (10,519,525,303 bytes)
2026-09-29 05:01:03.036 - INFO: Done processing query and sending result, total time was 5,845 ms
