2026-09-28 23:05:55.017 - INFO: [1mQLever server CIKM-2691-g476247bc2, compiled on Mon Sep 28 18:22:56 UTC 2026 using git hash 476247b[22m
2026-09-28 23:05:55.017 - INFO: Runtime parameter set from the command line: vocabulary-iouring-page-cache-fast-path=false
2026-09-28 23:05:55.017 - INFO: Runtime parameter set from the command line: vocabulary-bench-fadvise-random=false
2026-09-28 23:05:55.017 - INFO: Cleanup of previous index directories after each rebuild enabled (--rebuild-keep-previous-index-dirs original-and-most-recent)
2026-09-28 23:05:55.025 - INFO: The git hash used to build this index was "65f84b4"
2026-09-28 23:05:55.025 - INFO: Reading vocabulary from file /local/data-ssd/stoetzem/qlever-indices/dblp/dblp.vocabulary.words ...
2026-09-28 23:05:55.040 - INFO: Done, number of words: 446,944,668
2026-09-28 23:05:55.040 - INFO: Number of words in internal vocabulary (these are also part of the external vocabulary): 446,955
2026-09-28 23:05:55.048 - INFO: Registered PSO permutation: #relations = 6, #blocks = 8,187, #triples = 255,805,025
2026-09-28 23:05:55.070 - INFO: Registered PSO permutation: #relations = 96, #blocks = 51,023, #triples = 1,593,245,022
2026-09-28 23:05:55.073 - INFO: Registered POS permutation: #relations = 6, #blocks = 8,187, #triples = 255,805,025
2026-09-28 23:05:55.095 - INFO: Registered POS permutation: #relations = 96, #blocks = 51,023, #triples = 1,593,245,022
2026-09-28 23:05:55.113 - INFO: Registered OPS permutation: #relations = 345,357,897, #blocks = 42,492, #triples = 1,593,245,022
2026-09-28 23:05:55.131 - INFO: Registered OSP permutation: #relations = 345,357,897, #blocks = 42,492, #triples = 1,593,245,022
2026-09-28 23:05:55.143 - INFO: Registered SPO permutation: #relations = 255,804,614, #blocks = 33,993, #triples = 1,593,245,022
2026-09-28 23:05:55.153 - INFO: Registered SOP permutation: #relations = 255,804,614, #blocks = 33,993, #triples = 1,593,245,022
2026-09-28 23:05:55.153 - INFO: Reading patterns from file /local/data-ssd/stoetzem/qlever-indices/dblp/dblp.index.patterns ...
2026-09-28 23:05:55.153 - INFO: Sorting random result tables to estimate the sorting performance of this machine ...
2026-09-28 23:06:03.200 - INFO: Initializing server ...
2026-09-28 23:06:03.200 - INFO: No access token required for restricted API calls
2026-09-28 23:06:03.200 - INFO: The server is ready, listening for requests on port 7015 ...
2026-09-28 23:06:03.366 - INFO: 
2026-09-28 23:06:03.366 - INFO: Request received via POST, content type "application/x-www-form-urlencoded"
2026-09-28 23:06:03.369 - INFO: Processing the following SPARQL query:
# Tier H — size-sweep
# Goal: isolate export cost from query-planning cost. Raise the year bound
# across runs, for example 1970, 1990, 2010, and 2023.
PREFIX dblp: <https://dblp.org/rdf/schema#>

CONSTRUCT { ?s ?p ?o }
WHERE {
  ?s a dblp:Publication ;
     dblp:yearOfPublication ?year ;
     ?p ?o .
  FILTER(?year <= "1970"^^<http://www.w3.org/2001/XMLSchema#gYear>)
}

2026-09-28 23:06:03.369 - INFO: Requested media types of the result are: "text/turtle"
2026-09-28 23:06:03.386 - INFO: Query planning done in 20 ms
2026-09-28 23:06:03.428 - INFO: Result has unknown size (not computed yet)
FASTPATH_STATS calls=185 offsetPairs=26744 offsetPairHits=0 offsetPairsRing=26744 offsetRuns=0 offsetRunHits=0 words=26744 wordHits=0 wordsRing=26744 wordBytes=448338 wordHitBytes=0 preadvCalls=0 preadvFull=0 preadvEagain=0 preadvPartial=0 fadviseCalls=0
FASTPATH_STATS calls=340 offsetPairs=48615 offsetPairHits=0 offsetPairsRing=48615 offsetRuns=0 offsetRunHits=0 words=48615 wordHits=0 wordsRing=48615 wordBytes=811655 wordHitBytes=0 preadvCalls=0 preadvFull=0 preadvEagain=0 preadvPartial=0 fadviseCalls=0
FASTPATH_STATS calls=512 offsetPairs=72504 offsetPairHits=0 offsetPairsRing=72504 offsetRuns=0 offsetRunHits=0 words=72238 wordHits=0 wordsRing=72238 wordBytes=1202796 wordHitBytes=0 preadvCalls=0 preadvFull=0 preadvEagain=0 preadvPartial=0 fadviseCalls=0
FASTPATH_STATS calls=675 offsetPairs=96801 offsetPairHits=0 offsetPairsRing=96801 offsetRuns=0 offsetRunHits=0 words=96801 wordHits=0 wordsRing=96801 wordBytes=1621388 wordHitBytes=0 preadvCalls=0 preadvFull=0 preadvEagain=0 preadvPartial=0 fadviseCalls=0
FASTPATH_STATS calls=856 offsetPairs=123140 offsetPairHits=0 offsetPairsRing=123140 offsetRuns=0 offsetRunHits=0 words=123140 wordHits=0 wordsRing=123140 wordBytes=2066455 wordHitBytes=0 preadvCalls=0 preadvFull=0 preadvEagain=0 preadvPartial=0 fadviseCalls=0
2026-09-28 23:06:04.612 - INFO: Done processing query and sending result, total time was 1,246 ms
