2026-08-12 19:12:07.097 - INFO: [1mQLever server CIKM-2494-gc801fe1b, compiled on Wed Aug 12 06:40:36 PM CEST 2026 using git hash c801fe1[22m
2026-08-12 19:12:07.097 - INFO: Cleanup of previous index directories after each rebuild enabled (--rebuild-keep-previous-index-dirs original-and-most-recent)
2026-08-12 19:12:07.099 - INFO: The git hash used to build this index was "65f84b4"
2026-08-12 19:12:07.099 - INFO: Reading vocabulary from file /local/data-ssd/stoetzem/dblp/dblp.vocabulary.words ...
2026-08-12 19:12:07.118 - INFO: Done, number of words: 446,944,668
2026-08-12 19:12:07.118 - INFO: Number of words in internal vocabulary (these are also part of the external vocabulary): 446,955
2026-08-12 19:12:07.124 - INFO: Registered PSO permutation: #relations = 6, #blocks = 8,187, #triples = 255,805,025
2026-08-12 19:12:07.147 - INFO: Registered PSO permutation: #relations = 96, #blocks = 51,023, #triples = 1,593,245,022
2026-08-12 19:12:07.150 - INFO: Registered POS permutation: #relations = 6, #blocks = 8,187, #triples = 255,805,025
2026-08-12 19:12:07.171 - INFO: Registered POS permutation: #relations = 96, #blocks = 51,023, #triples = 1,593,245,022
2026-08-12 19:12:07.189 - INFO: Registered OPS permutation: #relations = 345,357,897, #blocks = 42,492, #triples = 1,593,245,022
2026-08-12 19:12:07.208 - INFO: Registered OSP permutation: #relations = 345,357,897, #blocks = 42,492, #triples = 1,593,245,022
2026-08-12 19:12:07.220 - INFO: Registered SPO permutation: #relations = 255,804,614, #blocks = 33,993, #triples = 1,593,245,022
2026-08-12 19:12:07.231 - INFO: Registered SOP permutation: #relations = 255,804,614, #blocks = 33,993, #triples = 1,593,245,022
2026-08-12 19:12:07.231 - INFO: Reading patterns from file /local/data-ssd/stoetzem/dblp/dblp.index.patterns ...
2026-08-12 19:12:07.231 - INFO: Sorting random result tables to estimate the sorting performance of this machine ...
2026-08-12 19:12:11.869 - INFO: Initializing server ...
2026-08-12 19:12:11.869 - INFO: No access token required for restricted API calls
2026-08-12 19:12:11.869 - INFO: The server is ready, listening for requests on port 7015 ...
2026-08-12 19:12:12.144 - INFO: 
2026-08-12 19:12:12.144 - INFO: Request received via POST, content type "application/x-www-form-urlencoded"
2026-08-12 19:12:12.147 - INFO: Processing the following SPARQL query:
# Tier H — size-sweep (SELECT variant)
# Goal: isolate SELECT CSV/TSV export cost from query-planning cost. Raise
# the year bound across runs, for example 1970, 1990, 2010, and 2023.
PREFIX dblp: <https://dblp.org/rdf/schema#>

SELECT ?s ?p ?o
WHERE {
  ?s a dblp:Publication ;
     dblp:yearOfPublication ?year ;
     ?p ?o .
  FILTER(?year <= "1970"^^<http://www.w3.org/2001/XMLSchema#gYear>)
}

2026-08-12 19:12:12.147 - INFO: Requested media types of the result are: "text/csv"
2026-08-12 19:12:12.171 - INFO: Query planning done in 26 ms
2026-08-12 19:12:12.197 - INFO: Result has unknown size (not computed yet)
2026-08-12 19:12:17.430 - INFO: Done processing query and sending result, total time was 5,285 ms
2026-08-12 19:12:17.450 - INFO: 
2026-08-12 19:12:17.450 - INFO: Request received via GET, no content type specified
2026-08-12 19:12:17.450 - INFO: Processing command "cache-stats": get cache statistics
2026-08-12 19:12:17.469 - INFO: 
2026-08-12 19:12:17.469 - INFO: Request received via POST, content type "application/x-www-form-urlencoded"
2026-08-12 19:12:17.469 - INFO: Processing the following SPARQL query:
# Tier H — size-sweep (SELECT variant)
# Goal: isolate SELECT CSV/TSV export cost from query-planning cost. Raise
# the year bound across runs, for example 1970, 1990, 2010, and 2023.
PREFIX dblp: <https://dblp.org/rdf/schema#>

SELECT ?s ?p ?o
WHERE {
  ?s a dblp:Publication ;
     dblp:yearOfPublication ?year ;
     ?p ?o .
  FILTER(?year <= "1970"^^<http://www.w3.org/2001/XMLSchema#gYear>)
}

2026-08-12 19:12:17.469 - INFO: Requested media types of the result are: "text/csv"
2026-08-12 19:12:17.470 - INFO: Query planning done in 1 ms
2026-08-12 19:12:17.491 - INFO: Result has unknown size (not computed yet)
2026-08-12 19:12:19.801 - INFO: Done processing query and sending result, total time was 2,332 ms
2026-08-12 19:12:19.822 - INFO: 
2026-08-12 19:12:19.823 - INFO: Request received via GET, no content type specified
2026-08-12 19:12:19.823 - INFO: Processing command "cache-stats": get cache statistics
