2026-09-29 07:06:04.915 - INFO: [1mQLever server CIKM-2691-g476247bc2, compiled on Mon Sep 28 18:22:56 UTC 2026 using git hash 476247b[22m
2026-09-29 07:06:04.915 - INFO: Runtime parameter set from the command line: vocabulary-iouring-page-cache-fast-path=false
2026-09-29 07:06:04.915 - INFO: Runtime parameter set from the command line: vocabulary-bench-fadvise-random=true
2026-09-29 07:06:04.915 - INFO: Cleanup of previous index directories after each rebuild enabled (--rebuild-keep-previous-index-dirs original-and-most-recent)
2026-09-29 07:06:04.916 - INFO: The git hash used to build this index was "65f84b4"
2026-09-29 07:06:04.917 - INFO: Reading vocabulary from file /local/data-ssd/stoetzem/wikidata/wikidata.vocabulary.words ...
2026-09-29 07:06:17.970 - INFO: Done, number of words: 1,580,300,680
2026-09-29 07:06:17.973 - INFO: Number of words in internal vocabulary (these are also part of the external vocabulary): 777,658,536
2026-09-29 07:06:18.057 - INFO: Registered PSO permutation: #relations = 10,100, #blocks = 225,155, #triples = 6,983,973,847
2026-09-29 07:06:18.164 - INFO: Registered PSO permutation: #relations = 13,566, #blocks = 264,339, #triples = 8,220,417,022
2026-09-29 07:06:18.241 - INFO: Registered POS permutation: #relations = 10,100, #blocks = 225,155, #triples = 6,983,973,847
2026-09-29 07:06:18.344 - INFO: Registered POS permutation: #relations = 13,566, #blocks = 264,339, #triples = 8,220,417,022
2026-09-29 07:06:18.431 - INFO: Registered OPS permutation: #relations = 1,683,253,489, #blocks = 222,728, #triples = 8,220,417,022
2026-09-29 07:06:18.518 - INFO: Registered OSP permutation: #relations = 1,683,253,489, #blocks = 222,728, #triples = 8,220,417,022
2026-09-29 07:06:18.578 - INFO: Registered SPO permutation: #relations = 252,534,289, #blocks = 175,741, #triples = 8,220,417,022
2026-09-29 07:06:18.637 - INFO: Registered SOP permutation: #relations = 252,534,289, #blocks = 175,741, #triples = 8,220,417,022
2026-09-29 07:06:18.637 - INFO: Reading patterns from file /local/data-ssd/stoetzem/wikidata/wikidata.index.patterns ...
2026-09-29 07:06:20.065 - INFO: Sorting random result tables to estimate the sorting performance of this machine ...
2026-09-29 07:06:27.814 - INFO: Initializing server ...
2026-09-29 07:06:27.814 - INFO: No access token required for restricted API calls
2026-09-29 07:06:27.814 - INFO: The server is ready, listening for requests on port 7015 ...
2026-09-29 07:06:28.020 - INFO: 
2026-09-29 07:06:28.020 - INFO: Request received via POST, content type "application/x-www-form-urlencoded"
2026-09-29 07:06:28.023 - INFO: Processing the following SPARQL query:
# Tier H-vocab — German labels, large
# Physical: P+O bound scan of wdt:P31 wd:Q5 (class postings), then
# S+P bound SPO scan of rdfs:label. LANG(?label) maps label IDs to
# strings. CONSTRUCT writes entity IRI + label.
# Targets: large sequential class scan with EXTERNAL vocabulary words.
# German is not in languages-internal (only "en"), so QLever's
# shouldLiteralBeExternalized places every de literal in the external
# tier (src/index/vocabulary/Vocabulary.cpp). Same shape as
# H-vocab-label-large.rq, but every lookup is a guaranteed external
# miss on cold caches.
PREFIX wd: <http://www.wikidata.org/entity/>
PREFIX wdt: <http://www.wikidata.org/prop/direct/>
PREFIX rdfs: <http://www.w3.org/2000/01/rdf-schema#>

CONSTRUCT { ?entity rdfs:label ?label }
WHERE {
  ?entity wdt:P31 wd:Q5 .
  ?entity rdfs:label ?label .
  FILTER(LANG(?label) = "de")
}

2026-09-29 07:06:28.023 - INFO: Requested media types of the result are: "text/turtle"
2026-09-29 07:06:28.025 - INFO: Query planning done in 4 ms
2026-09-29 07:06:28.025 - INFO: Result has unknown size (not computed yet)
FASTPATH_STATS calls=9 offsetPairs=9159 offsetPairHits=0 offsetPairsRing=9159 offsetRuns=0 offsetRunHits=0 words=9159 wordHits=0 wordsRing=9159 wordBytes=88440 wordHitBytes=0 preadvCalls=0 preadvFull=0 preadvEagain=0 preadvPartial=0 fadviseCalls=9
FASTPATH_STATS calls=20 offsetPairs=20339 offsetPairHits=0 offsetPairsRing=20339 offsetRuns=0 offsetRunHits=0 words=19319 wordHits=0 wordsRing=19319 wordBytes=186152 wordHitBytes=0 preadvCalls=0 preadvFull=0 preadvEagain=0 preadvPartial=0 fadviseCalls=20
FASTPATH_STATS calls=31 offsetPairs=31566 offsetPairHits=0 offsetPairsRing=31566 offsetRuns=0 offsetRunHits=0 words=31566 wordHits=0 wordsRing=31566 wordBytes=300171 wordHitBytes=0 preadvCalls=0 preadvFull=0 preadvEagain=0 preadvPartial=0 fadviseCalls=31
FASTPATH_STATS calls=44 offsetPairs=44842 offsetPairHits=0 offsetPairsRing=44842 offsetRuns=0 offsetRunHits=0 words=44842 wordHits=0 wordsRing=44842 wordBytes=426863 wordHitBytes=0 preadvCalls=0 preadvFull=0 preadvEagain=0 preadvPartial=0 fadviseCalls=44
FASTPATH_STATS calls=61 offsetPairs=62115 offsetPairHits=0 offsetPairsRing=62115 offsetRuns=0 offsetRunHits=0 words=61100 wordHits=0 wordsRing=61100 wordBytes=615286 wordHitBytes=0 preadvCalls=0 preadvFull=0 preadvEagain=0 preadvPartial=0 fadviseCalls=61
FASTPATH_STATS calls=75 offsetPairs=76316 offsetPairHits=0 offsetPairsRing=76316 offsetRuns=0 offsetRunHits=0 words=76316 wordHits=0 wordsRing=76316 wordBytes=779709 wordHitBytes=0 preadvCalls=0 preadvFull=0 preadvEagain=0 preadvPartial=0 fadviseCalls=75
FASTPATH_STATS calls=92 offsetPairs=92362 offsetPairHits=0 offsetPairsRing=92362 offsetRuns=0 offsetRunHits=0 words=91339 wordHits=0 wordsRing=91339 wordBytes=922625 wordHitBytes=0 preadvCalls=0 preadvFull=0 preadvEagain=0 preadvPartial=0 fadviseCalls=92
FASTPATH_STATS calls=113 offsetPairs=110601 offsetPairHits=0 offsetPairsRing=110601 offsetRuns=0 offsetRunHits=0 words=109583 wordHits=0 wordsRing=109583 wordBytes=1096251 wordHitBytes=0 preadvCalls=0 preadvFull=0 preadvEagain=0 preadvPartial=0 fadviseCalls=113
FASTPATH_STATS calls=127 offsetPairs=124620 offsetPairHits=0 offsetPairsRing=124620 offsetRuns=0 offsetRunHits=0 words=123605 wordHits=0 wordsRing=123605 wordBytes=1231071 wordHitBytes=0 preadvCalls=0 preadvFull=0 preadvEagain=0 preadvPartial=0 fadviseCalls=127
FASTPATH_STATS calls=140 offsetPairs=137796 offsetPairHits=0 offsetPairsRing=137796 offsetRuns=0 offsetRunHits=0 words=136775 wordHits=0 wordsRing=136775 wordBytes=1357362 wordHitBytes=0 preadvCalls=0 preadvFull=0 preadvEagain=0 preadvPartial=0 fadviseCalls=140
FASTPATH_STATS calls=154 offsetPairs=152004 offsetPairHits=0 offsetPairsRing=152004 offsetRuns=0 offsetRunHits=0 words=151002 wordHits=0 wordsRing=151002 wordBytes=1499819 wordHitBytes=0 preadvCalls=0 preadvFull=0 preadvEagain=0 preadvPartial=0 fadviseCalls=154
FASTPATH_STATS calls=168 offsetPairs=166267 offsetPairHits=0 offsetPairsRing=166267 offsetRuns=0 offsetRunHits=0 words=166267 wordHits=0 wordsRing=166267 wordBytes=1651748 wordHitBytes=0 preadvCalls=0 preadvFull=0 preadvEagain=0 preadvPartial=0 fadviseCalls=168
FASTPATH_STATS calls=183 offsetPairs=181455 offsetPairHits=0 offsetPairsRing=181455 offsetRuns=0 offsetRunHits=0 words=180435 wordHits=0 wordsRing=180435 wordBytes=1792333 wordHitBytes=0 preadvCalls=0 preadvFull=0 preadvEagain=0 preadvPartial=0 fadviseCalls=183
FASTPATH_STATS calls=196 offsetPairs=194664 offsetPairHits=0 offsetPairsRing=194664 offsetRuns=0 offsetRunHits=0 words=194664 wordHits=0 wordsRing=194664 wordBytes=1930392 wordHitBytes=0 preadvCalls=0 preadvFull=0 preadvEagain=0 preadvPartial=0 fadviseCalls=196
FASTPATH_STATS calls=211 offsetPairs=209429 offsetPairHits=0 offsetPairsRing=209429 offsetRuns=0 offsetRunHits=0 words=209429 wordHits=0 wordsRing=209429 wordBytes=2070760 wordHitBytes=0 preadvCalls=0 preadvFull=0 preadvEagain=0 preadvPartial=0 fadviseCalls=211
FASTPATH_STATS calls=229 offsetPairs=227656 offsetPairHits=0 offsetPairsRing=227656 offsetRuns=0 offsetRunHits=0 words=226645 wordHits=0 wordsRing=226645 wordBytes=2238920 wordHitBytes=0 preadvCalls=0 preadvFull=0 preadvEagain=0 preadvPartial=0 fadviseCalls=229
FASTPATH_STATS calls=247 offsetPairs=245705 offsetPairHits=0 offsetPairsRing=245705 offsetRuns=0 offsetRunHits=0 words=245705 wordHits=0 wordsRing=245705 wordBytes=2421322 wordHitBytes=0 preadvCalls=0 preadvFull=0 preadvEagain=0 preadvPartial=0 fadviseCalls=247
FASTPATH_STATS calls=267 offsetPairs=265348 offsetPairHits=0 offsetPairsRing=265348 offsetRuns=0 offsetRunHits=0 words=265348 wordHits=0 wordsRing=265348 wordBytes=2625074 wordHitBytes=0 preadvCalls=0 preadvFull=0 preadvEagain=0 preadvPartial=0 fadviseCalls=267
FASTPATH_STATS calls=286 offsetPairs=284579 offsetPairHits=0 offsetPairsRing=284579 offsetRuns=0 offsetRunHits=0 words=283564 wordHits=0 wordsRing=283564 wordBytes=2800645 wordHitBytes=0 preadvCalls=0 preadvFull=0 preadvEagain=0 preadvPartial=0 fadviseCalls=286
FASTPATH_STATS calls=306 offsetPairs=304957 offsetPairHits=0 offsetPairsRing=304957 offsetRuns=0 offsetRunHits=0 words=304957 wordHits=0 wordsRing=304957 wordBytes=3003244 wordHitBytes=0 preadvCalls=0 preadvFull=0 preadvEagain=0 preadvPartial=0 fadviseCalls=306
FASTPATH_STATS calls=328 offsetPairs=327070 offsetPairHits=0 offsetPairsRing=327070 offsetRuns=0 offsetRunHits=0 words=327070 wordHits=0 wordsRing=327070 wordBytes=3217228 wordHitBytes=0 preadvCalls=0 preadvFull=0 preadvEagain=0 preadvPartial=0 fadviseCalls=328
FASTPATH_STATS calls=350 offsetPairs=349408 offsetPairHits=0 offsetPairsRing=349408 offsetRuns=0 offsetRunHits=0 words=348388 wordHits=0 wordsRing=348388 wordBytes=3426339 wordHitBytes=0 preadvCalls=0 preadvFull=0 preadvEagain=0 preadvPartial=0 fadviseCalls=350
FASTPATH_STATS calls=372 offsetPairs=371702 offsetPairHits=0 offsetPairsRing=371702 offsetRuns=0 offsetRunHits=0 words=371702 wordHits=0 wordsRing=371702 wordBytes=3649265 wordHitBytes=0 preadvCalls=0 preadvFull=0 preadvEagain=0 preadvPartial=0 fadviseCalls=372
FASTPATH_STATS calls=394 offsetPairs=392890 offsetPairHits=0 offsetPairsRing=392890 offsetRuns=0 offsetRunHits=0 words=392890 wordHits=0 wordsRing=392890 wordBytes=3855335 wordHitBytes=0 preadvCalls=0 preadvFull=0 preadvEagain=0 preadvPartial=0 fadviseCalls=394
FASTPATH_STATS calls=417 offsetPairs=415163 offsetPairHits=0 offsetPairsRing=415163 offsetRuns=0 offsetRunHits=0 words=415163 wordHits=0 wordsRing=415163 wordBytes=4075720 wordHitBytes=0 preadvCalls=0 preadvFull=0 preadvEagain=0 preadvPartial=0 fadviseCalls=417
FASTPATH_STATS calls=445 offsetPairs=443420 offsetPairHits=0 offsetPairsRing=443420 offsetRuns=0 offsetRunHits=0 words=443420 wordHits=0 wordsRing=443420 wordBytes=4349089 wordHitBytes=0 preadvCalls=0 preadvFull=0 preadvEagain=0 preadvPartial=0 fadviseCalls=445
FASTPATH_STATS calls=470 offsetPairs=468942 offsetPairHits=0 offsetPairsRing=468942 offsetRuns=0 offsetRunHits=0 words=467926 wordHits=0 wordsRing=467926 wordBytes=4572361 wordHitBytes=0 preadvCalls=0 preadvFull=0 preadvEagain=0 preadvPartial=0 fadviseCalls=470
FASTPATH_STATS calls=494 offsetPairs=493154 offsetPairHits=0 offsetPairsRing=493154 offsetRuns=0 offsetRunHits=0 words=493154 wordHits=0 wordsRing=493154 wordBytes=4816614 wordHitBytes=0 preadvCalls=0 preadvFull=0 preadvEagain=0 preadvPartial=0 fadviseCalls=494
FASTPATH_STATS calls=517 offsetPairs=516611 offsetPairHits=0 offsetPairsRing=516611 offsetRuns=0 offsetRunHits=0 words=515587 wordHits=0 wordsRing=515587 wordBytes=5055697 wordHitBytes=0 preadvCalls=0 preadvFull=0 preadvEagain=0 preadvPartial=0 fadviseCalls=517
FASTPATH_STATS calls=538 offsetPairs=537880 offsetPairHits=0 offsetPairsRing=537880 offsetRuns=0 offsetRunHits=0 words=537880 wordHits=0 wordsRing=537880 wordBytes=5291202 wordHitBytes=0 preadvCalls=0 preadvFull=0 preadvEagain=0 preadvPartial=0 fadviseCalls=538
FASTPATH_STATS calls=560 offsetPairs=560400 offsetPairHits=0 offsetPairsRing=560400 offsetRuns=0 offsetRunHits=0 words=559376 wordHits=0 wordsRing=559376 wordBytes=5516006 wordHitBytes=0 preadvCalls=0 preadvFull=0 preadvEagain=0 preadvPartial=0 fadviseCalls=560
FASTPATH_STATS calls=581 offsetPairs=581862 offsetPairHits=0 offsetPairsRing=581862 offsetRuns=0 offsetRunHits=0 words=581862 wordHits=0 wordsRing=581862 wordBytes=5756165 wordHitBytes=0 preadvCalls=0 preadvFull=0 preadvEagain=0 preadvPartial=0 fadviseCalls=581
FASTPATH_STATS calls=606 offsetPairs=607268 offsetPairHits=0 offsetPairsRing=607268 offsetRuns=0 offsetRunHits=0 words=607268 wordHits=0 wordsRing=607268 wordBytes=6014515 wordHitBytes=0 preadvCalls=0 preadvFull=0 preadvEagain=0 preadvPartial=0 fadviseCalls=606
FASTPATH_STATS calls=632 offsetPairs=633358 offsetPairHits=0 offsetPairsRing=633358 offsetRuns=0 offsetRunHits=0 words=633358 wordHits=0 wordsRing=633358 wordBytes=6275913 wordHitBytes=0 preadvCalls=0 preadvFull=0 preadvEagain=0 preadvPartial=0 fadviseCalls=632
FASTPATH_STATS calls=656 offsetPairs=657721 offsetPairHits=0 offsetPairsRing=657721 offsetRuns=0 offsetRunHits=0 words=657721 wordHits=0 wordsRing=657721 wordBytes=6512720 wordHitBytes=0 preadvCalls=0 preadvFull=0 preadvEagain=0 preadvPartial=0 fadviseCalls=656
FASTPATH_STATS calls=684 offsetPairs=686122 offsetPairHits=0 offsetPairsRing=686122 offsetRuns=0 offsetRunHits=0 words=685118 wordHits=0 wordsRing=685118 wordBytes=6778316 wordHitBytes=0 preadvCalls=0 preadvFull=0 preadvEagain=0 preadvPartial=0 fadviseCalls=684
FASTPATH_STATS calls=710 offsetPairs=712300 offsetPairHits=0 offsetPairsRing=712300 offsetRuns=0 offsetRunHits=0 words=712300 wordHits=0 wordsRing=712300 wordBytes=7038496 wordHitBytes=0 preadvCalls=0 preadvFull=0 preadvEagain=0 preadvPartial=0 fadviseCalls=710
FASTPATH_STATS calls=735 offsetPairs=736843 offsetPairHits=0 offsetPairsRing=736843 offsetRuns=0 offsetRunHits=0 words=735834 wordHits=0 wordsRing=735834 wordBytes=7270181 wordHitBytes=0 preadvCalls=0 preadvFull=0 preadvEagain=0 preadvPartial=0 fadviseCalls=735
FASTPATH_STATS calls=761 offsetPairs=763044 offsetPairHits=0 offsetPairsRing=763044 offsetRuns=0 offsetRunHits=0 words=763044 wordHits=0 wordsRing=763044 wordBytes=7539581 wordHitBytes=0 preadvCalls=0 preadvFull=0 preadvEagain=0 preadvPartial=0 fadviseCalls=761
FASTPATH_STATS calls=786 offsetPairs=788332 offsetPairHits=0 offsetPairsRing=788332 offsetRuns=0 offsetRunHits=0 words=788332 wordHits=0 wordsRing=788332 wordBytes=7798730 wordHitBytes=0 preadvCalls=0 preadvFull=0 preadvEagain=0 preadvPartial=0 fadviseCalls=786
FASTPATH_STATS calls=817 offsetPairs=819500 offsetPairHits=0 offsetPairsRing=819500 offsetRuns=0 offsetRunHits=0 words=819500 wordHits=0 wordsRing=819500 wordBytes=8106453 wordHitBytes=0 preadvCalls=0 preadvFull=0 preadvEagain=0 preadvPartial=0 fadviseCalls=817
FASTPATH_STATS calls=846 offsetPairs=848162 offsetPairHits=0 offsetPairsRing=848162 offsetRuns=0 offsetRunHits=0 words=848162 wordHits=0 wordsRing=848162 wordBytes=8399891 wordHitBytes=0 preadvCalls=0 preadvFull=0 preadvEagain=0 preadvPartial=0 fadviseCalls=846
FASTPATH_STATS calls=876 offsetPairs=878281 offsetPairHits=0 offsetPairsRing=878281 offsetRuns=0 offsetRunHits=0 words=877266 wordHits=0 wordsRing=877266 wordBytes=8689666 wordHitBytes=0 preadvCalls=0 preadvFull=0 preadvEagain=0 preadvPartial=0 fadviseCalls=876
FASTPATH_STATS calls=904 offsetPairs=906733 offsetPairHits=0 offsetPairsRing=906733 offsetRuns=0 offsetRunHits=0 words=906733 wordHits=0 wordsRing=906733 wordBytes=8980632 wordHitBytes=0 preadvCalls=0 preadvFull=0 preadvEagain=0 preadvPartial=0 fadviseCalls=904
FASTPATH_STATS calls=933 offsetPairs=935660 offsetPairHits=0 offsetPairsRing=935660 offsetRuns=0 offsetRunHits=0 words=935660 wordHits=0 wordsRing=935660 wordBytes=9260852 wordHitBytes=0 preadvCalls=0 preadvFull=0 preadvEagain=0 preadvPartial=0 fadviseCalls=933
FASTPATH_STATS calls=961 offsetPairs=964210 offsetPairHits=0 offsetPairsRing=964210 offsetRuns=0 offsetRunHits=0 words=964210 wordHits=0 wordsRing=964210 wordBytes=9534996 wordHitBytes=0 preadvCalls=0 preadvFull=0 preadvEagain=0 preadvPartial=0 fadviseCalls=961
FASTPATH_STATS calls=990 offsetPairs=993503 offsetPairHits=0 offsetPairsRing=993503 offsetRuns=0 offsetRunHits=0 words=992487 wordHits=0 wordsRing=992487 wordBytes=9820312 wordHitBytes=0 preadvCalls=0 preadvFull=0 preadvEagain=0 preadvPartial=0 fadviseCalls=990
FASTPATH_STATS calls=1024 offsetPairs=1028113 offsetPairHits=0 offsetPairsRing=1028113 offsetRuns=0 offsetRunHits=0 words=1028113 wordHits=0 wordsRing=1028113 wordBytes=10213115 wordHitBytes=0 preadvCalls=0 preadvFull=0 preadvEagain=0 preadvPartial=0 fadviseCalls=1024
FASTPATH_STATS calls=1061 offsetPairs=1064870 offsetPairHits=0 offsetPairsRing=1064870 offsetRuns=0 offsetRunHits=0 words=1063852 wordHits=0 wordsRing=1063852 wordBytes=10607618 wordHitBytes=0 preadvCalls=0 preadvFull=0 preadvEagain=0 preadvPartial=0 fadviseCalls=1061
FASTPATH_STATS calls=1089 offsetPairs=1093353 offsetPairHits=0 offsetPairsRing=1093353 offsetRuns=0 offsetRunHits=0 words=1092336 wordHits=0 wordsRing=1092336 wordBytes=10883592 wordHitBytes=0 preadvCalls=0 preadvFull=0 preadvEagain=0 preadvPartial=0 fadviseCalls=1089
FASTPATH_STATS calls=1126 offsetPairs=1130245 offsetPairHits=0 offsetPairsRing=1130245 offsetRuns=0 offsetRunHits=0 words=1129222 wordHits=0 wordsRing=1129222 wordBytes=11193514 wordHitBytes=0 preadvCalls=0 preadvFull=0 preadvEagain=0 preadvPartial=0 fadviseCalls=1126
FASTPATH_STATS calls=1153 offsetPairs=1157724 offsetPairHits=0 offsetPairsRing=1157724 offsetRuns=0 offsetRunHits=0 words=1157724 wordHits=0 wordsRing=1157724 wordBytes=11465663 wordHitBytes=0 preadvCalls=0 preadvFull=0 preadvEagain=0 preadvPartial=0 fadviseCalls=1153
FASTPATH_STATS calls=1183 offsetPairs=1188180 offsetPairHits=0 offsetPairsRing=1188180 offsetRuns=0 offsetRunHits=0 words=1187162 wordHits=0 wordsRing=1187162 wordBytes=11747964 wordHitBytes=0 preadvCalls=0 preadvFull=0 preadvEagain=0 preadvPartial=0 fadviseCalls=1183
FASTPATH_STATS calls=1216 offsetPairs=1221646 offsetPairHits=0 offsetPairsRing=1221646 offsetRuns=0 offsetRunHits=0 words=1220636 wordHits=0 wordsRing=1220636 wordBytes=12064292 wordHitBytes=0 preadvCalls=0 preadvFull=0 preadvEagain=0 preadvPartial=0 fadviseCalls=1216
FASTPATH_STATS calls=1243 offsetPairs=1248818 offsetPairHits=0 offsetPairsRing=1248818 offsetRuns=0 offsetRunHits=0 words=1248818 wordHits=0 wordsRing=1248818 wordBytes=12336010 wordHitBytes=0 preadvCalls=0 preadvFull=0 preadvEagain=0 preadvPartial=0 fadviseCalls=1243
FASTPATH_STATS calls=1277 offsetPairs=1283215 offsetPairHits=0 offsetPairsRing=1283215 offsetRuns=0 offsetRunHits=0 words=1282203 wordHits=0 wordsRing=1282203 wordBytes=12647150 wordHitBytes=0 preadvCalls=0 preadvFull=0 preadvEagain=0 preadvPartial=0 fadviseCalls=1277
FASTPATH_STATS calls=1307 offsetPairs=1313538 offsetPairHits=0 offsetPairsRing=1313538 offsetRuns=0 offsetRunHits=0 words=1312539 wordHits=0 wordsRing=1312539 wordBytes=12947644 wordHitBytes=0 preadvCalls=0 preadvFull=0 preadvEagain=0 preadvPartial=0 fadviseCalls=1307
FASTPATH_STATS calls=1334 offsetPairs=1340400 offsetPairHits=0 offsetPairsRing=1340400 offsetRuns=0 offsetRunHits=0 words=1340400 wordHits=0 wordsRing=1340400 wordBytes=13229198 wordHitBytes=0 preadvCalls=0 preadvFull=0 preadvEagain=0 preadvPartial=0 fadviseCalls=1334
FASTPATH_STATS calls=1366 offsetPairs=1372877 offsetPairHits=0 offsetPairsRing=1372877 offsetRuns=0 offsetRunHits=0 words=1372877 wordHits=0 wordsRing=1372877 wordBytes=13554369 wordHitBytes=0 preadvCalls=0 preadvFull=0 preadvEagain=0 preadvPartial=0 fadviseCalls=1366
FASTPATH_STATS calls=1404 offsetPairs=1411333 offsetPairHits=0 offsetPairsRing=1411333 offsetRuns=0 offsetRunHits=0 words=1410336 wordHits=0 wordsRing=1410336 wordBytes=13937236 wordHitBytes=0 preadvCalls=0 preadvFull=0 preadvEagain=0 preadvPartial=0 fadviseCalls=1404
FASTPATH_STATS calls=1439 offsetPairs=1445900 offsetPairHits=0 offsetPairsRing=1445900 offsetRuns=0 offsetRunHits=0 words=1445900 wordHits=0 wordsRing=1445900 wordBytes=14293141 wordHitBytes=0 preadvCalls=0 preadvFull=0 preadvEagain=0 preadvPartial=0 fadviseCalls=1439
FASTPATH_STATS calls=1472 offsetPairs=1479523 offsetPairHits=0 offsetPairsRing=1479523 offsetRuns=0 offsetRunHits=0 words=1478500 wordHits=0 wordsRing=1478500 wordBytes=14591564 wordHitBytes=0 preadvCalls=0 preadvFull=0 preadvEagain=0 preadvPartial=0 fadviseCalls=1472
FASTPATH_STATS calls=1508 offsetPairs=1515858 offsetPairHits=0 offsetPairsRing=1515858 offsetRuns=0 offsetRunHits=0 words=1514840 wordHits=0 wordsRing=1514840 wordBytes=14931938 wordHitBytes=0 preadvCalls=0 preadvFull=0 preadvEagain=0 preadvPartial=0 fadviseCalls=1508
FASTPATH_STATS calls=1544 offsetPairs=1552216 offsetPairHits=0 offsetPairsRing=1552216 offsetRuns=0 offsetRunHits=0 words=1552216 wordHits=0 wordsRing=1552216 wordBytes=15264060 wordHitBytes=0 preadvCalls=0 preadvFull=0 preadvEagain=0 preadvPartial=0 fadviseCalls=1544
FASTPATH_STATS calls=1578 offsetPairs=1586909 offsetPairHits=0 offsetPairsRing=1586909 offsetRuns=0 offsetRunHits=0 words=1585894 wordHits=0 wordsRing=1585894 wordBytes=15567547 wordHitBytes=0 preadvCalls=0 preadvFull=0 preadvEagain=0 preadvPartial=0 fadviseCalls=1578
FASTPATH_STATS calls=1614 offsetPairs=1623620 offsetPairHits=0 offsetPairsRing=1623620 offsetRuns=0 offsetRunHits=0 words=1623620 wordHits=0 wordsRing=1623620 wordBytes=15952574 wordHitBytes=0 preadvCalls=0 preadvFull=0 preadvEagain=0 preadvPartial=0 fadviseCalls=1614
FASTPATH_STATS calls=1648 offsetPairs=1657358 offsetPairHits=0 offsetPairsRing=1657358 offsetRuns=0 offsetRunHits=0 words=1656350 wordHits=0 wordsRing=1656350 wordBytes=16265193 wordHitBytes=0 preadvCalls=0 preadvFull=0 preadvEagain=0 preadvPartial=0 fadviseCalls=1648
FASTPATH_STATS calls=1682 offsetPairs=1691766 offsetPairHits=0 offsetPairsRing=1691766 offsetRuns=0 offsetRunHits=0 words=1691766 wordHits=0 wordsRing=1691766 wordBytes=16604423 wordHitBytes=0 preadvCalls=0 preadvFull=0 preadvEagain=0 preadvPartial=0 fadviseCalls=1682
FASTPATH_STATS calls=1717 offsetPairs=1727311 offsetPairHits=0 offsetPairsRing=1727311 offsetRuns=0 offsetRunHits=0 words=1726290 wordHits=0 wordsRing=1726290 wordBytes=16924869 wordHitBytes=0 preadvCalls=0 preadvFull=0 preadvEagain=0 preadvPartial=0 fadviseCalls=1717
FASTPATH_STATS calls=1749 offsetPairs=1759634 offsetPairHits=0 offsetPairsRing=1759634 offsetRuns=0 offsetRunHits=0 words=1759634 wordHits=0 wordsRing=1759634 wordBytes=17244615 wordHitBytes=0 preadvCalls=0 preadvFull=0 preadvEagain=0 preadvPartial=0 fadviseCalls=1749
FASTPATH_STATS calls=1784 offsetPairs=1795049 offsetPairHits=0 offsetPairsRing=1795049 offsetRuns=0 offsetRunHits=0 words=1795049 wordHits=0 wordsRing=1795049 wordBytes=17575258 wordHitBytes=0 preadvCalls=0 preadvFull=0 preadvEagain=0 preadvPartial=0 fadviseCalls=1784
FASTPATH_STATS calls=1823 offsetPairs=1834562 offsetPairHits=0 offsetPairsRing=1834562 offsetRuns=0 offsetRunHits=0 words=1834562 wordHits=0 wordsRing=1834562 wordBytes=17945411 wordHitBytes=0 preadvCalls=0 preadvFull=0 preadvEagain=0 preadvPartial=0 fadviseCalls=1823
FASTPATH_STATS calls=1858 offsetPairs=1869708 offsetPairHits=0 offsetPairsRing=1869708 offsetRuns=0 offsetRunHits=0 words=1869708 wordHits=0 wordsRing=1869708 wordBytes=18290445 wordHitBytes=0 preadvCalls=0 preadvFull=0 preadvEagain=0 preadvPartial=0 fadviseCalls=1858
FASTPATH_STATS calls=1894 offsetPairs=1906320 offsetPairHits=0 offsetPairsRing=1906320 offsetRuns=0 offsetRunHits=0 words=1906320 wordHits=0 wordsRing=1906320 wordBytes=18661219 wordHitBytes=0 preadvCalls=0 preadvFull=0 preadvEagain=0 preadvPartial=0 fadviseCalls=1894
FASTPATH_STATS calls=1931 offsetPairs=1943919 offsetPairHits=0 offsetPairsRing=1943919 offsetRuns=0 offsetRunHits=0 words=1942901 wordHits=0 wordsRing=1942901 wordBytes=19012802 wordHitBytes=0 preadvCalls=0 preadvFull=0 preadvEagain=0 preadvPartial=0 fadviseCalls=1931
FASTPATH_STATS calls=1968 offsetPairs=1981603 offsetPairHits=0 offsetPairsRing=1981603 offsetRuns=0 offsetRunHits=0 words=1981603 wordHits=0 wordsRing=1981603 wordBytes=19397029 wordHitBytes=0 preadvCalls=0 preadvFull=0 preadvEagain=0 preadvPartial=0 fadviseCalls=1968
FASTPATH_STATS calls=2003 offsetPairs=2017307 offsetPairHits=0 offsetPairsRing=2017307 offsetRuns=0 offsetRunHits=0 words=2016292 wordHits=0 wordsRing=2016292 wordBytes=19732361 wordHitBytes=0 preadvCalls=0 preadvFull=0 preadvEagain=0 preadvPartial=0 fadviseCalls=2003
FASTPATH_STATS calls=2037 offsetPairs=2051216 offsetPairHits=0 offsetPairsRing=2051216 offsetRuns=0 offsetRunHits=0 words=2051216 wordHits=0 wordsRing=2051216 wordBytes=20065794 wordHitBytes=0 preadvCalls=0 preadvFull=0 preadvEagain=0 preadvPartial=0 fadviseCalls=2037
FASTPATH_STATS calls=2069 offsetPairs=2083863 offsetPairHits=0 offsetPairsRing=2083863 offsetRuns=0 offsetRunHits=0 words=2083863 wordHits=0 wordsRing=2083863 wordBytes=20382921 wordHitBytes=0 preadvCalls=0 preadvFull=0 preadvEagain=0 preadvPartial=0 fadviseCalls=2069
FASTPATH_STATS calls=2103 offsetPairs=2118369 offsetPairHits=0 offsetPairsRing=2118369 offsetRuns=0 offsetRunHits=0 words=2117352 wordHits=0 wordsRing=2117352 wordBytes=20713207 wordHitBytes=0 preadvCalls=0 preadvFull=0 preadvEagain=0 preadvPartial=0 fadviseCalls=2103
FASTPATH_STATS calls=2137 offsetPairs=2152787 offsetPairHits=0 offsetPairsRing=2152787 offsetRuns=0 offsetRunHits=0 words=2152787 wordHits=0 wordsRing=2152787 wordBytes=21060023 wordHitBytes=0 preadvCalls=0 preadvFull=0 preadvEagain=0 preadvPartial=0 fadviseCalls=2137
FASTPATH_STATS calls=2170 offsetPairs=2186506 offsetPairHits=0 offsetPairsRing=2186506 offsetRuns=0 offsetRunHits=0 words=2186506 wordHits=0 wordsRing=2186506 wordBytes=21386254 wordHitBytes=0 preadvCalls=0 preadvFull=0 preadvEagain=0 preadvPartial=0 fadviseCalls=2170
FASTPATH_STATS calls=2202 offsetPairs=2219220 offsetPairHits=0 offsetPairsRing=2219220 offsetRuns=0 offsetRunHits=0 words=2219220 wordHits=0 wordsRing=2219220 wordBytes=21702327 wordHitBytes=0 preadvCalls=0 preadvFull=0 preadvEagain=0 preadvPartial=0 fadviseCalls=2202
FASTPATH_STATS calls=2239 offsetPairs=2256474 offsetPairHits=0 offsetPairsRing=2256474 offsetRuns=0 offsetRunHits=0 words=2255453 wordHits=0 wordsRing=2255453 wordBytes=22061246 wordHitBytes=0 preadvCalls=0 preadvFull=0 preadvEagain=0 preadvPartial=0 fadviseCalls=2239
FASTPATH_STATS calls=2275 offsetPairs=2293170 offsetPairHits=0 offsetPairsRing=2293170 offsetRuns=0 offsetRunHits=0 words=2292146 wordHits=0 wordsRing=2292146 wordBytes=22416190 wordHitBytes=0 preadvCalls=0 preadvFull=0 preadvEagain=0 preadvPartial=0 fadviseCalls=2275
FASTPATH_STATS calls=2313 offsetPairs=2331838 offsetPairHits=0 offsetPairsRing=2331838 offsetRuns=0 offsetRunHits=0 words=2331838 wordHits=0 wordsRing=2331838 wordBytes=22794381 wordHitBytes=0 preadvCalls=0 preadvFull=0 preadvEagain=0 preadvPartial=0 fadviseCalls=2313
FASTPATH_STATS calls=2354 offsetPairs=2373002 offsetPairHits=0 offsetPairsRing=2373002 offsetRuns=0 offsetRunHits=0 words=2373002 wordHits=0 wordsRing=2373002 wordBytes=23174515 wordHitBytes=0 preadvCalls=0 preadvFull=0 preadvEagain=0 preadvPartial=0 fadviseCalls=2354
FASTPATH_STATS calls=2395 offsetPairs=2414770 offsetPairHits=0 offsetPairsRing=2414770 offsetRuns=0 offsetRunHits=0 words=2413748 wordHits=0 wordsRing=2413748 wordBytes=23556490 wordHitBytes=0 preadvCalls=0 preadvFull=0 preadvEagain=0 preadvPartial=0 fadviseCalls=2395
FASTPATH_STATS calls=2432 offsetPairs=2452225 offsetPairHits=0 offsetPairsRing=2452225 offsetRuns=0 offsetRunHits=0 words=2452225 wordHits=0 wordsRing=2452225 wordBytes=23918697 wordHitBytes=0 preadvCalls=0 preadvFull=0 preadvEagain=0 preadvPartial=0 fadviseCalls=2432
FASTPATH_STATS calls=2467 offsetPairs=2487601 offsetPairHits=0 offsetPairsRing=2487601 offsetRuns=0 offsetRunHits=0 words=2487601 wordHits=0 wordsRing=2487601 wordBytes=24260099 wordHitBytes=0 preadvCalls=0 preadvFull=0 preadvEagain=0 preadvPartial=0 fadviseCalls=2467
FASTPATH_STATS calls=2503 offsetPairs=2524115 offsetPairHits=0 offsetPairsRing=2524115 offsetRuns=0 offsetRunHits=0 words=2524115 wordHits=0 wordsRing=2524115 wordBytes=24605838 wordHitBytes=0 preadvCalls=0 preadvFull=0 preadvEagain=0 preadvPartial=0 fadviseCalls=2503
FASTPATH_STATS calls=2543 offsetPairs=2564556 offsetPairHits=0 offsetPairsRing=2564556 offsetRuns=0 offsetRunHits=0 words=2563538 wordHits=0 wordsRing=2563538 wordBytes=24973145 wordHitBytes=0 preadvCalls=0 preadvFull=0 preadvEagain=0 preadvPartial=0 fadviseCalls=2543
FASTPATH_STATS calls=2583 offsetPairs=2605130 offsetPairHits=0 offsetPairsRing=2605130 offsetRuns=0 offsetRunHits=0 words=2605130 wordHits=0 wordsRing=2605130 wordBytes=25465818 wordHitBytes=0 preadvCalls=0 preadvFull=0 preadvEagain=0 preadvPartial=0 fadviseCalls=2583
FASTPATH_STATS calls=2622 offsetPairs=2644799 offsetPairHits=0 offsetPairsRing=2644799 offsetRuns=0 offsetRunHits=0 words=2644799 wordHits=0 wordsRing=2644799 wordBytes=25925635 wordHitBytes=0 preadvCalls=0 preadvFull=0 preadvEagain=0 preadvPartial=0 fadviseCalls=2622
FASTPATH_STATS calls=2659 offsetPairs=2681676 offsetPairHits=0 offsetPairsRing=2681676 offsetRuns=0 offsetRunHits=0 words=2680653 wordHits=0 wordsRing=2680653 wordBytes=26329832 wordHitBytes=0 preadvCalls=0 preadvFull=0 preadvEagain=0 preadvPartial=0 fadviseCalls=2659
FASTPATH_STATS calls=2699 offsetPairs=2721597 offsetPairHits=0 offsetPairsRing=2721597 offsetRuns=0 offsetRunHits=0 words=2720581 wordHits=0 wordsRing=2720581 wordBytes=26702521 wordHitBytes=0 preadvCalls=0 preadvFull=0 preadvEagain=0 preadvPartial=0 fadviseCalls=2699
FASTPATH_STATS calls=2742 offsetPairs=2764291 offsetPairHits=0 offsetPairsRing=2764291 offsetRuns=0 offsetRunHits=0 words=2764291 wordHits=0 wordsRing=2764291 wordBytes=27120356 wordHitBytes=0 preadvCalls=0 preadvFull=0 preadvEagain=0 preadvPartial=0 fadviseCalls=2742
FASTPATH_STATS calls=2781 offsetPairs=2801032 offsetPairHits=0 offsetPairsRing=2801032 offsetRuns=0 offsetRunHits=0 words=2800010 wordHits=0 wordsRing=2800010 wordBytes=27437857 wordHitBytes=0 preadvCalls=0 preadvFull=0 preadvEagain=0 preadvPartial=0 fadviseCalls=2781
FASTPATH_STATS calls=2819 offsetPairs=2838301 offsetPairHits=0 offsetPairsRing=2838301 offsetRuns=0 offsetRunHits=0 words=2838301 wordHits=0 wordsRing=2838301 wordBytes=27785216 wordHitBytes=0 preadvCalls=0 preadvFull=0 preadvEagain=0 preadvPartial=0 fadviseCalls=2819
FASTPATH_STATS calls=2860 offsetPairs=2877729 offsetPairHits=0 offsetPairsRing=2877729 offsetRuns=0 offsetRunHits=0 words=2877729 wordHits=0 wordsRing=2877729 wordBytes=28138825 wordHitBytes=0 preadvCalls=0 preadvFull=0 preadvEagain=0 preadvPartial=0 fadviseCalls=2860
FASTPATH_STATS calls=2900 offsetPairs=2917734 offsetPairHits=0 offsetPairsRing=2917734 offsetRuns=0 offsetRunHits=0 words=2916752 wordHits=0 wordsRing=2916752 wordBytes=28495867 wordHitBytes=0 preadvCalls=0 preadvFull=0 preadvEagain=0 preadvPartial=0 fadviseCalls=2900
FASTPATH_STATS calls=2941 offsetPairs=2958598 offsetPairHits=0 offsetPairsRing=2958598 offsetRuns=0 offsetRunHits=0 words=2957651 wordHits=0 wordsRing=2957651 wordBytes=28885750 wordHitBytes=0 preadvCalls=0 preadvFull=0 preadvEagain=0 preadvPartial=0 fadviseCalls=2941
FASTPATH_STATS calls=2983 offsetPairs=2999412 offsetPairHits=0 offsetPairsRing=2999412 offsetRuns=0 offsetRunHits=0 words=2999412 wordHits=0 wordsRing=2999412 wordBytes=29289417 wordHitBytes=0 preadvCalls=0 preadvFull=0 preadvEagain=0 preadvPartial=0 fadviseCalls=2983
FASTPATH_STATS calls=3025 offsetPairs=3041737 offsetPairHits=0 offsetPairsRing=3041737 offsetRuns=0 offsetRunHits=0 words=3041737 wordHits=0 wordsRing=3041737 wordBytes=29700341 wordHitBytes=0 preadvCalls=0 preadvFull=0 preadvEagain=0 preadvPartial=0 fadviseCalls=3025
FASTPATH_STATS calls=3067 offsetPairs=3084221 offsetPairHits=0 offsetPairsRing=3084221 offsetRuns=0 offsetRunHits=0 words=3083197 wordHits=0 wordsRing=3083197 wordBytes=30160030 wordHitBytes=0 preadvCalls=0 preadvFull=0 preadvEagain=0 preadvPartial=0 fadviseCalls=3067
FASTPATH_STATS calls=3102 offsetPairs=3119515 offsetPairHits=0 offsetPairsRing=3119515 offsetRuns=0 offsetRunHits=0 words=3119515 wordHits=0 wordsRing=3119515 wordBytes=30502835 wordHitBytes=0 preadvCalls=0 preadvFull=0 preadvEagain=0 preadvPartial=0 fadviseCalls=3102
FASTPATH_STATS calls=3141 offsetPairs=3158909 offsetPairHits=0 offsetPairsRing=3158909 offsetRuns=0 offsetRunHits=0 words=3157889 wordHits=0 wordsRing=3157889 wordBytes=30875839 wordHitBytes=0 preadvCalls=0 preadvFull=0 preadvEagain=0 preadvPartial=0 fadviseCalls=3141
FASTPATH_STATS calls=3179 offsetPairs=3197265 offsetPairHits=0 offsetPairsRing=3197265 offsetRuns=0 offsetRunHits=0 words=3197265 wordHits=0 wordsRing=3197265 wordBytes=31259442 wordHitBytes=0 preadvCalls=0 preadvFull=0 preadvEagain=0 preadvPartial=0 fadviseCalls=3179
FASTPATH_STATS calls=3217 offsetPairs=3235725 offsetPairHits=0 offsetPairsRing=3235725 offsetRuns=0 offsetRunHits=0 words=3235725 wordHits=0 wordsRing=3235725 wordBytes=31647011 wordHitBytes=0 preadvCalls=0 preadvFull=0 preadvEagain=0 preadvPartial=0 fadviseCalls=3217
FASTPATH_STATS calls=3257 offsetPairs=3274991 offsetPairHits=0 offsetPairsRing=3274991 offsetRuns=0 offsetRunHits=0 words=3274057 wordHits=0 wordsRing=3274057 wordBytes=32040585 wordHitBytes=0 preadvCalls=0 preadvFull=0 preadvEagain=0 preadvPartial=0 fadviseCalls=3257
FASTPATH_STATS calls=3300 offsetPairs=3316687 offsetPairHits=0 offsetPairsRing=3316687 offsetRuns=0 offsetRunHits=0 words=3316687 wordHits=0 wordsRing=3316687 wordBytes=32427906 wordHitBytes=0 preadvCalls=0 preadvFull=0 preadvEagain=0 preadvPartial=0 fadviseCalls=3300
FASTPATH_STATS calls=3349 offsetPairs=3361610 offsetPairHits=0 offsetPairsRing=3361610 offsetRuns=0 offsetRunHits=0 words=3361610 wordHits=0 wordsRing=3361610 wordBytes=32839349 wordHitBytes=0 preadvCalls=0 preadvFull=0 preadvEagain=0 preadvPartial=0 fadviseCalls=3349
FASTPATH_STATS calls=3386 offsetPairs=3398090 offsetPairHits=0 offsetPairsRing=3398090 offsetRuns=0 offsetRunHits=0 words=3398090 wordHits=0 wordsRing=3398090 wordBytes=33180830 wordHitBytes=0 preadvCalls=0 preadvFull=0 preadvEagain=0 preadvPartial=0 fadviseCalls=3386
FASTPATH_STATS calls=3424 offsetPairs=3436586 offsetPairHits=0 offsetPairsRing=3436586 offsetRuns=0 offsetRunHits=0 words=3436586 wordHits=0 wordsRing=3436586 wordBytes=33565765 wordHitBytes=0 preadvCalls=0 preadvFull=0 preadvEagain=0 preadvPartial=0 fadviseCalls=3424
FASTPATH_STATS calls=3459 offsetPairs=3471623 offsetPairHits=0 offsetPairsRing=3471623 offsetRuns=0 offsetRunHits=0 words=3471623 wordHits=0 wordsRing=3471623 wordBytes=33896509 wordHitBytes=0 preadvCalls=0 preadvFull=0 preadvEagain=0 preadvPartial=0 fadviseCalls=3459
FASTPATH_STATS calls=3501 offsetPairs=3513373 offsetPairHits=0 offsetPairsRing=3513373 offsetRuns=0 offsetRunHits=0 words=3512366 wordHits=0 wordsRing=3512366 wordBytes=34268179 wordHitBytes=0 preadvCalls=0 preadvFull=0 preadvEagain=0 preadvPartial=0 fadviseCalls=3501
FASTPATH_STATS calls=3542 offsetPairs=3553850 offsetPairHits=0 offsetPairsRing=3553850 offsetRuns=0 offsetRunHits=0 words=3553850 wordHits=0 wordsRing=3553850 wordBytes=34656765 wordHitBytes=0 preadvCalls=0 preadvFull=0 preadvEagain=0 preadvPartial=0 fadviseCalls=3542
FASTPATH_STATS calls=3585 offsetPairs=3595404 offsetPairHits=0 offsetPairsRing=3595404 offsetRuns=0 offsetRunHits=0 words=3595404 wordHits=0 wordsRing=3595404 wordBytes=35035655 wordHitBytes=0 preadvCalls=0 preadvFull=0 preadvEagain=0 preadvPartial=0 fadviseCalls=3585
FASTPATH_STATS calls=3625 offsetPairs=3633779 offsetPairHits=0 offsetPairsRing=3633779 offsetRuns=0 offsetRunHits=0 words=3633779 wordHits=0 wordsRing=3633779 wordBytes=35381971 wordHitBytes=0 preadvCalls=0 preadvFull=0 preadvEagain=0 preadvPartial=0 fadviseCalls=3625
FASTPATH_STATS calls=3664 offsetPairs=3671844 offsetPairHits=0 offsetPairsRing=3671844 offsetRuns=0 offsetRunHits=0 words=3670833 wordHits=0 wordsRing=3670833 wordBytes=35745183 wordHitBytes=0 preadvCalls=0 preadvFull=0 preadvEagain=0 preadvPartial=0 fadviseCalls=3664
FASTPATH_STATS calls=3703 offsetPairs=3710885 offsetPairHits=0 offsetPairsRing=3710885 offsetRuns=0 offsetRunHits=0 words=3709866 wordHits=0 wordsRing=3709866 wordBytes=36185449 wordHitBytes=0 preadvCalls=0 preadvFull=0 preadvEagain=0 preadvPartial=0 fadviseCalls=3703
FASTPATH_STATS calls=3744 offsetPairs=3750444 offsetPairHits=0 offsetPairsRing=3750444 offsetRuns=0 offsetRunHits=0 words=3750444 wordHits=0 wordsRing=3750444 wordBytes=36560630 wordHitBytes=0 preadvCalls=0 preadvFull=0 preadvEagain=0 preadvPartial=0 fadviseCalls=3744
FASTPATH_STATS calls=3785 offsetPairs=3789855 offsetPairHits=0 offsetPairsRing=3789855 offsetRuns=0 offsetRunHits=0 words=3789855 wordHits=0 wordsRing=3789855 wordBytes=36934905 wordHitBytes=0 preadvCalls=0 preadvFull=0 preadvEagain=0 preadvPartial=0 fadviseCalls=3785
FASTPATH_STATS calls=3821 offsetPairs=3826503 offsetPairHits=0 offsetPairsRing=3826503 offsetRuns=0 offsetRunHits=0 words=3826503 wordHits=0 wordsRing=3826503 wordBytes=37299481 wordHitBytes=0 preadvCalls=0 preadvFull=0 preadvEagain=0 preadvPartial=0 fadviseCalls=3821
FASTPATH_STATS calls=3856 offsetPairs=3861403 offsetPairHits=0 offsetPairsRing=3861403 offsetRuns=0 offsetRunHits=0 words=3861403 wordHits=0 wordsRing=3861403 wordBytes=37643847 wordHitBytes=0 preadvCalls=0 preadvFull=0 preadvEagain=0 preadvPartial=0 fadviseCalls=3856
FASTPATH_STATS calls=3890 offsetPairs=3896123 offsetPairHits=0 offsetPairsRing=3896123 offsetRuns=0 offsetRunHits=0 words=3896123 wordHits=0 wordsRing=3896123 wordBytes=37986395 wordHitBytes=0 preadvCalls=0 preadvFull=0 preadvEagain=0 preadvPartial=0 fadviseCalls=3890
FASTPATH_STATS calls=3928 offsetPairs=3934844 offsetPairHits=0 offsetPairsRing=3934844 offsetRuns=0 offsetRunHits=0 words=3934844 wordHits=0 wordsRing=3934844 wordBytes=38373439 wordHitBytes=0 preadvCalls=0 preadvFull=0 preadvEagain=0 preadvPartial=0 fadviseCalls=3928
FASTPATH_STATS calls=3969 offsetPairs=3976108 offsetPairHits=0 offsetPairsRing=3976108 offsetRuns=0 offsetRunHits=0 words=3975091 wordHits=0 wordsRing=3975091 wordBytes=38779999 wordHitBytes=0 preadvCalls=0 preadvFull=0 preadvEagain=0 preadvPartial=0 fadviseCalls=3969
FASTPATH_STATS calls=4017 offsetPairs=4023978 offsetPairHits=0 offsetPairsRing=4023978 offsetRuns=0 offsetRunHits=0 words=4023978 wordHits=0 wordsRing=4023978 wordBytes=39231409 wordHitBytes=0 preadvCalls=0 preadvFull=0 preadvEagain=0 preadvPartial=0 fadviseCalls=4017
FASTPATH_STATS calls=4063 offsetPairs=4069653 offsetPairHits=0 offsetPairsRing=4069653 offsetRuns=0 offsetRunHits=0 words=4069653 wordHits=0 wordsRing=4069653 wordBytes=39668912 wordHitBytes=0 preadvCalls=0 preadvFull=0 preadvEagain=0 preadvPartial=0 fadviseCalls=4063
FASTPATH_STATS calls=4112 offsetPairs=4119388 offsetPairHits=0 offsetPairsRing=4119388 offsetRuns=0 offsetRunHits=0 words=4119388 wordHits=0 wordsRing=4119388 wordBytes=40145087 wordHitBytes=0 preadvCalls=0 preadvFull=0 preadvEagain=0 preadvPartial=0 fadviseCalls=4112
FASTPATH_STATS calls=4160 offsetPairs=4168205 offsetPairHits=0 offsetPairsRing=4168205 offsetRuns=0 offsetRunHits=0 words=4167196 wordHits=0 wordsRing=4167196 wordBytes=40563928 wordHitBytes=0 preadvCalls=0 preadvFull=0 preadvEagain=0 preadvPartial=0 fadviseCalls=4160
FASTPATH_STATS calls=4205 offsetPairs=4212974 offsetPairHits=0 offsetPairsRing=4212974 offsetRuns=0 offsetRunHits=0 words=4212974 wordHits=0 wordsRing=4212974 wordBytes=41002898 wordHitBytes=0 preadvCalls=0 preadvFull=0 preadvEagain=0 preadvPartial=0 fadviseCalls=4205
FASTPATH_STATS calls=4244 offsetPairs=4252861 offsetPairHits=0 offsetPairsRing=4252861 offsetRuns=0 offsetRunHits=0 words=4252861 wordHits=0 wordsRing=4252861 wordBytes=41366766 wordHitBytes=0 preadvCalls=0 preadvFull=0 preadvEagain=0 preadvPartial=0 fadviseCalls=4244
FASTPATH_STATS calls=4284 offsetPairs=4293435 offsetPairHits=0 offsetPairsRing=4293435 offsetRuns=0 offsetRunHits=0 words=4292411 wordHits=0 wordsRing=4292411 wordBytes=41700460 wordHitBytes=0 preadvCalls=0 preadvFull=0 preadvEagain=0 preadvPartial=0 fadviseCalls=4284
FASTPATH_STATS calls=4323 offsetPairs=4333313 offsetPairHits=0 offsetPairsRing=4333313 offsetRuns=0 offsetRunHits=0 words=4332292 wordHits=0 wordsRing=4332292 wordBytes=42053055 wordHitBytes=0 preadvCalls=0 preadvFull=0 preadvEagain=0 preadvPartial=0 fadviseCalls=4323
FASTPATH_STATS calls=4360 offsetPairs=4370985 offsetPairHits=0 offsetPairsRing=4370985 offsetRuns=0 offsetRunHits=0 words=4370985 wordHits=0 wordsRing=4370985 wordBytes=42434346 wordHitBytes=0 preadvCalls=0 preadvFull=0 preadvEagain=0 preadvPartial=0 fadviseCalls=4360
FASTPATH_STATS calls=4397 offsetPairs=4407682 offsetPairHits=0 offsetPairsRing=4407682 offsetRuns=0 offsetRunHits=0 words=4406677 wordHits=0 wordsRing=4406677 wordBytes=42773790 wordHitBytes=0 preadvCalls=0 preadvFull=0 preadvEagain=0 preadvPartial=0 fadviseCalls=4397
2026-09-29 07:06:55.857 - INFO: Done processing query and sending result, total time was 27,837 ms
FASTPATH_STATS calls=4431 offsetPairs=4441773 offsetPairHits=0 offsetPairsRing=4441773 offsetRuns=0 offsetRunHits=0 words=4441773 wordHits=0 wordsRing=4441773 wordBytes=43096737 wordHitBytes=0 preadvCalls=0 preadvFull=0 preadvEagain=0 preadvPartial=0 fadviseCalls=4431
2026-09-29 07:06:55.878 - INFO: 
2026-09-29 07:06:55.878 - INFO: Request received via GET, no content type specified
2026-09-29 07:06:55.878 - INFO: Processing command "cache-stats": get cache statistics
