2026-09-28 23:45:07.374 - INFO: [1mQLever server v0.6.0-226-g3c9b75e97, compiled on Mon Sep 28 19:27:08 UTC 2026 using git hash 3c9b75e[22m
2026-09-28 23:45:07.374 - INFO: Cleanup of previous index directories after each rebuild enabled (--rebuild-keep-previous-index-dirs original-and-most-recent)
2026-09-28 23:45:07.375 - INFO: The git hash used to build this index was "65f84b4"
2026-09-28 23:45:07.375 - INFO: Reading vocabulary from file /local/data-ssd/stoetzem/qlever-indices/dblp/dblp.vocabulary.words ...
2026-09-28 23:45:07.386 - INFO: Done, number of words: 446,944,668
2026-09-28 23:45:07.386 - INFO: Number of words in internal vocabulary (these are also part of the external vocabulary): 446,955
2026-09-28 23:45:07.393 - INFO: Registered PSO permutation: #relations = 6, #blocks = 8,187, #triples = 255,805,025
2026-09-28 23:45:07.420 - INFO: Registered PSO permutation: #relations = 96, #blocks = 51,023, #triples = 1,593,245,022
2026-09-28 23:45:07.422 - INFO: Registered POS permutation: #relations = 6, #blocks = 8,187, #triples = 255,805,025
2026-09-28 23:45:07.442 - INFO: Registered POS permutation: #relations = 96, #blocks = 51,023, #triples = 1,593,245,022
2026-09-28 23:45:07.457 - INFO: Registered OPS permutation: #relations = 345,357,897, #blocks = 42,492, #triples = 1,593,245,022
2026-09-28 23:45:07.474 - INFO: Registered OSP permutation: #relations = 345,357,897, #blocks = 42,492, #triples = 1,593,245,022
2026-09-28 23:45:07.484 - INFO: Registered SPO permutation: #relations = 255,804,614, #blocks = 33,993, #triples = 1,593,245,022
2026-09-28 23:45:07.493 - INFO: Registered SOP permutation: #relations = 255,804,614, #blocks = 33,993, #triples = 1,593,245,022
2026-09-28 23:45:07.493 - INFO: Reading patterns from file /local/data-ssd/stoetzem/qlever-indices/dblp/dblp.index.patterns ...
2026-09-28 23:45:07.493 - INFO: Sorting random result tables to estimate the sorting performance of this machine ...
2026-09-28 23:45:16.949 - INFO: Initializing server ...
2026-09-28 23:45:16.949 - INFO: No access token required for restricted API calls
2026-09-28 23:45:16.950 - INFO: The server is ready, listening for requests on port 7015 ...
2026-09-28 23:45:17.236 - INFO: 
2026-09-28 23:45:17.236 - INFO: Request received via POST, content type "application/x-www-form-urlencoded"
2026-09-28 23:45:17.239 - INFO: Processing the following SPARQL query:
# Tier H — size-sweep
# Goal: isolate export cost from query-planning cost. Raise the year bound
# across runs, for example 1970, 1990, 2010, and 2023.
PREFIX dblp: <https://dblp.org/rdf/schema#>

CONSTRUCT { ?s ?p ?o }
WHERE {
  ?s a dblp:Publication ;
     dblp:yearOfPublication ?year ;
     ?p ?o .
  FILTER(?year <= "1970"^^<http://www.w3.org/2001/XMLSchema#gYear>)
}

2026-09-28 23:45:17.239 - INFO: Requested media types of the result are: "text/turtle"
2026-09-28 23:45:17.241 - INFO: Query planning done in 4 ms
2026-09-28 23:45:17.264 - INFO: Result has unknown size (not computed yet)
2026-09-28 23:45:18.011 - INFO: Done processing query and sending result, total time was 774 ms
2026-09-28 23:45:18.074 - INFO: 
2026-09-28 23:45:18.074 - INFO: Request received via POST, content type "application/x-www-form-urlencoded"
2026-09-28 23:45:18.075 - INFO: Processing the following SPARQL query:
# Tier H — size-sweep
# Goal: isolate export cost from query-planning cost. Raise the year bound
# across runs, for example 1970, 1990, 2010, and 2023.
PREFIX dblp: <https://dblp.org/rdf/schema#>

CONSTRUCT { ?s ?p ?o }
WHERE {
  ?s a dblp:Publication ;
     dblp:yearOfPublication ?year ;
     ?p ?o .
  FILTER(?year <= "1970"^^<http://www.w3.org/2001/XMLSchema#gYear>)
}

2026-09-28 23:45:18.075 - INFO: Requested media types of the result are: "text/turtle"
2026-09-28 23:45:18.077 - INFO: Query planning done in 2 ms
2026-09-28 23:45:18.096 - INFO: Result has unknown size (not computed yet)
2026-09-28 23:45:18.861 - INFO: Done processing query and sending result, total time was 786 ms
