[2026-09-26T22:27:10Z] PR #228 dblp tsv_export queries=H-size-select scenarios=warm reps=3 mode=same binary, runtime-flag A/B layout=ural
[2026-09-26T22:27:10Z] base:    experiments/runs/pr98-dblp-hsizeselect-tsv-ab-r3/bin/qlever-server-ab (c8f70dff) args='--set-runtime-parameter use-swar-export-delimiters=false' form=''
[2026-09-26T22:27:10Z] variant: experiments/runs/pr98-dblp-hsizeselect-tsv-ab-r3/bin/qlever-server-ab (c8f70dff) args='--set-runtime-parameter use-swar-export-delimiters=true' form=''
fatal: not a git repository (or any parent up to mount point /local)
Stopping at filesystem boundary (GIT_DISCOVERY_ACROSS_FILESYSTEM not set).
fatal: not a git repository (or any parent up to mount point /local)
Stopping at filesystem boundary (GIT_DISCOVERY_ACROSS_FILESYSTEM not set).
fatal: not a git repository (or any parent up to mount point /local)
Stopping at filesystem boundary (GIT_DISCOVERY_ACROSS_FILESYSTEM not set).
fatal: not a git repository (or any parent up to mount point /local)
Stopping at filesystem boundary (GIT_DISCOVERY_ACROSS_FILESYSTEM not set).
fatal: not a git repository (or any parent up to mount point /local)
Stopping at filesystem boundary (GIT_DISCOVERY_ACROSS_FILESYSTEM not set).
rep 1/1: complete export=s e2e=2.697208185s 59424342 bytes syscr=2708169 pread64=1354715 io_uring_enter=0 read_bytes=0 cpu_s=3.120000
[2026-09-26T22:27:27Z] pr228-H-size-select-warm-base-r1 done
fatal: not a git repository (or any parent up to mount point /local)
Stopping at filesystem boundary (GIT_DISCOVERY_ACROSS_FILESYSTEM not set).
fatal: not a git repository (or any parent up to mount point /local)
Stopping at filesystem boundary (GIT_DISCOVERY_ACROSS_FILESYSTEM not set).
fatal: not a git repository (or any parent up to mount point /local)
Stopping at filesystem boundary (GIT_DISCOVERY_ACROSS_FILESYSTEM not set).
fatal: not a git repository (or any parent up to mount point /local)
Stopping at filesystem boundary (GIT_DISCOVERY_ACROSS_FILESYSTEM not set).
fatal: not a git repository (or any parent up to mount point /local)
Stopping at filesystem boundary (GIT_DISCOVERY_ACROSS_FILESYSTEM not set).
rep 1/1: complete export=s e2e=2.661981926s 59424342 bytes syscr=2708170 pread64=1354715 io_uring_enter=0 read_bytes=0 cpu_s=3.080000
[2026-09-26T22:27:44Z] pr228-H-size-select-warm-variant-r1 done
fatal: not a git repository (or any parent up to mount point /local)
Stopping at filesystem boundary (GIT_DISCOVERY_ACROSS_FILESYSTEM not set).
fatal: not a git repository (or any parent up to mount point /local)
Stopping at filesystem boundary (GIT_DISCOVERY_ACROSS_FILESYSTEM not set).
fatal: not a git repository (or any parent up to mount point /local)
Stopping at filesystem boundary (GIT_DISCOVERY_ACROSS_FILESYSTEM not set).
fatal: not a git repository (or any parent up to mount point /local)
Stopping at filesystem boundary (GIT_DISCOVERY_ACROSS_FILESYSTEM not set).
fatal: not a git repository (or any parent up to mount point /local)
Stopping at filesystem boundary (GIT_DISCOVERY_ACROSS_FILESYSTEM not set).
rep 1/1: complete export=s e2e=2.565088795s 59424342 bytes syscr=2708169 pread64=1354715 io_uring_enter=0 read_bytes=0 cpu_s=3.000000
[2026-09-26T22:28:02Z] pr228-H-size-select-warm-variant-r2 done
fatal: not a git repository (or any parent up to mount point /local)
Stopping at filesystem boundary (GIT_DISCOVERY_ACROSS_FILESYSTEM not set).
fatal: not a git repository (or any parent up to mount point /local)
Stopping at filesystem boundary (GIT_DISCOVERY_ACROSS_FILESYSTEM not set).
fatal: not a git repository (or any parent up to mount point /local)
Stopping at filesystem boundary (GIT_DISCOVERY_ACROSS_FILESYSTEM not set).
fatal: not a git repository (or any parent up to mount point /local)
Stopping at filesystem boundary (GIT_DISCOVERY_ACROSS_FILESYSTEM not set).
fatal: not a git repository (or any parent up to mount point /local)
Stopping at filesystem boundary (GIT_DISCOVERY_ACROSS_FILESYSTEM not set).
rep 1/1: complete export=s e2e=2.618743347s 59424342 bytes syscr=2708169 pread64=1354715 io_uring_enter=0 read_bytes=0 cpu_s=3.030000
[2026-09-26T22:28:19Z] pr228-H-size-select-warm-base-r2 done
fatal: not a git repository (or any parent up to mount point /local)
Stopping at filesystem boundary (GIT_DISCOVERY_ACROSS_FILESYSTEM not set).
fatal: not a git repository (or any parent up to mount point /local)
Stopping at filesystem boundary (GIT_DISCOVERY_ACROSS_FILESYSTEM not set).
fatal: not a git repository (or any parent up to mount point /local)
Stopping at filesystem boundary (GIT_DISCOVERY_ACROSS_FILESYSTEM not set).
fatal: not a git repository (or any parent up to mount point /local)
Stopping at filesystem boundary (GIT_DISCOVERY_ACROSS_FILESYSTEM not set).
fatal: not a git repository (or any parent up to mount point /local)
Stopping at filesystem boundary (GIT_DISCOVERY_ACROSS_FILESYSTEM not set).
rep 1/1: complete export=s e2e=2.614988212s 59424342 bytes syscr=2708170 pread64=1354715 io_uring_enter=0 read_bytes=0 cpu_s=3.050000
[2026-09-26T22:28:36Z] pr228-H-size-select-warm-base-r3 done
fatal: not a git repository (or any parent up to mount point /local)
Stopping at filesystem boundary (GIT_DISCOVERY_ACROSS_FILESYSTEM not set).
fatal: not a git repository (or any parent up to mount point /local)
Stopping at filesystem boundary (GIT_DISCOVERY_ACROSS_FILESYSTEM not set).
fatal: not a git repository (or any parent up to mount point /local)
Stopping at filesystem boundary (GIT_DISCOVERY_ACROSS_FILESYSTEM not set).
fatal: not a git repository (or any parent up to mount point /local)
Stopping at filesystem boundary (GIT_DISCOVERY_ACROSS_FILESYSTEM not set).
fatal: not a git repository (or any parent up to mount point /local)
Stopping at filesystem boundary (GIT_DISCOVERY_ACROSS_FILESYSTEM not set).
rep 1/1: complete export=s e2e=2.657305557s 59424342 bytes syscr=2708170 pread64=1354715 io_uring_enter=0 read_bytes=0 cpu_s=3.070000
[2026-09-26T22:28:54Z] pr228-H-size-select-warm-variant-r3 done
# PR #228 A/B on dblp (tsv_export)

- Base: `c8f70dff` use-swar-export-delimiters=false; server args: `--set-runtime-parameter use-swar-export-delimiters=false`
- Variant: `c8f70dff` use-swar-export-delimiters=true; server args: `--set-runtime-parameter use-swar-export-delimiters=true`
- Binaries: same binary, runtime-flag A/B; host `ural` (ural layout)
- Server query threads (`--num-simultaneous-queries`): 1
- Reps (adaptive): 3 per arm and cell first; reps 4-3 only when the two arms' min..max ranges overlapped after 3 (`adaptive.tsv`); column n gives the reps per cell. Arms interleaved per rep, order alternating (odd reps base first, even reps variant first); cold reps run after `clear-caches`.
- Noise rule: within noise when |delta| < 1% or the min..max ranges overlap.

## Timing (elapsed_s, end to end)

| query | scenario | arm | n | median | min | max | delta vs base | verdict | correctness |
|---|---|---|---|---|---|---|---|---|---|
| H-size-select | warm | use-swar-export-delimiters=false | 3 | 2.6187 | 2.6150 | 2.6972 |  |  |  |
| H-size-select | warm | use-swar-export-delimiters=true | 3 | 2.6573 | 2.5651 | 2.6620 | +1.47% | within noise | identical bytes |

## Verdict

- H-size-select warm: within noise (+1.47%); correctness: identical bytes

## Gates

- `gate-postflight-warm.log`: == POSTFLIGHT: PASS ==
- `gate-preflight-base.log`: == PREFLIGHT: PASS ==
- `gate-preflight-variant.log`: == PREFLIGHT: PASS ==
- `gate-verify-base.log`: VERDICT: PASS — binary is trustworthy for benchmarking
- `gate-verify-variant.log`: VERDICT: PASS — binary is trustworthy for benchmarking

## Problems

None: every rep complete, non-empty and correct.

Artifacts: `results.csv` (all reps), `<scenario>/<query>/<arm>/raw/` (harness output per rep), `correctness.tsv`, `build-env.txt`, `env-before.txt`, `env-after.txt`, `gate-*.log`, `driver.log`.
[2026-09-26T22:28:54Z] finished rc=0 run=experiments/runs/pr98-dblp-hsizeselect-tsv-ab-r3
