2026-10-06 16:10:17.255 - INFO: [1mQLever server CIKM-2732-ga752a4571, compiled on Tue Oct  6 07:51:09 UTC 2026 using git hash a752a45[22m
2026-10-06 16:10:17.256 - INFO: Cleanup of previous index directories after each rebuild enabled (--rebuild-keep-previous-index-dirs original-and-most-recent)
2026-10-06 16:10:17.258 - INFO: The git hash used to build this index was "65f84b4"
2026-10-06 16:10:17.258 - INFO: Reading vocabulary from file /local/data-ssd/stoetzem/wikidata/wikidata.vocabulary.words ...
2026-10-06 16:10:33.930 - INFO: Done, number of words: 1,580,300,680
2026-10-06 16:10:33.930 - INFO: Number of words in internal vocabulary (these are also part of the external vocabulary): 777,658,536
2026-10-06 16:10:34.029 - INFO: Registered PSO permutation: #relations = 10,100, #blocks = 225,155, #triples = 6,983,973,847
2026-10-06 16:10:34.159 - INFO: Registered PSO permutation: #relations = 13,566, #blocks = 264,339, #triples = 8,220,417,022
2026-10-06 16:10:34.251 - INFO: Registered POS permutation: #relations = 10,100, #blocks = 225,155, #triples = 6,983,973,847
2026-10-06 16:10:34.378 - INFO: Registered POS permutation: #relations = 13,566, #blocks = 264,339, #triples = 8,220,417,022
2026-10-06 16:10:34.488 - INFO: Registered OPS permutation: #relations = 1,683,253,489, #blocks = 222,728, #triples = 8,220,417,022
2026-10-06 16:10:34.597 - INFO: Registered OSP permutation: #relations = 1,683,253,489, #blocks = 222,728, #triples = 8,220,417,022
2026-10-06 16:10:34.666 - INFO: Registered SPO permutation: #relations = 252,534,289, #blocks = 175,741, #triples = 8,220,417,022
2026-10-06 16:10:34.745 - INFO: Registered SOP permutation: #relations = 252,534,289, #blocks = 175,741, #triples = 8,220,417,022
2026-10-06 16:10:34.745 - INFO: Reading patterns from file /local/data-ssd/stoetzem/wikidata/wikidata.index.patterns ...
2026-10-06 16:10:36.554 - WARN: The geo points of this index use the encoding "lat-major", which is deprecated and will not be supported for much longer; with this encoding, a spatial prefilter on points can only restrict the latitude; please build the index with the default encoding "z-order" (just omit the option `--geo-point-encoding` of `qlever-index`)
2026-10-06 16:10:36.554 - INFO: Sorting random result tables to estimate the sorting performance of this machine ...
2026-10-06 16:10:47.261 - INFO: Initializing server ...
2026-10-06 16:10:47.261 - INFO: No access token required for restricted API calls
2026-10-06 16:10:47.261 - INFO: The server is ready, listening for requests on port 7015 ...
2026-10-06 16:10:47.370 - INFO: 
2026-10-06 16:10:47.370 - INFO: Request received via POST, content type "application/x-www-form-urlencoded"
2026-10-06 16:10:47.374 - INFO: Processing the following SPARQL query:
# Tier H-vocab — English labels, large
# Physical: P+O bound scan of wdt:P31 wd:Q5 (class postings), then
# S+P bound SPO scan of rdfs:label. LANG(?label) maps label IDs to
# strings. CONSTRUCT writes entity IRI + label.
# Targets: large sequential class scan, label vocabulary, 1.3 GiB Turtle
# serialize. Same query as wikidata-construct-humans-label-en.
PREFIX wd: <http://www.wikidata.org/entity/>
PREFIX wdt: <http://www.wikidata.org/prop/direct/>
PREFIX rdfs: <http://www.w3.org/2000/01/rdf-schema#>

CONSTRUCT { ?entity rdfs:label ?label }
WHERE {
  ?entity wdt:P31 wd:Q5 .
  ?entity rdfs:label ?label .
  FILTER(LANG(?label) = "en")
}

2026-10-06 16:10:47.374 - INFO: Requested media types of the result are: "text/turtle"
2026-10-06 16:10:47.378 - INFO: Query planning done in 7 ms
2026-10-06 16:10:47.378 - INFO: Result has unknown size (not computed yet)
2026-10-06 16:11:28.143 - INFO: Done processing query and sending result, total time was 40,772 ms
2026-10-06 16:11:28.172 - INFO: 
2026-10-06 16:11:28.172 - INFO: Request received via GET, no content type specified
2026-10-06 16:11:28.172 - INFO: Processing command "cache-stats": get cache statistics
2026-10-06 16:11:28.201 - INFO: 
2026-10-06 16:11:28.201 - INFO: Request received via GET, no content type specified
2026-10-06 16:11:28.201 - INFO: Processing command "clear-cache": clear the cache (unpinned elements only)
2026-10-06 16:11:28.228 - INFO: 
2026-10-06 16:11:28.229 - INFO: Request received via GET, no content type specified
2026-10-06 16:11:28.229 - INFO: Processing command "cache-stats": get cache statistics
2026-10-06 16:11:28.258 - INFO: 
2026-10-06 16:11:28.258 - INFO: Request received via POST, content type "application/x-www-form-urlencoded"
2026-10-06 16:11:28.259 - INFO: Processing the following SPARQL query:
# Tier H-vocab — English labels, large
# Physical: P+O bound scan of wdt:P31 wd:Q5 (class postings), then
# S+P bound SPO scan of rdfs:label. LANG(?label) maps label IDs to
# strings. CONSTRUCT writes entity IRI + label.
# Targets: large sequential class scan, label vocabulary, 1.3 GiB Turtle
# serialize. Same query as wikidata-construct-humans-label-en.
PREFIX wd: <http://www.wikidata.org/entity/>
PREFIX wdt: <http://www.wikidata.org/prop/direct/>
PREFIX rdfs: <http://www.w3.org/2000/01/rdf-schema#>

CONSTRUCT { ?entity rdfs:label ?label }
WHERE {
  ?entity wdt:P31 wd:Q5 .
  ?entity rdfs:label ?label .
  FILTER(LANG(?label) = "en")
}

2026-10-06 16:11:28.259 - INFO: Requested media types of the result are: "text/turtle"
2026-10-06 16:11:28.259 - INFO: Query planning done in 0 ms
2026-10-06 16:11:28.259 - INFO: Result has unknown size (not computed yet)
2026-10-06 16:12:08.523 - INFO: Done processing query and sending result, total time was 40,264 ms
2026-10-06 16:12:08.551 - INFO: 
2026-10-06 16:12:08.551 - INFO: Request received via GET, no content type specified
2026-10-06 16:12:08.552 - INFO: Processing command "cache-stats": get cache statistics
