2026-10-07 22:40:47.500 - INFO: [1mQLever server CIKM-3084-g022c22472, compiled on Wed Oct  7 18:21:17 UTC 2026 using git hash 022c224[22m
2026-10-07 22:40:47.500 - INFO: Runtime parameter set from the command line: vocabulary-internal-rank-lookup=true
2026-10-07 22:40:47.500 - INFO: Runtime parameter set from the command line: vocabulary-internal-rank-prefetch-distance=16
2026-10-07 22:40:47.500 - INFO: Runtime parameter set from the command line: vocabulary-internal-rank-hugepages=true
2026-10-07 22:40:47.500 - INFO: Cleanup of previous index directories after each rebuild enabled (--rebuild-keep-previous-index-dirs original-and-most-recent)
2026-10-07 22:40:47.500 - INFO: The git hash used to build this index was "65f84b4"
2026-10-07 22:40:47.501 - INFO: Reading vocabulary from file /local/data-ssd/stoetzem/wikidata/wikidata.vocabulary.words ...
2026-10-07 22:41:03.669 - INFO: Done, number of words: 1,580,300,680
2026-10-07 22:41:03.669 - INFO: Number of words in internal vocabulary (these are also part of the external vocabulary): 777,658,536
2026-10-07 22:41:05.584 - INFO: Rank directory of the internal vocabulary: 225,757,248 bytes for 1,580,300,680 vocabulary indices
2026-10-07 22:41:06.021 - INFO: Huge pages for the rank directory requested (transparent huge pages: madvise): 226492416 of 226,492,416 allocated bytes on huge pages
2026-10-07 22:41:06.123 - INFO: Registered PSO permutation: #relations = 10,100, #blocks = 225,155, #triples = 6,983,973,847
2026-10-07 22:41:06.250 - INFO: Registered PSO permutation: #relations = 13,566, #blocks = 264,339, #triples = 8,220,417,022
2026-10-07 22:41:06.346 - INFO: Registered POS permutation: #relations = 10,100, #blocks = 225,155, #triples = 6,983,973,847
2026-10-07 22:41:06.467 - INFO: Registered POS permutation: #relations = 13,566, #blocks = 264,339, #triples = 8,220,417,022
2026-10-07 22:41:06.572 - INFO: Registered OPS permutation: #relations = 1,683,253,489, #blocks = 222,728, #triples = 8,220,417,022
2026-10-07 22:41:06.679 - INFO: Registered OSP permutation: #relations = 1,683,253,489, #blocks = 222,728, #triples = 8,220,417,022
2026-10-07 22:41:06.757 - INFO: Registered SPO permutation: #relations = 252,534,289, #blocks = 175,741, #triples = 8,220,417,022
2026-10-07 22:41:06.832 - INFO: Registered SOP permutation: #relations = 252,534,289, #blocks = 175,741, #triples = 8,220,417,022
2026-10-07 22:41:06.832 - INFO: Reading patterns from file /local/data-ssd/stoetzem/wikidata/wikidata.index.patterns ...
2026-10-07 22:41:08.636 - INFO: Sorting random result tables to estimate the sorting performance of this machine ...
2026-10-07 22:41:19.441 - INFO: Initializing server ...
2026-10-07 22:41:19.441 - INFO: ExportEngineV2 serialize posts onto queryThreadPool_ (8 threads); no extra V2 pool. Helpers stop admitting when another query is registered.
2026-10-07 22:41:19.441 - INFO: No access token required for restricted API calls
2026-10-07 22:41:19.441 - INFO: The server is ready, listening for requests on port 7015 ...
2026-10-07 22:41:19.610 - INFO: 
2026-10-07 22:41:19.610 - INFO: Request received via POST, content type "application/x-www-form-urlencoded"
2026-10-07 22:41:19.614 - INFO: Processing the following SPARQL query:
# Tier H-vocab — German labels of all humans, SELECT CSV (combo v2 + rank
# lookup run, 2026-10-07). Same prefixes and WHERE clause as
# incoming/pr162-queries/H-vocab-label-large-de.rq, but SELECT instead of
# CONSTRUCT. German literals are external (on disk): every label lookup goes
# through the on-disk vocabulary, so this query measures SSD reads.
PREFIX wd: <http://www.wikidata.org/entity/>
PREFIX wdt: <http://www.wikidata.org/prop/direct/>
PREFIX rdfs: <http://www.w3.org/2000/01/rdf-schema#>

SELECT ?person ?name WHERE {
  ?person wdt:P31 wd:Q5 .
  ?person rdfs:label ?name .
  FILTER(LANG(?name) = "de")
}

2026-10-07 22:41:19.614 - INFO: Requested media types of the result are: "text/csv"
2026-10-07 22:41:19.615 - INFO: Query planning done in 5 ms
2026-10-07 22:41:19.616 - INFO: ExportEngine: FastStreamingV2 [Reason: Fast-Path V2 selected (eligible export query with explicit or default opt-in)]
2026-10-07 22:41:19.616 - INFO: Using ExportEngineV2 for text/csv export
2026-10-07 22:41:19.617 - INFO: Result has unknown size (not computed yet)
2026-10-07 22:41:19.617 - INFO: ExportEngineV2 streaming lazy result blocks to morsels on queryThreadPool_ (no extra V2 threads)
2026-10-07 22:41:28.307 - INFO: Done processing query and sending result, total time was 8,696 ms
2026-10-07 22:41:28.330 - INFO: 
2026-10-07 22:41:28.331 - INFO: Request received via GET, no content type specified
2026-10-07 22:41:28.331 - INFO: Processing command "cache-stats": get cache statistics
2026-10-07 22:41:28.361 - INFO: 
2026-10-07 22:41:28.361 - INFO: Request received via GET, no content type specified
2026-10-07 22:41:28.361 - INFO: Processing command "clear-cache": clear the cache (unpinned elements only)
2026-10-07 22:41:28.391 - INFO: 
2026-10-07 22:41:28.391 - INFO: Request received via GET, no content type specified
2026-10-07 22:41:28.391 - INFO: Processing command "cache-stats": get cache statistics
2026-10-07 22:41:28.421 - INFO: 
2026-10-07 22:41:28.421 - INFO: Request received via POST, content type "application/x-www-form-urlencoded"
2026-10-07 22:41:28.421 - INFO: Processing the following SPARQL query:
# Tier H-vocab — German labels of all humans, SELECT CSV (combo v2 + rank
# lookup run, 2026-10-07). Same prefixes and WHERE clause as
# incoming/pr162-queries/H-vocab-label-large-de.rq, but SELECT instead of
# CONSTRUCT. German literals are external (on disk): every label lookup goes
# through the on-disk vocabulary, so this query measures SSD reads.
PREFIX wd: <http://www.wikidata.org/entity/>
PREFIX wdt: <http://www.wikidata.org/prop/direct/>
PREFIX rdfs: <http://www.w3.org/2000/01/rdf-schema#>

SELECT ?person ?name WHERE {
  ?person wdt:P31 wd:Q5 .
  ?person rdfs:label ?name .
  FILTER(LANG(?name) = "de")
}

2026-10-07 22:41:28.421 - INFO: Requested media types of the result are: "text/csv"
2026-10-07 22:41:28.422 - INFO: Query planning done in 1 ms
2026-10-07 22:41:28.422 - INFO: ExportEngine: FastStreamingV2 [Reason: Fast-Path V2 selected (eligible export query with explicit or default opt-in)]
2026-10-07 22:41:28.422 - INFO: Using ExportEngineV2 for text/csv export
2026-10-07 22:41:28.422 - INFO: Result has unknown size (not computed yet)
2026-10-07 22:41:28.422 - INFO: ExportEngineV2 streaming lazy result blocks to morsels on queryThreadPool_ (no extra V2 threads)
2026-10-07 22:41:32.175 - INFO: Done processing query and sending result, total time was 3,753 ms
2026-10-07 22:41:32.199 - INFO: 
2026-10-07 22:41:32.199 - INFO: Request received via GET, no content type specified
2026-10-07 22:41:32.199 - INFO: Processing command "clear-cache": clear the cache (unpinned elements only)
2026-10-07 22:41:32.236 - INFO: 
2026-10-07 22:41:32.236 - INFO: Request received via POST, content type "application/x-www-form-urlencoded"
2026-10-07 22:41:32.237 - INFO: Processing the following SPARQL query:
# Tier H-vocab — German labels of all humans, SELECT CSV (combo v2 + rank
# lookup run, 2026-10-07). Same prefixes and WHERE clause as
# incoming/pr162-queries/H-vocab-label-large-de.rq, but SELECT instead of
# CONSTRUCT. German literals are external (on disk): every label lookup goes
# through the on-disk vocabulary, so this query measures SSD reads.
PREFIX wd: <http://www.wikidata.org/entity/>
PREFIX wdt: <http://www.wikidata.org/prop/direct/>
PREFIX rdfs: <http://www.w3.org/2000/01/rdf-schema#>

SELECT ?person ?name WHERE {
  ?person wdt:P31 wd:Q5 .
  ?person rdfs:label ?name .
  FILTER(LANG(?name) = "de")
}

2026-10-07 22:41:32.237 - INFO: Requested media types of the result are: "text/csv"
2026-10-07 22:41:32.237 - INFO: Query planning done in 0 ms
2026-10-07 22:41:32.237 - INFO: ExportEngine: FastStreamingV2 [Reason: Fast-Path V2 selected (eligible export query with explicit or default opt-in)]
2026-10-07 22:41:32.237 - INFO: Using ExportEngineV2 for text/csv export
2026-10-07 22:41:32.237 - INFO: Result has unknown size (not computed yet)
2026-10-07 22:41:32.237 - INFO: ExportEngineV2 streaming lazy result blocks to morsels on queryThreadPool_ (no extra V2 threads)
2026-10-07 22:41:36.373 - INFO: Done processing query and sending result, total time was 4,136 ms
2026-10-07 22:41:36.404 - INFO: 
2026-10-07 22:41:36.404 - INFO: Request received via GET, no content type specified
2026-10-07 22:41:36.404 - INFO: Processing command "clear-cache": clear the cache (unpinned elements only)
2026-10-07 22:41:36.434 - INFO: 
2026-10-07 22:41:36.434 - INFO: Request received via POST, content type "application/x-www-form-urlencoded"
2026-10-07 22:41:36.435 - INFO: Processing the following SPARQL query:
# Tier H-vocab — German labels of all humans, SELECT CSV (combo v2 + rank
# lookup run, 2026-10-07). Same prefixes and WHERE clause as
# incoming/pr162-queries/H-vocab-label-large-de.rq, but SELECT instead of
# CONSTRUCT. German literals are external (on disk): every label lookup goes
# through the on-disk vocabulary, so this query measures SSD reads.
PREFIX wd: <http://www.wikidata.org/entity/>
PREFIX wdt: <http://www.wikidata.org/prop/direct/>
PREFIX rdfs: <http://www.w3.org/2000/01/rdf-schema#>

SELECT ?person ?name WHERE {
  ?person wdt:P31 wd:Q5 .
  ?person rdfs:label ?name .
  FILTER(LANG(?name) = "de")
}

2026-10-07 22:41:36.435 - INFO: Requested media types of the result are: "text/csv"
2026-10-07 22:41:36.436 - INFO: Query planning done in 1 ms
2026-10-07 22:41:36.436 - INFO: ExportEngine: FastStreamingV2 [Reason: Fast-Path V2 selected (eligible export query with explicit or default opt-in)]
2026-10-07 22:41:36.436 - INFO: Using ExportEngineV2 for text/csv export
2026-10-07 22:41:36.436 - INFO: Result has unknown size (not computed yet)
2026-10-07 22:41:36.436 - INFO: ExportEngineV2 streaming lazy result blocks to morsels on queryThreadPool_ (no extra V2 threads)
2026-10-07 22:41:40.865 - INFO: Done processing query and sending result, total time was 4,431 ms
2026-10-07 22:41:40.890 - INFO: 
2026-10-07 22:41:40.890 - INFO: Request received via GET, no content type specified
2026-10-07 22:41:40.890 - INFO: Processing command "cache-stats": get cache statistics
