2026-10-07 13:40:52.601 - INFO: [1mQLever server v0.6.0-583-g87f576742, compiled on Sat Sep 26 12:11:57 AM CEST 2026 using git hash 87f5767[22m
2026-10-07 13:40:52.601 - INFO: Cleanup of previous index directories after each rebuild enabled (--rebuild-keep-previous-index-dirs original-and-most-recent)
2026-10-07 13:40:52.602 - INFO: The git hash used to build this index was "65f84b4"
2026-10-07 13:40:52.602 - INFO: Reading vocabulary from file /local/data-ssd/stoetzem/wikidata/wikidata.vocabulary.words ...
2026-10-07 13:41:09.248 - INFO: Done, number of words: 1,580,300,680
2026-10-07 13:41:09.248 - INFO: Number of words in internal vocabulary (these are also part of the external vocabulary): 777,658,536
2026-10-07 13:41:09.352 - INFO: Registered PSO permutation: #relations = 10,100, #blocks = 225,155, #triples = 6,983,973,847
2026-10-07 13:41:09.479 - INFO: Registered PSO permutation: #relations = 13,566, #blocks = 264,339, #triples = 8,220,417,022
2026-10-07 13:41:09.579 - INFO: Registered POS permutation: #relations = 10,100, #blocks = 225,155, #triples = 6,983,973,847
2026-10-07 13:41:09.705 - INFO: Registered POS permutation: #relations = 13,566, #blocks = 264,339, #triples = 8,220,417,022
2026-10-07 13:41:09.822 - INFO: Registered OPS permutation: #relations = 1,683,253,489, #blocks = 222,728, #triples = 8,220,417,022
2026-10-07 13:41:09.933 - INFO: Registered OSP permutation: #relations = 1,683,253,489, #blocks = 222,728, #triples = 8,220,417,022
2026-10-07 13:41:10.013 - INFO: Registered SPO permutation: #relations = 252,534,289, #blocks = 175,741, #triples = 8,220,417,022
2026-10-07 13:41:10.091 - INFO: Registered SOP permutation: #relations = 252,534,289, #blocks = 175,741, #triples = 8,220,417,022
2026-10-07 13:41:10.091 - INFO: Reading patterns from file /local/data-ssd/stoetzem/wikidata/wikidata.index.patterns ...
2026-10-07 13:41:12.044 - INFO: Sorting random result tables to estimate the sorting performance of this machine ...
2026-10-07 13:41:22.802 - INFO: Initializing server ...
2026-10-07 13:41:22.802 - INFO: ExportEngineV2 serialize posts onto queryThreadPool_ (8 threads); no extra V2 pool. Helpers stop admitting when another query is registered.
2026-10-07 13:41:22.802 - INFO: No access token required for restricted API calls
2026-10-07 13:41:22.802 - INFO: The server is ready, listening for requests on port 7041 ...
2026-10-07 13:41:25.013 - INFO: 
2026-10-07 13:41:25.013 - INFO: Request received via POST, content type "application/x-www-form-urlencoded"
2026-10-07 13:41:25.023 - INFO: Processing the following SPARQL query:
# Tier H-vocab — English labels, large (SELECT companion)
# Same WHERE clause as H-vocab-label-large.rq, but SELECT ?entity ?label
# instead of CONSTRUCT. Used by run 124 (export term-lookup perf profile)
# to attribute SELECT export CPU between vocabulary lookup and formatting.
PREFIX wd: <http://www.wikidata.org/entity/>
PREFIX wdt: <http://www.wikidata.org/prop/direct/>
PREFIX rdfs: <http://www.w3.org/2000/01/rdf-schema#>

SELECT ?entity ?label
WHERE {
  ?entity wdt:P31 wd:Q5 .
  ?entity rdfs:label ?label .
  FILTER(LANG(?label) = "en")
}

2026-10-07 13:41:25.024 - INFO: Requested media types of the result are: "text/csv"
2026-10-07 13:41:25.028 - INFO: Query planning done in 14 ms
2026-10-07 13:41:25.028 - INFO: ExportEngine: FastStreamingV2 [Reason: Fast-Path V2 selected (eligible export query with explicit or default opt-in)]
2026-10-07 13:41:25.028 - INFO: Using ExportEngineV2 for text/csv export
2026-10-07 13:41:25.029 - INFO: Result has unknown size (not computed yet)
2026-10-07 13:41:25.029 - INFO: ExportEngineV2 streaming lazy result blocks to morsels on queryThreadPool_ (no extra V2 threads)
2026-10-07 13:41:32.599 - INFO: Done processing query and sending result, total time was 7,585 ms
2026-10-07 13:41:34.749 - INFO: 
2026-10-07 13:41:34.749 - INFO: Request received via POST, content type "application/x-www-form-urlencoded"
2026-10-07 13:41:34.749 - INFO: Processing the following SPARQL query:
# Tier H-vocab — English labels, large (SELECT companion)
# Same WHERE clause as H-vocab-label-large.rq, but SELECT ?entity ?label
# instead of CONSTRUCT. Used by run 124 (export term-lookup perf profile)
# to attribute SELECT export CPU between vocabulary lookup and formatting.
PREFIX wd: <http://www.wikidata.org/entity/>
PREFIX wdt: <http://www.wikidata.org/prop/direct/>
PREFIX rdfs: <http://www.w3.org/2000/01/rdf-schema#>

SELECT ?entity ?label
WHERE {
  ?entity wdt:P31 wd:Q5 .
  ?entity rdfs:label ?label .
  FILTER(LANG(?label) = "en")
}

2026-10-07 13:41:34.750 - INFO: Requested media types of the result are: "text/csv"
2026-10-07 13:41:34.751 - INFO: Query planning done in 2 ms
2026-10-07 13:41:34.751 - INFO: ExportEngine: FastStreamingV2 [Reason: Fast-Path V2 selected (eligible export query with explicit or default opt-in)]
2026-10-07 13:41:34.751 - INFO: Using ExportEngineV2 for text/csv export
2026-10-07 13:41:34.751 - INFO: Result has unknown size (not computed yet)
2026-10-07 13:41:34.751 - INFO: ExportEngineV2 streaming lazy result blocks to morsels on queryThreadPool_ (no extra V2 threads)
2026-10-07 13:41:42.027 - INFO: Done processing query and sending result, total time was 7,278 ms
2026-10-07 13:41:42.100 - INFO: 
2026-10-07 13:41:42.100 - INFO: Request received via POST, content type "application/x-www-form-urlencoded"
2026-10-07 13:41:42.100 - INFO: Processing the following SPARQL query:
# Tier H-vocab — English labels, large (SELECT companion)
# Same WHERE clause as H-vocab-label-large.rq, but SELECT ?entity ?label
# instead of CONSTRUCT. Used by run 124 (export term-lookup perf profile)
# to attribute SELECT export CPU between vocabulary lookup and formatting.
PREFIX wd: <http://www.wikidata.org/entity/>
PREFIX wdt: <http://www.wikidata.org/prop/direct/>
PREFIX rdfs: <http://www.w3.org/2000/01/rdf-schema#>

SELECT ?entity ?label
WHERE {
  ?entity wdt:P31 wd:Q5 .
  ?entity rdfs:label ?label .
  FILTER(LANG(?label) = "en")
}

2026-10-07 13:41:42.100 - INFO: Requested media types of the result are: "text/csv"
2026-10-07 13:41:42.101 - INFO: Query planning done in 1 ms
2026-10-07 13:41:42.101 - INFO: ExportEngine: FastStreamingV2 [Reason: Fast-Path V2 selected (eligible export query with explicit or default opt-in)]
2026-10-07 13:41:42.101 - INFO: Using ExportEngineV2 for text/csv export
2026-10-07 13:41:42.102 - INFO: Result has unknown size (not computed yet)
2026-10-07 13:41:42.102 - INFO: ExportEngineV2 streaming lazy result blocks to morsels on queryThreadPool_ (no extra V2 threads)
2026-10-07 13:41:48.593 - INFO: Done processing query and sending result, total time was 6,492 ms
2026-10-07 13:41:48.660 - INFO: 
2026-10-07 13:41:48.660 - INFO: Request received via POST, content type "application/x-www-form-urlencoded"
2026-10-07 13:41:48.660 - INFO: Processing the following SPARQL query:
# Tier H-vocab — English labels, large (SELECT companion)
# Same WHERE clause as H-vocab-label-large.rq, but SELECT ?entity ?label
# instead of CONSTRUCT. Used by run 124 (export term-lookup perf profile)
# to attribute SELECT export CPU between vocabulary lookup and formatting.
PREFIX wd: <http://www.wikidata.org/entity/>
PREFIX wdt: <http://www.wikidata.org/prop/direct/>
PREFIX rdfs: <http://www.w3.org/2000/01/rdf-schema#>

SELECT ?entity ?label
WHERE {
  ?entity wdt:P31 wd:Q5 .
  ?entity rdfs:label ?label .
  FILTER(LANG(?label) = "en")
}

2026-10-07 13:41:48.660 - INFO: Requested media types of the result are: "text/csv"
2026-10-07 13:41:48.661 - INFO: Query planning done in 0 ms
2026-10-07 13:41:48.661 - INFO: ExportEngine: FastStreamingV2 [Reason: Fast-Path V2 selected (eligible export query with explicit or default opt-in)]
2026-10-07 13:41:48.662 - INFO: Using ExportEngineV2 for text/csv export
2026-10-07 13:41:48.662 - INFO: Result has unknown size (not computed yet)
2026-10-07 13:41:48.662 - INFO: ExportEngineV2 streaming lazy result blocks to morsels on queryThreadPool_ (no extra V2 threads)
2026-10-07 13:41:54.575 - INFO: Done processing query and sending result, total time was 5,915 ms
2026-10-07 13:41:54.636 - INFO: 
2026-10-07 13:41:54.636 - INFO: Request received via POST, content type "application/x-www-form-urlencoded"
2026-10-07 13:41:54.637 - INFO: Processing the following SPARQL query:
# Tier H-vocab — English labels, large (SELECT companion)
# Same WHERE clause as H-vocab-label-large.rq, but SELECT ?entity ?label
# instead of CONSTRUCT. Used by run 124 (export term-lookup perf profile)
# to attribute SELECT export CPU between vocabulary lookup and formatting.
PREFIX wd: <http://www.wikidata.org/entity/>
PREFIX wdt: <http://www.wikidata.org/prop/direct/>
PREFIX rdfs: <http://www.w3.org/2000/01/rdf-schema#>

SELECT ?entity ?label
WHERE {
  ?entity wdt:P31 wd:Q5 .
  ?entity rdfs:label ?label .
  FILTER(LANG(?label) = "en")
}

2026-10-07 13:41:54.637 - INFO: Requested media types of the result are: "text/csv"
2026-10-07 13:41:54.637 - INFO: Query planning done in 1 ms
2026-10-07 13:41:54.638 - INFO: ExportEngine: FastStreamingV2 [Reason: Fast-Path V2 selected (eligible export query with explicit or default opt-in)]
2026-10-07 13:41:54.638 - INFO: Using ExportEngineV2 for text/csv export
2026-10-07 13:41:54.638 - INFO: Result has unknown size (not computed yet)
2026-10-07 13:41:54.638 - INFO: ExportEngineV2 streaming lazy result blocks to morsels on queryThreadPool_ (no extra V2 threads)
2026-10-07 13:42:00.983 - INFO: Done processing query and sending result, total time was 6,347 ms
