2026-08-10 23:53:43.678 - INFO: [1mQLever server v0.5.50-82-g65f84b43, compiled on Mon Aug 10 19:10:29 CEST 2026 using git hash 65f84b4[22m
2026-08-10 23:53:43.678 - INFO: Cleanup of previous index directories after each rebuild enabled (--rebuild-keep-previous-index-dirs original-and-most-recent)
2026-08-10 23:53:43.693 - INFO: The git hash used to build this index was "65f84b4"
2026-08-10 23:53:43.693 - INFO: Reading vocabulary from file /local/data-ssd/stoetzem/dblp/dblp.vocabulary.words ...
2026-08-10 23:53:43.707 - INFO: Done, number of words: 446,944,668
2026-08-10 23:53:43.707 - INFO: Number of words in internal vocabulary (these are also part of the external vocabulary): 446,955
2026-08-10 23:53:43.714 - INFO: Registered PSO permutation: #relations = 6, #blocks = 8,187, #triples = 255,805,025
2026-08-10 23:53:43.738 - INFO: Registered PSO permutation: #relations = 96, #blocks = 51,023, #triples = 1,593,245,022
2026-08-10 23:53:43.742 - INFO: Registered POS permutation: #relations = 6, #blocks = 8,187, #triples = 255,805,025
2026-08-10 23:53:43.766 - INFO: Registered POS permutation: #relations = 96, #blocks = 51,023, #triples = 1,593,245,022
2026-08-10 23:53:43.786 - INFO: Registered OPS permutation: #relations = 345,357,897, #blocks = 42,492, #triples = 1,593,245,022
2026-08-10 23:53:43.805 - INFO: Registered OSP permutation: #relations = 345,357,897, #blocks = 42,492, #triples = 1,593,245,022
2026-08-10 23:53:43.818 - INFO: Registered SPO permutation: #relations = 255,804,614, #blocks = 33,993, #triples = 1,593,245,022
2026-08-10 23:53:43.829 - INFO: Registered SOP permutation: #relations = 255,804,614, #blocks = 33,993, #triples = 1,593,245,022
2026-08-10 23:53:43.829 - INFO: Reading patterns from file /local/data-ssd/stoetzem/dblp/dblp.index.patterns ...
2026-08-10 23:53:43.830 - INFO: Sorting random result tables to estimate the sorting performance of this machine ...
2026-08-10 23:53:51.724 - INFO: Initializing server ...
2026-08-10 23:53:51.724 - INFO: No access token required for restricted API calls
2026-08-10 23:53:51.724 - INFO: The server is ready, listening for requests on port 7026 ...
2026-08-10 23:53:51.948 - INFO: 
2026-08-10 23:53:51.948 - INFO: Request received via POST, content type "application/x-www-form-urlencoded"
2026-08-10 23:53:51.951 - INFO: Processing the following SPARQL query:
# Tier H — size-sweep
# Goal: isolate export cost from query-planning cost. Raise the year bound
# across runs, for example 1970, 1990, 2010, and 2023.
PREFIX dblp: <https://dblp.org/rdf/schema#>

CONSTRUCT { ?s ?p ?o }
WHERE {
  ?s a dblp:Publication ;
     dblp:yearOfPublication ?year ;
     ?p ?o .
  FILTER(?year <= "1970"^^<http://www.w3.org/2001/XMLSchema#gYear>)
}

2026-08-10 23:53:51.951 - INFO: Requested media types of the result are: "text/turtle"
2026-08-10 23:53:51.951 - INFO: CONSTRUCT_REQUEST_STAGE_ENTER name=planning elapsed_us=2,738
2026-08-10 23:53:51.967 - INFO: Query planning done in 18 ms
2026-08-10 23:53:51.967 - INFO: CONSTRUCT_REQUEST_STAGE_ENTER name=response_stream elapsed_us=19,039
2026-08-10 23:53:51.997 - INFO: Result has unknown size (not computed yet)
2026-08-10 23:53:51.997 - INFO: CONSTRUCT_EXPORT_DEDUPLICATOR_CONSTRUCTION_BEGIN mode=none
2026-08-10 23:53:51.997 - INFO: CONSTRUCT_EXPORT_DEDUPLICATOR_CONSTRUCTION_END mode=none enabled=false
2026-08-10 23:53:55.550 - INFO: CONSTRUCT_EXPORT_STAGE_SUMMARY construct_stream_us=3,553,715 setup_us=12 batch_evaluation_us=3,318,873 instantiation_deduplication_us=24,076 batches=482 input_rows=490,650 candidate_triples=490,650 emitted_triples=490,650
2026-08-10 23:53:55.558 - INFO: CONSTRUCT_REQUEST_STAGE_SUMMARY planning_begin_us=2,738 planning_end_us=19,038 planning_us=16,300 response_stream_begin_us=19,039 response_stream_end_us=3,609,896 response_stream_us=3,590,857 root_execution_us=143,972 non_root_stream_us=3,446,885 server_request_us=3,609,896
2026-08-10 23:53:55.558 - INFO: Done processing query and sending result, total time was 3,609 ms
2026-08-10 23:53:55.577 - INFO: 
2026-08-10 23:53:55.577 - INFO: Request received via GET, no content type specified
2026-08-10 23:53:55.577 - INFO: Processing command "cache-stats": get cache statistics
2026-08-10 23:53:55.595 - INFO: 
2026-08-10 23:53:55.595 - INFO: Request received via POST, content type "application/x-www-form-urlencoded"
2026-08-10 23:53:55.595 - INFO: Processing the following SPARQL query:
# Tier H — size-sweep
# Goal: isolate export cost from query-planning cost. Raise the year bound
# across runs, for example 1970, 1990, 2010, and 2023.
PREFIX dblp: <https://dblp.org/rdf/schema#>

CONSTRUCT { ?s ?p ?o }
WHERE {
  ?s a dblp:Publication ;
     dblp:yearOfPublication ?year ;
     ?p ?o .
  FILTER(?year <= "1970"^^<http://www.w3.org/2001/XMLSchema#gYear>)
}

2026-08-10 23:53:55.595 - INFO: Requested media types of the result are: "text/turtle"
2026-08-10 23:53:55.595 - INFO: CONSTRUCT_REQUEST_STAGE_ENTER name=planning elapsed_us=323
2026-08-10 23:53:55.596 - INFO: Query planning done in 1 ms
2026-08-10 23:53:55.596 - INFO: CONSTRUCT_REQUEST_STAGE_ENTER name=response_stream elapsed_us=1,231
2026-08-10 23:53:55.611 - INFO: Result has unknown size (not computed yet)
2026-08-10 23:53:55.611 - INFO: CONSTRUCT_EXPORT_DEDUPLICATOR_CONSTRUCTION_BEGIN mode=none
2026-08-10 23:53:55.611 - INFO: CONSTRUCT_EXPORT_DEDUPLICATOR_CONSTRUCTION_END mode=none enabled=false
2026-08-10 23:53:56.164 - INFO: CONSTRUCT_EXPORT_STAGE_SUMMARY construct_stream_us=552,841 setup_us=6 batch_evaluation_us=340,019 instantiation_deduplication_us=24,075 batches=482 input_rows=490,650 candidate_triples=490,650 emitted_triples=490,650
2026-08-10 23:53:56.172 - INFO: CONSTRUCT_REQUEST_STAGE_SUMMARY planning_begin_us=323 planning_end_us=1,230 planning_us=907 response_stream_begin_us=1,231 response_stream_end_us=577,378 response_stream_us=576,147 root_execution_us=109,090 non_root_stream_us=467,057 server_request_us=577,378
2026-08-10 23:53:56.172 - INFO: Done processing query and sending result, total time was 577 ms
2026-08-10 23:53:56.191 - INFO: 
2026-08-10 23:53:56.191 - INFO: Request received via GET, no content type specified
2026-08-10 23:53:56.191 - INFO: Processing command "cache-stats": get cache statistics
