[2026-09-21T12:42:13Z] ARM=master BIN=/local/data-ssd/stoetzem/wt/scratch/fp-profile-master/build/qlever-server
[2026-09-21T12:42:13Z] preflight ok (paranoid=1)
[2026-09-21T12:42:13Z] binary version: /local/data-ssd/stoetzem/wt/scratch/fp-profile-master/build/qlever-server v0.6.0-133-ge6f950830
[2026-09-21T12:42:13Z] FlameGraph tools present
[2026-09-21T12:42:15Z] evicting page cache for manifest files (advisory posix_fadvise)
/local/data-ssd/stoetzem/wikidata/wikidata.index.spo
/local/data-ssd/stoetzem/wikidata/wikidata.index.spo.meta
/local/data-ssd/stoetzem/wikidata/wikidata.index.sop
/local/data-ssd/stoetzem/wikidata/wikidata.index.sop.meta
/local/data-ssd/stoetzem/wikidata/wikidata.index.pso
/local/data-ssd/stoetzem/wikidata/wikidata.index.pso.meta
/local/data-ssd/stoetzem/wikidata/wikidata.index.pos
/local/data-ssd/stoetzem/wikidata/wikidata.index.pos.meta
/local/data-ssd/stoetzem/wikidata/wikidata.index.osp
/local/data-ssd/stoetzem/wikidata/wikidata.index.osp.meta
/local/data-ssd/stoetzem/wikidata/wikidata.index.ops
/local/data-ssd/stoetzem/wikidata/wikidata.index.ops.meta
/local/data-ssd/stoetzem/wikidata/wikidata.internal.index.pso
/local/data-ssd/stoetzem/wikidata/wikidata.internal.index.pso.meta
/local/data-ssd/stoetzem/wikidata/wikidata.internal.index.pos
/local/data-ssd/stoetzem/wikidata/wikidata.internal.index.pos.meta
/local/data-ssd/stoetzem/wikidata/wikidata.vocabulary.words.external
/local/data-ssd/stoetzem/wikidata/wikidata.vocabulary.words.external.offsets
/local/data-ssd/stoetzem/wikidata/wikidata.vocabulary.codebooks
/local/data-ssd/stoetzem/wikidata/wikidata.vocabulary.words.internal
/local/data-ssd/stoetzem/wikidata/wikidata.vocabulary.words.internal.ids
/local/data-ssd/stoetzem/wikidata/wikidata.meta-data.json
/local/data-ssd/stoetzem/wikidata/wikidata.settings.json
/local/data-ssd/stoetzem/wikidata/wikidata.index.patterns
/local/data-ssd/stoetzem/wikidata/Qleverfile
[2026-09-21T12:42:15Z] server pid 433126
[2026-09-21T12:42:39Z] server ready
[2026-09-21T12:42:40Z] perf recording
[2026-09-21T12:43:33Z] export http=200 total=53.150056 body=504927346
[2026-09-21T12:43:33Z] wall=53.168501s sha=dcd2b1bc77fc...
[2026-09-21T12:43:34Z] perf stopped
[2026-09-21T12:43:36Z] server stopped
[2026-09-21T12:43:38Z] collapsed stacks: 821
[2026-09-21T12:43:38Z] ALL DONE
