2026-08-11 13:29:01.451 - INFO: [1mQLever server v0.5.50-58-gbdd1a6b9, compiled on Fri Jul 31 12:36:09 CEST 2026 using git hash bdd1a6b[22m
2026-08-11 13:29:01.452 - INFO: The git hash used to build this index was "bdd1a6b"
2026-08-11 13:29:01.452 - INFO: Reading vocabulary from file /home/userNoPriv/code/qlever/qlever-indices/dblp/dblp.vocabulary.words ...
2026-08-11 13:29:01.469 - INFO: Done, number of words: 409,446,926
2026-08-11 13:29:01.469 - INFO: Number of words in internal vocabulary (these are also part of the external vocabulary): 409,457
2026-08-11 13:29:01.479 - INFO: Registered PSO permutation: #relations = 6, #blocks = 7,515, #triples = 234,800,838
2026-08-11 13:29:01.502 - INFO: Registered PSO permutation: #relations = 96, #blocks = 46,913, #triples = 1,464,719,701
2026-08-11 13:29:01.506 - INFO: Registered POS permutation: #relations = 6, #blocks = 7,515, #triples = 234,800,838
2026-08-11 13:29:01.530 - INFO: Registered POS permutation: #relations = 96, #blocks = 46,913, #triples = 1,464,719,701
2026-08-11 13:29:01.550 - INFO: Registered OPS permutation: #relations = 318,850,904, #blocks = 39,014, #triples = 1,464,719,701
2026-08-11 13:29:01.572 - INFO: Registered OSP permutation: #relations = 318,850,904, #blocks = 39,014, #triples = 1,464,719,701
2026-08-11 13:29:01.587 - INFO: Registered SPO permutation: #relations = 234,800,427, #blocks = 31,251, #triples = 1,464,719,701
2026-08-11 13:29:01.599 - INFO: Registered SOP permutation: #relations = 234,800,427, #blocks = 31,251, #triples = 1,464,719,701
2026-08-11 13:29:01.599 - INFO: Reading patterns from file /home/userNoPriv/code/qlever/qlever-indices/dblp/dblp.index.patterns ...
2026-08-11 13:29:01.600 - INFO: Sorting random result tables to estimate the sorting performance of this machine ...
2026-08-11 13:29:10.261 - INFO: Initializing server ...
2026-08-11 13:29:10.261 - INFO: No access token required for restricted API calls
2026-08-11 13:29:10.262 - INFO: The server is ready, listening for requests on port 7088 ...
2026-08-11 13:29:10.489 - INFO: 
2026-08-11 13:29:10.489 - INFO: Request received via POST, content type "application/x-www-form-urlencoded"
2026-08-11 13:29:10.491 - INFO: Processing the following SPARQL query:
# Tier R1 — STATE (real-world, small result)
# Bounded materialization of a real DBLP venue subgraph.
PREFIX dblp: <https://dblp.org/rdf/schema#>

CONSTRUCT { ?paper ?p ?o }
WHERE {
  ?paper a dblp:Publication ;
         dblp:publishedInStream <https://dblp.org/streams/conf/stoc> ;
         ?p ?o .
}
LIMIT 50000

2026-08-11 13:29:10.491 - INFO: Requested media types of the result are: "text/turtle"
2026-08-11 13:29:10.496 - INFO: Query planning done in 6 ms
2026-08-11 13:29:10.503 - INFO: Result has unknown size (not computed yet)
2026-08-11 13:29:10.503 - INFO: Result has unknown size (not computed yet)
2026-08-11 13:29:12.127 - INFO: Export finished in 957 ms
2026-08-11 13:29:12.127 - INFO: Done processing query and sending result, total time was 1,638 ms
2026-08-11 13:29:12.135 - INFO: 
2026-08-11 13:29:12.135 - INFO: Request received via GET, no content type specified
2026-08-11 13:29:12.135 - INFO: Processing command "cache-stats": get cache statistics
2026-08-11 13:29:12.468 - INFO: 
2026-08-11 13:29:12.468 - INFO: Request received via POST, content type "application/x-www-form-urlencoded"
2026-08-11 13:29:12.468 - INFO: Processing the following SPARQL query:
# Tier R1 — STATE (real-world, small result)
# Bounded materialization of a real DBLP venue subgraph.
PREFIX dblp: <https://dblp.org/rdf/schema#>

CONSTRUCT { ?paper ?p ?o }
WHERE {
  ?paper a dblp:Publication ;
         dblp:publishedInStream <https://dblp.org/streams/conf/stoc> ;
         ?p ?o .
}
LIMIT 50000

2026-08-11 13:29:12.468 - INFO: Requested media types of the result are: "text/turtle"
2026-08-11 13:29:12.468 - INFO: Query planning done in 0 ms
2026-08-11 13:29:12.471 - INFO: Result has unknown size (not computed yet)
2026-08-11 13:29:12.471 - INFO: Result has unknown size (not computed yet)
2026-08-11 13:29:12.535 - INFO: Export finished in 46 ms
2026-08-11 13:29:12.535 - INFO: Done processing query and sending result, total time was 67 ms
2026-08-11 13:29:12.543 - INFO: 
2026-08-11 13:29:12.543 - INFO: Request received via GET, no content type specified
2026-08-11 13:29:12.543 - INFO: Processing command "cache-stats": get cache statistics
