2026-10-08 02:37:44.624 - INFO: [1mQLever server CIKM-3095-g60efca19a, compiled on Wed Oct  7 21:02:12 UTC 2026 using git hash 60efca1[22m
2026-10-08 02:37:44.624 - INFO: Cleanup of previous index directories after each rebuild enabled (--rebuild-keep-previous-index-dirs original-and-most-recent)
2026-10-08 02:37:44.626 - INFO: The git hash used to build this index was "65f84b4"
2026-10-08 02:37:44.626 - INFO: Reading vocabulary from file /local/data-ssd/stoetzem/wikidata/wikidata.vocabulary.words ...
2026-10-08 02:37:59.292 - INFO: Done, number of words: 1,580,300,680
2026-10-08 02:37:59.292 - INFO: Number of words in internal vocabulary (these are also part of the external vocabulary): 777,658,536
2026-10-08 02:37:59.375 - INFO: Registered PSO permutation: #relations = 10,100, #blocks = 225,155, #triples = 6,983,973,847
2026-10-08 02:37:59.485 - INFO: Registered PSO permutation: #relations = 13,566, #blocks = 264,339, #triples = 8,220,417,022
2026-10-08 02:37:59.560 - INFO: Registered POS permutation: #relations = 10,100, #blocks = 225,155, #triples = 6,983,973,847
2026-10-08 02:37:59.661 - INFO: Registered POS permutation: #relations = 13,566, #blocks = 264,339, #triples = 8,220,417,022
2026-10-08 02:37:59.746 - INFO: Registered OPS permutation: #relations = 1,683,253,489, #blocks = 222,728, #triples = 8,220,417,022
2026-10-08 02:37:59.838 - INFO: Registered OSP permutation: #relations = 1,683,253,489, #blocks = 222,728, #triples = 8,220,417,022
2026-10-08 02:37:59.897 - INFO: Registered SPO permutation: #relations = 252,534,289, #blocks = 175,741, #triples = 8,220,417,022
2026-10-08 02:37:59.955 - INFO: Registered SOP permutation: #relations = 252,534,289, #blocks = 175,741, #triples = 8,220,417,022
2026-10-08 02:37:59.955 - INFO: Reading patterns from file /local/data-ssd/stoetzem/wikidata/wikidata.index.patterns ...
2026-10-08 02:38:01.560 - INFO: Sorting random result tables to estimate the sorting performance of this machine ...
2026-10-08 02:38:10.515 - INFO: Initializing server ...
2026-10-08 02:38:10.515 - INFO: ExportEngineV2 serialize posts onto queryThreadPool_ (8 threads); no extra V2 pool. Helpers stop admitting when another query is registered.
2026-10-08 02:38:10.515 - INFO: No access token required for restricted API calls
2026-10-08 02:38:10.515 - INFO: The server is ready, listening for requests on port 7015 ...
2026-10-08 02:38:10.706 - INFO: 
2026-10-08 02:38:10.706 - INFO: Request received via POST, content type "application/x-www-form-urlencoded"
2026-10-08 02:38:10.710 - INFO: Processing the following SPARQL query:
# Tier H-vocab — German labels, large
# Physical: P+O bound scan of wdt:P31 wd:Q5 (class postings), then
# S+P bound SPO scan of rdfs:label. LANG(?label) maps label IDs to
# strings. CONSTRUCT writes entity IRI + label.
# Targets: large sequential class scan with EXTERNAL vocabulary words.
# German is not in languages-internal (only "en"), so QLever's
# shouldLiteralBeExternalized places every de literal in the external
# tier (src/index/vocabulary/Vocabulary.cpp). Same shape as
# H-vocab-label-large.rq, but every lookup is a guaranteed external
# miss on cold caches.
PREFIX wd: <http://www.wikidata.org/entity/>
PREFIX wdt: <http://www.wikidata.org/prop/direct/>
PREFIX rdfs: <http://www.w3.org/2000/01/rdf-schema#>

CONSTRUCT { ?entity rdfs:label ?label }
WHERE {
  ?entity wdt:P31 wd:Q5 .
  ?entity rdfs:label ?label .
  FILTER(LANG(?label) = "de")
}

2026-10-08 02:38:10.710 - INFO: Requested media types of the result are: "text/turtle"
2026-10-08 02:38:10.733 - INFO: Query planning done in 27 ms
2026-10-08 02:38:10.734 - INFO: ExportEngine: LegacyV1 [Reason: Legacy V1 selected (explicitly requested via query parameter or header override)]
2026-10-08 02:38:10.734 - INFO: Result has unknown size (not computed yet)
2026-10-08 02:38:41.143 - INFO: Done processing query and sending result, total time was 30,436 ms
2026-10-08 02:38:41.161 - INFO: 
2026-10-08 02:38:41.161 - INFO: Request received via GET, no content type specified
2026-10-08 02:38:41.161 - INFO: Processing command "cache-stats": get cache statistics
2026-10-08 02:38:41.179 - INFO: 
2026-10-08 02:38:41.179 - INFO: Request received via GET, no content type specified
2026-10-08 02:38:41.179 - INFO: Processing command "clear-cache": clear the cache (unpinned elements only)
2026-10-08 02:38:41.197 - INFO: 
2026-10-08 02:38:41.197 - INFO: Request received via GET, no content type specified
2026-10-08 02:38:41.197 - INFO: Processing command "cache-stats": get cache statistics
2026-10-08 02:38:41.216 - INFO: 
2026-10-08 02:38:41.216 - INFO: Request received via POST, content type "application/x-www-form-urlencoded"
2026-10-08 02:38:41.216 - INFO: Processing the following SPARQL query:
# Tier H-vocab — German labels, large
# Physical: P+O bound scan of wdt:P31 wd:Q5 (class postings), then
# S+P bound SPO scan of rdfs:label. LANG(?label) maps label IDs to
# strings. CONSTRUCT writes entity IRI + label.
# Targets: large sequential class scan with EXTERNAL vocabulary words.
# German is not in languages-internal (only "en"), so QLever's
# shouldLiteralBeExternalized places every de literal in the external
# tier (src/index/vocabulary/Vocabulary.cpp). Same shape as
# H-vocab-label-large.rq, but every lookup is a guaranteed external
# miss on cold caches.
PREFIX wd: <http://www.wikidata.org/entity/>
PREFIX wdt: <http://www.wikidata.org/prop/direct/>
PREFIX rdfs: <http://www.w3.org/2000/01/rdf-schema#>

CONSTRUCT { ?entity rdfs:label ?label }
WHERE {
  ?entity wdt:P31 wd:Q5 .
  ?entity rdfs:label ?label .
  FILTER(LANG(?label) = "de")
}

2026-10-08 02:38:41.216 - INFO: Requested media types of the result are: "text/turtle"
2026-10-08 02:38:41.217 - INFO: Query planning done in 0 ms
2026-10-08 02:38:41.217 - INFO: ExportEngine: LegacyV1 [Reason: Legacy V1 selected (explicitly requested via query parameter or header override)]
2026-10-08 02:38:41.217 - INFO: Result has unknown size (not computed yet)
2026-10-08 02:38:58.537 - INFO: Done processing query and sending result, total time was 17,320 ms
2026-10-08 02:38:58.556 - INFO: 
2026-10-08 02:38:58.556 - INFO: Request received via GET, no content type specified
2026-10-08 02:38:58.556 - INFO: Processing command "cache-stats": get cache statistics
