2026-10-06 16:08:17.201 - INFO: [1mQLever server CIKM-2732-ga752a4571, compiled on Tue Oct  6 07:51:09 UTC 2026 using git hash a752a45[22m
2026-10-06 16:08:17.201 - INFO: Cleanup of previous index directories after each rebuild enabled (--rebuild-keep-previous-index-dirs original-and-most-recent)
2026-10-06 16:08:17.203 - INFO: The git hash used to build this index was "65f84b4"
2026-10-06 16:08:17.203 - INFO: Reading vocabulary from file /local/data-ssd/stoetzem/wikidata/wikidata.vocabulary.words ...
2026-10-06 16:08:33.668 - INFO: Done, number of words: 1,580,300,680
2026-10-06 16:08:33.668 - INFO: Number of words in internal vocabulary (these are also part of the external vocabulary): 777,658,536
2026-10-06 16:08:33.769 - INFO: Registered PSO permutation: #relations = 10,100, #blocks = 225,155, #triples = 6,983,973,847
2026-10-06 16:08:33.895 - INFO: Registered PSO permutation: #relations = 13,566, #blocks = 264,339, #triples = 8,220,417,022
2026-10-06 16:08:33.991 - INFO: Registered POS permutation: #relations = 10,100, #blocks = 225,155, #triples = 6,983,973,847
2026-10-06 16:08:34.119 - INFO: Registered POS permutation: #relations = 13,566, #blocks = 264,339, #triples = 8,220,417,022
2026-10-06 16:08:34.230 - INFO: Registered OPS permutation: #relations = 1,683,253,489, #blocks = 222,728, #triples = 8,220,417,022
2026-10-06 16:08:34.342 - INFO: Registered OSP permutation: #relations = 1,683,253,489, #blocks = 222,728, #triples = 8,220,417,022
2026-10-06 16:08:34.413 - INFO: Registered SPO permutation: #relations = 252,534,289, #blocks = 175,741, #triples = 8,220,417,022
2026-10-06 16:08:34.484 - INFO: Registered SOP permutation: #relations = 252,534,289, #blocks = 175,741, #triples = 8,220,417,022
2026-10-06 16:08:34.484 - INFO: Reading patterns from file /local/data-ssd/stoetzem/wikidata/wikidata.index.patterns ...
2026-10-06 16:08:36.268 - WARN: The geo points of this index use the encoding "lat-major", which is deprecated and will not be supported for much longer; with this encoding, a spatial prefilter on points can only restrict the latitude; please build the index with the default encoding "z-order" (just omit the option `--geo-point-encoding` of `qlever-index`)
2026-10-06 16:08:36.268 - INFO: Sorting random result tables to estimate the sorting performance of this machine ...
2026-10-06 16:08:47.090 - INFO: Initializing server ...
2026-10-06 16:08:47.090 - INFO: No access token required for restricted API calls
2026-10-06 16:08:47.090 - INFO: The server is ready, listening for requests on port 7015 ...
2026-10-06 16:08:47.304 - INFO: 
2026-10-06 16:08:47.304 - INFO: Request received via POST, content type "application/x-www-form-urlencoded"
2026-10-06 16:08:47.308 - INFO: Processing the following SPARQL query:
# Tier H-vocab — English labels, large
# Physical: P+O bound scan of wdt:P31 wd:Q5 (class postings), then
# S+P bound SPO scan of rdfs:label. LANG(?label) maps label IDs to
# strings. CONSTRUCT writes entity IRI + label.
# Targets: large sequential class scan, label vocabulary, 1.3 GiB Turtle
# serialize. Same query as wikidata-construct-humans-label-en.
PREFIX wd: <http://www.wikidata.org/entity/>
PREFIX wdt: <http://www.wikidata.org/prop/direct/>
PREFIX rdfs: <http://www.w3.org/2000/01/rdf-schema#>

CONSTRUCT { ?entity rdfs:label ?label }
WHERE {
  ?entity wdt:P31 wd:Q5 .
  ?entity rdfs:label ?label .
  FILTER(LANG(?label) = "en")
}

2026-10-06 16:08:47.308 - INFO: Requested media types of the result are: "text/turtle"
2026-10-06 16:08:47.312 - INFO: Query planning done in 8 ms
2026-10-06 16:08:47.312 - INFO: Result has unknown size (not computed yet)
2026-10-06 16:09:26.807 - INFO: Done processing query and sending result, total time was 39,502 ms
2026-10-06 16:09:26.827 - INFO: 
2026-10-06 16:09:26.827 - INFO: Request received via GET, no content type specified
2026-10-06 16:09:26.827 - INFO: Processing command "cache-stats": get cache statistics
2026-10-06 16:09:26.850 - INFO: 
2026-10-06 16:09:26.850 - INFO: Request received via GET, no content type specified
2026-10-06 16:09:26.850 - INFO: Processing command "clear-cache": clear the cache (unpinned elements only)
2026-10-06 16:09:26.873 - INFO: 
2026-10-06 16:09:26.873 - INFO: Request received via GET, no content type specified
2026-10-06 16:09:26.873 - INFO: Processing command "cache-stats": get cache statistics
2026-10-06 16:09:26.904 - INFO: 
2026-10-06 16:09:26.904 - INFO: Request received via POST, content type "application/x-www-form-urlencoded"
2026-10-06 16:09:26.904 - INFO: Processing the following SPARQL query:
# Tier H-vocab — English labels, large
# Physical: P+O bound scan of wdt:P31 wd:Q5 (class postings), then
# S+P bound SPO scan of rdfs:label. LANG(?label) maps label IDs to
# strings. CONSTRUCT writes entity IRI + label.
# Targets: large sequential class scan, label vocabulary, 1.3 GiB Turtle
# serialize. Same query as wikidata-construct-humans-label-en.
PREFIX wd: <http://www.wikidata.org/entity/>
PREFIX wdt: <http://www.wikidata.org/prop/direct/>
PREFIX rdfs: <http://www.w3.org/2000/01/rdf-schema#>

CONSTRUCT { ?entity rdfs:label ?label }
WHERE {
  ?entity wdt:P31 wd:Q5 .
  ?entity rdfs:label ?label .
  FILTER(LANG(?label) = "en")
}

2026-10-06 16:09:26.904 - INFO: Requested media types of the result are: "text/turtle"
2026-10-06 16:09:26.905 - INFO: Query planning done in 1 ms
2026-10-06 16:09:26.905 - INFO: Result has unknown size (not computed yet)
2026-10-06 16:10:06.694 - INFO: Done processing query and sending result, total time was 39,789 ms
2026-10-06 16:10:06.723 - INFO: 
2026-10-06 16:10:06.723 - INFO: Request received via GET, no content type specified
2026-10-06 16:10:06.723 - INFO: Processing command "cache-stats": get cache statistics
