2026-09-28 23:40:56.001 - INFO: [1mQLever server CIKM-2667-g533f800b8, compiled on Mon Sep 28 14:40:44 UTC 2026 using git hash 533f800[22m
2026-09-28 23:40:56.001 - INFO: Cleanup of previous index directories after each rebuild enabled (--rebuild-keep-previous-index-dirs original-and-most-recent)
2026-09-28 23:40:56.006 - INFO: The git hash used to build this index was "65f84b4"
2026-09-28 23:40:56.006 - INFO: Reading vocabulary from file /local/data-ssd/stoetzem/qlever-indices/dblp/dblp.vocabulary.words ...
2026-09-28 23:40:56.024 - INFO: Done, number of words: 446,944,668
2026-09-28 23:40:56.024 - INFO: Number of words in internal vocabulary (these are also part of the external vocabulary): 446,955
2026-09-28 23:40:56.034 - INFO: Registered PSO permutation: #relations = 6, #blocks = 8,187, #triples = 255,805,025
2026-09-28 23:40:56.068 - INFO: Registered PSO permutation: #relations = 96, #blocks = 51,023, #triples = 1,593,245,022
2026-09-28 23:40:56.073 - INFO: Registered POS permutation: #relations = 6, #blocks = 8,187, #triples = 255,805,025
2026-09-28 23:40:56.109 - INFO: Registered POS permutation: #relations = 96, #blocks = 51,023, #triples = 1,593,245,022
2026-09-28 23:40:56.138 - INFO: Registered OPS permutation: #relations = 345,357,897, #blocks = 42,492, #triples = 1,593,245,022
2026-09-28 23:40:56.165 - INFO: Registered OSP permutation: #relations = 345,357,897, #blocks = 42,492, #triples = 1,593,245,022
2026-09-28 23:40:56.184 - INFO: Registered SPO permutation: #relations = 255,804,614, #blocks = 33,993, #triples = 1,593,245,022
2026-09-28 23:40:56.200 - INFO: Registered SOP permutation: #relations = 255,804,614, #blocks = 33,993, #triples = 1,593,245,022
2026-09-28 23:40:56.200 - INFO: Reading patterns from file /local/data-ssd/stoetzem/qlever-indices/dblp/dblp.index.patterns ...
2026-09-28 23:40:56.200 - INFO: Sorting random result tables to estimate the sorting performance of this machine ...
2026-09-28 23:41:06.333 - INFO: Initializing server ...
2026-09-28 23:41:06.333 - INFO: No access token required for restricted API calls
2026-09-28 23:41:06.333 - INFO: The server is ready, listening for requests on port 7015 ...
2026-09-28 23:41:06.640 - INFO: 
2026-09-28 23:41:06.640 - INFO: Request received via POST, content type "application/x-www-form-urlencoded"
2026-09-28 23:41:06.643 - INFO: Processing the following SPARQL query:
# Tier H-vocab — title literals, large
# Goal: external-vocabulary lookup pressure with larger bounded output.
PREFIX dblp: <https://dblp.org/rdf/schema#>

CONSTRUCT { ?paper dblp:title ?title }
WHERE {
  ?paper dblp:title ?title .
}
LIMIT 100000

2026-09-28 23:41:06.643 - INFO: Requested media types of the result are: "text/turtle"
2026-09-28 23:41:06.644 - INFO: Query planning done in 4 ms
2026-09-28 23:41:06.644 - INFO: Result has unknown size (not computed yet)
2026-09-28 23:41:11.931 - INFO: Done processing query and sending result, total time was 5,290 ms
2026-09-28 23:41:11.975 - INFO: 
2026-09-28 23:41:11.975 - INFO: Request received via POST, content type "application/x-www-form-urlencoded"
2026-09-28 23:41:11.975 - INFO: Processing the following SPARQL query:
# Tier H-vocab — title literals, large
# Goal: external-vocabulary lookup pressure with larger bounded output.
PREFIX dblp: <https://dblp.org/rdf/schema#>

CONSTRUCT { ?paper dblp:title ?title }
WHERE {
  ?paper dblp:title ?title .
}
LIMIT 100000

2026-09-28 23:41:11.975 - INFO: Requested media types of the result are: "text/turtle"
2026-09-28 23:41:11.976 - INFO: Query planning done in 0 ms
2026-09-28 23:41:11.976 - INFO: Result has unknown size (not computed yet)
2026-09-28 23:41:12.678 - INFO: Done processing query and sending result, total time was 703 ms
