2026-09-22 02:59:56.198 - INFO: [1mQLever server v0.6.0-141-gfe6f83d86, compiled on Mon Sep 21 10:19:39 PM CEST 2026 using git hash fe6f83d[22m
2026-09-22 02:59:56.198 - INFO: Cleanup of previous index directories after each rebuild enabled (--rebuild-keep-previous-index-dirs original-and-most-recent)
2026-09-22 02:59:56.199 - INFO: The git hash used to build this index was "65f84b4"
2026-09-22 02:59:56.200 - INFO: Reading vocabulary from file /local/data-ssd/stoetzem/wikidata/index-for-upgrade-new-format/wikidata.vocabulary.words ...
2026-09-22 03:00:08.998 - INFO: Done, number of words: 1,580,300,680
2026-09-22 03:00:08.998 - INFO: Number of words in internal vocabulary (these are also part of the external vocabulary): 777,658,536
2026-09-22 03:00:09.074 - INFO: Registered PSO permutation: #relations = 10,100, #blocks = 225,155, #triples = 6,983,973,847
2026-09-22 03:00:09.169 - INFO: Registered PSO permutation: #relations = 13,566, #blocks = 264,339, #triples = 8,220,417,022
2026-09-22 03:00:09.239 - INFO: Registered POS permutation: #relations = 10,100, #blocks = 225,155, #triples = 6,983,973,847
2026-09-22 03:00:09.333 - INFO: Registered POS permutation: #relations = 13,566, #blocks = 264,339, #triples = 8,220,417,022
2026-09-22 03:00:09.413 - INFO: Registered OPS permutation: #relations = 1,683,253,489, #blocks = 222,728, #triples = 8,220,417,022
2026-09-22 03:00:09.493 - INFO: Registered OSP permutation: #relations = 1,683,253,489, #blocks = 222,728, #triples = 8,220,417,022
2026-09-22 03:00:09.548 - INFO: Registered SPO permutation: #relations = 252,534,289, #blocks = 175,741, #triples = 8,220,417,022
2026-09-22 03:00:09.602 - INFO: Registered SOP permutation: #relations = 252,534,289, #blocks = 175,741, #triples = 8,220,417,022
2026-09-22 03:00:09.602 - INFO: Reading patterns from file /local/data-ssd/stoetzem/wikidata/index-for-upgrade-new-format/wikidata.index.patterns ...
2026-09-22 03:00:10.956 - INFO: Sorting random result tables to estimate the sorting performance of this machine ...
2026-09-22 03:00:18.983 - INFO: Initializing server ...
2026-09-22 03:00:18.983 - INFO: No access token required for restricted API calls
2026-09-22 03:00:18.983 - INFO: The server is ready, listening for requests on port 7028 ...
2026-09-22 03:00:20.325 - INFO: 
2026-09-22 03:00:20.326 - INFO: Request received via POST, content type "application/x-www-form-urlencoded"
2026-09-22 03:00:20.328 - INFO: Processing the following SPARQL query:
# Tier H-vocab — German labels, large
# Physical: P+O bound scan of wdt:P31 wd:Q5 (class postings), then
# S+P bound SPO scan of rdfs:label. LANG(?label) maps label IDs to
# strings. CONSTRUCT writes entity IRI + label.
# Targets: large sequential class scan with EXTERNAL vocabulary words.
# German is not in languages-internal (only "en"), so QLever's
# shouldLiteralBeExternalized places every de literal in the external
# tier (src/index/vocabulary/Vocabulary.cpp). Same shape as
# H-vocab-label-large.rq, but every lookup is a guaranteed external
# miss on cold caches.
PREFIX wd: <http://www.wikidata.org/entity/>
PREFIX wdt: <http://www.wikidata.org/prop/direct/>
PREFIX rdfs: <http://www.w3.org/2000/01/rdf-schema#>

CONSTRUCT { ?entity rdfs:label ?label }
WHERE {
  ?entity wdt:P31 wd:Q5 .
  ?entity rdfs:label ?label .
  FILTER(LANG(?label) = "de")
}

2026-09-22 03:00:20.328 - INFO: Requested media types of the result are: "text/turtle"
2026-09-22 03:00:20.330 - INFO: Query planning done in 4 ms
2026-09-22 03:00:20.330 - INFO: Result has unknown size (not computed yet)
2026-09-22 03:01:21.383 - INFO: Done processing query and sending result, total time was 61,057 ms
