2026-09-28 20:12:49.948 - INFO: [1mQLever server v0.6.0-215-g3aaff2de5, compiled on Mon Sep 28 11:41:41 AM CEST 2026 using git hash 3aaff2d[22m
2026-09-28 20:12:49.948 - INFO: Cleanup of previous index directories after each rebuild enabled (--rebuild-keep-previous-index-dirs original-and-most-recent)
2026-09-28 20:12:49.949 - INFO: The git hash used to build this index was "65f84b4"
2026-09-28 20:12:49.949 - INFO: Reading vocabulary from file /local/data-ssd/stoetzem/wikidata/wikidata.vocabulary.words ...
2026-09-28 20:13:02.835 - INFO: Done, number of words: 1,580,300,680
2026-09-28 20:13:02.835 - INFO: Number of words in internal vocabulary (these are also part of the external vocabulary): 777,658,536
2026-09-28 20:13:02.922 - INFO: Registered PSO permutation: #relations = 10,100, #blocks = 225,155, #triples = 6,983,973,847
2026-09-28 20:13:03.038 - INFO: Registered PSO permutation: #relations = 13,566, #blocks = 264,339, #triples = 8,220,417,022
2026-09-28 20:13:03.118 - INFO: Registered POS permutation: #relations = 10,100, #blocks = 225,155, #triples = 6,983,973,847
2026-09-28 20:13:03.221 - INFO: Registered POS permutation: #relations = 13,566, #blocks = 264,339, #triples = 8,220,417,022
2026-09-28 20:13:03.313 - INFO: Registered OPS permutation: #relations = 1,683,253,489, #blocks = 222,728, #triples = 8,220,417,022
2026-09-28 20:13:03.398 - INFO: Registered OSP permutation: #relations = 1,683,253,489, #blocks = 222,728, #triples = 8,220,417,022
2026-09-28 20:13:03.457 - INFO: Registered SPO permutation: #relations = 252,534,289, #blocks = 175,741, #triples = 8,220,417,022
2026-09-28 20:13:03.511 - INFO: Registered SOP permutation: #relations = 252,534,289, #blocks = 175,741, #triples = 8,220,417,022
2026-09-28 20:13:03.511 - INFO: Reading patterns from file /local/data-ssd/stoetzem/wikidata/wikidata.index.patterns ...
2026-09-28 20:13:04.878 - INFO: Sorting random result tables to estimate the sorting performance of this machine ...
2026-09-28 20:13:12.826 - INFO: Initializing server ...
2026-09-28 20:13:12.826 - INFO: No access token required for restricted API calls
2026-09-28 20:13:12.826 - INFO: The server is ready, listening for requests on port 7015 ...
2026-09-28 20:13:13.003 - INFO: 
2026-09-28 20:13:13.003 - INFO: Request received via POST, content type "application/x-www-form-urlencoded"
2026-09-28 20:13:13.006 - INFO: Processing the following SPARQL query:
# Tier H-vocab — German labels, large
# Physical: P+O bound scan of wdt:P31 wd:Q5 (class postings), then
# S+P bound SPO scan of rdfs:label. LANG(?label) maps label IDs to
# strings. CONSTRUCT writes entity IRI + label.
# Targets: large sequential class scan with EXTERNAL vocabulary words.
# German is not in languages-internal (only "en"), so QLever's
# shouldLiteralBeExternalized places every de literal in the external
# tier (src/index/vocabulary/Vocabulary.cpp). Same shape as
# H-vocab-label-large.rq, but every lookup is a guaranteed external
# miss on cold caches.
PREFIX wd: <http://www.wikidata.org/entity/>
PREFIX wdt: <http://www.wikidata.org/prop/direct/>
PREFIX rdfs: <http://www.w3.org/2000/01/rdf-schema#>

CONSTRUCT { ?entity rdfs:label ?label }
WHERE {
  ?entity wdt:P31 wd:Q5 .
  ?entity rdfs:label ?label .
  FILTER(LANG(?label) = "de")
}

2026-09-28 20:13:13.006 - INFO: Requested media types of the result are: "text/turtle"
2026-09-28 20:13:13.029 - INFO: Query planning done in 26 ms
2026-09-28 20:13:13.030 - INFO: Result has unknown size (not computed yet)
2026-09-28 20:13:39.610 - INFO: Done processing query and sending result, total time was 26,606 ms
2026-09-28 20:13:39.610 - INFO: io_uring submissions of this query: 0 reads with IOSQE_FIXED_FILE, 8,883,546 reads with a plain descriptor, 0 fixed-file table updates
2026-09-28 20:13:39.631 - INFO: 
2026-09-28 20:13:39.631 - INFO: Request received via GET, no content type specified
2026-09-28 20:13:39.631 - INFO: Processing command "cache-stats": get cache statistics
2026-09-28 20:13:39.651 - INFO: 
2026-09-28 20:13:39.651 - INFO: Request received via GET, no content type specified
2026-09-28 20:13:39.651 - INFO: Processing command "clear-cache": clear the cache (unpinned elements only)
2026-09-28 20:13:39.670 - INFO: 
2026-09-28 20:13:39.670 - INFO: Request received via GET, no content type specified
2026-09-28 20:13:39.670 - INFO: Processing command "cache-stats": get cache statistics
2026-09-28 20:13:39.689 - INFO: 
2026-09-28 20:13:39.689 - INFO: Request received via POST, content type "application/x-www-form-urlencoded"
2026-09-28 20:13:39.690 - INFO: Processing the following SPARQL query:
# Tier H-vocab — German labels, large
# Physical: P+O bound scan of wdt:P31 wd:Q5 (class postings), then
# S+P bound SPO scan of rdfs:label. LANG(?label) maps label IDs to
# strings. CONSTRUCT writes entity IRI + label.
# Targets: large sequential class scan with EXTERNAL vocabulary words.
# German is not in languages-internal (only "en"), so QLever's
# shouldLiteralBeExternalized places every de literal in the external
# tier (src/index/vocabulary/Vocabulary.cpp). Same shape as
# H-vocab-label-large.rq, but every lookup is a guaranteed external
# miss on cold caches.
PREFIX wd: <http://www.wikidata.org/entity/>
PREFIX wdt: <http://www.wikidata.org/prop/direct/>
PREFIX rdfs: <http://www.w3.org/2000/01/rdf-schema#>

CONSTRUCT { ?entity rdfs:label ?label }
WHERE {
  ?entity wdt:P31 wd:Q5 .
  ?entity rdfs:label ?label .
  FILTER(LANG(?label) = "de")
}

2026-09-28 20:13:39.690 - INFO: Requested media types of the result are: "text/turtle"
2026-09-28 20:13:39.690 - INFO: Query planning done in 0 ms
2026-09-28 20:13:39.690 - INFO: Result has unknown size (not computed yet)
2026-09-28 20:13:58.546 - INFO: Done processing query and sending result, total time was 18,856 ms
2026-09-28 20:13:58.546 - INFO: io_uring submissions of this query: 0 reads with IOSQE_FIXED_FILE, 8,883,546 reads with a plain descriptor, 0 fixed-file table updates
2026-09-28 20:13:58.567 - INFO: 
2026-09-28 20:13:58.567 - INFO: Request received via GET, no content type specified
2026-09-28 20:13:58.567 - INFO: Processing command "cache-stats": get cache statistics
