2026-10-08 02:32:03.352 - INFO: [1mQLever server CIKM-3095-g60efca19a, compiled on Wed Oct  7 21:02:12 UTC 2026 using git hash 60efca1[22m
2026-10-08 02:32:03.352 - INFO: Cleanup of previous index directories after each rebuild enabled (--rebuild-keep-previous-index-dirs original-and-most-recent)
2026-10-08 02:32:03.356 - INFO: The git hash used to build this index was "65f84b4"
2026-10-08 02:32:03.356 - INFO: Reading vocabulary from file /local/data-ssd/stoetzem/wikidata/wikidata.vocabulary.words ...
2026-10-08 02:32:17.542 - INFO: Done, number of words: 1,580,300,680
2026-10-08 02:32:17.542 - INFO: Number of words in internal vocabulary (these are also part of the external vocabulary): 777,658,536
2026-10-08 02:32:17.629 - INFO: Registered PSO permutation: #relations = 10,100, #blocks = 225,155, #triples = 6,983,973,847
2026-10-08 02:32:17.736 - INFO: Registered PSO permutation: #relations = 13,566, #blocks = 264,339, #triples = 8,220,417,022
2026-10-08 02:32:17.818 - INFO: Registered POS permutation: #relations = 10,100, #blocks = 225,155, #triples = 6,983,973,847
2026-10-08 02:32:17.928 - INFO: Registered POS permutation: #relations = 13,566, #blocks = 264,339, #triples = 8,220,417,022
2026-10-08 02:32:18.021 - INFO: Registered OPS permutation: #relations = 1,683,253,489, #blocks = 222,728, #triples = 8,220,417,022
2026-10-08 02:32:18.114 - INFO: Registered OSP permutation: #relations = 1,683,253,489, #blocks = 222,728, #triples = 8,220,417,022
2026-10-08 02:32:18.174 - INFO: Registered SPO permutation: #relations = 252,534,289, #blocks = 175,741, #triples = 8,220,417,022
2026-10-08 02:32:18.236 - INFO: Registered SOP permutation: #relations = 252,534,289, #blocks = 175,741, #triples = 8,220,417,022
2026-10-08 02:32:18.236 - INFO: Reading patterns from file /local/data-ssd/stoetzem/wikidata/wikidata.index.patterns ...
2026-10-08 02:32:19.746 - INFO: Sorting random result tables to estimate the sorting performance of this machine ...
2026-10-08 02:32:28.764 - INFO: Initializing server ...
2026-10-08 02:32:28.764 - INFO: ExportEngineV2 serialize posts onto queryThreadPool_ (8 threads); no extra V2 pool. Helpers stop admitting when another query is registered.
2026-10-08 02:32:28.764 - INFO: No access token required for restricted API calls
2026-10-08 02:32:28.764 - INFO: The server is ready, listening for requests on port 7015 ...
2026-10-08 02:32:28.933 - INFO: 
2026-10-08 02:32:28.933 - INFO: Request received via POST, content type "application/x-www-form-urlencoded"
2026-10-08 02:32:28.936 - INFO: Processing the following SPARQL query:
# Tier H-vocab — German labels, large
# Physical: P+O bound scan of wdt:P31 wd:Q5 (class postings), then
# S+P bound SPO scan of rdfs:label. LANG(?label) maps label IDs to
# strings. CONSTRUCT writes entity IRI + label.
# Targets: large sequential class scan with EXTERNAL vocabulary words.
# German is not in languages-internal (only "en"), so QLever's
# shouldLiteralBeExternalized places every de literal in the external
# tier (src/index/vocabulary/Vocabulary.cpp). Same shape as
# H-vocab-label-large.rq, but every lookup is a guaranteed external
# miss on cold caches.
PREFIX wd: <http://www.wikidata.org/entity/>
PREFIX wdt: <http://www.wikidata.org/prop/direct/>
PREFIX rdfs: <http://www.w3.org/2000/01/rdf-schema#>

CONSTRUCT { ?entity rdfs:label ?label }
WHERE {
  ?entity wdt:P31 wd:Q5 .
  ?entity rdfs:label ?label .
  FILTER(LANG(?label) = "de")
}

2026-10-08 02:32:28.936 - INFO: Requested media types of the result are: "text/turtle"
2026-10-08 02:32:28.937 - INFO: Query planning done in 3 ms
2026-10-08 02:32:28.937 - INFO: ExportEngine: LegacyV1 [Reason: Legacy V1 selected (explicitly requested via query parameter or header override)]
2026-10-08 02:32:28.938 - INFO: Result has unknown size (not computed yet)
2026-10-08 02:32:58.446 - INFO: Done processing query and sending result, total time was 29,512 ms
2026-10-08 02:32:58.465 - INFO: 
2026-10-08 02:32:58.465 - INFO: Request received via GET, no content type specified
2026-10-08 02:32:58.465 - INFO: Processing command "cache-stats": get cache statistics
