2026-10-07 14:46:26.044 - INFO: [1mQLever server CIKM-2911-gd20a4c74a, compiled on Wed Oct  7 09:38:21 UTC 2026 using git hash d20a4c7[22m
2026-10-07 14:46:26.045 - INFO: Cleanup of previous index directories after each rebuild enabled (--rebuild-keep-previous-index-dirs original-and-most-recent)
2026-10-07 14:46:26.045 - INFO: The git hash used to build this index was "65f84b4"
2026-10-07 14:46:26.045 - INFO: Reading vocabulary from file /local/data-ssd/stoetzem/wikidata/wikidata.vocabulary.words ...
2026-10-07 14:46:40.248 - INFO: Done, number of words: 1,580,300,680
2026-10-07 14:46:40.248 - INFO: Number of words in internal vocabulary (these are also part of the external vocabulary): 777,658,536
2026-10-07 14:46:40.333 - INFO: Registered PSO permutation: #relations = 10,100, #blocks = 225,155, #triples = 6,983,973,847
2026-10-07 14:46:40.437 - INFO: Registered PSO permutation: #relations = 13,566, #blocks = 264,339, #triples = 8,220,417,022
2026-10-07 14:46:40.519 - INFO: Registered POS permutation: #relations = 10,100, #blocks = 225,155, #triples = 6,983,973,847
2026-10-07 14:46:40.627 - INFO: Registered POS permutation: #relations = 13,566, #blocks = 264,339, #triples = 8,220,417,022
2026-10-07 14:46:40.715 - INFO: Registered OPS permutation: #relations = 1,683,253,489, #blocks = 222,728, #triples = 8,220,417,022
2026-10-07 14:46:40.808 - INFO: Registered OSP permutation: #relations = 1,683,253,489, #blocks = 222,728, #triples = 8,220,417,022
2026-10-07 14:46:40.866 - INFO: Registered SPO permutation: #relations = 252,534,289, #blocks = 175,741, #triples = 8,220,417,022
2026-10-07 14:46:40.927 - INFO: Registered SOP permutation: #relations = 252,534,289, #blocks = 175,741, #triples = 8,220,417,022
2026-10-07 14:46:40.927 - INFO: Reading patterns from file /local/data-ssd/stoetzem/wikidata/wikidata.index.patterns ...
2026-10-07 14:46:42.412 - WARN: The geo points of this index use the encoding "lat-major", which is deprecated and will not be supported for much longer; with this encoding, a spatial prefilter on points can only restrict the latitude; please build the index with the default encoding "z-order" (just omit the option `--geo-point-encoding` of `qlever-index`)
2026-10-07 14:46:42.412 - INFO: Sorting random result tables to estimate the sorting performance of this machine ...
2026-10-07 14:46:51.235 - INFO: Initializing server ...
2026-10-07 14:46:51.235 - INFO: No access token required for restricted API calls
2026-10-07 14:46:51.235 - INFO: The server is ready, listening for requests on port 7015 ...
2026-10-07 14:46:51.355 - INFO: 
2026-10-07 14:46:51.355 - INFO: Request received via POST, content type "application/x-www-form-urlencoded"
2026-10-07 14:46:51.358 - INFO: Processing the following SPARQL query:
# Scattered-read candidate (io-screen 2026-10-06): German labels of all Wikimedia disambiguation pages (Q4167410).
# No VALUES: one P+O bound class scan (wdt:P31 wd:Q4167410), then the German
# label scan. German literals are in the external (on-disk) vocabulary.
# A sparse class spreads its label IDs over the sorted vocabulary, so few
# reads share a page. Public endpoint count (2026-10): ~0.70M German labels.
PREFIX wd: <http://www.wikidata.org/entity/>
PREFIX wdt: <http://www.wikidata.org/prop/direct/>
PREFIX rdfs: <http://www.w3.org/2000/01/rdf-schema#>
PREFIX schema: <http://schema.org/>
PREFIX skos: <http://www.w3.org/2004/02/skos/core#>

CONSTRUCT { ?entity rdfs:label ?label }
WHERE {
  ?entity wdt:P31 wd:Q4167410 .
  ?entity rdfs:label ?label .
  FILTER(LANG(?label) = "de")
}

2026-10-07 14:46:51.358 - INFO: Requested media types of the result are: "text/turtle"
2026-10-07 14:46:51.372 - INFO: Query planning done in 16 ms
2026-10-07 14:46:51.372 - INFO: Result has unknown size (not computed yet)
2026-10-07 14:47:02.131 - INFO: Done processing query and sending result, total time was 10,775 ms
2026-10-07 14:47:02.150 - INFO: 
2026-10-07 14:47:02.150 - INFO: Request received via GET, no content type specified
2026-10-07 14:47:02.150 - INFO: Processing command "cache-stats": get cache statistics
2026-10-07 14:47:02.168 - INFO: 
2026-10-07 14:47:02.168 - INFO: Request received via GET, no content type specified
2026-10-07 14:47:02.168 - INFO: Processing command "clear-cache": clear the cache (unpinned elements only)
2026-10-07 14:47:02.186 - INFO: 
2026-10-07 14:47:02.186 - INFO: Request received via GET, no content type specified
2026-10-07 14:47:02.186 - INFO: Processing command "cache-stats": get cache statistics
2026-10-07 14:47:02.709 - INFO: 
2026-10-07 14:47:02.709 - INFO: Request received via POST, content type "application/x-www-form-urlencoded"
2026-10-07 14:47:02.710 - INFO: Processing the following SPARQL query:
# Scattered-read candidate (io-screen 2026-10-06): German labels of all Wikimedia disambiguation pages (Q4167410).
# No VALUES: one P+O bound class scan (wdt:P31 wd:Q4167410), then the German
# label scan. German literals are in the external (on-disk) vocabulary.
# A sparse class spreads its label IDs over the sorted vocabulary, so few
# reads share a page. Public endpoint count (2026-10): ~0.70M German labels.
PREFIX wd: <http://www.wikidata.org/entity/>
PREFIX wdt: <http://www.wikidata.org/prop/direct/>
PREFIX rdfs: <http://www.w3.org/2000/01/rdf-schema#>
PREFIX schema: <http://schema.org/>
PREFIX skos: <http://www.w3.org/2004/02/skos/core#>

CONSTRUCT { ?entity rdfs:label ?label }
WHERE {
  ?entity wdt:P31 wd:Q4167410 .
  ?entity rdfs:label ?label .
  FILTER(LANG(?label) = "de")
}

2026-10-07 14:47:02.710 - INFO: Requested media types of the result are: "text/turtle"
2026-10-07 14:47:02.710 - INFO: Query planning done in 0 ms
2026-10-07 14:47:02.710 - INFO: Result has unknown size (not computed yet)
2026-10-07 14:47:05.844 - INFO: Done processing query and sending result, total time was 3,134 ms
2026-10-07 14:47:05.865 - INFO: 
2026-10-07 14:47:05.865 - INFO: Request received via GET, no content type specified
2026-10-07 14:47:05.865 - INFO: Processing command "clear-cache": clear the cache (unpinned elements only)
2026-10-07 14:47:05.888 - INFO: 
2026-10-07 14:47:05.888 - INFO: Request received via POST, content type "application/x-www-form-urlencoded"
2026-10-07 14:47:05.888 - INFO: Processing the following SPARQL query:
# Scattered-read candidate (io-screen 2026-10-06): German labels of all Wikimedia disambiguation pages (Q4167410).
# No VALUES: one P+O bound class scan (wdt:P31 wd:Q4167410), then the German
# label scan. German literals are in the external (on-disk) vocabulary.
# A sparse class spreads its label IDs over the sorted vocabulary, so few
# reads share a page. Public endpoint count (2026-10): ~0.70M German labels.
PREFIX wd: <http://www.wikidata.org/entity/>
PREFIX wdt: <http://www.wikidata.org/prop/direct/>
PREFIX rdfs: <http://www.w3.org/2000/01/rdf-schema#>
PREFIX schema: <http://schema.org/>
PREFIX skos: <http://www.w3.org/2004/02/skos/core#>

CONSTRUCT { ?entity rdfs:label ?label }
WHERE {
  ?entity wdt:P31 wd:Q4167410 .
  ?entity rdfs:label ?label .
  FILTER(LANG(?label) = "de")
}

2026-10-07 14:47:05.888 - INFO: Requested media types of the result are: "text/turtle"
2026-10-07 14:47:05.889 - INFO: Query planning done in 0 ms
2026-10-07 14:47:05.889 - INFO: Result has unknown size (not computed yet)
2026-10-07 14:47:08.975 - INFO: Done processing query and sending result, total time was 3,087 ms
2026-10-07 14:47:08.998 - INFO: 
2026-10-07 14:47:08.998 - INFO: Request received via GET, no content type specified
2026-10-07 14:47:08.998 - INFO: Processing command "clear-cache": clear the cache (unpinned elements only)
2026-10-07 14:47:09.020 - INFO: 
2026-10-07 14:47:09.020 - INFO: Request received via POST, content type "application/x-www-form-urlencoded"
2026-10-07 14:47:09.020 - INFO: Processing the following SPARQL query:
# Scattered-read candidate (io-screen 2026-10-06): German labels of all Wikimedia disambiguation pages (Q4167410).
# No VALUES: one P+O bound class scan (wdt:P31 wd:Q4167410), then the German
# label scan. German literals are in the external (on-disk) vocabulary.
# A sparse class spreads its label IDs over the sorted vocabulary, so few
# reads share a page. Public endpoint count (2026-10): ~0.70M German labels.
PREFIX wd: <http://www.wikidata.org/entity/>
PREFIX wdt: <http://www.wikidata.org/prop/direct/>
PREFIX rdfs: <http://www.w3.org/2000/01/rdf-schema#>
PREFIX schema: <http://schema.org/>
PREFIX skos: <http://www.w3.org/2004/02/skos/core#>

CONSTRUCT { ?entity rdfs:label ?label }
WHERE {
  ?entity wdt:P31 wd:Q4167410 .
  ?entity rdfs:label ?label .
  FILTER(LANG(?label) = "de")
}

2026-10-07 14:47:09.020 - INFO: Requested media types of the result are: "text/turtle"
2026-10-07 14:47:09.021 - INFO: Query planning done in 0 ms
2026-10-07 14:47:09.021 - INFO: Result has unknown size (not computed yet)
2026-10-07 14:47:12.061 - INFO: Done processing query and sending result, total time was 3,040 ms
2026-10-07 14:47:12.084 - INFO: 
2026-10-07 14:47:12.084 - INFO: Request received via GET, no content type specified
2026-10-07 14:47:12.084 - INFO: Processing command "clear-cache": clear the cache (unpinned elements only)
2026-10-07 14:47:12.101 - INFO: 
2026-10-07 14:47:12.101 - INFO: Request received via POST, content type "application/x-www-form-urlencoded"
2026-10-07 14:47:12.102 - INFO: Processing the following SPARQL query:
# Scattered-read candidate (io-screen 2026-10-06): German labels of all Wikimedia disambiguation pages (Q4167410).
# No VALUES: one P+O bound class scan (wdt:P31 wd:Q4167410), then the German
# label scan. German literals are in the external (on-disk) vocabulary.
# A sparse class spreads its label IDs over the sorted vocabulary, so few
# reads share a page. Public endpoint count (2026-10): ~0.70M German labels.
PREFIX wd: <http://www.wikidata.org/entity/>
PREFIX wdt: <http://www.wikidata.org/prop/direct/>
PREFIX rdfs: <http://www.w3.org/2000/01/rdf-schema#>
PREFIX schema: <http://schema.org/>
PREFIX skos: <http://www.w3.org/2004/02/skos/core#>

CONSTRUCT { ?entity rdfs:label ?label }
WHERE {
  ?entity wdt:P31 wd:Q4167410 .
  ?entity rdfs:label ?label .
  FILTER(LANG(?label) = "de")
}

2026-10-07 14:47:12.102 - INFO: Requested media types of the result are: "text/turtle"
2026-10-07 14:47:12.102 - INFO: Query planning done in 0 ms
2026-10-07 14:47:12.102 - INFO: Result has unknown size (not computed yet)
2026-10-07 14:47:15.156 - INFO: Done processing query and sending result, total time was 3,054 ms
2026-10-07 14:47:15.182 - INFO: 
2026-10-07 14:47:15.182 - INFO: Request received via GET, no content type specified
2026-10-07 14:47:15.182 - INFO: Processing command "cache-stats": get cache statistics
