2026-09-28 22:58:57.399 - INFO: [1mQLever server CIKM-2667-g533f800b8, compiled on Mon Sep 28 14:40:44 UTC 2026 using git hash 533f800[22m
2026-09-28 22:58:57.399 - INFO: Cleanup of previous index directories after each rebuild enabled (--rebuild-keep-previous-index-dirs original-and-most-recent)
2026-09-28 22:58:57.401 - INFO: The git hash used to build this index was "65f84b4"
2026-09-28 22:58:57.401 - INFO: Reading vocabulary from file /local/data-ssd/stoetzem/qlever-indices/dblp/dblp.vocabulary.words ...
2026-09-28 22:58:57.414 - INFO: Done, number of words: 446,944,668
2026-09-28 22:58:57.414 - INFO: Number of words in internal vocabulary (these are also part of the external vocabulary): 446,955
2026-09-28 22:58:57.424 - INFO: Registered PSO permutation: #relations = 6, #blocks = 8,187, #triples = 255,805,025
2026-09-28 22:58:57.447 - INFO: Registered PSO permutation: #relations = 96, #blocks = 51,023, #triples = 1,593,245,022
2026-09-28 22:58:57.451 - INFO: Registered POS permutation: #relations = 6, #blocks = 8,187, #triples = 255,805,025
2026-09-28 22:58:57.473 - INFO: Registered POS permutation: #relations = 96, #blocks = 51,023, #triples = 1,593,245,022
2026-09-28 22:58:57.492 - INFO: Registered OPS permutation: #relations = 345,357,897, #blocks = 42,492, #triples = 1,593,245,022
2026-09-28 22:58:57.511 - INFO: Registered OSP permutation: #relations = 345,357,897, #blocks = 42,492, #triples = 1,593,245,022
2026-09-28 22:58:57.524 - INFO: Registered SPO permutation: #relations = 255,804,614, #blocks = 33,993, #triples = 1,593,245,022
2026-09-28 22:58:57.535 - INFO: Registered SOP permutation: #relations = 255,804,614, #blocks = 33,993, #triples = 1,593,245,022
2026-09-28 22:58:57.535 - INFO: Reading patterns from file /local/data-ssd/stoetzem/qlever-indices/dblp/dblp.index.patterns ...
2026-09-28 22:58:57.535 - INFO: Sorting random result tables to estimate the sorting performance of this machine ...
2026-09-28 22:59:05.502 - INFO: Initializing server ...
2026-09-28 22:59:05.502 - INFO: No access token required for restricted API calls
2026-09-28 22:59:05.503 - INFO: The server is ready, listening for requests on port 7015 ...
2026-09-28 22:59:05.736 - INFO: 
2026-09-28 22:59:05.736 - INFO: Request received via POST, content type "application/x-www-form-urlencoded"
2026-09-28 22:59:05.740 - INFO: Processing the following SPARQL query:
# Tier H-vocab — title literals, large
# Goal: external-vocabulary lookup pressure with larger bounded output.
PREFIX dblp: <https://dblp.org/rdf/schema#>

CONSTRUCT { ?paper dblp:title ?title }
WHERE {
  ?paper dblp:title ?title .
}
LIMIT 100000

2026-09-28 22:59:05.740 - INFO: Requested media types of the result are: "text/turtle"
2026-09-28 22:59:05.751 - INFO: Query planning done in 14 ms
2026-09-28 22:59:05.752 - INFO: Result has unknown size (not computed yet)
2026-09-28 22:59:25.456 - INFO: Done processing query and sending result, total time was 19,719 ms
