2026-10-07 13:43:39.567 - INFO: [1mQLever server v0.6.0-583-g87f576742, compiled on Sat Sep 26 12:11:57 AM CEST 2026 using git hash 87f5767[22m
2026-10-07 13:43:39.567 - INFO: Cleanup of previous index directories after each rebuild enabled (--rebuild-keep-previous-index-dirs original-and-most-recent)
2026-10-07 13:43:39.568 - INFO: The git hash used to build this index was "65f84b4"
2026-10-07 13:43:39.568 - INFO: Reading vocabulary from file /local/data-ssd/stoetzem/wikidata/wikidata.vocabulary.words ...
2026-10-07 13:43:54.823 - INFO: Done, number of words: 1,580,300,680
2026-10-07 13:43:54.823 - INFO: Number of words in internal vocabulary (these are also part of the external vocabulary): 777,658,536
2026-10-07 13:43:54.937 - INFO: Registered PSO permutation: #relations = 10,100, #blocks = 225,155, #triples = 6,983,973,847
2026-10-07 13:43:55.062 - INFO: Registered PSO permutation: #relations = 13,566, #blocks = 264,339, #triples = 8,220,417,022
2026-10-07 13:43:55.158 - INFO: Registered POS permutation: #relations = 10,100, #blocks = 225,155, #triples = 6,983,973,847
2026-10-07 13:43:55.285 - INFO: Registered POS permutation: #relations = 13,566, #blocks = 264,339, #triples = 8,220,417,022
2026-10-07 13:43:55.396 - INFO: Registered OPS permutation: #relations = 1,683,253,489, #blocks = 222,728, #triples = 8,220,417,022
2026-10-07 13:43:55.508 - INFO: Registered OSP permutation: #relations = 1,683,253,489, #blocks = 222,728, #triples = 8,220,417,022
2026-10-07 13:43:55.581 - INFO: Registered SPO permutation: #relations = 252,534,289, #blocks = 175,741, #triples = 8,220,417,022
2026-10-07 13:43:55.656 - INFO: Registered SOP permutation: #relations = 252,534,289, #blocks = 175,741, #triples = 8,220,417,022
2026-10-07 13:43:55.656 - INFO: Reading patterns from file /local/data-ssd/stoetzem/wikidata/wikidata.index.patterns ...
2026-10-07 13:43:57.602 - INFO: Sorting random result tables to estimate the sorting performance of this machine ...
2026-10-07 13:44:08.474 - INFO: Initializing server ...
2026-10-07 13:44:08.474 - INFO: ExportEngineV2 serialize posts onto queryThreadPool_ (4 threads); no extra V2 pool. Helpers stop admitting when another query is registered.
2026-10-07 13:44:08.474 - INFO: No access token required for restricted API calls
2026-10-07 13:44:08.475 - INFO: The server is ready, listening for requests on port 7041 ...
2026-10-07 13:44:10.793 - INFO: 
2026-10-07 13:44:10.793 - INFO: Request received via POST, content type "application/x-www-form-urlencoded"
2026-10-07 13:44:10.803 - INFO: Processing the following SPARQL query:
# Tier H-vocab — English labels, large (SELECT companion)
# Same WHERE clause as H-vocab-label-large.rq, but SELECT ?entity ?label
# instead of CONSTRUCT. Used by run 124 (export term-lookup perf profile)
# to attribute SELECT export CPU between vocabulary lookup and formatting.
PREFIX wd: <http://www.wikidata.org/entity/>
PREFIX wdt: <http://www.wikidata.org/prop/direct/>
PREFIX rdfs: <http://www.w3.org/2000/01/rdf-schema#>

SELECT ?entity ?label
WHERE {
  ?entity wdt:P31 wd:Q5 .
  ?entity rdfs:label ?label .
  FILTER(LANG(?label) = "en")
}

2026-10-07 13:44:10.804 - INFO: Requested media types of the result are: "text/csv"
2026-10-07 13:44:10.807 - INFO: Query planning done in 13 ms
2026-10-07 13:44:10.807 - INFO: ExportEngine: FastStreamingV2 [Reason: Fast-Path V2 selected (eligible export query with explicit or default opt-in)]
2026-10-07 13:44:10.807 - INFO: Using ExportEngineV2 for text/csv export
2026-10-07 13:44:10.808 - INFO: Result has unknown size (not computed yet)
2026-10-07 13:44:10.808 - INFO: ExportEngineV2 streaming lazy result blocks to morsels on queryThreadPool_ (no extra V2 threads)
2026-10-07 13:44:19.386 - INFO: Done processing query and sending result, total time was 8,592 ms
2026-10-07 13:44:21.643 - INFO: 
2026-10-07 13:44:21.643 - INFO: Request received via POST, content type "application/x-www-form-urlencoded"
2026-10-07 13:44:21.643 - INFO: Processing the following SPARQL query:
# Tier H-vocab — English labels, large (SELECT companion)
# Same WHERE clause as H-vocab-label-large.rq, but SELECT ?entity ?label
# instead of CONSTRUCT. Used by run 124 (export term-lookup perf profile)
# to attribute SELECT export CPU between vocabulary lookup and formatting.
PREFIX wd: <http://www.wikidata.org/entity/>
PREFIX wdt: <http://www.wikidata.org/prop/direct/>
PREFIX rdfs: <http://www.w3.org/2000/01/rdf-schema#>

SELECT ?entity ?label
WHERE {
  ?entity wdt:P31 wd:Q5 .
  ?entity rdfs:label ?label .
  FILTER(LANG(?label) = "en")
}

2026-10-07 13:44:21.643 - INFO: Requested media types of the result are: "text/csv"
2026-10-07 13:44:21.645 - INFO: Query planning done in 1 ms
2026-10-07 13:44:21.645 - INFO: ExportEngine: FastStreamingV2 [Reason: Fast-Path V2 selected (eligible export query with explicit or default opt-in)]
2026-10-07 13:44:21.645 - INFO: Using ExportEngineV2 for text/csv export
2026-10-07 13:44:21.645 - INFO: Result has unknown size (not computed yet)
2026-10-07 13:44:21.645 - INFO: ExportEngineV2 streaming lazy result blocks to morsels on queryThreadPool_ (no extra V2 threads)
2026-10-07 13:44:30.450 - INFO: Done processing query and sending result, total time was 8,807 ms
2026-10-07 13:44:30.513 - INFO: 
2026-10-07 13:44:30.513 - INFO: Request received via POST, content type "application/x-www-form-urlencoded"
2026-10-07 13:44:30.513 - INFO: Processing the following SPARQL query:
# Tier H-vocab — English labels, large (SELECT companion)
# Same WHERE clause as H-vocab-label-large.rq, but SELECT ?entity ?label
# instead of CONSTRUCT. Used by run 124 (export term-lookup perf profile)
# to attribute SELECT export CPU between vocabulary lookup and formatting.
PREFIX wd: <http://www.wikidata.org/entity/>
PREFIX wdt: <http://www.wikidata.org/prop/direct/>
PREFIX rdfs: <http://www.w3.org/2000/01/rdf-schema#>

SELECT ?entity ?label
WHERE {
  ?entity wdt:P31 wd:Q5 .
  ?entity rdfs:label ?label .
  FILTER(LANG(?label) = "en")
}

2026-10-07 13:44:30.513 - INFO: Requested media types of the result are: "text/csv"
2026-10-07 13:44:30.514 - INFO: Query planning done in 0 ms
2026-10-07 13:44:30.514 - INFO: ExportEngine: FastStreamingV2 [Reason: Fast-Path V2 selected (eligible export query with explicit or default opt-in)]
2026-10-07 13:44:30.514 - INFO: Using ExportEngineV2 for text/csv export
2026-10-07 13:44:30.514 - INFO: Result has unknown size (not computed yet)
2026-10-07 13:44:30.514 - INFO: ExportEngineV2 streaming lazy result blocks to morsels on queryThreadPool_ (no extra V2 threads)
2026-10-07 13:44:39.990 - INFO: Done processing query and sending result, total time was 9,477 ms
2026-10-07 13:44:40.051 - INFO: 
2026-10-07 13:44:40.051 - INFO: Request received via POST, content type "application/x-www-form-urlencoded"
2026-10-07 13:44:40.052 - INFO: Processing the following SPARQL query:
# Tier H-vocab — English labels, large (SELECT companion)
# Same WHERE clause as H-vocab-label-large.rq, but SELECT ?entity ?label
# instead of CONSTRUCT. Used by run 124 (export term-lookup perf profile)
# to attribute SELECT export CPU between vocabulary lookup and formatting.
PREFIX wd: <http://www.wikidata.org/entity/>
PREFIX wdt: <http://www.wikidata.org/prop/direct/>
PREFIX rdfs: <http://www.w3.org/2000/01/rdf-schema#>

SELECT ?entity ?label
WHERE {
  ?entity wdt:P31 wd:Q5 .
  ?entity rdfs:label ?label .
  FILTER(LANG(?label) = "en")
}

2026-10-07 13:44:40.052 - INFO: Requested media types of the result are: "text/csv"
2026-10-07 13:44:40.052 - INFO: Query planning done in 0 ms
2026-10-07 13:44:40.052 - INFO: ExportEngine: FastStreamingV2 [Reason: Fast-Path V2 selected (eligible export query with explicit or default opt-in)]
2026-10-07 13:44:40.052 - INFO: Using ExportEngineV2 for text/csv export
2026-10-07 13:44:40.053 - INFO: Result has unknown size (not computed yet)
2026-10-07 13:44:40.053 - INFO: ExportEngineV2 streaming lazy result blocks to morsels on queryThreadPool_ (no extra V2 threads)
2026-10-07 13:44:47.216 - INFO: Done processing query and sending result, total time was 7,164 ms
2026-10-07 13:44:47.388 - INFO: 
2026-10-07 13:44:47.388 - INFO: Request received via POST, content type "application/x-www-form-urlencoded"
2026-10-07 13:44:47.389 - INFO: Processing the following SPARQL query:
# Tier H-vocab — English labels, large (SELECT companion)
# Same WHERE clause as H-vocab-label-large.rq, but SELECT ?entity ?label
# instead of CONSTRUCT. Used by run 124 (export term-lookup perf profile)
# to attribute SELECT export CPU between vocabulary lookup and formatting.
PREFIX wd: <http://www.wikidata.org/entity/>
PREFIX wdt: <http://www.wikidata.org/prop/direct/>
PREFIX rdfs: <http://www.w3.org/2000/01/rdf-schema#>

SELECT ?entity ?label
WHERE {
  ?entity wdt:P31 wd:Q5 .
  ?entity rdfs:label ?label .
  FILTER(LANG(?label) = "en")
}

2026-10-07 13:44:47.389 - INFO: Requested media types of the result are: "text/csv"
2026-10-07 13:44:47.389 - INFO: Query planning done in 1 ms
2026-10-07 13:44:47.389 - INFO: ExportEngine: FastStreamingV2 [Reason: Fast-Path V2 selected (eligible export query with explicit or default opt-in)]
2026-10-07 13:44:47.389 - INFO: Using ExportEngineV2 for text/csv export
2026-10-07 13:44:47.390 - INFO: Result has unknown size (not computed yet)
2026-10-07 13:44:47.390 - INFO: ExportEngineV2 streaming lazy result blocks to morsels on queryThreadPool_ (no extra V2 threads)
2026-10-07 13:44:56.453 - INFO: Done processing query and sending result, total time was 9,064 ms
