2026-08-10 23:59:07.699 - INFO: [1mQLever server v0.5.50-82-g65f84b43, compiled on Mon Aug 10 19:10:29 CEST 2026 using git hash 65f84b4[22m
2026-08-10 23:59:07.699 - INFO: Cleanup of previous index directories after each rebuild enabled (--rebuild-keep-previous-index-dirs original-and-most-recent)
2026-08-10 23:59:07.713 - INFO: The git hash used to build this index was "65f84b4"
2026-08-10 23:59:07.714 - INFO: Reading vocabulary from file /local/data-ssd/stoetzem/dblp/dblp.vocabulary.words ...
2026-08-10 23:59:07.728 - INFO: Done, number of words: 446,944,668
2026-08-10 23:59:07.728 - INFO: Number of words in internal vocabulary (these are also part of the external vocabulary): 446,955
2026-08-10 23:59:07.735 - INFO: Registered PSO permutation: #relations = 6, #blocks = 8,187, #triples = 255,805,025
2026-08-10 23:59:07.759 - INFO: Registered PSO permutation: #relations = 96, #blocks = 51,023, #triples = 1,593,245,022
2026-08-10 23:59:07.763 - INFO: Registered POS permutation: #relations = 6, #blocks = 8,187, #triples = 255,805,025
2026-08-10 23:59:07.786 - INFO: Registered POS permutation: #relations = 96, #blocks = 51,023, #triples = 1,593,245,022
2026-08-10 23:59:07.806 - INFO: Registered OPS permutation: #relations = 345,357,897, #blocks = 42,492, #triples = 1,593,245,022
2026-08-10 23:59:07.826 - INFO: Registered OSP permutation: #relations = 345,357,897, #blocks = 42,492, #triples = 1,593,245,022
2026-08-10 23:59:07.839 - INFO: Registered SPO permutation: #relations = 255,804,614, #blocks = 33,993, #triples = 1,593,245,022
2026-08-10 23:59:07.850 - INFO: Registered SOP permutation: #relations = 255,804,614, #blocks = 33,993, #triples = 1,593,245,022
2026-08-10 23:59:07.850 - INFO: Reading patterns from file /local/data-ssd/stoetzem/dblp/dblp.index.patterns ...
2026-08-10 23:59:07.851 - INFO: Sorting random result tables to estimate the sorting performance of this machine ...
2026-08-10 23:59:15.942 - INFO: Initializing server ...
2026-08-10 23:59:15.943 - INFO: No access token required for restricted API calls
2026-08-10 23:59:15.943 - INFO: The server is ready, listening for requests on port 7026 ...
2026-08-10 23:59:15.970 - INFO: 
2026-08-10 23:59:15.970 - INFO: Request received via POST, content type "application/x-www-form-urlencoded"
2026-08-10 23:59:15.973 - INFO: Processing the following SPARQL query:
# Tier H -- duplicate heavy through an unused VALUES binding.
# Each binding of ?duplicationWitness produces the same construct-template
# triples. This tests duplication caused by multiplicity that is independent of
# the template variables, unlike H-dedup.rq, whose multiplicity arises from a
# join through publication signatures.
PREFIX dblp: <https://dblp.org/rdf/schema#>

CONSTRUCT { ?paper ?p ?o }
WHERE {
  VALUES ?duplicationWitness { 1 2 3 4 }
  ?paper a dblp:Publication ;
         dblp:publishedInStream <https://dblp.org/streams/conf/stoc> ;
         ?p ?o .
}

2026-08-10 23:59:15.973 - INFO: Requested media types of the result are: "text/turtle"
2026-08-10 23:59:15.973 - INFO: CONSTRUCT_REQUEST_STAGE_ENTER name=planning elapsed_us=2,740
2026-08-10 23:59:15.989 - INFO: Query planning done in 18 ms
2026-08-10 23:59:15.989 - INFO: CONSTRUCT_REQUEST_STAGE_ENTER name=response_stream elapsed_us=18,957
2026-08-10 23:59:15.989 - INFO: Number of tuples in VALUES clause: 4
2026-08-10 23:59:15.989 - INFO: Number of entries in local vocabulary per column: 0
2026-08-10 23:59:15.993 - INFO: Result has unknown size (not computed yet)
2026-08-10 23:59:15.993 - INFO: CONSTRUCT_EXPORT_DEDUPLICATOR_CONSTRUCTION_BEGIN mode=none
2026-08-10 23:59:15.993 - INFO: CONSTRUCT_EXPORT_DEDUPLICATOR_CONSTRUCTION_END mode=none enabled=false
2026-08-10 23:59:17.764 - INFO: CONSTRUCT_EXPORT_STAGE_SUMMARY construct_stream_us=1,770,560 setup_us=6 batch_evaluation_us=1,614,300 instantiation_deduplication_us=28,114 batches=562 input_rows=573,752 candidate_triples=573,752 emitted_triples=573,752
2026-08-10 23:59:17.769 - INFO: CONSTRUCT_REQUEST_STAGE_SUMMARY planning_begin_us=2,740 planning_end_us=18,956 planning_us=16,216 response_stream_begin_us=18,957 response_stream_end_us=1,798,879 response_stream_us=1,779,922 root_execution_us=26,060 non_root_stream_us=1,753,862 server_request_us=1,798,879
2026-08-10 23:59:17.769 - INFO: Done processing query and sending result, total time was 1,798 ms
2026-08-10 23:59:17.789 - INFO: 
2026-08-10 23:59:17.789 - INFO: Request received via GET, no content type specified
2026-08-10 23:59:17.789 - INFO: Processing command "cache-stats": get cache statistics
2026-08-10 23:59:17.810 - INFO: 
2026-08-10 23:59:17.810 - INFO: Request received via POST, content type "application/x-www-form-urlencoded"
2026-08-10 23:59:17.811 - INFO: Processing the following SPARQL query:
# Tier H -- duplicate heavy through an unused VALUES binding.
# Each binding of ?duplicationWitness produces the same construct-template
# triples. This tests duplication caused by multiplicity that is independent of
# the template variables, unlike H-dedup.rq, whose multiplicity arises from a
# join through publication signatures.
PREFIX dblp: <https://dblp.org/rdf/schema#>

CONSTRUCT { ?paper ?p ?o }
WHERE {
  VALUES ?duplicationWitness { 1 2 3 4 }
  ?paper a dblp:Publication ;
         dblp:publishedInStream <https://dblp.org/streams/conf/stoc> ;
         ?p ?o .
}

2026-08-10 23:59:17.811 - INFO: Requested media types of the result are: "text/turtle"
2026-08-10 23:59:17.811 - INFO: CONSTRUCT_REQUEST_STAGE_ENTER name=planning elapsed_us=301
2026-08-10 23:59:17.811 - INFO: Query planning done in 0 ms
2026-08-10 23:59:17.811 - INFO: CONSTRUCT_REQUEST_STAGE_ENTER name=response_stream elapsed_us=800
2026-08-10 23:59:17.811 - INFO: Number of tuples in VALUES clause: 4
2026-08-10 23:59:17.811 - INFO: Number of entries in local vocabulary per column: 0
2026-08-10 23:59:17.814 - INFO: Result has unknown size (not computed yet)
2026-08-10 23:59:17.814 - INFO: CONSTRUCT_EXPORT_DEDUPLICATOR_CONSTRUCTION_BEGIN mode=none
2026-08-10 23:59:17.814 - INFO: CONSTRUCT_EXPORT_DEDUPLICATOR_CONSTRUCTION_END mode=none enabled=false
2026-08-10 23:59:18.123 - INFO: CONSTRUCT_EXPORT_STAGE_SUMMARY construct_stream_us=309,003 setup_us=7 batch_evaluation_us=157,897 instantiation_deduplication_us=27,832 batches=562 input_rows=573,752 candidate_triples=573,752 emitted_triples=573,752
2026-08-10 23:59:18.128 - INFO: CONSTRUCT_REQUEST_STAGE_SUMMARY planning_begin_us=301 planning_end_us=800 planning_us=499 response_stream_begin_us=800 response_stream_end_us=317,765 response_stream_us=316,965 root_execution_us=21,751 non_root_stream_us=295,214 server_request_us=317,765
2026-08-10 23:59:18.128 - INFO: Done processing query and sending result, total time was 317 ms
2026-08-10 23:59:18.149 - INFO: 
2026-08-10 23:59:18.149 - INFO: Request received via GET, no content type specified
2026-08-10 23:59:18.149 - INFO: Processing command "cache-stats": get cache statistics
